[0.007s][info][gc,heap] Heap region size: 1M
[0.015s][info][gc     ] Using G1
[0.015s][info][gc,heap,coops] Heap address: 0x00000000e0000000, size: 512 MB, Compressed Oops mode: 32-bit
[0.496s][info][gc,start     ] GC(0) Pause Young (Normal) (G1 Evacuation Pause)
[0.496s][info][gc,task      ] GC(0) Using 6 workers of 6 for evacuation
[0.499s][info][gc,phases    ] GC(0)   Pre Evacuate Collection Set: 0.0ms
[0.499s][info][gc,phases    ] GC(0)   Evacuate Collection Set: 2.5ms
[0.499s][info][gc,phases    ] GC(0)   Post Evacuate Collection Set: 0.3ms
[0.499s][info][gc,phases    ] GC(0)   Other: 0.3ms
[0.499s][info][gc,heap      ] GC(0) Eden regions: 25->0(303)
[0.499s][info][gc,heap      ] GC(0) Survivor regions: 0->4(4)
[0.500s][info][gc,heap      ] GC(0) Old regions: 0->0
[0.500s][info][gc,heap      ] GC(0) Humongous regions: 4->4
[0.500s][info][gc,metaspace ] GC(0) Metaspace: 14962K->14962K(1062912K)
[0.500s][info][gc           ] GC(0) Pause Young (Normal) (G1 Evacuation Pause) 29M->7M(512M) 3.626ms
[0.500s][info][gc,cpu       ] GC(0) User=0.00s Sys=0.00s Real=0.00s
[0.780s][info][gc,start     ] GC(1) Pause Young (Concurrent Start) (Metadata GC Threshold)
[0.780s][info][gc,task      ] GC(1) Using 6 workers of 6 for evacuation
[0.785s][info][gc,phases    ] GC(1)   Pre Evacuate Collection Set: 0.0ms
[0.785s][info][gc,phases    ] GC(1)   Evacuate Collection Set: 3.9ms
[0.785s][info][gc,phases    ] GC(1)   Post Evacuate Collection Set: 0.6ms
[0.785s][info][gc,phases    ] GC(1)   Other: 0.2ms
[0.785s][info][gc,heap      ] GC(1) Eden regions: 21->0(51)
[0.785s][info][gc,heap      ] GC(1) Survivor regions: 4->6(39)
[0.785s][info][gc,heap      ] GC(1) Old regions: 0->0
[0.785s][info][gc,heap      ] GC(1) Humongous regions: 4->4
[0.785s][info][gc,metaspace ] GC(1) Metaspace: 20813K->20813K(1069056K)
[0.785s][info][gc           ] GC(1) Pause Young (Concurrent Start) (Metadata GC Threshold) 28M->9M(512M) 4.801ms
[0.785s][info][gc,cpu       ] GC(1) User=0.00s Sys=0.00s Real=0.00s
[0.785s][info][gc           ] GC(2) Concurrent Cycle
[0.785s][info][gc,marking   ] GC(2) Concurrent Clear Claimed Marks
[0.785s][info][gc,marking   ] GC(2) Concurrent Clear Claimed Marks 0.022ms
[0.785s][info][gc,marking   ] GC(2) Concurrent Scan Root Regions
[0.787s][info][gc,marking   ] GC(2) Concurrent Scan Root Regions 1.847ms
[0.787s][info][gc,marking   ] GC(2) Concurrent Mark (0.787s)
[0.787s][info][gc,marking   ] GC(2) Concurrent Mark From Roots
[0.787s][info][gc,task      ] GC(2) Using 2 workers of 2 for marking
[0.787s][info][gc,marking   ] GC(2) Concurrent Mark From Roots 0.172ms
[0.787s][info][gc,marking   ] GC(2) Concurrent Preclean
[0.787s][info][gc,marking   ] GC(2) Concurrent Preclean 0.025ms
[0.787s][info][gc,marking   ] GC(2) Concurrent Mark (0.787s, 0.787s) 0.251ms
[0.788s][info][gc,start     ] GC(2) Pause Remark
[0.788s][info][gc,stringtable] GC(2) Cleaned string and symbol table, strings: 8422 processed, 0 removed, symbols: 67771 processed, 29 removed
[0.789s][info][gc            ] GC(2) Pause Remark 10M->10M(512M) 1.158ms
[0.789s][info][gc,cpu        ] GC(2) User=0.00s Sys=0.00s Real=0.00s
[0.789s][info][gc,marking    ] GC(2) Concurrent Rebuild Remembered Sets
[0.789s][info][gc,marking    ] GC(2) Concurrent Rebuild Remembered Sets 0.129ms
[0.789s][info][gc,start      ] GC(2) Pause Cleanup
[0.789s][info][gc            ] GC(2) Pause Cleanup 10M->10M(512M) 0.121ms
[0.789s][info][gc,cpu        ] GC(2) User=0.00s Sys=0.00s Real=0.00s
[0.789s][info][gc,marking    ] GC(2) Concurrent Cleanup for Next Mark
[0.790s][info][gc,marking    ] GC(2) Concurrent Cleanup for Next Mark 0.366ms
[0.790s][info][gc            ] GC(2) Concurrent Cycle 4.513ms
[1.923s][info][gc,start      ] GC(3) Pause Young (Normal) (G1 Evacuation Pause)
[1.923s][info][gc,task       ] GC(3) Using 6 workers of 6 for evacuation
[1.929s][info][gc,phases     ] GC(3)   Pre Evacuate Collection Set: 0.0ms
[1.929s][info][gc,phases     ] GC(3)   Evacuate Collection Set: 4.8ms
[1.929s][info][gc,phases     ] GC(3)   Post Evacuate Collection Set: 0.5ms
[1.929s][info][gc,phases     ] GC(3)   Other: 0.1ms
[1.929s][info][gc,heap       ] GC(3) Eden regions: 51->0(71)
[1.929s][info][gc,heap       ] GC(3) Survivor regions: 6->6(8)
[1.929s][info][gc,heap       ] GC(3) Old regions: 0->4
[1.929s][info][gc,heap       ] GC(3) Humongous regions: 4->4
[1.929s][info][gc,metaspace  ] GC(3) Metaspace: 31560K->31560K(1077248K)
[1.929s][info][gc            ] GC(3) Pause Young (Normal) (G1 Evacuation Pause) 60M->13M(512M) 5.624ms
[1.929s][info][gc,cpu        ] GC(3) User=0.06s Sys=0.03s Real=0.01s
[23.360s][info][gc,start      ] GC(4) Pause Young (Concurrent Start) (GCLocker Initiated GC)
[23.360s][info][gc,task       ] GC(4) Using 6 workers of 6 for evacuation
[23.364s][info][gc,phases     ] GC(4)   Pre Evacuate Collection Set: 0.0ms
[23.364s][info][gc,phases     ] GC(4)   Evacuate Collection Set: 2.9ms
[23.364s][info][gc,phases     ] GC(4)   Post Evacuate Collection Set: 0.5ms
[23.364s][info][gc,phases     ] GC(4)   Other: 0.2ms
[23.364s][info][gc,heap       ] GC(4) Eden regions: 27->0(77)
[23.364s][info][gc,heap       ] GC(4) Survivor regions: 6->8(10)
[23.364s][info][gc,heap       ] GC(4) Old regions: 4->4
[23.364s][info][gc,heap       ] GC(4) Humongous regions: 5->5
[23.364s][info][gc,metaspace  ] GC(4) Metaspace: 35318K->35318K(1081344K)
[23.364s][info][gc            ] GC(4) Pause Young (Concurrent Start) (GCLocker Initiated GC) 40M->16M(512M) 3.728ms
[23.364s][info][gc,cpu        ] GC(4) User=0.00s Sys=0.00s Real=0.00s
[23.364s][info][gc            ] GC(5) Concurrent Cycle
[23.364s][info][gc,marking    ] GC(5) Concurrent Clear Claimed Marks
[23.364s][info][gc,marking    ] GC(5) Concurrent Clear Claimed Marks 0.027ms
[23.364s][info][gc,marking    ] GC(5) Concurrent Scan Root Regions
[23.366s][info][gc,marking    ] GC(5) Concurrent Scan Root Regions 2.583ms
[23.367s][info][gc,marking    ] GC(5) Concurrent Mark (23.367s)
[23.367s][info][gc,marking    ] GC(5) Concurrent Mark From Roots
[23.367s][info][gc,task       ] GC(5) Using 2 workers of 2 for marking
[23.377s][info][gc,marking    ] GC(5) Concurrent Mark From Roots 10.064ms
[23.377s][info][gc,marking    ] GC(5) Concurrent Preclean
[23.377s][info][gc,marking    ] GC(5) Concurrent Preclean 0.036ms
[23.377s][info][gc,marking    ] GC(5) Concurrent Mark (23.367s, 23.377s) 10.152ms
[23.378s][info][gc,start      ] GC(5) Pause Remark
[23.379s][info][gc,stringtable] GC(5) Cleaned string and symbol table, strings: 13346 processed, 14 removed, symbols: 105711 processed, 36 removed
[23.379s][info][gc            ] GC(5) Pause Remark 17M->17M(512M) 1.912ms
[23.379s][info][gc,cpu        ] GC(5) User=0.00s Sys=0.00s Real=0.00s
[23.380s][info][gc,marking    ] GC(5) Concurrent Rebuild Remembered Sets
[23.381s][info][gc,marking    ] GC(5) Concurrent Rebuild Remembered Sets 1.316ms
[23.381s][info][gc,start      ] GC(5) Pause Cleanup
[23.381s][info][gc            ] GC(5) Pause Cleanup 17M->17M(512M) 0.130ms
[23.381s][info][gc,cpu        ] GC(5) User=0.00s Sys=0.00s Real=0.00s
[23.381s][info][gc,marking    ] GC(5) Concurrent Cleanup for Next Mark
[23.382s][info][gc,marking    ] GC(5) Concurrent Cleanup for Next Mark 0.360ms
[23.382s][info][gc            ] GC(5) Concurrent Cycle 17.793ms
[34.480s][info][gc,start      ] GC(6) Pause Young (Concurrent Start) (G1 Evacuation Pause)
[34.480s][info][gc,task       ] GC(6) Using 6 workers of 6 for evacuation
[34.487s][info][gc,phases     ] GC(6)   Pre Evacuate Collection Set: 0.0ms
[34.487s][info][gc,phases     ] GC(6)   Evacuate Collection Set: 5.9ms
[34.487s][info][gc,phases     ] GC(6)   Post Evacuate Collection Set: 0.5ms
[34.487s][info][gc,phases     ] GC(6)   Other: 0.2ms
[34.487s][info][gc,heap       ] GC(6) Eden regions: 76->0(105)
[34.487s][info][gc,heap       ] GC(6) Survivor regions: 8->9(11)
[34.487s][info][gc,heap       ] GC(6) Old regions: 4->9
[34.487s][info][gc,heap       ] GC(6) Humongous regions: 5->4
[34.487s][info][gc,metaspace  ] GC(6) Metaspace: 43326K->43326K(1089536K)
[34.487s][info][gc            ] GC(6) Pause Young (Concurrent Start) (G1 Evacuation Pause) 92M->21M(512M) 6.797ms
[34.487s][info][gc,cpu        ] GC(6) User=0.00s Sys=0.00s Real=0.01s
[34.487s][info][gc            ] GC(7) Concurrent Cycle
[34.487s][info][gc,marking    ] GC(7) Concurrent Clear Claimed Marks
[34.487s][info][gc,marking    ] GC(7) Concurrent Clear Claimed Marks 0.057ms
[34.487s][info][gc,marking    ] GC(7) Concurrent Scan Root Regions
[34.489s][info][gc,marking    ] GC(7) Concurrent Scan Root Regions 1.610ms
[34.489s][info][gc,marking    ] GC(7) Concurrent Mark (34.489s)
[34.489s][info][gc,marking    ] GC(7) Concurrent Mark From Roots
[34.489s][info][gc,task       ] GC(7) Using 2 workers of 2 for marking
[34.494s][info][gc,marking    ] GC(7) Concurrent Mark From Roots 5.475ms
[34.494s][info][gc,marking    ] GC(7) Concurrent Preclean
[34.494s][info][gc,marking    ] GC(7) Concurrent Preclean 0.043ms
[34.494s][info][gc,marking    ] GC(7) Concurrent Mark (34.489s, 34.494s) 5.574ms
[34.495s][info][gc,start      ] GC(7) Pause Remark
[34.496s][info][gc,stringtable] GC(7) Cleaned string and symbol table, strings: 17639 processed, 0 removed, symbols: 128274 processed, 12 removed
[34.497s][info][gc            ] GC(7) Pause Remark 25M->25M(512M) 2.059ms
[34.497s][info][gc,cpu        ] GC(7) User=0.00s Sys=0.00s Real=0.00s
[34.497s][info][gc,marking    ] GC(7) Concurrent Rebuild Remembered Sets
[34.500s][info][gc,marking    ] GC(7) Concurrent Rebuild Remembered Sets 2.764ms
[34.500s][info][gc,start      ] GC(7) Pause Cleanup
[34.500s][info][gc            ] GC(7) Pause Cleanup 25M->25M(512M) 0.132ms
[34.500s][info][gc,cpu        ] GC(7) User=0.00s Sys=0.00s Real=0.00s
[34.500s][info][gc,marking    ] GC(7) Concurrent Cleanup for Next Mark
[34.500s][info][gc,marking    ] GC(7) Concurrent Cleanup for Next Mark 0.261ms
[34.500s][info][gc            ] GC(7) Concurrent Cycle 13.054ms
[55.849s][info][gc,start      ] GC(8) Pause Young (Normal) (G1 Evacuation Pause)
[55.849s][info][gc,task       ] GC(8) Using 6 workers of 6 for evacuation
[55.853s][info][gc,phases     ] GC(8)   Pre Evacuate Collection Set: 0.0ms
[55.853s][info][gc,phases     ] GC(8)   Evacuate Collection Set: 3.5ms
[55.853s][info][gc,phases     ] GC(8)   Post Evacuate Collection Set: 0.6ms
[55.853s][info][gc,phases     ] GC(8)   Other: 0.2ms
[55.853s][info][gc,heap       ] GC(8) Eden regions: 105->0(202)
[55.853s][info][gc,heap       ] GC(8) Survivor regions: 9->13(15)
[55.853s][info][gc,heap       ] GC(8) Old regions: 9->11
[55.853s][info][gc,heap       ] GC(8) Humongous regions: 4->4
[55.853s][info][gc,metaspace  ] GC(8) Metaspace: 43689K->43689K(1089536K)
[55.853s][info][gc            ] GC(8) Pause Young (Normal) (G1 Evacuation Pause) 125M->26M(512M) 4.418ms
[55.853s][info][gc,cpu        ] GC(8) User=0.06s Sys=0.03s Real=0.00s
[91.811s][info][gc,start      ] GC(9) Pause Young (Normal) (G1 Evacuation Pause)
[91.811s][info][gc,task       ] GC(9) Using 6 workers of 6 for evacuation
[91.819s][info][gc,phases     ] GC(9)   Pre Evacuate Collection Set: 0.0ms
[91.819s][info][gc,phases     ] GC(9)   Evacuate Collection Set: 7.3ms
[91.819s][info][gc,phases     ] GC(9)   Post Evacuate Collection Set: 0.6ms
[91.819s][info][gc,phases     ] GC(9)   Other: 0.6ms
[91.819s][info][gc,heap       ] GC(9) Eden regions: 202->0(288)
[91.819s][info][gc,heap       ] GC(9) Survivor regions: 13->19(27)
[91.819s][info][gc,heap       ] GC(9) Old regions: 11->11
[91.819s][info][gc,heap       ] GC(9) Humongous regions: 4->4
[91.819s][info][gc,metaspace  ] GC(9) Metaspace: 44243K->44243K(1089536K)
[91.819s][info][gc            ] GC(9) Pause Young (Normal) (G1 Evacuation Pause) 228M->33M(512M) 8.494ms
[91.819s][info][gc,cpu        ] GC(9) User=0.00s Sys=0.06s Real=0.01s
[144.697s][info][gc,start      ] GC(10) Pause Young (Normal) (G1 Evacuation Pause)
[144.697s][info][gc,task       ] GC(10) Using 6 workers of 6 for evacuation
[144.705s][info][gc,phases     ] GC(10)   Pre Evacuate Collection Set: 0.0ms
[144.705s][info][gc,phases     ] GC(10)   Evacuate Collection Set: 7.4ms
[144.706s][info][gc,phases     ] GC(10)   Post Evacuate Collection Set: 0.7ms
[144.706s][info][gc,phases     ] GC(10)   Other: 0.3ms
[144.706s][info][gc,heap       ] GC(10) Eden regions: 288->0(276)
[144.706s][info][gc,heap       ] GC(10) Survivor regions: 19->31(39)
[144.706s][info][gc,heap       ] GC(10) Old regions: 11->11
[144.706s][info][gc,heap       ] GC(10) Humongous regions: 4->4
[144.706s][info][gc,metaspace  ] GC(10) Metaspace: 44683K->44683K(1089536K)
[144.706s][info][gc            ] GC(10) Pause Young (Normal) (G1 Evacuation Pause) 321M->45M(512M) 8.516ms
[144.706s][info][gc,cpu        ] GC(10) User=0.00s Sys=0.00s Real=0.01s
[225.932s][info][gc,start      ] GC(11) Pause Young (Normal) (G1 Evacuation Pause)
[225.932s][info][gc,task       ] GC(11) Using 6 workers of 6 for evacuation
[225.945s][info][gc,phases     ] GC(11)   Pre Evacuate Collection Set: 0.0ms
[225.945s][info][gc,phases     ] GC(11)   Evacuate Collection Set: 11.8ms
[225.945s][info][gc,phases     ] GC(11)   Post Evacuate Collection Set: 0.8ms
[225.945s][info][gc,phases     ] GC(11)   Other: 0.5ms
[225.946s][info][gc,heap       ] GC(11) Eden regions: 276->0(273)
[225.946s][info][gc,heap       ] GC(11) Survivor regions: 31->34(39)
[225.946s][info][gc,heap       ] GC(11) Old regions: 11->26
[225.946s][info][gc,heap       ] GC(11) Humongous regions: 4->4
[225.946s][info][gc,metaspace  ] GC(11) Metaspace: 44991K->44991K(1089536K)
[225.946s][info][gc            ] GC(11) Pause Young (Normal) (G1 Evacuation Pause) 320M->63M(512M) 13.317ms
[225.946s][info][gc,cpu        ] GC(11) User=0.02s Sys=0.08s Real=0.01s
[301.405s][info][gc,start      ] GC(12) Pause Young (Normal) (G1 Evacuation Pause)
[301.406s][info][gc,task       ] GC(12) Using 6 workers of 6 for evacuation
[301.414s][info][gc,phases     ] GC(12)   Pre Evacuate Collection Set: 0.0ms
[301.414s][info][gc,phases     ] GC(12)   Evacuate Collection Set: 8.0ms
[301.414s][info][gc,phases     ] GC(12)   Post Evacuate Collection Set: 0.6ms
[301.414s][info][gc,phases     ] GC(12)   Other: 0.3ms
[301.414s][info][gc,heap       ] GC(12) Eden regions: 273->0(287)
[301.414s][info][gc,heap       ] GC(12) Survivor regions: 34->20(39)
[301.414s][info][gc,heap       ] GC(12) Old regions: 26->60
[301.414s][info][gc,heap       ] GC(12) Humongous regions: 4->4
[301.414s][info][gc,metaspace  ] GC(12) Metaspace: 45253K->45253K(1091584K)
[301.414s][info][gc            ] GC(12) Pause Young (Normal) (G1 Evacuation Pause) 336M->82M(512M) 8.971ms
[301.414s][info][gc,cpu        ] GC(12) User=0.03s Sys=0.06s Real=0.01s
[382.407s][info][gc,start      ] GC(13) Pause Young (Normal) (G1 Evacuation Pause)
[382.407s][info][gc,task       ] GC(13) Using 6 workers of 6 for evacuation
[382.412s][info][gc,phases     ] GC(13)   Pre Evacuate Collection Set: 0.0ms
[382.412s][info][gc,phases     ] GC(13)   Evacuate Collection Set: 5.0ms
[382.412s][info][gc,phases     ] GC(13)   Post Evacuate Collection Set: 0.6ms
[382.412s][info][gc,phases     ] GC(13)   Other: 0.3ms
[382.412s][info][gc,heap       ] GC(13) Eden regions: 287->0(268)
[382.412s][info][gc,heap       ] GC(13) Survivor regions: 20->39(39)
[382.412s][info][gc,heap       ] GC(13) Old regions: 60->60
[382.412s][info][gc,heap       ] GC(13) Humongous regions: 4->4
[382.412s][info][gc,metaspace  ] GC(13) Metaspace: 45675K->45675K(1091584K)
[382.413s][info][gc            ] GC(13) Pause Young (Normal) (G1 Evacuation Pause) 369M->102M(512M) 6.014ms
[382.413s][info][gc,cpu        ] GC(13) User=0.03s Sys=0.06s Real=0.01s
[459.407s][info][gc,start      ] GC(14) Pause Young (Normal) (G1 Evacuation Pause)
[459.407s][info][gc,task       ] GC(14) Using 6 workers of 6 for evacuation
[459.417s][info][gc,phases     ] GC(14)   Pre Evacuate Collection Set: 0.1ms
[459.417s][info][gc,phases     ] GC(14)   Evacuate Collection Set: 9.3ms
[459.417s][info][gc,phases     ] GC(14)   Post Evacuate Collection Set: 0.7ms
[459.417s][info][gc,phases     ] GC(14)   Other: 0.6ms
[459.417s][info][gc,heap       ] GC(14) Eden regions: 268->0(268)
[459.417s][info][gc,heap       ] GC(14) Survivor regions: 39->39(39)
[459.417s][info][gc,heap       ] GC(14) Old regions: 60->79
[459.417s][info][gc,heap       ] GC(14) Humongous regions: 4->4
[459.417s][info][gc,metaspace  ] GC(14) Metaspace: 45833K->45833K(1091584K)
[459.417s][info][gc            ] GC(14) Pause Young (Normal) (G1 Evacuation Pause) 370M->121M(512M) 10.871ms
[459.418s][info][gc,cpu        ] GC(14) User=0.03s Sys=0.06s Real=0.01s
[531.306s][info][gc,start      ] GC(15) Pause Young (Normal) (G1 Evacuation Pause)
[531.306s][info][gc,task       ] GC(15) Using 6 workers of 6 for evacuation
[531.314s][info][gc,phases     ] GC(15)   Pre Evacuate Collection Set: 0.0ms
[531.314s][info][gc,phases     ] GC(15)   Evacuate Collection Set: 7.0ms
[531.314s][info][gc,phases     ] GC(15)   Post Evacuate Collection Set: 0.6ms
[531.314s][info][gc,phases     ] GC(15)   Other: 0.4ms
[531.314s][info][gc,heap       ] GC(15) Eden regions: 268->0(261)
[531.314s][info][gc,heap       ] GC(15) Survivor regions: 39->38(39)
[531.314s][info][gc,heap       ] GC(15) Old regions: 79->99
[531.314s][info][gc,heap       ] GC(15) Humongous regions: 4->4
[531.314s][info][gc,metaspace  ] GC(15) Metaspace: 46121K->46121K(1091584K)
[531.315s][info][gc            ] GC(15) Pause Young (Normal) (G1 Evacuation Pause) 389M->140M(512M) 8.082ms
[531.315s][info][gc,cpu        ] GC(15) User=0.00s Sys=0.00s Real=0.01s
[597.215s][info][gc,start      ] GC(16) Pause Young (Normal) (G1 Evacuation Pause)
[597.215s][info][gc,task       ] GC(16) Using 6 workers of 6 for evacuation
[597.222s][info][gc,phases     ] GC(16)   Pre Evacuate Collection Set: 0.0ms
[597.222s][info][gc,phases     ] GC(16)   Evacuate Collection Set: 6.1ms
[597.222s][info][gc,phases     ] GC(16)   Post Evacuate Collection Set: 0.5ms
[597.222s][info][gc,phases     ] GC(16)   Other: 0.3ms
[597.222s][info][gc,heap       ] GC(16) Eden regions: 261->0(248)
[597.222s][info][gc,heap       ] GC(16) Survivor regions: 38->35(38)
[597.222s][info][gc,heap       ] GC(16) Old regions: 99->118
[597.222s][info][gc,heap       ] GC(16) Humongous regions: 4->4
[597.222s][info][gc,metaspace  ] GC(16) Metaspace: 46165K->46165K(1091584K)
[597.222s][info][gc            ] GC(16) Pause Young (Normal) (G1 Evacuation Pause) 401M->156M(512M) 6.942ms
[597.222s][info][gc,cpu        ] GC(16) User=0.00s Sys=0.00s Real=0.01s
[656.002s][info][gc,start      ] GC(17) Pause Young (Normal) (G1 Evacuation Pause)
[656.002s][info][gc,task       ] GC(17) Using 6 workers of 6 for evacuation
[656.012s][info][gc,phases     ] GC(17)   Pre Evacuate Collection Set: 0.0ms
[656.013s][info][gc,phases     ] GC(17)   Evacuate Collection Set: 9.2ms
[656.013s][info][gc,phases     ] GC(17)   Post Evacuate Collection Set: 0.5ms
[656.013s][info][gc,phases     ] GC(17)   Other: 0.4ms
[656.013s][info][gc,heap       ] GC(17) Eden regions: 248->0(236)
[656.013s][info][gc,heap       ] GC(17) Survivor regions: 35->33(36)
[656.013s][info][gc,heap       ] GC(17) Old regions: 118->136
[656.013s][info][gc,heap       ] GC(17) Humongous regions: 4->4
[656.013s][info][gc,metaspace  ] GC(17) Metaspace: 46229K->46229K(1091584K)
[656.013s][info][gc            ] GC(17) Pause Young (Normal) (G1 Evacuation Pause) 404M->171M(512M) 10.373ms
[656.013s][info][gc,cpu        ] GC(17) User=0.06s Sys=0.03s Real=0.01s
[701.310s][info][gc,start      ] GC(18) Pause Young (Normal) (G1 Evacuation Pause)
[701.310s][info][gc,task       ] GC(18) Using 6 workers of 6 for evacuation
[701.316s][info][gc,phases     ] GC(18)   Pre Evacuate Collection Set: 0.0ms
[701.316s][info][gc,phases     ] GC(18)   Evacuate Collection Set: 5.2ms
[701.316s][info][gc,phases     ] GC(18)   Post Evacuate Collection Set: 0.5ms
[701.316s][info][gc,phases     ] GC(18)   Other: 0.3ms
[701.316s][info][gc,heap       ] GC(18) Eden regions: 236->0(231)
[701.316s][info][gc,heap       ] GC(18) Survivor regions: 33->27(34)
[701.316s][info][gc,heap       ] GC(18) Old regions: 136->152
[701.316s][info][gc,heap       ] GC(18) Humongous regions: 4->4
[701.316s][info][gc,metaspace  ] GC(18) Metaspace: 46311K->46311K(1091584K)
[701.316s][info][gc            ] GC(18) Pause Young (Normal) (G1 Evacuation Pause) 407M->182M(512M) 6.045ms
[701.316s][info][gc,cpu        ] GC(18) User=0.00s Sys=0.00s Real=0.01s
[745.274s][info][gc,start      ] GC(19) Pause Young (Normal) (G1 Evacuation Pause)
[745.274s][info][gc,task       ] GC(19) Using 6 workers of 6 for evacuation
[745.278s][info][gc,phases     ] GC(19)   Pre Evacuate Collection Set: 0.0ms
[745.279s][info][gc,phases     ] GC(19)   Evacuate Collection Set: 4.3ms
[745.279s][info][gc,phases     ] GC(19)   Post Evacuate Collection Set: 0.5ms
[745.279s][info][gc,phases     ] GC(19)   Other: 0.2ms
[745.279s][info][gc,heap       ] GC(19) Eden regions: 231->0(223)
[745.279s][info][gc,heap       ] GC(19) Survivor regions: 27->23(33)
[745.279s][info][gc,heap       ] GC(19) Old regions: 152->167
[745.279s][info][gc,heap       ] GC(19) Humongous regions: 4->4
[745.279s][info][gc,metaspace  ] GC(19) Metaspace: 46491K->46491K(1091584K)
[745.279s][info][gc            ] GC(19) Pause Young (Normal) (G1 Evacuation Pause) 413M->193M(512M) 5.041ms
[745.279s][info][gc,cpu        ] GC(19) User=0.00s Sys=0.00s Real=0.01s
[786.871s][info][gc,start      ] GC(20) Pause Young (Normal) (G1 Evacuation Pause)
[786.872s][info][gc,task       ] GC(20) Using 6 workers of 6 for evacuation
[786.876s][info][gc,phases     ] GC(20)   Pre Evacuate Collection Set: 0.0ms
[786.876s][info][gc,phases     ] GC(20)   Evacuate Collection Set: 3.6ms
[786.876s][info][gc,phases     ] GC(20)   Post Evacuate Collection Set: 0.4ms
[786.876s][info][gc,phases     ] GC(20)   Other: 0.3ms
[786.876s][info][gc,heap       ] GC(20) Eden regions: 223->0(216)
[786.876s][info][gc,heap       ] GC(20) Survivor regions: 23->22(31)
[786.876s][info][gc,heap       ] GC(20) Old regions: 167->178
[786.876s][info][gc,heap       ] GC(20) Humongous regions: 4->4
[786.876s][info][gc,metaspace  ] GC(20) Metaspace: 46541K->46541K(1091584K)
[786.876s][info][gc            ] GC(20) Pause Young (Normal) (G1 Evacuation Pause) 416M->203M(512M) 4.425ms
[786.876s][info][gc,cpu        ] GC(20) User=0.00s Sys=0.00s Real=0.00s
[827.210s][info][gc,start      ] GC(21) Pause Young (Normal) (G1 Evacuation Pause)
[827.210s][info][gc,task       ] GC(21) Using 6 workers of 6 for evacuation
[827.216s][info][gc,phases     ] GC(21)   Pre Evacuate Collection Set: 0.0ms
[827.216s][info][gc,phases     ] GC(21)   Evacuate Collection Set: 4.7ms
[827.216s][info][gc,phases     ] GC(21)   Post Evacuate Collection Set: 0.5ms
[827.216s][info][gc,phases     ] GC(21)   Other: 0.4ms
[827.216s][info][gc,heap       ] GC(21) Eden regions: 216->0(209)
[827.216s][info][gc,heap       ] GC(21) Survivor regions: 22->21(30)
[827.216s][info][gc,heap       ] GC(21) Old regions: 178->189
[827.216s][info][gc,heap       ] GC(21) Humongous regions: 4->4
[827.216s][info][gc,metaspace  ] GC(21) Metaspace: 46665K->46665K(1091584K)
[827.216s][info][gc            ] GC(21) Pause Young (Normal) (G1 Evacuation Pause) 419M->212M(512M) 5.652ms
[827.216s][info][gc,cpu        ] GC(21) User=0.00s Sys=0.00s Real=0.00s
[866.932s][info][gc,start      ] GC(22) Pause Young (Normal) (G1 Evacuation Pause)
[866.932s][info][gc,task       ] GC(22) Using 6 workers of 6 for evacuation
[866.940s][info][gc,phases     ] GC(22)   Pre Evacuate Collection Set: 0.0ms
[866.940s][info][gc,phases     ] GC(22)   Evacuate Collection Set: 6.1ms
[866.940s][info][gc,phases     ] GC(22)   Post Evacuate Collection Set: 0.8ms
[866.940s][info][gc,phases     ] GC(22)   Other: 0.8ms
[866.940s][info][gc,heap       ] GC(22) Eden regions: 209->0(199)
[866.940s][info][gc,heap       ] GC(22) Survivor regions: 21->22(29)
[866.940s][info][gc,heap       ] GC(22) Old regions: 189->199
[866.940s][info][gc,heap       ] GC(22) Humongous regions: 4->4
[866.940s][info][gc,metaspace  ] GC(22) Metaspace: 46702K->46702K(1091584K)
[866.940s][info][gc            ] GC(22) Pause Young (Normal) (G1 Evacuation Pause) 421M->223M(512M) 7.880ms
[866.940s][info][gc,cpu        ] GC(22) User=0.00s Sys=0.00s Real=0.01s
[901.646s][info][gc,start      ] GC(23) Pause Young (Normal) (G1 Evacuation Pause)
[901.646s][info][gc,task       ] GC(23) Using 6 workers of 6 for evacuation
[901.653s][info][gc,phases     ] GC(23)   Pre Evacuate Collection Set: 0.0ms
[901.653s][info][gc,phases     ] GC(23)   Evacuate Collection Set: 5.5ms
[901.653s][info][gc,phases     ] GC(23)   Post Evacuate Collection Set: 0.9ms
[901.653s][info][gc,phases     ] GC(23)   Other: 0.7ms
[901.653s][info][gc,heap       ] GC(23) Eden regions: 199->0(194)
[901.653s][info][gc,heap       ] GC(23) Survivor regions: 22->20(28)
[901.653s][info][gc,heap       ] GC(23) Old regions: 199->209
[901.653s][info][gc,heap       ] GC(23) Humongous regions: 4->4
[901.653s][info][gc,metaspace  ] GC(23) Metaspace: 47102K->47102K(1091584K)
[901.653s][info][gc            ] GC(23) Pause Young (Normal) (G1 Evacuation Pause) 422M->231M(512M) 7.459ms
[901.653s][info][gc,cpu        ] GC(23) User=0.09s Sys=0.00s Real=0.01s
[936.185s][info][gc,start      ] GC(24) Pause Young (Normal) (G1 Evacuation Pause)
[936.185s][info][gc,task       ] GC(24) Using 6 workers of 6 for evacuation
[936.192s][info][gc,phases     ] GC(24)   Pre Evacuate Collection Set: 0.0ms
[936.192s][info][gc,phases     ] GC(24)   Evacuate Collection Set: 6.4ms
[936.192s][info][gc,phases     ] GC(24)   Post Evacuate Collection Set: 0.7ms
[936.193s][info][gc,phases     ] GC(24)   Other: 0.6ms
[936.193s][info][gc,heap       ] GC(24) Eden regions: 194->0(187)
[936.193s][info][gc,heap       ] GC(24) Survivor regions: 20->19(27)
[936.193s][info][gc,heap       ] GC(24) Old regions: 209->219
[936.193s][info][gc,heap       ] GC(24) Humongous regions: 4->4
[936.193s][info][gc,metaspace  ] GC(24) Metaspace: 47108K->47108K(1091584K)
[936.193s][info][gc            ] GC(24) Pause Young (Normal) (G1 Evacuation Pause) 425M->240M(512M) 7.914ms
[936.193s][info][gc,cpu        ] GC(24) User=0.00s Sys=0.00s Real=0.01s
[968.748s][info][gc,start      ] GC(25) Pause Young (Normal) (G1 Evacuation Pause)
[968.748s][info][gc,task       ] GC(25) Using 6 workers of 6 for evacuation
[968.755s][info][gc,phases     ] GC(25)   Pre Evacuate Collection Set: 0.0ms
[968.755s][info][gc,phases     ] GC(25)   Evacuate Collection Set: 5.4ms
[968.755s][info][gc,phases     ] GC(25)   Post Evacuate Collection Set: 0.9ms
[968.755s][info][gc,phases     ] GC(25)   Other: 0.7ms
[968.755s][info][gc,heap       ] GC(25) Eden regions: 187->0(181)
[968.756s][info][gc,heap       ] GC(25) Survivor regions: 19->18(26)
[968.756s][info][gc,heap       ] GC(25) Old regions: 219->227
[968.756s][info][gc,heap       ] GC(25) Humongous regions: 4->4
[968.756s][info][gc,metaspace  ] GC(25) Metaspace: 47113K->47113K(1091584K)
[968.756s][info][gc            ] GC(25) Pause Young (Normal) (G1 Evacuation Pause) 427M->248M(512M) 7.360ms
[968.756s][info][gc,cpu        ] GC(25) User=0.00s Sys=0.00s Real=0.01s
[999.287s][info][gc,start      ] GC(26) Pause Young (Concurrent Start) (G1 Evacuation Pause)
[999.287s][info][gc,task       ] GC(26) Using 6 workers of 6 for evacuation
[999.295s][info][gc,phases     ] GC(26)   Pre Evacuate Collection Set: 0.1ms
[999.295s][info][gc,phases     ] GC(26)   Evacuate Collection Set: 6.7ms
[999.295s][info][gc,phases     ] GC(26)   Post Evacuate Collection Set: 0.6ms
[999.295s][info][gc,phases     ] GC(26)   Other: 0.6ms
[999.295s][info][gc,heap       ] GC(26) Eden regions: 181->0(175)
[999.295s][info][gc,heap       ] GC(26) Survivor regions: 18->17(25)
[999.295s][info][gc,heap       ] GC(26) Old regions: 227->236
[999.295s][info][gc,heap       ] GC(26) Humongous regions: 4->4
[999.295s][info][gc,metaspace  ] GC(26) Metaspace: 47117K->47117K(1091584K)
[999.295s][info][gc            ] GC(26) Pause Young (Concurrent Start) (G1 Evacuation Pause) 429M->255M(512M) 8.174ms
[999.295s][info][gc,cpu        ] GC(26) User=0.00s Sys=0.00s Real=0.01s
[999.295s][info][gc            ] GC(27) Concurrent Cycle
[999.295s][info][gc,marking    ] GC(27) Concurrent Clear Claimed Marks
[999.295s][info][gc,marking    ] GC(27) Concurrent Clear Claimed Marks 0.097ms
[999.295s][info][gc,marking    ] GC(27) Concurrent Scan Root Regions
[999.296s][info][gc,marking    ] GC(27) Concurrent Scan Root Regions 1.017ms
[999.296s][info][gc,marking    ] GC(27) Concurrent Mark (999.296s)
[999.296s][info][gc,marking    ] GC(27) Concurrent Mark From Roots
[999.296s][info][gc,task       ] GC(27) Using 2 workers of 2 for marking
[999.313s][info][gc,marking    ] GC(27) Concurrent Mark From Roots 16.387ms
[999.313s][info][gc,marking    ] GC(27) Concurrent Preclean
[999.313s][info][gc,marking    ] GC(27) Concurrent Preclean 0.217ms
[999.313s][info][gc,marking    ] GC(27) Concurrent Mark (999.296s, 999.313s) 16.687ms
[999.313s][info][gc,start      ] GC(27) Pause Remark
[999.319s][info][gc,stringtable] GC(27) Cleaned string and symbol table, strings: 19378 processed, 1382 removed, symbols: 128715 processed, 1 removed
[999.320s][info][gc            ] GC(27) Pause Remark 256M->255M(512M) 6.681ms
[999.320s][info][gc,cpu        ] GC(27) User=0.09s Sys=0.00s Real=0.01s
[999.320s][info][gc,marking    ] GC(27) Concurrent Rebuild Remembered Sets
[999.328s][info][gc,marking    ] GC(27) Concurrent Rebuild Remembered Sets 8.214ms
[999.329s][info][gc,start      ] GC(27) Pause Cleanup
[999.329s][info][gc            ] GC(27) Pause Cleanup 255M->255M(512M) 0.219ms
[999.329s][info][gc,cpu        ] GC(27) User=0.00s Sys=0.00s Real=0.00s
[999.329s][info][gc,marking    ] GC(27) Concurrent Cleanup for Next Mark
[999.330s][info][gc,marking    ] GC(27) Concurrent Cleanup for Next Mark 0.644ms
[999.330s][info][gc            ] GC(27) Concurrent Cycle 34.638ms
[1033.271s][info][gc,start      ] GC(28) Pause Young (Prepare Mixed) (G1 Evacuation Pause)
[1033.271s][info][gc,task       ] GC(28) Using 6 workers of 6 for evacuation
[1033.274s][info][gc,phases     ] GC(28)   Pre Evacuate Collection Set: 0.0ms
[1033.274s][info][gc,phases     ] GC(28)   Evacuate Collection Set: 2.9ms
[1033.274s][info][gc,phases     ] GC(28)   Post Evacuate Collection Set: 0.4ms
[1033.274s][info][gc,phases     ] GC(28)   Other: 0.3ms
[1033.274s][info][gc,heap       ] GC(28) Eden regions: 175->0(8)
[1033.274s][info][gc,heap       ] GC(28) Survivor regions: 17->17(24)
[1033.275s][info][gc,heap       ] GC(28) Old regions: 235->243
[1033.275s][info][gc,heap       ] GC(28) Humongous regions: 4->4
[1033.275s][info][gc,metaspace  ] GC(28) Metaspace: 46842K->46842K(1091584K)
[1033.275s][info][gc            ] GC(28) Pause Young (Prepare Mixed) (G1 Evacuation Pause) 429M->263M(512M) 3.638ms
[1033.275s][info][gc,cpu        ] GC(28) User=0.02s Sys=0.02s Real=0.00s
[1034.922s][info][gc,start      ] GC(29) Pause Young (Mixed) (G1 Evacuation Pause)
[1034.922s][info][gc,task       ] GC(29) Using 6 workers of 6 for evacuation
[1034.925s][info][gc,phases     ] GC(29)   Pre Evacuate Collection Set: 0.0ms
[1034.925s][info][gc,phases     ] GC(29)   Evacuate Collection Set: 2.0ms
[1034.925s][info][gc,phases     ] GC(29)   Post Evacuate Collection Set: 0.4ms
[1034.925s][info][gc,phases     ] GC(29)   Other: 0.2ms
[1034.925s][info][gc,heap       ] GC(29) Eden regions: 8->0(168)
[1034.925s][info][gc,heap       ] GC(29) Survivor regions: 17->2(4)
[1034.925s][info][gc,heap       ] GC(29) Old regions: 243->258
[1034.925s][info][gc,heap       ] GC(29) Humongous regions: 4->4
[1034.925s][info][gc,metaspace  ] GC(29) Metaspace: 46842K->46842K(1091584K)
[1034.925s][info][gc            ] GC(29) Pause Young (Mixed) (G1 Evacuation Pause) 271M->263M(512M) 2.773ms
[1034.925s][info][gc,cpu        ] GC(29) User=0.00s Sys=0.00s Real=0.00s
[1069.468s][info][gc,start      ] GC(30) Pause Young (Concurrent Start) (G1 Evacuation Pause)
[1069.468s][info][gc,task       ] GC(30) Using 6 workers of 6 for evacuation
[1069.471s][info][gc,phases     ] GC(30)   Pre Evacuate Collection Set: 0.0ms
[1069.471s][info][gc,phases     ] GC(30)   Evacuate Collection Set: 1.7ms
[1069.471s][info][gc,phases     ] GC(30)   Post Evacuate Collection Set: 0.5ms
[1069.471s][info][gc,phases     ] GC(30)   Other: 0.3ms
[1069.471s][info][gc,heap       ] GC(30) Eden regions: 168->0(161)
[1069.471s][info][gc,heap       ] GC(30) Survivor regions: 2->10(22)
[1069.471s][info][gc,heap       ] GC(30) Old regions: 258->258
[1069.471s][info][gc,heap       ] GC(30) Humongous regions: 4->4
[1069.471s][info][gc,metaspace  ] GC(30) Metaspace: 46848K->46848K(1091584K)
[1069.471s][info][gc            ] GC(30) Pause Young (Concurrent Start) (G1 Evacuation Pause) 431M->271M(512M) 2.743ms
[1069.471s][info][gc,cpu        ] GC(30) User=0.00s Sys=0.00s Real=0.00s
[1069.471s][info][gc            ] GC(31) Concurrent Cycle
[1069.471s][info][gc,marking    ] GC(31) Concurrent Clear Claimed Marks
[1069.471s][info][gc,marking    ] GC(31) Concurrent Clear Claimed Marks 0.046ms
[1069.471s][info][gc,marking    ] GC(31) Concurrent Scan Root Regions
[1069.472s][info][gc,marking    ] GC(31) Concurrent Scan Root Regions 0.492ms
[1069.472s][info][gc,marking    ] GC(31) Concurrent Mark (1069.472s)
[1069.472s][info][gc,marking    ] GC(31) Concurrent Mark From Roots
[1069.472s][info][gc,task       ] GC(31) Using 2 workers of 2 for marking
[1069.486s][info][gc,marking    ] GC(31) Concurrent Mark From Roots 14.433ms
[1069.486s][info][gc,marking    ] GC(31) Concurrent Preclean
[1069.486s][info][gc,marking    ] GC(31) Concurrent Preclean 0.092ms
[1069.486s][info][gc,marking    ] GC(31) Concurrent Mark (1069.472s, 1069.486s) 14.625ms
[1069.487s][info][gc,start      ] GC(31) Pause Remark
[1069.490s][info][gc,stringtable] GC(31) Cleaned string and symbol table, strings: 18014 processed, 11 removed, symbols: 128714 processed, 37 removed
[1069.491s][info][gc            ] GC(31) Pause Remark 274M->274M(512M) 3.989ms
[1069.491s][info][gc,cpu        ] GC(31) User=0.09s Sys=0.00s Real=0.00s
[1069.491s][info][gc,marking    ] GC(31) Concurrent Rebuild Remembered Sets
[1069.499s][info][gc,marking    ] GC(31) Concurrent Rebuild Remembered Sets 7.832ms
[1069.499s][info][gc,start      ] GC(31) Pause Cleanup
[1069.499s][info][gc            ] GC(31) Pause Cleanup 274M->274M(512M) 0.140ms
[1069.499s][info][gc,cpu        ] GC(31) User=0.00s Sys=0.00s Real=0.00s
[1069.499s][info][gc,marking    ] GC(31) Concurrent Cleanup for Next Mark
[1069.500s][info][gc,marking    ] GC(31) Concurrent Cleanup for Next Mark 0.477ms
[1069.500s][info][gc            ] GC(31) Concurrent Cycle 28.506ms
[1114.897s][info][gc,start      ] GC(32) Pause Young (Prepare Mixed) (G1 Evacuation Pause)
[1114.897s][info][gc,task       ] GC(32) Using 6 workers of 6 for evacuation
[1114.903s][info][gc,phases     ] GC(32)   Pre Evacuate Collection Set: 0.1ms
[1114.903s][info][gc,phases     ] GC(32)   Evacuate Collection Set: 4.6ms
[1114.903s][info][gc,phases     ] GC(32)   Post Evacuate Collection Set: 1.1ms
[1114.903s][info][gc,phases     ] GC(32)   Other: 0.6ms
[1114.903s][info][gc,heap       ] GC(32) Eden regions: 161->0(4)
[1114.904s][info][gc,heap       ] GC(32) Survivor regions: 10->21(22)
[1114.904s][info][gc,heap       ] GC(32) Old regions: 258->258
[1114.904s][info][gc,heap       ] GC(32) Humongous regions: 4->4
[1114.904s][info][gc,metaspace  ] GC(32) Metaspace: 46864K->46864K(1091584K)
[1114.904s][info][gc            ] GC(32) Pause Young (Prepare Mixed) (G1 Evacuation Pause) 431M->282M(512M) 6.779ms
[1114.904s][info][gc,cpu        ] GC(32) User=0.00s Sys=0.00s Real=0.01s
[1115.279s][info][gc,start      ] GC(33) Pause Young (Mixed) (G1 Evacuation Pause)
[1115.279s][info][gc,task       ] GC(33) Using 6 workers of 6 for evacuation
[1115.286s][info][gc,phases     ] GC(33)   Pre Evacuate Collection Set: 0.0ms
[1115.286s][info][gc,phases     ] GC(33)   Evacuate Collection Set: 5.2ms
[1115.286s][info][gc,phases     ] GC(33)   Post Evacuate Collection Set: 0.9ms
[1115.286s][info][gc,phases     ] GC(33)   Other: 0.6ms
[1115.286s][info][gc,heap       ] GC(33) Eden regions: 4->0(149)
[1115.286s][info][gc,heap       ] GC(33) Survivor regions: 21->1(4)
[1115.286s][info][gc,heap       ] GC(33) Old regions: 258->277
[1115.286s][info][gc,heap       ] GC(33) Humongous regions: 4->4
[1115.286s][info][gc,metaspace  ] GC(33) Metaspace: 46864K->46864K(1091584K)
[1115.286s][info][gc            ] GC(33) Pause Young (Mixed) (G1 Evacuation Pause) 286M->280M(512M) 7.074ms
[1115.286s][info][gc,cpu        ] GC(33) User=0.00s Sys=0.02s Real=0.01s
[1141.035s][info][gc,start      ] GC(34) Pause Young (Concurrent Start) (G1 Evacuation Pause)
[1141.035s][info][gc,task       ] GC(34) Using 6 workers of 6 for evacuation
[1141.037s][info][gc,phases     ] GC(34)   Pre Evacuate Collection Set: 0.1ms
[1141.037s][info][gc,phases     ] GC(34)   Evacuate Collection Set: 1.5ms
[1141.037s][info][gc,phases     ] GC(34)   Post Evacuate Collection Set: 0.5ms
[1141.037s][info][gc,phases     ] GC(34)   Other: 0.3ms
[1141.037s][info][gc,heap       ] GC(34) Eden regions: 149->0(146)
[1141.037s][info][gc,heap       ] GC(34) Survivor regions: 1->7(19)
[1141.037s][info][gc,heap       ] GC(34) Old regions: 277->277
[1141.037s][info][gc,heap       ] GC(34) Humongous regions: 4->4
[1141.038s][info][gc,metaspace  ] GC(34) Metaspace: 46865K->46865K(1091584K)
[1141.038s][info][gc            ] GC(34) Pause Young (Concurrent Start) (G1 Evacuation Pause) 429M->287M(512M) 2.436ms
[1141.038s][info][gc,cpu        ] GC(34) User=0.09s Sys=0.00s Real=0.00s
[1141.038s][info][gc            ] GC(35) Concurrent Cycle
[1141.038s][info][gc,marking    ] GC(35) Concurrent Clear Claimed Marks
[1141.038s][info][gc,marking    ] GC(35) Concurrent Clear Claimed Marks 0.042ms
[1141.038s][info][gc,marking    ] GC(35) Concurrent Scan Root Regions
[1141.038s][info][gc,marking    ] GC(35) Concurrent Scan Root Regions 0.505ms
[1141.038s][info][gc,marking    ] GC(35) Concurrent Mark (1141.038s)
[1141.038s][info][gc,marking    ] GC(35) Concurrent Mark From Roots
[1141.038s][info][gc,task       ] GC(35) Using 2 workers of 2 for marking
[1141.050s][info][gc,marking    ] GC(35) Concurrent Mark From Roots 11.826ms
[1141.050s][info][gc,marking    ] GC(35) Concurrent Preclean
[1141.050s][info][gc,marking    ] GC(35) Concurrent Preclean 0.060ms
[1141.050s][info][gc,marking    ] GC(35) Concurrent Mark (1141.038s, 1141.050s) 11.955ms
[1141.050s][info][gc,start      ] GC(35) Pause Remark
[1141.054s][info][gc,stringtable] GC(35) Cleaned string and symbol table, strings: 18014 processed, 0 removed, symbols: 128677 processed, 0 removed
[1141.054s][info][gc            ] GC(35) Pause Remark 291M->289M(512M) 3.454ms
[1141.054s][info][gc,cpu        ] GC(35) User=0.09s Sys=0.00s Real=0.00s
[1141.054s][info][gc,marking    ] GC(35) Concurrent Rebuild Remembered Sets
[1141.060s][info][gc,marking    ] GC(35) Concurrent Rebuild Remembered Sets 5.712ms
[1141.060s][info][gc,start      ] GC(35) Pause Cleanup
[1141.060s][info][gc            ] GC(35) Pause Cleanup 289M->289M(512M) 0.133ms
[1141.060s][info][gc,cpu        ] GC(35) User=0.00s Sys=0.00s Real=0.00s
[1141.060s][info][gc,marking    ] GC(35) Concurrent Cleanup for Next Mark
[1141.061s][info][gc,marking    ] GC(35) Concurrent Cleanup for Next Mark 0.548ms
[1141.061s][info][gc            ] GC(35) Concurrent Cycle 23.217ms
[1175.471s][info][gc,start      ] GC(36) Pause Young (Prepare Mixed) (G1 Evacuation Pause)
[1175.471s][info][gc,task       ] GC(36) Using 6 workers of 6 for evacuation
[1175.476s][info][gc,phases     ] GC(36)   Pre Evacuate Collection Set: 0.0ms
[1175.476s][info][gc,phases     ] GC(36)   Evacuate Collection Set: 4.0ms
[1175.477s][info][gc,phases     ] GC(36)   Post Evacuate Collection Set: 1.0ms
[1175.477s][info][gc,phases     ] GC(36)   Other: 0.7ms
[1175.477s][info][gc,heap       ] GC(36) Eden regions: 146->0(8)
[1175.477s][info][gc,heap       ] GC(36) Survivor regions: 7->17(20)
[1175.477s][info][gc,heap       ] GC(36) Old regions: 275->275
[1175.477s][info][gc,heap       ] GC(36) Humongous regions: 4->4
[1175.477s][info][gc,metaspace  ] GC(36) Metaspace: 46869K->46869K(1091584K)
[1175.477s][info][gc            ] GC(36) Pause Young (Prepare Mixed) (G1 Evacuation Pause) 431M->294M(512M) 6.106ms
[1175.477s][info][gc,cpu        ] GC(36) User=0.09s Sys=0.00s Real=0.01s
[1176.491s][info][gc,start      ] GC(37) Pause Young (Mixed) (G1 Evacuation Pause)
[1176.491s][info][gc,task       ] GC(37) Using 6 workers of 6 for evacuation
[1176.494s][info][gc,phases     ] GC(37)   Pre Evacuate Collection Set: 0.0ms
[1176.494s][info][gc,phases     ] GC(37)   Evacuate Collection Set: 2.1ms
[1176.494s][info][gc,phases     ] GC(37)   Post Evacuate Collection Set: 0.4ms
[1176.494s][info][gc,phases     ] GC(37)   Other: 0.3ms
[1176.494s][info][gc,heap       ] GC(37) Eden regions: 8->0(139)
[1176.494s][info][gc,heap       ] GC(37) Survivor regions: 17->2(4)
[1176.494s][info][gc,heap       ] GC(37) Old regions: 275->289
[1176.494s][info][gc,heap       ] GC(37) Humongous regions: 4->4
[1176.494s][info][gc,metaspace  ] GC(37) Metaspace: 46869K->46869K(1091584K)
[1176.494s][info][gc            ] GC(37) Pause Young (Mixed) (G1 Evacuation Pause) 302M->294M(512M) 2.874ms
[1176.494s][info][gc,cpu        ] GC(37) User=0.00s Sys=0.00s Real=0.00s
[1205.897s][info][gc,start      ] GC(38) Pause Young (Concurrent Start) (G1 Evacuation Pause)
[1205.897s][info][gc,task       ] GC(38) Using 6 workers of 6 for evacuation
[1205.899s][info][gc,phases     ] GC(38)   Pre Evacuate Collection Set: 0.0ms
[1205.899s][info][gc,phases     ] GC(38)   Evacuate Collection Set: 1.6ms
[1205.899s][info][gc,phases     ] GC(38)   Post Evacuate Collection Set: 0.5ms
[1205.899s][info][gc,phases     ] GC(38)   Other: 0.3ms
[1205.899s][info][gc,heap       ] GC(38) Eden regions: 139->0(133)
[1205.899s][info][gc,heap       ] GC(38) Survivor regions: 2->9(18)
[1205.899s][info][gc,heap       ] GC(38) Old regions: 289->289
[1205.899s][info][gc,heap       ] GC(38) Humongous regions: 4->4
[1205.899s][info][gc,metaspace  ] GC(38) Metaspace: 46885K->46885K(1091584K)
[1205.899s][info][gc            ] GC(38) Pause Young (Concurrent Start) (G1 Evacuation Pause) 432M->301M(512M) 2.677ms
[1205.900s][info][gc,cpu        ] GC(38) User=0.00s Sys=0.00s Real=0.00s
[1205.900s][info][gc            ] GC(39) Concurrent Cycle
[1205.900s][info][gc,marking    ] GC(39) Concurrent Clear Claimed Marks
[1205.900s][info][gc,marking    ] GC(39) Concurrent Clear Claimed Marks 0.052ms
[1205.900s][info][gc,marking    ] GC(39) Concurrent Scan Root Regions
[1205.900s][info][gc,marking    ] GC(39) Concurrent Scan Root Regions 0.631ms
[1205.900s][info][gc,marking    ] GC(39) Concurrent Mark (1205.900s)
[1205.900s][info][gc,marking    ] GC(39) Concurrent Mark From Roots
[1205.900s][info][gc,task       ] GC(39) Using 2 workers of 2 for marking
[1205.914s][info][gc,marking    ] GC(39) Concurrent Mark From Roots 13.556ms
[1205.914s][info][gc,marking    ] GC(39) Concurrent Preclean
[1205.914s][info][gc,marking    ] GC(39) Concurrent Preclean 0.074ms
[1205.914s][info][gc,marking    ] GC(39) Concurrent Mark (1205.900s, 1205.914s) 13.690ms
[1205.914s][info][gc,start      ] GC(39) Pause Remark
[1205.917s][info][gc,stringtable] GC(39) Cleaned string and symbol table, strings: 18032 processed, 0 removed, symbols: 128677 processed, 0 removed
[1205.917s][info][gc            ] GC(39) Pause Remark 303M->302M(512M) 3.109ms
[1205.918s][info][gc,cpu        ] GC(39) User=0.00s Sys=0.00s Real=0.00s
[1205.918s][info][gc,marking    ] GC(39) Concurrent Rebuild Remembered Sets
[1205.923s][info][gc,marking    ] GC(39) Concurrent Rebuild Remembered Sets 5.623ms
[1205.923s][info][gc,start      ] GC(39) Pause Cleanup
[1205.924s][info][gc            ] GC(39) Pause Cleanup 302M->302M(512M) 0.163ms
[1205.924s][info][gc,cpu        ] GC(39) User=0.00s Sys=0.00s Real=0.00s
[1205.924s][info][gc,marking    ] GC(39) Concurrent Cleanup for Next Mark
[1205.924s][info][gc,marking    ] GC(39) Concurrent Cleanup for Next Mark 0.394ms
[1205.924s][info][gc            ] GC(39) Concurrent Cycle 24.483ms
[1230.516s][info][gc,start      ] GC(40) Pause Young (Normal) (G1 Evacuation Pause)
[1230.516s][info][gc,task       ] GC(40) Using 6 workers of 6 for evacuation
[1230.521s][info][gc,phases     ] GC(40)   Pre Evacuate Collection Set: 0.0ms
[1230.521s][info][gc,phases     ] GC(40)   Evacuate Collection Set: 3.9ms
[1230.521s][info][gc,phases     ] GC(40)   Post Evacuate Collection Set: 0.7ms
[1230.521s][info][gc,phases     ] GC(40)   Other: 0.7ms
[1230.521s][info][gc,heap       ] GC(40) Eden regions: 133->0(131)
[1230.521s][info][gc,heap       ] GC(40) Survivor regions: 9->14(18)
[1230.521s][info][gc,heap       ] GC(40) Old regions: 288->288
[1230.521s][info][gc,heap       ] GC(40) Humongous regions: 4->4
[1230.521s][info][gc,metaspace  ] GC(40) Metaspace: 46888K->46888K(1091584K)
[1230.521s][info][gc            ] GC(40) Pause Young (Normal) (G1 Evacuation Pause) 433M->305M(512M) 5.449ms
[1230.521s][info][gc,cpu        ] GC(40) User=0.00s Sys=0.00s Real=0.00s
[1257.237s][info][gc,start      ] GC(41) Pause Young (Concurrent Start) (G1 Evacuation Pause)
[1257.237s][info][gc,task       ] GC(41) Using 6 workers of 6 for evacuation
[1257.243s][info][gc,phases     ] GC(41)   Pre Evacuate Collection Set: 0.1ms
[1257.243s][info][gc,phases     ] GC(41)   Evacuate Collection Set: 5.0ms
[1257.243s][info][gc,phases     ] GC(41)   Post Evacuate Collection Set: 0.4ms
[1257.243s][info][gc,phases     ] GC(41)   Other: 0.6ms
[1257.243s][info][gc,heap       ] GC(41) Eden regions: 131->0(124)
[1257.243s][info][gc,heap       ] GC(41) Survivor regions: 14->14(19)
[1257.243s][info][gc,heap       ] GC(41) Old regions: 288->296
[1257.243s][info][gc,heap       ] GC(41) Humongous regions: 4->4
[1257.243s][info][gc,metaspace  ] GC(41) Metaspace: 46905K->46905K(1091584K)
[1257.243s][info][gc            ] GC(41) Pause Young (Concurrent Start) (G1 Evacuation Pause) 436M->313M(512M) 6.015ms
[1257.243s][info][gc,cpu        ] GC(41) User=0.09s Sys=0.00s Real=0.01s
[1257.243s][info][gc            ] GC(42) Concurrent Cycle
[1257.243s][info][gc,marking    ] GC(42) Concurrent Clear Claimed Marks
[1257.243s][info][gc,marking    ] GC(42) Concurrent Clear Claimed Marks 0.048ms
[1257.244s][info][gc,marking    ] GC(42) Concurrent Scan Root Regions
[1257.244s][info][gc,marking    ] GC(42) Concurrent Scan Root Regions 0.421ms
[1257.244s][info][gc,marking    ] GC(42) Concurrent Mark (1257.244s)
[1257.244s][info][gc,marking    ] GC(42) Concurrent Mark From Roots
[1257.244s][info][gc,task       ] GC(42) Using 2 workers of 2 for marking
[1257.254s][info][gc,marking    ] GC(42) Concurrent Mark From Roots 10.281ms
[1257.254s][info][gc,marking    ] GC(42) Concurrent Preclean
[1257.254s][info][gc,marking    ] GC(42) Concurrent Preclean 0.079ms
[1257.254s][info][gc,marking    ] GC(42) Concurrent Mark (1257.244s, 1257.254s) 10.413ms
[1257.255s][info][gc,start      ] GC(42) Pause Remark
[1257.257s][info][gc,stringtable] GC(42) Cleaned string and symbol table, strings: 18059 processed, 0 removed, symbols: 128678 processed, 1 removed
[1257.258s][info][gc            ] GC(42) Pause Remark 314M->314M(512M) 3.170ms
[1257.258s][info][gc,cpu        ] GC(42) User=0.09s Sys=0.00s Real=0.00s
[1257.258s][info][gc,marking    ] GC(42) Concurrent Rebuild Remembered Sets
[1257.264s][info][gc,marking    ] GC(42) Concurrent Rebuild Remembered Sets 5.724ms
[1257.264s][info][gc,start      ] GC(42) Pause Cleanup
[1257.264s][info][gc            ] GC(42) Pause Cleanup 314M->314M(512M) 0.139ms
[1257.264s][info][gc,cpu        ] GC(42) User=0.00s Sys=0.00s Real=0.00s
[1257.264s][info][gc,marking    ] GC(42) Concurrent Cleanup for Next Mark
[1257.264s][info][gc,marking    ] GC(42) Concurrent Cleanup for Next Mark 0.272ms
[1257.264s][info][gc            ] GC(42) Concurrent Cycle 20.995ms
[1283.703s][info][gc,start      ] GC(43) Pause Young (Prepare Mixed) (G1 Evacuation Pause)
[1283.703s][info][gc,task       ] GC(43) Using 6 workers of 6 for evacuation
[1283.706s][info][gc,phases     ] GC(43)   Pre Evacuate Collection Set: 0.0ms
[1283.706s][info][gc,phases     ] GC(43)   Evacuate Collection Set: 2.4ms
[1283.706s][info][gc,phases     ] GC(43)   Post Evacuate Collection Set: 0.4ms
[1283.706s][info][gc,phases     ] GC(43)   Other: 0.2ms
[1283.706s][info][gc,heap       ] GC(43) Eden regions: 124->0(11)
[1283.706s][info][gc,heap       ] GC(43) Survivor regions: 14->14(18)
[1283.706s][info][gc,heap       ] GC(43) Old regions: 296->302
[1283.706s][info][gc,heap       ] GC(43) Humongous regions: 4->4
[1283.706s][info][gc,metaspace  ] GC(43) Metaspace: 46922K->46922K(1091584K)
[1283.706s][info][gc            ] GC(43) Pause Young (Prepare Mixed) (G1 Evacuation Pause) 437M->318M(512M) 3.154ms
[1283.706s][info][gc,cpu        ] GC(43) User=0.00s Sys=0.00s Real=0.00s
[1285.736s][info][gc,start      ] GC(44) Pause Young (Mixed) (G1 Evacuation Pause)
[1285.736s][info][gc,task       ] GC(44) Using 6 workers of 6 for evacuation
[1285.741s][info][gc,phases     ] GC(44)   Pre Evacuate Collection Set: 0.1ms
[1285.741s][info][gc,phases     ] GC(44)   Evacuate Collection Set: 3.8ms
[1285.741s][info][gc,phases     ] GC(44)   Post Evacuate Collection Set: 0.5ms
[1285.741s][info][gc,phases     ] GC(44)   Other: 0.5ms
[1285.741s][info][gc,heap       ] GC(44) Eden regions: 11->0(121)
[1285.741s][info][gc,heap       ] GC(44) Survivor regions: 14->1(4)
[1285.741s][info][gc,heap       ] GC(44) Old regions: 302->313
[1285.741s][info][gc,heap       ] GC(44) Humongous regions: 4->4
[1285.741s][info][gc,metaspace  ] GC(44) Metaspace: 46922K->46922K(1091584K)
[1285.741s][info][gc            ] GC(44) Pause Young (Mixed) (G1 Evacuation Pause) 329M->317M(512M) 4.924ms
[1285.741s][info][gc,cpu        ] GC(44) User=0.08s Sys=0.00s Real=0.00s
[1307.594s][info][gc,start      ] GC(45) Pause Young (Concurrent Start) (G1 Evacuation Pause)
[1307.594s][info][gc,task       ] GC(45) Using 6 workers of 6 for evacuation
[1307.596s][info][gc,phases     ] GC(45)   Pre Evacuate Collection Set: 0.0ms
[1307.596s][info][gc,phases     ] GC(45)   Evacuate Collection Set: 1.4ms
[1307.596s][info][gc,phases     ] GC(45)   Post Evacuate Collection Set: 0.4ms
[1307.596s][info][gc,phases     ] GC(45)   Other: 0.2ms
[1307.596s][info][gc,heap       ] GC(45) Eden regions: 121->0(116)
[1307.596s][info][gc,heap       ] GC(45) Survivor regions: 1->7(16)
[1307.596s][info][gc,heap       ] GC(45) Old regions: 313->313
[1307.596s][info][gc,heap       ] GC(45) Humongous regions: 4->4
[1307.596s][info][gc,metaspace  ] GC(45) Metaspace: 46928K->46928K(1091584K)
[1307.596s][info][gc            ] GC(45) Pause Young (Concurrent Start) (G1 Evacuation Pause) 438M->323M(512M) 2.163ms
[1307.596s][info][gc,cpu        ] GC(45) User=0.00s Sys=0.00s Real=0.00s
[1307.596s][info][gc            ] GC(46) Concurrent Cycle
[1307.596s][info][gc,marking    ] GC(46) Concurrent Clear Claimed Marks
[1307.596s][info][gc,marking    ] GC(46) Concurrent Clear Claimed Marks 0.031ms
[1307.596s][info][gc,marking    ] GC(46) Concurrent Scan Root Regions
[1307.596s][info][gc,marking    ] GC(46) Concurrent Scan Root Regions 0.401ms
[1307.596s][info][gc,marking    ] GC(46) Concurrent Mark (1307.596s)
[1307.596s][info][gc,marking    ] GC(46) Concurrent Mark From Roots
[1307.596s][info][gc,task       ] GC(46) Using 2 workers of 2 for marking
[1307.607s][info][gc,marking    ] GC(46) Concurrent Mark From Roots 10.614ms
[1307.607s][info][gc,marking    ] GC(46) Concurrent Preclean
[1307.607s][info][gc,marking    ] GC(46) Concurrent Preclean 0.064ms
[1307.607s][info][gc,marking    ] GC(46) Concurrent Mark (1307.596s, 1307.607s) 10.739ms
[1307.607s][info][gc,start      ] GC(46) Pause Remark
[1307.610s][info][gc,stringtable] GC(46) Cleaned string and symbol table, strings: 18064 processed, 2 removed, symbols: 128677 processed, 0 removed
[1307.611s][info][gc            ] GC(46) Pause Remark 325M->321M(512M) 3.379ms
[1307.611s][info][gc,cpu        ] GC(46) User=0.00s Sys=0.00s Real=0.00s
[1307.611s][info][gc,marking    ] GC(46) Concurrent Rebuild Remembered Sets
[1307.617s][info][gc,marking    ] GC(46) Concurrent Rebuild Remembered Sets 6.194ms
[1307.617s][info][gc,start      ] GC(46) Pause Cleanup
[1307.618s][info][gc            ] GC(46) Pause Cleanup 321M->321M(512M) 0.176ms
[1307.618s][info][gc,cpu        ] GC(46) User=0.00s Sys=0.00s Real=0.00s
[1307.618s][info][gc,marking    ] GC(46) Concurrent Cleanup for Next Mark
[1307.618s][info][gc,marking    ] GC(46) Concurrent Cleanup for Next Mark 0.383ms
[1307.618s][info][gc            ] GC(46) Concurrent Cycle 22.187ms
[1329.321s][info][gc,start      ] GC(47) Pause Young (Normal) (G1 Evacuation Pause)
[1329.321s][info][gc,task       ] GC(47) Using 6 workers of 6 for evacuation
[1329.323s][info][gc,phases     ] GC(47)   Pre Evacuate Collection Set: 0.0ms
[1329.323s][info][gc,phases     ] GC(47)   Evacuate Collection Set: 1.5ms
[1329.323s][info][gc,phases     ] GC(47)   Post Evacuate Collection Set: 0.4ms
[1329.323s][info][gc,phases     ] GC(47)   Other: 0.2ms
[1329.323s][info][gc,heap       ] GC(47) Eden regions: 116->0(115)
[1329.323s][info][gc,heap       ] GC(47) Survivor regions: 7->12(16)
[1329.323s][info][gc,heap       ] GC(47) Old regions: 309->309
[1329.323s][info][gc,heap       ] GC(47) Humongous regions: 4->4
[1329.323s][info][gc,metaspace  ] GC(47) Metaspace: 46930K->46930K(1091584K)
[1329.323s][info][gc            ] GC(47) Pause Young (Normal) (G1 Evacuation Pause) 435M->324M(512M) 2.173ms
[1329.323s][info][gc,cpu        ] GC(47) User=0.00s Sys=0.00s Real=0.00s
[1350.922s][info][gc,start      ] GC(48) Pause Young (Concurrent Start) (G1 Evacuation Pause)
[1350.922s][info][gc,task       ] GC(48) Using 6 workers of 6 for evacuation
[1350.928s][info][gc,phases     ] GC(48)   Pre Evacuate Collection Set: 0.1ms
[1350.928s][info][gc,phases     ] GC(48)   Evacuate Collection Set: 4.2ms
[1350.928s][info][gc,phases     ] GC(48)   Post Evacuate Collection Set: 0.9ms
[1350.928s][info][gc,phases     ] GC(48)   Other: 0.8ms
[1350.928s][info][gc,heap       ] GC(48) Eden regions: 115->0(112)
[1350.928s][info][gc,heap       ] GC(48) Survivor regions: 12->11(16)
[1350.928s][info][gc,heap       ] GC(48) Old regions: 309->315
[1350.928s][info][gc,heap       ] GC(48) Humongous regions: 4->4
[1350.928s][info][gc,metaspace  ] GC(48) Metaspace: 46930K->46930K(1091584K)
[1350.929s][info][gc            ] GC(48) Pause Young (Concurrent Start) (G1 Evacuation Pause) 439M->329M(512M) 6.320ms
[1350.929s][info][gc,cpu        ] GC(48) User=0.00s Sys=0.00s Real=0.01s
[1350.929s][info][gc            ] GC(49) Concurrent Cycle
[1350.929s][info][gc,marking    ] GC(49) Concurrent Clear Claimed Marks
[1350.929s][info][gc,marking    ] GC(49) Concurrent Clear Claimed Marks 0.098ms
[1350.929s][info][gc,marking    ] GC(49) Concurrent Scan Root Regions
[1350.930s][info][gc,marking    ] GC(49) Concurrent Scan Root Regions 1.139ms
[1350.930s][info][gc,marking    ] GC(49) Concurrent Mark (1350.930s)
[1350.930s][info][gc,marking    ] GC(49) Concurrent Mark From Roots
[1350.930s][info][gc,task       ] GC(49) Using 2 workers of 2 for marking
[1350.955s][info][gc,marking    ] GC(49) Concurrent Mark From Roots 24.751ms
[1350.955s][info][gc,marking    ] GC(49) Concurrent Preclean
[1350.955s][info][gc,marking    ] GC(49) Concurrent Preclean 0.104ms
[1350.955s][info][gc,marking    ] GC(49) Concurrent Mark (1350.930s, 1350.955s) 24.957ms
[1350.955s][info][gc,start      ] GC(49) Pause Remark
[1350.959s][info][gc,stringtable] GC(49) Cleaned string and symbol table, strings: 18067 processed, 0 removed, symbols: 128677 processed, 0 removed
[1350.959s][info][gc            ] GC(49) Pause Remark 330M->329M(512M) 3.814ms
[1350.959s][info][gc,cpu        ] GC(49) User=0.09s Sys=0.00s Real=0.00s
[1350.959s][info][gc,marking    ] GC(49) Concurrent Rebuild Remembered Sets
[1350.967s][info][gc,marking    ] GC(49) Concurrent Rebuild Remembered Sets 7.678ms
[1350.967s][info][gc,start      ] GC(49) Pause Cleanup
[1350.968s][info][gc            ] GC(49) Pause Cleanup 329M->329M(512M) 0.163ms
[1350.968s][info][gc,cpu        ] GC(49) User=0.00s Sys=0.00s Real=0.00s
[1350.968s][info][gc,marking    ] GC(49) Concurrent Cleanup for Next Mark
[1350.968s][info][gc,marking    ] GC(49) Concurrent Cleanup for Next Mark 0.367ms
[1350.968s][info][gc            ] GC(49) Concurrent Cycle 39.346ms
[1371.458s][info][gc,start      ] GC(50) Pause Young (Normal) (G1 Evacuation Pause)
[1371.458s][info][gc,task       ] GC(50) Using 6 workers of 6 for evacuation
[1371.465s][info][gc,phases     ] GC(50)   Pre Evacuate Collection Set: 0.0ms
[1371.465s][info][gc,phases     ] GC(50)   Evacuate Collection Set: 5.2ms
[1371.465s][info][gc,phases     ] GC(50)   Post Evacuate Collection Set: 1.0ms
[1371.465s][info][gc,phases     ] GC(50)   Other: 0.7ms
[1371.465s][info][gc,heap       ] GC(50) Eden regions: 112->0(107)
[1371.465s][info][gc,heap       ] GC(50) Survivor regions: 11->12(16)
[1371.465s][info][gc,heap       ] GC(50) Old regions: 314->320
[1371.465s][info][gc,heap       ] GC(50) Humongous regions: 4->4
[1371.465s][info][gc,metaspace  ] GC(50) Metaspace: 46933K->46933K(1091584K)
[1371.465s][info][gc            ] GC(50) Pause Young (Normal) (G1 Evacuation Pause) 440M->334M(512M) 7.180ms
[1371.465s][info][gc,cpu        ] GC(50) User=0.08s Sys=0.00s Real=0.01s
[1391.355s][info][gc,start      ] GC(51) Pause Young (Concurrent Start) (GCLocker Initiated GC)
[1391.355s][info][gc,task       ] GC(51) Using 6 workers of 6 for evacuation
[1391.358s][info][gc,phases     ] GC(51)   Pre Evacuate Collection Set: 0.0ms
[1391.358s][info][gc,phases     ] GC(51)   Evacuate Collection Set: 1.9ms
[1391.358s][info][gc,phases     ] GC(51)   Post Evacuate Collection Set: 0.4ms
[1391.358s][info][gc,phases     ] GC(51)   Other: 0.2ms
[1391.358s][info][gc,heap       ] GC(51) Eden regions: 108->0(103)
[1391.358s][info][gc,heap       ] GC(51) Survivor regions: 12->11(15)
[1391.358s][info][gc,heap       ] GC(51) Old regions: 320->325
[1391.358s][info][gc,heap       ] GC(51) Humongous regions: 4->4
[1391.358s][info][gc,metaspace  ] GC(51) Metaspace: 46937K->46937K(1091584K)
[1391.358s][info][gc            ] GC(51) Pause Young (Concurrent Start) (GCLocker Initiated GC) 441M->338M(512M) 2.629ms
[1391.358s][info][gc,cpu        ] GC(51) User=0.00s Sys=0.00s Real=0.00s
[1391.358s][info][gc            ] GC(52) Concurrent Cycle
[1391.358s][info][gc,marking    ] GC(52) Concurrent Clear Claimed Marks
[1391.358s][info][gc,marking    ] GC(52) Concurrent Clear Claimed Marks 0.049ms
[1391.358s][info][gc,marking    ] GC(52) Concurrent Scan Root Regions
[1391.358s][info][gc,marking    ] GC(52) Concurrent Scan Root Regions 0.384ms
[1391.358s][info][gc,marking    ] GC(52) Concurrent Mark (1391.358s)
[1391.358s][info][gc,marking    ] GC(52) Concurrent Mark From Roots
[1391.358s][info][gc,task       ] GC(52) Using 2 workers of 2 for marking
[1391.369s][info][gc,marking    ] GC(52) Concurrent Mark From Roots 10.461ms
[1391.369s][info][gc,marking    ] GC(52) Concurrent Preclean
[1391.369s][info][gc,marking    ] GC(52) Concurrent Preclean 0.086ms
[1391.369s][info][gc,marking    ] GC(52) Concurrent Mark (1391.358s, 1391.369s) 10.600ms
[1391.369s][info][gc,start      ] GC(52) Pause Remark
[1391.372s][info][gc,stringtable] GC(52) Cleaned string and symbol table, strings: 18074 processed, 0 removed, symbols: 128677 processed, 0 removed
[1391.373s][info][gc            ] GC(52) Pause Remark 338M->337M(512M) 3.583ms
[1391.373s][info][gc,cpu        ] GC(52) User=0.00s Sys=0.00s Real=0.00s
[1391.373s][info][gc,marking    ] GC(52) Concurrent Rebuild Remembered Sets
[1391.380s][info][gc,marking    ] GC(52) Concurrent Rebuild Remembered Sets 6.688ms
[1391.380s][info][gc,start      ] GC(52) Pause Cleanup
[1391.380s][info][gc            ] GC(52) Pause Cleanup 337M->337M(512M) 0.170ms
[1391.380s][info][gc,cpu        ] GC(52) User=0.00s Sys=0.00s Real=0.00s
[1391.380s][info][gc,marking    ] GC(52) Concurrent Cleanup for Next Mark
[1391.380s][info][gc,marking    ] GC(52) Concurrent Cleanup for Next Mark 0.271ms
[1391.380s][info][gc            ] GC(52) Concurrent Cycle 22.597ms
[1410.770s][info][gc,start      ] GC(53) Pause Young (Normal) (G1 Evacuation Pause)
[1410.770s][info][gc,task       ] GC(53) Using 6 workers of 6 for evacuation
[1410.776s][info][gc,phases     ] GC(53)   Pre Evacuate Collection Set: 0.0ms
[1410.777s][info][gc,phases     ] GC(53)   Evacuate Collection Set: 4.5ms
[1410.777s][info][gc,phases     ] GC(53)   Post Evacuate Collection Set: 1.0ms
[1410.777s][info][gc,phases     ] GC(53)   Other: 0.7ms
[1410.777s][info][gc,heap       ] GC(53) Eden regions: 103->0(100)
[1410.777s][info][gc,heap       ] GC(53) Survivor regions: 11->11(15)
[1410.777s][info][gc,heap       ] GC(53) Old regions: 324->329
[1410.777s][info][gc,heap       ] GC(53) Humongous regions: 4->4
[1410.777s][info][gc,metaspace  ] GC(53) Metaspace: 46948K->46948K(1091584K)
[1410.777s][info][gc            ] GC(53) Pause Young (Normal) (G1 Evacuation Pause) 440M->342M(512M) 6.543ms
[1410.777s][info][gc,cpu        ] GC(53) User=0.09s Sys=0.00s Real=0.01s
[1430.795s][info][gc,start      ] GC(54) Pause Young (Concurrent Start) (G1 Evacuation Pause)
[1430.795s][info][gc,task       ] GC(54) Using 6 workers of 6 for evacuation
[1430.798s][info][gc,phases     ] GC(54)   Pre Evacuate Collection Set: 0.1ms
[1430.798s][info][gc,phases     ] GC(54)   Evacuate Collection Set: 2.5ms
[1430.798s][info][gc,phases     ] GC(54)   Post Evacuate Collection Set: 0.6ms
[1430.798s][info][gc,phases     ] GC(54)   Other: 0.4ms
[1430.799s][info][gc,heap       ] GC(54) Eden regions: 100->0(95)
[1430.799s][info][gc,heap       ] GC(54) Survivor regions: 11->11(14)
[1430.799s][info][gc,heap       ] GC(54) Old regions: 329->334
[1430.799s][info][gc,heap       ] GC(54) Humongous regions: 4->4
[1430.799s][info][gc,metaspace  ] GC(54) Metaspace: 46952K->46952K(1091584K)
[1430.799s][info][gc            ] GC(54) Pause Young (Concurrent Start) (G1 Evacuation Pause) 442M->348M(512M) 3.767ms
[1430.799s][info][gc,cpu        ] GC(54) User=0.00s Sys=0.00s Real=0.00s
[1430.799s][info][gc            ] GC(55) Concurrent Cycle
[1430.799s][info][gc,marking    ] GC(55) Concurrent Clear Claimed Marks
[1430.799s][info][gc,marking    ] GC(55) Concurrent Clear Claimed Marks 0.063ms
[1430.799s][info][gc,marking    ] GC(55) Concurrent Scan Root Regions
[1430.800s][info][gc,marking    ] GC(55) Concurrent Scan Root Regions 0.628ms
[1430.800s][info][gc,marking    ] GC(55) Concurrent Mark (1430.800s)
[1430.800s][info][gc,marking    ] GC(55) Concurrent Mark From Roots
[1430.800s][info][gc,task       ] GC(55) Using 2 workers of 2 for marking
[1430.813s][info][gc,marking    ] GC(55) Concurrent Mark From Roots 13.304ms
[1430.813s][info][gc,marking    ] GC(55) Concurrent Preclean
[1430.813s][info][gc,marking    ] GC(55) Concurrent Preclean 0.070ms
[1430.813s][info][gc,marking    ] GC(55) Concurrent Mark (1430.800s, 1430.813s) 13.439ms
[1430.813s][info][gc,start      ] GC(55) Pause Remark
[1430.816s][info][gc,stringtable] GC(55) Cleaned string and symbol table, strings: 18113 processed, 1 removed, symbols: 128677 processed, 0 removed
[1430.817s][info][gc            ] GC(55) Pause Remark 350M->348M(512M) 3.543ms
[1430.817s][info][gc,cpu        ] GC(55) User=0.00s Sys=0.00s Real=0.00s
[1430.817s][info][gc,marking    ] GC(55) Concurrent Rebuild Remembered Sets
[1430.823s][info][gc,marking    ] GC(55) Concurrent Rebuild Remembered Sets 6.106ms
[1430.823s][info][gc,start      ] GC(55) Pause Cleanup
[1430.823s][info][gc            ] GC(55) Pause Cleanup 348M->348M(512M) 0.170ms
[1430.823s][info][gc,cpu        ] GC(55) User=0.00s Sys=0.00s Real=0.00s
[1430.824s][info][gc,marking    ] GC(55) Concurrent Cleanup for Next Mark
[1430.824s][info][gc,marking    ] GC(55) Concurrent Cleanup for Next Mark 0.317ms
[1430.824s][info][gc            ] GC(55) Concurrent Cycle 25.143ms
[1449.081s][info][gc,start      ] GC(56) Pause Young (Normal) (G1 Evacuation Pause)
[1449.081s][info][gc,task       ] GC(56) Using 6 workers of 6 for evacuation
[1449.084s][info][gc,phases     ] GC(56)   Pre Evacuate Collection Set: 0.0ms
[1449.084s][info][gc,phases     ] GC(56)   Evacuate Collection Set: 2.0ms
[1449.084s][info][gc,phases     ] GC(56)   Post Evacuate Collection Set: 0.6ms
[1449.084s][info][gc,phases     ] GC(56)   Other: 0.3ms
[1449.084s][info][gc,heap       ] GC(56) Eden regions: 95->0(93)
[1449.084s][info][gc,heap       ] GC(56) Survivor regions: 11->10(14)
[1449.084s][info][gc,heap       ] GC(56) Old regions: 332->337
[1449.084s][info][gc,heap       ] GC(56) Humongous regions: 4->4
[1449.084s][info][gc,metaspace  ] GC(56) Metaspace: 46960K->46960K(1091584K)
[1449.084s][info][gc            ] GC(56) Pause Young (Normal) (G1 Evacuation Pause) 441M->350M(512M) 3.162ms
[1449.084s][info][gc,cpu        ] GC(56) User=0.02s Sys=0.00s Real=0.00s
[1466.381s][info][gc,start      ] GC(57) Pause Young (Concurrent Start) (G1 Evacuation Pause)
[1466.381s][info][gc,task       ] GC(57) Using 6 workers of 6 for evacuation
[1466.384s][info][gc,phases     ] GC(57)   Pre Evacuate Collection Set: 0.1ms
[1466.384s][info][gc,phases     ] GC(57)   Evacuate Collection Set: 2.3ms
[1466.384s][info][gc,phases     ] GC(57)   Post Evacuate Collection Set: 0.5ms
[1466.384s][info][gc,phases     ] GC(57)   Other: 0.5ms
[1466.384s][info][gc,heap       ] GC(57) Eden regions: 93->0(89)
[1466.384s][info][gc,heap       ] GC(57) Survivor regions: 10->10(13)
[1466.384s][info][gc,heap       ] GC(57) Old regions: 337->342
[1466.384s][info][gc,heap       ] GC(57) Humongous regions: 4->4
[1466.384s][info][gc,metaspace  ] GC(57) Metaspace: 46980K->46980K(1091584K)
[1466.384s][info][gc            ] GC(57) Pause Young (Concurrent Start) (G1 Evacuation Pause) 443M->355M(512M) 3.434ms
[1466.384s][info][gc,cpu        ] GC(57) User=0.00s Sys=0.00s Real=0.00s
[1466.384s][info][gc            ] GC(58) Concurrent Cycle
[1466.384s][info][gc,marking    ] GC(58) Concurrent Clear Claimed Marks
[1466.384s][info][gc,marking    ] GC(58) Concurrent Clear Claimed Marks 0.065ms
[1466.384s][info][gc,marking    ] GC(58) Concurrent Scan Root Regions
[1466.385s][info][gc,marking    ] GC(58) Concurrent Scan Root Regions 0.473ms
[1466.385s][info][gc,marking    ] GC(58) Concurrent Mark (1466.385s)
[1466.385s][info][gc,marking    ] GC(58) Concurrent Mark From Roots
[1466.385s][info][gc,task       ] GC(58) Using 2 workers of 2 for marking
[1466.398s][info][gc,marking    ] GC(58) Concurrent Mark From Roots 12.648ms
[1466.398s][info][gc,marking    ] GC(58) Concurrent Preclean
[1466.398s][info][gc,marking    ] GC(58) Concurrent Preclean 0.082ms
[1466.398s][info][gc,marking    ] GC(58) Concurrent Mark (1466.385s, 1466.398s) 12.792ms
[1466.398s][info][gc,start      ] GC(58) Pause Remark
[1466.401s][info][gc,stringtable] GC(58) Cleaned string and symbol table, strings: 18124 processed, 7 removed, symbols: 128677 processed, 0 removed
[1466.401s][info][gc            ] GC(58) Pause Remark 357M->350M(512M) 3.467ms
[1466.401s][info][gc,cpu        ] GC(58) User=0.00s Sys=0.00s Real=0.00s
[1466.402s][info][gc,marking    ] GC(58) Concurrent Rebuild Remembered Sets
[1466.408s][info][gc,marking    ] GC(58) Concurrent Rebuild Remembered Sets 6.173ms
[1466.408s][info][gc,start      ] GC(58) Pause Cleanup
[1466.408s][info][gc            ] GC(58) Pause Cleanup 350M->350M(512M) 0.162ms
[1466.408s][info][gc,cpu        ] GC(58) User=0.00s Sys=0.00s Real=0.00s
[1466.408s][info][gc,marking    ] GC(58) Concurrent Cleanup for Next Mark
[1466.409s][info][gc,marking    ] GC(58) Concurrent Cleanup for Next Mark 0.807ms
[1466.409s][info][gc            ] GC(58) Concurrent Cycle 24.840ms
[1480.594s][info][gc,start      ] GC(59) Pause Young (Normal) (G1 Evacuation Pause)
[1480.594s][info][gc,task       ] GC(59) Using 6 workers of 6 for evacuation
[1480.598s][info][gc,phases     ] GC(59)   Pre Evacuate Collection Set: 0.0ms
[1480.598s][info][gc,phases     ] GC(59)   Evacuate Collection Set: 3.1ms
[1480.598s][info][gc,phases     ] GC(59)   Post Evacuate Collection Set: 0.4ms
[1480.598s][info][gc,phases     ] GC(59)   Other: 0.6ms
[1480.598s][info][gc,heap       ] GC(59) Eden regions: 89->0(92)
[1480.598s][info][gc,heap       ] GC(59) Survivor regions: 10->9(13)
[1480.598s][info][gc,heap       ] GC(59) Old regions: 335->339
[1480.598s][info][gc,heap       ] GC(59) Humongous regions: 4->4
[1480.598s][info][gc,metaspace  ] GC(59) Metaspace: 46980K->46980K(1091584K)
[1480.598s][info][gc            ] GC(59) Pause Young (Normal) (G1 Evacuation Pause) 437M->351M(512M) 4.130ms
[1480.598s][info][gc,cpu        ] GC(59) User=0.00s Sys=0.00s Real=0.00s
[1495.893s][info][gc,start      ] GC(60) Pause Young (Concurrent Start) (G1 Evacuation Pause)
[1495.893s][info][gc,task       ] GC(60) Using 6 workers of 6 for evacuation
[1495.897s][info][gc,phases     ] GC(60)   Pre Evacuate Collection Set: 0.1ms
[1495.897s][info][gc,phases     ] GC(60)   Evacuate Collection Set: 3.2ms
[1495.897s][info][gc,phases     ] GC(60)   Post Evacuate Collection Set: 0.6ms
[1495.897s][info][gc,phases     ] GC(60)   Other: 0.7ms
[1495.898s][info][gc,heap       ] GC(60) Eden regions: 92->0(88)
[1495.898s][info][gc,heap       ] GC(60) Survivor regions: 9->9(13)
[1495.898s][info][gc,heap       ] GC(60) Old regions: 339->344
[1495.898s][info][gc,heap       ] GC(60) Humongous regions: 4->4
[1495.898s][info][gc,metaspace  ] GC(60) Metaspace: 46980K->46980K(1091584K)
[1495.898s][info][gc            ] GC(60) Pause Young (Concurrent Start) (G1 Evacuation Pause) 442M->355M(512M) 4.754ms
[1495.898s][info][gc,cpu        ] GC(60) User=0.09s Sys=0.00s Real=0.01s
[1495.898s][info][gc            ] GC(61) Concurrent Cycle
[1495.898s][info][gc,marking    ] GC(61) Concurrent Clear Claimed Marks
[1495.898s][info][gc,marking    ] GC(61) Concurrent Clear Claimed Marks 0.045ms
[1495.898s][info][gc,marking    ] GC(61) Concurrent Scan Root Regions
[1495.898s][info][gc,marking    ] GC(61) Concurrent Scan Root Regions 0.394ms
[1495.898s][info][gc,marking    ] GC(61) Concurrent Mark (1495.898s)
[1495.898s][info][gc,marking    ] GC(61) Concurrent Mark From Roots
[1495.898s][info][gc,task       ] GC(61) Using 2 workers of 2 for marking
[1495.909s][info][gc,marking    ] GC(61) Concurrent Mark From Roots 10.650ms
[1495.909s][info][gc,marking    ] GC(61) Concurrent Preclean
[1495.909s][info][gc,marking    ] GC(61) Concurrent Preclean 0.068ms
[1495.909s][info][gc,marking    ] GC(61) Concurrent Mark (1495.898s, 1495.909s) 10.778ms
[1495.909s][info][gc,start      ] GC(61) Pause Remark
[1495.912s][info][gc,stringtable] GC(61) Cleaned string and symbol table, strings: 18117 processed, 0 removed, symbols: 128677 processed, 0 removed
[1495.912s][info][gc            ] GC(61) Pause Remark 356M->351M(512M) 3.079ms
[1495.912s][info][gc,cpu        ] GC(61) User=0.09s Sys=0.00s Real=0.00s
[1495.912s][info][gc,marking    ] GC(61) Concurrent Rebuild Remembered Sets
[1495.919s][info][gc,marking    ] GC(61) Concurrent Rebuild Remembered Sets 6.459ms
[1495.919s][info][gc,start      ] GC(61) Pause Cleanup
[1495.919s][info][gc            ] GC(61) Pause Cleanup 351M->351M(512M) 0.169ms
[1495.919s][info][gc,cpu        ] GC(61) User=0.00s Sys=0.00s Real=0.00s
[1495.919s][info][gc,marking    ] GC(61) Concurrent Cleanup for Next Mark
[1495.920s][info][gc,marking    ] GC(61) Concurrent Cleanup for Next Mark 0.371ms
[1495.920s][info][gc            ] GC(61) Concurrent Cycle 22.233ms
[1511.079s][info][gc,start      ] GC(62) Pause Young (Normal) (G1 Evacuation Pause)
[1511.079s][info][gc,task       ] GC(62) Using 6 workers of 6 for evacuation
[1511.081s][info][gc,phases     ] GC(62)   Pre Evacuate Collection Set: 0.0ms
[1511.081s][info][gc,phases     ] GC(62)   Evacuate Collection Set: 1.5ms
[1511.081s][info][gc,phases     ] GC(62)   Post Evacuate Collection Set: 0.5ms
[1511.081s][info][gc,phases     ] GC(62)   Other: 0.2ms
[1511.081s][info][gc,heap       ] GC(62) Eden regions: 88->0(90)
[1511.081s][info][gc,heap       ] GC(62) Survivor regions: 9->9(13)
[1511.081s][info][gc,heap       ] GC(62) Old regions: 339->342
[1511.081s][info][gc,heap       ] GC(62) Humongous regions: 4->4
[1511.081s][info][gc,metaspace  ] GC(62) Metaspace: 46981K->46981K(1091584K)
[1511.081s][info][gc            ] GC(62) Pause Young (Normal) (G1 Evacuation Pause) 438M->354M(512M) 2.358ms
[1511.081s][info][gc,cpu        ] GC(62) User=0.00s Sys=0.00s Real=0.00s
[1526.136s][info][gc,start      ] GC(63) Pause Young (Concurrent Start) (G1 Evacuation Pause)
[1526.136s][info][gc,task       ] GC(63) Using 6 workers of 6 for evacuation
[1526.141s][info][gc,phases     ] GC(63)   Pre Evacuate Collection Set: 0.1ms
[1526.141s][info][gc,phases     ] GC(63)   Evacuate Collection Set: 3.1ms
[1526.141s][info][gc,phases     ] GC(63)   Post Evacuate Collection Set: 0.8ms
[1526.141s][info][gc,phases     ] GC(63)   Other: 0.7ms
[1526.141s][info][gc,heap       ] GC(63) Eden regions: 90->0(88)
[1526.141s][info][gc,heap       ] GC(63) Survivor regions: 9->8(13)
[1526.141s][info][gc,heap       ] GC(63) Old regions: 342->346
[1526.141s][info][gc,heap       ] GC(63) Humongous regions: 4->4
[1526.141s][info][gc,metaspace  ] GC(63) Metaspace: 46981K->46981K(1091584K)
[1526.141s][info][gc            ] GC(63) Pause Young (Concurrent Start) (G1 Evacuation Pause) 444M->357M(512M) 5.063ms
[1526.142s][info][gc,cpu        ] GC(63) User=0.00s Sys=0.00s Real=0.01s
[1526.142s][info][gc            ] GC(64) Concurrent Cycle
[1526.142s][info][gc,marking    ] GC(64) Concurrent Clear Claimed Marks
[1526.142s][info][gc,marking    ] GC(64) Concurrent Clear Claimed Marks 0.088ms
[1526.142s][info][gc,marking    ] GC(64) Concurrent Scan Root Regions
[1526.143s][info][gc,marking    ] GC(64) Concurrent Scan Root Regions 1.242ms
[1526.143s][info][gc,marking    ] GC(64) Concurrent Mark (1526.143s)
[1526.143s][info][gc,marking    ] GC(64) Concurrent Mark From Roots
[1526.143s][info][gc,task       ] GC(64) Using 2 workers of 2 for marking
[1526.170s][info][gc,marking    ] GC(64) Concurrent Mark From Roots 27.212ms
[1526.170s][info][gc,marking    ] GC(64) Concurrent Preclean
[1526.171s][info][gc,marking    ] GC(64) Concurrent Preclean 0.093ms
[1526.171s][info][gc,marking    ] GC(64) Concurrent Mark (1526.143s, 1526.171s) 27.406ms
[1526.171s][info][gc,start      ] GC(64) Pause Remark
[1526.174s][info][gc,stringtable] GC(64) Cleaned string and symbol table, strings: 18134 processed, 0 removed, symbols: 128677 processed, 0 removed
[1526.175s][info][gc            ] GC(64) Pause Remark 361M->361M(512M) 3.766ms
[1526.175s][info][gc,cpu        ] GC(64) User=0.00s Sys=0.00s Real=0.00s
[1526.175s][info][gc,marking    ] GC(64) Concurrent Rebuild Remembered Sets
[1526.183s][info][gc,marking    ] GC(64) Concurrent Rebuild Remembered Sets 7.834ms
[1526.183s][info][gc,start      ] GC(64) Pause Cleanup
[1526.183s][info][gc            ] GC(64) Pause Cleanup 361M->361M(512M) 0.161ms
[1526.183s][info][gc,cpu        ] GC(64) User=0.00s Sys=0.00s Real=0.00s
[1526.183s][info][gc,marking    ] GC(64) Concurrent Cleanup for Next Mark
[1526.183s][info][gc,marking    ] GC(64) Concurrent Cleanup for Next Mark 0.310ms
[1526.184s][info][gc            ] GC(64) Concurrent Cycle 41.875ms
[1541.343s][info][gc,start      ] GC(65) Pause Young (Normal) (G1 Evacuation Pause)
[1541.343s][info][gc,task       ] GC(65) Using 6 workers of 6 for evacuation
[1541.345s][info][gc,phases     ] GC(65)   Pre Evacuate Collection Set: 0.0ms
[1541.345s][info][gc,phases     ] GC(65)   Evacuate Collection Set: 1.4ms
[1541.345s][info][gc,phases     ] GC(65)   Post Evacuate Collection Set: 0.4ms
[1541.345s][info][gc,phases     ] GC(65)   Other: 0.3ms
[1541.345s][info][gc,heap       ] GC(65) Eden regions: 88->0(85)
[1541.345s][info][gc,heap       ] GC(65) Survivor regions: 8->8(12)
[1541.345s][info][gc,heap       ] GC(65) Old regions: 346->350
[1541.345s][info][gc,heap       ] GC(65) Humongous regions: 4->4
[1541.345s][info][gc,metaspace  ] GC(65) Metaspace: 46981K->46981K(1091584K)
[1541.345s][info][gc            ] GC(65) Pause Young (Normal) (G1 Evacuation Pause) 445M->361M(512M) 2.182ms
[1541.345s][info][gc,cpu        ] GC(65) User=0.00s Sys=0.00s Real=0.00s
[1556.849s][info][gc,start      ] GC(66) Pause Young (Concurrent Start) (G1 Evacuation Pause)
[1556.849s][info][gc,task       ] GC(66) Using 6 workers of 6 for evacuation
[1556.851s][info][gc,phases     ] GC(66)   Pre Evacuate Collection Set: 0.1ms
[1556.851s][info][gc,phases     ] GC(66)   Evacuate Collection Set: 1.5ms
[1556.851s][info][gc,phases     ] GC(66)   Post Evacuate Collection Set: 0.4ms
[1556.851s][info][gc,phases     ] GC(66)   Other: 0.3ms
[1556.851s][info][gc,heap       ] GC(66) Eden regions: 85->0(81)
[1556.851s][info][gc,heap       ] GC(66) Survivor regions: 8->9(12)
[1556.851s][info][gc,heap       ] GC(66) Old regions: 350->354
[1556.851s][info][gc,heap       ] GC(66) Humongous regions: 4->4
[1556.851s][info][gc,metaspace  ] GC(66) Metaspace: 46994K->46994K(1091584K)
[1556.851s][info][gc            ] GC(66) Pause Young (Concurrent Start) (G1 Evacuation Pause) 446M->365M(512M) 2.489ms
[1556.851s][info][gc,cpu        ] GC(66) User=0.09s Sys=0.00s Real=0.00s
[1556.851s][info][gc            ] GC(67) Concurrent Cycle
[1556.851s][info][gc,marking    ] GC(67) Concurrent Clear Claimed Marks
[1556.851s][info][gc,marking    ] GC(67) Concurrent Clear Claimed Marks 0.047ms
[1556.851s][info][gc,marking    ] GC(67) Concurrent Scan Root Regions
[1556.852s][info][gc,marking    ] GC(67) Concurrent Scan Root Regions 0.489ms
[1556.852s][info][gc,marking    ] GC(67) Concurrent Mark (1556.852s)
[1556.852s][info][gc,marking    ] GC(67) Concurrent Mark From Roots
[1556.852s][info][gc,task       ] GC(67) Using 2 workers of 2 for marking
[1556.865s][info][gc,marking    ] GC(67) Concurrent Mark From Roots 12.723ms
[1556.865s][info][gc,marking    ] GC(67) Concurrent Preclean
[1556.865s][info][gc,marking    ] GC(67) Concurrent Preclean 0.075ms
[1556.865s][info][gc,marking    ] GC(67) Concurrent Mark (1556.852s, 1556.865s) 12.861ms
[1556.865s][info][gc,start      ] GC(67) Pause Remark
[1556.868s][info][gc,stringtable] GC(67) Cleaned string and symbol table, strings: 18168 processed, 0 removed, symbols: 128677 processed, 0 removed
[1556.868s][info][gc            ] GC(67) Pause Remark 368M->366M(512M) 3.106ms
[1556.868s][info][gc,cpu        ] GC(67) User=0.09s Sys=0.00s Real=0.00s
[1556.868s][info][gc,marking    ] GC(67) Concurrent Rebuild Remembered Sets
[1556.874s][info][gc,marking    ] GC(67) Concurrent Rebuild Remembered Sets 6.180ms
[1556.875s][info][gc,start      ] GC(67) Pause Cleanup
[1556.875s][info][gc            ] GC(67) Pause Cleanup 366M->366M(512M) 0.168ms
[1556.875s][info][gc,cpu        ] GC(67) User=0.00s Sys=0.00s Real=0.00s
[1556.875s][info][gc,marking    ] GC(67) Concurrent Cleanup for Next Mark
[1556.875s][info][gc,marking    ] GC(67) Concurrent Cleanup for Next Mark 0.319ms
[1556.875s][info][gc            ] GC(67) Concurrent Cycle 24.021ms
[1571.240s][info][gc,start      ] GC(68) Pause Young (Normal) (G1 Evacuation Pause)
[1571.240s][info][gc,task       ] GC(68) Using 6 workers of 6 for evacuation
[1571.243s][info][gc,phases     ] GC(68)   Pre Evacuate Collection Set: 0.0ms
[1571.243s][info][gc,phases     ] GC(68)   Evacuate Collection Set: 2.3ms
[1571.243s][info][gc,phases     ] GC(68)   Post Evacuate Collection Set: 0.6ms
[1571.243s][info][gc,phases     ] GC(68)   Other: 0.5ms
[1571.243s][info][gc,heap       ] GC(68) Eden regions: 81->0(81)
[1571.243s][info][gc,heap       ] GC(68) Survivor regions: 9->8(12)
[1571.243s][info][gc,heap       ] GC(68) Old regions: 352->355
[1571.243s][info][gc,heap       ] GC(68) Humongous regions: 4->4
[1571.243s][info][gc,metaspace  ] GC(68) Metaspace: 46994K->46994K(1091584K)
[1571.243s][info][gc            ] GC(68) Pause Young (Normal) (G1 Evacuation Pause) 444M->366M(512M) 3.653ms
[1571.243s][info][gc,cpu        ] GC(68) User=0.00s Sys=0.00s Real=0.00s
[1585.310s][info][gc,start      ] GC(69) Pause Young (Concurrent Start) (G1 Evacuation Pause)
[1585.310s][info][gc,task       ] GC(69) Using 6 workers of 6 for evacuation
[1585.312s][info][gc,phases     ] GC(69)   Pre Evacuate Collection Set: 0.0ms
[1585.312s][info][gc,phases     ] GC(69)   Evacuate Collection Set: 1.7ms
[1585.312s][info][gc,phases     ] GC(69)   Post Evacuate Collection Set: 0.5ms
[1585.312s][info][gc,phases     ] GC(69)   Other: 0.3ms
[1585.312s][info][gc,heap       ] GC(69) Eden regions: 81->0(75)
[1585.312s][info][gc,heap       ] GC(69) Survivor regions: 8->9(12)
[1585.312s][info][gc,heap       ] GC(69) Old regions: 355->359
[1585.312s][info][gc,heap       ] GC(69) Humongous regions: 4->4
[1585.312s][info][gc,metaspace  ] GC(69) Metaspace: 46996K->46996K(1093632K)
[1585.312s][info][gc            ] GC(69) Pause Young (Concurrent Start) (G1 Evacuation Pause) 447M->371M(512M) 2.691ms
[1585.313s][info][gc,cpu        ] GC(69) User=0.00s Sys=0.00s Real=0.00s
[1585.313s][info][gc            ] GC(70) Concurrent Cycle
[1585.313s][info][gc,marking    ] GC(70) Concurrent Clear Claimed Marks
[1585.313s][info][gc,marking    ] GC(70) Concurrent Clear Claimed Marks 0.045ms
[1585.313s][info][gc,marking    ] GC(70) Concurrent Scan Root Regions
[1585.313s][info][gc,marking    ] GC(70) Concurrent Scan Root Regions 0.503ms
[1585.313s][info][gc,marking    ] GC(70) Concurrent Mark (1585.313s)
[1585.313s][info][gc,marking    ] GC(70) Concurrent Mark From Roots
[1585.313s][info][gc,task       ] GC(70) Using 2 workers of 2 for marking
[1585.330s][info][gc,marking    ] GC(70) Concurrent Mark From Roots 16.822ms
[1585.330s][info][gc,marking    ] GC(70) Concurrent Preclean
[1585.330s][info][gc,marking    ] GC(70) Concurrent Preclean 0.105ms
[1585.330s][info][gc,marking    ] GC(70) Concurrent Mark (1585.313s, 1585.330s) 17.021ms
[1585.330s][info][gc,start      ] GC(70) Pause Remark
[1585.334s][info][gc,stringtable] GC(70) Cleaned string and symbol table, strings: 18168 processed, 2 removed, symbols: 128677 processed, 0 removed
[1585.334s][info][gc            ] GC(70) Pause Remark 371M->369M(512M) 3.784ms
[1585.334s][info][gc,cpu        ] GC(70) User=0.09s Sys=0.00s Real=0.00s
[1585.334s][info][gc,marking    ] GC(70) Concurrent Rebuild Remembered Sets
[1585.342s][info][gc,marking    ] GC(70) Concurrent Rebuild Remembered Sets 7.884ms
[1585.343s][info][gc,start      ] GC(70) Pause Cleanup
[1585.343s][info][gc            ] GC(70) Pause Cleanup 369M->369M(512M) 0.151ms
[1585.343s][info][gc,cpu        ] GC(70) User=0.00s Sys=0.00s Real=0.00s
[1585.343s][info][gc,marking    ] GC(70) Concurrent Cleanup for Next Mark
[1585.343s][info][gc,marking    ] GC(70) Concurrent Cleanup for Next Mark 0.320ms
[1585.343s][info][gc            ] GC(70) Concurrent Cycle 30.565ms
[1599.648s][info][gc,start      ] GC(71) Pause Young (Normal) (G1 Evacuation Pause)
[1599.648s][info][gc,task       ] GC(71) Using 6 workers of 6 for evacuation
[1599.650s][info][gc,phases     ] GC(71)   Pre Evacuate Collection Set: 0.0ms
[1599.650s][info][gc,phases     ] GC(71)   Evacuate Collection Set: 1.4ms
[1599.650s][info][gc,phases     ] GC(71)   Post Evacuate Collection Set: 0.4ms
[1599.650s][info][gc,phases     ] GC(71)   Other: 0.2ms
[1599.650s][info][gc,heap       ] GC(71) Eden regions: 75->0(74)
[1599.650s][info][gc,heap       ] GC(71) Survivor regions: 9->8(11)
[1599.650s][info][gc,heap       ] GC(71) Old regions: 357->361
[1599.650s][info][gc,heap       ] GC(71) Humongous regions: 4->4
[1599.650s][info][gc,metaspace  ] GC(71) Metaspace: 46996K->46996K(1093632K)
[1599.650s][info][gc            ] GC(71) Pause Young (Normal) (G1 Evacuation Pause) 443M->372M(512M) 2.226ms
[1599.650s][info][gc,cpu        ] GC(71) User=0.00s Sys=0.00s Real=0.00s
[1612.153s][info][gc,start      ] GC(72) Pause Young (Concurrent Start) (G1 Evacuation Pause)
[1612.153s][info][gc,task       ] GC(72) Using 6 workers of 6 for evacuation
[1612.157s][info][gc,phases     ] GC(72)   Pre Evacuate Collection Set: 0.1ms
[1612.157s][info][gc,phases     ] GC(72)   Evacuate Collection Set: 2.9ms
[1612.157s][info][gc,phases     ] GC(72)   Post Evacuate Collection Set: 0.6ms
[1612.157s][info][gc,phases     ] GC(72)   Other: 0.7ms
[1612.157s][info][gc,heap       ] GC(72) Eden regions: 74->0(73)
[1612.157s][info][gc,heap       ] GC(72) Survivor regions: 8->7(11)
[1612.157s][info][gc,heap       ] GC(72) Old regions: 361->364
[1612.157s][info][gc,heap       ] GC(72) Humongous regions: 4->4
[1612.158s][info][gc,metaspace  ] GC(72) Metaspace: 46996K->46996K(1093632K)
[1612.158s][info][gc            ] GC(72) Pause Young (Concurrent Start) (G1 Evacuation Pause) 446M->374M(512M) 4.631ms
[1612.158s][info][gc,cpu        ] GC(72) User=0.00s Sys=0.00s Real=0.01s
[1612.158s][info][gc            ] GC(73) Concurrent Cycle
[1612.158s][info][gc,marking    ] GC(73) Concurrent Clear Claimed Marks
[1612.158s][info][gc,marking    ] GC(73) Concurrent Clear Claimed Marks 0.123ms
[1612.158s][info][gc,marking    ] GC(73) Concurrent Scan Root Regions
[1612.160s][info][gc,marking    ] GC(73) Concurrent Scan Root Regions 1.491ms
[1612.160s][info][gc,marking    ] GC(73) Concurrent Mark (1612.160s)
[1612.160s][info][gc,marking    ] GC(73) Concurrent Mark From Roots
[1612.160s][info][gc,task       ] GC(73) Using 2 workers of 2 for marking
[1612.187s][info][gc,marking    ] GC(73) Concurrent Mark From Roots 26.977ms
[1612.187s][info][gc,marking    ] GC(73) Concurrent Preclean
[1612.187s][info][gc,marking    ] GC(73) Concurrent Preclean 0.122ms
[1612.187s][info][gc,marking    ] GC(73) Concurrent Mark (1612.160s, 1612.187s) 27.213ms
[1612.187s][info][gc,start      ] GC(73) Pause Remark
[1612.191s][info][gc,stringtable] GC(73) Cleaned string and symbol table, strings: 18168 processed, 0 removed, symbols: 128677 processed, 0 removed
[1612.191s][info][gc            ] GC(73) Pause Remark 378M->378M(512M) 4.025ms
[1612.191s][info][gc,cpu        ] GC(73) User=0.00s Sys=0.00s Real=0.00s
[1612.191s][info][gc,marking    ] GC(73) Concurrent Rebuild Remembered Sets
[1612.200s][info][gc,marking    ] GC(73) Concurrent Rebuild Remembered Sets 9.040ms
[1612.201s][info][gc,start      ] GC(73) Pause Cleanup
[1612.201s][info][gc            ] GC(73) Pause Cleanup 378M->378M(512M) 0.176ms
[1612.201s][info][gc,cpu        ] GC(73) User=0.00s Sys=0.00s Real=0.00s
[1612.201s][info][gc,marking    ] GC(73) Concurrent Cleanup for Next Mark
[1612.201s][info][gc,marking    ] GC(73) Concurrent Cleanup for Next Mark 0.301ms
[1612.201s][info][gc            ] GC(73) Concurrent Cycle 43.477ms
[1624.157s][info][gc,start      ] GC(74) Pause Young (Normal) (G1 Evacuation Pause)
[1624.157s][info][gc,task       ] GC(74) Using 6 workers of 6 for evacuation
[1624.162s][info][gc,phases     ] GC(74)   Pre Evacuate Collection Set: 0.0ms
[1624.162s][info][gc,phases     ] GC(74)   Evacuate Collection Set: 3.5ms
[1624.162s][info][gc,phases     ] GC(74)   Post Evacuate Collection Set: 0.8ms
[1624.162s][info][gc,phases     ] GC(74)   Other: 0.6ms
[1624.162s][info][gc,heap       ] GC(74) Eden regions: 73->0(70)
[1624.162s][info][gc,heap       ] GC(74) Survivor regions: 7->7(10)
[1624.162s][info][gc,heap       ] GC(74) Old regions: 364->368
[1624.162s][info][gc,heap       ] GC(74) Humongous regions: 4->4
[1624.162s][info][gc,metaspace  ] GC(74) Metaspace: 46996K->46996K(1093632K)
[1624.162s][info][gc            ] GC(74) Pause Young (Normal) (G1 Evacuation Pause) 447M->377M(512M) 5.342ms
[1624.162s][info][gc,cpu        ] GC(74) User=0.00s Sys=0.00s Real=0.00s
[1638.113s][info][gc,start      ] GC(75) Pause Young (Concurrent Start) (G1 Evacuation Pause)
[1638.113s][info][gc,task       ] GC(75) Using 6 workers of 6 for evacuation
[1638.115s][info][gc,phases     ] GC(75)   Pre Evacuate Collection Set: 0.0ms
[1638.115s][info][gc,phases     ] GC(75)   Evacuate Collection Set: 1.3ms
[1638.115s][info][gc,phases     ] GC(75)   Post Evacuate Collection Set: 0.5ms
[1638.115s][info][gc,phases     ] GC(75)   Other: 0.2ms
[1638.115s][info][gc,heap       ] GC(75) Eden regions: 70->0(66)
[1638.115s][info][gc,heap       ] GC(75) Survivor regions: 7->8(10)
[1638.115s][info][gc,heap       ] GC(75) Old regions: 368->371
[1638.115s][info][gc,heap       ] GC(75) Humongous regions: 4->4
[1638.115s][info][gc,metaspace  ] GC(75) Metaspace: 46996K->46996K(1093632K)
[1638.115s][info][gc            ] GC(75) Pause Young (Concurrent Start) (G1 Evacuation Pause) 447M->381M(512M) 2.165ms
[1638.115s][info][gc,cpu        ] GC(75) User=0.00s Sys=0.02s Real=0.00s
[1638.115s][info][gc            ] GC(76) Concurrent Cycle
[1638.115s][info][gc,marking    ] GC(76) Concurrent Clear Claimed Marks
[1638.115s][info][gc,marking    ] GC(76) Concurrent Clear Claimed Marks 0.036ms
[1638.115s][info][gc,marking    ] GC(76) Concurrent Scan Root Regions
[1638.116s][info][gc,marking    ] GC(76) Concurrent Scan Root Regions 0.396ms
[1638.116s][info][gc,marking    ] GC(76) Concurrent Mark (1638.116s)
[1638.116s][info][gc,marking    ] GC(76) Concurrent Mark From Roots
[1638.116s][info][gc,task       ] GC(76) Using 2 workers of 2 for marking
[1638.128s][info][gc,marking    ] GC(76) Concurrent Mark From Roots 11.862ms
[1638.128s][info][gc,marking    ] GC(76) Concurrent Preclean
[1638.128s][info][gc,marking    ] GC(76) Concurrent Preclean 0.074ms
[1638.128s][info][gc,marking    ] GC(76) Concurrent Mark (1638.116s, 1638.128s) 11.998ms
[1638.128s][info][gc,start      ] GC(76) Pause Remark
[1638.131s][info][gc,stringtable] GC(76) Cleaned string and symbol table, strings: 18177 processed, 0 removed, symbols: 128677 processed, 0 removed
[1638.131s][info][gc            ] GC(76) Pause Remark 383M->383M(512M) 3.155ms
[1638.131s][info][gc,cpu        ] GC(76) User=0.09s Sys=0.00s Real=0.00s
[1638.131s][info][gc,marking    ] GC(76) Concurrent Rebuild Remembered Sets
[1638.138s][info][gc,marking    ] GC(76) Concurrent Rebuild Remembered Sets 6.663ms
[1638.138s][info][gc,start      ] GC(76) Pause Cleanup
[1638.138s][info][gc            ] GC(76) Pause Cleanup 383M->383M(512M) 0.180ms
[1638.138s][info][gc,cpu        ] GC(76) User=0.00s Sys=0.00s Real=0.00s
[1638.138s][info][gc,marking    ] GC(76) Concurrent Cleanup for Next Mark
[1638.139s][info][gc,marking    ] GC(76) Concurrent Cleanup for Next Mark 0.285ms
[1638.139s][info][gc            ] GC(76) Concurrent Cycle 23.525ms
[1650.153s][info][gc,start      ] GC(77) Pause Young (Normal) (G1 Evacuation Pause)
[1650.154s][info][gc,task       ] GC(77) Using 6 workers of 6 for evacuation
[1650.158s][info][gc,phases     ] GC(77)   Pre Evacuate Collection Set: 0.1ms
[1650.158s][info][gc,phases     ] GC(77)   Evacuate Collection Set: 2.8ms
[1650.158s][info][gc,phases     ] GC(77)   Post Evacuate Collection Set: 1.0ms
[1650.158s][info][gc,phases     ] GC(77)   Other: 0.6ms
[1650.158s][info][gc,heap       ] GC(77) Eden regions: 66->0(63)
[1650.158s][info][gc,heap       ] GC(77) Survivor regions: 8->8(10)
[1650.158s][info][gc,heap       ] GC(77) Old regions: 371->374
[1650.158s][info][gc,heap       ] GC(77) Humongous regions: 4->4
[1650.158s][info][gc,metaspace  ] GC(77) Metaspace: 46996K->46996K(1093632K)
[1650.158s][info][gc            ] GC(77) Pause Young (Normal) (G1 Evacuation Pause) 447M->384M(512M) 4.772ms
[1650.158s][info][gc,cpu        ] GC(77) User=0.00s Sys=0.00s Real=0.01s
[1660.830s][info][gc,start      ] GC(78) Pause Young (Concurrent Start) (G1 Evacuation Pause)
[1660.830s][info][gc,task       ] GC(78) Using 6 workers of 6 for evacuation
[1660.831s][info][gc,phases     ] GC(78)   Pre Evacuate Collection Set: 0.0ms
[1660.831s][info][gc,phases     ] GC(78)   Evacuate Collection Set: 1.2ms
[1660.831s][info][gc,phases     ] GC(78)   Post Evacuate Collection Set: 0.4ms
[1660.831s][info][gc,phases     ] GC(78)   Other: 0.2ms
[1660.831s][info][gc,heap       ] GC(78) Eden regions: 63->0(61)
[1660.831s][info][gc,heap       ] GC(78) Survivor regions: 8->7(9)
[1660.831s][info][gc,heap       ] GC(78) Old regions: 374->377
[1660.831s][info][gc,heap       ] GC(78) Humongous regions: 4->4
[1660.831s][info][gc,metaspace  ] GC(78) Metaspace: 46998K->46998K(1093632K)
[1660.831s][info][gc            ] GC(78) Pause Young (Concurrent Start) (G1 Evacuation Pause) 447M->387M(512M) 1.935ms
[1660.832s][info][gc,cpu        ] GC(78) User=0.00s Sys=0.00s Real=0.00s
[1660.832s][info][gc            ] GC(79) Concurrent Cycle
[1660.832s][info][gc,marking    ] GC(79) Concurrent Clear Claimed Marks
[1660.832s][info][gc,marking    ] GC(79) Concurrent Clear Claimed Marks 0.055ms
[1660.832s][info][gc,marking    ] GC(79) Concurrent Scan Root Regions
[1660.832s][info][gc,marking    ] GC(79) Concurrent Scan Root Regions 0.383ms
[1660.832s][info][gc,marking    ] GC(79) Concurrent Mark (1660.832s)
[1660.832s][info][gc,marking    ] GC(79) Concurrent Mark From Roots
[1660.832s][info][gc,task       ] GC(79) Using 2 workers of 2 for marking
[1660.844s][info][gc,marking    ] GC(79) Concurrent Mark From Roots 11.807ms
[1660.844s][info][gc,marking    ] GC(79) Concurrent Preclean
[1660.844s][info][gc,marking    ] GC(79) Concurrent Preclean 0.077ms
[1660.844s][info][gc,marking    ] GC(79) Concurrent Mark (1660.832s, 1660.844s) 11.949ms
[1660.844s][info][gc,start      ] GC(79) Pause Remark
[1660.847s][info][gc,stringtable] GC(79) Cleaned string and symbol table, strings: 18180 processed, 0 removed, symbols: 128677 processed, 0 removed
[1660.848s][info][gc            ] GC(79) Pause Remark 388M->388M(512M) 3.279ms
[1660.848s][info][gc,cpu        ] GC(79) User=0.00s Sys=0.00s Real=0.00s
[1660.848s][info][gc,marking    ] GC(79) Concurrent Rebuild Remembered Sets
[1660.854s][info][gc,marking    ] GC(79) Concurrent Rebuild Remembered Sets 6.599ms
[1660.855s][info][gc,start      ] GC(79) Pause Cleanup
[1660.855s][info][gc            ] GC(79) Pause Cleanup 388M->388M(512M) 0.186ms
[1660.855s][info][gc,cpu        ] GC(79) User=0.00s Sys=0.00s Real=0.00s
[1660.855s][info][gc,marking    ] GC(79) Concurrent Cleanup for Next Mark
[1660.855s][info][gc,marking    ] GC(79) Concurrent Cleanup for Next Mark 0.273ms
[1660.855s][info][gc            ] GC(79) Concurrent Cycle 23.562ms
[1672.746s][info][gc,start      ] GC(80) Pause Young (Normal) (G1 Evacuation Pause)
[1672.746s][info][gc,task       ] GC(80) Using 6 workers of 6 for evacuation
[1672.748s][info][gc,phases     ] GC(80)   Pre Evacuate Collection Set: 0.0ms
[1672.748s][info][gc,phases     ] GC(80)   Evacuate Collection Set: 1.0ms
[1672.748s][info][gc,phases     ] GC(80)   Post Evacuate Collection Set: 0.4ms
[1672.748s][info][gc,phases     ] GC(80)   Other: 0.2ms
[1672.748s][info][gc,heap       ] GC(80) Eden regions: 61->0(59)
[1672.748s][info][gc,heap       ] GC(80) Survivor regions: 7->6(9)
[1672.748s][info][gc,heap       ] GC(80) Old regions: 377->380
[1672.748s][info][gc,heap       ] GC(80) Humongous regions: 4->4
[1672.748s][info][gc,metaspace  ] GC(80) Metaspace: 46998K->46998K(1093632K)
[1672.748s][info][gc            ] GC(80) Pause Young (Normal) (G1 Evacuation Pause) 448M->389M(512M) 1.742ms
[1672.748s][info][gc,cpu        ] GC(80) User=0.00s Sys=0.00s Real=0.00s
[1683.816s][info][gc,start      ] GC(81) Pause Young (Concurrent Start) (G1 Evacuation Pause)
[1683.816s][info][gc,task       ] GC(81) Using 6 workers of 6 for evacuation
[1683.820s][info][gc,phases     ] GC(81)   Pre Evacuate Collection Set: 0.1ms
[1683.821s][info][gc,phases     ] GC(81)   Evacuate Collection Set: 2.7ms
[1683.821s][info][gc,phases     ] GC(81)   Post Evacuate Collection Set: 0.9ms
[1683.821s][info][gc,phases     ] GC(81)   Other: 0.6ms
[1683.821s][info][gc,heap       ] GC(81) Eden regions: 59->0(57)
[1683.821s][info][gc,heap       ] GC(81) Survivor regions: 6->6(9)
[1683.821s][info][gc,heap       ] GC(81) Old regions: 380->383
[1683.821s][info][gc,heap       ] GC(81) Humongous regions: 4->4
[1683.821s][info][gc,metaspace  ] GC(81) Metaspace: 47005K->47005K(1093632K)
[1683.821s][info][gc            ] GC(81) Pause Young (Concurrent Start) (G1 Evacuation Pause) 448M->392M(512M) 4.645ms
[1683.821s][info][gc,cpu        ] GC(81) User=0.06s Sys=0.00s Real=0.00s
[1683.821s][info][gc            ] GC(82) Concurrent Cycle
[1683.821s][info][gc,marking    ] GC(82) Concurrent Clear Claimed Marks
[1683.821s][info][gc,marking    ] GC(82) Concurrent Clear Claimed Marks 0.079ms
[1683.821s][info][gc,marking    ] GC(82) Concurrent Scan Root Regions
[1683.822s][info][gc,marking    ] GC(82) Concurrent Scan Root Regions 0.963ms
[1683.822s][info][gc,marking    ] GC(82) Concurrent Mark (1683.822s)
[1683.822s][info][gc,marking    ] GC(82) Concurrent Mark From Roots
[1683.822s][info][gc,task       ] GC(82) Using 2 workers of 2 for marking
[1683.851s][info][gc,marking    ] GC(82) Concurrent Mark From Roots 29.041ms
[1683.852s][info][gc,marking    ] GC(82) Concurrent Preclean
[1683.852s][info][gc,marking    ] GC(82) Concurrent Preclean 0.115ms
[1683.852s][info][gc,marking    ] GC(82) Concurrent Mark (1683.822s, 1683.852s) 29.268ms
[1683.852s][info][gc,start      ] GC(82) Pause Remark
[1683.855s][info][gc,stringtable] GC(82) Cleaned string and symbol table, strings: 18182 processed, 0 removed, symbols: 128677 processed, 0 removed
[1683.856s][info][gc            ] GC(82) Pause Remark 392M->392M(512M) 3.771ms
[1683.856s][info][gc,cpu        ] GC(82) User=0.00s Sys=0.00s Real=0.00s
[1683.856s][info][gc,marking    ] GC(82) Concurrent Rebuild Remembered Sets
[1683.865s][info][gc,marking    ] GC(82) Concurrent Rebuild Remembered Sets 8.776ms
[1683.865s][info][gc,start      ] GC(82) Pause Cleanup
[1683.865s][info][gc            ] GC(82) Pause Cleanup 392M->392M(512M) 0.160ms
[1683.865s][info][gc,cpu        ] GC(82) User=0.00s Sys=0.00s Real=0.00s
[1683.865s][info][gc,marking    ] GC(82) Concurrent Cleanup for Next Mark
[1683.865s][info][gc,marking    ] GC(82) Concurrent Cleanup for Next Mark 0.320ms
[1683.866s][info][gc            ] GC(82) Concurrent Cycle 44.375ms
[1693.288s][info][gc,start      ] GC(83) Pause Young (Normal) (G1 Evacuation Pause)
[1693.288s][info][gc,task       ] GC(83) Using 6 workers of 6 for evacuation
[1693.289s][info][gc,phases     ] GC(83)   Pre Evacuate Collection Set: 0.0ms
[1693.289s][info][gc,phases     ] GC(83)   Evacuate Collection Set: 1.1ms
[1693.289s][info][gc,phases     ] GC(83)   Post Evacuate Collection Set: 0.4ms
[1693.289s][info][gc,phases     ] GC(83)   Other: 0.2ms
[1693.289s][info][gc,heap       ] GC(83) Eden regions: 57->0(55)
[1693.289s][info][gc,heap       ] GC(83) Survivor regions: 6->6(8)
[1693.289s][info][gc,heap       ] GC(83) Old regions: 383->386
[1693.289s][info][gc,heap       ] GC(83) Humongous regions: 4->4
[1693.289s][info][gc,metaspace  ] GC(83) Metaspace: 47005K->47005K(1093632K)
[1693.289s][info][gc            ] GC(83) Pause Young (Normal) (G1 Evacuation Pause) 449M->394M(512M) 1.802ms
[1693.290s][info][gc,cpu        ] GC(83) User=0.00s Sys=0.00s Real=0.00s
[1702.521s][info][gc,start      ] GC(84) Pause Young (Concurrent Start) (G1 Evacuation Pause)
[1702.521s][info][gc,task       ] GC(84) Using 6 workers of 6 for evacuation
[1702.524s][info][gc,phases     ] GC(84)   Pre Evacuate Collection Set: 0.1ms
[1702.525s][info][gc,phases     ] GC(84)   Evacuate Collection Set: 2.0ms
[1702.525s][info][gc,phases     ] GC(84)   Post Evacuate Collection Set: 0.6ms
[1702.525s][info][gc,phases     ] GC(84)   Other: 0.4ms
[1702.525s][info][gc,heap       ] GC(84) Eden regions: 55->0(54)
[1702.525s][info][gc,heap       ] GC(84) Survivor regions: 6->5(8)
[1702.525s][info][gc,heap       ] GC(84) Old regions: 386->388
[1702.525s][info][gc,heap       ] GC(84) Humongous regions: 4->4
[1702.525s][info][gc,metaspace  ] GC(84) Metaspace: 47013K->47013K(1093632K)
[1702.525s][info][gc            ] GC(84) Pause Young (Concurrent Start) (G1 Evacuation Pause) 449M->396M(512M) 3.344ms
[1702.525s][info][gc,cpu        ] GC(84) User=0.00s Sys=0.00s Real=0.00s
[1702.525s][info][gc            ] GC(85) Concurrent Cycle
[1702.525s][info][gc,marking    ] GC(85) Concurrent Clear Claimed Marks
[1702.525s][info][gc,marking    ] GC(85) Concurrent Clear Claimed Marks 0.063ms
[1702.525s][info][gc,marking    ] GC(85) Concurrent Scan Root Regions
[1702.526s][info][gc,marking    ] GC(85) Concurrent Scan Root Regions 0.629ms
[1702.526s][info][gc,marking    ] GC(85) Concurrent Mark (1702.526s)
[1702.526s][info][gc,marking    ] GC(85) Concurrent Mark From Roots
[1702.526s][info][gc,task       ] GC(85) Using 2 workers of 2 for marking
[1702.541s][info][gc,marking    ] GC(85) Concurrent Mark From Roots 15.603ms
[1702.541s][info][gc,marking    ] GC(85) Concurrent Preclean
[1702.541s][info][gc,marking    ] GC(85) Concurrent Preclean 0.078ms
[1702.541s][info][gc,marking    ] GC(85) Concurrent Mark (1702.526s, 1702.541s) 15.754ms
[1702.542s][info][gc,start      ] GC(85) Pause Remark
[1702.545s][info][gc,stringtable] GC(85) Cleaned string and symbol table, strings: 18186 processed, 0 removed, symbols: 128677 processed, 0 removed
[1702.545s][info][gc            ] GC(85) Pause Remark 396M->396M(512M) 3.234ms
[1702.545s][info][gc,cpu        ] GC(85) User=0.00s Sys=0.00s Real=0.00s
[1702.545s][info][gc,marking    ] GC(85) Concurrent Rebuild Remembered Sets
[1702.552s][info][gc,marking    ] GC(85) Concurrent Rebuild Remembered Sets 6.771ms
[1702.552s][info][gc,start      ] GC(85) Pause Cleanup
[1702.552s][info][gc            ] GC(85) Pause Cleanup 396M->396M(512M) 0.180ms
[1702.552s][info][gc,cpu        ] GC(85) User=0.00s Sys=0.00s Real=0.00s
[1702.553s][info][gc,marking    ] GC(85) Concurrent Cleanup for Next Mark
[1702.553s][info][gc,marking    ] GC(85) Concurrent Cleanup for Next Mark 0.280ms
[1702.553s][info][gc            ] GC(85) Concurrent Cycle 27.916ms
[1712.095s][info][gc,start      ] GC(86) Pause Young (Normal) (G1 Evacuation Pause)
[1712.095s][info][gc,task       ] GC(86) Using 6 workers of 6 for evacuation
[1712.097s][info][gc,phases     ] GC(86)   Pre Evacuate Collection Set: 0.0ms
[1712.097s][info][gc,phases     ] GC(86)   Evacuate Collection Set: 1.4ms
[1712.097s][info][gc,phases     ] GC(86)   Post Evacuate Collection Set: 0.5ms
[1712.097s][info][gc,phases     ] GC(86)   Other: 0.3ms
[1712.097s][info][gc,heap       ] GC(86) Eden regions: 54->0(50)
[1712.097s][info][gc,heap       ] GC(86) Survivor regions: 5->6(8)
[1712.097s][info][gc,heap       ] GC(86) Old regions: 388->391
[1712.097s][info][gc,heap       ] GC(86) Humongous regions: 4->4
[1712.097s][info][gc,metaspace  ] GC(86) Metaspace: 47013K->47013K(1093632K)
[1712.097s][info][gc            ] GC(86) Pause Young (Normal) (G1 Evacuation Pause) 450M->399M(512M) 2.319ms
[1712.098s][info][gc,cpu        ] GC(86) User=0.00s Sys=0.00s Real=0.00s
[1720.992s][info][gc,start      ] GC(87) Pause Young (Concurrent Start) (G1 Evacuation Pause)
[1720.992s][info][gc,task       ] GC(87) Using 6 workers of 6 for evacuation
[1720.995s][info][gc,phases     ] GC(87)   Pre Evacuate Collection Set: 0.1ms
[1720.995s][info][gc,phases     ] GC(87)   Evacuate Collection Set: 2.0ms
[1720.995s][info][gc,phases     ] GC(87)   Post Evacuate Collection Set: 0.6ms
[1720.995s][info][gc,phases     ] GC(87)   Other: 0.4ms
[1720.995s][info][gc,heap       ] GC(87) Eden regions: 50->0(48)
[1720.995s][info][gc,heap       ] GC(87) Survivor regions: 6->6(7)
[1720.995s][info][gc,heap       ] GC(87) Old regions: 391->393
[1720.995s][info][gc,heap       ] GC(87) Humongous regions: 4->4
[1720.995s][info][gc,metaspace  ] GC(87) Metaspace: 47013K->47013K(1093632K)
[1720.995s][info][gc            ] GC(87) Pause Young (Concurrent Start) (G1 Evacuation Pause) 449M->401M(512M) 3.347ms
[1720.995s][info][gc,cpu        ] GC(87) User=0.00s Sys=0.00s Real=0.00s
[1720.995s][info][gc            ] GC(88) Concurrent Cycle
[1720.995s][info][gc,marking    ] GC(88) Concurrent Clear Claimed Marks
[1720.995s][info][gc,marking    ] GC(88) Concurrent Clear Claimed Marks 0.082ms
[1720.995s][info][gc,marking    ] GC(88) Concurrent Scan Root Regions
[1720.996s][info][gc,marking    ] GC(88) Concurrent Scan Root Regions 0.709ms
[1720.996s][info][gc,marking    ] GC(88) Concurrent Mark (1720.996s)
[1720.996s][info][gc,marking    ] GC(88) Concurrent Mark From Roots
[1720.996s][info][gc,task       ] GC(88) Using 2 workers of 2 for marking
[1721.011s][info][gc,marking    ] GC(88) Concurrent Mark From Roots 14.379ms
[1721.011s][info][gc,marking    ] GC(88) Concurrent Preclean
[1721.011s][info][gc,marking    ] GC(88) Concurrent Preclean 0.072ms
[1721.011s][info][gc,marking    ] GC(88) Concurrent Mark (1720.996s, 1721.011s) 14.521ms
[1721.011s][info][gc,start      ] GC(88) Pause Remark
[1721.014s][info][gc,stringtable] GC(88) Cleaned string and symbol table, strings: 18187 processed, 0 removed, symbols: 128677 processed, 0 removed
[1721.014s][info][gc            ] GC(88) Pause Remark 404M->404M(512M) 3.122ms
[1721.014s][info][gc,cpu        ] GC(88) User=0.00s Sys=0.00s Real=0.00s
[1721.014s][info][gc,marking    ] GC(88) Concurrent Rebuild Remembered Sets
[1721.021s][info][gc,marking    ] GC(88) Concurrent Rebuild Remembered Sets 6.782ms
[1721.021s][info][gc,start      ] GC(88) Pause Cleanup
[1721.021s][info][gc            ] GC(88) Pause Cleanup 404M->404M(512M) 0.189ms
[1721.021s][info][gc,cpu        ] GC(88) User=0.00s Sys=0.00s Real=0.00s
[1721.022s][info][gc,marking    ] GC(88) Concurrent Cleanup for Next Mark
[1721.022s][info][gc,marking    ] GC(88) Concurrent Cleanup for Next Mark 0.581ms
[1721.022s][info][gc            ] GC(88) Concurrent Cycle 26.940ms
[1729.689s][info][gc,start      ] GC(89) Pause Young (Normal) (G1 Evacuation Pause)
[1729.689s][info][gc,task       ] GC(89) Using 6 workers of 6 for evacuation
[1729.690s][info][gc,phases     ] GC(89)   Pre Evacuate Collection Set: 0.0ms
[1729.691s][info][gc,phases     ] GC(89)   Evacuate Collection Set: 1.1ms
[1729.691s][info][gc,phases     ] GC(89)   Post Evacuate Collection Set: 0.3ms
[1729.691s][info][gc,phases     ] GC(89)   Other: 0.2ms
[1729.691s][info][gc,heap       ] GC(89) Eden regions: 48->0(47)
[1729.691s][info][gc,heap       ] GC(89) Survivor regions: 6->5(7)
[1729.691s][info][gc,heap       ] GC(89) Old regions: 393->395
[1729.691s][info][gc,heap       ] GC(89) Humongous regions: 4->4
[1729.691s][info][gc,metaspace  ] GC(89) Metaspace: 47016K->47016K(1093632K)
[1729.691s][info][gc            ] GC(89) Pause Young (Normal) (G1 Evacuation Pause) 449M->403M(512M) 1.724ms
[1729.691s][info][gc,cpu        ] GC(89) User=0.00s Sys=0.00s Real=0.00s
[1737.888s][info][gc,start      ] GC(90) Pause Young (Concurrent Start) (G1 Evacuation Pause)
[1737.888s][info][gc,task       ] GC(90) Using 6 workers of 6 for evacuation
[1737.890s][info][gc,phases     ] GC(90)   Pre Evacuate Collection Set: 0.0ms
[1737.890s][info][gc,phases     ] GC(90)   Evacuate Collection Set: 1.4ms
[1737.890s][info][gc,phases     ] GC(90)   Post Evacuate Collection Set: 0.4ms
[1737.890s][info][gc,phases     ] GC(90)   Other: 0.2ms
[1737.890s][info][gc,heap       ] GC(90) Eden regions: 47->0(45)
[1737.890s][info][gc,heap       ] GC(90) Survivor regions: 5->5(7)
[1737.890s][info][gc,heap       ] GC(90) Old regions: 395->398
[1737.890s][info][gc,heap       ] GC(90) Humongous regions: 4->4
[1737.891s][info][gc,metaspace  ] GC(90) Metaspace: 47016K->47016K(1093632K)
[1737.891s][info][gc            ] GC(90) Pause Young (Concurrent Start) (G1 Evacuation Pause) 450M->405M(512M) 2.093ms
[1737.891s][info][gc,cpu        ] GC(90) User=0.00s Sys=0.00s Real=0.00s
[1737.891s][info][gc            ] GC(91) Concurrent Cycle
[1737.891s][info][gc,marking    ] GC(91) Concurrent Clear Claimed Marks
[1737.891s][info][gc,marking    ] GC(91) Concurrent Clear Claimed Marks 0.025ms
[1737.891s][info][gc,marking    ] GC(91) Concurrent Scan Root Regions
[1737.891s][info][gc,marking    ] GC(91) Concurrent Scan Root Regions 0.621ms
[1737.891s][info][gc,marking    ] GC(91) Concurrent Mark (1737.891s)
[1737.891s][info][gc,marking    ] GC(91) Concurrent Mark From Roots
[1737.891s][info][gc,task       ] GC(91) Using 2 workers of 2 for marking
[1737.904s][info][gc,marking    ] GC(91) Concurrent Mark From Roots 12.986ms
[1737.904s][info][gc,marking    ] GC(91) Concurrent Preclean
[1737.904s][info][gc,marking    ] GC(91) Concurrent Preclean 0.083ms
[1737.904s][info][gc,marking    ] GC(91) Concurrent Mark (1737.891s, 1737.904s) 13.120ms
[1737.905s][info][gc,start      ] GC(91) Pause Remark
[1737.908s][info][gc,stringtable] GC(91) Cleaned string and symbol table, strings: 18195 processed, 0 removed, symbols: 128677 processed, 0 removed
[1737.908s][info][gc            ] GC(91) Pause Remark 408M->406M(512M) 3.175ms
[1737.908s][info][gc,cpu        ] GC(91) User=0.00s Sys=0.00s Real=0.00s
[1737.908s][info][gc,marking    ] GC(91) Concurrent Rebuild Remembered Sets
[1737.915s][info][gc,marking    ] GC(91) Concurrent Rebuild Remembered Sets 7.117ms
[1737.915s][info][gc,start      ] GC(91) Pause Cleanup
[1737.916s][info][gc            ] GC(91) Pause Cleanup 406M->406M(512M) 0.176ms
[1737.916s][info][gc,cpu        ] GC(91) User=0.00s Sys=0.00s Real=0.00s
[1737.916s][info][gc,marking    ] GC(91) Concurrent Cleanup for Next Mark
[1737.916s][info][gc,marking    ] GC(91) Concurrent Cleanup for Next Mark 0.282ms
[1737.916s][info][gc            ] GC(91) Concurrent Cycle 25.395ms
[1745.243s][info][gc,start      ] GC(92) Pause Young (Normal) (G1 Evacuation Pause)
[1745.243s][info][gc,task       ] GC(92) Using 6 workers of 6 for evacuation
[1745.245s][info][gc,phases     ] GC(92)   Pre Evacuate Collection Set: 0.0ms
[1745.245s][info][gc,phases     ] GC(92)   Evacuate Collection Set: 1.2ms
[1745.245s][info][gc,phases     ] GC(92)   Post Evacuate Collection Set: 0.4ms
[1745.245s][info][gc,phases     ] GC(92)   Other: 0.3ms
[1745.245s][info][gc,heap       ] GC(92) Eden regions: 45->0(45)
[1745.245s][info][gc,heap       ] GC(92) Survivor regions: 5->5(7)
[1745.245s][info][gc,heap       ] GC(92) Old regions: 396->398
[1745.245s][info][gc,heap       ] GC(92) Humongous regions: 4->4
[1745.245s][info][gc,metaspace  ] GC(92) Metaspace: 47016K->47016K(1093632K)
[1745.245s][info][gc            ] GC(92) Pause Young (Normal) (G1 Evacuation Pause) 448M->405M(512M) 2.003ms
[1745.245s][info][gc,cpu        ] GC(92) User=0.00s Sys=0.00s Real=0.00s
[1755.932s][info][gc,start      ] GC(93) Pause Young (Concurrent Start) (G1 Evacuation Pause)
[1755.932s][info][gc,task       ] GC(93) Using 6 workers of 6 for evacuation
[1755.934s][info][gc,phases     ] GC(93)   Pre Evacuate Collection Set: 0.1ms
[1755.934s][info][gc,phases     ] GC(93)   Evacuate Collection Set: 1.5ms
[1755.934s][info][gc,phases     ] GC(93)   Post Evacuate Collection Set: 0.4ms
[1755.934s][info][gc,phases     ] GC(93)   Other: 0.3ms
[1755.934s][info][gc,heap       ] GC(93) Eden regions: 45->0(43)
[1755.934s][info][gc,heap       ] GC(93) Survivor regions: 5->5(7)
[1755.934s][info][gc,heap       ] GC(93) Old regions: 398->400
[1755.934s][info][gc,heap       ] GC(93) Humongous regions: 4->4
[1755.934s][info][gc,metaspace  ] GC(93) Metaspace: 47016K->47016K(1093632K)
[1755.934s][info][gc            ] GC(93) Pause Young (Concurrent Start) (G1 Evacuation Pause) 450M->407M(512M) 2.333ms
[1755.934s][info][gc,cpu        ] GC(93) User=0.00s Sys=0.00s Real=0.00s
[1755.934s][info][gc            ] GC(94) Concurrent Cycle
[1755.934s][info][gc,marking    ] GC(94) Concurrent Clear Claimed Marks
[1755.934s][info][gc,marking    ] GC(94) Concurrent Clear Claimed Marks 0.021ms
[1755.934s][info][gc,marking    ] GC(94) Concurrent Scan Root Regions
[1755.935s][info][gc,marking    ] GC(94) Concurrent Scan Root Regions 0.436ms
[1755.935s][info][gc,marking    ] GC(94) Concurrent Mark (1755.935s)
[1755.935s][info][gc,marking    ] GC(94) Concurrent Mark From Roots
[1755.935s][info][gc,task       ] GC(94) Using 2 workers of 2 for marking
[1755.947s][info][gc,marking    ] GC(94) Concurrent Mark From Roots 12.388ms
[1755.947s][info][gc,marking    ] GC(94) Concurrent Preclean
[1755.947s][info][gc,marking    ] GC(94) Concurrent Preclean 0.084ms
[1755.947s][info][gc,marking    ] GC(94) Concurrent Mark (1755.935s, 1755.947s) 12.527ms
[1755.948s][info][gc,start      ] GC(94) Pause Remark
[1755.950s][info][gc,stringtable] GC(94) Cleaned string and symbol table, strings: 18195 processed, 0 removed, symbols: 128677 processed, 0 removed
[1755.951s][info][gc            ] GC(94) Pause Remark 411M->410M(512M) 3.155ms
[1755.951s][info][gc,cpu        ] GC(94) User=0.00s Sys=0.00s Real=0.00s
[1755.951s][info][gc,marking    ] GC(94) Concurrent Rebuild Remembered Sets
[1755.958s][info][gc,marking    ] GC(94) Concurrent Rebuild Remembered Sets 6.992ms
[1755.958s][info][gc,start      ] GC(94) Pause Cleanup
[1755.958s][info][gc            ] GC(94) Pause Cleanup 410M->410M(512M) 0.198ms
[1755.958s][info][gc,cpu        ] GC(94) User=0.00s Sys=0.00s Real=0.00s
[1755.958s][info][gc,marking    ] GC(94) Concurrent Cleanup for Next Mark
[1755.959s][info][gc,marking    ] GC(94) Concurrent Cleanup for Next Mark 0.277ms
[1755.959s][info][gc            ] GC(94) Concurrent Cycle 24.428ms
[1764.692s][info][gc,start      ] GC(95) Pause Young (Normal) (G1 Evacuation Pause)
[1764.692s][info][gc,task       ] GC(95) Using 6 workers of 6 for evacuation
[1764.693s][info][gc,phases     ] GC(95)   Pre Evacuate Collection Set: 0.0ms
[1764.693s][info][gc,phases     ] GC(95)   Evacuate Collection Set: 1.0ms
[1764.693s][info][gc,phases     ] GC(95)   Post Evacuate Collection Set: 0.3ms
[1764.693s][info][gc,phases     ] GC(95)   Other: 0.3ms
[1764.693s][info][gc,heap       ] GC(95) Eden regions: 43->0(42)
[1764.693s][info][gc,heap       ] GC(95) Survivor regions: 5->5(6)
[1764.693s][info][gc,heap       ] GC(95) Old regions: 399->401
[1764.693s][info][gc,heap       ] GC(95) Humongous regions: 4->4
[1764.693s][info][gc,metaspace  ] GC(95) Metaspace: 47092K->47092K(1093632K)
[1764.693s][info][gc            ] GC(95) Pause Young (Normal) (G1 Evacuation Pause) 449M->408M(512M) 1.726ms
[1764.694s][info][gc,cpu        ] GC(95) User=0.00s Sys=0.00s Real=0.00s
[1770.950s][info][gc,start      ] GC(96) Pause Young (Concurrent Start) (G1 Evacuation Pause)
[1770.950s][info][gc,task       ] GC(96) Using 6 workers of 6 for evacuation
[1770.952s][info][gc,phases     ] GC(96)   Pre Evacuate Collection Set: 0.1ms
[1770.952s][info][gc,phases     ] GC(96)   Evacuate Collection Set: 1.1ms
[1770.952s][info][gc,phases     ] GC(96)   Post Evacuate Collection Set: 0.3ms
[1770.952s][info][gc,phases     ] GC(96)   Other: 0.6ms
[1770.952s][info][gc,heap       ] GC(96) Eden regions: 42->0(43)
[1770.952s][info][gc,heap       ] GC(96) Survivor regions: 5->3(6)
[1770.952s][info][gc,heap       ] GC(96) Old regions: 401->403
[1770.952s][info][gc,heap       ] GC(96) Humongous regions: 4->4
[1770.952s][info][gc,metaspace  ] GC(96) Metaspace: 47092K->47092K(1093632K)
[1770.952s][info][gc            ] GC(96) Pause Young (Concurrent Start) (G1 Evacuation Pause) 450M->409M(512M) 2.137ms
[1770.952s][info][gc,cpu        ] GC(96) User=0.00s Sys=0.00s Real=0.00s
[1770.952s][info][gc            ] GC(97) Concurrent Cycle
[1770.952s][info][gc,marking    ] GC(97) Concurrent Clear Claimed Marks
[1770.952s][info][gc,marking    ] GC(97) Concurrent Clear Claimed Marks 0.016ms
[1770.952s][info][gc,marking    ] GC(97) Concurrent Scan Root Regions
[1770.953s][info][gc,marking    ] GC(97) Concurrent Scan Root Regions 0.435ms
[1770.953s][info][gc,marking    ] GC(97) Concurrent Mark (1770.953s)
[1770.953s][info][gc,marking    ] GC(97) Concurrent Mark From Roots
[1770.953s][info][gc,task       ] GC(97) Using 2 workers of 2 for marking
[1770.964s][info][gc,marking    ] GC(97) Concurrent Mark From Roots 11.661ms
[1770.964s][info][gc,marking    ] GC(97) Concurrent Preclean
[1770.965s][info][gc,marking    ] GC(97) Concurrent Preclean 0.082ms
[1770.965s][info][gc,marking    ] GC(97) Concurrent Mark (1770.953s, 1770.965s) 11.816ms
[1770.965s][info][gc,start      ] GC(97) Pause Remark
[1770.968s][info][gc,stringtable] GC(97) Cleaned string and symbol table, strings: 18234 processed, 0 removed, symbols: 128806 processed, 0 removed
[1770.968s][info][gc            ] GC(97) Pause Remark 411M->411M(512M) 3.449ms
[1770.968s][info][gc,cpu        ] GC(97) User=0.00s Sys=0.00s Real=0.00s
[1770.969s][info][gc,marking    ] GC(97) Concurrent Rebuild Remembered Sets
[1770.976s][info][gc,marking    ] GC(97) Concurrent Rebuild Remembered Sets 7.086ms
[1770.976s][info][gc,start      ] GC(97) Pause Cleanup
[1770.976s][info][gc            ] GC(97) Pause Cleanup 411M->411M(512M) 0.210ms
[1770.976s][info][gc,cpu        ] GC(97) User=0.00s Sys=0.00s Real=0.00s
[1770.976s][info][gc,marking    ] GC(97) Concurrent Cleanup for Next Mark
[1770.977s][info][gc,marking    ] GC(97) Concurrent Cleanup for Next Mark 0.336ms
[1770.977s][info][gc            ] GC(97) Concurrent Cycle 24.350ms
[1774.366s][info][gc,start      ] GC(98) Pause Young (Normal) (G1 Evacuation Pause)
[1774.366s][info][gc,task       ] GC(98) Using 6 workers of 6 for evacuation
[1774.368s][info][gc,phases     ] GC(98)   Pre Evacuate Collection Set: 0.0ms
[1774.368s][info][gc,phases     ] GC(98)   Evacuate Collection Set: 1.3ms
[1774.368s][info][gc,phases     ] GC(98)   Post Evacuate Collection Set: 0.5ms
[1774.368s][info][gc,phases     ] GC(98)   Other: 0.4ms
[1774.368s][info][gc,heap       ] GC(98) Eden regions: 43->0(44)
[1774.368s][info][gc,heap       ] GC(98) Survivor regions: 3->2(6)
[1774.368s][info][gc,heap       ] GC(98) Old regions: 403->403
[1774.368s][info][gc,heap       ] GC(98) Humongous regions: 4->4
[1774.368s][info][gc,metaspace  ] GC(98) Metaspace: 47092K->47092K(1093632K)
[1774.368s][info][gc            ] GC(98) Pause Young (Normal) (G1 Evacuation Pause) 451M->408M(512M) 2.397ms
[1774.369s][info][gc,cpu        ] GC(98) User=0.00s Sys=0.00s Real=0.00s
[1777.705s][info][gc,start      ] GC(99) Pause Young (Concurrent Start) (G1 Evacuation Pause)
[1777.705s][info][gc,task       ] GC(99) Using 6 workers of 6 for evacuation
[1777.707s][info][gc,phases     ] GC(99)   Pre Evacuate Collection Set: 0.0ms
[1777.707s][info][gc,phases     ] GC(99)   Evacuate Collection Set: 1.0ms
[1777.707s][info][gc,phases     ] GC(99)   Post Evacuate Collection Set: 0.4ms
[1777.707s][info][gc,phases     ] GC(99)   Other: 0.2ms
[1777.707s][info][gc,heap       ] GC(99) Eden regions: 44->0(44)
[1777.707s][info][gc,heap       ] GC(99) Survivor regions: 2->2(6)
[1777.707s][info][gc,heap       ] GC(99) Old regions: 403->403
[1777.707s][info][gc,heap       ] GC(99) Humongous regions: 4->4
[1777.707s][info][gc,metaspace  ] GC(99) Metaspace: 47092K->47092K(1093632K)
[1777.707s][info][gc            ] GC(99) Pause Young (Concurrent Start) (G1 Evacuation Pause) 452M->408M(512M) 1.730ms
[1777.707s][info][gc,cpu        ] GC(99) User=0.00s Sys=0.00s Real=0.00s
[1777.707s][info][gc            ] GC(100) Concurrent Cycle
[1777.707s][info][gc,marking    ] GC(100) Concurrent Clear Claimed Marks
[1777.707s][info][gc,marking    ] GC(100) Concurrent Clear Claimed Marks 0.039ms
[1777.707s][info][gc,marking    ] GC(100) Concurrent Scan Root Regions
[1777.707s][info][gc,marking    ] GC(100) Concurrent Scan Root Regions 0.421ms
[1777.707s][info][gc,marking    ] GC(100) Concurrent Mark (1777.707s)
[1777.707s][info][gc,marking    ] GC(100) Concurrent Mark From Roots
[1777.707s][info][gc,task       ] GC(100) Using 2 workers of 2 for marking
[1777.723s][info][gc,marking    ] GC(100) Concurrent Mark From Roots 15.834ms
[1777.723s][info][gc,marking    ] GC(100) Concurrent Preclean
[1777.723s][info][gc,marking    ] GC(100) Concurrent Preclean 0.100ms
[1777.723s][info][gc,marking    ] GC(100) Concurrent Mark (1777.707s, 1777.723s) 16.018ms
[1777.724s][info][gc,start      ] GC(100) Pause Remark
[1777.727s][info][gc,stringtable] GC(100) Cleaned string and symbol table, strings: 18234 processed, 0 removed, symbols: 128806 processed, 0 removed
[1777.727s][info][gc            ] GC(100) Pause Remark 412M->412M(512M) 3.513ms
[1777.727s][info][gc,cpu        ] GC(100) User=0.02s Sys=0.00s Real=0.00s
[1777.727s][info][gc,marking    ] GC(100) Concurrent Rebuild Remembered Sets
[1777.735s][info][gc,marking    ] GC(100) Concurrent Rebuild Remembered Sets 7.846ms
[1777.736s][info][gc,start      ] GC(100) Pause Cleanup
[1777.736s][info][gc            ] GC(100) Pause Cleanup 412M->412M(512M) 0.155ms
[1777.736s][info][gc,cpu        ] GC(100) User=0.00s Sys=0.00s Real=0.00s
[1777.736s][info][gc,marking    ] GC(100) Concurrent Cleanup for Next Mark
[1777.736s][info][gc,marking    ] GC(100) Concurrent Cleanup for Next Mark 0.687ms
[1777.736s][info][gc            ] GC(100) Concurrent Cycle 29.595ms
[1781.307s][info][gc,start      ] GC(101) Pause Young (Normal) (G1 Evacuation Pause)
[1781.307s][info][gc,task       ] GC(101) Using 6 workers of 6 for evacuation
[1781.312s][info][gc,phases     ] GC(101)   Pre Evacuate Collection Set: 0.0ms
[1781.312s][info][gc,phases     ] GC(101)   Evacuate Collection Set: 3.2ms
[1781.312s][info][gc,phases     ] GC(101)   Post Evacuate Collection Set: 0.9ms
[1781.312s][info][gc,phases     ] GC(101)   Other: 0.6ms
[1781.312s][info][gc,heap       ] GC(101) Eden regions: 44->0(45)
[1781.312s][info][gc,heap       ] GC(101) Survivor regions: 2->2(6)
[1781.312s][info][gc,heap       ] GC(101) Old regions: 403->403
[1781.312s][info][gc,heap       ] GC(101) Humongous regions: 4->4
[1781.312s][info][gc,metaspace  ] GC(101) Metaspace: 47092K->47092K(1093632K)
[1781.312s][info][gc            ] GC(101) Pause Young (Normal) (G1 Evacuation Pause) 452M->408M(512M) 5.046ms
[1781.312s][info][gc,cpu        ] GC(101) User=0.00s Sys=0.00s Real=0.01s
[1785.364s][info][gc,start      ] GC(102) Pause Young (Concurrent Start) (G1 Evacuation Pause)
[1785.364s][info][gc,task       ] GC(102) Using 6 workers of 6 for evacuation
[1785.369s][info][gc,phases     ] GC(102)   Pre Evacuate Collection Set: 0.1ms
[1785.369s][info][gc,phases     ] GC(102)   Evacuate Collection Set: 2.9ms
[1785.369s][info][gc,phases     ] GC(102)   Post Evacuate Collection Set: 0.8ms
[1785.369s][info][gc,phases     ] GC(102)   Other: 0.7ms
[1785.369s][info][gc,heap       ] GC(102) Eden regions: 45->0(45)
[1785.369s][info][gc,heap       ] GC(102) Survivor regions: 2->2(6)
[1785.369s][info][gc,heap       ] GC(102) Old regions: 403->403
[1785.369s][info][gc,heap       ] GC(102) Humongous regions: 4->4
[1785.369s][info][gc,metaspace  ] GC(102) Metaspace: 47092K->47092K(1093632K)
[1785.369s][info][gc            ] GC(102) Pause Young (Concurrent Start) (G1 Evacuation Pause) 453M->408M(512M) 4.708ms
[1785.369s][info][gc,cpu        ] GC(102) User=0.00s Sys=0.00s Real=0.00s
[1785.369s][info][gc            ] GC(103) Concurrent Cycle
[1785.369s][info][gc,marking    ] GC(103) Concurrent Clear Claimed Marks
[1785.369s][info][gc,marking    ] GC(103) Concurrent Clear Claimed Marks 0.080ms
[1785.369s][info][gc,marking    ] GC(103) Concurrent Scan Root Regions
[1785.371s][info][gc,marking    ] GC(103) Concurrent Scan Root Regions 1.273ms
[1785.371s][info][gc,marking    ] GC(103) Concurrent Mark (1785.371s)
[1785.371s][info][gc,marking    ] GC(103) Concurrent Mark From Roots
[1785.371s][info][gc,task       ] GC(103) Using 2 workers of 2 for marking
[1785.398s][info][gc,marking    ] GC(103) Concurrent Mark From Roots 27.335ms
[1785.398s][info][gc,marking    ] GC(103) Concurrent Preclean
[1785.398s][info][gc,marking    ] GC(103) Concurrent Preclean 0.113ms
[1785.398s][info][gc,marking    ] GC(103) Concurrent Mark (1785.371s, 1785.398s) 27.557ms
[1785.399s][info][gc,start      ] GC(103) Pause Remark
[1785.402s][info][gc,stringtable] GC(103) Cleaned string and symbol table, strings: 18235 processed, 0 removed, symbols: 128806 processed, 0 removed
[1785.403s][info][gc            ] GC(103) Pause Remark 408M->408M(512M) 3.928ms
[1785.403s][info][gc,cpu        ] GC(103) User=0.00s Sys=0.00s Real=0.00s
[1785.403s][info][gc,marking    ] GC(103) Concurrent Rebuild Remembered Sets
[1785.411s][info][gc,marking    ] GC(103) Concurrent Rebuild Remembered Sets 8.627ms
[1785.412s][info][gc,start      ] GC(103) Pause Cleanup
[1785.412s][info][gc            ] GC(103) Pause Cleanup 408M->408M(512M) 0.179ms
[1785.412s][info][gc,cpu        ] GC(103) User=0.00s Sys=0.00s Real=0.00s
[1785.412s][info][gc,marking    ] GC(103) Concurrent Cleanup for Next Mark
[1785.413s][info][gc,marking    ] GC(103) Concurrent Cleanup for Next Mark 0.556ms
[1785.413s][info][gc            ] GC(103) Concurrent Cycle 43.466ms
[1789.219s][info][gc,start      ] GC(104) Pause Young (Normal) (G1 Evacuation Pause)
[1789.219s][info][gc,task       ] GC(104) Using 6 workers of 6 for evacuation
[1789.224s][info][gc,phases     ] GC(104)   Pre Evacuate Collection Set: 0.0ms
[1789.224s][info][gc,phases     ] GC(104)   Evacuate Collection Set: 3.3ms
[1789.224s][info][gc,phases     ] GC(104)   Post Evacuate Collection Set: 1.0ms
[1789.224s][info][gc,phases     ] GC(104)   Other: 0.7ms
[1789.224s][info][gc,heap       ] GC(104) Eden regions: 45->0(45)
[1789.224s][info][gc,heap       ] GC(104) Survivor regions: 2->2(6)
[1789.224s][info][gc,heap       ] GC(104) Old regions: 403->403
[1789.224s][info][gc,heap       ] GC(104) Humongous regions: 4->4
[1789.224s][info][gc,metaspace  ] GC(104) Metaspace: 47092K->47092K(1093632K)
[1789.225s][info][gc            ] GC(104) Pause Young (Normal) (G1 Evacuation Pause) 453M->408M(512M) 5.291ms
[1789.225s][info][gc,cpu        ] GC(104) User=0.00s Sys=0.00s Real=0.00s
[1792.949s][info][gc,start      ] GC(105) Pause Young (Concurrent Start) (G1 Evacuation Pause)
[1792.949s][info][gc,task       ] GC(105) Using 6 workers of 6 for evacuation
[1792.951s][info][gc,phases     ] GC(105)   Pre Evacuate Collection Set: 0.0ms
[1792.951s][info][gc,phases     ] GC(105)   Evacuate Collection Set: 1.3ms
[1792.951s][info][gc,phases     ] GC(105)   Post Evacuate Collection Set: 0.3ms
[1792.951s][info][gc,phases     ] GC(105)   Other: 0.2ms
[1792.951s][info][gc,heap       ] GC(105) Eden regions: 45->0(45)
[1792.951s][info][gc,heap       ] GC(105) Survivor regions: 2->3(6)
[1792.951s][info][gc,heap       ] GC(105) Old regions: 403->403
[1792.951s][info][gc,heap       ] GC(105) Humongous regions: 4->4
[1792.951s][info][gc,metaspace  ] GC(105) Metaspace: 47204K->47204K(1093632K)
[1792.951s][info][gc            ] GC(105) Pause Young (Concurrent Start) (G1 Evacuation Pause) 453M->408M(512M) 1.909ms
[1792.951s][info][gc,cpu        ] GC(105) User=0.00s Sys=0.00s Real=0.00s
[1792.951s][info][gc            ] GC(106) Concurrent Cycle
[1792.951s][info][gc,marking    ] GC(106) Concurrent Clear Claimed Marks
[1792.951s][info][gc,marking    ] GC(106) Concurrent Clear Claimed Marks 0.014ms
[1792.951s][info][gc,marking    ] GC(106) Concurrent Scan Root Regions
[1792.951s][info][gc,marking    ] GC(106) Concurrent Scan Root Regions 0.506ms
[1792.951s][info][gc,marking    ] GC(106) Concurrent Mark (1792.951s)
[1792.951s][info][gc,marking    ] GC(106) Concurrent Mark From Roots
[1792.951s][info][gc,task       ] GC(106) Using 2 workers of 2 for marking
[1792.969s][info][gc,marking    ] GC(106) Concurrent Mark From Roots 17.266ms
[1792.969s][info][gc,marking    ] GC(106) Concurrent Preclean
[1792.969s][info][gc,marking    ] GC(106) Concurrent Preclean 0.086ms
[1792.969s][info][gc,marking    ] GC(106) Concurrent Mark (1792.951s, 1792.969s) 17.409ms
[1792.969s][info][gc,start      ] GC(106) Pause Remark
[1792.972s][info][gc,stringtable] GC(106) Cleaned string and symbol table, strings: 18335 processed, 0 removed, symbols: 129100 processed, 0 removed
[1792.973s][info][gc            ] GC(106) Pause Remark 409M->409M(512M) 3.670ms
[1792.973s][info][gc,cpu        ] GC(106) User=0.00s Sys=0.00s Real=0.00s
[1792.973s][info][gc,marking    ] GC(106) Concurrent Rebuild Remembered Sets
[1792.979s][info][gc,marking    ] GC(106) Concurrent Rebuild Remembered Sets 6.614ms
[1792.980s][info][gc,start      ] GC(106) Pause Cleanup
[1792.980s][info][gc            ] GC(106) Pause Cleanup 409M->409M(512M) 0.161ms
[1792.980s][info][gc,cpu        ] GC(106) User=0.00s Sys=0.00s Real=0.00s
[1792.980s][info][gc,marking    ] GC(106) Concurrent Cleanup for Next Mark
[1792.980s][info][gc,marking    ] GC(106) Concurrent Cleanup for Next Mark 0.271ms
[1792.980s][info][gc            ] GC(106) Concurrent Cycle 29.544ms
[1795.973s][info][gc,start      ] GC(107) Pause Young (Normal) (G1 Evacuation Pause)
[1795.973s][info][gc,task       ] GC(107) Using 6 workers of 6 for evacuation
[1795.975s][info][gc,phases     ] GC(107)   Pre Evacuate Collection Set: 0.0ms
[1795.975s][info][gc,phases     ] GC(107)   Evacuate Collection Set: 1.0ms
[1795.975s][info][gc,phases     ] GC(107)   Post Evacuate Collection Set: 0.5ms
[1795.975s][info][gc,phases     ] GC(107)   Other: 0.2ms
[1795.975s][info][gc,heap       ] GC(107) Eden regions: 45->0(43)
[1795.975s][info][gc,heap       ] GC(107) Survivor regions: 3->5(6)
[1795.975s][info][gc,heap       ] GC(107) Old regions: 403->403
[1795.975s][info][gc,heap       ] GC(107) Humongous regions: 4->4
[1795.975s][info][gc,metaspace  ] GC(107) Metaspace: 47386K->47386K(1093632K)
[1795.975s][info][gc            ] GC(107) Pause Young (Normal) (G1 Evacuation Pause) 453M->411M(512M) 1.860ms
[1795.975s][info][gc,cpu        ] GC(107) User=0.00s Sys=0.00s Real=0.00s
[1795.976s][info][gc,heap,exit  ] Heap
[1795.976s][info][gc,heap,exit  ]  garbage-first heap   total 524288K, used 421235K [0x00000000e0000000, 0x0000000100000000)
[1795.976s][info][gc,heap,exit  ]   region size 1024K, 6 young (6144K), 5 survivors (5120K)
[1795.976s][info][gc,heap,exit  ]  Metaspace       used 47386K, capacity 48049K, committed 48592K, reserved 1093632K
[1795.976s][info][gc,heap,exit  ]   class space    used 4876K, capacity 5091K, committed 5248K, reserved 1048576K
