[0.009s][info][gc] Using G1
[0.012s][info][gc,init] Version: 17.0.8.1+8-LTS (release)
[0.012s][info][gc,init] CPUs: 6 total, 6 available
[0.012s][info][gc,init] Memory: 65480M
[0.013s][info][gc,init] Large Page Support: Disabled
[0.013s][info][gc,init] NUMA Support: Disabled
[0.013s][info][gc,init] Compressed Oops: Enabled (32-bit)
[0.013s][info][gc,init] Heap Region Size: 1M
[0.013s][info][gc,init] Heap Min Capacity: 8M
[0.013s][info][gc,init] Heap Initial Capacity: 640M
[0.013s][info][gc,init] Heap Max Capacity: 640M
[0.013s][info][gc,init] Pre-touch: Disabled
[0.013s][info][gc,init] Parallel Workers: 6
[0.013s][info][gc,init] Concurrent Workers: 2
[0.013s][info][gc,init] Concurrent Refinement Workers: 6
[0.013s][info][gc,init] Periodic GC: Disabled
[0.024s][info][gc,metaspace] CDS archive(s) mapped at: [0x0000020e80000000-0x0000020e80bd0000-0x0000020e80bd0000), size 12386304, SharedBaseAddress: 0x0000020e80000000, ArchiveRelocationMode: 1.
[0.024s][info][gc,metaspace] Compressed class space mapped at: 0x0000020e81000000-0x0000020ec1000000, reserved size: 1073741824
[0.024s][info][gc,metaspace] Narrow klass base: 0x0000020e80000000, Narrow klass shift: 0, Narrow klass range: 0x100000000
[0.742s][info][gc,start    ] GC(0) Pause Young (Normal) (G1 Evacuation Pause)
[0.742s][info][gc,task     ] GC(0) Using 6 workers of 6 for evacuation
[0.759s][info][gc,phases   ] GC(0)   Pre Evacuate Collection Set: 0.1ms
[0.759s][info][gc,phases   ] GC(0)   Merge Heap Roots: 0.0ms
[0.759s][info][gc,phases   ] GC(0)   Evacuate Collection Set: 16.1ms
[0.759s][info][gc,phases   ] GC(0)   Post Evacuate Collection Set: 0.5ms
[0.759s][info][gc,phases   ] GC(0)   Other: 0.3ms
[0.759s][info][gc,heap     ] GC(0) Eden regions: 32->0(34)
[0.759s][info][gc,heap     ] GC(0) Survivor regions: 0->4(4)
[0.759s][info][gc,heap     ] GC(0) Old regions: 0->2
[0.759s][info][gc,heap     ] GC(0) Archive regions: 0->0
[0.759s][info][gc,heap     ] GC(0) Humongous regions: 4->4
[0.759s][info][gc,metaspace] GC(0) Metaspace: 11640K(11840K)->11640K(11840K) NonClass: 10277K(10368K)->10277K(10368K) Class: 1363K(1472K)->1363K(1472K)
[0.759s][info][gc          ] GC(0) Pause Young (Normal) (G1 Evacuation Pause) 36M->9M(640M) 17.192ms
[0.759s][info][gc,cpu      ] GC(0) User=0.02s Sys=0.00s Real=0.02s
[1.323s][info][gc,start    ] GC(1) Pause Young (Concurrent Start) (Metadata GC Threshold)
[1.323s][info][gc,task     ] GC(1) Using 6 workers of 6 for evacuation
[1.327s][info][gc,phases   ] GC(1)   Pre Evacuate Collection Set: 0.1ms
[1.327s][info][gc,phases   ] GC(1)   Merge Heap Roots: 0.1ms
[1.327s][info][gc,phases   ] GC(1)   Evacuate Collection Set: 3.5ms
[1.327s][info][gc,phases   ] GC(1)   Post Evacuate Collection Set: 0.6ms
[1.327s][info][gc,phases   ] GC(1)   Other: 0.2ms
[1.327s][info][gc,heap     ] GC(1) Eden regions: 29->0(48)
[1.327s][info][gc,heap     ] GC(1) Survivor regions: 4->5(5)
[1.327s][info][gc,heap     ] GC(1) Old regions: 2->6
[1.327s][info][gc,heap     ] GC(1) Archive regions: 0->0
[1.327s][info][gc,heap     ] GC(1) Humongous regions: 4->4
[1.327s][info][gc,metaspace] GC(1) Metaspace: 21223K(21504K)->21223K(21504K) NonClass: 18629K(18752K)->18629K(18752K) Class: 2594K(2752K)->2594K(2752K)
[1.327s][info][gc          ] GC(1) Pause Young (Concurrent Start) (Metadata GC Threshold) 38M->13M(640M) 4.575ms
[1.327s][info][gc,cpu      ] GC(1) User=0.00s Sys=0.00s Real=0.01s
[1.327s][info][gc          ] GC(2) Concurrent Mark Cycle
[1.327s][info][gc,marking  ] GC(2) Concurrent Clear Claimed Marks
[1.327s][info][gc,marking  ] GC(2) Concurrent Clear Claimed Marks 0.022ms
[1.327s][info][gc,marking  ] GC(2) Concurrent Scan Root Regions
[1.329s][info][gc,marking  ] GC(2) Concurrent Scan Root Regions 2.069ms
[1.330s][info][gc,marking  ] GC(2) Concurrent Mark
[1.330s][info][gc,marking  ] GC(2) Concurrent Mark From Roots
[1.330s][info][gc,task     ] GC(2) Using 2 workers of 2 for marking
[1.331s][info][gc,marking  ] GC(2) Concurrent Mark From Roots 1.248ms
[1.331s][info][gc,marking  ] GC(2) Concurrent Preclean
[1.331s][info][gc,marking  ] GC(2) Concurrent Preclean 0.027ms
[1.331s][info][gc,start    ] GC(2) Pause Remark
[1.332s][info][gc          ] GC(2) Pause Remark 14M->14M(54M) 1.184ms
[1.332s][info][gc,cpu      ] GC(2) User=0.00s Sys=0.00s Real=0.00s
[1.332s][info][gc,marking  ] GC(2) Concurrent Mark 2.768ms
[1.332s][info][gc,marking  ] GC(2) Concurrent Rebuild Remembered Sets
[1.334s][info][gc,marking  ] GC(2) Concurrent Rebuild Remembered Sets 1.476ms
[1.334s][info][gc,start    ] GC(2) Pause Cleanup
[1.334s][info][gc          ] GC(2) Pause Cleanup 14M->14M(54M) 0.098ms
[1.334s][info][gc,cpu      ] GC(2) User=0.00s Sys=0.00s Real=0.00s
[1.334s][info][gc,marking  ] GC(2) Concurrent Cleanup for Next Mark
[1.334s][info][gc,marking  ] GC(2) Concurrent Cleanup for Next Mark 0.300ms
[1.334s][info][gc          ] GC(2) Concurrent Mark Cycle 7.136ms
[2.200s][info][gc,start    ] GC(3) Pause Young (Prepare Mixed) (G1 Preventive Collection)
[2.200s][info][gc,task     ] GC(3) Using 6 workers of 6 for evacuation
[2.203s][info][gc,phases   ] GC(3)   Pre Evacuate Collection Set: 0.1ms
[2.203s][info][gc,phases   ] GC(3)   Merge Heap Roots: 0.1ms
[2.203s][info][gc,phases   ] GC(3)   Evacuate Collection Set: 2.0ms
[2.203s][info][gc,phases   ] GC(3)   Post Evacuate Collection Set: 0.4ms
[2.203s][info][gc,phases   ] GC(3)   Other: 0.1ms
[2.203s][info][gc,heap     ] GC(3) Eden regions: 21->0(1)
[2.203s][info][gc,heap     ] GC(3) Survivor regions: 5->1(4)
[2.203s][info][gc,heap     ] GC(3) Old regions: 6->11
[2.203s][info][gc,heap     ] GC(3) Archive regions: 0->0
[2.203s][info][gc,heap     ] GC(3) Humongous regions: 12->12
[2.203s][info][gc,metaspace] GC(3) Metaspace: 23852K(24192K)->23852K(24192K) NonClass: 20919K(21120K)->20919K(21120K) Class: 2932K(3072K)->2932K(3072K)
[2.203s][info][gc          ] GC(3) Pause Young (Prepare Mixed) (G1 Preventive Collection) 42M->22M(54M) 2.806ms
[2.203s][info][gc,cpu      ] GC(3) User=0.00s Sys=0.00s Real=0.00s
[2.219s][info][gc,start    ] GC(4) Pause Young (Mixed) (G1 Evacuation Pause)
[2.219s][info][gc,task     ] GC(4) Using 6 workers of 6 for evacuation
[2.220s][info][gc,phases   ] GC(4)   Pre Evacuate Collection Set: 0.1ms
[2.220s][info][gc,phases   ] GC(4)   Merge Heap Roots: 0.1ms
[2.220s][info][gc,phases   ] GC(4)   Evacuate Collection Set: 0.7ms
[2.220s][info][gc,phases   ] GC(4)   Post Evacuate Collection Set: 0.3ms
[2.220s][info][gc,phases   ] GC(4)   Other: 0.1ms
[2.220s][info][gc,heap     ] GC(4) Eden regions: 1->0(14)
[2.220s][info][gc,heap     ] GC(4) Survivor regions: 1->1(1)
[2.220s][info][gc,heap     ] GC(4) Old regions: 11->11
[2.220s][info][gc,heap     ] GC(4) Archive regions: 0->0
[2.220s][info][gc,heap     ] GC(4) Humongous regions: 16->16
[2.220s][info][gc,metaspace] GC(4) Metaspace: 24844K(25152K)->24844K(25152K) NonClass: 21806K(21952K)->21806K(21952K) Class: 3038K(3200K)->3038K(3200K)
[2.220s][info][gc          ] GC(4) Pause Young (Mixed) (G1 Evacuation Pause) 27M->26M(54M) 1.349ms
[2.220s][info][gc,cpu      ] GC(4) User=0.00s Sys=0.00s Real=0.00s
[2.362s][info][gc,start    ] GC(5) Pause Young (Concurrent Start) (G1 Humongous Allocation)
[2.362s][info][gc,task     ] GC(5) Using 6 workers of 6 for evacuation
[2.364s][info][gc,phases   ] GC(5)   Pre Evacuate Collection Set: 0.1ms
[2.364s][info][gc,phases   ] GC(5)   Merge Heap Roots: 0.1ms
[2.364s][info][gc,phases   ] GC(5)   Evacuate Collection Set: 0.5ms
[2.364s][info][gc,phases   ] GC(5)   Post Evacuate Collection Set: 0.6ms
[2.364s][info][gc,phases   ] GC(5)   Other: 0.1ms
[2.364s][info][gc,heap     ] GC(5) Eden regions: 10->0(24)
[2.364s][info][gc,heap     ] GC(5) Survivor regions: 1->1(2)
[2.364s][info][gc,heap     ] GC(5) Old regions: 11->11
[2.364s][info][gc,heap     ] GC(5) Archive regions: 0->0
[2.364s][info][gc,heap     ] GC(5) Humongous regions: 16->4
[2.364s][info][gc,metaspace] GC(5) Metaspace: 25560K(25856K)->25560K(25856K) NonClass: 22449K(22592K)->22449K(22592K) Class: 3111K(3264K)->3111K(3264K)
[2.364s][info][gc          ] GC(5) Pause Young (Concurrent Start) (G1 Humongous Allocation) 35M->14M(54M) 1.426ms
[2.364s][info][gc,cpu      ] GC(5) User=0.00s Sys=0.00s Real=0.00s
[2.364s][info][gc          ] GC(6) Concurrent Undo Cycle
[2.364s][info][gc,marking  ] GC(6) Concurrent Cleanup for Next Mark
[2.364s][info][gc,marking  ] GC(6) Concurrent Cleanup for Next Mark 0.092ms
[2.364s][info][gc          ] GC(6) Concurrent Undo Cycle 0.134ms
[2.367s][info][gc,start    ] GC(7) Pause Young (Concurrent Start) (G1 Humongous Allocation)
[2.367s][info][gc,task     ] GC(7) Using 6 workers of 6 for evacuation
[2.368s][info][gc,phases   ] GC(7)   Pre Evacuate Collection Set: 0.1ms
[2.368s][info][gc,phases   ] GC(7)   Merge Heap Roots: 0.1ms
[2.368s][info][gc,phases   ] GC(7)   Evacuate Collection Set: 0.5ms
[2.368s][info][gc,phases   ] GC(7)   Post Evacuate Collection Set: 0.3ms
[2.368s][info][gc,phases   ] GC(7)   Other: 0.1ms
[2.368s][info][gc,heap     ] GC(7) Eden regions: 1->0(18)
[2.368s][info][gc,heap     ] GC(7) Survivor regions: 1->1(4)
[2.368s][info][gc,heap     ] GC(7) Old regions: 11->11
[2.368s][info][gc,heap     ] GC(7) Archive regions: 0->0
[2.368s][info][gc,heap     ] GC(7) Humongous regions: 12->12
[2.368s][info][gc,metaspace] GC(7) Metaspace: 25593K(25856K)->25593K(25856K) NonClass: 22478K(22592K)->22478K(22592K) Class: 3114K(3264K)->3114K(3264K)
[2.368s][info][gc          ] GC(7) Pause Young (Concurrent Start) (G1 Humongous Allocation) 23M->22M(54M) 1.115ms
[2.368s][info][gc,cpu      ] GC(7) User=0.00s Sys=0.00s Real=0.00s
[2.368s][info][gc          ] GC(8) Concurrent Undo Cycle
[2.368s][info][gc,marking  ] GC(8) Concurrent Cleanup for Next Mark
[2.368s][info][gc,marking  ] GC(8) Concurrent Cleanup for Next Mark 0.103ms
[2.368s][info][gc          ] GC(8) Concurrent Undo Cycle 0.161ms
[2.479s][info][gc,start    ] GC(9) Pause Young (Concurrent Start) (G1 Humongous Allocation)
[2.479s][info][gc,task     ] GC(9) Using 6 workers of 6 for evacuation
[2.480s][info][gc,phases   ] GC(9)   Pre Evacuate Collection Set: 0.1ms
[2.480s][info][gc,phases   ] GC(9)   Merge Heap Roots: 0.1ms
[2.480s][info][gc,phases   ] GC(9)   Evacuate Collection Set: 0.6ms
[2.480s][info][gc,phases   ] GC(9)   Post Evacuate Collection Set: 0.4ms
[2.480s][info][gc,phases   ] GC(9)   Other: 0.1ms
[2.480s][info][gc,heap     ] GC(9) Eden regions: 12->0(26)
[2.480s][info][gc,heap     ] GC(9) Survivor regions: 1->1(3)
[2.480s][info][gc,heap     ] GC(9) Old regions: 11->11
[2.480s][info][gc,heap     ] GC(9) Archive regions: 0->0
[2.480s][info][gc,heap     ] GC(9) Humongous regions: 16->4
[2.480s][info][gc,metaspace] GC(9) Metaspace: 26634K(26944K)->26634K(26944K) NonClass: 23391K(23552K)->23391K(23552K) Class: 3243K(3392K)->3243K(3392K)
[2.480s][info][gc          ] GC(9) Pause Young (Concurrent Start) (G1 Humongous Allocation) 38M->15M(54M) 1.468ms
[2.480s][info][gc,cpu      ] GC(9) User=0.00s Sys=0.00s Real=0.00s
[2.480s][info][gc          ] GC(10) Concurrent Undo Cycle
[2.480s][info][gc,marking  ] GC(10) Concurrent Cleanup for Next Mark
[2.480s][info][gc,marking  ] GC(10) Concurrent Cleanup for Next Mark 0.073ms
[2.480s][info][gc          ] GC(10) Concurrent Undo Cycle 0.123ms
[2.484s][info][gc,start    ] GC(11) Pause Young (Concurrent Start) (G1 Humongous Allocation)
[2.484s][info][gc,task     ] GC(11) Using 6 workers of 6 for evacuation
[2.485s][info][gc,phases   ] GC(11)   Pre Evacuate Collection Set: 0.1ms
[2.485s][info][gc,phases   ] GC(11)   Merge Heap Roots: 0.0ms
[2.485s][info][gc,phases   ] GC(11)   Evacuate Collection Set: 0.5ms
[2.485s][info][gc,phases   ] GC(11)   Post Evacuate Collection Set: 0.3ms
[2.485s][info][gc,phases   ] GC(11)   Other: 0.2ms
[2.485s][info][gc,heap     ] GC(11) Eden regions: 1->0(20)
[2.485s][info][gc,heap     ] GC(11) Survivor regions: 1->1(4)
[2.485s][info][gc,heap     ] GC(11) Old regions: 11->11
[2.485s][info][gc,heap     ] GC(11) Archive regions: 0->0
[2.485s][info][gc,heap     ] GC(11) Humongous regions: 12->12
[2.485s][info][gc,metaspace] GC(11) Metaspace: 26634K(26944K)->26634K(26944K) NonClass: 23391K(23552K)->23391K(23552K) Class: 3243K(3392K)->3243K(3392K)
[2.485s][info][gc          ] GC(11) Pause Young (Concurrent Start) (G1 Humongous Allocation) 23M->22M(54M) 1.226ms
[2.485s][info][gc,cpu      ] GC(11) User=0.00s Sys=0.00s Real=0.00s
[2.485s][info][gc          ] GC(12) Concurrent Undo Cycle
[2.485s][info][gc,marking  ] GC(12) Concurrent Cleanup for Next Mark
[2.485s][info][gc,marking  ] GC(12) Concurrent Cleanup for Next Mark 0.069ms
[2.485s][info][gc          ] GC(12) Concurrent Undo Cycle 0.117ms
[2.596s][info][gc,start    ] GC(13) Pause Young (Concurrent Start) (G1 Humongous Allocation)
[2.596s][info][gc,task     ] GC(13) Using 6 workers of 6 for evacuation
[2.598s][info][gc,phases   ] GC(13)   Pre Evacuate Collection Set: 0.1ms
[2.598s][info][gc,phases   ] GC(13)   Merge Heap Roots: 0.0ms
[2.598s][info][gc,phases   ] GC(13)   Evacuate Collection Set: 0.7ms
[2.598s][info][gc,phases   ] GC(13)   Post Evacuate Collection Set: 1.3ms
[2.598s][info][gc,phases   ] GC(13)   Other: 0.2ms
[2.598s][info][gc,heap     ] GC(13) Eden regions: 9->0(207)
[2.598s][info][gc,heap     ] GC(13) Survivor regions: 1->1(3)
[2.598s][info][gc,heap     ] GC(13) Old regions: 11->11
[2.598s][info][gc,heap     ] GC(13) Archive regions: 0->0
[2.598s][info][gc,heap     ] GC(13) Humongous regions: 16->4
[2.598s][info][gc,metaspace] GC(13) Metaspace: 26669K(27008K)->26669K(27008K) NonClass: 23422K(23616K)->23422K(23616K) Class: 3247K(3392K)->3247K(3392K)
[2.598s][info][gc          ] GC(13) Pause Young (Concurrent Start) (G1 Humongous Allocation) 35M->15M(347M) 2.438ms
[2.598s][info][gc,cpu      ] GC(13) User=0.02s Sys=0.02s Real=0.00s
[2.598s][info][gc          ] GC(14) Concurrent Undo Cycle
[2.598s][info][gc,marking  ] GC(14) Concurrent Cleanup for Next Mark
[2.599s][info][gc,marking  ] GC(14) Concurrent Cleanup for Next Mark 0.973ms
[2.599s][info][gc          ] GC(14) Concurrent Undo Cycle 1.061ms
[3.831s][info][gc,start    ] GC(15) Pause Young (Concurrent Start) (G1 Humongous Allocation)
[3.831s][info][gc,task     ] GC(15) Using 6 workers of 6 for evacuation
[3.832s][info][gc,phases   ] GC(15)   Pre Evacuate Collection Set: 0.1ms
[3.832s][info][gc,phases   ] GC(15)   Merge Heap Roots: 0.1ms
[3.832s][info][gc,phases   ] GC(15)   Evacuate Collection Set: 0.7ms
[3.832s][info][gc,phases   ] GC(15)   Post Evacuate Collection Set: 0.7ms
[3.832s][info][gc,phases   ] GC(15)   Other: 0.2ms
[3.832s][info][gc,heap     ] GC(15) Eden regions: 92->0(205)
[3.833s][info][gc,heap     ] GC(15) Survivor regions: 1->3(26)
[3.833s][info][gc,heap     ] GC(15) Old regions: 11->11
[3.833s][info][gc,heap     ] GC(15) Archive regions: 0->0
[3.833s][info][gc,heap     ] GC(15) Humongous regions: 144->12
[3.833s][info][gc,metaspace] GC(15) Metaspace: 26715K(27008K)->26715K(27008K) NonClass: 23468K(23616K)->23468K(23616K) Class: 3247K(3392K)->3247K(3392K)
[3.833s][info][gc          ] GC(15) Pause Young (Concurrent Start) (G1 Humongous Allocation) 246M->24M(347M) 1.985ms
[3.833s][info][gc,cpu      ] GC(15) User=0.00s Sys=0.00s Real=0.00s
[3.833s][info][gc          ] GC(16) Concurrent Undo Cycle
[3.833s][info][gc,marking  ] GC(16) Concurrent Cleanup for Next Mark
[3.833s][info][gc,marking  ] GC(16) Concurrent Cleanup for Next Mark 0.243ms
[3.833s][info][gc          ] GC(16) Concurrent Undo Cycle 0.324ms
[4.983s][info][gc,start    ] GC(17) Pause Young (Concurrent Start) (G1 Humongous Allocation)
[4.983s][info][gc,task     ] GC(17) Using 6 workers of 6 for evacuation
[4.984s][info][gc,phases   ] GC(17)   Pre Evacuate Collection Set: 0.1ms
[4.984s][info][gc,phases   ] GC(17)   Merge Heap Roots: 0.1ms
[4.984s][info][gc,phases   ] GC(17)   Evacuate Collection Set: 0.6ms
[4.984s][info][gc,phases   ] GC(17)   Post Evacuate Collection Set: 0.6ms
[4.984s][info][gc,phases   ] GC(17)   Other: 0.1ms
[4.984s][info][gc,heap     ] GC(17) Eden regions: 91->0(205)
[4.984s][info][gc,heap     ] GC(17) Survivor regions: 3->3(26)
[4.984s][info][gc,heap     ] GC(17) Old regions: 11->11
[4.984s][info][gc,heap     ] GC(17) Archive regions: 0->0
[4.984s][info][gc,heap     ] GC(17) Humongous regions: 144->12
[4.984s][info][gc,metaspace] GC(17) Metaspace: 26741K(27008K)->26741K(27008K) NonClass: 23493K(23616K)->23493K(23616K) Class: 3248K(3392K)->3248K(3392K)
[4.984s][info][gc          ] GC(17) Pause Young (Concurrent Start) (G1 Humongous Allocation) 246M->24M(347M) 1.706ms
[4.984s][info][gc,cpu      ] GC(17) User=0.00s Sys=0.00s Real=0.00s
[4.985s][info][gc          ] GC(18) Concurrent Undo Cycle
[4.985s][info][gc,marking  ] GC(18) Concurrent Cleanup for Next Mark
[4.985s][info][gc,marking  ] GC(18) Concurrent Cleanup for Next Mark 0.266ms
[4.985s][info][gc          ] GC(18) Concurrent Undo Cycle 0.350ms
[6.140s][info][gc,start    ] GC(19) Pause Young (Concurrent Start) (G1 Humongous Allocation)
[6.140s][info][gc,task     ] GC(19) Using 6 workers of 6 for evacuation
[6.142s][info][gc,phases   ] GC(19)   Pre Evacuate Collection Set: 0.1ms
[6.142s][info][gc,phases   ] GC(19)   Merge Heap Roots: 0.1ms
[6.142s][info][gc,phases   ] GC(19)   Evacuate Collection Set: 0.7ms
[6.142s][info][gc,phases   ] GC(19)   Post Evacuate Collection Set: 0.6ms
[6.142s][info][gc,phases   ] GC(19)   Other: 0.2ms
[6.142s][info][gc,heap     ] GC(19) Eden regions: 91->0(204)
[6.142s][info][gc,heap     ] GC(19) Survivor regions: 3->4(26)
[6.142s][info][gc,heap     ] GC(19) Old regions: 11->11
[6.142s][info][gc,heap     ] GC(19) Archive regions: 0->0
[6.142s][info][gc,heap     ] GC(19) Humongous regions: 144->12
[6.142s][info][gc,metaspace] GC(19) Metaspace: 26792K(27136K)->26792K(27136K) NonClass: 23544K(23744K)->23544K(23744K) Class: 3248K(3392K)->3248K(3392K)
[6.142s][info][gc          ] GC(19) Pause Young (Concurrent Start) (G1 Humongous Allocation) 247M->25M(347M) 1.627ms
[6.142s][info][gc,cpu      ] GC(19) User=0.00s Sys=0.00s Real=0.00s
[6.142s][info][gc          ] GC(20) Concurrent Undo Cycle
[6.142s][info][gc,marking  ] GC(20) Concurrent Cleanup for Next Mark
[6.142s][info][gc,marking  ] GC(20) Concurrent Cleanup for Next Mark 0.233ms
[6.142s][info][gc          ] GC(20) Concurrent Undo Cycle 0.285ms
[7.314s][info][gc,start    ] GC(21) Pause Young (Concurrent Start) (G1 Humongous Allocation)
[7.314s][info][gc,task     ] GC(21) Using 6 workers of 6 for evacuation
[7.317s][info][gc,phases   ] GC(21)   Pre Evacuate Collection Set: 0.2ms
[7.317s][info][gc,phases   ] GC(21)   Merge Heap Roots: 0.1ms
[7.317s][info][gc,phases   ] GC(21)   Evacuate Collection Set: 2.4ms
[7.317s][info][gc,phases   ] GC(21)   Post Evacuate Collection Set: 0.5ms
[7.317s][info][gc,phases   ] GC(21)   Other: 0.2ms
[7.317s][info][gc,heap     ] GC(21) Eden regions: 149->0(201)
[7.317s][info][gc,heap     ] GC(21) Survivor regions: 4->7(26)
[7.317s][info][gc,heap     ] GC(21) Old regions: 11->11
[7.317s][info][gc,heap     ] GC(21) Archive regions: 0->0
[7.317s][info][gc,heap     ] GC(21) Humongous regions: 145->12
[7.317s][info][gc,metaspace] GC(21) Metaspace: 34251K(34624K)->34251K(34624K) NonClass: 30275K(30464K)->30275K(30464K) Class: 3975K(4160K)->3975K(4160K)
[7.317s][info][gc          ] GC(21) Pause Young (Concurrent Start) (G1 Humongous Allocation) 307M->28M(347M) 3.423ms
[7.317s][info][gc,cpu      ] GC(21) User=0.03s Sys=0.00s Real=0.00s
[7.317s][info][gc          ] GC(22) Concurrent Undo Cycle
[7.317s][info][gc,marking  ] GC(22) Concurrent Cleanup for Next Mark
[7.318s][info][gc,marking  ] GC(22) Concurrent Cleanup for Next Mark 0.290ms
[7.318s][info][gc          ] GC(22) Concurrent Undo Cycle 0.440ms
[8.469s][info][gc,start    ] GC(23) Pause Young (Concurrent Start) (G1 Humongous Allocation)
[8.469s][info][gc,task     ] GC(23) Using 6 workers of 6 for evacuation
[8.472s][info][gc,phases   ] GC(23)   Pre Evacuate Collection Set: 0.2ms
[8.472s][info][gc,phases   ] GC(23)   Merge Heap Roots: 0.1ms
[8.472s][info][gc,phases   ] GC(23)   Evacuate Collection Set: 1.6ms
[8.472s][info][gc,phases   ] GC(23)   Post Evacuate Collection Set: 0.7ms
[8.472s][info][gc,phases   ] GC(23)   Other: 0.1ms
[8.472s][info][gc,heap     ] GC(23) Eden regions: 134->0(201)
[8.472s][info][gc,heap     ] GC(23) Survivor regions: 7->7(26)
[8.472s][info][gc,heap     ] GC(23) Old regions: 11->11
[8.472s][info][gc,heap     ] GC(23) Archive regions: 0->0
[8.472s][info][gc,heap     ] GC(23) Humongous regions: 144->12
[8.472s][info][gc,metaspace] GC(23) Metaspace: 34399K(34752K)->34399K(34752K) NonClass: 30421K(30592K)->30421K(30592K) Class: 3977K(4160K)->3977K(4160K)
[8.472s][info][gc          ] GC(23) Pause Young (Concurrent Start) (G1 Humongous Allocation) 293M->28M(347M) 2.843ms
[8.472s][info][gc,cpu      ] GC(23) User=0.00s Sys=0.00s Real=0.00s
[8.472s][info][gc          ] GC(24) Concurrent Undo Cycle
[8.472s][info][gc,marking  ] GC(24) Concurrent Cleanup for Next Mark
[8.472s][info][gc,marking  ] GC(24) Concurrent Cleanup for Next Mark 0.361ms
[8.473s][info][gc          ] GC(24) Concurrent Undo Cycle 0.474ms
[9.637s][info][gc,start    ] GC(25) Pause Young (Concurrent Start) (G1 Humongous Allocation)
[9.637s][info][gc,task     ] GC(25) Using 6 workers of 6 for evacuation
[9.642s][info][gc,phases   ] GC(25)   Pre Evacuate Collection Set: 0.2ms
[9.642s][info][gc,phases   ] GC(25)   Merge Heap Roots: 0.2ms
[9.642s][info][gc,phases   ] GC(25)   Evacuate Collection Set: 4.0ms
[9.642s][info][gc,phases   ] GC(25)   Post Evacuate Collection Set: 0.5ms
[9.642s][info][gc,phases   ] GC(25)   Other: 0.3ms
[9.642s][info][gc,heap     ] GC(25) Eden regions: 127->0(201)
[9.642s][info][gc,heap     ] GC(25) Survivor regions: 7->7(26)
[9.642s][info][gc,heap     ] GC(25) Old regions: 11->11
[9.642s][info][gc,heap     ] GC(25) Archive regions: 0->0
[9.642s][info][gc,heap     ] GC(25) Humongous regions: 144->12
[9.642s][info][gc,metaspace] GC(25) Metaspace: 34557K(34944K)->34557K(34944K) NonClass: 30576K(30784K)->30576K(30784K) Class: 3980K(4160K)->3980K(4160K)
[9.642s][info][gc          ] GC(25) Pause Young (Concurrent Start) (G1 Humongous Allocation) 287M->28M(347M) 5.269ms
[9.642s][info][gc,cpu      ] GC(25) User=0.00s Sys=0.00s Real=0.01s
[9.642s][info][gc          ] GC(26) Concurrent Undo Cycle
[9.642s][info][gc,marking  ] GC(26) Concurrent Cleanup for Next Mark
[9.643s][info][gc,marking  ] GC(26) Concurrent Cleanup for Next Mark 0.886ms
[9.643s][info][gc          ] GC(26) Concurrent Undo Cycle 1.008ms
[10.847s][info][gc,start    ] GC(27) Pause Young (Concurrent Start) (G1 Humongous Allocation)
[10.847s][info][gc,task     ] GC(27) Using 6 workers of 6 for evacuation
[10.849s][info][gc,phases   ] GC(27)   Pre Evacuate Collection Set: 0.2ms
[10.849s][info][gc,phases   ] GC(27)   Merge Heap Roots: 0.1ms
[10.849s][info][gc,phases   ] GC(27)   Evacuate Collection Set: 1.5ms
[10.849s][info][gc,phases   ] GC(27)   Post Evacuate Collection Set: 0.4ms
[10.849s][info][gc,phases   ] GC(27)   Other: 0.2ms
[10.849s][info][gc,heap     ] GC(27) Eden regions: 132->0(201)
[10.849s][info][gc,heap     ] GC(27) Survivor regions: 7->7(26)
[10.849s][info][gc,heap     ] GC(27) Old regions: 11->11
[10.849s][info][gc,heap     ] GC(27) Archive regions: 0->0
[10.849s][info][gc,heap     ] GC(27) Humongous regions: 144->12
[10.849s][info][gc,metaspace] GC(27) Metaspace: 34710K(35072K)->34710K(35072K) NonClass: 30729K(30912K)->30729K(30912K) Class: 3981K(4160K)->3981K(4160K)
[10.849s][info][gc          ] GC(27) Pause Young (Concurrent Start) (G1 Humongous Allocation) 292M->29M(347M) 2.392ms
[10.849s][info][gc,cpu      ] GC(27) User=0.09s Sys=0.00s Real=0.00s
[10.849s][info][gc          ] GC(28) Concurrent Undo Cycle
[10.849s][info][gc,marking  ] GC(28) Concurrent Cleanup for Next Mark
[10.850s][info][gc,marking  ] GC(28) Concurrent Cleanup for Next Mark 0.295ms
[10.850s][info][gc          ] GC(28) Concurrent Undo Cycle 0.380ms
[11.989s][info][gc,start    ] GC(29) Pause Young (Concurrent Start) (G1 Humongous Allocation)
[11.989s][info][gc,task     ] GC(29) Using 6 workers of 6 for evacuation
[11.991s][info][gc,phases   ] GC(29)   Pre Evacuate Collection Set: 0.1ms
[11.991s][info][gc,phases   ] GC(29)   Merge Heap Roots: 0.1ms
[11.991s][info][gc,phases   ] GC(29)   Evacuate Collection Set: 1.7ms
[11.991s][info][gc,phases   ] GC(29)   Post Evacuate Collection Set: 0.6ms
[11.991s][info][gc,phases   ] GC(29)   Other: 0.2ms
[11.991s][info][gc,heap     ] GC(29) Eden regions: 126->0(200)
[11.991s][info][gc,heap     ] GC(29) Survivor regions: 7->8(26)
[11.991s][info][gc,heap     ] GC(29) Old regions: 11->11
[11.991s][info][gc,heap     ] GC(29) Archive regions: 0->0
[11.992s][info][gc,heap     ] GC(29) Humongous regions: 144->12
[11.992s][info][gc,metaspace] GC(29) Metaspace: 34792K(35136K)->34792K(35136K) NonClass: 30810K(30976K)->30810K(30976K) Class: 3982K(4160K)->3982K(4160K)
[11.992s][info][gc          ] GC(29) Pause Young (Concurrent Start) (G1 Humongous Allocation) 286M->29M(347M) 2.700ms
[11.992s][info][gc,cpu      ] GC(29) User=0.00s Sys=0.00s Real=0.00s
[11.992s][info][gc          ] GC(30) Concurrent Undo Cycle
[11.992s][info][gc,marking  ] GC(30) Concurrent Cleanup for Next Mark
[11.992s][info][gc,marking  ] GC(30) Concurrent Cleanup for Next Mark 0.230ms
[11.992s][info][gc          ] GC(30) Concurrent Undo Cycle 0.306ms
[13.143s][info][gc,start    ] GC(31) Pause Young (Concurrent Start) (G1 Humongous Allocation)
[13.143s][info][gc,task     ] GC(31) Using 6 workers of 6 for evacuation
[13.146s][info][gc,phases   ] GC(31)   Pre Evacuate Collection Set: 0.1ms
[13.146s][info][gc,phases   ] GC(31)   Merge Heap Roots: 0.1ms
[13.146s][info][gc,phases   ] GC(31)   Evacuate Collection Set: 1.6ms
[13.146s][info][gc,phases   ] GC(31)   Post Evacuate Collection Set: 0.6ms
[13.146s][info][gc,phases   ] GC(31)   Other: 0.2ms
[13.146s][info][gc,heap     ] GC(31) Eden regions: 127->0(200)
[13.146s][info][gc,heap     ] GC(31) Survivor regions: 8->8(26)
[13.146s][info][gc,heap     ] GC(31) Old regions: 11->11
[13.146s][info][gc,heap     ] GC(31) Archive regions: 0->0
[13.146s][info][gc,heap     ] GC(31) Humongous regions: 144->12
[13.146s][info][gc,metaspace] GC(31) Metaspace: 34874K(35200K)->34874K(35200K) NonClass: 30892K(31040K)->30892K(31040K) Class: 3982K(4160K)->3982K(4160K)
[13.146s][info][gc          ] GC(31) Pause Young (Concurrent Start) (G1 Humongous Allocation) 288M->29M(347M) 2.692ms
[13.146s][info][gc,cpu      ] GC(31) User=0.02s Sys=0.00s Real=0.00s
[13.146s][info][gc          ] GC(32) Concurrent Undo Cycle
[13.146s][info][gc,marking  ] GC(32) Concurrent Cleanup for Next Mark
[13.146s][info][gc,marking  ] GC(32) Concurrent Cleanup for Next Mark 0.303ms
[13.146s][info][gc          ] GC(32) Concurrent Undo Cycle 0.394ms
[14.380s][info][gc,start    ] GC(33) Pause Young (Concurrent Start) (G1 Humongous Allocation)
[14.380s][info][gc,task     ] GC(33) Using 6 workers of 6 for evacuation
[14.390s][info][gc,phases   ] GC(33)   Pre Evacuate Collection Set: 0.2ms
[14.390s][info][gc,phases   ] GC(33)   Merge Heap Roots: 0.4ms
[14.390s][info][gc,phases   ] GC(33)   Evacuate Collection Set: 6.7ms
[14.390s][info][gc,phases   ] GC(33)   Post Evacuate Collection Set: 1.7ms
[14.390s][info][gc,phases   ] GC(33)   Other: 0.5ms
[14.390s][info][gc,heap     ] GC(33) Eden regions: 130->0(200)
[14.390s][info][gc,heap     ] GC(33) Survivor regions: 8->8(26)
[14.390s][info][gc,heap     ] GC(33) Old regions: 11->11
[14.390s][info][gc,heap     ] GC(33) Archive regions: 0->0
[14.390s][info][gc,heap     ] GC(33) Humongous regions: 144->12
[14.390s][info][gc,metaspace] GC(33) Metaspace: 34966K(35264K)->34966K(35264K) NonClass: 30983K(31104K)->30983K(31104K) Class: 3982K(4160K)->3982K(4160K)
[14.390s][info][gc          ] GC(33) Pause Young (Concurrent Start) (G1 Humongous Allocation) 291M->30M(347M) 10.035ms
[14.390s][info][gc,cpu      ] GC(33) User=0.00s Sys=0.00s Real=0.01s
[14.390s][info][gc          ] GC(34) Concurrent Undo Cycle
[14.391s][info][gc,marking  ] GC(34) Concurrent Cleanup for Next Mark
[14.392s][info][gc,marking  ] GC(34) Concurrent Cleanup for Next Mark 1.326ms
[14.392s][info][gc          ] GC(34) Concurrent Undo Cycle 1.651ms
[15.704s][info][gc,start    ] GC(35) Pause Young (Concurrent Start) (G1 Humongous Allocation)
[15.704s][info][gc,task     ] GC(35) Using 6 workers of 6 for evacuation
[15.712s][info][gc,phases   ] GC(35)   Pre Evacuate Collection Set: 0.5ms
[15.712s][info][gc,phases   ] GC(35)   Merge Heap Roots: 0.4ms
[15.712s][info][gc,phases   ] GC(35)   Evacuate Collection Set: 5.9ms
[15.712s][info][gc,phases   ] GC(35)   Post Evacuate Collection Set: 1.0ms
[15.712s][info][gc,phases   ] GC(35)   Other: 0.7ms
[15.712s][info][gc,heap     ] GC(35) Eden regions: 130->0(200)
[15.712s][info][gc,heap     ] GC(35) Survivor regions: 8->8(26)
[15.712s][info][gc,heap     ] GC(35) Old regions: 11->11
[15.712s][info][gc,heap     ] GC(35) Archive regions: 0->0
[15.712s][info][gc,heap     ] GC(35) Humongous regions: 144->12
[15.712s][info][gc,metaspace] GC(35) Metaspace: 35020K(35392K)->35020K(35392K) NonClass: 31037K(31232K)->31037K(31232K) Class: 3982K(4160K)->3982K(4160K)
[15.712s][info][gc          ] GC(35) Pause Young (Concurrent Start) (G1 Humongous Allocation) 291M->29M(347M) 8.662ms
[15.712s][info][gc,cpu      ] GC(35) User=0.08s Sys=0.00s Real=0.01s
[15.713s][info][gc          ] GC(36) Concurrent Undo Cycle
[15.713s][info][gc,marking  ] GC(36) Concurrent Cleanup for Next Mark
[15.713s][info][gc,marking  ] GC(36) Concurrent Cleanup for Next Mark 0.469ms
[15.713s][info][gc          ] GC(36) Concurrent Undo Cycle 0.599ms
[16.848s][info][gc,start    ] GC(37) Pause Young (Concurrent Start) (G1 Humongous Allocation)
[16.848s][info][gc,task     ] GC(37) Using 6 workers of 6 for evacuation
[16.851s][info][gc,phases   ] GC(37)   Pre Evacuate Collection Set: 0.1ms
[16.851s][info][gc,phases   ] GC(37)   Merge Heap Roots: 0.1ms
[16.851s][info][gc,phases   ] GC(37)   Evacuate Collection Set: 1.8ms
[16.851s][info][gc,phases   ] GC(37)   Post Evacuate Collection Set: 0.8ms
[16.851s][info][gc,phases   ] GC(37)   Other: 0.2ms
[16.851s][info][gc,heap     ] GC(37) Eden regions: 130->0(200)
[16.851s][info][gc,heap     ] GC(37) Survivor regions: 8->8(26)
[16.851s][info][gc,heap     ] GC(37) Old regions: 11->11
[16.851s][info][gc,heap     ] GC(37) Archive regions: 0->0
[16.851s][info][gc,heap     ] GC(37) Humongous regions: 144->12
[16.851s][info][gc,metaspace] GC(37) Metaspace: 35070K(35392K)->35070K(35392K) NonClass: 31087K(31232K)->31087K(31232K) Class: 3982K(4160K)->3982K(4160K)
[16.852s][info][gc          ] GC(37) Pause Young (Concurrent Start) (G1 Humongous Allocation) 291M->30M(347M) 3.143ms
[16.852s][info][gc,cpu      ] GC(37) User=0.02s Sys=0.00s Real=0.00s
[16.852s][info][gc          ] GC(38) Concurrent Undo Cycle
[16.852s][info][gc,marking  ] GC(38) Concurrent Cleanup for Next Mark
[16.852s][info][gc,marking  ] GC(38) Concurrent Cleanup for Next Mark 0.386ms
[16.852s][info][gc          ] GC(38) Concurrent Undo Cycle 0.464ms
[17.971s][info][gc,start    ] GC(39) Pause Young (Concurrent Start) (G1 Humongous Allocation)
[17.971s][info][gc,task     ] GC(39) Using 6 workers of 6 for evacuation
[17.974s][info][gc,phases   ] GC(39)   Pre Evacuate Collection Set: 0.2ms
[17.974s][info][gc,phases   ] GC(39)   Merge Heap Roots: 0.1ms
[17.974s][info][gc,phases   ] GC(39)   Evacuate Collection Set: 1.9ms
[17.974s][info][gc,phases   ] GC(39)   Post Evacuate Collection Set: 0.7ms
[17.974s][info][gc,phases   ] GC(39)   Other: 0.2ms
[17.974s][info][gc,heap     ] GC(39) Eden regions: 130->0(200)
[17.974s][info][gc,heap     ] GC(39) Survivor regions: 8->8(26)
[17.974s][info][gc,heap     ] GC(39) Old regions: 11->11
[17.974s][info][gc,heap     ] GC(39) Archive regions: 0->0
[17.974s][info][gc,heap     ] GC(39) Humongous regions: 144->12
[17.974s][info][gc,metaspace] GC(39) Metaspace: 35119K(35456K)->35119K(35456K) NonClass: 31136K(31296K)->31136K(31296K) Class: 3982K(4160K)->3982K(4160K)
[17.974s][info][gc          ] GC(39) Pause Young (Concurrent Start) (G1 Humongous Allocation) 292M->30M(347M) 3.259ms
[17.974s][info][gc,cpu      ] GC(39) User=0.02s Sys=0.00s Real=0.00s
[17.974s][info][gc          ] GC(40) Concurrent Undo Cycle
[17.974s][info][gc,marking  ] GC(40) Concurrent Cleanup for Next Mark
[17.974s][info][gc,marking  ] GC(40) Concurrent Cleanup for Next Mark 0.344ms
[17.975s][info][gc          ] GC(40) Concurrent Undo Cycle 0.401ms
[19.101s][info][gc,start    ] GC(41) Pause Young (Concurrent Start) (G1 Humongous Allocation)
[19.101s][info][gc,task     ] GC(41) Using 6 workers of 6 for evacuation
[19.104s][info][gc,phases   ] GC(41)   Pre Evacuate Collection Set: 0.1ms
[19.104s][info][gc,phases   ] GC(41)   Merge Heap Roots: 0.1ms
[19.104s][info][gc,phases   ] GC(41)   Evacuate Collection Set: 1.6ms
[19.104s][info][gc,phases   ] GC(41)   Post Evacuate Collection Set: 0.5ms
[19.104s][info][gc,phases   ] GC(41)   Other: 0.2ms
[19.104s][info][gc,heap     ] GC(41) Eden regions: 124->0(199)
[19.104s][info][gc,heap     ] GC(41) Survivor regions: 8->9(26)
[19.104s][info][gc,heap     ] GC(41) Old regions: 11->11
[19.104s][info][gc,heap     ] GC(41) Archive regions: 0->0
[19.104s][info][gc,heap     ] GC(41) Humongous regions: 144->12
[19.104s][info][gc,metaspace] GC(41) Metaspace: 35167K(35520K)->35167K(35520K) NonClass: 31183K(31360K)->31183K(31360K) Class: 3983K(4160K)->3983K(4160K)
[19.104s][info][gc          ] GC(41) Pause Young (Concurrent Start) (G1 Humongous Allocation) 286M->30M(347M) 2.572ms
[19.104s][info][gc,cpu      ] GC(41) User=0.00s Sys=0.00s Real=0.00s
[19.104s][info][gc          ] GC(42) Concurrent Undo Cycle
[19.104s][info][gc,marking  ] GC(42) Concurrent Cleanup for Next Mark
[19.105s][info][gc,marking  ] GC(42) Concurrent Cleanup for Next Mark 0.989ms
[19.105s][info][gc          ] GC(42) Concurrent Undo Cycle 1.140ms
[20.342s][info][gc,start    ] GC(43) Pause Young (Concurrent Start) (G1 Humongous Allocation)
[20.342s][info][gc,task     ] GC(43) Using 6 workers of 6 for evacuation
[20.345s][info][gc,phases   ] GC(43)   Pre Evacuate Collection Set: 0.1ms
[20.345s][info][gc,phases   ] GC(43)   Merge Heap Roots: 0.1ms
[20.345s][info][gc,phases   ] GC(43)   Evacuate Collection Set: 1.8ms
[20.345s][info][gc,phases   ] GC(43)   Post Evacuate Collection Set: 0.7ms
[20.345s][info][gc,phases   ] GC(43)   Other: 0.2ms
[20.345s][info][gc,heap     ] GC(43) Eden regions: 120->0(199)
[20.345s][info][gc,heap     ] GC(43) Survivor regions: 9->9(26)
[20.345s][info][gc,heap     ] GC(43) Old regions: 11->11
[20.345s][info][gc,heap     ] GC(43) Archive regions: 0->0
[20.345s][info][gc,heap     ] GC(43) Humongous regions: 144->12
[20.345s][info][gc,metaspace] GC(43) Metaspace: 35278K(35648K)->35278K(35648K) NonClass: 31294K(31488K)->31294K(31488K) Class: 3983K(4160K)->3983K(4160K)
[20.345s][info][gc          ] GC(43) Pause Young (Concurrent Start) (G1 Humongous Allocation) 282M->31M(347M) 3.013ms
[20.345s][info][gc,cpu      ] GC(43) User=0.00s Sys=0.00s Real=0.00s
[20.345s][info][gc          ] GC(44) Concurrent Undo Cycle
[20.345s][info][gc,marking  ] GC(44) Concurrent Cleanup for Next Mark
[20.345s][info][gc,marking  ] GC(44) Concurrent Cleanup for Next Mark 0.307ms
[20.345s][info][gc          ] GC(44) Concurrent Undo Cycle 0.398ms
[21.510s][info][gc,start    ] GC(45) Pause Young (Concurrent Start) (G1 Humongous Allocation)
[21.510s][info][gc,task     ] GC(45) Using 6 workers of 6 for evacuation
[21.512s][info][gc,phases   ] GC(45)   Pre Evacuate Collection Set: 0.1ms
[21.512s][info][gc,phases   ] GC(45)   Merge Heap Roots: 0.0ms
[21.512s][info][gc,phases   ] GC(45)   Evacuate Collection Set: 1.4ms
[21.512s][info][gc,phases   ] GC(45)   Post Evacuate Collection Set: 0.4ms
[21.512s][info][gc,phases   ] GC(45)   Other: 0.2ms
[21.512s][info][gc,heap     ] GC(45) Eden regions: 126->0(199)
[21.512s][info][gc,heap     ] GC(45) Survivor regions: 9->9(26)
[21.512s][info][gc,heap     ] GC(45) Old regions: 11->11
[21.512s][info][gc,heap     ] GC(45) Archive regions: 0->0
[21.512s][info][gc,heap     ] GC(45) Humongous regions: 144->12
[21.512s][info][gc,metaspace] GC(45) Metaspace: 35306K(35648K)->35306K(35648K) NonClass: 31323K(31488K)->31323K(31488K) Class: 3983K(4160K)->3983K(4160K)
[21.512s][info][gc          ] GC(45) Pause Young (Concurrent Start) (G1 Humongous Allocation) 288M->30M(347M) 2.337ms
[21.512s][info][gc,cpu      ] GC(45) User=0.00s Sys=0.00s Real=0.00s
[21.512s][info][gc          ] GC(46) Concurrent Undo Cycle
[21.512s][info][gc,marking  ] GC(46) Concurrent Cleanup for Next Mark
[21.512s][info][gc,marking  ] GC(46) Concurrent Cleanup for Next Mark 0.276ms
[21.512s][info][gc          ] GC(46) Concurrent Undo Cycle 0.347ms
[22.976s][info][gc,start    ] GC(47) Pause Young (Concurrent Start) (G1 Humongous Allocation)
[22.976s][info][gc,task     ] GC(47) Using 6 workers of 6 for evacuation
[22.979s][info][gc,phases   ] GC(47)   Pre Evacuate Collection Set: 0.2ms
[22.979s][info][gc,phases   ] GC(47)   Merge Heap Roots: 0.1ms
[22.979s][info][gc,phases   ] GC(47)   Evacuate Collection Set: 1.6ms
[22.979s][info][gc,phases   ] GC(47)   Post Evacuate Collection Set: 0.7ms
[22.979s][info][gc,phases   ] GC(47)   Other: 0.2ms
[22.979s][info][gc,heap     ] GC(47) Eden regions: 135->0(199)
[22.979s][info][gc,heap     ] GC(47) Survivor regions: 9->9(26)
[22.979s][info][gc,heap     ] GC(47) Old regions: 11->11
[22.979s][info][gc,heap     ] GC(47) Archive regions: 0->0
[22.979s][info][gc,heap     ] GC(47) Humongous regions: 144->12
[22.979s][info][gc,metaspace] GC(47) Metaspace: 35382K(35712K)->35382K(35712K) NonClass: 31399K(31552K)->31399K(31552K) Class: 3983K(4160K)->3983K(4160K)
[22.979s][info][gc          ] GC(47) Pause Young (Concurrent Start) (G1 Humongous Allocation) 297M->31M(347M) 2.834ms
[22.979s][info][gc,cpu      ] GC(47) User=0.00s Sys=0.00s Real=0.00s
[22.979s][info][gc          ] GC(48) Concurrent Undo Cycle
[22.979s][info][gc,marking  ] GC(48) Concurrent Cleanup for Next Mark
[22.980s][info][gc,marking  ] GC(48) Concurrent Cleanup for Next Mark 0.357ms
[22.980s][info][gc          ] GC(48) Concurrent Undo Cycle 0.437ms
[24.137s][info][gc,start    ] GC(49) Pause Young (Concurrent Start) (G1 Humongous Allocation)
[24.137s][info][gc,task     ] GC(49) Using 6 workers of 6 for evacuation
[24.144s][info][gc,phases   ] GC(49)   Pre Evacuate Collection Set: 0.2ms
[24.145s][info][gc,phases   ] GC(49)   Merge Heap Roots: 0.1ms
[24.145s][info][gc,phases   ] GC(49)   Evacuate Collection Set: 5.8ms
[24.145s][info][gc,phases   ] GC(49)   Post Evacuate Collection Set: 1.4ms
[24.145s][info][gc,phases   ] GC(49)   Other: 0.4ms
[24.145s][info][gc,heap     ] GC(49) Eden regions: 119->0(199)
[24.145s][info][gc,heap     ] GC(49) Survivor regions: 9->9(26)
[24.145s][info][gc,heap     ] GC(49) Old regions: 11->11
[24.145s][info][gc,heap     ] GC(49) Archive regions: 0->0
[24.145s][info][gc,heap     ] GC(49) Humongous regions: 144->12
[24.145s][info][gc,metaspace] GC(49) Metaspace: 35433K(35776K)->35433K(35776K) NonClass: 31450K(31616K)->31450K(31616K) Class: 3983K(4160K)->3983K(4160K)
[24.145s][info][gc          ] GC(49) Pause Young (Concurrent Start) (G1 Humongous Allocation) 281M->31M(347M) 8.254ms
[24.145s][info][gc,cpu      ] GC(49) User=0.00s Sys=0.00s Real=0.01s
[24.145s][info][gc          ] GC(50) Concurrent Undo Cycle
[24.145s][info][gc,marking  ] GC(50) Concurrent Cleanup for Next Mark
[24.146s][info][gc,marking  ] GC(50) Concurrent Cleanup for Next Mark 0.629ms
[24.146s][info][gc          ] GC(50) Concurrent Undo Cycle 0.839ms
[25.414s][info][gc,start    ] GC(51) Pause Young (Concurrent Start) (G1 Humongous Allocation)
[25.414s][info][gc,task     ] GC(51) Using 6 workers of 6 for evacuation
[25.417s][info][gc,phases   ] GC(51)   Pre Evacuate Collection Set: 0.1ms
[25.417s][info][gc,phases   ] GC(51)   Merge Heap Roots: 0.0ms
[25.417s][info][gc,phases   ] GC(51)   Evacuate Collection Set: 1.7ms
[25.417s][info][gc,phases   ] GC(51)   Post Evacuate Collection Set: 0.5ms
[25.417s][info][gc,phases   ] GC(51)   Other: 0.2ms
[25.417s][info][gc,heap     ] GC(51) Eden regions: 134->0(201)
[25.417s][info][gc,heap     ] GC(51) Survivor regions: 9->7(26)
[25.417s][info][gc,heap     ] GC(51) Old regions: 11->14
[25.417s][info][gc,heap     ] GC(51) Archive regions: 0->0
[25.417s][info][gc,heap     ] GC(51) Humongous regions: 144->12
[25.417s][info][gc,metaspace] GC(51) Metaspace: 35489K(35840K)->35489K(35840K) NonClass: 31506K(31680K)->31506K(31680K) Class: 3983K(4160K)->3983K(4160K)
[25.417s][info][gc          ] GC(51) Pause Young (Concurrent Start) (G1 Humongous Allocation) 297M->31M(347M) 2.608ms
[25.417s][info][gc,cpu      ] GC(51) User=0.00s Sys=0.00s Real=0.00s
[25.417s][info][gc          ] GC(52) Concurrent Undo Cycle
[25.417s][info][gc,marking  ] GC(52) Concurrent Cleanup for Next Mark
[25.417s][info][gc,marking  ] GC(52) Concurrent Cleanup for Next Mark 0.324ms
[25.417s][info][gc          ] GC(52) Concurrent Undo Cycle 0.429ms
[26.585s][info][gc,start    ] GC(53) Pause Young (Concurrent Start) (G1 Humongous Allocation)
[26.585s][info][gc,task     ] GC(53) Using 6 workers of 6 for evacuation
[26.587s][info][gc,phases   ] GC(53)   Pre Evacuate Collection Set: 0.1ms
[26.587s][info][gc,phases   ] GC(53)   Merge Heap Roots: 0.1ms
[26.587s][info][gc,phases   ] GC(53)   Evacuate Collection Set: 1.2ms
[26.587s][info][gc,phases   ] GC(53)   Post Evacuate Collection Set: 0.6ms
[26.587s][info][gc,phases   ] GC(53)   Other: 0.2ms
[26.587s][info][gc,heap     ] GC(53) Eden regions: 128->0(201)
[26.587s][info][gc,heap     ] GC(53) Survivor regions: 7->7(26)
[26.587s][info][gc,heap     ] GC(53) Old regions: 14->14
[26.587s][info][gc,heap     ] GC(53) Archive regions: 0->0
[26.588s][info][gc,heap     ] GC(53) Humongous regions: 140->8
[26.588s][info][gc,metaspace] GC(53) Metaspace: 35525K(35904K)->35525K(35904K) NonClass: 31541K(31744K)->31541K(31744K) Class: 3983K(4160K)->3983K(4160K)
[26.588s][info][gc          ] GC(53) Pause Young (Concurrent Start) (G1 Humongous Allocation) 287M->27M(347M) 2.260ms
[26.588s][info][gc,cpu      ] GC(53) User=0.00s Sys=0.00s Real=0.00s
[26.588s][info][gc          ] GC(54) Concurrent Undo Cycle
[26.588s][info][gc,marking  ] GC(54) Concurrent Cleanup for Next Mark
[26.588s][info][gc,marking  ] GC(54) Concurrent Cleanup for Next Mark 0.501ms
[26.588s][info][gc          ] GC(54) Concurrent Undo Cycle 0.680ms
[27.114s][info][gc,start    ] GC(55) Pause Young (Concurrent Start) (Metadata GC Threshold)
[27.115s][info][gc,task     ] GC(55) Using 6 workers of 6 for evacuation
[27.116s][info][gc,phases   ] GC(55)   Pre Evacuate Collection Set: 0.1ms
[27.116s][info][gc,phases   ] GC(55)   Merge Heap Roots: 0.0ms
[27.116s][info][gc,phases   ] GC(55)   Evacuate Collection Set: 1.0ms
[27.116s][info][gc,phases   ] GC(55)   Post Evacuate Collection Set: 0.5ms
[27.116s][info][gc,phases   ] GC(55)   Other: 0.2ms
[27.116s][info][gc,heap     ] GC(55) Eden regions: 57->0(201)
[27.116s][info][gc,heap     ] GC(55) Survivor regions: 7->7(26)
[27.116s][info][gc,heap     ] GC(55) Old regions: 14->14
[27.116s][info][gc,heap     ] GC(55) Archive regions: 0->0
[27.116s][info][gc,heap     ] GC(55) Humongous regions: 64->12
[27.116s][info][gc,metaspace] GC(55) Metaspace: 35627K(35968K)->35627K(35968K) NonClass: 31643K(31808K)->31643K(31808K) Class: 3983K(4160K)->3983K(4160K)
[27.116s][info][gc          ] GC(55) Pause Young (Concurrent Start) (Metadata GC Threshold) 140M->31M(347M) 1.840ms
[27.116s][info][gc,cpu      ] GC(55) User=0.00s Sys=0.00s Real=0.00s
[27.116s][info][gc          ] GC(56) Concurrent Mark Cycle
[27.116s][info][gc,marking  ] GC(56) Concurrent Clear Claimed Marks
[27.116s][info][gc,marking  ] GC(56) Concurrent Clear Claimed Marks 0.023ms
[27.116s][info][gc,marking  ] GC(56) Concurrent Scan Root Regions
[27.117s][info][gc,marking  ] GC(56) Concurrent Scan Root Regions 0.426ms
[27.117s][info][gc,marking  ] GC(56) Concurrent Mark
[27.117s][info][gc,marking  ] GC(56) Concurrent Mark From Roots
[27.117s][info][gc,task     ] GC(56) Using 2 workers of 2 for marking
[27.125s][info][gc,marking  ] GC(56) Concurrent Mark From Roots 8.335ms
[27.125s][info][gc,marking  ] GC(56) Concurrent Preclean
[27.125s][info][gc,marking  ] GC(56) Concurrent Preclean 0.054ms
[27.125s][info][gc,start    ] GC(56) Pause Remark
[27.127s][info][gc          ] GC(56) Pause Remark 31M->31M(114M) 1.969ms
[27.128s][info][gc,cpu      ] GC(56) User=0.00s Sys=0.00s Real=0.00s
[27.128s][info][gc,marking  ] GC(56) Concurrent Mark 10.769ms
[27.128s][info][gc,marking  ] GC(56) Concurrent Rebuild Remembered Sets
[27.131s][info][gc,marking  ] GC(56) Concurrent Rebuild Remembered Sets 3.475ms
[27.131s][info][gc,start    ] GC(56) Pause Cleanup
[27.132s][info][gc          ] GC(56) Pause Cleanup 31M->31M(114M) 0.132ms
[27.132s][info][gc,cpu      ] GC(56) User=0.00s Sys=0.00s Real=0.00s
[27.132s][info][gc,marking  ] GC(56) Concurrent Cleanup for Next Mark
[27.132s][info][gc,marking  ] GC(56) Concurrent Cleanup for Next Mark 0.381ms
[27.132s][info][gc          ] GC(56) Concurrent Mark Cycle 15.624ms
[27.340s][info][gc,start    ] GC(57) Pause Young (Concurrent Start) (G1 Humongous Allocation)
[27.340s][info][gc,task     ] GC(57) Using 6 workers of 6 for evacuation
[27.342s][info][gc,phases   ] GC(57)   Pre Evacuate Collection Set: 0.1ms
[27.342s][info][gc,phases   ] GC(57)   Merge Heap Roots: 0.1ms
[27.342s][info][gc,phases   ] GC(57)   Evacuate Collection Set: 1.1ms
[27.342s][info][gc,phases   ] GC(57)   Post Evacuate Collection Set: 0.4ms
[27.342s][info][gc,phases   ] GC(57)   Other: 0.2ms
[27.342s][info][gc,heap     ] GC(57) Eden regions: 22->0(62)
[27.342s][info][gc,heap     ] GC(57) Survivor regions: 7->6(26)
[27.342s][info][gc,heap     ] GC(57) Old regions: 14->15
[27.342s][info][gc,heap     ] GC(57) Archive regions: 0->0
[27.342s][info][gc,heap     ] GC(57) Humongous regions: 36->4
[27.342s][info][gc,metaspace] GC(57) Metaspace: 35633K(36032K)->35633K(36032K) NonClass: 31649K(31872K)->31649K(31872K) Class: 3983K(4160K)->3983K(4160K)
[27.342s][info][gc          ] GC(57) Pause Young (Concurrent Start) (G1 Humongous Allocation) 77M->23M(114M) 1.903ms
[27.342s][info][gc,cpu      ] GC(57) User=0.00s Sys=0.00s Real=0.00s
[27.342s][info][gc          ] GC(58) Concurrent Undo Cycle
[27.342s][info][gc,marking  ] GC(58) Concurrent Cleanup for Next Mark
[27.342s][info][gc,marking  ] GC(58) Concurrent Cleanup for Next Mark 0.102ms
[27.342s][info][gc          ] GC(58) Concurrent Undo Cycle 0.151ms
[27.548s][info][gc,start    ] GC(59) Pause Young (Concurrent Start) (G1 Humongous Allocation)
[27.548s][info][gc,task     ] GC(59) Using 6 workers of 6 for evacuation
[27.550s][info][gc,phases   ] GC(59)   Pre Evacuate Collection Set: 0.2ms
[27.550s][info][gc,phases   ] GC(59)   Merge Heap Roots: 0.1ms
[27.550s][info][gc,phases   ] GC(59)   Evacuate Collection Set: 1.1ms
[27.550s][info][gc,phases   ] GC(59)   Post Evacuate Collection Set: 0.6ms
[27.550s][info][gc,phases   ] GC(59)   Other: 0.2ms
[27.550s][info][gc,heap     ] GC(59) Eden regions: 27->0(63)
[27.550s][info][gc,heap     ] GC(59) Survivor regions: 6->5(9)
[27.550s][info][gc,heap     ] GC(59) Old regions: 15->16
[27.550s][info][gc,heap     ] GC(59) Archive regions: 0->0
[27.550s][info][gc,heap     ] GC(59) Humongous regions: 36->12
[27.550s][info][gc,metaspace] GC(59) Metaspace: 35633K(36032K)->35633K(36032K) NonClass: 31649K(31872K)->31649K(31872K) Class: 3983K(4160K)->3983K(4160K)
[27.550s][info][gc          ] GC(59) Pause Young (Concurrent Start) (G1 Humongous Allocation) 81M->31M(114M) 2.196ms
[27.550s][info][gc,cpu      ] GC(59) User=0.00s Sys=0.00s Real=0.00s
[27.550s][info][gc          ] GC(60) Concurrent Undo Cycle
[27.550s][info][gc,marking  ] GC(60) Concurrent Cleanup for Next Mark
[27.550s][info][gc,marking  ] GC(60) Concurrent Cleanup for Next Mark 0.097ms
[27.550s][info][gc          ] GC(60) Concurrent Undo Cycle 0.141ms
[27.768s][info][gc,start    ] GC(61) Pause Young (Concurrent Start) (G1 Humongous Allocation)
[27.768s][info][gc,task     ] GC(61) Using 6 workers of 6 for evacuation
[27.770s][info][gc,phases   ] GC(61)   Pre Evacuate Collection Set: 0.1ms
[27.770s][info][gc,phases   ] GC(61)   Merge Heap Roots: 0.0ms
[27.770s][info][gc,phases   ] GC(61)   Evacuate Collection Set: 0.8ms
[27.770s][info][gc,phases   ] GC(61)   Post Evacuate Collection Set: 0.6ms
[27.770s][info][gc,phases   ] GC(61)   Other: 0.2ms
[27.770s][info][gc,heap     ] GC(61) Eden regions: 22->0(63)
[27.770s][info][gc,heap     ] GC(61) Survivor regions: 5->5(9)
[27.770s][info][gc,heap     ] GC(61) Old regions: 16->16
[27.770s][info][gc,heap     ] GC(61) Archive regions: 0->0
[27.770s][info][gc,heap     ] GC(61) Humongous regions: 32->8
[27.770s][info][gc,metaspace] GC(61) Metaspace: 35633K(36032K)->35633K(36032K) NonClass: 31649K(31872K)->31649K(31872K) Class: 3983K(4160K)->3983K(4160K)
[27.770s][info][gc          ] GC(61) Pause Young (Concurrent Start) (G1 Humongous Allocation) 72M->27M(114M) 1.866ms
[27.770s][info][gc,cpu      ] GC(61) User=0.00s Sys=0.00s Real=0.00s
[27.770s][info][gc          ] GC(62) Concurrent Undo Cycle
[27.770s][info][gc,marking  ] GC(62) Concurrent Cleanup for Next Mark
[27.770s][info][gc,marking  ] GC(62) Concurrent Cleanup for Next Mark 0.116ms
[27.770s][info][gc          ] GC(62) Concurrent Undo Cycle 0.161ms
[27.987s][info][gc,start    ] GC(63) Pause Young (Concurrent Start) (G1 Humongous Allocation)
[27.987s][info][gc,task     ] GC(63) Using 6 workers of 6 for evacuation
[27.990s][info][gc,phases   ] GC(63)   Pre Evacuate Collection Set: 0.1ms
[27.990s][info][gc,phases   ] GC(63)   Merge Heap Roots: 0.2ms
[27.990s][info][gc,phases   ] GC(63)   Evacuate Collection Set: 1.5ms
[27.990s][info][gc,phases   ] GC(63)   Post Evacuate Collection Set: 0.3ms
[27.990s][info][gc,phases   ] GC(63)   Other: 0.2ms
[27.990s][info][gc,heap     ] GC(63) Eden regions: 27->0(63)
[27.990s][info][gc,heap     ] GC(63) Survivor regions: 5->5(9)
[27.990s][info][gc,heap     ] GC(63) Old regions: 16->16
[27.990s][info][gc,heap     ] GC(63) Archive regions: 0->0
[27.990s][info][gc,heap     ] GC(63) Humongous regions: 32->8
[27.990s][info][gc,metaspace] GC(63) Metaspace: 35633K(36032K)->35633K(36032K) NonClass: 31649K(31872K)->31649K(31872K) Class: 3983K(4160K)->3983K(4160K)
[27.990s][info][gc          ] GC(63) Pause Young (Concurrent Start) (G1 Humongous Allocation) 77M->27M(114M) 2.483ms
[27.990s][info][gc,cpu      ] GC(63) User=0.02s Sys=0.00s Real=0.00s
[27.990s][info][gc          ] GC(64) Concurrent Undo Cycle
[27.990s][info][gc,marking  ] GC(64) Concurrent Cleanup for Next Mark
[27.990s][info][gc,marking  ] GC(64) Concurrent Cleanup for Next Mark 0.227ms
[27.990s][info][gc          ] GC(64) Concurrent Undo Cycle 0.292ms
[28.196s][info][gc,start    ] GC(65) Pause Young (Concurrent Start) (G1 Humongous Allocation)
[28.196s][info][gc,task     ] GC(65) Using 6 workers of 6 for evacuation
[28.197s][info][gc,phases   ] GC(65)   Pre Evacuate Collection Set: 0.2ms
[28.197s][info][gc,phases   ] GC(65)   Merge Heap Roots: 0.1ms
[28.197s][info][gc,phases   ] GC(65)   Evacuate Collection Set: 0.9ms
[28.197s][info][gc,phases   ] GC(65)   Post Evacuate Collection Set: 0.5ms
[28.197s][info][gc,phases   ] GC(65)   Other: 0.2ms
[28.197s][info][gc,heap     ] GC(65) Eden regions: 21->0(63)
[28.197s][info][gc,heap     ] GC(65) Survivor regions: 5->5(9)
[28.197s][info][gc,heap     ] GC(65) Old regions: 16->16
[28.198s][info][gc,heap     ] GC(65) Archive regions: 0->0
[28.198s][info][gc,heap     ] GC(65) Humongous regions: 32->8
[28.198s][info][gc,metaspace] GC(65) Metaspace: 35633K(36032K)->35633K(36032K) NonClass: 31649K(31872K)->31649K(31872K) Class: 3983K(4160K)->3983K(4160K)
[28.198s][info][gc          ] GC(65) Pause Young (Concurrent Start) (G1 Humongous Allocation) 72M->27M(114M) 2.001ms
[28.198s][info][gc,cpu      ] GC(65) User=0.00s Sys=0.00s Real=0.00s
[28.198s][info][gc          ] GC(66) Concurrent Undo Cycle
[28.198s][info][gc,marking  ] GC(66) Concurrent Cleanup for Next Mark
[28.198s][info][gc,marking  ] GC(66) Concurrent Cleanup for Next Mark 0.115ms
[28.198s][info][gc          ] GC(66) Concurrent Undo Cycle 0.165ms
[28.402s][info][gc,start    ] GC(67) Pause Young (Concurrent Start) (G1 Humongous Allocation)
[28.403s][info][gc,task     ] GC(67) Using 6 workers of 6 for evacuation
[28.404s][info][gc,phases   ] GC(67)   Pre Evacuate Collection Set: 0.2ms
[28.405s][info][gc,phases   ] GC(67)   Merge Heap Roots: 0.1ms
[28.405s][info][gc,phases   ] GC(67)   Evacuate Collection Set: 0.9ms
[28.405s][info][gc,phases   ] GC(67)   Post Evacuate Collection Set: 0.5ms
[28.405s][info][gc,phases   ] GC(67)   Other: 0.3ms
[28.405s][info][gc,heap     ] GC(67) Eden regions: 26->0(63)
[28.405s][info][gc,heap     ] GC(67) Survivor regions: 5->5(9)
[28.405s][info][gc,heap     ] GC(67) Old regions: 16->16
[28.405s][info][gc,heap     ] GC(67) Archive regions: 0->0
[28.405s][info][gc,heap     ] GC(67) Humongous regions: 32->8
[28.405s][info][gc,metaspace] GC(67) Metaspace: 35633K(36032K)->35633K(36032K) NonClass: 31649K(31872K)->31649K(31872K) Class: 3983K(4160K)->3983K(4160K)
[28.405s][info][gc          ] GC(67) Pause Young (Concurrent Start) (G1 Humongous Allocation) 77M->27M(114M) 2.284ms
[28.405s][info][gc,cpu      ] GC(67) User=0.00s Sys=0.00s Real=0.00s
[28.405s][info][gc          ] GC(68) Concurrent Undo Cycle
[28.405s][info][gc,marking  ] GC(68) Concurrent Cleanup for Next Mark
[28.406s][info][gc,marking  ] GC(68) Concurrent Cleanup for Next Mark 0.811ms
[28.406s][info][gc          ] GC(68) Concurrent Undo Cycle 0.894ms
[28.612s][info][gc,start    ] GC(69) Pause Young (Concurrent Start) (G1 Humongous Allocation)
[28.613s][info][gc,task     ] GC(69) Using 6 workers of 6 for evacuation
[28.614s][info][gc,phases   ] GC(69)   Pre Evacuate Collection Set: 0.1ms
[28.614s][info][gc,phases   ] GC(69)   Merge Heap Roots: 0.1ms
[28.614s][info][gc,phases   ] GC(69)   Evacuate Collection Set: 0.9ms
[28.614s][info][gc,phases   ] GC(69)   Post Evacuate Collection Set: 0.5ms
[28.614s][info][gc,phases   ] GC(69)   Other: 0.2ms
[28.614s][info][gc,heap     ] GC(69) Eden regions: 22->0(63)
[28.614s][info][gc,heap     ] GC(69) Survivor regions: 5->5(9)
[28.614s][info][gc,heap     ] GC(69) Old regions: 16->16
[28.614s][info][gc,heap     ] GC(69) Archive regions: 0->0
[28.614s][info][gc,heap     ] GC(69) Humongous regions: 32->8
[28.614s][info][gc,metaspace] GC(69) Metaspace: 35633K(36032K)->35633K(36032K) NonClass: 31649K(31872K)->31649K(31872K) Class: 3983K(4160K)->3983K(4160K)
[28.614s][info][gc          ] GC(69) Pause Young (Concurrent Start) (G1 Humongous Allocation) 73M->27M(114M) 1.827ms
[28.614s][info][gc,cpu      ] GC(69) User=0.00s Sys=0.00s Real=0.00s
[28.614s][info][gc          ] GC(70) Concurrent Undo Cycle
[28.614s][info][gc,marking  ] GC(70) Concurrent Cleanup for Next Mark
[28.615s][info][gc,marking  ] GC(70) Concurrent Cleanup for Next Mark 0.103ms
[28.615s][info][gc          ] GC(70) Concurrent Undo Cycle 0.149ms
[28.818s][info][gc,start    ] GC(71) Pause Young (Concurrent Start) (G1 Humongous Allocation)
[28.818s][info][gc,task     ] GC(71) Using 6 workers of 6 for evacuation
[28.820s][info][gc,phases   ] GC(71)   Pre Evacuate Collection Set: 0.2ms
[28.820s][info][gc,phases   ] GC(71)   Merge Heap Roots: 0.1ms
[28.820s][info][gc,phases   ] GC(71)   Evacuate Collection Set: 1.0ms
[28.820s][info][gc,phases   ] GC(71)   Post Evacuate Collection Set: 0.5ms
[28.820s][info][gc,phases   ] GC(71)   Other: 0.2ms
[28.820s][info][gc,heap     ] GC(71) Eden regions: 22->0(63)
[28.820s][info][gc,heap     ] GC(71) Survivor regions: 5->5(9)
[28.820s][info][gc,heap     ] GC(71) Old regions: 16->17
[28.820s][info][gc,heap     ] GC(71) Archive regions: 0->0
[28.820s][info][gc,heap     ] GC(71) Humongous regions: 32->8
[28.820s][info][gc,metaspace] GC(71) Metaspace: 35635K(36032K)->35635K(36032K) NonClass: 31652K(31872K)->31652K(31872K) Class: 3983K(4160K)->3983K(4160K)
[28.820s][info][gc          ] GC(71) Pause Young (Concurrent Start) (G1 Humongous Allocation) 73M->28M(114M) 2.081ms
[28.820s][info][gc,cpu      ] GC(71) User=0.00s Sys=0.00s Real=0.00s
[28.820s][info][gc          ] GC(72) Concurrent Undo Cycle
[28.820s][info][gc,marking  ] GC(72) Concurrent Cleanup for Next Mark
[28.820s][info][gc,marking  ] GC(72) Concurrent Cleanup for Next Mark 0.120ms
[28.820s][info][gc          ] GC(72) Concurrent Undo Cycle 0.170ms
[29.028s][info][gc,start    ] GC(73) Pause Young (Concurrent Start) (G1 Humongous Allocation)
[29.028s][info][gc,task     ] GC(73) Using 6 workers of 6 for evacuation
[29.030s][info][gc,phases   ] GC(73)   Pre Evacuate Collection Set: 0.1ms
[29.030s][info][gc,phases   ] GC(73)   Merge Heap Roots: 0.0ms
[29.030s][info][gc,phases   ] GC(73)   Evacuate Collection Set: 0.7ms
[29.030s][info][gc,phases   ] GC(73)   Post Evacuate Collection Set: 0.2ms
[29.030s][info][gc,phases   ] GC(73)   Other: 0.2ms
[29.030s][info][gc,heap     ] GC(73) Eden regions: 22->0(63)
[29.030s][info][gc,heap     ] GC(73) Survivor regions: 5->5(9)
[29.030s][info][gc,heap     ] GC(73) Old regions: 17->17
[29.030s][info][gc,heap     ] GC(73) Archive regions: 0->0
[29.030s][info][gc,heap     ] GC(73) Humongous regions: 32->8
[29.030s][info][gc,metaspace] GC(73) Metaspace: 35635K(36032K)->35635K(36032K) NonClass: 31652K(31872K)->31652K(31872K) Class: 3983K(4160K)->3983K(4160K)
[29.030s][info][gc          ] GC(73) Pause Young (Concurrent Start) (G1 Humongous Allocation) 73M->28M(114M) 1.358ms
[29.030s][info][gc,cpu      ] GC(73) User=0.00s Sys=0.00s Real=0.00s
[29.030s][info][gc          ] GC(74) Concurrent Undo Cycle
[29.030s][info][gc,marking  ] GC(74) Concurrent Cleanup for Next Mark
[29.030s][info][gc,marking  ] GC(74) Concurrent Cleanup for Next Mark 0.089ms
[29.030s][info][gc          ] GC(74) Concurrent Undo Cycle 0.140ms
[29.248s][info][gc,start    ] GC(75) Pause Young (Concurrent Start) (G1 Humongous Allocation)
[29.248s][info][gc,task     ] GC(75) Using 6 workers of 6 for evacuation
[29.254s][info][gc,phases   ] GC(75)   Pre Evacuate Collection Set: 0.2ms
[29.254s][info][gc,phases   ] GC(75)   Merge Heap Roots: 0.2ms
[29.254s][info][gc,phases   ] GC(75)   Evacuate Collection Set: 4.2ms
[29.254s][info][gc,phases   ] GC(75)   Post Evacuate Collection Set: 0.9ms
[29.254s][info][gc,phases   ] GC(75)   Other: 0.6ms
[29.254s][info][gc,heap     ] GC(75) Eden regions: 22->0(64)
[29.254s][info][gc,heap     ] GC(75) Survivor regions: 5->4(9)
[29.254s][info][gc,heap     ] GC(75) Old regions: 17->17
[29.254s][info][gc,heap     ] GC(75) Archive regions: 0->0
[29.254s][info][gc,heap     ] GC(75) Humongous regions: 32->8
[29.254s][info][gc,metaspace] GC(75) Metaspace: 35640K(36032K)->35640K(36032K) NonClass: 31656K(31872K)->31656K(31872K) Class: 3983K(4160K)->3983K(4160K)
[29.254s][info][gc          ] GC(75) Pause Young (Concurrent Start) (G1 Humongous Allocation) 73M->28M(114M) 6.377ms
[29.254s][info][gc,cpu      ] GC(75) User=0.00s Sys=0.00s Real=0.01s
[29.255s][info][gc          ] GC(76) Concurrent Undo Cycle
[29.256s][info][gc,marking  ] GC(76) Concurrent Cleanup for Next Mark
[29.256s][info][gc,marking  ] GC(76) Concurrent Cleanup for Next Mark 0.756ms
[29.256s][info][gc          ] GC(76) Concurrent Undo Cycle 1.006ms
[29.515s][info][gc,start    ] GC(77) Pause Young (Concurrent Start) (G1 Humongous Allocation)
[29.515s][info][gc,task     ] GC(77) Using 6 workers of 6 for evacuation
[29.517s][info][gc,phases   ] GC(77)   Pre Evacuate Collection Set: 0.2ms
[29.517s][info][gc,phases   ] GC(77)   Merge Heap Roots: 0.1ms
[29.518s][info][gc,phases   ] GC(77)   Evacuate Collection Set: 1.5ms
[29.518s][info][gc,phases   ] GC(77)   Post Evacuate Collection Set: 0.6ms
[29.518s][info][gc,phases   ] GC(77)   Other: 0.4ms
[29.518s][info][gc,heap     ] GC(77) Eden regions: 27->0(64)
[29.518s][info][gc,heap     ] GC(77) Survivor regions: 4->4(9)
[29.518s][info][gc,heap     ] GC(77) Old regions: 17->18
[29.518s][info][gc,heap     ] GC(77) Archive regions: 0->0
[29.518s][info][gc,heap     ] GC(77) Humongous regions: 32->8
[29.518s][info][gc,metaspace] GC(77) Metaspace: 35643K(36032K)->35643K(36032K) NonClass: 31659K(31872K)->31659K(31872K) Class: 3983K(4160K)->3983K(4160K)
[29.518s][info][gc          ] GC(77) Pause Young (Concurrent Start) (G1 Humongous Allocation) 78M->28M(114M) 3.258ms
[29.518s][info][gc,cpu      ] GC(77) User=0.00s Sys=0.00s Real=0.00s
[29.518s][info][gc          ] GC(78) Concurrent Undo Cycle
[29.518s][info][gc,marking  ] GC(78) Concurrent Cleanup for Next Mark
[29.518s][info][gc,marking  ] GC(78) Concurrent Cleanup for Next Mark 0.243ms
[29.518s][info][gc          ] GC(78) Concurrent Undo Cycle 0.420ms
[29.788s][info][gc,start    ] GC(79) Pause Young (Concurrent Start) (G1 Humongous Allocation)
[29.788s][info][gc,task     ] GC(79) Using 6 workers of 6 for evacuation
[29.790s][info][gc,phases   ] GC(79)   Pre Evacuate Collection Set: 0.1ms
[29.790s][info][gc,phases   ] GC(79)   Merge Heap Roots: 0.1ms
[29.790s][info][gc,phases   ] GC(79)   Evacuate Collection Set: 1.1ms
[29.790s][info][gc,phases   ] GC(79)   Post Evacuate Collection Set: 0.3ms
[29.790s][info][gc,phases   ] GC(79)   Other: 0.4ms
[29.790s][info][gc,heap     ] GC(79) Eden regions: 27->0(64)
[29.790s][info][gc,heap     ] GC(79) Survivor regions: 4->4(9)
[29.790s][info][gc,heap     ] GC(79) Old regions: 18->18
[29.790s][info][gc,heap     ] GC(79) Archive regions: 0->0
[29.790s][info][gc,heap     ] GC(79) Humongous regions: 32->8
[29.790s][info][gc,metaspace] GC(79) Metaspace: 35648K(36032K)->35648K(36032K) NonClass: 31664K(31872K)->31664K(31872K) Class: 3983K(4160K)->3983K(4160K)
[29.790s][info][gc          ] GC(79) Pause Young (Concurrent Start) (G1 Humongous Allocation) 78M->28M(114M) 1.903ms
[29.790s][info][gc,cpu      ] GC(79) User=0.00s Sys=0.00s Real=0.00s
[29.790s][info][gc          ] GC(80) Concurrent Undo Cycle
[29.790s][info][gc,marking  ] GC(80) Concurrent Cleanup for Next Mark
[29.790s][info][gc,marking  ] GC(80) Concurrent Cleanup for Next Mark 0.473ms
[29.790s][info][gc          ] GC(80) Concurrent Undo Cycle 0.559ms
[29.996s][info][gc,start    ] GC(81) Pause Young (Concurrent Start) (G1 Humongous Allocation)
[29.996s][info][gc,task     ] GC(81) Using 6 workers of 6 for evacuation
[29.997s][info][gc,phases   ] GC(81)   Pre Evacuate Collection Set: 0.1ms
[29.997s][info][gc,phases   ] GC(81)   Merge Heap Roots: 0.1ms
[29.997s][info][gc,phases   ] GC(81)   Evacuate Collection Set: 0.7ms
[29.997s][info][gc,phases   ] GC(81)   Post Evacuate Collection Set: 0.3ms
[29.997s][info][gc,phases   ] GC(81)   Other: 0.2ms
[29.997s][info][gc,heap     ] GC(81) Eden regions: 22->0(65)
[29.997s][info][gc,heap     ] GC(81) Survivor regions: 4->3(9)
[29.997s][info][gc,heap     ] GC(81) Old regions: 18->19
[29.997s][info][gc,heap     ] GC(81) Archive regions: 0->0
[29.997s][info][gc,heap     ] GC(81) Humongous regions: 32->8
[29.997s][info][gc,metaspace] GC(81) Metaspace: 35653K(36032K)->35653K(36032K) NonClass: 31669K(31872K)->31669K(31872K) Class: 3983K(4160K)->3983K(4160K)
[29.997s][info][gc          ] GC(81) Pause Young (Concurrent Start) (G1 Humongous Allocation) 73M->28M(114M) 1.462ms
[29.997s][info][gc,cpu      ] GC(81) User=0.00s Sys=0.00s Real=0.00s
[29.997s][info][gc          ] GC(82) Concurrent Undo Cycle
[29.997s][info][gc,marking  ] GC(82) Concurrent Cleanup for Next Mark
[29.997s][info][gc,marking  ] GC(82) Concurrent Cleanup for Next Mark 0.111ms
[29.998s][info][gc          ] GC(82) Concurrent Undo Cycle 0.160ms
[30.209s][info][gc,start    ] GC(83) Pause Young (Concurrent Start) (G1 Humongous Allocation)
[30.209s][info][gc,task     ] GC(83) Using 6 workers of 6 for evacuation
[30.211s][info][gc,phases   ] GC(83)   Pre Evacuate Collection Set: 0.1ms
[30.211s][info][gc,phases   ] GC(83)   Merge Heap Roots: 0.1ms
[30.211s][info][gc,phases   ] GC(83)   Evacuate Collection Set: 0.7ms
[30.211s][info][gc,phases   ] GC(83)   Post Evacuate Collection Set: 0.5ms
[30.211s][info][gc,phases   ] GC(83)   Other: 0.2ms
[30.211s][info][gc,heap     ] GC(83) Eden regions: 22->0(65)
[30.211s][info][gc,heap     ] GC(83) Survivor regions: 3->3(9)
[30.211s][info][gc,heap     ] GC(83) Old regions: 19->19
[30.211s][info][gc,heap     ] GC(83) Archive regions: 0->0
[30.211s][info][gc,heap     ] GC(83) Humongous regions: 32->8
[30.211s][info][gc,metaspace] GC(83) Metaspace: 35677K(36032K)->35677K(36032K) NonClass: 31694K(31872K)->31694K(31872K) Class: 3983K(4160K)->3983K(4160K)
[30.211s][info][gc          ] GC(83) Pause Young (Concurrent Start) (G1 Humongous Allocation) 73M->28M(114M) 1.756ms
[30.211s][info][gc,cpu      ] GC(83) User=0.00s Sys=0.00s Real=0.00s
[30.211s][info][gc          ] GC(84) Concurrent Undo Cycle
[30.211s][info][gc,marking  ] GC(84) Concurrent Cleanup for Next Mark
[30.211s][info][gc,marking  ] GC(84) Concurrent Cleanup for Next Mark 0.113ms
[30.211s][info][gc          ] GC(84) Concurrent Undo Cycle 0.227ms
[30.421s][info][gc,start    ] GC(85) Pause Young (Concurrent Start) (G1 Humongous Allocation)
[30.421s][info][gc,task     ] GC(85) Using 6 workers of 6 for evacuation
[30.426s][info][gc,phases   ] GC(85)   Pre Evacuate Collection Set: 0.3ms
[30.426s][info][gc,phases   ] GC(85)   Merge Heap Roots: 0.4ms
[30.426s][info][gc,phases   ] GC(85)   Evacuate Collection Set: 2.9ms
[30.426s][info][gc,phases   ] GC(85)   Post Evacuate Collection Set: 1.1ms
[30.426s][info][gc,phases   ] GC(85)   Other: 0.5ms
[30.426s][info][gc,heap     ] GC(85) Eden regions: 22->0(65)
[30.426s][info][gc,heap     ] GC(85) Survivor regions: 3->3(9)
[30.426s][info][gc,heap     ] GC(85) Old regions: 19->20
[30.426s][info][gc,heap     ] GC(85) Archive regions: 0->0
[30.426s][info][gc,heap     ] GC(85) Humongous regions: 32->8
[30.426s][info][gc,metaspace] GC(85) Metaspace: 35693K(36032K)->35693K(36032K) NonClass: 31710K(31872K)->31710K(31872K) Class: 3983K(4160K)->3983K(4160K)
[30.426s][info][gc          ] GC(85) Pause Young (Concurrent Start) (G1 Humongous Allocation) 74M->28M(114M) 5.679ms
[30.426s][info][gc,cpu      ] GC(85) User=0.00s Sys=0.00s Real=0.01s
[30.427s][info][gc          ] GC(86) Concurrent Undo Cycle
[30.427s][info][gc,marking  ] GC(86) Concurrent Cleanup for Next Mark
[30.427s][info][gc,marking  ] GC(86) Concurrent Cleanup for Next Mark 0.435ms
[30.427s][info][gc          ] GC(86) Concurrent Undo Cycle 0.692ms
[30.644s][info][gc,start    ] GC(87) Pause Young (Concurrent Start) (G1 Humongous Allocation)
[30.644s][info][gc,task     ] GC(87) Using 6 workers of 6 for evacuation
[30.646s][info][gc,phases   ] GC(87)   Pre Evacuate Collection Set: 0.1ms
[30.646s][info][gc,phases   ] GC(87)   Merge Heap Roots: 0.1ms
[30.646s][info][gc,phases   ] GC(87)   Evacuate Collection Set: 0.6ms
[30.646s][info][gc,phases   ] GC(87)   Post Evacuate Collection Set: 0.4ms
[30.646s][info][gc,phases   ] GC(87)   Other: 0.2ms
[30.646s][info][gc,heap     ] GC(87) Eden regions: 27->0(66)
[30.646s][info][gc,heap     ] GC(87) Survivor regions: 3->2(9)
[30.646s][info][gc,heap     ] GC(87) Old regions: 20->20
[30.646s][info][gc,heap     ] GC(87) Archive regions: 0->0
[30.646s][info][gc,heap     ] GC(87) Humongous regions: 28->4
[30.646s][info][gc,metaspace] GC(87) Metaspace: 35693K(36032K)->35693K(36032K) NonClass: 31710K(31872K)->31710K(31872K) Class: 3983K(4160K)->3983K(4160K)
[30.646s][info][gc          ] GC(87) Pause Young (Concurrent Start) (G1 Humongous Allocation) 74M->24M(114M) 1.507ms
[30.646s][info][gc,cpu      ] GC(87) User=0.03s Sys=0.00s Real=0.00s
[30.646s][info][gc          ] GC(88) Concurrent Undo Cycle
[30.646s][info][gc,marking  ] GC(88) Concurrent Cleanup for Next Mark
[30.646s][info][gc,marking  ] GC(88) Concurrent Cleanup for Next Mark 0.103ms
[30.646s][info][gc          ] GC(88) Concurrent Undo Cycle 0.151ms
[30.849s][info][gc,start    ] GC(89) Pause Young (Concurrent Start) (G1 Humongous Allocation)
[30.849s][info][gc,task     ] GC(89) Using 6 workers of 6 for evacuation
[30.850s][info][gc,phases   ] GC(89)   Pre Evacuate Collection Set: 0.1ms
[30.850s][info][gc,phases   ] GC(89)   Merge Heap Roots: 0.1ms
[30.850s][info][gc,phases   ] GC(89)   Evacuate Collection Set: 0.7ms
[30.850s][info][gc,phases   ] GC(89)   Post Evacuate Collection Set: 0.5ms
[30.850s][info][gc,phases   ] GC(89)   Other: 0.2ms
[30.850s][info][gc,heap     ] GC(89) Eden regions: 22->0(66)
[30.850s][info][gc,heap     ] GC(89) Survivor regions: 2->2(9)
[30.850s][info][gc,heap     ] GC(89) Old regions: 20->20
[30.850s][info][gc,heap     ] GC(89) Archive regions: 0->0
[30.850s][info][gc,heap     ] GC(89) Humongous regions: 28->4
[30.850s][info][gc,metaspace] GC(89) Metaspace: 35693K(36032K)->35693K(36032K) NonClass: 31710K(31872K)->31710K(31872K) Class: 3983K(4160K)->3983K(4160K)
[30.850s][info][gc          ] GC(89) Pause Young (Concurrent Start) (G1 Humongous Allocation) 70M->24M(114M) 1.654ms
[30.850s][info][gc,cpu      ] GC(89) User=0.00s Sys=0.00s Real=0.00s
[30.850s][info][gc          ] GC(90) Concurrent Undo Cycle
[30.850s][info][gc,marking  ] GC(90) Concurrent Cleanup for Next Mark
[30.850s][info][gc,marking  ] GC(90) Concurrent Cleanup for Next Mark 0.127ms
[30.850s][info][gc          ] GC(90) Concurrent Undo Cycle 0.175ms
[31.056s][info][gc,start    ] GC(91) Pause Young (Concurrent Start) (G1 Humongous Allocation)
[31.056s][info][gc,task     ] GC(91) Using 6 workers of 6 for evacuation
[31.057s][info][gc,phases   ] GC(91)   Pre Evacuate Collection Set: 0.1ms
[31.057s][info][gc,phases   ] GC(91)   Merge Heap Roots: 0.1ms
[31.057s][info][gc,phases   ] GC(91)   Evacuate Collection Set: 0.6ms
[31.057s][info][gc,phases   ] GC(91)   Post Evacuate Collection Set: 0.3ms
[31.057s][info][gc,phases   ] GC(91)   Other: 0.2ms
[31.057s][info][gc,heap     ] GC(91) Eden regions: 22->0(66)
[31.057s][info][gc,heap     ] GC(91) Survivor regions: 2->2(9)
[31.057s][info][gc,heap     ] GC(91) Old regions: 20->20
[31.057s][info][gc,heap     ] GC(91) Archive regions: 0->0
[31.057s][info][gc,heap     ] GC(91) Humongous regions: 28->4
[31.057s][info][gc,metaspace] GC(91) Metaspace: 35694K(36032K)->35694K(36032K) NonClass: 31711K(31872K)->31711K(31872K) Class: 3983K(4160K)->3983K(4160K)
[31.057s][info][gc          ] GC(91) Pause Young (Concurrent Start) (G1 Humongous Allocation) 70M->24M(114M) 1.392ms
[31.057s][info][gc,cpu      ] GC(91) User=0.00s Sys=0.00s Real=0.00s
[31.058s][info][gc          ] GC(92) Concurrent Undo Cycle
[31.058s][info][gc,marking  ] GC(92) Concurrent Cleanup for Next Mark
[31.058s][info][gc,marking  ] GC(92) Concurrent Cleanup for Next Mark 0.116ms
[31.058s][info][gc          ] GC(92) Concurrent Undo Cycle 0.176ms
[31.260s][info][gc,start    ] GC(93) Pause Young (Concurrent Start) (G1 Humongous Allocation)
[31.260s][info][gc,task     ] GC(93) Using 6 workers of 6 for evacuation
[31.261s][info][gc,phases   ] GC(93)   Pre Evacuate Collection Set: 0.1ms
[31.261s][info][gc,phases   ] GC(93)   Merge Heap Roots: 0.1ms
[31.261s][info][gc,phases   ] GC(93)   Evacuate Collection Set: 0.6ms
[31.261s][info][gc,phases   ] GC(93)   Post Evacuate Collection Set: 0.6ms
[31.261s][info][gc,phases   ] GC(93)   Other: 0.2ms
[31.261s][info][gc,heap     ] GC(93) Eden regions: 27->0(65)
[31.261s][info][gc,heap     ] GC(93) Survivor regions: 2->3(9)
[31.261s][info][gc,heap     ] GC(93) Old regions: 20->20
[31.261s][info][gc,heap     ] GC(93) Archive regions: 0->0
[31.261s][info][gc,heap     ] GC(93) Humongous regions: 28->4
[31.261s][info][gc,metaspace] GC(93) Metaspace: 35695K(36032K)->35695K(36032K) NonClass: 31712K(31872K)->31712K(31872K) Class: 3983K(4160K)->3983K(4160K)
[31.261s][info][gc          ] GC(93) Pause Young (Concurrent Start) (G1 Humongous Allocation) 75M->25M(114M) 1.802ms
[31.262s][info][gc,cpu      ] GC(93) User=0.00s Sys=0.00s Real=0.00s
[31.262s][info][gc          ] GC(94) Concurrent Undo Cycle
[31.262s][info][gc,marking  ] GC(94) Concurrent Cleanup for Next Mark
[31.262s][info][gc,marking  ] GC(94) Concurrent Cleanup for Next Mark 0.073ms
[31.262s][info][gc          ] GC(94) Concurrent Undo Cycle 0.108ms
[31.465s][info][gc,start    ] GC(95) Pause Young (Concurrent Start) (G1 Humongous Allocation)
[31.465s][info][gc,task     ] GC(95) Using 6 workers of 6 for evacuation
[31.466s][info][gc,phases   ] GC(95)   Pre Evacuate Collection Set: 0.2ms
[31.466s][info][gc,phases   ] GC(95)   Merge Heap Roots: 0.1ms
[31.466s][info][gc,phases   ] GC(95)   Evacuate Collection Set: 0.7ms
[31.466s][info][gc,phases   ] GC(95)   Post Evacuate Collection Set: 0.3ms
[31.466s][info][gc,phases   ] GC(95)   Other: 0.2ms
[31.466s][info][gc,heap     ] GC(95) Eden regions: 22->0(66)
[31.466s][info][gc,heap     ] GC(95) Survivor regions: 3->2(9)
[31.466s][info][gc,heap     ] GC(95) Old regions: 20->20
[31.466s][info][gc,heap     ] GC(95) Archive regions: 0->0
[31.466s][info][gc,heap     ] GC(95) Humongous regions: 28->4
[31.466s][info][gc,metaspace] GC(95) Metaspace: 35724K(36096K)->35724K(36096K) NonClass: 31741K(31936K)->31741K(31936K) Class: 3983K(4160K)->3983K(4160K)
[31.466s][info][gc          ] GC(95) Pause Young (Concurrent Start) (G1 Humongous Allocation) 70M->25M(114M) 1.526ms
[31.466s][info][gc,cpu      ] GC(95) User=0.00s Sys=0.00s Real=0.00s
[31.466s][info][gc          ] GC(96) Concurrent Undo Cycle
[31.466s][info][gc,marking  ] GC(96) Concurrent Cleanup for Next Mark
[31.466s][info][gc,marking  ] GC(96) Concurrent Cleanup for Next Mark 0.128ms
[31.467s][info][gc          ] GC(96) Concurrent Undo Cycle 0.256ms
[31.666s][info][gc,start    ] GC(97) Pause Young (Concurrent Start) (G1 Humongous Allocation)
[31.666s][info][gc,task     ] GC(97) Using 6 workers of 6 for evacuation
[31.668s][info][gc,phases   ] GC(97)   Pre Evacuate Collection Set: 0.2ms
[31.669s][info][gc,phases   ] GC(97)   Merge Heap Roots: 0.2ms
[31.669s][info][gc,phases   ] GC(97)   Evacuate Collection Set: 1.1ms
[31.669s][info][gc,phases   ] GC(97)   Post Evacuate Collection Set: 0.5ms
[31.669s][info][gc,phases   ] GC(97)   Other: 0.3ms
[31.669s][info][gc,heap     ] GC(97) Eden regions: 26->0(66)
[31.669s][info][gc,heap     ] GC(97) Survivor regions: 2->2(9)
[31.669s][info][gc,heap     ] GC(97) Old regions: 20->20
[31.669s][info][gc,heap     ] GC(97) Archive regions: 0->0
[31.669s][info][gc,heap     ] GC(97) Humongous regions: 28->4
[31.669s][info][gc,metaspace] GC(97) Metaspace: 35724K(36096K)->35724K(36096K) NonClass: 31741K(31936K)->31741K(31936K) Class: 3983K(4160K)->3983K(4160K)
[31.669s][info][gc          ] GC(97) Pause Young (Concurrent Start) (G1 Humongous Allocation) 75M->25M(114M) 2.627ms
[31.669s][info][gc,cpu      ] GC(97) User=0.00s Sys=0.00s Real=0.00s
[31.669s][info][gc          ] GC(98) Concurrent Undo Cycle
[31.669s][info][gc,marking  ] GC(98) Concurrent Cleanup for Next Mark
[31.669s][info][gc,marking  ] GC(98) Concurrent Cleanup for Next Mark 0.207ms
[31.669s][info][gc          ] GC(98) Concurrent Undo Cycle 0.318ms
[31.883s][info][gc,start    ] GC(99) Pause Young (Concurrent Start) (G1 Humongous Allocation)
[31.884s][info][gc,task     ] GC(99) Using 6 workers of 6 for evacuation
[31.885s][info][gc,phases   ] GC(99)   Pre Evacuate Collection Set: 0.2ms
[31.885s][info][gc,phases   ] GC(99)   Merge Heap Roots: 0.1ms
[31.885s][info][gc,phases   ] GC(99)   Evacuate Collection Set: 0.7ms
[31.885s][info][gc,phases   ] GC(99)   Post Evacuate Collection Set: 0.7ms
[31.885s][info][gc,phases   ] GC(99)   Other: 0.2ms
[31.885s][info][gc,heap     ] GC(99) Eden regions: 23->0(65)
[31.885s][info][gc,heap     ] GC(99) Survivor regions: 2->3(9)
[31.885s][info][gc,heap     ] GC(99) Old regions: 20->20
[31.885s][info][gc,heap     ] GC(99) Archive regions: 0->0
[31.885s][info][gc,heap     ] GC(99) Humongous regions: 28->4
[31.885s][info][gc,metaspace] GC(99) Metaspace: 35737K(36096K)->35737K(36096K) NonClass: 31753K(31936K)->31753K(31936K) Class: 3983K(4160K)->3983K(4160K)
[31.885s][info][gc          ] GC(99) Pause Young (Concurrent Start) (G1 Humongous Allocation) 71M->25M(114M) 1.870ms
[31.885s][info][gc,cpu      ] GC(99) User=0.00s Sys=0.00s Real=0.00s
[31.885s][info][gc          ] GC(100) Concurrent Undo Cycle
[31.885s][info][gc,marking  ] GC(100) Concurrent Cleanup for Next Mark
[31.886s][info][gc,marking  ] GC(100) Concurrent Cleanup for Next Mark 0.087ms
[31.886s][info][gc          ] GC(100) Concurrent Undo Cycle 0.130ms
[32.087s][info][gc,start    ] GC(101) Pause Young (Concurrent Start) (G1 Humongous Allocation)
[32.087s][info][gc,task     ] GC(101) Using 6 workers of 6 for evacuation
[32.088s][info][gc,phases   ] GC(101)   Pre Evacuate Collection Set: 0.2ms
[32.088s][info][gc,phases   ] GC(101)   Merge Heap Roots: 0.1ms
[32.088s][info][gc,phases   ] GC(101)   Evacuate Collection Set: 0.7ms
[32.088s][info][gc,phases   ] GC(101)   Post Evacuate Collection Set: 0.6ms
[32.088s][info][gc,phases   ] GC(101)   Other: 0.2ms
[32.088s][info][gc,heap     ] GC(101) Eden regions: 22->0(66)
[32.088s][info][gc,heap     ] GC(101) Survivor regions: 3->2(9)
[32.088s][info][gc,heap     ] GC(101) Old regions: 20->21
[32.088s][info][gc,heap     ] GC(101) Archive regions: 0->0
[32.088s][info][gc,heap     ] GC(101) Humongous regions: 28->4
[32.088s][info][gc,metaspace] GC(101) Metaspace: 35737K(36096K)->35737K(36096K) NonClass: 31754K(31936K)->31754K(31936K) Class: 3983K(4160K)->3983K(4160K)
[32.088s][info][gc          ] GC(101) Pause Young (Concurrent Start) (G1 Humongous Allocation) 70M->25M(114M) 1.799ms
[32.088s][info][gc,cpu      ] GC(101) User=0.00s Sys=0.00s Real=0.00s
[32.088s][info][gc          ] GC(102) Concurrent Undo Cycle
[32.088s][info][gc,marking  ] GC(102) Concurrent Cleanup for Next Mark
[32.089s][info][gc,marking  ] GC(102) Concurrent Cleanup for Next Mark 0.128ms
[32.089s][info][gc          ] GC(102) Concurrent Undo Cycle 0.182ms
[32.291s][info][gc,start    ] GC(103) Pause Young (Concurrent Start) (G1 Humongous Allocation)
[32.291s][info][gc,task     ] GC(103) Using 6 workers of 6 for evacuation
[32.292s][info][gc,phases   ] GC(103)   Pre Evacuate Collection Set: 0.2ms
[32.292s][info][gc,phases   ] GC(103)   Merge Heap Roots: 0.1ms
[32.292s][info][gc,phases   ] GC(103)   Evacuate Collection Set: 0.8ms
[32.292s][info][gc,phases   ] GC(103)   Post Evacuate Collection Set: 0.5ms
[32.292s][info][gc,phases   ] GC(103)   Other: 0.2ms
[32.292s][info][gc,heap     ] GC(103) Eden regions: 28->0(65)
[32.292s][info][gc,heap     ] GC(103) Survivor regions: 2->3(9)
[32.292s][info][gc,heap     ] GC(103) Old regions: 21->21
[32.292s][info][gc,heap     ] GC(103) Archive regions: 0->0
[32.292s][info][gc,heap     ] GC(103) Humongous regions: 28->4
[32.292s][info][gc,metaspace] GC(103) Metaspace: 35742K(36096K)->35742K(36096K) NonClass: 31758K(31936K)->31758K(31936K) Class: 3983K(4160K)->3983K(4160K)
[32.292s][info][gc          ] GC(103) Pause Young (Concurrent Start) (G1 Humongous Allocation) 77M->25M(114M) 1.783ms
[32.292s][info][gc,cpu      ] GC(103) User=0.00s Sys=0.00s Real=0.00s
[32.293s][info][gc          ] GC(104) Concurrent Undo Cycle
[32.293s][info][gc,marking  ] GC(104) Concurrent Cleanup for Next Mark
[32.293s][info][gc,marking  ] GC(104) Concurrent Cleanup for Next Mark 0.064ms
[32.293s][info][gc          ] GC(104) Concurrent Undo Cycle 0.099ms
[32.494s][info][gc,start    ] GC(105) Pause Young (Concurrent Start) (G1 Humongous Allocation)
[32.494s][info][gc,task     ] GC(105) Using 6 workers of 6 for evacuation
[32.496s][info][gc,phases   ] GC(105)   Pre Evacuate Collection Set: 0.2ms
[32.496s][info][gc,phases   ] GC(105)   Merge Heap Roots: 0.1ms
[32.496s][info][gc,phases   ] GC(105)   Evacuate Collection Set: 0.6ms
[32.496s][info][gc,phases   ] GC(105)   Post Evacuate Collection Set: 0.5ms
[32.496s][info][gc,phases   ] GC(105)   Other: 0.2ms
[32.496s][info][gc,heap     ] GC(105) Eden regions: 22->0(66)
[32.496s][info][gc,heap     ] GC(105) Survivor regions: 3->2(9)
[32.496s][info][gc,heap     ] GC(105) Old regions: 21->21
[32.496s][info][gc,heap     ] GC(105) Archive regions: 0->0
[32.496s][info][gc,heap     ] GC(105) Humongous regions: 28->4
[32.496s][info][gc,metaspace] GC(105) Metaspace: 35746K(36096K)->35746K(36096K) NonClass: 31762K(31936K)->31762K(31936K) Class: 3983K(4160K)->3983K(4160K)
[32.496s][info][gc          ] GC(105) Pause Young (Concurrent Start) (G1 Humongous Allocation) 71M->25M(114M) 1.691ms
[32.496s][info][gc,cpu      ] GC(105) User=0.00s Sys=0.00s Real=0.00s
[32.496s][info][gc          ] GC(106) Concurrent Undo Cycle
[32.496s][info][gc,marking  ] GC(106) Concurrent Cleanup for Next Mark
[32.496s][info][gc,marking  ] GC(106) Concurrent Cleanup for Next Mark 0.062ms
[32.496s][info][gc          ] GC(106) Concurrent Undo Cycle 0.100ms
[32.701s][info][gc,start    ] GC(107) Pause Young (Concurrent Start) (G1 Humongous Allocation)
[32.701s][info][gc,task     ] GC(107) Using 6 workers of 6 for evacuation
[32.702s][info][gc,phases   ] GC(107)   Pre Evacuate Collection Set: 0.2ms
[32.703s][info][gc,phases   ] GC(107)   Merge Heap Roots: 0.1ms
[32.703s][info][gc,phases   ] GC(107)   Evacuate Collection Set: 0.7ms
[32.703s][info][gc,phases   ] GC(107)   Post Evacuate Collection Set: 0.6ms
[32.703s][info][gc,phases   ] GC(107)   Other: 0.2ms
[32.703s][info][gc,heap     ] GC(107) Eden regions: 27->0(66)
[32.703s][info][gc,heap     ] GC(107) Survivor regions: 2->2(9)
[32.703s][info][gc,heap     ] GC(107) Old regions: 21->21
[32.703s][info][gc,heap     ] GC(107) Archive regions: 0->0
[32.703s][info][gc,heap     ] GC(107) Humongous regions: 28->4
[32.703s][info][gc,metaspace] GC(107) Metaspace: 35748K(36096K)->35748K(36096K) NonClass: 31765K(31936K)->31765K(31936K) Class: 3983K(4160K)->3983K(4160K)
[32.703s][info][gc          ] GC(107) Pause Young (Concurrent Start) (G1 Humongous Allocation) 75M->25M(114M) 1.853ms
[32.703s][info][gc,cpu      ] GC(107) User=0.00s Sys=0.00s Real=0.00s
[32.703s][info][gc          ] GC(108) Concurrent Undo Cycle
[32.703s][info][gc,marking  ] GC(108) Concurrent Cleanup for Next Mark
[32.703s][info][gc,marking  ] GC(108) Concurrent Cleanup for Next Mark 0.093ms
[32.703s][info][gc          ] GC(108) Concurrent Undo Cycle 0.138ms
[32.916s][info][gc,start    ] GC(109) Pause Young (Concurrent Start) (G1 Humongous Allocation)
[32.916s][info][gc,task     ] GC(109) Using 6 workers of 6 for evacuation
[32.918s][info][gc,phases   ] GC(109)   Pre Evacuate Collection Set: 0.1ms
[32.918s][info][gc,phases   ] GC(109)   Merge Heap Roots: 0.1ms
[32.918s][info][gc,phases   ] GC(109)   Evacuate Collection Set: 0.6ms
[32.918s][info][gc,phases   ] GC(109)   Post Evacuate Collection Set: 0.4ms
[32.918s][info][gc,phases   ] GC(109)   Other: 0.2ms
[32.918s][info][gc,heap     ] GC(109) Eden regions: 22->0(66)
[32.918s][info][gc,heap     ] GC(109) Survivor regions: 2->2(9)
[32.918s][info][gc,heap     ] GC(109) Old regions: 21->21
[32.918s][info][gc,heap     ] GC(109) Archive regions: 0->0
[32.918s][info][gc,heap     ] GC(109) Humongous regions: 28->4
[32.918s][info][gc,metaspace] GC(109) Metaspace: 35749K(36096K)->35749K(36096K) NonClass: 31765K(31936K)->31765K(31936K) Class: 3983K(4160K)->3983K(4160K)
[32.918s][info][gc          ] GC(109) Pause Young (Concurrent Start) (G1 Humongous Allocation) 71M->25M(114M) 1.547ms
[32.918s][info][gc,cpu      ] GC(109) User=0.00s Sys=0.00s Real=0.00s
[32.918s][info][gc          ] GC(110) Concurrent Undo Cycle
[32.918s][info][gc,marking  ] GC(110) Concurrent Cleanup for Next Mark
[32.918s][info][gc,marking  ] GC(110) Concurrent Cleanup for Next Mark 0.101ms
[32.918s][info][gc          ] GC(110) Concurrent Undo Cycle 0.146ms
[33.120s][info][gc,start    ] GC(111) Pause Young (Concurrent Start) (G1 Humongous Allocation)
[33.120s][info][gc,task     ] GC(111) Using 6 workers of 6 for evacuation
[33.121s][info][gc,phases   ] GC(111)   Pre Evacuate Collection Set: 0.2ms
[33.122s][info][gc,phases   ] GC(111)   Merge Heap Roots: 0.1ms
[33.122s][info][gc,phases   ] GC(111)   Evacuate Collection Set: 0.6ms
[33.122s][info][gc,phases   ] GC(111)   Post Evacuate Collection Set: 0.4ms
[33.122s][info][gc,phases   ] GC(111)   Other: 0.2ms
[33.122s][info][gc,heap     ] GC(111) Eden regions: 27->0(66)
[33.122s][info][gc,heap     ] GC(111) Survivor regions: 2->2(9)
[33.122s][info][gc,heap     ] GC(111) Old regions: 21->21
[33.122s][info][gc,heap     ] GC(111) Archive regions: 0->0
[33.122s][info][gc,heap     ] GC(111) Humongous regions: 28->4
[33.122s][info][gc,metaspace] GC(111) Metaspace: 35751K(36096K)->35751K(36096K) NonClass: 31768K(31936K)->31768K(31936K) Class: 3983K(4160K)->3983K(4160K)
[33.122s][info][gc          ] GC(111) Pause Young (Concurrent Start) (G1 Humongous Allocation) 76M->26M(114M) 1.584ms
[33.122s][info][gc,cpu      ] GC(111) User=0.00s Sys=0.00s Real=0.00s
[33.122s][info][gc          ] GC(112) Concurrent Undo Cycle
[33.122s][info][gc,marking  ] GC(112) Concurrent Cleanup for Next Mark
[33.122s][info][gc,marking  ] GC(112) Concurrent Cleanup for Next Mark 0.115ms
[33.122s][info][gc          ] GC(112) Concurrent Undo Cycle 0.164ms
[33.327s][info][gc,start    ] GC(113) Pause Young (Concurrent Start) (G1 Humongous Allocation)
[33.327s][info][gc,task     ] GC(113) Using 6 workers of 6 for evacuation
[33.328s][info][gc,phases   ] GC(113)   Pre Evacuate Collection Set: 0.2ms
[33.328s][info][gc,phases   ] GC(113)   Merge Heap Roots: 0.1ms
[33.328s][info][gc,phases   ] GC(113)   Evacuate Collection Set: 0.7ms
[33.328s][info][gc,phases   ] GC(113)   Post Evacuate Collection Set: 0.6ms
[33.328s][info][gc,phases   ] GC(113)   Other: 0.2ms
[33.328s][info][gc,heap     ] GC(113) Eden regions: 22->0(65)
[33.328s][info][gc,heap     ] GC(113) Survivor regions: 2->3(9)
[33.328s][info][gc,heap     ] GC(113) Old regions: 21->21
[33.328s][info][gc,heap     ] GC(113) Archive regions: 0->0
[33.328s][info][gc,heap     ] GC(113) Humongous regions: 28->4
[33.328s][info][gc,metaspace] GC(113) Metaspace: 35752K(36096K)->35752K(36096K) NonClass: 31769K(31936K)->31769K(31936K) Class: 3983K(4160K)->3983K(4160K)
[33.328s][info][gc          ] GC(113) Pause Young (Concurrent Start) (G1 Humongous Allocation) 71M->26M(114M) 1.744ms
[33.329s][info][gc,cpu      ] GC(113) User=0.00s Sys=0.00s Real=0.00s
[33.329s][info][gc          ] GC(114) Concurrent Undo Cycle
[33.329s][info][gc,marking  ] GC(114) Concurrent Cleanup for Next Mark
[33.329s][info][gc,marking  ] GC(114) Concurrent Cleanup for Next Mark 0.121ms
[33.329s][info][gc          ] GC(114) Concurrent Undo Cycle 0.169ms
[33.535s][info][gc,start    ] GC(115) Pause Young (Concurrent Start) (G1 Humongous Allocation)
[33.535s][info][gc,task     ] GC(115) Using 6 workers of 6 for evacuation
[33.539s][info][gc,phases   ] GC(115)   Pre Evacuate Collection Set: 0.3ms
[33.539s][info][gc,phases   ] GC(115)   Merge Heap Roots: 0.2ms
[33.539s][info][gc,phases   ] GC(115)   Evacuate Collection Set: 2.1ms
[33.539s][info][gc,phases   ] GC(115)   Post Evacuate Collection Set: 1.2ms
[33.539s][info][gc,phases   ] GC(115)   Other: 0.5ms
[33.539s][info][gc,heap     ] GC(115) Eden regions: 22->0(66)
[33.540s][info][gc,heap     ] GC(115) Survivor regions: 3->2(9)
[33.540s][info][gc,heap     ] GC(115) Old regions: 21->21
[33.540s][info][gc,heap     ] GC(115) Archive regions: 0->0
[33.540s][info][gc,heap     ] GC(115) Humongous regions: 28->4
[33.540s][info][gc,metaspace] GC(115) Metaspace: 35957K(36288K)->35957K(36288K) NonClass: 31974K(32128K)->31974K(32128K) Class: 3983K(4160K)->3983K(4160K)
[33.540s][info][gc          ] GC(115) Pause Young (Concurrent Start) (G1 Humongous Allocation) 72M->26M(114M) 4.823ms
[33.540s][info][gc,cpu      ] GC(115) User=0.03s Sys=0.00s Real=0.01s
[33.540s][info][gc          ] GC(116) Concurrent Undo Cycle
[33.540s][info][gc,marking  ] GC(116) Concurrent Cleanup for Next Mark
[33.540s][info][gc,marking  ] GC(116) Concurrent Cleanup for Next Mark 0.364ms
[33.541s][info][gc          ] GC(116) Concurrent Undo Cycle 0.583ms
[33.766s][info][gc,start    ] GC(117) Pause Young (Concurrent Start) (G1 Humongous Allocation)
[33.766s][info][gc,task     ] GC(117) Using 6 workers of 6 for evacuation
[33.768s][info][gc,phases   ] GC(117)   Pre Evacuate Collection Set: 0.2ms
[33.768s][info][gc,phases   ] GC(117)   Merge Heap Roots: 0.1ms
[33.768s][info][gc,phases   ] GC(117)   Evacuate Collection Set: 0.7ms
[33.768s][info][gc,phases   ] GC(117)   Post Evacuate Collection Set: 0.6ms
[33.768s][info][gc,phases   ] GC(117)   Other: 0.2ms
[33.768s][info][gc,heap     ] GC(117) Eden regions: 27->0(65)
[33.768s][info][gc,heap     ] GC(117) Survivor regions: 2->3(9)
[33.768s][info][gc,heap     ] GC(117) Old regions: 21->21
[33.768s][info][gc,heap     ] GC(117) Archive regions: 0->0
[33.768s][info][gc,heap     ] GC(117) Humongous regions: 28->4
[33.768s][info][gc,metaspace] GC(117) Metaspace: 35959K(36288K)->35959K(36288K) NonClass: 31976K(32128K)->31976K(32128K) Class: 3983K(4160K)->3983K(4160K)
[33.768s][info][gc          ] GC(117) Pause Young (Concurrent Start) (G1 Humongous Allocation) 76M->26M(114M) 1.829ms
[33.768s][info][gc,cpu      ] GC(117) User=0.00s Sys=0.00s Real=0.00s
[33.768s][info][gc          ] GC(118) Concurrent Undo Cycle
[33.768s][info][gc,marking  ] GC(118) Concurrent Cleanup for Next Mark
[33.768s][info][gc,marking  ] GC(118) Concurrent Cleanup for Next Mark 0.146ms
[33.768s][info][gc          ] GC(118) Concurrent Undo Cycle 0.196ms
[33.980s][info][gc,start    ] GC(119) Pause Young (Concurrent Start) (G1 Humongous Allocation)
[33.980s][info][gc,task     ] GC(119) Using 6 workers of 6 for evacuation
[33.981s][info][gc,phases   ] GC(119)   Pre Evacuate Collection Set: 0.1ms
[33.981s][info][gc,phases   ] GC(119)   Merge Heap Roots: 0.0ms
[33.981s][info][gc,phases   ] GC(119)   Evacuate Collection Set: 0.6ms
[33.981s][info][gc,phases   ] GC(119)   Post Evacuate Collection Set: 0.2ms
[33.981s][info][gc,phases   ] GC(119)   Other: 0.2ms
[33.981s][info][gc,heap     ] GC(119) Eden regions: 22->0(66)
[33.981s][info][gc,heap     ] GC(119) Survivor regions: 3->2(9)
[33.981s][info][gc,heap     ] GC(119) Old regions: 21->21
[33.981s][info][gc,heap     ] GC(119) Archive regions: 0->0
[33.981s][info][gc,heap     ] GC(119) Humongous regions: 28->4
[33.981s][info][gc,metaspace] GC(119) Metaspace: 35961K(36288K)->35961K(36288K) NonClass: 31978K(32128K)->31978K(32128K) Class: 3983K(4160K)->3983K(4160K)
[33.981s][info][gc          ] GC(119) Pause Young (Concurrent Start) (G1 Humongous Allocation) 72M->26M(114M) 1.266ms
[33.982s][info][gc,cpu      ] GC(119) User=0.00s Sys=0.00s Real=0.00s
[33.982s][info][gc          ] GC(120) Concurrent Undo Cycle
[33.982s][info][gc,marking  ] GC(120) Concurrent Cleanup for Next Mark
[33.982s][info][gc,marking  ] GC(120) Concurrent Cleanup for Next Mark 0.072ms
[33.982s][info][gc          ] GC(120) Concurrent Undo Cycle 0.113ms
[34.192s][info][gc,start    ] GC(121) Pause Young (Concurrent Start) (G1 Humongous Allocation)
[34.192s][info][gc,task     ] GC(121) Using 6 workers of 6 for evacuation
[34.194s][info][gc,phases   ] GC(121)   Pre Evacuate Collection Set: 0.1ms
[34.194s][info][gc,phases   ] GC(121)   Merge Heap Roots: 0.1ms
[34.194s][info][gc,phases   ] GC(121)   Evacuate Collection Set: 0.7ms
[34.194s][info][gc,phases   ] GC(121)   Post Evacuate Collection Set: 0.4ms
[34.194s][info][gc,phases   ] GC(121)   Other: 0.2ms
[34.194s][info][gc,heap     ] GC(121) Eden regions: 27->0(66)
[34.194s][info][gc,heap     ] GC(121) Survivor regions: 2->2(9)
[34.194s][info][gc,heap     ] GC(121) Old regions: 21->22
[34.194s][info][gc,heap     ] GC(121) Archive regions: 0->0
[34.194s][info][gc,heap     ] GC(121) Humongous regions: 28->4
[34.194s][info][gc,metaspace] GC(121) Metaspace: 35963K(36288K)->35963K(36288K) NonClass: 31980K(32128K)->31980K(32128K) Class: 3983K(4160K)->3983K(4160K)
[34.194s][info][gc          ] GC(121) Pause Young (Concurrent Start) (G1 Humongous Allocation) 76M->26M(114M) 1.474ms
[34.194s][info][gc,cpu      ] GC(121) User=0.00s Sys=0.00s Real=0.00s
[34.194s][info][gc          ] GC(122) Concurrent Undo Cycle
[34.194s][info][gc,marking  ] GC(122) Concurrent Cleanup for Next Mark
[34.194s][info][gc,marking  ] GC(122) Concurrent Cleanup for Next Mark 0.164ms
[34.194s][info][gc          ] GC(122) Concurrent Undo Cycle 0.206ms
[34.431s][info][gc,start    ] GC(123) Pause Young (Concurrent Start) (G1 Humongous Allocation)
[34.431s][info][gc,task     ] GC(123) Using 6 workers of 6 for evacuation
[34.433s][info][gc,phases   ] GC(123)   Pre Evacuate Collection Set: 0.2ms
[34.433s][info][gc,phases   ] GC(123)   Merge Heap Roots: 0.1ms
[34.433s][info][gc,phases   ] GC(123)   Evacuate Collection Set: 0.7ms
[34.433s][info][gc,phases   ] GC(123)   Post Evacuate Collection Set: 0.5ms
[34.433s][info][gc,phases   ] GC(123)   Other: 0.2ms
[34.433s][info][gc,heap     ] GC(123) Eden regions: 23->0(66)
[34.433s][info][gc,heap     ] GC(123) Survivor regions: 2->2(9)
[34.433s][info][gc,heap     ] GC(123) Old regions: 22->22
[34.433s][info][gc,heap     ] GC(123) Archive regions: 0->0
[34.433s][info][gc,heap     ] GC(123) Humongous regions: 28->4
[34.433s][info][gc,metaspace] GC(123) Metaspace: 35963K(36288K)->35963K(36288K) NonClass: 31980K(32128K)->31980K(32128K) Class: 3983K(4160K)->3983K(4160K)
[34.433s][info][gc          ] GC(123) Pause Young (Concurrent Start) (G1 Humongous Allocation) 72M->26M(114M) 1.728ms
[34.433s][info][gc,cpu      ] GC(123) User=0.00s Sys=0.00s Real=0.00s
[34.433s][info][gc          ] GC(124) Concurrent Undo Cycle
[34.433s][info][gc,marking  ] GC(124) Concurrent Cleanup for Next Mark
[34.433s][info][gc,marking  ] GC(124) Concurrent Cleanup for Next Mark 0.098ms
[34.433s][info][gc          ] GC(124) Concurrent Undo Cycle 0.147ms
[34.700s][info][gc,start    ] GC(125) Pause Young (Concurrent Start) (G1 Humongous Allocation)
[34.700s][info][gc,task     ] GC(125) Using 6 workers of 6 for evacuation
[34.702s][info][gc,phases   ] GC(125)   Pre Evacuate Collection Set: 0.1ms
[34.702s][info][gc,phases   ] GC(125)   Merge Heap Roots: 0.1ms
[34.702s][info][gc,phases   ] GC(125)   Evacuate Collection Set: 0.6ms
[34.702s][info][gc,phases   ] GC(125)   Post Evacuate Collection Set: 0.3ms
[34.702s][info][gc,phases   ] GC(125)   Other: 0.2ms
[34.702s][info][gc,heap     ] GC(125) Eden regions: 27->0(65)
[34.702s][info][gc,heap     ] GC(125) Survivor regions: 2->3(9)
[34.702s][info][gc,heap     ] GC(125) Old regions: 22->22
[34.702s][info][gc,heap     ] GC(125) Archive regions: 0->0
[34.702s][info][gc,heap     ] GC(125) Humongous regions: 28->4
[34.702s][info][gc,metaspace] GC(125) Metaspace: 36045K(36416K)->36045K(36416K) NonClass: 32054K(32256K)->32054K(32256K) Class: 3990K(4160K)->3990K(4160K)
[34.702s][info][gc          ] GC(125) Pause Young (Concurrent Start) (G1 Humongous Allocation) 77M->26M(114M) 1.298ms
[34.702s][info][gc,cpu      ] GC(125) User=0.00s Sys=0.00s Real=0.00s
[34.702s][info][gc          ] GC(126) Concurrent Undo Cycle
[34.702s][info][gc,marking  ] GC(126) Concurrent Cleanup for Next Mark
[34.702s][info][gc,marking  ] GC(126) Concurrent Cleanup for Next Mark 0.066ms
[34.702s][info][gc          ] GC(126) Concurrent Undo Cycle 0.112ms
[34.907s][info][gc,start    ] GC(127) Pause Young (Concurrent Start) (GCLocker Initiated GC)
[34.907s][info][gc,task     ] GC(127) Using 6 workers of 6 for evacuation
[34.908s][info][gc,phases   ] GC(127)   Pre Evacuate Collection Set: 0.1ms
[34.908s][info][gc,phases   ] GC(127)   Merge Heap Roots: 0.1ms
[34.908s][info][gc,phases   ] GC(127)   Evacuate Collection Set: 0.6ms
[34.908s][info][gc,phases   ] GC(127)   Post Evacuate Collection Set: 0.4ms
[34.908s][info][gc,phases   ] GC(127)   Other: 0.2ms
[34.908s][info][gc,heap     ] GC(127) Eden regions: 22->0(65)
[34.908s][info][gc,heap     ] GC(127) Survivor regions: 3->3(9)
[34.908s][info][gc,heap     ] GC(127) Old regions: 22->22
[34.908s][info][gc,heap     ] GC(127) Archive regions: 0->0
[34.908s][info][gc,heap     ] GC(127) Humongous regions: 28->4
[34.908s][info][gc,metaspace] GC(127) Metaspace: 36048K(36416K)->36048K(36416K) NonClass: 32057K(32256K)->32057K(32256K) Class: 3990K(4160K)->3990K(4160K)
[34.908s][info][gc          ] GC(127) Pause Young (Concurrent Start) (GCLocker Initiated GC) 72M->27M(114M) 1.507ms
[34.908s][info][gc,cpu      ] GC(127) User=0.00s Sys=0.00s Real=0.00s
[34.908s][info][gc          ] GC(128) Concurrent Mark Cycle
[34.908s][info][gc,marking  ] GC(128) Concurrent Clear Claimed Marks
[34.908s][info][gc,marking  ] GC(128) Concurrent Clear Claimed Marks 0.014ms
[34.908s][info][gc,marking  ] GC(128) Concurrent Scan Root Regions
[34.909s][info][gc,marking  ] GC(128) Concurrent Scan Root Regions 0.394ms
[34.909s][info][gc,marking  ] GC(128) Concurrent Mark
[34.909s][info][gc,marking  ] GC(128) Concurrent Mark From Roots
[34.909s][info][gc,task     ] GC(128) Using 2 workers of 2 for marking
[34.917s][info][gc,marking  ] GC(128) Concurrent Mark From Roots 8.025ms
[34.917s][info][gc,marking  ] GC(128) Concurrent Preclean
[34.917s][info][gc,marking  ] GC(128) Concurrent Preclean 0.070ms
[34.917s][info][gc,start    ] GC(128) Pause Remark
[34.920s][info][gc          ] GC(128) Pause Remark 40M->40M(114M) 2.990ms
[34.920s][info][gc,cpu      ] GC(128) User=0.00s Sys=0.00s Real=0.00s
[34.920s][info][gc,marking  ] GC(128) Concurrent Mark 11.498ms
[34.920s][info][gc,marking  ] GC(128) Concurrent Rebuild Remembered Sets
[34.924s][info][gc,marking  ] GC(128) Concurrent Rebuild Remembered Sets 4.240ms
[34.925s][info][gc,start    ] GC(128) Pause Cleanup
[34.925s][info][gc          ] GC(128) Pause Cleanup 45M->45M(114M) 0.138ms
[34.925s][info][gc,cpu      ] GC(128) User=0.00s Sys=0.00s Real=0.00s
[34.925s][info][gc,marking  ] GC(128) Concurrent Cleanup for Next Mark
[34.925s][info][gc,marking  ] GC(128) Concurrent Cleanup for Next Mark 0.143ms
[34.925s][info][gc          ] GC(128) Concurrent Mark Cycle 16.895ms
[35.114s][info][gc,start    ] GC(129) Pause Young (Concurrent Start) (GCLocker Initiated GC)
[35.114s][info][gc,task     ] GC(129) Using 6 workers of 6 for evacuation
[35.116s][info][gc,phases   ] GC(129)   Pre Evacuate Collection Set: 0.2ms
[35.116s][info][gc,phases   ] GC(129)   Merge Heap Roots: 0.1ms
[35.116s][info][gc,phases   ] GC(129)   Evacuate Collection Set: 0.6ms
[35.116s][info][gc,phases   ] GC(129)   Post Evacuate Collection Set: 0.5ms
[35.116s][info][gc,phases   ] GC(129)   Other: 0.2ms
[35.116s][info][gc,heap     ] GC(129) Eden regions: 27->0(65)
[35.116s][info][gc,heap     ] GC(129) Survivor regions: 3->3(9)
[35.116s][info][gc,heap     ] GC(129) Old regions: 22->22
[35.116s][info][gc,heap     ] GC(129) Archive regions: 0->0
[35.116s][info][gc,heap     ] GC(129) Humongous regions: 28->4
[35.116s][info][gc,metaspace] GC(129) Metaspace: 36049K(36416K)->36049K(36416K) NonClass: 32058K(32256K)->32058K(32256K) Class: 3990K(4160K)->3990K(4160K)
[35.116s][info][gc          ] GC(129) Pause Young (Concurrent Start) (GCLocker Initiated GC) 77M->27M(114M) 1.669ms
[35.116s][info][gc,cpu      ] GC(129) User=0.00s Sys=0.00s Real=0.00s
[35.116s][info][gc          ] GC(130) Concurrent Mark Cycle
[35.116s][info][gc,marking  ] GC(130) Concurrent Clear Claimed Marks
[35.116s][info][gc,marking  ] GC(130) Concurrent Clear Claimed Marks 0.038ms
[35.116s][info][gc,marking  ] GC(130) Concurrent Scan Root Regions
[35.116s][info][gc,marking  ] GC(130) Concurrent Scan Root Regions 0.509ms
[35.117s][info][gc,marking  ] GC(130) Concurrent Mark
[35.117s][info][gc,marking  ] GC(130) Concurrent Mark From Roots
[35.117s][info][gc,task     ] GC(130) Using 2 workers of 2 for marking
[35.126s][info][gc,marking  ] GC(130) Concurrent Mark From Roots 9.318ms
[35.126s][info][gc,marking  ] GC(130) Concurrent Preclean
[35.126s][info][gc,marking  ] GC(130) Concurrent Preclean 0.135ms
[35.126s][info][gc,start    ] GC(130) Pause Remark
[35.128s][info][gc          ] GC(130) Pause Remark 40M->40M(114M) 1.895ms
[35.128s][info][gc,cpu      ] GC(130) User=0.00s Sys=0.00s Real=0.00s
[35.128s][info][gc,marking  ] GC(130) Concurrent Mark 11.751ms
[35.128s][info][gc,marking  ] GC(130) Concurrent Rebuild Remembered Sets
[35.132s][info][gc,marking  ] GC(130) Concurrent Rebuild Remembered Sets 3.792ms
[35.132s][info][gc,start    ] GC(130) Pause Cleanup
[35.132s][info][gc          ] GC(130) Pause Cleanup 41M->41M(114M) 0.125ms
[35.132s][info][gc,cpu      ] GC(130) User=0.00s Sys=0.00s Real=0.00s
[35.133s][info][gc,marking  ] GC(130) Concurrent Cleanup for Next Mark
[35.133s][info][gc,marking  ] GC(130) Concurrent Cleanup for Next Mark 0.149ms
[35.133s][info][gc          ] GC(130) Concurrent Mark Cycle 16.861ms
[35.323s][info][gc,start    ] GC(131) Pause Young (Concurrent Start) (G1 Humongous Allocation)
[35.323s][info][gc,task     ] GC(131) Using 6 workers of 6 for evacuation
[35.324s][info][gc,phases   ] GC(131)   Pre Evacuate Collection Set: 0.2ms
[35.324s][info][gc,phases   ] GC(131)   Merge Heap Roots: 0.1ms
[35.324s][info][gc,phases   ] GC(131)   Evacuate Collection Set: 0.6ms
[35.324s][info][gc,phases   ] GC(131)   Post Evacuate Collection Set: 0.3ms
[35.324s][info][gc,phases   ] GC(131)   Other: 0.2ms
[35.324s][info][gc,heap     ] GC(131) Eden regions: 22->0(65)
[35.324s][info][gc,heap     ] GC(131) Survivor regions: 3->3(9)
[35.324s][info][gc,heap     ] GC(131) Old regions: 22->22
[35.324s][info][gc,heap     ] GC(131) Archive regions: 0->0
[35.324s][info][gc,heap     ] GC(131) Humongous regions: 28->4
[35.324s][info][gc,metaspace] GC(131) Metaspace: 36049K(36416K)->36049K(36416K) NonClass: 32058K(32256K)->32058K(32256K) Class: 3990K(4160K)->3990K(4160K)
[35.324s][info][gc          ] GC(131) Pause Young (Concurrent Start) (G1 Humongous Allocation) 72M->27M(114M) 1.456ms
[35.324s][info][gc,cpu      ] GC(131) User=0.00s Sys=0.00s Real=0.00s
[35.324s][info][gc          ] GC(132) Concurrent Undo Cycle
[35.324s][info][gc,marking  ] GC(132) Concurrent Cleanup for Next Mark
[35.324s][info][gc,marking  ] GC(132) Concurrent Cleanup for Next Mark 0.072ms
[35.324s][info][gc          ] GC(132) Concurrent Undo Cycle 0.112ms
[35.524s][info][gc,start    ] GC(133) Pause Young (Concurrent Start) (GCLocker Initiated GC)
[35.524s][info][gc,task     ] GC(133) Using 6 workers of 6 for evacuation
[35.525s][info][gc,phases   ] GC(133)   Pre Evacuate Collection Set: 0.2ms
[35.525s][info][gc,phases   ] GC(133)   Merge Heap Roots: 0.1ms
[35.525s][info][gc,phases   ] GC(133)   Evacuate Collection Set: 0.7ms
[35.525s][info][gc,phases   ] GC(133)   Post Evacuate Collection Set: 0.5ms
[35.525s][info][gc,phases   ] GC(133)   Other: 0.2ms
[35.525s][info][gc,heap     ] GC(133) Eden regions: 27->0(66)
[35.525s][info][gc,heap     ] GC(133) Survivor regions: 3->2(9)
[35.525s][info][gc,heap     ] GC(133) Old regions: 22->22
[35.525s][info][gc,heap     ] GC(133) Archive regions: 0->0
[35.525s][info][gc,heap     ] GC(133) Humongous regions: 28->4
[35.525s][info][gc,metaspace] GC(133) Metaspace: 36052K(36416K)->36052K(36416K) NonClass: 32062K(32256K)->32062K(32256K) Class: 3990K(4160K)->3990K(4160K)
[35.526s][info][gc          ] GC(133) Pause Young (Concurrent Start) (GCLocker Initiated GC) 78M->27M(114M) 1.717ms
[35.526s][info][gc,cpu      ] GC(133) User=0.00s Sys=0.00s Real=0.00s
[35.526s][info][gc          ] GC(134) Concurrent Mark Cycle
[35.526s][info][gc,marking  ] GC(134) Concurrent Clear Claimed Marks
[35.526s][info][gc,marking  ] GC(134) Concurrent Clear Claimed Marks 0.021ms
[35.526s][info][gc,marking  ] GC(134) Concurrent Scan Root Regions
[35.526s][info][gc,marking  ] GC(134) Concurrent Scan Root Regions 0.545ms
[35.526s][info][gc,marking  ] GC(134) Concurrent Mark
[35.526s][info][gc,marking  ] GC(134) Concurrent Mark From Roots
[35.526s][info][gc,task     ] GC(134) Using 2 workers of 2 for marking
[35.535s][info][gc,marking  ] GC(134) Concurrent Mark From Roots 8.510ms
[35.535s][info][gc,marking  ] GC(134) Concurrent Preclean
[35.535s][info][gc,marking  ] GC(134) Concurrent Preclean 0.115ms
[35.535s][info][gc,start    ] GC(134) Pause Remark
[35.539s][info][gc          ] GC(134) Pause Remark 40M->40M(114M) 3.425ms
[35.539s][info][gc,cpu      ] GC(134) User=0.02s Sys=0.00s Real=0.00s
[35.539s][info][gc,marking  ] GC(134) Concurrent Mark 12.597ms
[35.539s][info][gc,marking  ] GC(134) Concurrent Rebuild Remembered Sets
[35.543s][info][gc,marking  ] GC(134) Concurrent Rebuild Remembered Sets 4.071ms
[35.543s][info][gc,start    ] GC(134) Pause Cleanup
[35.543s][info][gc          ] GC(134) Pause Cleanup 41M->41M(114M) 0.132ms
[35.543s][info][gc,cpu      ] GC(134) User=0.00s Sys=0.00s Real=0.00s
[35.543s][info][gc,marking  ] GC(134) Concurrent Cleanup for Next Mark
[35.543s][info][gc,marking  ] GC(134) Concurrent Cleanup for Next Mark 0.108ms
[35.544s][info][gc          ] GC(134) Concurrent Mark Cycle 17.900ms
[35.733s][info][gc,start    ] GC(135) Pause Young (Concurrent Start) (G1 Humongous Allocation)
[35.733s][info][gc,task     ] GC(135) Using 6 workers of 6 for evacuation
[35.734s][info][gc,phases   ] GC(135)   Pre Evacuate Collection Set: 0.2ms
[35.734s][info][gc,phases   ] GC(135)   Merge Heap Roots: 0.1ms
[35.734s][info][gc,phases   ] GC(135)   Evacuate Collection Set: 0.7ms
[35.734s][info][gc,phases   ] GC(135)   Post Evacuate Collection Set: 0.6ms
[35.734s][info][gc,phases   ] GC(135)   Other: 0.2ms
[35.734s][info][gc,heap     ] GC(135) Eden regions: 22->0(66)
[35.734s][info][gc,heap     ] GC(135) Survivor regions: 2->2(9)
[35.734s][info][gc,heap     ] GC(135) Old regions: 22->22
[35.734s][info][gc,heap     ] GC(135) Archive regions: 0->0
[35.734s][info][gc,heap     ] GC(135) Humongous regions: 28->4
[35.734s][info][gc,metaspace] GC(135) Metaspace: 36052K(36416K)->36052K(36416K) NonClass: 32062K(32256K)->32062K(32256K) Class: 3990K(4160K)->3990K(4160K)
[35.734s][info][gc          ] GC(135) Pause Young (Concurrent Start) (G1 Humongous Allocation) 72M->27M(114M) 1.795ms
[35.734s][info][gc,cpu      ] GC(135) User=0.00s Sys=0.00s Real=0.00s
[35.735s][info][gc          ] GC(136) Concurrent Undo Cycle
[35.735s][info][gc,marking  ] GC(136) Concurrent Cleanup for Next Mark
[35.735s][info][gc,marking  ] GC(136) Concurrent Cleanup for Next Mark 0.116ms
[35.735s][info][gc          ] GC(136) Concurrent Undo Cycle 0.162ms
[35.938s][info][gc,start    ] GC(137) Pause Young (Concurrent Start) (G1 Humongous Allocation)
[35.938s][info][gc,task     ] GC(137) Using 6 workers of 6 for evacuation
[35.939s][info][gc,phases   ] GC(137)   Pre Evacuate Collection Set: 0.2ms
[35.939s][info][gc,phases   ] GC(137)   Merge Heap Roots: 0.1ms
[35.939s][info][gc,phases   ] GC(137)   Evacuate Collection Set: 0.8ms
[35.939s][info][gc,phases   ] GC(137)   Post Evacuate Collection Set: 0.5ms
[35.939s][info][gc,phases   ] GC(137)   Other: 0.2ms
[35.939s][info][gc,heap     ] GC(137) Eden regions: 27->0(65)
[35.939s][info][gc,heap     ] GC(137) Survivor regions: 2->3(9)
[35.939s][info][gc,heap     ] GC(137) Old regions: 22->22
[35.939s][info][gc,heap     ] GC(137) Archive regions: 0->0
[35.939s][info][gc,heap     ] GC(137) Humongous regions: 28->4
[35.939s][info][gc,metaspace] GC(137) Metaspace: 36052K(36416K)->36052K(36416K) NonClass: 32062K(32256K)->32062K(32256K) Class: 3990K(4160K)->3990K(4160K)
[35.939s][info][gc          ] GC(137) Pause Young (Concurrent Start) (G1 Humongous Allocation) 77M->27M(114M) 1.958ms
[35.940s][info][gc,cpu      ] GC(137) User=0.00s Sys=0.00s Real=0.00s
[35.940s][info][gc          ] GC(138) Concurrent Undo Cycle
[35.940s][info][gc,marking  ] GC(138) Concurrent Cleanup for Next Mark
[35.940s][info][gc,marking  ] GC(138) Concurrent Cleanup for Next Mark 0.071ms
[35.940s][info][gc          ] GC(138) Concurrent Undo Cycle 0.110ms
[36.142s][info][gc,start    ] GC(139) Pause Young (Concurrent Start) (GCLocker Initiated GC)
[36.142s][info][gc,task     ] GC(139) Using 6 workers of 6 for evacuation
[36.143s][info][gc,phases   ] GC(139)   Pre Evacuate Collection Set: 0.2ms
[36.143s][info][gc,phases   ] GC(139)   Merge Heap Roots: 0.1ms
[36.143s][info][gc,phases   ] GC(139)   Evacuate Collection Set: 0.7ms
[36.143s][info][gc,phases   ] GC(139)   Post Evacuate Collection Set: 0.6ms
[36.144s][info][gc,phases   ] GC(139)   Other: 0.2ms
[36.144s][info][gc,heap     ] GC(139) Eden regions: 22->0(65)
[36.144s][info][gc,heap     ] GC(139) Survivor regions: 3->3(9)
[36.144s][info][gc,heap     ] GC(139) Old regions: 22->23
[36.144s][info][gc,heap     ] GC(139) Archive regions: 0->0
[36.144s][info][gc,heap     ] GC(139) Humongous regions: 28->4
[36.144s][info][gc,metaspace] GC(139) Metaspace: 36052K(36416K)->36052K(36416K) NonClass: 32062K(32256K)->32062K(32256K) Class: 3990K(4160K)->3990K(4160K)
[36.144s][info][gc          ] GC(139) Pause Young (Concurrent Start) (GCLocker Initiated GC) 73M->27M(114M) 1.742ms
[36.144s][info][gc,cpu      ] GC(139) User=0.00s Sys=0.00s Real=0.00s
[36.144s][info][gc          ] GC(140) Concurrent Mark Cycle
[36.144s][info][gc,marking  ] GC(140) Concurrent Clear Claimed Marks
[36.144s][info][gc,marking  ] GC(140) Concurrent Clear Claimed Marks 0.015ms
[36.144s][info][gc,marking  ] GC(140) Concurrent Scan Root Regions
[36.144s][info][gc,marking  ] GC(140) Concurrent Scan Root Regions 0.491ms
[36.144s][info][gc,marking  ] GC(140) Concurrent Mark
[36.144s][info][gc,marking  ] GC(140) Concurrent Mark From Roots
[36.144s][info][gc,task     ] GC(140) Using 2 workers of 2 for marking
[36.153s][info][gc,marking  ] GC(140) Concurrent Mark From Roots 8.344ms
[36.153s][info][gc,marking  ] GC(140) Concurrent Preclean
[36.153s][info][gc,marking  ] GC(140) Concurrent Preclean 0.077ms
[36.153s][info][gc,start    ] GC(140) Pause Remark
[36.157s][info][gc          ] GC(140) Pause Remark 40M->40M(114M) 4.235ms
[36.157s][info][gc,cpu      ] GC(140) User=0.00s Sys=0.00s Real=0.00s
[36.157s][info][gc,marking  ] GC(140) Concurrent Mark 13.169ms
[36.157s][info][gc,marking  ] GC(140) Concurrent Rebuild Remembered Sets
[36.161s][info][gc,marking  ] GC(140) Concurrent Rebuild Remembered Sets 3.741ms
[36.161s][info][gc,start    ] GC(140) Pause Cleanup
[36.162s][info][gc          ] GC(140) Pause Cleanup 41M->41M(114M) 0.122ms
[36.162s][info][gc,cpu      ] GC(140) User=0.00s Sys=0.00s Real=0.00s
[36.162s][info][gc,marking  ] GC(140) Concurrent Cleanup for Next Mark
[36.162s][info][gc,marking  ] GC(140) Concurrent Cleanup for Next Mark 0.137ms
[36.162s][info][gc          ] GC(140) Concurrent Mark Cycle 18.137ms
[36.350s][info][gc,start    ] GC(141) Pause Young (Concurrent Start) (GCLocker Initiated GC)
[36.350s][info][gc,task     ] GC(141) Using 6 workers of 6 for evacuation
[36.351s][info][gc,phases   ] GC(141)   Pre Evacuate Collection Set: 0.2ms
[36.351s][info][gc,phases   ] GC(141)   Merge Heap Roots: 0.1ms
[36.351s][info][gc,phases   ] GC(141)   Evacuate Collection Set: 0.7ms
[36.351s][info][gc,phases   ] GC(141)   Post Evacuate Collection Set: 0.5ms
[36.351s][info][gc,phases   ] GC(141)   Other: 0.2ms
[36.351s][info][gc,heap     ] GC(141) Eden regions: 27->0(66)
[36.351s][info][gc,heap     ] GC(141) Survivor regions: 3->2(9)
[36.351s][info][gc,heap     ] GC(141) Old regions: 23->23
[36.351s][info][gc,heap     ] GC(141) Archive regions: 0->0
[36.351s][info][gc,heap     ] GC(141) Humongous regions: 28->4
[36.351s][info][gc,metaspace] GC(141) Metaspace: 36057K(36416K)->36057K(36416K) NonClass: 32066K(32256K)->32066K(32256K) Class: 3991K(4160K)->3991K(4160K)
[36.351s][info][gc          ] GC(141) Pause Young (Concurrent Start) (GCLocker Initiated GC) 78M->27M(114M) 1.732ms
[36.351s][info][gc,cpu      ] GC(141) User=0.00s Sys=0.00s Real=0.00s
[36.351s][info][gc          ] GC(142) Concurrent Mark Cycle
[36.351s][info][gc,marking  ] GC(142) Concurrent Clear Claimed Marks
[36.351s][info][gc,marking  ] GC(142) Concurrent Clear Claimed Marks 0.021ms
[36.351s][info][gc,marking  ] GC(142) Concurrent Scan Root Regions
[36.352s][info][gc,marking  ] GC(142) Concurrent Scan Root Regions 0.536ms
[36.352s][info][gc,marking  ] GC(142) Concurrent Mark
[36.352s][info][gc,marking  ] GC(142) Concurrent Mark From Roots
[36.352s][info][gc,task     ] GC(142) Using 2 workers of 2 for marking
[36.361s][info][gc,marking  ] GC(142) Concurrent Mark From Roots 9.054ms
[36.361s][info][gc,marking  ] GC(142) Concurrent Preclean
[36.361s][info][gc,marking  ] GC(142) Concurrent Preclean 0.116ms
[36.361s][info][gc,start    ] GC(142) Pause Remark
[36.364s][info][gc          ] GC(142) Pause Remark 40M->40M(114M) 2.281ms
[36.364s][info][gc,cpu      ] GC(142) User=0.00s Sys=0.00s Real=0.00s
[36.364s][info][gc,marking  ] GC(142) Concurrent Mark 11.891ms
[36.364s][info][gc,marking  ] GC(142) Concurrent Rebuild Remembered Sets
[36.368s][info][gc,marking  ] GC(142) Concurrent Rebuild Remembered Sets 3.830ms
[36.368s][info][gc,start    ] GC(142) Pause Cleanup
[36.368s][info][gc          ] GC(142) Pause Cleanup 41M->41M(114M) 0.105ms
[36.368s][info][gc,cpu      ] GC(142) User=0.00s Sys=0.00s Real=0.00s
[36.368s][info][gc,marking  ] GC(142) Concurrent Cleanup for Next Mark
[36.368s][info][gc,marking  ] GC(142) Concurrent Cleanup for Next Mark 0.135ms
[36.368s][info][gc          ] GC(142) Concurrent Mark Cycle 17.027ms
[36.558s][info][gc,start    ] GC(143) Pause Young (Concurrent Start) (GCLocker Initiated GC)
[36.558s][info][gc,task     ] GC(143) Using 6 workers of 6 for evacuation
[36.559s][info][gc,phases   ] GC(143)   Pre Evacuate Collection Set: 0.1ms
[36.559s][info][gc,phases   ] GC(143)   Merge Heap Roots: 0.1ms
[36.559s][info][gc,phases   ] GC(143)   Evacuate Collection Set: 0.6ms
[36.559s][info][gc,phases   ] GC(143)   Post Evacuate Collection Set: 0.3ms
[36.559s][info][gc,phases   ] GC(143)   Other: 0.2ms
[36.559s][info][gc,heap     ] GC(143) Eden regions: 23->0(66)
[36.559s][info][gc,heap     ] GC(143) Survivor regions: 2->2(9)
[36.559s][info][gc,heap     ] GC(143) Old regions: 23->23
[36.559s][info][gc,heap     ] GC(143) Archive regions: 0->0
[36.559s][info][gc,heap     ] GC(143) Humongous regions: 28->4
[36.559s][info][gc,metaspace] GC(143) Metaspace: 36082K(36416K)->36082K(36416K) NonClass: 32091K(32256K)->32091K(32256K) Class: 3991K(4160K)->3991K(4160K)
[36.559s][info][gc          ] GC(143) Pause Young (Concurrent Start) (GCLocker Initiated GC) 73M->27M(114M) 1.448ms
[36.559s][info][gc,cpu      ] GC(143) User=0.00s Sys=0.00s Real=0.00s
[36.559s][info][gc          ] GC(144) Concurrent Mark Cycle
[36.559s][info][gc,marking  ] GC(144) Concurrent Clear Claimed Marks
[36.559s][info][gc,marking  ] GC(144) Concurrent Clear Claimed Marks 0.036ms
[36.559s][info][gc,marking  ] GC(144) Concurrent Scan Root Regions
[36.560s][info][gc,marking  ] GC(144) Concurrent Scan Root Regions 0.520ms
[36.560s][info][gc,marking  ] GC(144) Concurrent Mark
[36.560s][info][gc,marking  ] GC(144) Concurrent Mark From Roots
[36.560s][info][gc,task     ] GC(144) Using 2 workers of 2 for marking
[36.568s][info][gc,marking  ] GC(144) Concurrent Mark From Roots 8.096ms
[36.568s][info][gc,marking  ] GC(144) Concurrent Preclean
[36.568s][info][gc,marking  ] GC(144) Concurrent Preclean 0.074ms
[36.568s][info][gc,start    ] GC(144) Pause Remark
[36.571s][info][gc          ] GC(144) Pause Remark 40M->40M(114M) 3.196ms
[36.572s][info][gc,cpu      ] GC(144) User=0.00s Sys=0.00s Real=0.00s
[36.572s][info][gc,marking  ] GC(144) Concurrent Mark 11.784ms
[36.572s][info][gc,marking  ] GC(144) Concurrent Rebuild Remembered Sets
[36.576s][info][gc,marking  ] GC(144) Concurrent Rebuild Remembered Sets 4.045ms
[36.576s][info][gc,start    ] GC(144) Pause Cleanup
[36.576s][info][gc          ] GC(144) Pause Cleanup 41M->41M(114M) 0.129ms
[36.576s][info][gc,cpu      ] GC(144) User=0.00s Sys=0.00s Real=0.00s
[36.576s][info][gc,marking  ] GC(144) Concurrent Cleanup for Next Mark
[36.576s][info][gc,marking  ] GC(144) Concurrent Cleanup for Next Mark 0.106ms
[36.576s][info][gc          ] GC(144) Concurrent Mark Cycle 17.108ms
[36.765s][info][gc,start    ] GC(145) Pause Young (Concurrent Start) (G1 Humongous Allocation)
[36.765s][info][gc,task     ] GC(145) Using 6 workers of 6 for evacuation
[36.767s][info][gc,phases   ] GC(145)   Pre Evacuate Collection Set: 0.1ms
[36.767s][info][gc,phases   ] GC(145)   Merge Heap Roots: 0.1ms
[36.767s][info][gc,phases   ] GC(145)   Evacuate Collection Set: 0.6ms
[36.767s][info][gc,phases   ] GC(145)   Post Evacuate Collection Set: 0.5ms
[36.767s][info][gc,phases   ] GC(145)   Other: 0.2ms
[36.767s][info][gc,heap     ] GC(145) Eden regions: 22->0(66)
[36.767s][info][gc,heap     ] GC(145) Survivor regions: 2->2(9)
[36.767s][info][gc,heap     ] GC(145) Old regions: 23->23
[36.767s][info][gc,heap     ] GC(145) Archive regions: 0->0
[36.767s][info][gc,heap     ] GC(145) Humongous regions: 28->4
[36.767s][info][gc,metaspace] GC(145) Metaspace: 36082K(36416K)->36082K(36416K) NonClass: 32091K(32256K)->32091K(32256K) Class: 3991K(4160K)->3991K(4160K)
[36.767s][info][gc          ] GC(145) Pause Young (Concurrent Start) (G1 Humongous Allocation) 73M->27M(114M) 1.566ms
[36.767s][info][gc,cpu      ] GC(145) User=0.00s Sys=0.00s Real=0.00s
[36.767s][info][gc          ] GC(146) Concurrent Undo Cycle
[36.767s][info][gc,marking  ] GC(146) Concurrent Cleanup for Next Mark
[36.767s][info][gc,marking  ] GC(146) Concurrent Cleanup for Next Mark 0.095ms
[36.767s][info][gc          ] GC(146) Concurrent Undo Cycle 0.176ms
[36.972s][info][gc,start    ] GC(147) Pause Young (Concurrent Start) (GCLocker Initiated GC)
[36.972s][info][gc,task     ] GC(147) Using 6 workers of 6 for evacuation
[36.974s][info][gc,phases   ] GC(147)   Pre Evacuate Collection Set: 0.2ms
[36.974s][info][gc,phases   ] GC(147)   Merge Heap Roots: 0.1ms
[36.974s][info][gc,phases   ] GC(147)   Evacuate Collection Set: 0.7ms
[36.974s][info][gc,phases   ] GC(147)   Post Evacuate Collection Set: 0.6ms
[36.974s][info][gc,phases   ] GC(147)   Other: 0.2ms
[36.974s][info][gc,heap     ] GC(147) Eden regions: 27->0(65)
[36.974s][info][gc,heap     ] GC(147) Survivor regions: 2->3(9)
[36.974s][info][gc,heap     ] GC(147) Old regions: 23->23
[36.974s][info][gc,heap     ] GC(147) Archive regions: 0->0
[36.974s][info][gc,heap     ] GC(147) Humongous regions: 28->4
[36.974s][info][gc,metaspace] GC(147) Metaspace: 36082K(36416K)->36082K(36416K) NonClass: 32091K(32256K)->32091K(32256K) Class: 3991K(4160K)->3991K(4160K)
[36.974s][info][gc          ] GC(147) Pause Young (Concurrent Start) (GCLocker Initiated GC) 78M->28M(114M) 1.812ms
[36.974s][info][gc,cpu      ] GC(147) User=0.00s Sys=0.00s Real=0.00s
[36.974s][info][gc          ] GC(148) Concurrent Mark Cycle
[36.974s][info][gc,marking  ] GC(148) Concurrent Clear Claimed Marks
[36.974s][info][gc,marking  ] GC(148) Concurrent Clear Claimed Marks 0.018ms
[36.974s][info][gc,marking  ] GC(148) Concurrent Scan Root Regions
[36.974s][info][gc,marking  ] GC(148) Concurrent Scan Root Regions 0.555ms
[36.974s][info][gc,marking  ] GC(148) Concurrent Mark
[36.974s][info][gc,marking  ] GC(148) Concurrent Mark From Roots
[36.974s][info][gc,task     ] GC(148) Using 2 workers of 2 for marking
[36.983s][info][gc,marking  ] GC(148) Concurrent Mark From Roots 8.649ms
[36.983s][info][gc,marking  ] GC(148) Concurrent Preclean
[36.983s][info][gc,marking  ] GC(148) Concurrent Preclean 0.100ms
[36.983s][info][gc,start    ] GC(148) Pause Remark
[36.987s][info][gc          ] GC(148) Pause Remark 41M->41M(114M) 3.623ms
[36.987s][info][gc,cpu      ] GC(148) User=0.00s Sys=0.00s Real=0.00s
[36.987s][info][gc,marking  ] GC(148) Concurrent Mark 12.899ms
[36.987s][info][gc,marking  ] GC(148) Concurrent Rebuild Remembered Sets
[36.991s][info][gc,marking  ] GC(148) Concurrent Rebuild Remembered Sets 3.929ms
[36.992s][info][gc,start    ] GC(148) Pause Cleanup
[36.992s][info][gc          ] GC(148) Pause Cleanup 42M->42M(114M) 0.141ms
[36.992s][info][gc,cpu      ] GC(148) User=0.00s Sys=0.00s Real=0.00s
[36.992s][info][gc,marking  ] GC(148) Concurrent Cleanup for Next Mark
[36.992s][info][gc,marking  ] GC(148) Concurrent Cleanup for Next Mark 0.090ms
[36.992s][info][gc          ] GC(148) Concurrent Mark Cycle 18.169ms
[37.184s][info][gc,start    ] GC(149) Pause Young (Concurrent Start) (GCLocker Initiated GC)
[37.184s][info][gc,task     ] GC(149) Using 6 workers of 6 for evacuation
[37.185s][info][gc,phases   ] GC(149)   Pre Evacuate Collection Set: 0.1ms
[37.185s][info][gc,phases   ] GC(149)   Merge Heap Roots: 0.1ms
[37.185s][info][gc,phases   ] GC(149)   Evacuate Collection Set: 0.7ms
[37.185s][info][gc,phases   ] GC(149)   Post Evacuate Collection Set: 0.5ms
[37.185s][info][gc,phases   ] GC(149)   Other: 0.2ms
[37.185s][info][gc,heap     ] GC(149) Eden regions: 22->0(66)
[37.185s][info][gc,heap     ] GC(149) Survivor regions: 3->2(9)
[37.185s][info][gc,heap     ] GC(149) Old regions: 23->23
[37.185s][info][gc,heap     ] GC(149) Archive regions: 0->0
[37.185s][info][gc,heap     ] GC(149) Humongous regions: 28->4
[37.185s][info][gc,metaspace] GC(149) Metaspace: 36087K(36416K)->36087K(36416K) NonClass: 32095K(32256K)->32095K(32256K) Class: 3991K(4160K)->3991K(4160K)
[37.185s][info][gc          ] GC(149) Pause Young (Concurrent Start) (GCLocker Initiated GC) 74M->28M(114M) 1.658ms
[37.185s][info][gc,cpu      ] GC(149) User=0.00s Sys=0.00s Real=0.00s
[37.186s][info][gc          ] GC(150) Concurrent Mark Cycle
[37.186s][info][gc,marking  ] GC(150) Concurrent Clear Claimed Marks
[37.186s][info][gc,marking  ] GC(150) Concurrent Clear Claimed Marks 0.021ms
[37.186s][info][gc,marking  ] GC(150) Concurrent Scan Root Regions
[37.186s][info][gc,marking  ] GC(150) Concurrent Scan Root Regions 0.508ms
[37.186s][info][gc,marking  ] GC(150) Concurrent Mark
[37.186s][info][gc,marking  ] GC(150) Concurrent Mark From Roots
[37.186s][info][gc,task     ] GC(150) Using 2 workers of 2 for marking
[37.195s][info][gc,marking  ] GC(150) Concurrent Mark From Roots 9.089ms
[37.195s][info][gc,marking  ] GC(150) Concurrent Preclean
[37.195s][info][gc,marking  ] GC(150) Concurrent Preclean 0.095ms
[37.196s][info][gc,start    ] GC(150) Pause Remark
[37.199s][info][gc          ] GC(150) Pause Remark 41M->41M(114M) 3.716ms
[37.199s][info][gc,cpu      ] GC(150) User=0.00s Sys=0.00s Real=0.00s
[37.199s][info][gc,marking  ] GC(150) Concurrent Mark 13.369ms
[37.199s][info][gc,marking  ] GC(150) Concurrent Rebuild Remembered Sets
[37.203s][info][gc,marking  ] GC(150) Concurrent Rebuild Remembered Sets 3.929ms
[37.204s][info][gc,start    ] GC(150) Pause Cleanup
[37.204s][info][gc          ] GC(150) Pause Cleanup 46M->46M(114M) 0.142ms
[37.204s][info][gc,cpu      ] GC(150) User=0.00s Sys=0.00s Real=0.00s
[37.204s][info][gc,marking  ] GC(150) Concurrent Cleanup for Next Mark
[37.204s][info][gc,marking  ] GC(150) Concurrent Cleanup for Next Mark 0.073ms
[37.204s][info][gc          ] GC(150) Concurrent Mark Cycle 18.710ms
[37.393s][info][gc,start    ] GC(151) Pause Young (Concurrent Start) (GCLocker Initiated GC)
[37.393s][info][gc,task     ] GC(151) Using 6 workers of 6 for evacuation
[37.395s][info][gc,phases   ] GC(151)   Pre Evacuate Collection Set: 0.2ms
[37.395s][info][gc,phases   ] GC(151)   Merge Heap Roots: 0.1ms
[37.395s][info][gc,phases   ] GC(151)   Evacuate Collection Set: 0.7ms
[37.395s][info][gc,phases   ] GC(151)   Post Evacuate Collection Set: 0.6ms
[37.395s][info][gc,phases   ] GC(151)   Other: 0.2ms
[37.395s][info][gc,heap     ] GC(151) Eden regions: 27->0(65)
[37.395s][info][gc,heap     ] GC(151) Survivor regions: 2->3(9)
[37.395s][info][gc,heap     ] GC(151) Old regions: 23->23
[37.395s][info][gc,heap     ] GC(151) Archive regions: 0->0
[37.395s][info][gc,heap     ] GC(151) Humongous regions: 28->4
[37.395s][info][gc,metaspace] GC(151) Metaspace: 36114K(36480K)->36114K(36480K) NonClass: 32123K(32320K)->32123K(32320K) Class: 3991K(4160K)->3991K(4160K)
[37.395s][info][gc          ] GC(151) Pause Young (Concurrent Start) (GCLocker Initiated GC) 79M->28M(114M) 1.841ms
[37.395s][info][gc,cpu      ] GC(151) User=0.00s Sys=0.00s Real=0.00s
[37.395s][info][gc          ] GC(152) Concurrent Mark Cycle
[37.395s][info][gc,marking  ] GC(152) Concurrent Clear Claimed Marks
[37.395s][info][gc,marking  ] GC(152) Concurrent Clear Claimed Marks 0.024ms
[37.395s][info][gc,marking  ] GC(152) Concurrent Scan Root Regions
[37.396s][info][gc,marking  ] GC(152) Concurrent Scan Root Regions 0.535ms
[37.396s][info][gc,marking  ] GC(152) Concurrent Mark
[37.396s][info][gc,marking  ] GC(152) Concurrent Mark From Roots
[37.396s][info][gc,task     ] GC(152) Using 2 workers of 2 for marking
[37.405s][info][gc,marking  ] GC(152) Concurrent Mark From Roots 8.886ms
[37.405s][info][gc,marking  ] GC(152) Concurrent Preclean
[37.405s][info][gc,marking  ] GC(152) Concurrent Preclean 0.119ms
[37.405s][info][gc,start    ] GC(152) Pause Remark
[37.408s][info][gc          ] GC(152) Pause Remark 41M->41M(114M) 3.437ms
[37.409s][info][gc,cpu      ] GC(152) User=0.00s Sys=0.00s Real=0.00s
[37.409s][info][gc,marking  ] GC(152) Concurrent Mark 12.866ms
[37.409s][info][gc,marking  ] GC(152) Concurrent Rebuild Remembered Sets
[37.413s][info][gc,marking  ] GC(152) Concurrent Rebuild Remembered Sets 4.066ms
[37.413s][info][gc,start    ] GC(152) Pause Cleanup
[37.413s][info][gc          ] GC(152) Pause Cleanup 42M->42M(114M) 0.088ms
[37.413s][info][gc,cpu      ] GC(152) User=0.00s Sys=0.00s Real=0.00s
[37.413s][info][gc,marking  ] GC(152) Concurrent Cleanup for Next Mark
[37.413s][info][gc,marking  ] GC(152) Concurrent Cleanup for Next Mark 0.149ms
[37.413s][info][gc          ] GC(152) Concurrent Mark Cycle 18.203ms
[37.603s][info][gc,start    ] GC(153) Pause Young (Concurrent Start) (G1 Humongous Allocation)
[37.603s][info][gc,task     ] GC(153) Using 6 workers of 6 for evacuation
[37.604s][info][gc,phases   ] GC(153)   Pre Evacuate Collection Set: 0.1ms
[37.604s][info][gc,phases   ] GC(153)   Merge Heap Roots: 0.1ms
[37.604s][info][gc,phases   ] GC(153)   Evacuate Collection Set: 0.7ms
[37.604s][info][gc,phases   ] GC(153)   Post Evacuate Collection Set: 0.5ms
[37.604s][info][gc,phases   ] GC(153)   Other: 0.2ms
[37.604s][info][gc,heap     ] GC(153) Eden regions: 22->0(65)
[37.604s][info][gc,heap     ] GC(153) Survivor regions: 3->3(9)
[37.604s][info][gc,heap     ] GC(153) Old regions: 23->23
[37.604s][info][gc,heap     ] GC(153) Archive regions: 0->0
[37.604s][info][gc,heap     ] GC(153) Humongous regions: 28->4
[37.604s][info][gc,metaspace] GC(153) Metaspace: 36118K(36480K)->36118K(36480K) NonClass: 32127K(32320K)->32127K(32320K) Class: 3991K(4160K)->3991K(4160K)
[37.604s][info][gc          ] GC(153) Pause Young (Concurrent Start) (G1 Humongous Allocation) 74M->28M(114M) 1.669ms
[37.604s][info][gc,cpu      ] GC(153) User=0.00s Sys=0.00s Real=0.00s
[37.604s][info][gc          ] GC(154) Concurrent Undo Cycle
[37.605s][info][gc,marking  ] GC(154) Concurrent Cleanup for Next Mark
[37.605s][info][gc,marking  ] GC(154) Concurrent Cleanup for Next Mark 0.231ms
[37.605s][info][gc          ] GC(154) Concurrent Undo Cycle 0.570ms
[37.810s][info][gc,start    ] GC(155) Pause Young (Concurrent Start) (GCLocker Initiated GC)
[37.810s][info][gc,task     ] GC(155) Using 6 workers of 6 for evacuation
[37.811s][info][gc,phases   ] GC(155)   Pre Evacuate Collection Set: 0.2ms
[37.811s][info][gc,phases   ] GC(155)   Merge Heap Roots: 0.0ms
[37.811s][info][gc,phases   ] GC(155)   Evacuate Collection Set: 0.6ms
[37.811s][info][gc,phases   ] GC(155)   Post Evacuate Collection Set: 0.4ms
[37.811s][info][gc,phases   ] GC(155)   Other: 0.2ms
[37.811s][info][gc,heap     ] GC(155) Eden regions: 27->0(66)
[37.811s][info][gc,heap     ] GC(155) Survivor regions: 3->2(9)
[37.811s][info][gc,heap     ] GC(155) Old regions: 23->23
[37.811s][info][gc,heap     ] GC(155) Archive regions: 0->0
[37.811s][info][gc,heap     ] GC(155) Humongous regions: 28->4
[37.811s][info][gc,metaspace] GC(155) Metaspace: 36125K(36480K)->36125K(36480K) NonClass: 32134K(32320K)->32134K(32320K) Class: 3991K(4160K)->3991K(4160K)
[37.811s][info][gc          ] GC(155) Pause Young (Concurrent Start) (GCLocker Initiated GC) 78M->28M(114M) 1.471ms
[37.812s][info][gc,cpu      ] GC(155) User=0.00s Sys=0.00s Real=0.00s
[37.812s][info][gc          ] GC(156) Concurrent Mark Cycle
[37.812s][info][gc,marking  ] GC(156) Concurrent Clear Claimed Marks
[37.812s][info][gc,marking  ] GC(156) Concurrent Clear Claimed Marks 0.032ms
[37.812s][info][gc,marking  ] GC(156) Concurrent Scan Root Regions
[37.812s][info][gc,marking  ] GC(156) Concurrent Scan Root Regions 0.768ms
[37.812s][info][gc,marking  ] GC(156) Concurrent Mark
[37.813s][info][gc,marking  ] GC(156) Concurrent Mark From Roots
[37.813s][info][gc,task     ] GC(156) Using 2 workers of 2 for marking
[37.824s][info][gc,marking  ] GC(156) Concurrent Mark From Roots 11.004ms
[37.824s][info][gc,marking  ] GC(156) Concurrent Preclean
[37.824s][info][gc,marking  ] GC(156) Concurrent Preclean 0.103ms
[37.824s][info][gc,start    ] GC(156) Pause Remark
[37.826s][info][gc          ] GC(156) Pause Remark 41M->41M(114M) 1.922ms
[37.826s][info][gc,cpu      ] GC(156) User=0.00s Sys=0.00s Real=0.00s
[37.826s][info][gc,marking  ] GC(156) Concurrent Mark 13.482ms
[37.826s][info][gc,marking  ] GC(156) Concurrent Rebuild Remembered Sets
[37.830s][info][gc,marking  ] GC(156) Concurrent Rebuild Remembered Sets 4.315ms
[37.831s][info][gc,start    ] GC(156) Pause Cleanup
[37.831s][info][gc          ] GC(156) Pause Cleanup 42M->42M(114M) 0.154ms
[37.831s][info][gc,cpu      ] GC(156) User=0.00s Sys=0.00s Real=0.00s
[37.831s][info][gc,marking  ] GC(156) Concurrent Cleanup for Next Mark
[37.831s][info][gc,marking  ] GC(156) Concurrent Cleanup for Next Mark 0.089ms
[37.831s][info][gc          ] GC(156) Concurrent Mark Cycle 19.392ms
[38.025s][info][gc,start    ] GC(157) Pause Young (Concurrent Start) (GCLocker Initiated GC)
[38.025s][info][gc,task     ] GC(157) Using 6 workers of 6 for evacuation
[38.027s][info][gc,phases   ] GC(157)   Pre Evacuate Collection Set: 0.1ms
[38.027s][info][gc,phases   ] GC(157)   Merge Heap Roots: 0.1ms
[38.027s][info][gc,phases   ] GC(157)   Evacuate Collection Set: 0.6ms
[38.027s][info][gc,phases   ] GC(157)   Post Evacuate Collection Set: 0.5ms
[38.027s][info][gc,phases   ] GC(157)   Other: 0.2ms
[38.027s][info][gc,heap     ] GC(157) Eden regions: 22->0(66)
[38.027s][info][gc,heap     ] GC(157) Survivor regions: 2->2(9)
[38.027s][info][gc,heap     ] GC(157) Old regions: 23->24
[38.027s][info][gc,heap     ] GC(157) Archive regions: 0->0
[38.027s][info][gc,heap     ] GC(157) Humongous regions: 28->4
[38.027s][info][gc,metaspace] GC(157) Metaspace: 36126K(36480K)->36126K(36480K) NonClass: 32134K(32320K)->32134K(32320K) Class: 3991K(4160K)->3991K(4160K)
[38.027s][info][gc          ] GC(157) Pause Young (Concurrent Start) (GCLocker Initiated GC) 74M->28M(114M) 1.706ms
[38.027s][info][gc,cpu      ] GC(157) User=0.00s Sys=0.00s Real=0.00s
[38.027s][info][gc          ] GC(158) Concurrent Mark Cycle
[38.027s][info][gc,marking  ] GC(158) Concurrent Clear Claimed Marks
[38.027s][info][gc,marking  ] GC(158) Concurrent Clear Claimed Marks 0.018ms
[38.027s][info][gc,marking  ] GC(158) Concurrent Scan Root Regions
[38.027s][info][gc,marking  ] GC(158) Concurrent Scan Root Regions 0.514ms
[38.027s][info][gc,marking  ] GC(158) Concurrent Mark
[38.027s][info][gc,marking  ] GC(158) Concurrent Mark From Roots
[38.027s][info][gc,task     ] GC(158) Using 2 workers of 2 for marking
[38.036s][info][gc,marking  ] GC(158) Concurrent Mark From Roots 8.382ms
[38.036s][info][gc,marking  ] GC(158) Concurrent Preclean
[38.036s][info][gc,marking  ] GC(158) Concurrent Preclean 0.114ms
[38.036s][info][gc,start    ] GC(158) Pause Remark
[38.038s][info][gc          ] GC(158) Pause Remark 41M->41M(114M) 2.117ms
[38.038s][info][gc,cpu      ] GC(158) User=0.02s Sys=0.02s Real=0.00s
[38.039s][info][gc,marking  ] GC(158) Concurrent Mark 11.300ms
[38.039s][info][gc,marking  ] GC(158) Concurrent Rebuild Remembered Sets
[38.043s][info][gc,marking  ] GC(158) Concurrent Rebuild Remembered Sets 4.186ms
[38.043s][info][gc,start    ] GC(158) Pause Cleanup
[38.043s][info][gc          ] GC(158) Pause Cleanup 42M->42M(114M) 0.148ms
[38.043s][info][gc,cpu      ] GC(158) User=0.00s Sys=0.00s Real=0.00s
[38.043s][info][gc,marking  ] GC(158) Concurrent Cleanup for Next Mark
[38.044s][info][gc,marking  ] GC(158) Concurrent Cleanup for Next Mark 0.135ms
[38.044s][info][gc          ] GC(158) Concurrent Mark Cycle 16.781ms
[38.133s][info][gc,start    ] GC(159) Pause Young (Concurrent Start) (GCLocker Initiated GC)
[38.133s][info][gc,task     ] GC(159) Using 6 workers of 6 for evacuation
[38.135s][info][gc,phases   ] GC(159)   Pre Evacuate Collection Set: 0.2ms
[38.135s][info][gc,phases   ] GC(159)   Merge Heap Roots: 0.1ms
[38.135s][info][gc,phases   ] GC(159)   Evacuate Collection Set: 0.7ms
[38.135s][info][gc,phases   ] GC(159)   Post Evacuate Collection Set: 0.4ms
[38.135s][info][gc,phases   ] GC(159)   Other: 0.2ms
[38.135s][info][gc,heap     ] GC(159) Eden regions: 14->0(60)
[38.135s][info][gc,heap     ] GC(159) Survivor regions: 2->2(9)
[38.135s][info][gc,heap     ] GC(159) Old regions: 24->24
[38.135s][info][gc,heap     ] GC(159) Archive regions: 0->0
[38.135s][info][gc,heap     ] GC(159) Humongous regions: 24->12
[38.135s][info][gc,metaspace] GC(159) Metaspace: 36126K(36480K)->36126K(36480K) NonClass: 32134K(32320K)->32134K(32320K) Class: 3991K(4160K)->3991K(4160K)
[38.135s][info][gc          ] GC(159) Pause Young (Concurrent Start) (GCLocker Initiated GC) 62M->36M(114M) 1.602ms
[38.135s][info][gc,cpu      ] GC(159) User=0.00s Sys=0.00s Real=0.00s
[38.135s][info][gc          ] GC(160) Concurrent Mark Cycle
[38.135s][info][gc,marking  ] GC(160) Concurrent Clear Claimed Marks
[38.135s][info][gc,marking  ] GC(160) Concurrent Clear Claimed Marks 0.019ms
[38.135s][info][gc,marking  ] GC(160) Concurrent Scan Root Regions
[38.136s][info][gc,marking  ] GC(160) Concurrent Scan Root Regions 0.769ms
[38.136s][info][gc,marking  ] GC(160) Concurrent Mark
[38.136s][info][gc,marking  ] GC(160) Concurrent Mark From Roots
[38.136s][info][gc,task     ] GC(160) Using 2 workers of 2 for marking
[38.145s][info][gc,marking  ] GC(160) Concurrent Mark From Roots 9.000ms
[38.145s][info][gc,marking  ] GC(160) Concurrent Preclean
[38.145s][info][gc,marking  ] GC(160) Concurrent Preclean 0.094ms
[38.145s][info][gc,start    ] GC(160) Pause Remark
[38.147s][info][gc          ] GC(160) Pause Remark 42M->42M(114M) 2.010ms
[38.147s][info][gc,cpu      ] GC(160) User=0.02s Sys=0.02s Real=0.00s
[38.148s][info][gc,marking  ] GC(160) Concurrent Mark 11.692ms
[38.148s][info][gc,marking  ] GC(160) Concurrent Rebuild Remembered Sets
[38.153s][info][gc,marking  ] GC(160) Concurrent Rebuild Remembered Sets 5.142ms
[38.153s][info][gc,start    ] GC(160) Pause Cleanup
[38.153s][info][gc          ] GC(160) Pause Cleanup 43M->43M(114M) 0.102ms
[38.153s][info][gc,cpu      ] GC(160) User=0.00s Sys=0.00s Real=0.00s
[38.153s][info][gc,marking  ] GC(160) Concurrent Cleanup for Next Mark
[38.153s][info][gc,marking  ] GC(160) Concurrent Cleanup for Next Mark 0.083ms
[38.153s][info][gc          ] GC(160) Concurrent Mark Cycle 18.471ms
[38.242s][info][gc,start    ] GC(161) Pause Young (Concurrent Start) (GCLocker Initiated GC)
[38.242s][info][gc,task     ] GC(161) Using 6 workers of 6 for evacuation
[38.243s][info][gc,phases   ] GC(161)   Pre Evacuate Collection Set: 0.1ms
[38.243s][info][gc,phases   ] GC(161)   Merge Heap Roots: 0.1ms
[38.243s][info][gc,phases   ] GC(161)   Evacuate Collection Set: 0.7ms
[38.243s][info][gc,phases   ] GC(161)   Post Evacuate Collection Set: 0.4ms
[38.243s][info][gc,phases   ] GC(161)   Other: 0.2ms
[38.243s][info][gc,heap     ] GC(161) Eden regions: 14->0(60)
[38.243s][info][gc,heap     ] GC(161) Survivor regions: 2->2(8)
[38.243s][info][gc,heap     ] GC(161) Old regions: 24->24
[38.243s][info][gc,heap     ] GC(161) Archive regions: 0->0
[38.243s][info][gc,heap     ] GC(161) Humongous regions: 24->12
[38.243s][info][gc,metaspace] GC(161) Metaspace: 36126K(36480K)->36126K(36480K) NonClass: 32134K(32320K)->32134K(32320K) Class: 3991K(4160K)->3991K(4160K)
[38.243s][info][gc          ] GC(161) Pause Young (Concurrent Start) (GCLocker Initiated GC) 61M->36M(114M) 1.469ms
[38.243s][info][gc,cpu      ] GC(161) User=0.00s Sys=0.00s Real=0.00s
[38.243s][info][gc          ] GC(162) Concurrent Mark Cycle
[38.243s][info][gc,marking  ] GC(162) Concurrent Clear Claimed Marks
[38.243s][info][gc,marking  ] GC(162) Concurrent Clear Claimed Marks 0.019ms
[38.243s][info][gc,marking  ] GC(162) Concurrent Scan Root Regions
[38.244s][info][gc,marking  ] GC(162) Concurrent Scan Root Regions 0.586ms
[38.244s][info][gc,marking  ] GC(162) Concurrent Mark
[38.244s][info][gc,marking  ] GC(162) Concurrent Mark From Roots
[38.244s][info][gc,task     ] GC(162) Using 2 workers of 2 for marking
[38.252s][info][gc,marking  ] GC(162) Concurrent Mark From Roots 8.378ms
[38.252s][info][gc,marking  ] GC(162) Concurrent Preclean
[38.252s][info][gc,marking  ] GC(162) Concurrent Preclean 0.100ms
[38.253s][info][gc,start    ] GC(162) Pause Remark
[38.254s][info][gc          ] GC(162) Pause Remark 42M->42M(114M) 1.872ms
[38.254s][info][gc,cpu      ] GC(162) User=0.00s Sys=0.00s Real=0.00s
[38.255s][info][gc,marking  ] GC(162) Concurrent Mark 11.072ms
[38.255s][info][gc,marking  ] GC(162) Concurrent Rebuild Remembered Sets
[38.259s][info][gc,marking  ] GC(162) Concurrent Rebuild Remembered Sets 4.586ms
[38.260s][info][gc,start    ] GC(162) Pause Cleanup
[38.260s][info][gc          ] GC(162) Pause Cleanup 43M->43M(114M) 0.141ms
[38.260s][info][gc,cpu      ] GC(162) User=0.00s Sys=0.00s Real=0.00s
[38.260s][info][gc,marking  ] GC(162) Concurrent Cleanup for Next Mark
[38.260s][info][gc,marking  ] GC(162) Concurrent Cleanup for Next Mark 0.082ms
[38.260s][info][gc          ] GC(162) Concurrent Mark Cycle 17.011ms
[38.350s][info][gc,start    ] GC(163) Pause Young (Concurrent Start) (GCLocker Initiated GC)
[38.350s][info][gc,task     ] GC(163) Using 6 workers of 6 for evacuation
[38.351s][info][gc,phases   ] GC(163)   Pre Evacuate Collection Set: 0.1ms
[38.352s][info][gc,phases   ] GC(163)   Merge Heap Roots: 0.1ms
[38.352s][info][gc,phases   ] GC(163)   Evacuate Collection Set: 0.8ms
[38.352s][info][gc,phases   ] GC(163)   Post Evacuate Collection Set: 0.3ms
[38.352s][info][gc,phases   ] GC(163)   Other: 0.3ms
[38.352s][info][gc,heap     ] GC(163) Eden regions: 9->0(60)
[38.352s][info][gc,heap     ] GC(163) Survivor regions: 2->2(8)
[38.352s][info][gc,heap     ] GC(163) Old regions: 24->24
[38.352s][info][gc,heap     ] GC(163) Archive regions: 0->0
[38.352s][info][gc,heap     ] GC(163) Humongous regions: 24->12
[38.352s][info][gc,metaspace] GC(163) Metaspace: 36131K(36480K)->36131K(36480K) NonClass: 32140K(32320K)->32140K(32320K) Class: 3991K(4160K)->3991K(4160K)
[38.352s][info][gc          ] GC(163) Pause Young (Concurrent Start) (GCLocker Initiated GC) 57M->36M(114M) 1.628ms
[38.352s][info][gc,cpu      ] GC(163) User=0.00s Sys=0.00s Real=0.00s
[38.352s][info][gc          ] GC(164) Concurrent Mark Cycle
[38.352s][info][gc,marking  ] GC(164) Concurrent Clear Claimed Marks
[38.352s][info][gc,marking  ] GC(164) Concurrent Clear Claimed Marks 0.021ms
[38.352s][info][gc,marking  ] GC(164) Concurrent Scan Root Regions
[38.352s][info][gc,marking  ] GC(164) Concurrent Scan Root Regions 0.567ms
[38.352s][info][gc,marking  ] GC(164) Concurrent Mark
[38.352s][info][gc,marking  ] GC(164) Concurrent Mark From Roots
[38.352s][info][gc,task     ] GC(164) Using 2 workers of 2 for marking
[38.360s][info][gc,marking  ] GC(164) Concurrent Mark From Roots 8.044ms
[38.360s][info][gc,marking  ] GC(164) Concurrent Preclean
[38.360s][info][gc,marking  ] GC(164) Concurrent Preclean 0.073ms
[38.361s][info][gc,start    ] GC(164) Pause Remark
[38.362s][info][gc          ] GC(164) Pause Remark 42M->42M(114M) 1.736ms
[38.363s][info][gc,cpu      ] GC(164) User=0.00s Sys=0.00s Real=0.00s
[38.363s][info][gc,marking  ] GC(164) Concurrent Mark 10.308ms
[38.363s][info][gc,marking  ] GC(164) Concurrent Rebuild Remembered Sets
[38.366s][info][gc,marking  ] GC(164) Concurrent Rebuild Remembered Sets 3.762ms
[38.367s][info][gc,start    ] GC(164) Pause Cleanup
[38.367s][info][gc          ] GC(164) Pause Cleanup 42M->42M(114M) 0.106ms
[38.367s][info][gc,cpu      ] GC(164) User=0.00s Sys=0.00s Real=0.00s
[38.367s][info][gc,marking  ] GC(164) Concurrent Cleanup for Next Mark
[38.367s][info][gc,marking  ] GC(164) Concurrent Cleanup for Next Mark 0.137ms
[38.367s][info][gc          ] GC(164) Concurrent Mark Cycle 15.320ms
[38.457s][info][gc,start    ] GC(165) Pause Young (Concurrent Start) (G1 Humongous Allocation)
[38.457s][info][gc,task     ] GC(165) Using 6 workers of 6 for evacuation
[38.458s][info][gc,phases   ] GC(165)   Pre Evacuate Collection Set: 0.1ms
[38.458s][info][gc,phases   ] GC(165)   Merge Heap Roots: 0.1ms
[38.458s][info][gc,phases   ] GC(165)   Evacuate Collection Set: 0.7ms
[38.458s][info][gc,phases   ] GC(165)   Post Evacuate Collection Set: 0.4ms
[38.458s][info][gc,phases   ] GC(165)   Other: 0.2ms
[38.458s][info][gc,heap     ] GC(165) Eden regions: 14->0(60)
[38.458s][info][gc,heap     ] GC(165) Survivor regions: 2->2(8)
[38.458s][info][gc,heap     ] GC(165) Old regions: 24->24
[38.458s][info][gc,heap     ] GC(165) Archive regions: 0->0
[38.458s][info][gc,heap     ] GC(165) Humongous regions: 24->12
[38.458s][info][gc,metaspace] GC(165) Metaspace: 36133K(36480K)->36133K(36480K) NonClass: 32142K(32320K)->32142K(32320K) Class: 3991K(4160K)->3991K(4160K)
[38.458s][info][gc          ] GC(165) Pause Young (Concurrent Start) (G1 Humongous Allocation) 61M->36M(114M) 1.530ms
[38.458s][info][gc,cpu      ] GC(165) User=0.00s Sys=0.00s Real=0.00s
[38.458s][info][gc          ] GC(166) Concurrent Undo Cycle
[38.458s][info][gc,marking  ] GC(166) Concurrent Cleanup for Next Mark
[38.459s][info][gc,marking  ] GC(166) Concurrent Cleanup for Next Mark 0.120ms
[38.459s][info][gc          ] GC(166) Concurrent Undo Cycle 0.264ms
[38.561s][info][gc,start    ] GC(167) Pause Young (Concurrent Start) (GCLocker Initiated GC)
[38.561s][info][gc,task     ] GC(167) Using 6 workers of 6 for evacuation
[38.562s][info][gc,phases   ] GC(167)   Pre Evacuate Collection Set: 0.1ms
[38.562s][info][gc,phases   ] GC(167)   Merge Heap Roots: 0.1ms
[38.562s][info][gc,phases   ] GC(167)   Evacuate Collection Set: 0.6ms
[38.562s][info][gc,phases   ] GC(167)   Post Evacuate Collection Set: 0.4ms
[38.562s][info][gc,phases   ] GC(167)   Other: 0.2ms
[38.562s][info][gc,heap     ] GC(167) Eden regions: 15->0(60)
[38.562s][info][gc,heap     ] GC(167) Survivor regions: 2->2(8)
[38.562s][info][gc,heap     ] GC(167) Old regions: 24->24
[38.562s][info][gc,heap     ] GC(167) Archive regions: 0->0
[38.562s][info][gc,heap     ] GC(167) Humongous regions: 24->12
[38.562s][info][gc,metaspace] GC(167) Metaspace: 36134K(36480K)->36134K(36480K) NonClass: 32143K(32320K)->32143K(32320K) Class: 3991K(4160K)->3991K(4160K)
[38.562s][info][gc          ] GC(167) Pause Young (Concurrent Start) (GCLocker Initiated GC) 62M->36M(114M) 1.506ms
[38.562s][info][gc,cpu      ] GC(167) User=0.00s Sys=0.00s Real=0.00s
[38.562s][info][gc          ] GC(168) Concurrent Mark Cycle
[38.562s][info][gc,marking  ] GC(168) Concurrent Clear Claimed Marks
[38.562s][info][gc,marking  ] GC(168) Concurrent Clear Claimed Marks 0.018ms
[38.562s][info][gc,marking  ] GC(168) Concurrent Scan Root Regions
[38.563s][info][gc,marking  ] GC(168) Concurrent Scan Root Regions 0.586ms
[38.563s][info][gc,marking  ] GC(168) Concurrent Mark
[38.563s][info][gc,marking  ] GC(168) Concurrent Mark From Roots
[38.563s][info][gc,task     ] GC(168) Using 2 workers of 2 for marking
[38.571s][info][gc,marking  ] GC(168) Concurrent Mark From Roots 8.592ms
[38.571s][info][gc,marking  ] GC(168) Concurrent Preclean
[38.572s][info][gc,marking  ] GC(168) Concurrent Preclean 0.118ms
[38.572s][info][gc,start    ] GC(168) Pause Remark
[38.574s][info][gc          ] GC(168) Pause Remark 42M->42M(114M) 2.269ms
[38.574s][info][gc,cpu      ] GC(168) User=0.00s Sys=0.00s Real=0.00s
[38.574s][info][gc,marking  ] GC(168) Concurrent Mark 11.408ms
[38.574s][info][gc,marking  ] GC(168) Concurrent Rebuild Remembered Sets
[38.579s][info][gc,marking  ] GC(168) Concurrent Rebuild Remembered Sets 4.351ms
[38.579s][info][gc,start    ] GC(168) Pause Cleanup
[38.579s][info][gc          ] GC(168) Pause Cleanup 43M->43M(114M) 0.078ms
[38.579s][info][gc,cpu      ] GC(168) User=0.00s Sys=0.00s Real=0.00s
[38.579s][info][gc,marking  ] GC(168) Concurrent Cleanup for Next Mark
[38.579s][info][gc,marking  ] GC(168) Concurrent Cleanup for Next Mark 0.103ms
[38.579s][info][gc          ] GC(168) Concurrent Mark Cycle 16.983ms
[38.668s][info][gc,start    ] GC(169) Pause Young (Concurrent Start) (G1 Humongous Allocation)
[38.668s][info][gc,task     ] GC(169) Using 6 workers of 6 for evacuation
[38.669s][info][gc,phases   ] GC(169)   Pre Evacuate Collection Set: 0.1ms
[38.669s][info][gc,phases   ] GC(169)   Merge Heap Roots: 0.1ms
[38.669s][info][gc,phases   ] GC(169)   Evacuate Collection Set: 0.7ms
[38.669s][info][gc,phases   ] GC(169)   Post Evacuate Collection Set: 0.4ms
[38.669s][info][gc,phases   ] GC(169)   Other: 0.2ms
[38.669s][info][gc,heap     ] GC(169) Eden regions: 13->0(60)
[38.669s][info][gc,heap     ] GC(169) Survivor regions: 2->2(8)
[38.669s][info][gc,heap     ] GC(169) Old regions: 24->24
[38.669s][info][gc,heap     ] GC(169) Archive regions: 0->0
[38.669s][info][gc,heap     ] GC(169) Humongous regions: 24->12
[38.669s][info][gc,metaspace] GC(169) Metaspace: 36134K(36480K)->36134K(36480K) NonClass: 32143K(32320K)->32143K(32320K) Class: 3991K(4160K)->3991K(4160K)
[38.669s][info][gc          ] GC(169) Pause Young (Concurrent Start) (G1 Humongous Allocation) 61M->36M(114M) 1.633ms
[38.669s][info][gc,cpu      ] GC(169) User=0.00s Sys=0.00s Real=0.00s
[38.670s][info][gc          ] GC(170) Concurrent Undo Cycle
[38.670s][info][gc,marking  ] GC(170) Concurrent Cleanup for Next Mark
[38.670s][info][gc,marking  ] GC(170) Concurrent Cleanup for Next Mark 0.077ms
[38.670s][info][gc          ] GC(170) Concurrent Undo Cycle 0.119ms
[38.772s][info][gc,start    ] GC(171) Pause Young (Concurrent Start) (GCLocker Initiated GC)
[38.772s][info][gc,task     ] GC(171) Using 6 workers of 6 for evacuation
[38.774s][info][gc,phases   ] GC(171)   Pre Evacuate Collection Set: 0.2ms
[38.774s][info][gc,phases   ] GC(171)   Merge Heap Roots: 0.1ms
[38.774s][info][gc,phases   ] GC(171)   Evacuate Collection Set: 0.7ms
[38.774s][info][gc,phases   ] GC(171)   Post Evacuate Collection Set: 0.6ms
[38.774s][info][gc,phases   ] GC(171)   Other: 0.2ms
[38.774s][info][gc,heap     ] GC(171) Eden regions: 10->0(53)
[38.774s][info][gc,heap     ] GC(171) Survivor regions: 2->2(8)
[38.774s][info][gc,heap     ] GC(171) Old regions: 24->24
[38.774s][info][gc,heap     ] GC(171) Archive regions: 0->0
[38.774s][info][gc,heap     ] GC(171) Humongous regions: 24->12
[38.774s][info][gc,metaspace] GC(171) Metaspace: 36134K(36480K)->36134K(36480K) NonClass: 32143K(32320K)->32143K(32320K) Class: 3991K(4160K)->3991K(4160K)
[38.774s][info][gc          ] GC(171) Pause Young (Concurrent Start) (GCLocker Initiated GC) 57M->36M(114M) 1.794ms
[38.774s][info][gc,cpu      ] GC(171) User=0.00s Sys=0.00s Real=0.00s
[38.774s][info][gc          ] GC(172) Concurrent Mark Cycle
[38.774s][info][gc,marking  ] GC(172) Concurrent Clear Claimed Marks
[38.774s][info][gc,marking  ] GC(172) Concurrent Clear Claimed Marks 0.017ms
[38.774s][info][gc,marking  ] GC(172) Concurrent Scan Root Regions
[38.775s][info][gc,marking  ] GC(172) Concurrent Scan Root Regions 0.567ms
[38.775s][info][gc,marking  ] GC(172) Concurrent Mark
[38.775s][info][gc,marking  ] GC(172) Concurrent Mark From Roots
[38.775s][info][gc,task     ] GC(172) Using 2 workers of 2 for marking
[38.783s][info][gc,marking  ] GC(172) Concurrent Mark From Roots 8.511ms
[38.783s][info][gc,marking  ] GC(172) Concurrent Preclean
[38.783s][info][gc,marking  ] GC(172) Concurrent Preclean 0.073ms
[38.784s][info][gc,start    ] GC(172) Pause Remark
[38.788s][info][gc          ] GC(172) Pause Remark 42M->42M(114M) 4.150ms
[38.788s][info][gc,cpu      ] GC(172) User=0.02s Sys=0.00s Real=0.00s
[38.788s][info][gc,marking  ] GC(172) Concurrent Mark 13.160ms
[38.788s][info][gc,marking  ] GC(172) Concurrent Rebuild Remembered Sets
[38.792s][info][gc,marking  ] GC(172) Concurrent Rebuild Remembered Sets 4.152ms
[38.792s][info][gc,start    ] GC(172) Pause Cleanup
[38.793s][info][gc          ] GC(172) Pause Cleanup 43M->43M(114M) 0.134ms
[38.793s][info][gc,cpu      ] GC(172) User=0.00s Sys=0.00s Real=0.00s
[38.793s][info][gc,marking  ] GC(172) Concurrent Cleanup for Next Mark
[38.793s][info][gc,marking  ] GC(172) Concurrent Cleanup for Next Mark 0.100ms
[38.793s][info][gc          ] GC(172) Concurrent Mark Cycle 18.696ms
[38.885s][info][gc,start    ] GC(173) Pause Young (Concurrent Start) (GCLocker Initiated GC)
[38.885s][info][gc,task     ] GC(173) Using 6 workers of 6 for evacuation
[38.887s][info][gc,phases   ] GC(173)   Pre Evacuate Collection Set: 0.1ms
[38.887s][info][gc,phases   ] GC(173)   Merge Heap Roots: 0.0ms
[38.887s][info][gc,phases   ] GC(173)   Evacuate Collection Set: 0.9ms
[38.887s][info][gc,phases   ] GC(173)   Post Evacuate Collection Set: 0.3ms
[38.887s][info][gc,phases   ] GC(173)   Other: 0.3ms
[38.887s][info][gc,heap     ] GC(173) Eden regions: 14->0(54)
[38.887s][info][gc,heap     ] GC(173) Survivor regions: 2->2(7)
[38.887s][info][gc,heap     ] GC(173) Old regions: 24->24
[38.887s][info][gc,heap     ] GC(173) Archive regions: 0->0
[38.887s][info][gc,heap     ] GC(173) Humongous regions: 24->12
[38.887s][info][gc,metaspace] GC(173) Metaspace: 36134K(36480K)->36134K(36480K) NonClass: 32143K(32320K)->32143K(32320K) Class: 3991K(4160K)->3991K(4160K)
[38.887s][info][gc          ] GC(173) Pause Young (Concurrent Start) (GCLocker Initiated GC) 62M->36M(114M) 1.809ms
[38.887s][info][gc,cpu      ] GC(173) User=0.00s Sys=0.00s Real=0.00s
[38.887s][info][gc          ] GC(174) Concurrent Mark Cycle
[38.887s][info][gc,marking  ] GC(174) Concurrent Clear Claimed Marks
[38.887s][info][gc,marking  ] GC(174) Concurrent Clear Claimed Marks 0.031ms
[38.887s][info][gc,marking  ] GC(174) Concurrent Scan Root Regions
[38.888s][info][gc,marking  ] GC(174) Concurrent Scan Root Regions 0.518ms
[38.888s][info][gc,marking  ] GC(174) Concurrent Mark
[38.888s][info][gc,marking  ] GC(174) Concurrent Mark From Roots
[38.888s][info][gc,task     ] GC(174) Using 2 workers of 2 for marking
[38.897s][info][gc,marking  ] GC(174) Concurrent Mark From Roots 9.332ms
[38.897s][info][gc,marking  ] GC(174) Concurrent Preclean
[38.897s][info][gc,marking  ] GC(174) Concurrent Preclean 0.100ms
[38.897s][info][gc,start    ] GC(174) Pause Remark
[38.899s][info][gc          ] GC(174) Pause Remark 42M->42M(114M) 1.725ms
[38.899s][info][gc,cpu      ] GC(174) User=0.00s Sys=0.00s Real=0.00s
[38.899s][info][gc,marking  ] GC(174) Concurrent Mark 11.597ms
[38.899s][info][gc,marking  ] GC(174) Concurrent Rebuild Remembered Sets
[38.903s][info][gc,marking  ] GC(174) Concurrent Rebuild Remembered Sets 4.177ms
[38.904s][info][gc,start    ] GC(174) Pause Cleanup
[38.904s][info][gc          ] GC(174) Pause Cleanup 42M->42M(114M) 0.094ms
[38.904s][info][gc,cpu      ] GC(174) User=0.00s Sys=0.00s Real=0.00s
[38.904s][info][gc,marking  ] GC(174) Concurrent Cleanup for Next Mark
[38.904s][info][gc,marking  ] GC(174) Concurrent Cleanup for Next Mark 0.076ms
[38.904s][info][gc          ] GC(174) Concurrent Mark Cycle 17.004ms
[38.999s][info][gc,start    ] GC(175) Pause Young (Concurrent Start) (GCLocker Initiated GC)
[38.999s][info][gc,task     ] GC(175) Using 6 workers of 6 for evacuation
[39.000s][info][gc,phases   ] GC(175)   Pre Evacuate Collection Set: 0.1ms
[39.000s][info][gc,phases   ] GC(175)   Merge Heap Roots: 0.0ms
[39.000s][info][gc,phases   ] GC(175)   Evacuate Collection Set: 0.7ms
[39.000s][info][gc,phases   ] GC(175)   Post Evacuate Collection Set: 0.2ms
[39.000s][info][gc,phases   ] GC(175)   Other: 0.2ms
[39.000s][info][gc,heap     ] GC(175) Eden regions: 14->0(54)
[39.000s][info][gc,heap     ] GC(175) Survivor regions: 2->2(7)
[39.000s][info][gc,heap     ] GC(175) Old regions: 24->25
[39.000s][info][gc,heap     ] GC(175) Archive regions: 0->0
[39.000s][info][gc,heap     ] GC(175) Humongous regions: 24->12
[39.000s][info][gc,metaspace] GC(175) Metaspace: 36146K(36480K)->36146K(36480K) NonClass: 32155K(32320K)->32155K(32320K) Class: 3991K(4160K)->3991K(4160K)
[39.000s][info][gc          ] GC(175) Pause Young (Concurrent Start) (GCLocker Initiated GC) 62M->37M(114M) 1.253ms
[39.000s][info][gc,cpu      ] GC(175) User=0.00s Sys=0.00s Real=0.00s
[39.000s][info][gc          ] GC(176) Concurrent Mark Cycle
[39.000s][info][gc,marking  ] GC(176) Concurrent Clear Claimed Marks
[39.000s][info][gc,marking  ] GC(176) Concurrent Clear Claimed Marks 0.021ms
[39.000s][info][gc,marking  ] GC(176) Concurrent Scan Root Regions
[39.001s][info][gc,marking  ] GC(176) Concurrent Scan Root Regions 0.585ms
[39.001s][info][gc,marking  ] GC(176) Concurrent Mark
[39.001s][info][gc,marking  ] GC(176) Concurrent Mark From Roots
[39.001s][info][gc,task     ] GC(176) Using 2 workers of 2 for marking
[39.010s][info][gc,marking  ] GC(176) Concurrent Mark From Roots 9.695ms
[39.010s][info][gc,marking  ] GC(176) Concurrent Preclean
[39.011s][info][gc,marking  ] GC(176) Concurrent Preclean 0.206ms
[39.011s][info][gc,start    ] GC(176) Pause Remark
[39.013s][info][gc          ] GC(176) Pause Remark 42M->42M(114M) 1.837ms
[39.013s][info][gc,cpu      ] GC(176) User=0.00s Sys=0.00s Real=0.00s
[39.015s][info][gc,marking  ] GC(176) Concurrent Mark 14.577ms
[39.015s][info][gc,marking  ] GC(176) Concurrent Rebuild Remembered Sets
[39.020s][info][gc,marking  ] GC(176) Concurrent Rebuild Remembered Sets 4.467ms
[39.020s][info][gc,start    ] GC(176) Pause Cleanup
[39.020s][info][gc          ] GC(176) Pause Cleanup 42M->42M(114M) 0.074ms
[39.020s][info][gc,cpu      ] GC(176) User=0.00s Sys=0.00s Real=0.00s
[39.020s][info][gc,marking  ] GC(176) Concurrent Cleanup for Next Mark
[39.020s][info][gc,marking  ] GC(176) Concurrent Cleanup for Next Mark 0.090ms
[39.020s][info][gc          ] GC(176) Concurrent Mark Cycle 20.497ms
[39.129s][info][gc,start    ] GC(177) Pause Young (Concurrent Start) (GCLocker Initiated GC)
[39.129s][info][gc,task     ] GC(177) Using 6 workers of 6 for evacuation
[39.130s][info][gc,phases   ] GC(177)   Pre Evacuate Collection Set: 0.1ms
[39.130s][info][gc,phases   ] GC(177)   Merge Heap Roots: 0.0ms
[39.130s][info][gc,phases   ] GC(177)   Evacuate Collection Set: 0.9ms
[39.130s][info][gc,phases   ] GC(177)   Post Evacuate Collection Set: 0.2ms
[39.130s][info][gc,phases   ] GC(177)   Other: 0.2ms
[39.130s][info][gc,heap     ] GC(177) Eden regions: 14->0(55)
[39.130s][info][gc,heap     ] GC(177) Survivor regions: 2->2(7)
[39.130s][info][gc,heap     ] GC(177) Old regions: 25->25
[39.130s][info][gc,heap     ] GC(177) Archive regions: 0->0
[39.130s][info][gc,heap     ] GC(177) Humongous regions: 24->12
[39.130s][info][gc,metaspace] GC(177) Metaspace: 36151K(36480K)->36151K(36480K) NonClass: 32159K(32320K)->32159K(32320K) Class: 3991K(4160K)->3991K(4160K)
[39.130s][info][gc          ] GC(177) Pause Young (Concurrent Start) (GCLocker Initiated GC) 62M->37M(114M) 1.563ms
[39.130s][info][gc,cpu      ] GC(177) User=0.09s Sys=0.00s Real=0.00s
[39.130s][info][gc          ] GC(178) Concurrent Mark Cycle
[39.130s][info][gc,marking  ] GC(178) Concurrent Clear Claimed Marks
[39.130s][info][gc,marking  ] GC(178) Concurrent Clear Claimed Marks 0.027ms
[39.130s][info][gc,marking  ] GC(178) Concurrent Scan Root Regions
[39.131s][info][gc,marking  ] GC(178) Concurrent Scan Root Regions 0.505ms
[39.131s][info][gc,marking  ] GC(178) Concurrent Mark
[39.131s][info][gc,marking  ] GC(178) Concurrent Mark From Roots
[39.131s][info][gc,task     ] GC(178) Using 2 workers of 2 for marking
[39.140s][info][gc,marking  ] GC(178) Concurrent Mark From Roots 9.560ms
[39.140s][info][gc,marking  ] GC(178) Concurrent Preclean
[39.141s][info][gc,marking  ] GC(178) Concurrent Preclean 0.133ms
[39.143s][info][gc,start    ] GC(178) Pause Remark
[39.146s][info][gc          ] GC(178) Pause Remark 41M->41M(114M) 3.630ms
[39.146s][info][gc,cpu      ] GC(178) User=0.05s Sys=0.00s Real=0.00s
[39.150s][info][gc,marking  ] GC(178) Concurrent Mark 18.960ms
[39.150s][info][gc,marking  ] GC(178) Concurrent Rebuild Remembered Sets
[39.155s][info][gc,marking  ] GC(178) Concurrent Rebuild Remembered Sets 4.709ms
[39.158s][info][gc,start    ] GC(178) Pause Cleanup
[39.158s][info][gc          ] GC(178) Pause Cleanup 42M->42M(114M) 0.144ms
[39.158s][info][gc,cpu      ] GC(178) User=0.00s Sys=0.00s Real=0.00s
[39.166s][info][gc,marking  ] GC(178) Concurrent Cleanup for Next Mark
[39.166s][info][gc,marking  ] GC(178) Concurrent Cleanup for Next Mark 0.135ms
[39.166s][info][gc          ] GC(178) Concurrent Mark Cycle 36.116ms
[39.266s][info][gc,start    ] GC(179) Pause Young (Concurrent Start) (G1 Humongous Allocation)
[39.266s][info][gc,task     ] GC(179) Using 6 workers of 6 for evacuation
[39.267s][info][gc,phases   ] GC(179)   Pre Evacuate Collection Set: 0.1ms
[39.267s][info][gc,phases   ] GC(179)   Merge Heap Roots: 0.0ms
[39.267s][info][gc,phases   ] GC(179)   Evacuate Collection Set: 0.8ms
[39.267s][info][gc,phases   ] GC(179)   Post Evacuate Collection Set: 0.3ms
[39.267s][info][gc,phases   ] GC(179)   Other: 0.2ms
[39.267s][info][gc,heap     ] GC(179) Eden regions: 14->0(55)
[39.267s][info][gc,heap     ] GC(179) Survivor regions: 2->2(8)
[39.267s][info][gc,heap     ] GC(179) Old regions: 25->25
[39.267s][info][gc,heap     ] GC(179) Archive regions: 0->0
[39.267s][info][gc,heap     ] GC(179) Humongous regions: 24->12
[39.267s][info][gc,metaspace] GC(179) Metaspace: 36153K(36480K)->36153K(36480K) NonClass: 32162K(32320K)->32162K(32320K) Class: 3991K(4160K)->3991K(4160K)
[39.267s][info][gc          ] GC(179) Pause Young (Concurrent Start) (G1 Humongous Allocation) 62M->37M(114M) 1.617ms
[39.267s][info][gc,cpu      ] GC(179) User=0.00s Sys=0.00s Real=0.00s
[39.267s][info][gc          ] GC(180) Concurrent Undo Cycle
[39.267s][info][gc,marking  ] GC(180) Concurrent Cleanup for Next Mark
[39.267s][info][gc,marking  ] GC(180) Concurrent Cleanup for Next Mark 0.075ms
[39.267s][info][gc          ] GC(180) Concurrent Undo Cycle 0.112ms
[39.373s][info][gc,start    ] GC(181) Pause Young (Concurrent Start) (GCLocker Initiated GC)
[39.373s][info][gc,task     ] GC(181) Using 6 workers of 6 for evacuation
[39.374s][info][gc,phases   ] GC(181)   Pre Evacuate Collection Set: 0.1ms
[39.374s][info][gc,phases   ] GC(181)   Merge Heap Roots: 0.0ms
[39.374s][info][gc,phases   ] GC(181)   Evacuate Collection Set: 0.6ms
[39.374s][info][gc,phases   ] GC(181)   Post Evacuate Collection Set: 0.3ms
[39.374s][info][gc,phases   ] GC(181)   Other: 0.2ms
[39.374s][info][gc,heap     ] GC(181) Eden regions: 9->0(55)
[39.374s][info][gc,heap     ] GC(181) Survivor regions: 2->2(8)
[39.374s][info][gc,heap     ] GC(181) Old regions: 25->25
[39.374s][info][gc,heap     ] GC(181) Archive regions: 0->0
[39.374s][info][gc,heap     ] GC(181) Humongous regions: 24->12
[39.374s][info][gc,metaspace] GC(181) Metaspace: 36158K(36480K)->36158K(36480K) NonClass: 32167K(32320K)->32167K(32320K) Class: 3991K(4160K)->3991K(4160K)
[39.374s][info][gc          ] GC(181) Pause Young (Concurrent Start) (GCLocker Initiated GC) 57M->37M(114M) 1.335ms
[39.374s][info][gc,cpu      ] GC(181) User=0.00s Sys=0.00s Real=0.00s
[39.374s][info][gc          ] GC(182) Concurrent Mark Cycle
[39.374s][info][gc,marking  ] GC(182) Concurrent Clear Claimed Marks
[39.374s][info][gc,marking  ] GC(182) Concurrent Clear Claimed Marks 0.024ms
[39.374s][info][gc,marking  ] GC(182) Concurrent Scan Root Regions
[39.375s][info][gc,marking  ] GC(182) Concurrent Scan Root Regions 0.661ms
[39.375s][info][gc,marking  ] GC(182) Concurrent Mark
[39.375s][info][gc,marking  ] GC(182) Concurrent Mark From Roots
[39.375s][info][gc,task     ] GC(182) Using 2 workers of 2 for marking
[39.383s][info][gc,marking  ] GC(182) Concurrent Mark From Roots 8.343ms
[39.383s][info][gc,marking  ] GC(182) Concurrent Preclean
[39.383s][info][gc,marking  ] GC(182) Concurrent Preclean 0.086ms
[39.383s][info][gc,start    ] GC(182) Pause Remark
[39.385s][info][gc          ] GC(182) Pause Remark 42M->42M(114M) 1.916ms
[39.385s][info][gc,cpu      ] GC(182) User=0.00s Sys=0.00s Real=0.00s
[39.385s][info][gc,marking  ] GC(182) Concurrent Mark 10.710ms
[39.385s][info][gc,marking  ] GC(182) Concurrent Rebuild Remembered Sets
[39.390s][info][gc,marking  ] GC(182) Concurrent Rebuild Remembered Sets 4.420ms
[39.390s][info][gc,start    ] GC(182) Pause Cleanup
[39.390s][info][gc          ] GC(182) Pause Cleanup 43M->43M(114M) 0.084ms
[39.390s][info][gc,cpu      ] GC(182) User=0.00s Sys=0.00s Real=0.00s
[39.390s][info][gc,marking  ] GC(182) Concurrent Cleanup for Next Mark
[39.390s][info][gc,marking  ] GC(182) Concurrent Cleanup for Next Mark 0.124ms
[39.390s][info][gc          ] GC(182) Concurrent Mark Cycle 16.462ms
[39.482s][info][gc,start    ] GC(183) Pause Young (Concurrent Start) (GCLocker Initiated GC)
[39.482s][info][gc,task     ] GC(183) Using 6 workers of 6 for evacuation
[39.483s][info][gc,phases   ] GC(183)   Pre Evacuate Collection Set: 0.1ms
[39.483s][info][gc,phases   ] GC(183)   Merge Heap Roots: 0.0ms
[39.483s][info][gc,phases   ] GC(183)   Evacuate Collection Set: 0.6ms
[39.483s][info][gc,phases   ] GC(183)   Post Evacuate Collection Set: 0.3ms
[39.483s][info][gc,phases   ] GC(183)   Other: 0.2ms
[39.483s][info][gc,heap     ] GC(183) Eden regions: 14->0(56)
[39.483s][info][gc,heap     ] GC(183) Survivor regions: 2->2(8)
[39.483s][info][gc,heap     ] GC(183) Old regions: 25->25
[39.483s][info][gc,heap     ] GC(183) Archive regions: 0->0
[39.483s][info][gc,heap     ] GC(183) Humongous regions: 24->12
[39.483s][info][gc,metaspace] GC(183) Metaspace: 36163K(36480K)->36163K(36480K) NonClass: 32171K(32320K)->32171K(32320K) Class: 3991K(4160K)->3991K(4160K)
[39.483s][info][gc          ] GC(183) Pause Young (Concurrent Start) (GCLocker Initiated GC) 62M->37M(114M) 1.302ms
[39.483s][info][gc,cpu      ] GC(183) User=0.00s Sys=0.00s Real=0.00s
[39.483s][info][gc          ] GC(184) Concurrent Mark Cycle
[39.483s][info][gc,marking  ] GC(184) Concurrent Clear Claimed Marks
[39.483s][info][gc,marking  ] GC(184) Concurrent Clear Claimed Marks 0.025ms
[39.483s][info][gc,marking  ] GC(184) Concurrent Scan Root Regions
[39.484s][info][gc,marking  ] GC(184) Concurrent Scan Root Regions 0.550ms
[39.484s][info][gc,marking  ] GC(184) Concurrent Mark
[39.484s][info][gc,marking  ] GC(184) Concurrent Mark From Roots
[39.484s][info][gc,task     ] GC(184) Using 2 workers of 2 for marking
[39.493s][info][gc,marking  ] GC(184) Concurrent Mark From Roots 9.239ms
[39.493s][info][gc,marking  ] GC(184) Concurrent Preclean
[39.493s][info][gc,marking  ] GC(184) Concurrent Preclean 0.119ms
[39.493s][info][gc,start    ] GC(184) Pause Remark
[39.496s][info][gc          ] GC(184) Pause Remark 42M->42M(114M) 2.708ms
[39.496s][info][gc,cpu      ] GC(184) User=0.00s Sys=0.00s Real=0.00s
[39.496s][info][gc,marking  ] GC(184) Concurrent Mark 12.764ms
[39.496s][info][gc,marking  ] GC(184) Concurrent Rebuild Remembered Sets
[39.502s][info][gc,marking  ] GC(184) Concurrent Rebuild Remembered Sets 5.652ms
[39.502s][info][gc,start    ] GC(184) Pause Cleanup
[39.502s][info][gc          ] GC(184) Pause Cleanup 43M->43M(114M) 0.089ms
[39.502s][info][gc,cpu      ] GC(184) User=0.00s Sys=0.00s Real=0.00s
[39.503s][info][gc,marking  ] GC(184) Concurrent Cleanup for Next Mark
[39.503s][info][gc,marking  ] GC(184) Concurrent Cleanup for Next Mark 0.087ms
[39.503s][info][gc          ] GC(184) Concurrent Mark Cycle 19.652ms
[39.804s][info][gc,start    ] GC(185) Pause Young (Prepare Mixed) (GCLocker Initiated GC)
[39.804s][info][gc,task     ] GC(185) Using 6 workers of 6 for evacuation
[39.806s][info][gc,phases   ] GC(185)   Pre Evacuate Collection Set: 0.1ms
[39.806s][info][gc,phases   ] GC(185)   Merge Heap Roots: 0.2ms
[39.806s][info][gc,phases   ] GC(185)   Evacuate Collection Set: 0.8ms
[39.806s][info][gc,phases   ] GC(185)   Post Evacuate Collection Set: 0.3ms
[39.806s][info][gc,phases   ] GC(185)   Other: 0.2ms
[39.806s][info][gc,heap     ] GC(185) Eden regions: 35->0(3)
[39.806s][info][gc,heap     ] GC(185) Survivor regions: 2->2(8)
[39.806s][info][gc,heap     ] GC(185) Old regions: 25->25
[39.806s][info][gc,heap     ] GC(185) Archive regions: 0->0
[39.806s][info][gc,heap     ] GC(185) Humongous regions: 48->12
[39.806s][info][gc,metaspace] GC(185) Metaspace: 36205K(36544K)->36205K(36544K) NonClass: 32214K(32384K)->32214K(32384K) Class: 3991K(4160K)->3991K(4160K)
[39.806s][info][gc          ] GC(185) Pause Young (Prepare Mixed) (GCLocker Initiated GC) 108M->37M(114M) 1.695ms
[39.806s][info][gc,cpu      ] GC(185) User=0.00s Sys=0.00s Real=0.00s
[39.813s][info][gc,start    ] GC(186) Pause Young (Mixed) (GCLocker Initiated GC)
[39.813s][info][gc,task     ] GC(186) Using 6 workers of 6 for evacuation
[39.814s][info][gc,phases   ] GC(186)   Pre Evacuate Collection Set: 0.1ms
[39.814s][info][gc,phases   ] GC(186)   Merge Heap Roots: 0.0ms
[39.814s][info][gc,phases   ] GC(186)   Evacuate Collection Set: 0.5ms
[39.814s][info][gc,phases   ] GC(186)   Post Evacuate Collection Set: 0.2ms
[39.814s][info][gc,phases   ] GC(186)   Other: 0.2ms
[39.814s][info][gc,heap     ] GC(186) Eden regions: 4->0(53)
[39.814s][info][gc,heap     ] GC(186) Survivor regions: 2->1(1)
[39.814s][info][gc,heap     ] GC(186) Old regions: 25->25
[39.814s][info][gc,heap     ] GC(186) Archive regions: 0->0
[39.814s][info][gc,heap     ] GC(186) Humongous regions: 16->16
[39.814s][info][gc,metaspace] GC(186) Metaspace: 36205K(36544K)->36205K(36544K) NonClass: 32214K(32384K)->32214K(32384K) Class: 3991K(4160K)->3991K(4160K)
[39.814s][info][gc          ] GC(186) Pause Young (Mixed) (GCLocker Initiated GC) 45M->41M(114M) 1.115ms
[39.814s][info][gc,cpu      ] GC(186) User=0.00s Sys=0.00s Real=0.00s
[39.913s][info][gc,start    ] GC(187) Pause Young (Concurrent Start) (GCLocker Initiated GC)
[39.913s][info][gc,task     ] GC(187) Using 6 workers of 6 for evacuation
[39.914s][info][gc,phases   ] GC(187)   Pre Evacuate Collection Set: 0.1ms
[39.914s][info][gc,phases   ] GC(187)   Merge Heap Roots: 0.0ms
[39.914s][info][gc,phases   ] GC(187)   Evacuate Collection Set: 0.6ms
[39.914s][info][gc,phases   ] GC(187)   Post Evacuate Collection Set: 0.3ms
[39.914s][info][gc,phases   ] GC(187)   Other: 0.2ms
[39.914s][info][gc,heap     ] GC(187) Eden regions: 10->0(54)
[39.914s][info][gc,heap     ] GC(187) Survivor regions: 1->1(7)
[39.914s][info][gc,heap     ] GC(187) Old regions: 25->25
[39.914s][info][gc,heap     ] GC(187) Archive regions: 0->0
[39.914s][info][gc,heap     ] GC(187) Humongous regions: 24->16
[39.914s][info][gc,metaspace] GC(187) Metaspace: 36205K(36544K)->36205K(36544K) NonClass: 32214K(32384K)->32214K(32384K) Class: 3991K(4160K)->3991K(4160K)
[39.914s][info][gc          ] GC(187) Pause Young (Concurrent Start) (GCLocker Initiated GC) 58M->40M(114M) 1.242ms
[39.914s][info][gc,cpu      ] GC(187) User=0.00s Sys=0.00s Real=0.00s
[39.914s][info][gc          ] GC(188) Concurrent Mark Cycle
[39.914s][info][gc,marking  ] GC(188) Concurrent Clear Claimed Marks
[39.914s][info][gc,marking  ] GC(188) Concurrent Clear Claimed Marks 0.015ms
[39.914s][info][gc,marking  ] GC(188) Concurrent Scan Root Regions
[39.915s][info][gc,marking  ] GC(188) Concurrent Scan Root Regions 0.624ms
[39.915s][info][gc,marking  ] GC(188) Concurrent Mark
[39.915s][info][gc,marking  ] GC(188) Concurrent Mark From Roots
[39.915s][info][gc,task     ] GC(188) Using 2 workers of 2 for marking
[39.924s][info][gc,marking  ] GC(188) Concurrent Mark From Roots 9.008ms
[39.924s][info][gc,marking  ] GC(188) Concurrent Preclean
[39.924s][info][gc,marking  ] GC(188) Concurrent Preclean 0.165ms
[39.924s][info][gc,start    ] GC(188) Pause Remark
[39.926s][info][gc          ] GC(188) Pause Remark 46M->46M(114M) 1.973ms
[39.926s][info][gc,cpu      ] GC(188) User=0.00s Sys=0.00s Real=0.00s
[39.927s][info][gc,marking  ] GC(188) Concurrent Mark 11.736ms
[39.927s][info][gc,marking  ] GC(188) Concurrent Rebuild Remembered Sets
[39.931s][info][gc,marking  ] GC(188) Concurrent Rebuild Remembered Sets 4.787ms
[39.932s][info][gc,start    ] GC(188) Pause Cleanup
[39.932s][info][gc          ] GC(188) Pause Cleanup 47M->47M(114M) 0.083ms
[39.932s][info][gc,cpu      ] GC(188) User=0.00s Sys=0.00s Real=0.00s
[39.932s][info][gc,marking  ] GC(188) Concurrent Cleanup for Next Mark
[39.932s][info][gc,marking  ] GC(188) Concurrent Cleanup for Next Mark 0.075ms
[39.932s][info][gc          ] GC(188) Concurrent Mark Cycle 17.715ms
[40.021s][info][gc,start    ] GC(189) Pause Young (Concurrent Start) (GCLocker Initiated GC)
[40.021s][info][gc,task     ] GC(189) Using 6 workers of 6 for evacuation
[40.022s][info][gc,phases   ] GC(189)   Pre Evacuate Collection Set: 0.1ms
[40.022s][info][gc,phases   ] GC(189)   Merge Heap Roots: 0.0ms
[40.022s][info][gc,phases   ] GC(189)   Evacuate Collection Set: 0.8ms
[40.022s][info][gc,phases   ] GC(189)   Post Evacuate Collection Set: 0.4ms
[40.022s][info][gc,phases   ] GC(189)   Other: 0.3ms
[40.022s][info][gc,heap     ] GC(189) Eden regions: 14->0(58)
[40.022s][info][gc,heap     ] GC(189) Survivor regions: 1->1(7)
[40.022s][info][gc,heap     ] GC(189) Old regions: 25->25
[40.022s][info][gc,heap     ] GC(189) Archive regions: 0->0
[40.022s][info][gc,heap     ] GC(189) Humongous regions: 24->12
[40.022s][info][gc,metaspace] GC(189) Metaspace: 36205K(36544K)->36205K(36544K) NonClass: 32214K(32384K)->32214K(32384K) Class: 3991K(4160K)->3991K(4160K)
[40.022s][info][gc          ] GC(189) Pause Young (Concurrent Start) (GCLocker Initiated GC) 62M->36M(114M) 1.767ms
[40.023s][info][gc,cpu      ] GC(189) User=0.00s Sys=0.00s Real=0.00s
[40.023s][info][gc          ] GC(190) Concurrent Mark Cycle
[40.023s][info][gc,marking  ] GC(190) Concurrent Clear Claimed Marks
[40.023s][info][gc,marking  ] GC(190) Concurrent Clear Claimed Marks 0.037ms
[40.023s][info][gc,marking  ] GC(190) Concurrent Scan Root Regions
[40.023s][info][gc,marking  ] GC(190) Concurrent Scan Root Regions 0.547ms
[40.023s][info][gc,marking  ] GC(190) Concurrent Mark
[40.023s][info][gc,marking  ] GC(190) Concurrent Mark From Roots
[40.023s][info][gc,task     ] GC(190) Using 2 workers of 2 for marking
[40.032s][info][gc,marking  ] GC(190) Concurrent Mark From Roots 8.819ms
[40.032s][info][gc,marking  ] GC(190) Concurrent Preclean
[40.032s][info][gc,marking  ] GC(190) Concurrent Preclean 0.099ms
[40.032s][info][gc,start    ] GC(190) Pause Remark
[40.034s][info][gc          ] GC(190) Pause Remark 46M->46M(114M) 1.938ms
[40.034s][info][gc,cpu      ] GC(190) User=0.00s Sys=0.00s Real=0.00s
[40.035s][info][gc,marking  ] GC(190) Concurrent Mark 11.327ms
[40.035s][info][gc,marking  ] GC(190) Concurrent Rebuild Remembered Sets
[40.039s][info][gc,marking  ] GC(190) Concurrent Rebuild Remembered Sets 4.708ms
[40.039s][info][gc,start    ] GC(190) Pause Cleanup
[40.040s][info][gc          ] GC(190) Pause Cleanup 46M->46M(114M) 0.075ms
[40.040s][info][gc,cpu      ] GC(190) User=0.00s Sys=0.00s Real=0.00s
[40.040s][info][gc,marking  ] GC(190) Concurrent Cleanup for Next Mark
[40.040s][info][gc,marking  ] GC(190) Concurrent Cleanup for Next Mark 0.077ms
[40.040s][info][gc          ] GC(190) Concurrent Mark Cycle 17.234ms
[40.133s][info][gc,start    ] GC(191) Pause Young (Concurrent Start) (GCLocker Initiated GC)
[40.133s][info][gc,task     ] GC(191) Using 6 workers of 6 for evacuation
[40.135s][info][gc,phases   ] GC(191)   Pre Evacuate Collection Set: 0.1ms
[40.135s][info][gc,phases   ] GC(191)   Merge Heap Roots: 0.0ms
[40.135s][info][gc,phases   ] GC(191)   Evacuate Collection Set: 0.8ms
[40.135s][info][gc,phases   ] GC(191)   Post Evacuate Collection Set: 0.4ms
[40.135s][info][gc,phases   ] GC(191)   Other: 0.2ms
[40.135s][info][gc,heap     ] GC(191) Eden regions: 14->0(62)
[40.135s][info][gc,heap     ] GC(191) Survivor regions: 1->1(8)
[40.135s][info][gc,heap     ] GC(191) Old regions: 25->25
[40.135s][info][gc,heap     ] GC(191) Archive regions: 0->0
[40.135s][info][gc,heap     ] GC(191) Humongous regions: 24->8
[40.135s][info][gc,metaspace] GC(191) Metaspace: 36213K(36544K)->36213K(36544K) NonClass: 32222K(32384K)->32222K(32384K) Class: 3991K(4160K)->3991K(4160K)
[40.135s][info][gc          ] GC(191) Pause Young (Concurrent Start) (GCLocker Initiated GC) 62M->32M(114M) 1.621ms
[40.135s][info][gc,cpu      ] GC(191) User=0.00s Sys=0.00s Real=0.00s
[40.135s][info][gc          ] GC(192) Concurrent Mark Cycle
[40.135s][info][gc,marking  ] GC(192) Concurrent Clear Claimed Marks
[40.135s][info][gc,marking  ] GC(192) Concurrent Clear Claimed Marks 0.022ms
[40.135s][info][gc,marking  ] GC(192) Concurrent Scan Root Regions
[40.136s][info][gc,marking  ] GC(192) Concurrent Scan Root Regions 0.589ms
[40.136s][info][gc,marking  ] GC(192) Concurrent Mark
[40.136s][info][gc,marking  ] GC(192) Concurrent Mark From Roots
[40.136s][info][gc,task     ] GC(192) Using 2 workers of 2 for marking
[40.145s][info][gc,marking  ] GC(192) Concurrent Mark From Roots 8.776ms
[40.145s][info][gc,marking  ] GC(192) Concurrent Preclean
[40.145s][info][gc,marking  ] GC(192) Concurrent Preclean 0.134ms
[40.145s][info][gc,start    ] GC(192) Pause Remark
[40.147s][info][gc          ] GC(192) Pause Remark 42M->42M(114M) 1.797ms
[40.147s][info][gc,cpu      ] GC(192) User=0.09s Sys=0.00s Real=0.00s
[40.147s][info][gc,marking  ] GC(192) Concurrent Mark 11.147ms
[40.147s][info][gc,marking  ] GC(192) Concurrent Rebuild Remembered Sets
[40.151s][info][gc,marking  ] GC(192) Concurrent Rebuild Remembered Sets 4.087ms
[40.151s][info][gc,start    ] GC(192) Pause Cleanup
[40.151s][info][gc          ] GC(192) Pause Cleanup 43M->43M(114M) 0.122ms
[40.151s][info][gc,cpu      ] GC(192) User=0.00s Sys=0.00s Real=0.00s
[40.151s][info][gc,marking  ] GC(192) Concurrent Cleanup for Next Mark
[40.152s][info][gc,marking  ] GC(192) Concurrent Cleanup for Next Mark 0.113ms
[40.152s][info][gc          ] GC(192) Concurrent Mark Cycle 16.501ms
[40.241s][info][gc,start    ] GC(193) Pause Young (Concurrent Start) (GCLocker Initiated GC)
[40.241s][info][gc,task     ] GC(193) Using 6 workers of 6 for evacuation
[40.243s][info][gc,phases   ] GC(193)   Pre Evacuate Collection Set: 0.2ms
[40.243s][info][gc,phases   ] GC(193)   Merge Heap Roots: 0.1ms
[40.243s][info][gc,phases   ] GC(193)   Evacuate Collection Set: 0.6ms
[40.243s][info][gc,phases   ] GC(193)   Post Evacuate Collection Set: 0.6ms
[40.243s][info][gc,phases   ] GC(193)   Other: 0.2ms
[40.243s][info][gc,heap     ] GC(193) Eden regions: 14->0(59)
[40.243s][info][gc,heap     ] GC(193) Survivor regions: 1->1(8)
[40.243s][info][gc,heap     ] GC(193) Old regions: 25->25
[40.243s][info][gc,heap     ] GC(193) Archive regions: 0->0
[40.243s][info][gc,heap     ] GC(193) Humongous regions: 24->12
[40.243s][info][gc,metaspace] GC(193) Metaspace: 36214K(36544K)->36214K(36544K) NonClass: 32222K(32384K)->32222K(32384K) Class: 3991K(4160K)->3991K(4160K)
[40.243s][info][gc          ] GC(193) Pause Young (Concurrent Start) (GCLocker Initiated GC) 61M->36M(114M) 1.755ms
[40.243s][info][gc,cpu      ] GC(193) User=0.00s Sys=0.00s Real=0.00s
[40.243s][info][gc          ] GC(194) Concurrent Mark Cycle
[40.243s][info][gc,marking  ] GC(194) Concurrent Clear Claimed Marks
[40.243s][info][gc,marking  ] GC(194) Concurrent Clear Claimed Marks 0.021ms
[40.243s][info][gc,marking  ] GC(194) Concurrent Scan Root Regions
[40.244s][info][gc,marking  ] GC(194) Concurrent Scan Root Regions 0.621ms
[40.244s][info][gc,marking  ] GC(194) Concurrent Mark
[40.244s][info][gc,marking  ] GC(194) Concurrent Mark From Roots
[40.244s][info][gc,task     ] GC(194) Using 2 workers of 2 for marking
[40.253s][info][gc,marking  ] GC(194) Concurrent Mark From Roots 8.705ms
[40.253s][info][gc,marking  ] GC(194) Concurrent Preclean
[40.253s][info][gc,marking  ] GC(194) Concurrent Preclean 0.088ms
[40.253s][info][gc,start    ] GC(194) Pause Remark
[40.256s][info][gc          ] GC(194) Pause Remark 42M->42M(114M) 2.634ms
[40.256s][info][gc,cpu      ] GC(194) User=0.02s Sys=0.00s Real=0.00s
[40.256s][info][gc,marking  ] GC(194) Concurrent Mark 12.048ms
[40.256s][info][gc,marking  ] GC(194) Concurrent Rebuild Remembered Sets
[40.260s][info][gc,marking  ] GC(194) Concurrent Rebuild Remembered Sets 4.535ms
[40.261s][info][gc,start    ] GC(194) Pause Cleanup
[40.261s][info][gc          ] GC(194) Pause Cleanup 43M->43M(114M) 0.092ms
[40.261s][info][gc,cpu      ] GC(194) User=0.00s Sys=0.00s Real=0.00s
[40.261s][info][gc,marking  ] GC(194) Concurrent Cleanup for Next Mark
[40.261s][info][gc,marking  ] GC(194) Concurrent Cleanup for Next Mark 0.111ms
[40.261s][info][gc          ] GC(194) Concurrent Mark Cycle 18.401ms
[40.347s][info][gc,start    ] GC(195) Pause Young (Concurrent Start) (GCLocker Initiated GC)
[40.347s][info][gc,task     ] GC(195) Using 6 workers of 6 for evacuation
[40.349s][info][gc,phases   ] GC(195)   Pre Evacuate Collection Set: 0.2ms
[40.349s][info][gc,phases   ] GC(195)   Merge Heap Roots: 0.1ms
[40.349s][info][gc,phases   ] GC(195)   Evacuate Collection Set: 0.6ms
[40.349s][info][gc,phases   ] GC(195)   Post Evacuate Collection Set: 0.4ms
[40.349s][info][gc,phases   ] GC(195)   Other: 0.2ms
[40.349s][info][gc,heap     ] GC(195) Eden regions: 9->0(58)
[40.349s][info][gc,heap     ] GC(195) Survivor regions: 1->1(8)
[40.349s][info][gc,heap     ] GC(195) Old regions: 25->25
[40.349s][info][gc,heap     ] GC(195) Archive regions: 0->0
[40.349s][info][gc,heap     ] GC(195) Humongous regions: 24->12
[40.349s][info][gc,metaspace] GC(195) Metaspace: 36214K(36544K)->36214K(36544K) NonClass: 32222K(32384K)->32222K(32384K) Class: 3991K(4160K)->3991K(4160K)
[40.349s][info][gc          ] GC(195) Pause Young (Concurrent Start) (GCLocker Initiated GC) 57M->36M(114M) 1.515ms
[40.349s][info][gc,cpu      ] GC(195) User=0.03s Sys=0.00s Real=0.00s
[40.349s][info][gc          ] GC(196) Concurrent Mark Cycle
[40.349s][info][gc,marking  ] GC(196) Concurrent Clear Claimed Marks
[40.349s][info][gc,marking  ] GC(196) Concurrent Clear Claimed Marks 0.021ms
[40.349s][info][gc,marking  ] GC(196) Concurrent Scan Root Regions
[40.350s][info][gc,marking  ] GC(196) Concurrent Scan Root Regions 0.833ms
[40.350s][info][gc,marking  ] GC(196) Concurrent Mark
[40.350s][info][gc,marking  ] GC(196) Concurrent Mark From Roots
[40.350s][info][gc,task     ] GC(196) Using 2 workers of 2 for marking
[40.359s][info][gc,marking  ] GC(196) Concurrent Mark From Roots 8.731ms
[40.359s][info][gc,marking  ] GC(196) Concurrent Preclean
[40.359s][info][gc,marking  ] GC(196) Concurrent Preclean 0.079ms
[40.359s][info][gc,start    ] GC(196) Pause Remark
[40.363s][info][gc          ] GC(196) Pause Remark 42M->42M(114M) 4.211ms
[40.363s][info][gc,cpu      ] GC(196) User=0.00s Sys=0.00s Real=0.00s
[40.363s][info][gc,marking  ] GC(196) Concurrent Mark 13.451ms
[40.363s][info][gc,marking  ] GC(196) Concurrent Rebuild Remembered Sets
[40.367s][info][gc,marking  ] GC(196) Concurrent Rebuild Remembered Sets 3.840ms
[40.368s][info][gc,start    ] GC(196) Pause Cleanup
[40.368s][info][gc          ] GC(196) Pause Cleanup 43M->43M(114M) 0.131ms
[40.368s][info][gc,cpu      ] GC(196) User=0.00s Sys=0.00s Real=0.00s
[40.368s][info][gc,marking  ] GC(196) Concurrent Cleanup for Next Mark
[40.368s][info][gc,marking  ] GC(196) Concurrent Cleanup for Next Mark 0.126ms
[40.368s][info][gc          ] GC(196) Concurrent Mark Cycle 18.895ms
[40.455s][info][gc,start    ] GC(197) Pause Young (Concurrent Start) (GCLocker Initiated GC)
[40.455s][info][gc,task     ] GC(197) Using 6 workers of 6 for evacuation
[40.456s][info][gc,phases   ] GC(197)   Pre Evacuate Collection Set: 0.2ms
[40.456s][info][gc,phases   ] GC(197)   Merge Heap Roots: 0.0ms
[40.456s][info][gc,phases   ] GC(197)   Evacuate Collection Set: 0.7ms
[40.456s][info][gc,phases   ] GC(197)   Post Evacuate Collection Set: 0.2ms
[40.456s][info][gc,phases   ] GC(197)   Other: 0.4ms
[40.456s][info][gc,heap     ] GC(197) Eden regions: 13->0(58)
[40.456s][info][gc,heap     ] GC(197) Survivor regions: 1->1(8)
[40.456s][info][gc,heap     ] GC(197) Old regions: 25->25
[40.456s][info][gc,heap     ] GC(197) Archive regions: 0->0
[40.456s][info][gc,heap     ] GC(197) Humongous regions: 24->12
[40.456s][info][gc,metaspace] GC(197) Metaspace: 36219K(36544K)->36219K(36544K) NonClass: 32227K(32384K)->32227K(32384K) Class: 3991K(4160K)->3991K(4160K)
[40.456s][info][gc          ] GC(197) Pause Young (Concurrent Start) (GCLocker Initiated GC) 61M->36M(114M) 1.569ms
[40.456s][info][gc,cpu      ] GC(197) User=0.00s Sys=0.00s Real=0.00s
[40.456s][info][gc          ] GC(198) Concurrent Mark Cycle
[40.456s][info][gc,marking  ] GC(198) Concurrent Clear Claimed Marks
[40.456s][info][gc,marking  ] GC(198) Concurrent Clear Claimed Marks 0.027ms
[40.456s][info][gc,marking  ] GC(198) Concurrent Scan Root Regions
[40.457s][info][gc,marking  ] GC(198) Concurrent Scan Root Regions 0.519ms
[40.457s][info][gc,marking  ] GC(198) Concurrent Mark
[40.457s][info][gc,marking  ] GC(198) Concurrent Mark From Roots
[40.457s][info][gc,task     ] GC(198) Using 2 workers of 2 for marking
[40.465s][info][gc,marking  ] GC(198) Concurrent Mark From Roots 8.636ms
[40.466s][info][gc,marking  ] GC(198) Concurrent Preclean
[40.466s][info][gc,marking  ] GC(198) Concurrent Preclean 0.124ms
[40.466s][info][gc,start    ] GC(198) Pause Remark
[40.468s][info][gc          ] GC(198) Pause Remark 41M->41M(114M) 2.538ms
[40.468s][info][gc,cpu      ] GC(198) User=0.00s Sys=0.00s Real=0.00s
[40.469s][info][gc,marking  ] GC(198) Concurrent Mark 11.772ms
[40.469s][info][gc,marking  ] GC(198) Concurrent Rebuild Remembered Sets
[40.473s][info][gc,marking  ] GC(198) Concurrent Rebuild Remembered Sets 4.771ms
[40.474s][info][gc,start    ] GC(198) Pause Cleanup
[40.474s][info][gc          ] GC(198) Pause Cleanup 42M->42M(114M) 0.084ms
[40.474s][info][gc,cpu      ] GC(198) User=0.00s Sys=0.02s Real=0.00s
[40.474s][info][gc,marking  ] GC(198) Concurrent Cleanup for Next Mark
[40.474s][info][gc,marking  ] GC(198) Concurrent Cleanup for Next Mark 0.094ms
[40.474s][info][gc          ] GC(198) Concurrent Mark Cycle 17.794ms
[40.565s][info][gc,start    ] GC(199) Pause Young (Concurrent Start) (GCLocker Initiated GC)
[40.565s][info][gc,task     ] GC(199) Using 6 workers of 6 for evacuation
[40.566s][info][gc,phases   ] GC(199)   Pre Evacuate Collection Set: 0.2ms
[40.566s][info][gc,phases   ] GC(199)   Merge Heap Roots: 0.1ms
[40.566s][info][gc,phases   ] GC(199)   Evacuate Collection Set: 0.6ms
[40.566s][info][gc,phases   ] GC(199)   Post Evacuate Collection Set: 0.4ms
[40.566s][info][gc,phases   ] GC(199)   Other: 0.2ms
[40.566s][info][gc,heap     ] GC(199) Eden regions: 9->0(59)
[40.566s][info][gc,heap     ] GC(199) Survivor regions: 1->1(8)
[40.566s][info][gc,heap     ] GC(199) Old regions: 25->25
[40.566s][info][gc,heap     ] GC(199) Archive regions: 0->0
[40.566s][info][gc,heap     ] GC(199) Humongous regions: 24->12
[40.566s][info][gc,metaspace] GC(199) Metaspace: 36219K(36544K)->36219K(36544K) NonClass: 32228K(32384K)->32228K(32384K) Class: 3991K(4160K)->3991K(4160K)
[40.566s][info][gc          ] GC(199) Pause Young (Concurrent Start) (GCLocker Initiated GC) 57M->36M(114M) 1.638ms
[40.567s][info][gc,cpu      ] GC(199) User=0.00s Sys=0.00s Real=0.00s
[40.567s][info][gc          ] GC(200) Concurrent Mark Cycle
[40.567s][info][gc,marking  ] GC(200) Concurrent Clear Claimed Marks
[40.567s][info][gc,marking  ] GC(200) Concurrent Clear Claimed Marks 0.023ms
[40.567s][info][gc,marking  ] GC(200) Concurrent Scan Root Regions
[40.567s][info][gc,marking  ] GC(200) Concurrent Scan Root Regions 0.514ms
[40.567s][info][gc,marking  ] GC(200) Concurrent Mark
[40.567s][info][gc,marking  ] GC(200) Concurrent Mark From Roots
[40.567s][info][gc,task     ] GC(200) Using 2 workers of 2 for marking
[40.578s][info][gc,marking  ] GC(200) Concurrent Mark From Roots 10.382ms
[40.578s][info][gc,marking  ] GC(200) Concurrent Preclean
[40.578s][info][gc,marking  ] GC(200) Concurrent Preclean 0.103ms
[40.578s][info][gc,start    ] GC(200) Pause Remark
[40.580s][info][gc          ] GC(200) Pause Remark 47M->47M(114M) 1.991ms
[40.580s][info][gc,cpu      ] GC(200) User=0.00s Sys=0.00s Real=0.00s
[40.580s][info][gc,marking  ] GC(200) Concurrent Mark 12.883ms
[40.580s][info][gc,marking  ] GC(200) Concurrent Rebuild Remembered Sets
[40.585s][info][gc,marking  ] GC(200) Concurrent Rebuild Remembered Sets 4.561ms
[40.585s][info][gc,start    ] GC(200) Pause Cleanup
[40.585s][info][gc          ] GC(200) Pause Cleanup 47M->47M(114M) 0.105ms
[40.585s][info][gc,cpu      ] GC(200) User=0.00s Sys=0.00s Real=0.00s
[40.585s][info][gc,marking  ] GC(200) Concurrent Cleanup for Next Mark
[40.585s][info][gc,marking  ] GC(200) Concurrent Cleanup for Next Mark 0.077ms
[40.585s][info][gc          ] GC(200) Concurrent Mark Cycle 18.609ms
[40.679s][info][gc,start    ] GC(201) Pause Young (Concurrent Start) (GCLocker Initiated GC)
[40.679s][info][gc,task     ] GC(201) Using 6 workers of 6 for evacuation
[40.681s][info][gc,phases   ] GC(201)   Pre Evacuate Collection Set: 0.2ms
[40.681s][info][gc,phases   ] GC(201)   Merge Heap Roots: 0.1ms
[40.681s][info][gc,phases   ] GC(201)   Evacuate Collection Set: 0.7ms
[40.681s][info][gc,phases   ] GC(201)   Post Evacuate Collection Set: 0.5ms
[40.681s][info][gc,phases   ] GC(201)   Other: 0.2ms
[40.681s][info][gc,heap     ] GC(201) Eden regions: 14->0(59)
[40.681s][info][gc,heap     ] GC(201) Survivor regions: 1->1(8)
[40.681s][info][gc,heap     ] GC(201) Old regions: 25->25
[40.681s][info][gc,heap     ] GC(201) Archive regions: 0->0
[40.681s][info][gc,heap     ] GC(201) Humongous regions: 24->12
[40.681s][info][gc,metaspace] GC(201) Metaspace: 36219K(36544K)->36219K(36544K) NonClass: 32228K(32384K)->32228K(32384K) Class: 3991K(4160K)->3991K(4160K)
[40.681s][info][gc          ] GC(201) Pause Young (Concurrent Start) (GCLocker Initiated GC) 62M->37M(114M) 1.747ms
[40.681s][info][gc,cpu      ] GC(201) User=0.00s Sys=0.00s Real=0.00s
[40.681s][info][gc          ] GC(202) Concurrent Mark Cycle
[40.681s][info][gc,marking  ] GC(202) Concurrent Clear Claimed Marks
[40.681s][info][gc,marking  ] GC(202) Concurrent Clear Claimed Marks 0.018ms
[40.681s][info][gc,marking  ] GC(202) Concurrent Scan Root Regions
[40.682s][info][gc,marking  ] GC(202) Concurrent Scan Root Regions 0.677ms
[40.682s][info][gc,marking  ] GC(202) Concurrent Mark
[40.682s][info][gc,marking  ] GC(202) Concurrent Mark From Roots
[40.682s][info][gc,task     ] GC(202) Using 2 workers of 2 for marking
[40.691s][info][gc,marking  ] GC(202) Concurrent Mark From Roots 8.951ms
[40.691s][info][gc,marking  ] GC(202) Concurrent Preclean
[40.691s][info][gc,marking  ] GC(202) Concurrent Preclean 0.147ms
[40.691s][info][gc,start    ] GC(202) Pause Remark
[40.693s][info][gc          ] GC(202) Pause Remark 42M->42M(114M) 1.858ms
[40.693s][info][gc,cpu      ] GC(202) User=0.02s Sys=0.00s Real=0.00s
[40.693s][info][gc,marking  ] GC(202) Concurrent Mark 11.364ms
[40.693s][info][gc,marking  ] GC(202) Concurrent Rebuild Remembered Sets
[40.698s][info][gc,marking  ] GC(202) Concurrent Rebuild Remembered Sets 4.973ms
[40.698s][info][gc,start    ] GC(202) Pause Cleanup
[40.698s][info][gc          ] GC(202) Pause Cleanup 43M->43M(114M) 0.127ms
[40.698s][info][gc,cpu      ] GC(202) User=0.00s Sys=0.00s Real=0.00s
[40.698s][info][gc,marking  ] GC(202) Concurrent Cleanup for Next Mark
[40.699s][info][gc,marking  ] GC(202) Concurrent Cleanup for Next Mark 0.135ms
[40.699s][info][gc          ] GC(202) Concurrent Mark Cycle 17.801ms
[40.788s][info][gc,start    ] GC(203) Pause Young (Concurrent Start) (GCLocker Initiated GC)
[40.788s][info][gc,task     ] GC(203) Using 6 workers of 6 for evacuation
[40.789s][info][gc,phases   ] GC(203)   Pre Evacuate Collection Set: 0.2ms
[40.789s][info][gc,phases   ] GC(203)   Merge Heap Roots: 0.0ms
[40.789s][info][gc,phases   ] GC(203)   Evacuate Collection Set: 0.8ms
[40.789s][info][gc,phases   ] GC(203)   Post Evacuate Collection Set: 0.4ms
[40.789s][info][gc,phases   ] GC(203)   Other: 0.2ms
[40.789s][info][gc,heap     ] GC(203) Eden regions: 14->0(59)
[40.789s][info][gc,heap     ] GC(203) Survivor regions: 1->1(8)
[40.789s][info][gc,heap     ] GC(203) Old regions: 25->25
[40.789s][info][gc,heap     ] GC(203) Archive regions: 0->0
[40.790s][info][gc,heap     ] GC(203) Humongous regions: 24->12
[40.790s][info][gc,metaspace] GC(203) Metaspace: 36219K(36544K)->36219K(36544K) NonClass: 32228K(32384K)->32228K(32384K) Class: 3991K(4160K)->3991K(4160K)
[40.790s][info][gc          ] GC(203) Pause Young (Concurrent Start) (GCLocker Initiated GC) 62M->37M(114M) 1.756ms
[40.790s][info][gc,cpu      ] GC(203) User=0.00s Sys=0.00s Real=0.00s
[40.790s][info][gc          ] GC(204) Concurrent Mark Cycle
[40.790s][info][gc,marking  ] GC(204) Concurrent Clear Claimed Marks
[40.790s][info][gc,marking  ] GC(204) Concurrent Clear Claimed Marks 0.032ms
[40.790s][info][gc,marking  ] GC(204) Concurrent Scan Root Regions
[40.790s][info][gc,marking  ] GC(204) Concurrent Scan Root Regions 0.613ms
[40.790s][info][gc,marking  ] GC(204) Concurrent Mark
[40.790s][info][gc,marking  ] GC(204) Concurrent Mark From Roots
[40.790s][info][gc,task     ] GC(204) Using 2 workers of 2 for marking
[40.799s][info][gc,marking  ] GC(204) Concurrent Mark From Roots 9.016ms
[40.799s][info][gc,marking  ] GC(204) Concurrent Preclean
[40.800s][info][gc,marking  ] GC(204) Concurrent Preclean 0.112ms
[40.800s][info][gc,start    ] GC(204) Pause Remark
[40.802s][info][gc          ] GC(204) Pause Remark 42M->42M(114M) 2.145ms
[40.802s][info][gc,cpu      ] GC(204) User=0.06s Sys=0.00s Real=0.00s
[40.802s][info][gc,marking  ] GC(204) Concurrent Mark 11.718ms
[40.802s][info][gc,marking  ] GC(204) Concurrent Rebuild Remembered Sets
[40.807s][info][gc,marking  ] GC(204) Concurrent Rebuild Remembered Sets 4.438ms
[40.807s][info][gc,start    ] GC(204) Pause Cleanup
[40.807s][info][gc          ] GC(204) Pause Cleanup 43M->43M(114M) 0.082ms
[40.807s][info][gc,cpu      ] GC(204) User=0.00s Sys=0.00s Real=0.00s
[40.807s][info][gc,marking  ] GC(204) Concurrent Cleanup for Next Mark
[40.807s][info][gc,marking  ] GC(204) Concurrent Cleanup for Next Mark 0.080ms
[40.807s][info][gc          ] GC(204) Concurrent Mark Cycle 17.525ms
[40.900s][info][gc,start    ] GC(205) Pause Young (Concurrent Start) (G1 Humongous Allocation)
[40.900s][info][gc,task     ] GC(205) Using 6 workers of 6 for evacuation
[40.901s][info][gc,phases   ] GC(205)   Pre Evacuate Collection Set: 0.2ms
[40.901s][info][gc,phases   ] GC(205)   Merge Heap Roots: 0.1ms
[40.901s][info][gc,phases   ] GC(205)   Evacuate Collection Set: 0.7ms
[40.901s][info][gc,phases   ] GC(205)   Post Evacuate Collection Set: 0.4ms
[40.901s][info][gc,phases   ] GC(205)   Other: 0.2ms
[40.901s][info][gc,heap     ] GC(205) Eden regions: 9->0(60)
[40.901s][info][gc,heap     ] GC(205) Survivor regions: 1->1(8)
[40.901s][info][gc,heap     ] GC(205) Old regions: 25->25
[40.901s][info][gc,heap     ] GC(205) Archive regions: 0->0
[40.901s][info][gc,heap     ] GC(205) Humongous regions: 24->12
[40.901s][info][gc,metaspace] GC(205) Metaspace: 36223K(36544K)->36223K(36544K) NonClass: 32231K(32384K)->32231K(32384K) Class: 3991K(4160K)->3991K(4160K)
[40.901s][info][gc          ] GC(205) Pause Young (Concurrent Start) (G1 Humongous Allocation) 57M->37M(114M) 1.682ms
[40.901s][info][gc,cpu      ] GC(205) User=0.00s Sys=0.00s Real=0.00s
[40.901s][info][gc          ] GC(206) Concurrent Undo Cycle
[40.901s][info][gc,marking  ] GC(206) Concurrent Cleanup for Next Mark
[40.901s][info][gc,marking  ] GC(206) Concurrent Cleanup for Next Mark 0.087ms
[40.901s][info][gc          ] GC(206) Concurrent Undo Cycle 0.124ms
[41.002s][info][gc,start    ] GC(207) Pause Young (Concurrent Start) (GCLocker Initiated GC)
[41.002s][info][gc,task     ] GC(207) Using 6 workers of 6 for evacuation
[41.005s][info][gc,phases   ] GC(207)   Pre Evacuate Collection Set: 0.2ms
[41.005s][info][gc,phases   ] GC(207)   Merge Heap Roots: 0.1ms
[41.005s][info][gc,phases   ] GC(207)   Evacuate Collection Set: 0.7ms
[41.005s][info][gc,phases   ] GC(207)   Post Evacuate Collection Set: 1.5ms
[41.005s][info][gc,phases   ] GC(207)   Other: 0.2ms
[41.005s][info][gc,heap     ] GC(207) Eden regions: 14->0(225)
[41.005s][info][gc,heap     ] GC(207) Survivor regions: 1->1(8)
[41.005s][info][gc,heap     ] GC(207) Old regions: 25->25
[41.005s][info][gc,heap     ] GC(207) Archive regions: 0->0
[41.005s][info][gc,heap     ] GC(207) Humongous regions: 24->12
[41.005s][info][gc,metaspace] GC(207) Metaspace: 36223K(36544K)->36223K(36544K) NonClass: 32231K(32384K)->32231K(32384K) Class: 3991K(4160K)->3991K(4160K)
[41.005s][info][gc          ] GC(207) Pause Young (Concurrent Start) (GCLocker Initiated GC) 62M->37M(377M) 2.694ms
[41.005s][info][gc,cpu      ] GC(207) User=0.00s Sys=0.02s Real=0.00s
[41.005s][info][gc          ] GC(208) Concurrent Mark Cycle
[41.005s][info][gc,marking  ] GC(208) Concurrent Clear Claimed Marks
[41.005s][info][gc,marking  ] GC(208) Concurrent Clear Claimed Marks 0.024ms
[41.005s][info][gc,marking  ] GC(208) Concurrent Scan Root Regions
[41.006s][info][gc,marking  ] GC(208) Concurrent Scan Root Regions 0.695ms
[41.006s][info][gc,marking  ] GC(208) Concurrent Mark
[41.006s][info][gc,marking  ] GC(208) Concurrent Mark From Roots
[41.006s][info][gc,task     ] GC(208) Using 2 workers of 2 for marking
[41.014s][info][gc,marking  ] GC(208) Concurrent Mark From Roots 8.354ms
[41.014s][info][gc,marking  ] GC(208) Concurrent Preclean
[41.014s][info][gc,marking  ] GC(208) Concurrent Preclean 0.083ms
[41.015s][info][gc,start    ] GC(208) Pause Remark
[41.019s][info][gc          ] GC(208) Pause Remark 42M->42M(147M) 4.414ms
[41.019s][info][gc,cpu      ] GC(208) User=0.00s Sys=0.00s Real=0.00s
[41.019s][info][gc,marking  ] GC(208) Concurrent Mark 13.348ms
[41.019s][info][gc,marking  ] GC(208) Concurrent Rebuild Remembered Sets
[41.023s][info][gc,marking  ] GC(208) Concurrent Rebuild Remembered Sets 4.048ms
[41.024s][info][gc,start    ] GC(208) Pause Cleanup
[41.024s][info][gc          ] GC(208) Pause Cleanup 44M->44M(147M) 0.083ms
[41.024s][info][gc,cpu      ] GC(208) User=0.00s Sys=0.00s Real=0.00s
[41.024s][info][gc,marking  ] GC(208) Concurrent Cleanup for Next Mark
[41.024s][info][gc,marking  ] GC(208) Concurrent Cleanup for Next Mark 0.287ms
[41.024s][info][gc          ] GC(208) Concurrent Mark Cycle 19.005ms
[41.444s][info][gc,start    ] GC(209) Pause Young (Prepare Mixed) (GCLocker Initiated GC)
[41.444s][info][gc,task     ] GC(209) Using 6 workers of 6 for evacuation
[41.445s][info][gc,phases   ] GC(209)   Pre Evacuate Collection Set: 0.1ms
[41.445s][info][gc,phases   ] GC(209)   Merge Heap Roots: 0.1ms
[41.445s][info][gc,phases   ] GC(209)   Evacuate Collection Set: 0.5ms
[41.445s][info][gc,phases   ] GC(209)   Post Evacuate Collection Set: 0.4ms
[41.445s][info][gc,phases   ] GC(209)   Other: 0.2ms
[41.445s][info][gc,heap     ] GC(209) Eden regions: 54->0(5)
[41.445s][info][gc,heap     ] GC(209) Survivor regions: 1->2(29)
[41.445s][info][gc,heap     ] GC(209) Old regions: 25->25
[41.445s][info][gc,heap     ] GC(209) Archive regions: 0->0
[41.445s][info][gc,heap     ] GC(209) Humongous regions: 64->16
[41.445s][info][gc,metaspace] GC(209) Metaspace: 36226K(36544K)->36226K(36544K) NonClass: 32234K(32384K)->32234K(32384K) Class: 3991K(4160K)->3991K(4160K)
[41.445s][info][gc          ] GC(209) Pause Young (Prepare Mixed) (GCLocker Initiated GC) 143M->41M(147M) 1.395ms
[41.445s][info][gc,cpu      ] GC(209) User=0.00s Sys=0.00s Real=0.00s
[41.508s][info][gc,start    ] GC(210) Pause Young (Mixed) (GCLocker Initiated GC)
[41.508s][info][gc,task     ] GC(210) Using 6 workers of 6 for evacuation
[41.510s][info][gc,phases   ] GC(210)   Pre Evacuate Collection Set: 0.2ms
[41.510s][info][gc,phases   ] GC(210)   Merge Heap Roots: 0.1ms
[41.510s][info][gc,phases   ] GC(210)   Evacuate Collection Set: 0.6ms
[41.510s][info][gc,phases   ] GC(210)   Post Evacuate Collection Set: 0.3ms
[41.510s][info][gc,phases   ] GC(210)   Other: 0.2ms
[41.510s][info][gc,heap     ] GC(210) Eden regions: 6->0(87)
[41.510s][info][gc,heap     ] GC(210) Survivor regions: 2->1(1)
[41.510s][info][gc,heap     ] GC(210) Old regions: 25->25
[41.510s][info][gc,heap     ] GC(210) Archive regions: 0->0
[41.510s][info][gc,heap     ] GC(210) Humongous regions: 16->12
[41.510s][info][gc,metaspace] GC(210) Metaspace: 36226K(36544K)->36226K(36544K) NonClass: 32234K(32384K)->32234K(32384K) Class: 3991K(4160K)->3991K(4160K)
[41.510s][info][gc          ] GC(210) Pause Young (Mixed) (GCLocker Initiated GC) 47M->36M(147M) 1.439ms
[41.510s][info][gc,cpu      ] GC(210) User=0.00s Sys=0.00s Real=0.00s
[41.957s][info][gc,start    ] GC(211) Pause Young (Normal) (GCLocker Initiated GC)
[41.957s][info][gc,task     ] GC(211) Using 6 workers of 6 for evacuation
[41.959s][info][gc,phases   ] GC(211)   Pre Evacuate Collection Set: 0.1ms
[41.959s][info][gc,phases   ] GC(211)   Merge Heap Roots: 0.0ms
[41.959s][info][gc,phases   ] GC(211)   Evacuate Collection Set: 0.7ms
[41.959s][info][gc,phases   ] GC(211)   Post Evacuate Collection Set: 0.5ms
[41.959s][info][gc,phases   ] GC(211)   Other: 0.2ms
[41.959s][info][gc,heap     ] GC(211) Eden regions: 54->0(90)
[41.959s][info][gc,heap     ] GC(211) Survivor regions: 1->3(11)
[41.959s][info][gc,heap     ] GC(211) Old regions: 25->25
[41.959s][info][gc,heap     ] GC(211) Archive regions: 0->0
[41.959s][info][gc,heap     ] GC(211) Humongous regions: 72->12
[41.959s][info][gc,metaspace] GC(211) Metaspace: 36226K(36544K)->36226K(36544K) NonClass: 32234K(32384K)->32234K(32384K) Class: 3991K(4160K)->3991K(4160K)
[41.959s][info][gc          ] GC(211) Pause Young (Normal) (GCLocker Initiated GC) 150M->38M(155M) 1.716ms
[41.959s][info][gc,cpu      ] GC(211) User=0.02s Sys=0.00s Real=0.00s
[42.032s][info][gc,start    ] GC(212) Pause Young (Concurrent Start) (GCLocker Initiated GC)
[42.032s][info][gc,task     ] GC(212) Using 6 workers of 6 for evacuation
[42.034s][info][gc,phases   ] GC(212)   Pre Evacuate Collection Set: 0.2ms
[42.034s][info][gc,phases   ] GC(212)   Merge Heap Roots: 0.1ms
[42.034s][info][gc,phases   ] GC(212)   Evacuate Collection Set: 0.7ms
[42.034s][info][gc,phases   ] GC(212)   Post Evacuate Collection Set: 0.3ms
[42.034s][info][gc,phases   ] GC(212)   Other: 0.2ms
[42.034s][info][gc,heap     ] GC(212) Eden regions: 1->0(92)
[42.034s][info][gc,heap     ] GC(212) Survivor regions: 3->1(12)
[42.034s][info][gc,heap     ] GC(212) Old regions: 25->25
[42.034s][info][gc,heap     ] GC(212) Archive regions: 0->0
[42.034s][info][gc,heap     ] GC(212) Humongous regions: 12->4
[42.034s][info][gc,metaspace] GC(212) Metaspace: 36226K(36544K)->36226K(36544K) NonClass: 32234K(32384K)->32234K(32384K) Class: 3991K(4160K)->3991K(4160K)
[42.034s][info][gc          ] GC(212) Pause Young (Concurrent Start) (GCLocker Initiated GC) 38M->28M(155M) 1.510ms
[42.034s][info][gc,cpu      ] GC(212) User=0.00s Sys=0.00s Real=0.00s
[42.034s][info][gc          ] GC(213) Concurrent Mark Cycle
[42.034s][info][gc,marking  ] GC(213) Concurrent Clear Claimed Marks
[42.034s][info][gc,marking  ] GC(213) Concurrent Clear Claimed Marks 0.017ms
[42.034s][info][gc,marking  ] GC(213) Concurrent Scan Root Regions
[42.034s][info][gc,marking  ] GC(213) Concurrent Scan Root Regions 0.402ms
[42.034s][info][gc,marking  ] GC(213) Concurrent Mark
[42.034s][info][gc,marking  ] GC(213) Concurrent Mark From Roots
[42.034s][info][gc,task     ] GC(213) Using 2 workers of 2 for marking
[42.044s][info][gc,marking  ] GC(213) Concurrent Mark From Roots 9.592ms
[42.044s][info][gc,marking  ] GC(213) Concurrent Preclean
[42.044s][info][gc,marking  ] GC(213) Concurrent Preclean 0.091ms
[42.044s][info][gc,start    ] GC(213) Pause Remark
[42.047s][info][gc          ] GC(213) Pause Remark 41M->41M(144M) 2.222ms
[42.047s][info][gc,cpu      ] GC(213) User=0.00s Sys=0.00s Real=0.00s
[42.047s][info][gc,marking  ] GC(213) Concurrent Mark 12.420ms
[42.047s][info][gc,marking  ] GC(213) Concurrent Rebuild Remembered Sets
[42.051s][info][gc,marking  ] GC(213) Concurrent Rebuild Remembered Sets 3.944ms
[42.051s][info][gc,start    ] GC(213) Pause Cleanup
[42.051s][info][gc          ] GC(213) Pause Cleanup 42M->42M(144M) 0.075ms
[42.051s][info][gc,cpu      ] GC(213) User=0.00s Sys=0.00s Real=0.00s
[42.051s][info][gc,marking  ] GC(213) Concurrent Cleanup for Next Mark
[42.052s][info][gc,marking  ] GC(213) Concurrent Cleanup for Next Mark 0.491ms
[42.052s][info][gc          ] GC(213) Concurrent Mark Cycle 17.760ms
[42.477s][info][gc,start    ] GC(214) Pause Young (Prepare Mixed) (GCLocker Initiated GC)
[42.477s][info][gc,task     ] GC(214) Using 6 workers of 6 for evacuation
[42.479s][info][gc,phases   ] GC(214)   Pre Evacuate Collection Set: 0.2ms
[42.479s][info][gc,phases   ] GC(214)   Merge Heap Roots: 0.1ms
[42.479s][info][gc,phases   ] GC(214)   Evacuate Collection Set: 0.5ms
[42.479s][info][gc,phases   ] GC(214)   Post Evacuate Collection Set: 0.6ms
[42.479s][info][gc,phases   ] GC(214)   Other: 0.2ms
[42.479s][info][gc,heap     ] GC(214) Eden regions: 51->0(4)
[42.479s][info][gc,heap     ] GC(214) Survivor regions: 1->3(12)
[42.479s][info][gc,heap     ] GC(214) Old regions: 25->25
[42.479s][info][gc,heap     ] GC(214) Archive regions: 0->0
[42.479s][info][gc,heap     ] GC(214) Humongous regions: 64->12
[42.479s][info][gc,metaspace] GC(214) Metaspace: 36233K(36544K)->36233K(36544K) NonClass: 32242K(32384K)->32242K(32384K) Class: 3991K(4160K)->3991K(4160K)
[42.479s][info][gc          ] GC(214) Pause Young (Prepare Mixed) (GCLocker Initiated GC) 139M->38M(144M) 1.671ms
[42.479s][info][gc,cpu      ] GC(214) User=0.00s Sys=0.00s Real=0.00s
[42.575s][info][gc,start    ] GC(215) Pause Young (Mixed) (GCLocker Initiated GC)
[42.575s][info][gc,task     ] GC(215) Using 6 workers of 6 for evacuation
[42.576s][info][gc,phases   ] GC(215)   Pre Evacuate Collection Set: 0.2ms
[42.576s][info][gc,phases   ] GC(215)   Merge Heap Roots: 0.1ms
[42.576s][info][gc,phases   ] GC(215)   Evacuate Collection Set: 0.6ms
[42.576s][info][gc,phases   ] GC(215)   Post Evacuate Collection Set: 0.4ms
[42.576s][info][gc,phases   ] GC(215)   Other: 0.2ms
[42.576s][info][gc,heap     ] GC(215) Eden regions: 4->0(81)
[42.576s][info][gc,heap     ] GC(215) Survivor regions: 3->1(1)
[42.576s][info][gc,heap     ] GC(215) Old regions: 25->25
[42.576s][info][gc,heap     ] GC(215) Archive regions: 0->0
[42.576s][info][gc,heap     ] GC(215) Humongous regions: 24->16
[42.576s][info][gc,metaspace] GC(215) Metaspace: 36233K(36544K)->36233K(36544K) NonClass: 32242K(32384K)->32242K(32384K) Class: 3991K(4160K)->3991K(4160K)
[42.576s][info][gc          ] GC(215) Pause Young (Mixed) (GCLocker Initiated GC) 54M->40M(144M) 1.520ms
[42.576s][info][gc,cpu      ] GC(215) User=0.00s Sys=0.00s Real=0.00s
[43.036s][info][gc,start    ] GC(216) Pause Young (Normal) (GCLocker Initiated GC)
[43.036s][info][gc,task     ] GC(216) Using 6 workers of 6 for evacuation
[43.038s][info][gc,phases   ] GC(216)   Pre Evacuate Collection Set: 0.2ms
[43.038s][info][gc,phases   ] GC(216)   Merge Heap Roots: 0.1ms
[43.038s][info][gc,phases   ] GC(216)   Evacuate Collection Set: 0.5ms
[43.038s][info][gc,phases   ] GC(216)   Post Evacuate Collection Set: 0.6ms
[43.038s][info][gc,phases   ] GC(216)   Other: 0.2ms
[43.038s][info][gc,heap     ] GC(216) Eden regions: 51->0(84)
[43.038s][info][gc,heap     ] GC(216) Survivor regions: 1->2(11)
[43.038s][info][gc,heap     ] GC(216) Old regions: 25->25
[43.038s][info][gc,heap     ] GC(216) Archive regions: 0->0
[43.038s][info][gc,heap     ] GC(216) Humongous regions: 64->12
[43.038s][info][gc,metaspace] GC(216) Metaspace: 36275K(36608K)->36275K(36608K) NonClass: 32284K(32448K)->32284K(32448K) Class: 3991K(4160K)->3991K(4160K)
[43.038s][info][gc          ] GC(216) Pause Young (Normal) (GCLocker Initiated GC) 138M->37M(144M) 1.626ms
[43.038s][info][gc,cpu      ] GC(216) User=0.00s Sys=0.00s Real=0.00s
[43.063s][info][gc,start    ] GC(217) Pause Young (Concurrent Start) (GCLocker Initiated GC)
[43.063s][info][gc,task     ] GC(217) Using 6 workers of 6 for evacuation
[43.065s][info][gc,phases   ] GC(217)   Pre Evacuate Collection Set: 0.1ms
[43.065s][info][gc,phases   ] GC(217)   Merge Heap Roots: 0.1ms
[43.065s][info][gc,phases   ] GC(217)   Evacuate Collection Set: 0.6ms
[43.065s][info][gc,phases   ] GC(217)   Post Evacuate Collection Set: 0.4ms
[43.065s][info][gc,phases   ] GC(217)   Other: 0.2ms
[43.065s][info][gc,heap     ] GC(217) Eden regions: 2->0(85)
[43.065s][info][gc,heap     ] GC(217) Survivor regions: 2->1(11)
[43.065s][info][gc,heap     ] GC(217) Old regions: 25->25
[43.065s][info][gc,heap     ] GC(217) Archive regions: 0->0
[43.065s][info][gc,heap     ] GC(217) Humongous regions: 12->4
[43.065s][info][gc,metaspace] GC(217) Metaspace: 36275K(36608K)->36275K(36608K) NonClass: 32284K(32448K)->32284K(32448K) Class: 3991K(4160K)->3991K(4160K)
[43.065s][info][gc          ] GC(217) Pause Young (Concurrent Start) (GCLocker Initiated GC) 39M->28M(144M) 1.436ms
[43.065s][info][gc,cpu      ] GC(217) User=0.00s Sys=0.00s Real=0.00s
[43.065s][info][gc          ] GC(218) Concurrent Mark Cycle
[43.065s][info][gc,marking  ] GC(218) Concurrent Clear Claimed Marks
[43.065s][info][gc,marking  ] GC(218) Concurrent Clear Claimed Marks 0.017ms
[43.065s][info][gc,marking  ] GC(218) Concurrent Scan Root Regions
[43.065s][info][gc,marking  ] GC(218) Concurrent Scan Root Regions 0.468ms
[43.065s][info][gc,marking  ] GC(218) Concurrent Mark
[43.065s][info][gc,marking  ] GC(218) Concurrent Mark From Roots
[43.065s][info][gc,task     ] GC(218) Using 2 workers of 2 for marking
[43.075s][info][gc,marking  ] GC(218) Concurrent Mark From Roots 9.409ms
[43.075s][info][gc,marking  ] GC(218) Concurrent Preclean
[43.075s][info][gc,marking  ] GC(218) Concurrent Preclean 0.188ms
[43.075s][info][gc,start    ] GC(218) Pause Remark
[43.077s][info][gc          ] GC(218) Pause Remark 41M->41M(144M) 1.993ms
[43.077s][info][gc,cpu      ] GC(218) User=0.00s Sys=0.00s Real=0.00s
[43.078s][info][gc,marking  ] GC(218) Concurrent Mark 12.325ms
[43.078s][info][gc,marking  ] GC(218) Concurrent Rebuild Remembered Sets
[43.082s][info][gc,marking  ] GC(218) Concurrent Rebuild Remembered Sets 4.001ms
[43.082s][info][gc,start    ] GC(218) Pause Cleanup
[43.082s][info][gc          ] GC(218) Pause Cleanup 42M->42M(144M) 0.087ms
[43.082s][info][gc,cpu      ] GC(218) User=0.00s Sys=0.00s Real=0.00s
[43.083s][info][gc,marking  ] GC(218) Concurrent Cleanup for Next Mark
[43.083s][info][gc,marking  ] GC(218) Concurrent Cleanup for Next Mark 0.098ms
[43.083s][info][gc          ] GC(218) Concurrent Mark Cycle 18.642ms
[43.504s][info][gc,start    ] GC(219) Pause Young (Prepare Mixed) (GCLocker Initiated GC)
[43.504s][info][gc,task     ] GC(219) Using 6 workers of 6 for evacuation
[43.506s][info][gc,phases   ] GC(219)   Pre Evacuate Collection Set: 0.1ms
[43.506s][info][gc,phases   ] GC(219)   Merge Heap Roots: 0.0ms
[43.506s][info][gc,phases   ] GC(219)   Evacuate Collection Set: 0.8ms
[43.506s][info][gc,phases   ] GC(219)   Post Evacuate Collection Set: 0.3ms
[43.506s][info][gc,phases   ] GC(219)   Other: 0.2ms
[43.506s][info][gc,heap     ] GC(219) Eden regions: 49->0(4)
[43.506s][info][gc,heap     ] GC(219) Survivor regions: 1->3(11)
[43.506s][info][gc,heap     ] GC(219) Old regions: 25->25
[43.506s][info][gc,heap     ] GC(219) Archive regions: 0->0
[43.506s][info][gc,heap     ] GC(219) Humongous regions: 64->12
[43.506s][info][gc,metaspace] GC(219) Metaspace: 36292K(36672K)->36292K(36672K) NonClass: 32300K(32512K)->32300K(32512K) Class: 3991K(4160K)->3991K(4160K)
[43.506s][info][gc          ] GC(219) Pause Young (Prepare Mixed) (GCLocker Initiated GC) 137M->38M(144M) 1.592ms
[43.506s][info][gc,cpu      ] GC(219) User=0.08s Sys=0.00s Real=0.00s
[43.507s][info][gc,start    ] GC(220) Pause Young (Mixed) (GCLocker Initiated GC)
[43.507s][info][gc,task     ] GC(220) Using 6 workers of 6 for evacuation
[43.508s][info][gc,phases   ] GC(220)   Pre Evacuate Collection Set: 0.1ms
[43.509s][info][gc,phases   ] GC(220)   Merge Heap Roots: 0.0ms
[43.509s][info][gc,phases   ] GC(220)   Evacuate Collection Set: 0.7ms
[43.509s][info][gc,phases   ] GC(220)   Post Evacuate Collection Set: 0.4ms
[43.509s][info][gc,phases   ] GC(220)   Other: 0.2ms
[43.509s][info][gc,heap     ] GC(220) Eden regions: 5->0(77)
[43.509s][info][gc,heap     ] GC(220) Survivor regions: 3->1(1)
[43.509s][info][gc,heap     ] GC(220) Old regions: 25->27
[43.509s][info][gc,heap     ] GC(220) Archive regions: 0->0
[43.509s][info][gc,heap     ] GC(220) Humongous regions: 12->12
[43.509s][info][gc,metaspace] GC(220) Metaspace: 36292K(36672K)->36292K(36672K) NonClass: 32300K(32512K)->32300K(32512K) Class: 3991K(4160K)->3991K(4160K)
[43.509s][info][gc          ] GC(220) Pause Young (Mixed) (GCLocker Initiated GC) 42M->38M(144M) 1.469ms
[43.509s][info][gc,cpu      ] GC(220) User=0.00s Sys=0.00s Real=0.00s
[44.004s][info][gc,start    ] GC(221) Pause Young (Normal) (GCLocker Initiated GC)
[44.004s][info][gc,task     ] GC(221) Using 6 workers of 6 for evacuation
[44.006s][info][gc,phases   ] GC(221)   Pre Evacuate Collection Set: 0.1ms
[44.006s][info][gc,phases   ] GC(221)   Merge Heap Roots: 0.1ms
[44.006s][info][gc,phases   ] GC(221)   Evacuate Collection Set: 0.7ms
[44.006s][info][gc,phases   ] GC(221)   Post Evacuate Collection Set: 0.4ms
[44.006s][info][gc,phases   ] GC(221)   Other: 0.2ms
[44.006s][info][gc,heap     ] GC(221) Eden regions: 51->0(92)
[44.006s][info][gc,heap     ] GC(221) Survivor regions: 1->1(10)
[44.006s][info][gc,heap     ] GC(221) Old regions: 27->27
[44.006s][info][gc,heap     ] GC(221) Archive regions: 0->0
[44.006s][info][gc,heap     ] GC(221) Humongous regions: 72->8
[44.006s][info][gc,metaspace] GC(221) Metaspace: 36325K(36672K)->36325K(36672K) NonClass: 32334K(32512K)->32334K(32512K) Class: 3991K(4160K)->3991K(4160K)
[44.006s][info][gc          ] GC(221) Pause Young (Normal) (GCLocker Initiated GC) 149M->34M(156M) 1.588ms
[44.006s][info][gc,cpu      ] GC(221) User=0.06s Sys=0.00s Real=0.00s
[44.103s][info][gc,start    ] GC(222) Pause Young (Concurrent Start) (GCLocker Initiated GC)
[44.103s][info][gc,task     ] GC(222) Using 6 workers of 6 for evacuation
[44.104s][info][gc,phases   ] GC(222)   Pre Evacuate Collection Set: 0.1ms
[44.104s][info][gc,phases   ] GC(222)   Merge Heap Roots: 0.0ms
[44.104s][info][gc,phases   ] GC(222)   Evacuate Collection Set: 0.6ms
[44.104s][info][gc,phases   ] GC(222)   Post Evacuate Collection Set: 0.3ms
[44.104s][info][gc,phases   ] GC(222)   Other: 0.2ms
[44.104s][info][gc,heap     ] GC(222) Eden regions: 9->0(92)
[44.104s][info][gc,heap     ] GC(222) Survivor regions: 1->1(12)
[44.104s][info][gc,heap     ] GC(222) Old regions: 27->27
[44.104s][info][gc,heap     ] GC(222) Archive regions: 0->0
[44.104s][info][gc,heap     ] GC(222) Humongous regions: 8->4
[44.104s][info][gc,metaspace] GC(222) Metaspace: 36326K(36672K)->36326K(36672K) NonClass: 32335K(32512K)->32335K(32512K) Class: 3991K(4160K)->3991K(4160K)
[44.104s][info][gc          ] GC(222) Pause Young (Concurrent Start) (GCLocker Initiated GC) 42M->30M(156M) 1.368ms
[44.104s][info][gc,cpu      ] GC(222) User=0.00s Sys=0.00s Real=0.00s
[44.104s][info][gc          ] GC(223) Concurrent Mark Cycle
[44.104s][info][gc,marking  ] GC(223) Concurrent Clear Claimed Marks
[44.104s][info][gc,marking  ] GC(223) Concurrent Clear Claimed Marks 0.024ms
[44.104s][info][gc,marking  ] GC(223) Concurrent Scan Root Regions
[44.105s][info][gc,marking  ] GC(223) Concurrent Scan Root Regions 0.532ms
[44.105s][info][gc,marking  ] GC(223) Concurrent Mark
[44.105s][info][gc,marking  ] GC(223) Concurrent Mark From Roots
[44.105s][info][gc,task     ] GC(223) Using 2 workers of 2 for marking
[44.114s][info][gc,marking  ] GC(223) Concurrent Mark From Roots 9.525ms
[44.114s][info][gc,marking  ] GC(223) Concurrent Preclean
[44.115s][info][gc,marking  ] GC(223) Concurrent Preclean 0.112ms
[44.115s][info][gc,start    ] GC(223) Pause Remark
[44.118s][info][gc          ] GC(223) Pause Remark 43M->42M(147M) 2.955ms
[44.118s][info][gc,cpu      ] GC(223) User=0.00s Sys=0.00s Real=0.00s
[44.119s][info][gc,marking  ] GC(223) Concurrent Mark 13.838ms
[44.119s][info][gc,marking  ] GC(223) Concurrent Rebuild Remembered Sets
[44.124s][info][gc,marking  ] GC(223) Concurrent Rebuild Remembered Sets 5.067ms
[44.124s][info][gc,start    ] GC(223) Pause Cleanup
[44.124s][info][gc          ] GC(223) Pause Cleanup 43M->43M(147M) 0.093ms
[44.124s][info][gc,cpu      ] GC(223) User=0.00s Sys=0.00s Real=0.00s
[44.125s][info][gc,marking  ] GC(223) Concurrent Cleanup for Next Mark
[44.125s][info][gc,marking  ] GC(223) Concurrent Cleanup for Next Mark 0.131ms
[44.125s][info][gc          ] GC(223) Concurrent Mark Cycle 20.596ms
[44.551s][info][gc,start    ] GC(224) Pause Young (Prepare Mixed) (GCLocker Initiated GC)
[44.552s][info][gc,task     ] GC(224) Using 6 workers of 6 for evacuation
[44.553s][info][gc,phases   ] GC(224)   Pre Evacuate Collection Set: 0.1ms
[44.553s][info][gc,phases   ] GC(224)   Merge Heap Roots: 0.0ms
[44.553s][info][gc,phases   ] GC(224)   Evacuate Collection Set: 0.5ms
[44.553s][info][gc,phases   ] GC(224)   Post Evacuate Collection Set: 0.3ms
[44.553s][info][gc,phases   ] GC(224)   Other: 0.2ms
[44.553s][info][gc,heap     ] GC(224) Eden regions: 55->0(5)
[44.553s][info][gc,heap     ] GC(224) Survivor regions: 1->2(11)
[44.553s][info][gc,heap     ] GC(224) Old regions: 26->26
[44.553s][info][gc,heap     ] GC(224) Archive regions: 0->0
[44.553s][info][gc,heap     ] GC(224) Humongous regions: 64->4
[44.553s][info][gc,metaspace] GC(224) Metaspace: 36330K(36672K)->36330K(36672K) NonClass: 32339K(32512K)->32339K(32512K) Class: 3991K(4160K)->3991K(4160K)
[44.553s][info][gc          ] GC(224) Pause Young (Prepare Mixed) (GCLocker Initiated GC) 144M->30M(151M) 1.191ms
[44.553s][info][gc,cpu      ] GC(224) User=0.02s Sys=0.03s Real=0.00s
[44.618s][info][gc,start    ] GC(225) Pause Young (Mixed) (GCLocker Initiated GC)
[44.618s][info][gc,task     ] GC(225) Using 6 workers of 6 for evacuation
[44.619s][info][gc,phases   ] GC(225)   Pre Evacuate Collection Set: 0.1ms
[44.619s][info][gc,phases   ] GC(225)   Merge Heap Roots: 0.1ms
[44.619s][info][gc,phases   ] GC(225)   Evacuate Collection Set: 0.6ms
[44.619s][info][gc,phases   ] GC(225)   Post Evacuate Collection Set: 0.3ms
[44.619s][info][gc,phases   ] GC(225)   Other: 0.2ms
[44.619s][info][gc,heap     ] GC(225) Eden regions: 6->0(89)
[44.619s][info][gc,heap     ] GC(225) Survivor regions: 2->1(1)
[44.619s][info][gc,heap     ] GC(225) Old regions: 26->26
[44.619s][info][gc,heap     ] GC(225) Archive regions: 0->0
[44.619s][info][gc,heap     ] GC(225) Humongous regions: 4->4
[44.619s][info][gc,metaspace] GC(225) Metaspace: 36330K(36672K)->36330K(36672K) NonClass: 32339K(32512K)->32339K(32512K) Class: 3991K(4160K)->3991K(4160K)
[44.619s][info][gc          ] GC(225) Pause Young (Mixed) (GCLocker Initiated GC) 36M->29M(151M) 1.438ms
[44.619s][info][gc,cpu      ] GC(225) User=0.00s Sys=0.00s Real=0.00s
[45.126s][info][gc,start    ] GC(226) Pause Young (Normal) (G1 Preventive Collection)
[45.126s][info][gc,task     ] GC(226) Using 6 workers of 6 for evacuation
[45.127s][info][gc,phases   ] GC(226)   Pre Evacuate Collection Set: 0.1ms
[45.127s][info][gc,phases   ] GC(226)   Merge Heap Roots: 0.1ms
[45.127s][info][gc,phases   ] GC(226)   Evacuate Collection Set: 0.5ms
[45.127s][info][gc,phases   ] GC(226)   Post Evacuate Collection Set: 0.3ms
[45.127s][info][gc,phases   ] GC(226)   Other: 0.2ms
[45.127s][info][gc,heap     ] GC(226) Eden regions: 56->0(89)
[45.127s][info][gc,heap     ] GC(226) Survivor regions: 1->1(12)
[45.127s][info][gc,heap     ] GC(226) Old regions: 26->26
[45.127s][info][gc,heap     ] GC(226) Archive regions: 0->0
[45.127s][info][gc,heap     ] GC(226) Humongous regions: 64->4
[45.127s][info][gc,metaspace] GC(226) Metaspace: 36333K(36672K)->36333K(36672K) NonClass: 32342K(32512K)->32342K(32512K) Class: 3991K(4160K)->3991K(4160K)
[45.127s][info][gc          ] GC(226) Pause Young (Normal) (G1 Preventive Collection) 145M->29M(151M) 1.190ms
[45.127s][info][gc,cpu      ] GC(226) User=0.00s Sys=0.00s Real=0.00s
[45.156s][info][gc,start    ] GC(227) Pause Young (Concurrent Start) (G1 Humongous Allocation)
[45.156s][info][gc,task     ] GC(227) Using 6 workers of 6 for evacuation
[45.157s][info][gc,phases   ] GC(227)   Pre Evacuate Collection Set: 0.2ms
[45.157s][info][gc,phases   ] GC(227)   Merge Heap Roots: 0.1ms
[45.157s][info][gc,phases   ] GC(227)   Evacuate Collection Set: 0.6ms
[45.157s][info][gc,phases   ] GC(227)   Post Evacuate Collection Set: 0.4ms
[45.157s][info][gc,phases   ] GC(227)   Other: 0.3ms
[45.157s][info][gc,heap     ] GC(227) Eden regions: 1->0(88)
[45.157s][info][gc,heap     ] GC(227) Survivor regions: 1->1(12)
[45.157s][info][gc,heap     ] GC(227) Old regions: 26->26
[45.157s][info][gc,heap     ] GC(227) Archive regions: 0->0
[45.157s][info][gc,heap     ] GC(227) Humongous regions: 4->4
[45.157s][info][gc,metaspace] GC(227) Metaspace: 36333K(36672K)->36333K(36672K) NonClass: 32342K(32512K)->32342K(32512K) Class: 3991K(4160K)->3991K(4160K)
[45.157s][info][gc          ] GC(227) Pause Young (Concurrent Start) (G1 Humongous Allocation) 30M->29M(151M) 1.602ms
[45.157s][info][gc,cpu      ] GC(227) User=0.00s Sys=0.00s Real=0.00s
[45.157s][info][gc          ] GC(228) Concurrent Undo Cycle
[45.157s][info][gc,marking  ] GC(228) Concurrent Cleanup for Next Mark
[45.157s][info][gc,marking  ] GC(228) Concurrent Cleanup for Next Mark 0.100ms
[45.158s][info][gc          ] GC(228) Concurrent Undo Cycle 0.152ms
[45.159s][info][gc,start    ] GC(229) Pause Young (Concurrent Start) (G1 Humongous Allocation)
[45.160s][info][gc,task     ] GC(229) Using 6 workers of 6 for evacuation
[45.161s][info][gc,phases   ] GC(229)   Pre Evacuate Collection Set: 0.2ms
[45.161s][info][gc,phases   ] GC(229)   Merge Heap Roots: 0.1ms
[45.161s][info][gc,phases   ] GC(229)   Evacuate Collection Set: 0.7ms
[45.161s][info][gc,phases   ] GC(229)   Post Evacuate Collection Set: 0.4ms
[45.161s][info][gc,phases   ] GC(229)   Other: 0.2ms
[45.161s][info][gc,heap     ] GC(229) Eden regions: 0->0(85)
[45.161s][info][gc,heap     ] GC(229) Survivor regions: 1->1(12)
[45.161s][info][gc,heap     ] GC(229) Old regions: 26->26
[45.161s][info][gc,heap     ] GC(229) Archive regions: 0->0
[45.161s][info][gc,heap     ] GC(229) Humongous regions: 8->8
[45.161s][info][gc,metaspace] GC(229) Metaspace: 36333K(36672K)->36333K(36672K) NonClass: 32342K(32512K)->32342K(32512K) Class: 3991K(4160K)->3991K(4160K)
[45.161s][info][gc          ] GC(229) Pause Young (Concurrent Start) (G1 Humongous Allocation) 33M->33M(151M) 1.606ms
[45.161s][info][gc,cpu      ] GC(229) User=0.02s Sys=0.00s Real=0.00s
[45.161s][info][gc          ] GC(230) Concurrent Mark Cycle
[45.161s][info][gc,marking  ] GC(230) Concurrent Clear Claimed Marks
[45.161s][info][gc,marking  ] GC(230) Concurrent Clear Claimed Marks 0.012ms
[45.161s][info][gc,marking  ] GC(230) Concurrent Scan Root Regions
[45.162s][info][gc,marking  ] GC(230) Concurrent Scan Root Regions 0.506ms
[45.162s][info][gc,marking  ] GC(230) Concurrent Mark
[45.162s][info][gc,marking  ] GC(230) Concurrent Mark From Roots
[45.162s][info][gc,task     ] GC(230) Using 2 workers of 2 for marking
[45.171s][info][gc,marking  ] GC(230) Concurrent Mark From Roots 9.289ms
[45.171s][info][gc,marking  ] GC(230) Concurrent Preclean
[45.171s][info][gc,marking  ] GC(230) Concurrent Preclean 0.105ms
[45.171s][info][gc,start    ] GC(230) Pause Remark
[45.174s][info][gc          ] GC(230) Pause Remark 43M->43M(150M) 2.311ms
[45.174s][info][gc,cpu      ] GC(230) User=0.00s Sys=0.00s Real=0.00s
[45.174s][info][gc,marking  ] GC(230) Concurrent Mark 12.236ms
[45.174s][info][gc,marking  ] GC(230) Concurrent Rebuild Remembered Sets
[45.178s][info][gc,marking  ] GC(230) Concurrent Rebuild Remembered Sets 4.088ms
[45.178s][info][gc,start    ] GC(230) Pause Cleanup
[45.178s][info][gc          ] GC(230) Pause Cleanup 44M->44M(150M) 0.135ms
[45.178s][info][gc,cpu      ] GC(230) User=0.00s Sys=0.00s Real=0.00s
[45.179s][info][gc,marking  ] GC(230) Concurrent Cleanup for Next Mark
[45.179s][info][gc,marking  ] GC(230) Concurrent Cleanup for Next Mark 0.139ms
[45.179s][info][gc          ] GC(230) Concurrent Mark Cycle 17.587ms
[45.645s][info][gc,start    ] GC(231) Pause Young (Prepare Mixed) (G1 Preventive Collection)
[45.645s][info][gc,task     ] GC(231) Using 6 workers of 6 for evacuation
[45.646s][info][gc,phases   ] GC(231)   Pre Evacuate Collection Set: 0.2ms
[45.646s][info][gc,phases   ] GC(231)   Merge Heap Roots: 0.1ms
[45.646s][info][gc,phases   ] GC(231)   Evacuate Collection Set: 0.5ms
[45.646s][info][gc,phases   ] GC(231)   Post Evacuate Collection Set: 0.4ms
[45.647s][info][gc,phases   ] GC(231)   Other: 0.2ms
[45.647s][info][gc,heap     ] GC(231) Eden regions: 53->0(5)
[45.647s][info][gc,heap     ] GC(231) Survivor regions: 1->2(11)
[45.647s][info][gc,heap     ] GC(231) Old regions: 26->26
[45.647s][info][gc,heap     ] GC(231) Archive regions: 0->0
[45.647s][info][gc,heap     ] GC(231) Humongous regions: 64->4
[45.647s][info][gc,metaspace] GC(231) Metaspace: 36342K(36672K)->36342K(36672K) NonClass: 32351K(32512K)->32351K(32512K) Class: 3991K(4160K)->3991K(4160K)
[45.647s][info][gc          ] GC(231) Pause Young (Prepare Mixed) (G1 Preventive Collection) 142M->30M(150M) 1.356ms
[45.647s][info][gc,cpu      ] GC(231) User=0.02s Sys=0.00s Real=0.00s
[45.697s][info][gc,start    ] GC(232) Pause Young (Mixed) (G1 Evacuation Pause)
[45.697s][info][gc,task     ] GC(232) Using 6 workers of 6 for evacuation
[45.698s][info][gc,phases   ] GC(232)   Pre Evacuate Collection Set: 0.1ms
[45.698s][info][gc,phases   ] GC(232)   Merge Heap Roots: 0.1ms
[45.698s][info][gc,phases   ] GC(232)   Evacuate Collection Set: 0.5ms
[45.698s][info][gc,phases   ] GC(232)   Post Evacuate Collection Set: 0.2ms
[45.698s][info][gc,phases   ] GC(232)   Other: 0.2ms
[45.698s][info][gc,heap     ] GC(232) Eden regions: 5->0(87)
[45.698s][info][gc,heap     ] GC(232) Survivor regions: 2->1(1)
[45.698s][info][gc,heap     ] GC(232) Old regions: 26->26
[45.698s][info][gc,heap     ] GC(232) Archive regions: 0->0
[45.698s][info][gc,heap     ] GC(232) Humongous regions: 16->8
[45.698s][info][gc,metaspace] GC(232) Metaspace: 36347K(36672K)->36347K(36672K) NonClass: 32356K(32512K)->32356K(32512K) Class: 3991K(4160K)->3991K(4160K)
[45.698s][info][gc          ] GC(232) Pause Young (Mixed) (G1 Evacuation Pause) 47M->32M(150M) 1.121ms
[45.698s][info][gc,cpu      ] GC(232) User=0.00s Sys=0.00s Real=0.00s
[45.784s][info][gc,start    ] GC(233) Pause Young (Concurrent Start) (G1 Humongous Allocation)
[45.784s][info][gc,task     ] GC(233) Using 6 workers of 6 for evacuation
[45.785s][info][gc,phases   ] GC(233)   Pre Evacuate Collection Set: 0.2ms
[45.785s][info][gc,phases   ] GC(233)   Merge Heap Roots: 0.1ms
[45.785s][info][gc,phases   ] GC(233)   Evacuate Collection Set: 0.6ms
[45.785s][info][gc,phases   ] GC(233)   Post Evacuate Collection Set: 0.4ms
[45.785s][info][gc,phases   ] GC(233)   Other: 0.2ms
[45.785s][info][gc,heap     ] GC(233) Eden regions: 7->0(89)
[45.785s][info][gc,heap     ] GC(233) Survivor regions: 1->1(11)
[45.785s][info][gc,heap     ] GC(233) Old regions: 26->26
[45.785s][info][gc,heap     ] GC(233) Archive regions: 0->0
[45.785s][info][gc,heap     ] GC(233) Humongous regions: 8->4
[45.785s][info][gc,metaspace] GC(233) Metaspace: 36347K(36672K)->36347K(36672K) NonClass: 32356K(32512K)->32356K(32512K) Class: 3991K(4160K)->3991K(4160K)
[45.786s][info][gc          ] GC(233) Pause Young (Concurrent Start) (G1 Humongous Allocation) 39M->29M(150M) 1.506ms
[45.786s][info][gc,cpu      ] GC(233) User=0.00s Sys=0.02s Real=0.00s
[45.786s][info][gc          ] GC(234) Concurrent Mark Cycle
[45.786s][info][gc,marking  ] GC(234) Concurrent Clear Claimed Marks
[45.786s][info][gc,marking  ] GC(234) Concurrent Clear Claimed Marks 0.019ms
[45.786s][info][gc,marking  ] GC(234) Concurrent Scan Root Regions
[45.786s][info][gc,marking  ] GC(234) Concurrent Scan Root Regions 0.451ms
[45.786s][info][gc,marking  ] GC(234) Concurrent Mark
[45.786s][info][gc,marking  ] GC(234) Concurrent Mark From Roots
[45.786s][info][gc,task     ] GC(234) Using 2 workers of 2 for marking
[45.796s][info][gc,marking  ] GC(234) Concurrent Mark From Roots 9.465ms
[45.796s][info][gc,marking  ] GC(234) Concurrent Preclean
[45.796s][info][gc,marking  ] GC(234) Concurrent Preclean 0.095ms
[45.796s][info][gc,start    ] GC(234) Pause Remark
[45.798s][info][gc          ] GC(234) Pause Remark 42M->42M(147M) 2.154ms
[45.798s][info][gc,cpu      ] GC(234) User=0.00s Sys=0.00s Real=0.00s
[45.798s][info][gc,marking  ] GC(234) Concurrent Mark 12.245ms
[45.798s][info][gc,marking  ] GC(234) Concurrent Rebuild Remembered Sets
[45.802s][info][gc,marking  ] GC(234) Concurrent Rebuild Remembered Sets 3.933ms
[45.803s][info][gc,start    ] GC(234) Pause Cleanup
[45.803s][info][gc          ] GC(234) Pause Cleanup 43M->43M(147M) 0.133ms
[45.803s][info][gc,cpu      ] GC(234) User=0.00s Sys=0.00s Real=0.00s
[45.803s][info][gc,marking  ] GC(234) Concurrent Cleanup for Next Mark
[45.803s][info][gc,marking  ] GC(234) Concurrent Cleanup for Next Mark 0.115ms
[45.803s][info][gc          ] GC(234) Concurrent Mark Cycle 17.427ms
[46.232s][info][gc,start    ] GC(235) Pause Young (Prepare Mixed) (G1 Preventive Collection)
[46.232s][info][gc,task     ] GC(235) Using 6 workers of 6 for evacuation
[46.234s][info][gc,phases   ] GC(235)   Pre Evacuate Collection Set: 0.2ms
[46.234s][info][gc,phases   ] GC(235)   Merge Heap Roots: 0.1ms
[46.234s][info][gc,phases   ] GC(235)   Evacuate Collection Set: 0.6ms
[46.234s][info][gc,phases   ] GC(235)   Post Evacuate Collection Set: 0.6ms
[46.234s][info][gc,phases   ] GC(235)   Other: 0.2ms
[46.234s][info][gc,heap     ] GC(235) Eden regions: 52->0(5)
[46.234s][info][gc,heap     ] GC(235) Survivor regions: 1->2(11)
[46.234s][info][gc,heap     ] GC(235) Old regions: 26->26
[46.234s][info][gc,heap     ] GC(235) Archive regions: 0->0
[46.234s][info][gc,heap     ] GC(235) Humongous regions: 64->4
[46.234s][info][gc,metaspace] GC(235) Metaspace: 36355K(36736K)->36355K(36736K) NonClass: 32363K(32576K)->32363K(32576K) Class: 3991K(4160K)->3991K(4160K)
[46.234s][info][gc          ] GC(235) Pause Young (Prepare Mixed) (G1 Preventive Collection) 141M->29M(147M) 1.713ms
[46.234s][info][gc,cpu      ] GC(235) User=0.00s Sys=0.00s Real=0.00s
[46.339s][info][gc,start    ] GC(236) Pause Young (Mixed) (GCLocker Initiated GC)
[46.339s][info][gc,task     ] GC(236) Using 6 workers of 6 for evacuation
[46.341s][info][gc,phases   ] GC(236)   Pre Evacuate Collection Set: 0.2ms
[46.341s][info][gc,phases   ] GC(236)   Merge Heap Roots: 0.1ms
[46.341s][info][gc,phases   ] GC(236)   Evacuate Collection Set: 0.9ms
[46.341s][info][gc,phases   ] GC(236)   Post Evacuate Collection Set: 0.6ms
[46.341s][info][gc,phases   ] GC(236)   Other: 0.3ms
[46.341s][info][gc,heap     ] GC(236) Eden regions: 5->0(87)
[46.341s][info][gc,heap     ] GC(236) Survivor regions: 2->1(1)
[46.341s][info][gc,heap     ] GC(236) Old regions: 26->26
[46.341s][info][gc,heap     ] GC(236) Archive regions: 0->0
[46.341s][info][gc,heap     ] GC(236) Humongous regions: 16->8
[46.341s][info][gc,metaspace] GC(236) Metaspace: 36355K(36736K)->36355K(36736K) NonClass: 32363K(32576K)->32363K(32576K) Class: 3991K(4160K)->3991K(4160K)
[46.341s][info][gc          ] GC(236) Pause Young (Mixed) (GCLocker Initiated GC) 46M->32M(147M) 2.180ms
[46.341s][info][gc,cpu      ] GC(236) User=0.00s Sys=0.00s Real=0.00s
[46.440s][info][gc,start    ] GC(237) Pause Young (Concurrent Start) (G1 Humongous Allocation)
[46.441s][info][gc,task     ] GC(237) Using 6 workers of 6 for evacuation
[46.442s][info][gc,phases   ] GC(237)   Pre Evacuate Collection Set: 0.1ms
[46.442s][info][gc,phases   ] GC(237)   Merge Heap Roots: 0.1ms
[46.442s][info][gc,phases   ] GC(237)   Evacuate Collection Set: 0.7ms
[46.442s][info][gc,phases   ] GC(237)   Post Evacuate Collection Set: 0.5ms
[46.442s][info][gc,phases   ] GC(237)   Other: 0.2ms
[46.442s][info][gc,heap     ] GC(237) Eden regions: 13->0(87)
[46.442s][info][gc,heap     ] GC(237) Survivor regions: 1->1(11)
[46.442s][info][gc,heap     ] GC(237) Old regions: 26->26
[46.442s][info][gc,heap     ] GC(237) Archive regions: 0->0
[46.442s][info][gc,heap     ] GC(237) Humongous regions: 8->4
[46.442s][info][gc,metaspace] GC(237) Metaspace: 36358K(36736K)->36358K(36736K) NonClass: 32367K(32576K)->32367K(32576K) Class: 3991K(4160K)->3991K(4160K)
[46.442s][info][gc          ] GC(237) Pause Young (Concurrent Start) (G1 Humongous Allocation) 44M->28M(147M) 1.769ms
[46.442s][info][gc,cpu      ] GC(237) User=0.00s Sys=0.00s Real=0.00s
[46.442s][info][gc          ] GC(238) Concurrent Mark Cycle
[46.442s][info][gc,marking  ] GC(238) Concurrent Clear Claimed Marks
[46.442s][info][gc,marking  ] GC(238) Concurrent Clear Claimed Marks 0.025ms
[46.442s][info][gc,marking  ] GC(238) Concurrent Scan Root Regions
[46.443s][info][gc,marking  ] GC(238) Concurrent Scan Root Regions 0.664ms
[46.443s][info][gc,marking  ] GC(238) Concurrent Mark
[46.443s][info][gc,marking  ] GC(238) Concurrent Mark From Roots
[46.443s][info][gc,task     ] GC(238) Using 2 workers of 2 for marking
[46.452s][info][gc,marking  ] GC(238) Concurrent Mark From Roots 8.673ms
[46.452s][info][gc,marking  ] GC(238) Concurrent Preclean
[46.452s][info][gc,marking  ] GC(238) Concurrent Preclean 0.096ms
[46.452s][info][gc,start    ] GC(238) Pause Remark
[46.456s][info][gc          ] GC(238) Pause Remark 42M->42M(147M) 3.351ms
[46.456s][info][gc,cpu      ] GC(238) User=0.00s Sys=0.00s Real=0.00s
[46.456s][info][gc,marking  ] GC(238) Concurrent Mark 12.650ms
[46.456s][info][gc,marking  ] GC(238) Concurrent Rebuild Remembered Sets
[46.460s][info][gc,marking  ] GC(238) Concurrent Rebuild Remembered Sets 4.418ms
[46.460s][info][gc,start    ] GC(238) Pause Cleanup
[46.461s][info][gc          ] GC(238) Pause Cleanup 42M->42M(147M) 0.137ms
[46.461s][info][gc,cpu      ] GC(238) User=0.00s Sys=0.00s Real=0.00s
[46.461s][info][gc,marking  ] GC(238) Concurrent Cleanup for Next Mark
[46.461s][info][gc,marking  ] GC(238) Concurrent Cleanup for Next Mark 0.159ms
[46.461s][info][gc          ] GC(238) Concurrent Mark Cycle 18.574ms
[46.891s][info][gc,start    ] GC(239) Pause Young (Prepare Mixed) (G1 Preventive Collection)
[46.891s][info][gc,task     ] GC(239) Using 6 workers of 6 for evacuation
[46.892s][info][gc,phases   ] GC(239)   Pre Evacuate Collection Set: 0.2ms
[46.892s][info][gc,phases   ] GC(239)   Merge Heap Roots: 0.1ms
[46.892s][info][gc,phases   ] GC(239)   Evacuate Collection Set: 0.6ms
[46.892s][info][gc,phases   ] GC(239)   Post Evacuate Collection Set: 0.5ms
[46.892s][info][gc,phases   ] GC(239)   Other: 0.2ms
[46.892s][info][gc,heap     ] GC(239) Eden regions: 53->0(5)
[46.892s][info][gc,heap     ] GC(239) Survivor regions: 1->2(11)
[46.892s][info][gc,heap     ] GC(239) Old regions: 26->26
[46.892s][info][gc,heap     ] GC(239) Archive regions: 0->0
[46.892s][info][gc,heap     ] GC(239) Humongous regions: 64->4
[46.892s][info][gc,metaspace] GC(239) Metaspace: 36425K(36736K)->36425K(36736K) NonClass: 32433K(32576K)->32433K(32576K) Class: 3991K(4160K)->3991K(4160K)
[46.892s][info][gc          ] GC(239) Pause Young (Prepare Mixed) (G1 Preventive Collection) 141M->29M(147M) 1.633ms
[46.892s][info][gc,cpu      ] GC(239) User=0.00s Sys=0.00s Real=0.00s
[46.978s][info][gc,start    ] GC(240) Pause Young (Mixed) (G1 Evacuation Pause)
[46.978s][info][gc,task     ] GC(240) Using 6 workers of 6 for evacuation
[46.979s][info][gc,phases   ] GC(240)   Pre Evacuate Collection Set: 0.2ms
[46.979s][info][gc,phases   ] GC(240)   Merge Heap Roots: 0.1ms
[46.979s][info][gc,phases   ] GC(240)   Evacuate Collection Set: 0.8ms
[46.979s][info][gc,phases   ] GC(240)   Post Evacuate Collection Set: 0.5ms
[46.979s][info][gc,phases   ] GC(240)   Other: 0.2ms
[46.979s][info][gc,heap     ] GC(240) Eden regions: 5->0(87)
[46.979s][info][gc,heap     ] GC(240) Survivor regions: 2->1(1)
[46.979s][info][gc,heap     ] GC(240) Old regions: 26->26
[46.979s][info][gc,heap     ] GC(240) Archive regions: 0->0
[46.979s][info][gc,heap     ] GC(240) Humongous regions: 16->8
[46.979s][info][gc,metaspace] GC(240) Metaspace: 36494K(36800K)->36494K(36800K) NonClass: 32503K(32640K)->32503K(32640K) Class: 3991K(4160K)->3991K(4160K)
[46.979s][info][gc          ] GC(240) Pause Young (Mixed) (G1 Evacuation Pause) 46M->32M(147M) 1.830ms
[46.979s][info][gc,cpu      ] GC(240) User=0.00s Sys=0.00s Real=0.00s
[47.067s][info][gc,start    ] GC(241) Pause Young (Concurrent Start) (G1 Humongous Allocation)
[47.067s][info][gc,task     ] GC(241) Using 6 workers of 6 for evacuation
[47.070s][info][gc,phases   ] GC(241)   Pre Evacuate Collection Set: 0.3ms
[47.070s][info][gc,phases   ] GC(241)   Merge Heap Roots: 0.1ms
[47.070s][info][gc,phases   ] GC(241)   Evacuate Collection Set: 1.6ms
[47.070s][info][gc,phases   ] GC(241)   Post Evacuate Collection Set: 0.7ms
[47.070s][info][gc,phases   ] GC(241)   Other: 0.6ms
[47.070s][info][gc,heap     ] GC(241) Eden regions: 11->0(87)
[47.070s][info][gc,heap     ] GC(241) Survivor regions: 1->1(11)
[47.070s][info][gc,heap     ] GC(241) Old regions: 26->26
[47.070s][info][gc,heap     ] GC(241) Archive regions: 0->0
[47.070s][info][gc,heap     ] GC(241) Humongous regions: 8->4
[47.071s][info][gc,metaspace] GC(241) Metaspace: 36496K(36800K)->36496K(36800K) NonClass: 32505K(32640K)->32505K(32640K) Class: 3991K(4160K)->3991K(4160K)
[47.071s][info][gc          ] GC(241) Pause Young (Concurrent Start) (G1 Humongous Allocation) 42M->28M(147M) 3.556ms
[47.071s][info][gc,cpu      ] GC(241) User=0.00s Sys=0.02s Real=0.00s
[47.071s][info][gc          ] GC(242) Concurrent Mark Cycle
[47.071s][info][gc,marking  ] GC(242) Concurrent Clear Claimed Marks
[47.071s][info][gc,marking  ] GC(242) Concurrent Clear Claimed Marks 0.058ms
[47.071s][info][gc,marking  ] GC(242) Concurrent Scan Root Regions
[47.072s][info][gc,marking  ] GC(242) Concurrent Scan Root Regions 1.463ms
[47.073s][info][gc,marking  ] GC(242) Concurrent Mark
[47.073s][info][gc,marking  ] GC(242) Concurrent Mark From Roots
[47.073s][info][gc,task     ] GC(242) Using 2 workers of 2 for marking
[47.090s][info][gc,marking  ] GC(242) Concurrent Mark From Roots 17.169ms
[47.090s][info][gc,marking  ] GC(242) Concurrent Preclean
[47.090s][info][gc,marking  ] GC(242) Concurrent Preclean 0.199ms
[47.090s][info][gc,start    ] GC(242) Pause Remark
[47.093s][info][gc          ] GC(242) Pause Remark 42M->42M(147M) 2.393ms
[47.093s][info][gc,cpu      ] GC(242) User=0.00s Sys=0.00s Real=0.00s
[47.093s][info][gc,marking  ] GC(242) Concurrent Mark 20.430ms
[47.093s][info][gc,marking  ] GC(242) Concurrent Rebuild Remembered Sets
[47.098s][info][gc,marking  ] GC(242) Concurrent Rebuild Remembered Sets 5.384ms
[47.099s][info][gc,start    ] GC(242) Pause Cleanup
[47.099s][info][gc          ] GC(242) Pause Cleanup 42M->42M(147M) 0.151ms
[47.099s][info][gc,cpu      ] GC(242) User=0.00s Sys=0.00s Real=0.00s
[47.099s][info][gc,marking  ] GC(242) Concurrent Cleanup for Next Mark
[47.099s][info][gc,marking  ] GC(242) Concurrent Cleanup for Next Mark 0.172ms
[47.099s][info][gc          ] GC(242) Concurrent Mark Cycle 28.412ms
[47.586s][info][gc,start    ] GC(243) Pause Young (Prepare Mixed) (G1 Preventive Collection)
[47.586s][info][gc,task     ] GC(243) Using 6 workers of 6 for evacuation
[47.587s][info][gc,phases   ] GC(243)   Pre Evacuate Collection Set: 0.2ms
[47.587s][info][gc,phases   ] GC(243)   Merge Heap Roots: 0.1ms
[47.587s][info][gc,phases   ] GC(243)   Evacuate Collection Set: 0.5ms
[47.587s][info][gc,phases   ] GC(243)   Post Evacuate Collection Set: 0.6ms
[47.587s][info][gc,phases   ] GC(243)   Other: 0.2ms
[47.587s][info][gc,heap     ] GC(243) Eden regions: 54->0(5)
[47.587s][info][gc,heap     ] GC(243) Survivor regions: 1->2(11)
[47.587s][info][gc,heap     ] GC(243) Old regions: 26->26
[47.587s][info][gc,heap     ] GC(243) Archive regions: 0->0
[47.587s][info][gc,heap     ] GC(243) Humongous regions: 64->4
[47.587s][info][gc,metaspace] GC(243) Metaspace: 36508K(36800K)->36508K(36800K) NonClass: 32516K(32640K)->32516K(32640K) Class: 3991K(4160K)->3991K(4160K)
[47.587s][info][gc          ] GC(243) Pause Young (Prepare Mixed) (G1 Preventive Collection) 141M->29M(147M) 1.607ms
[47.587s][info][gc,cpu      ] GC(243) User=0.00s Sys=0.00s Real=0.00s
[47.677s][info][gc,start    ] GC(244) Pause Young (Mixed) (G1 Evacuation Pause)
[47.677s][info][gc,task     ] GC(244) Using 6 workers of 6 for evacuation
[47.678s][info][gc,phases   ] GC(244)   Pre Evacuate Collection Set: 0.2ms
[47.678s][info][gc,phases   ] GC(244)   Merge Heap Roots: 0.1ms
[47.678s][info][gc,phases   ] GC(244)   Evacuate Collection Set: 0.7ms
[47.678s][info][gc,phases   ] GC(244)   Post Evacuate Collection Set: 0.4ms
[47.678s][info][gc,phases   ] GC(244)   Other: 0.2ms
[47.678s][info][gc,heap     ] GC(244) Eden regions: 5->0(87)
[47.678s][info][gc,heap     ] GC(244) Survivor regions: 2->1(1)
[47.678s][info][gc,heap     ] GC(244) Old regions: 26->26
[47.678s][info][gc,heap     ] GC(244) Archive regions: 0->0
[47.678s][info][gc,heap     ] GC(244) Humongous regions: 16->8
[47.678s][info][gc,metaspace] GC(244) Metaspace: 36508K(36800K)->36508K(36800K) NonClass: 32516K(32640K)->32516K(32640K) Class: 3991K(4160K)->3991K(4160K)
[47.678s][info][gc          ] GC(244) Pause Young (Mixed) (G1 Evacuation Pause) 46M->32M(147M) 1.625ms
[47.678s][info][gc,cpu      ] GC(244) User=0.00s Sys=0.00s Real=0.00s
[47.764s][info][gc,start    ] GC(245) Pause Young (Concurrent Start) (G1 Humongous Allocation)
[47.764s][info][gc,task     ] GC(245) Using 6 workers of 6 for evacuation
[47.765s][info][gc,phases   ] GC(245)   Pre Evacuate Collection Set: 0.2ms
[47.765s][info][gc,phases   ] GC(245)   Merge Heap Roots: 0.1ms
[47.765s][info][gc,phases   ] GC(245)   Evacuate Collection Set: 0.7ms
[47.765s][info][gc,phases   ] GC(245)   Post Evacuate Collection Set: 0.6ms
[47.765s][info][gc,phases   ] GC(245)   Other: 0.3ms
[47.765s][info][gc,heap     ] GC(245) Eden regions: 11->0(87)
[47.765s][info][gc,heap     ] GC(245) Survivor regions: 1->1(11)
[47.765s][info][gc,heap     ] GC(245) Old regions: 26->26
[47.765s][info][gc,heap     ] GC(245) Archive regions: 0->0
[47.765s][info][gc,heap     ] GC(245) Humongous regions: 8->4
[47.765s][info][gc,metaspace] GC(245) Metaspace: 36508K(36800K)->36508K(36800K) NonClass: 32516K(32640K)->32516K(32640K) Class: 3991K(4160K)->3991K(4160K)
[47.765s][info][gc          ] GC(245) Pause Young (Concurrent Start) (G1 Humongous Allocation) 43M->28M(147M) 1.862ms
[47.766s][info][gc,cpu      ] GC(245) User=0.00s Sys=0.00s Real=0.00s
[47.766s][info][gc          ] GC(246) Concurrent Mark Cycle
[47.766s][info][gc,marking  ] GC(246) Concurrent Clear Claimed Marks
[47.766s][info][gc,marking  ] GC(246) Concurrent Clear Claimed Marks 0.022ms
[47.766s][info][gc,marking  ] GC(246) Concurrent Scan Root Regions
[47.766s][info][gc,marking  ] GC(246) Concurrent Scan Root Regions 0.524ms
[47.766s][info][gc,marking  ] GC(246) Concurrent Mark
[47.766s][info][gc,marking  ] GC(246) Concurrent Mark From Roots
[47.766s][info][gc,task     ] GC(246) Using 2 workers of 2 for marking
[47.776s][info][gc,marking  ] GC(246) Concurrent Mark From Roots 9.691ms
[47.776s][info][gc,marking  ] GC(246) Concurrent Preclean
[47.776s][info][gc,marking  ] GC(246) Concurrent Preclean 0.104ms
[47.776s][info][gc,start    ] GC(246) Pause Remark
[47.779s][info][gc          ] GC(246) Pause Remark 42M->42M(147M) 2.983ms
[47.779s][info][gc,cpu      ] GC(246) User=0.00s Sys=0.00s Real=0.00s
[47.780s][info][gc,marking  ] GC(246) Concurrent Mark 13.326ms
[47.780s][info][gc,marking  ] GC(246) Concurrent Rebuild Remembered Sets
[47.784s][info][gc,marking  ] GC(246) Concurrent Rebuild Remembered Sets 4.009ms
[47.784s][info][gc,start    ] GC(246) Pause Cleanup
[47.784s][info][gc          ] GC(246) Pause Cleanup 43M->43M(147M) 0.158ms
[47.784s][info][gc,cpu      ] GC(246) User=0.00s Sys=0.00s Real=0.00s
[47.784s][info][gc,marking  ] GC(246) Concurrent Cleanup for Next Mark
[47.784s][info][gc,marking  ] GC(246) Concurrent Cleanup for Next Mark 0.141ms
[47.784s][info][gc          ] GC(246) Concurrent Mark Cycle 18.695ms
[48.270s][info][gc,start    ] GC(247) Pause Young (Prepare Mixed) (G1 Preventive Collection)
[48.270s][info][gc,task     ] GC(247) Using 6 workers of 6 for evacuation
[48.272s][info][gc,phases   ] GC(247)   Pre Evacuate Collection Set: 0.2ms
[48.272s][info][gc,phases   ] GC(247)   Merge Heap Roots: 0.1ms
[48.272s][info][gc,phases   ] GC(247)   Evacuate Collection Set: 0.5ms
[48.272s][info][gc,phases   ] GC(247)   Post Evacuate Collection Set: 0.6ms
[48.272s][info][gc,phases   ] GC(247)   Other: 0.2ms
[48.272s][info][gc,heap     ] GC(247) Eden regions: 52->0(5)
[48.272s][info][gc,heap     ] GC(247) Survivor regions: 1->2(11)
[48.272s][info][gc,heap     ] GC(247) Old regions: 26->26
[48.272s][info][gc,heap     ] GC(247) Archive regions: 0->0
[48.272s][info][gc,heap     ] GC(247) Humongous regions: 64->4
[48.272s][info][gc,metaspace] GC(247) Metaspace: 36508K(36800K)->36508K(36800K) NonClass: 32516K(32640K)->32516K(32640K) Class: 3991K(4160K)->3991K(4160K)
[48.272s][info][gc          ] GC(247) Pause Young (Prepare Mixed) (G1 Preventive Collection) 139M->29M(147M) 1.671ms
[48.272s][info][gc,cpu      ] GC(247) User=0.00s Sys=0.00s Real=0.00s
[48.299s][info][gc,start    ] GC(248) Pause Young (Mixed) (G1 Evacuation Pause)
[48.299s][info][gc,task     ] GC(248) Using 6 workers of 6 for evacuation
[48.301s][info][gc,phases   ] GC(248)   Pre Evacuate Collection Set: 0.2ms
[48.301s][info][gc,phases   ] GC(248)   Merge Heap Roots: 0.1ms
[48.301s][info][gc,phases   ] GC(248)   Evacuate Collection Set: 0.6ms
[48.301s][info][gc,phases   ] GC(248)   Post Evacuate Collection Set: 0.6ms
[48.301s][info][gc,phases   ] GC(248)   Other: 0.2ms
[48.301s][info][gc,heap     ] GC(248) Eden regions: 5->0(87)
[48.301s][info][gc,heap     ] GC(248) Survivor regions: 2->1(1)
[48.301s][info][gc,heap     ] GC(248) Old regions: 26->26
[48.301s][info][gc,heap     ] GC(248) Archive regions: 0->0
[48.301s][info][gc,heap     ] GC(248) Humongous regions: 16->4
[48.301s][info][gc,metaspace] GC(248) Metaspace: 36508K(36800K)->36508K(36800K) NonClass: 32516K(32640K)->32516K(32640K) Class: 3991K(4160K)->3991K(4160K)
[48.301s][info][gc          ] GC(248) Pause Young (Mixed) (G1 Evacuation Pause) 46M->28M(147M) 1.723ms
[48.301s][info][gc,cpu      ] GC(248) User=0.00s Sys=0.00s Real=0.00s
[48.374s][info][gc,start    ] GC(249) Pause Young (Concurrent Start) (G1 Humongous Allocation)
[48.374s][info][gc,task     ] GC(249) Using 6 workers of 6 for evacuation
[48.375s][info][gc,phases   ] GC(249)   Pre Evacuate Collection Set: 0.2ms
[48.375s][info][gc,phases   ] GC(249)   Merge Heap Roots: 0.1ms
[48.375s][info][gc,phases   ] GC(249)   Evacuate Collection Set: 0.7ms
[48.375s][info][gc,phases   ] GC(249)   Post Evacuate Collection Set: 0.5ms
[48.375s][info][gc,phases   ] GC(249)   Other: 0.2ms
[48.375s][info][gc,heap     ] GC(249) Eden regions: 4->0(87)
[48.375s][info][gc,heap     ] GC(249) Survivor regions: 1->1(11)
[48.375s][info][gc,heap     ] GC(249) Old regions: 26->26
[48.375s][info][gc,heap     ] GC(249) Archive regions: 0->0
[48.375s][info][gc,heap     ] GC(249) Humongous regions: 4->4
[48.375s][info][gc,metaspace] GC(249) Metaspace: 36508K(36800K)->36508K(36800K) NonClass: 32516K(32640K)->32516K(32640K) Class: 3991K(4160K)->3991K(4160K)
[48.375s][info][gc          ] GC(249) Pause Young (Concurrent Start) (G1 Humongous Allocation) 31M->28M(147M) 1.782ms
[48.375s][info][gc,cpu      ] GC(249) User=0.00s Sys=0.00s Real=0.00s
[48.375s][info][gc          ] GC(250) Concurrent Mark Cycle
[48.375s][info][gc,marking  ] GC(250) Concurrent Clear Claimed Marks
[48.375s][info][gc,marking  ] GC(250) Concurrent Clear Claimed Marks 0.030ms
[48.375s][info][gc,marking  ] GC(250) Concurrent Scan Root Regions
[48.376s][info][gc,marking  ] GC(250) Concurrent Scan Root Regions 0.361ms
[48.376s][info][gc,marking  ] GC(250) Concurrent Mark
[48.376s][info][gc,marking  ] GC(250) Concurrent Mark From Roots
[48.376s][info][gc,task     ] GC(250) Using 2 workers of 2 for marking
[48.384s][info][gc,marking  ] GC(250) Concurrent Mark From Roots 8.329ms
[48.384s][info][gc,marking  ] GC(250) Concurrent Preclean
[48.384s][info][gc,marking  ] GC(250) Concurrent Preclean 0.086ms
[48.385s][info][gc,start    ] GC(250) Pause Remark
[48.389s][info][gc          ] GC(250) Pause Remark 41M->41M(147M) 4.279ms
[48.389s][info][gc,cpu      ] GC(250) User=0.00s Sys=0.00s Real=0.01s
[48.389s][info][gc,marking  ] GC(250) Concurrent Mark 13.519ms
[48.389s][info][gc,marking  ] GC(250) Concurrent Rebuild Remembered Sets
[48.394s][info][gc,marking  ] GC(250) Concurrent Rebuild Remembered Sets 4.264ms
[48.394s][info][gc,start    ] GC(250) Pause Cleanup
[48.394s][info][gc          ] GC(250) Pause Cleanup 42M->42M(147M) 0.147ms
[48.394s][info][gc,cpu      ] GC(250) User=0.00s Sys=0.00s Real=0.00s
[48.394s][info][gc,marking  ] GC(250) Concurrent Cleanup for Next Mark
[48.394s][info][gc,marking  ] GC(250) Concurrent Cleanup for Next Mark 0.160ms
[48.394s][info][gc          ] GC(250) Concurrent Mark Cycle 19.012ms
[48.837s][info][gc,start    ] GC(251) Pause Young (Prepare Mixed) (G1 Preventive Collection)
[48.837s][info][gc,task     ] GC(251) Using 6 workers of 6 for evacuation
[48.839s][info][gc,phases   ] GC(251)   Pre Evacuate Collection Set: 0.2ms
[48.839s][info][gc,phases   ] GC(251)   Merge Heap Roots: 0.1ms
[48.839s][info][gc,phases   ] GC(251)   Evacuate Collection Set: 0.8ms
[48.839s][info][gc,phases   ] GC(251)   Post Evacuate Collection Set: 0.5ms
[48.839s][info][gc,phases   ] GC(251)   Other: 0.2ms
[48.839s][info][gc,heap     ] GC(251) Eden regions: 54->0(5)
[48.839s][info][gc,heap     ] GC(251) Survivor regions: 1->2(11)
[48.839s][info][gc,heap     ] GC(251) Old regions: 26->26
[48.839s][info][gc,heap     ] GC(251) Archive regions: 0->0
[48.839s][info][gc,heap     ] GC(251) Humongous regions: 64->4
[48.839s][info][gc,metaspace] GC(251) Metaspace: 36515K(36864K)->36515K(36864K) NonClass: 32523K(32704K)->32523K(32704K) Class: 3991K(4160K)->3991K(4160K)
[48.839s][info][gc          ] GC(251) Pause Young (Prepare Mixed) (G1 Preventive Collection) 142M->29M(147M) 1.925ms
[48.839s][info][gc,cpu      ] GC(251) User=0.00s Sys=0.00s Real=0.00s
[48.932s][info][gc,start    ] GC(252) Pause Young (Mixed) (G1 Evacuation Pause)
[48.932s][info][gc,task     ] GC(252) Using 6 workers of 6 for evacuation
[48.933s][info][gc,phases   ] GC(252)   Pre Evacuate Collection Set: 0.2ms
[48.933s][info][gc,phases   ] GC(252)   Merge Heap Roots: 0.1ms
[48.933s][info][gc,phases   ] GC(252)   Evacuate Collection Set: 0.5ms
[48.933s][info][gc,phases   ] GC(252)   Post Evacuate Collection Set: 0.5ms
[48.933s][info][gc,phases   ] GC(252)   Other: 0.1ms
[48.933s][info][gc,heap     ] GC(252) Eden regions: 5->0(87)
[48.933s][info][gc,heap     ] GC(252) Survivor regions: 2->1(1)
[48.933s][info][gc,heap     ] GC(252) Old regions: 26->26
[48.933s][info][gc,heap     ] GC(252) Archive regions: 0->0
[48.933s][info][gc,heap     ] GC(252) Humongous regions: 16->8
[48.933s][info][gc,metaspace] GC(252) Metaspace: 36515K(36864K)->36515K(36864K) NonClass: 32523K(32704K)->32523K(32704K) Class: 3991K(4160K)->3991K(4160K)
[48.933s][info][gc          ] GC(252) Pause Young (Mixed) (G1 Evacuation Pause) 46M->33M(147M) 1.477ms
[48.933s][info][gc,cpu      ] GC(252) User=0.00s Sys=0.00s Real=0.00s
[49.016s][info][gc,start    ] GC(253) Pause Young (Concurrent Start) (G1 Humongous Allocation)
[49.016s][info][gc,task     ] GC(253) Using 6 workers of 6 for evacuation
[49.018s][info][gc,phases   ] GC(253)   Pre Evacuate Collection Set: 0.1ms
[49.018s][info][gc,phases   ] GC(253)   Merge Heap Roots: 0.1ms
[49.018s][info][gc,phases   ] GC(253)   Evacuate Collection Set: 0.7ms
[49.018s][info][gc,phases   ] GC(253)   Post Evacuate Collection Set: 0.5ms
[49.018s][info][gc,phases   ] GC(253)   Other: 0.2ms
[49.018s][info][gc,heap     ] GC(253) Eden regions: 6->0(87)
[49.018s][info][gc,heap     ] GC(253) Survivor regions: 1->1(11)
[49.018s][info][gc,heap     ] GC(253) Old regions: 26->26
[49.018s][info][gc,heap     ] GC(253) Archive regions: 0->0
[49.018s][info][gc,heap     ] GC(253) Humongous regions: 8->4
[49.018s][info][gc,metaspace] GC(253) Metaspace: 36515K(36864K)->36515K(36864K) NonClass: 32523K(32704K)->32523K(32704K) Class: 3991K(4160K)->3991K(4160K)
[49.018s][info][gc          ] GC(253) Pause Young (Concurrent Start) (G1 Humongous Allocation) 38M->29M(147M) 1.714ms
[49.018s][info][gc,cpu      ] GC(253) User=0.00s Sys=0.00s Real=0.00s
[49.018s][info][gc          ] GC(254) Concurrent Mark Cycle
[49.018s][info][gc,marking  ] GC(254) Concurrent Clear Claimed Marks
[49.018s][info][gc,marking  ] GC(254) Concurrent Clear Claimed Marks 0.025ms
[49.018s][info][gc,marking  ] GC(254) Concurrent Scan Root Regions
[49.019s][info][gc,marking  ] GC(254) Concurrent Scan Root Regions 0.344ms
[49.019s][info][gc,marking  ] GC(254) Concurrent Mark
[49.019s][info][gc,marking  ] GC(254) Concurrent Mark From Roots
[49.019s][info][gc,task     ] GC(254) Using 2 workers of 2 for marking
[49.029s][info][gc,marking  ] GC(254) Concurrent Mark From Roots 9.872ms
[49.029s][info][gc,marking  ] GC(254) Concurrent Preclean
[49.029s][info][gc,marking  ] GC(254) Concurrent Preclean 0.095ms
[49.029s][info][gc,start    ] GC(254) Pause Remark
[49.033s][info][gc          ] GC(254) Pause Remark 42M->42M(147M) 4.067ms
[49.033s][info][gc,cpu      ] GC(254) User=0.00s Sys=0.00s Real=0.00s
[49.033s][info][gc,marking  ] GC(254) Concurrent Mark 14.556ms
[49.033s][info][gc,marking  ] GC(254) Concurrent Rebuild Remembered Sets
[49.038s][info][gc,marking  ] GC(254) Concurrent Rebuild Remembered Sets 4.529ms
[49.038s][info][gc,start    ] GC(254) Pause Cleanup
[49.038s][info][gc          ] GC(254) Pause Cleanup 43M->43M(147M) 0.243ms
[49.039s][info][gc,cpu      ] GC(254) User=0.00s Sys=0.00s Real=0.00s
[49.039s][info][gc,marking  ] GC(254) Concurrent Cleanup for Next Mark
[49.039s][info][gc,marking  ] GC(254) Concurrent Cleanup for Next Mark 0.235ms
[49.039s][info][gc          ] GC(254) Concurrent Mark Cycle 20.804ms
[49.556s][info][gc,start    ] GC(255) Pause Young (Prepare Mixed) (G1 Preventive Collection)
[49.556s][info][gc,task     ] GC(255) Using 6 workers of 6 for evacuation
[49.558s][info][gc,phases   ] GC(255)   Pre Evacuate Collection Set: 0.2ms
[49.558s][info][gc,phases   ] GC(255)   Merge Heap Roots: 0.1ms
[49.558s][info][gc,phases   ] GC(255)   Evacuate Collection Set: 0.5ms
[49.558s][info][gc,phases   ] GC(255)   Post Evacuate Collection Set: 0.7ms
[49.558s][info][gc,phases   ] GC(255)   Other: 0.2ms
[49.558s][info][gc,heap     ] GC(255) Eden regions: 51->0(6)
[49.558s][info][gc,heap     ] GC(255) Survivor regions: 1->1(11)
[49.558s][info][gc,heap     ] GC(255) Old regions: 26->26
[49.558s][info][gc,heap     ] GC(255) Archive regions: 0->0
[49.558s][info][gc,heap     ] GC(255) Humongous regions: 64->4
[49.558s][info][gc,metaspace] GC(255) Metaspace: 36516K(36864K)->36516K(36864K) NonClass: 32524K(32704K)->32524K(32704K) Class: 3991K(4160K)->3991K(4160K)
[49.558s][info][gc          ] GC(255) Pause Young (Prepare Mixed) (G1 Preventive Collection) 139M->29M(147M) 1.772ms
[49.558s][info][gc,cpu      ] GC(255) User=0.00s Sys=0.00s Real=0.00s
[49.585s][info][gc,start    ] GC(256) Pause Young (Mixed) (G1 Evacuation Pause)
[49.585s][info][gc,task     ] GC(256) Using 6 workers of 6 for evacuation
[49.587s][info][gc,phases   ] GC(256)   Pre Evacuate Collection Set: 0.2ms
[49.587s][info][gc,phases   ] GC(256)   Merge Heap Roots: 0.1ms
[49.587s][info][gc,phases   ] GC(256)   Evacuate Collection Set: 0.7ms
[49.587s][info][gc,phases   ] GC(256)   Post Evacuate Collection Set: 0.2ms
[49.587s][info][gc,phases   ] GC(256)   Other: 0.3ms
[49.587s][info][gc,heap     ] GC(256) Eden regions: 6->0(87)
[49.587s][info][gc,heap     ] GC(256) Survivor regions: 1->1(1)
[49.587s][info][gc,heap     ] GC(256) Old regions: 26->26
[49.587s][info][gc,heap     ] GC(256) Archive regions: 0->0
[49.587s][info][gc,heap     ] GC(256) Humongous regions: 16->4
[49.587s][info][gc,metaspace] GC(256) Metaspace: 36516K(36864K)->36516K(36864K) NonClass: 32524K(32704K)->32524K(32704K) Class: 3991K(4160K)->3991K(4160K)
[49.587s][info][gc          ] GC(256) Pause Young (Mixed) (G1 Evacuation Pause) 47M->30M(147M) 1.656ms
[49.587s][info][gc,cpu      ] GC(256) User=0.00s Sys=0.00s Real=0.00s
[49.662s][info][gc,start    ] GC(257) Pause Young (Concurrent Start) (G1 Humongous Allocation)
[49.662s][info][gc,task     ] GC(257) Using 6 workers of 6 for evacuation
[49.663s][info][gc,phases   ] GC(257)   Pre Evacuate Collection Set: 0.2ms
[49.663s][info][gc,phases   ] GC(257)   Merge Heap Roots: 0.1ms
[49.663s][info][gc,phases   ] GC(257)   Evacuate Collection Set: 0.7ms
[49.663s][info][gc,phases   ] GC(257)   Post Evacuate Collection Set: 0.4ms
[49.663s][info][gc,phases   ] GC(257)   Other: 0.2ms
[49.663s][info][gc,heap     ] GC(257) Eden regions: 3->0(87)
[49.663s][info][gc,heap     ] GC(257) Survivor regions: 1->1(11)
[49.663s][info][gc,heap     ] GC(257) Old regions: 26->26
[49.663s][info][gc,heap     ] GC(257) Archive regions: 0->0
[49.663s][info][gc,heap     ] GC(257) Humongous regions: 4->4
[49.663s][info][gc,metaspace] GC(257) Metaspace: 36516K(36864K)->36516K(36864K) NonClass: 32524K(32704K)->32524K(32704K) Class: 3991K(4160K)->3991K(4160K)
[49.663s][info][gc          ] GC(257) Pause Young (Concurrent Start) (G1 Humongous Allocation) 32M->29M(147M) 1.677ms
[49.664s][info][gc,cpu      ] GC(257) User=0.00s Sys=0.00s Real=0.00s
[49.664s][info][gc          ] GC(258) Concurrent Mark Cycle
[49.664s][info][gc,marking  ] GC(258) Concurrent Clear Claimed Marks
[49.664s][info][gc,marking  ] GC(258) Concurrent Clear Claimed Marks 0.013ms
[49.664s][info][gc,marking  ] GC(258) Concurrent Scan Root Regions
[49.664s][info][gc,marking  ] GC(258) Concurrent Scan Root Regions 0.355ms
[49.664s][info][gc,marking  ] GC(258) Concurrent Mark
[49.664s][info][gc,marking  ] GC(258) Concurrent Mark From Roots
[49.664s][info][gc,task     ] GC(258) Using 2 workers of 2 for marking
[49.674s][info][gc,marking  ] GC(258) Concurrent Mark From Roots 10.166ms
[49.674s][info][gc,marking  ] GC(258) Concurrent Preclean
[49.674s][info][gc,marking  ] GC(258) Concurrent Preclean 0.089ms
[49.675s][info][gc,start    ] GC(258) Pause Remark
[49.679s][info][gc          ] GC(258) Pause Remark 43M->43M(147M) 4.028ms
[49.679s][info][gc,cpu      ] GC(258) User=0.00s Sys=0.00s Real=0.00s
[49.679s][info][gc,marking  ] GC(258) Concurrent Mark 14.774ms
[49.679s][info][gc,marking  ] GC(258) Concurrent Rebuild Remembered Sets
[49.683s][info][gc,marking  ] GC(258) Concurrent Rebuild Remembered Sets 4.144ms
[49.683s][info][gc,start    ] GC(258) Pause Cleanup
[49.683s][info][gc          ] GC(258) Pause Cleanup 43M->43M(147M) 0.166ms
[49.683s][info][gc,cpu      ] GC(258) User=0.00s Sys=0.00s Real=0.00s
[49.684s][info][gc,marking  ] GC(258) Concurrent Cleanup for Next Mark
[49.684s][info][gc,marking  ] GC(258) Concurrent Cleanup for Next Mark 0.140ms
[49.684s][info][gc          ] GC(258) Concurrent Mark Cycle 20.176ms
[50.207s][info][gc,start    ] GC(259) Pause Young (Prepare Mixed) (G1 Preventive Collection)
[50.207s][info][gc,task     ] GC(259) Using 6 workers of 6 for evacuation
[50.209s][info][gc,phases   ] GC(259)   Pre Evacuate Collection Set: 0.1ms
[50.209s][info][gc,phases   ] GC(259)   Merge Heap Roots: 0.1ms
[50.209s][info][gc,phases   ] GC(259)   Evacuate Collection Set: 0.6ms
[50.209s][info][gc,phases   ] GC(259)   Post Evacuate Collection Set: 0.5ms
[50.209s][info][gc,phases   ] GC(259)   Other: 0.2ms
[50.209s][info][gc,heap     ] GC(259) Eden regions: 51->0(6)
[50.209s][info][gc,heap     ] GC(259) Survivor regions: 1->1(11)
[50.209s][info][gc,heap     ] GC(259) Old regions: 26->26
[50.209s][info][gc,heap     ] GC(259) Archive regions: 0->0
[50.209s][info][gc,heap     ] GC(259) Humongous regions: 64->4
[50.209s][info][gc,metaspace] GC(259) Metaspace: 36517K(36864K)->36517K(36864K) NonClass: 32525K(32704K)->32525K(32704K) Class: 3991K(4160K)->3991K(4160K)
[50.209s][info][gc          ] GC(259) Pause Young (Prepare Mixed) (G1 Preventive Collection) 140M->30M(147M) 1.607ms
[50.209s][info][gc,cpu      ] GC(259) User=0.08s Sys=0.00s Real=0.00s
[50.238s][info][gc,start    ] GC(260) Pause Young (Mixed) (G1 Evacuation Pause)
[50.238s][info][gc,task     ] GC(260) Using 6 workers of 6 for evacuation
[50.239s][info][gc,phases   ] GC(260)   Pre Evacuate Collection Set: 0.2ms
[50.239s][info][gc,phases   ] GC(260)   Merge Heap Roots: 0.1ms
[50.239s][info][gc,phases   ] GC(260)   Evacuate Collection Set: 0.8ms
[50.239s][info][gc,phases   ] GC(260)   Post Evacuate Collection Set: 0.3ms
[50.239s][info][gc,phases   ] GC(260)   Other: 0.2ms
[50.239s][info][gc,heap     ] GC(260) Eden regions: 6->0(87)
[50.239s][info][gc,heap     ] GC(260) Survivor regions: 1->1(1)
[50.239s][info][gc,heap     ] GC(260) Old regions: 26->27
[50.239s][info][gc,heap     ] GC(260) Archive regions: 0->0
[50.239s][info][gc,heap     ] GC(260) Humongous regions: 16->4
[50.239s][info][gc,metaspace] GC(260) Metaspace: 36517K(36864K)->36517K(36864K) NonClass: 32525K(32704K)->32525K(32704K) Class: 3991K(4160K)->3991K(4160K)
[50.239s][info][gc          ] GC(260) Pause Young (Mixed) (G1 Evacuation Pause) 48M->30M(147M) 1.637ms
[50.239s][info][gc,cpu      ] GC(260) User=0.02s Sys=0.00s Real=0.00s
[50.312s][info][gc,start    ] GC(261) Pause Young (Concurrent Start) (G1 Humongous Allocation)
[50.312s][info][gc,task     ] GC(261) Using 6 workers of 6 for evacuation
[50.314s][info][gc,phases   ] GC(261)   Pre Evacuate Collection Set: 0.2ms
[50.314s][info][gc,phases   ] GC(261)   Merge Heap Roots: 0.1ms
[50.314s][info][gc,phases   ] GC(261)   Evacuate Collection Set: 0.8ms
[50.314s][info][gc,phases   ] GC(261)   Post Evacuate Collection Set: 1.2ms
[50.314s][info][gc,phases   ] GC(261)   Other: 0.2ms
[50.314s][info][gc,heap     ] GC(261) Eden regions: 8->0(235)
[50.314s][info][gc,heap     ] GC(261) Survivor regions: 1->1(11)
[50.314s][info][gc,heap     ] GC(261) Old regions: 27->27
[50.314s][info][gc,heap     ] GC(261) Archive regions: 0->0
[50.314s][info][gc,heap     ] GC(261) Humongous regions: 4->4
[50.314s][info][gc,metaspace] GC(261) Metaspace: 36517K(36864K)->36517K(36864K) NonClass: 32525K(32704K)->32525K(32704K) Class: 3991K(4160K)->3991K(4160K)
[50.314s][info][gc          ] GC(261) Pause Young (Concurrent Start) (G1 Humongous Allocation) 37M->29M(394M) 2.628ms
[50.315s][info][gc,cpu      ] GC(261) User=0.00s Sys=0.00s Real=0.00s
[50.315s][info][gc          ] GC(262) Concurrent Undo Cycle
[50.315s][info][gc,marking  ] GC(262) Concurrent Cleanup for Next Mark
[50.316s][info][gc,marking  ] GC(262) Concurrent Cleanup for Next Mark 0.962ms
[50.316s][info][gc          ] GC(262) Concurrent Undo Cycle 1.046ms
[50.317s][info][gc,start    ] GC(263) Pause Young (Concurrent Start) (G1 Humongous Allocation)
[50.317s][info][gc,task     ] GC(263) Using 6 workers of 6 for evacuation
[50.318s][info][gc,phases   ] GC(263)   Pre Evacuate Collection Set: 0.2ms
[50.318s][info][gc,phases   ] GC(263)   Merge Heap Roots: 0.1ms
[50.318s][info][gc,phases   ] GC(263)   Evacuate Collection Set: 0.7ms
[50.318s][info][gc,phases   ] GC(263)   Post Evacuate Collection Set: 0.4ms
[50.318s][info][gc,phases   ] GC(263)   Other: 0.2ms
[50.318s][info][gc,heap     ] GC(263) Eden regions: 0->0(235)
[50.318s][info][gc,heap     ] GC(263) Survivor regions: 1->1(30)
[50.318s][info][gc,heap     ] GC(263) Old regions: 27->27
[50.318s][info][gc,heap     ] GC(263) Archive regions: 0->0
[50.319s][info][gc,heap     ] GC(263) Humongous regions: 8->8
[50.319s][info][gc,metaspace] GC(263) Metaspace: 36517K(36864K)->36517K(36864K) NonClass: 32525K(32704K)->32525K(32704K) Class: 3991K(4160K)->3991K(4160K)
[50.319s][info][gc          ] GC(263) Pause Young (Concurrent Start) (G1 Humongous Allocation) 33M->33M(394M) 1.593ms
[50.319s][info][gc,cpu      ] GC(263) User=0.09s Sys=0.00s Real=0.00s
[50.319s][info][gc          ] GC(264) Concurrent Mark Cycle
[50.319s][info][gc,marking  ] GC(264) Concurrent Clear Claimed Marks
[50.319s][info][gc,marking  ] GC(264) Concurrent Clear Claimed Marks 0.021ms
[50.319s][info][gc,marking  ] GC(264) Concurrent Scan Root Regions
[50.319s][info][gc,marking  ] GC(264) Concurrent Scan Root Regions 0.510ms
[50.319s][info][gc,marking  ] GC(264) Concurrent Mark
[50.319s][info][gc,marking  ] GC(264) Concurrent Mark From Roots
[50.319s][info][gc,task     ] GC(264) Using 2 workers of 2 for marking
[50.329s][info][gc,marking  ] GC(264) Concurrent Mark From Roots 9.406ms
[50.329s][info][gc,marking  ] GC(264) Concurrent Preclean
[50.329s][info][gc,marking  ] GC(264) Concurrent Preclean 0.095ms
[50.329s][info][gc,start    ] GC(264) Pause Remark
[50.333s][info][gc          ] GC(264) Pause Remark 43M->43M(154M) 3.684ms
[50.333s][info][gc,cpu      ] GC(264) User=0.00s Sys=0.00s Real=0.00s
[50.333s][info][gc,marking  ] GC(264) Concurrent Mark 13.733ms
[50.333s][info][gc,marking  ] GC(264) Concurrent Rebuild Remembered Sets
[50.337s][info][gc,marking  ] GC(264) Concurrent Rebuild Remembered Sets 3.967ms
[50.337s][info][gc,start    ] GC(264) Pause Cleanup
[50.337s][info][gc          ] GC(264) Pause Cleanup 43M->43M(154M) 0.146ms
[50.337s][info][gc,cpu      ] GC(264) User=0.00s Sys=0.00s Real=0.00s
[50.338s][info][gc,marking  ] GC(264) Concurrent Cleanup for Next Mark
[50.338s][info][gc,marking  ] GC(264) Concurrent Cleanup for Next Mark 0.123ms
[50.338s][info][gc          ] GC(264) Concurrent Mark Cycle 19.076ms
[50.856s][info][gc,start    ] GC(265) Pause Young (Prepare Mixed) (G1 Preventive Collection)
[50.856s][info][gc,task     ] GC(265) Using 6 workers of 6 for evacuation
[50.858s][info][gc,phases   ] GC(265)   Pre Evacuate Collection Set: 0.2ms
[50.858s][info][gc,phases   ] GC(265)   Merge Heap Roots: 0.2ms
[50.858s][info][gc,phases   ] GC(265)   Evacuate Collection Set: 0.6ms
[50.858s][info][gc,phases   ] GC(265)   Post Evacuate Collection Set: 0.4ms
[50.858s][info][gc,phases   ] GC(265)   Other: 0.2ms
[50.858s][info][gc,heap     ] GC(265) Eden regions: 48->0(6)
[50.858s][info][gc,heap     ] GC(265) Survivor regions: 1->1(12)
[50.858s][info][gc,heap     ] GC(265) Old regions: 27->27
[50.858s][info][gc,heap     ] GC(265) Archive regions: 0->0
[50.858s][info][gc,heap     ] GC(265) Humongous regions: 76->8
[50.858s][info][gc,metaspace] GC(265) Metaspace: 36525K(36864K)->36525K(36864K) NonClass: 32533K(32704K)->32533K(32704K) Class: 3991K(4160K)->3991K(4160K)
[50.858s][info][gc          ] GC(265) Pause Young (Prepare Mixed) (G1 Preventive Collection) 149M->34M(154M) 1.624ms
[50.858s][info][gc,cpu      ] GC(265) User=0.00s Sys=0.00s Real=0.00s
[50.872s][info][gc,start    ] GC(266) Pause Young (Mixed) (G1 Evacuation Pause)
[50.872s][info][gc,task     ] GC(266) Using 6 workers of 6 for evacuation
[50.874s][info][gc,phases   ] GC(266)   Pre Evacuate Collection Set: 0.3ms
[50.874s][info][gc,phases   ] GC(266)   Merge Heap Roots: 0.1ms
[50.874s][info][gc,phases   ] GC(266)   Evacuate Collection Set: 0.7ms
[50.874s][info][gc,phases   ] GC(266)   Post Evacuate Collection Set: 0.5ms
[50.874s][info][gc,phases   ] GC(266)   Other: 0.4ms
[50.874s][info][gc,heap     ] GC(266) Eden regions: 6->0(91)
[50.874s][info][gc,heap     ] GC(266) Survivor regions: 1->1(1)
[50.874s][info][gc,heap     ] GC(266) Old regions: 27->27
[50.874s][info][gc,heap     ] GC(266) Archive regions: 0->0
[50.874s][info][gc,heap     ] GC(266) Humongous regions: 8->4
[50.874s][info][gc,metaspace] GC(266) Metaspace: 36525K(36864K)->36525K(36864K) NonClass: 32533K(32704K)->32533K(32704K) Class: 3991K(4160K)->3991K(4160K)
[50.874s][info][gc          ] GC(266) Pause Young (Mixed) (G1 Evacuation Pause) 40M->31M(154M) 1.938ms
[50.874s][info][gc,cpu      ] GC(266) User=0.00s Sys=0.00s Real=0.00s
[50.946s][info][gc,start    ] GC(267) Pause Young (Concurrent Start) (G1 Humongous Allocation)
[50.946s][info][gc,task     ] GC(267) Using 6 workers of 6 for evacuation
[50.948s][info][gc,phases   ] GC(267)   Pre Evacuate Collection Set: 0.2ms
[50.948s][info][gc,phases   ] GC(267)   Merge Heap Roots: 0.1ms
[50.948s][info][gc,phases   ] GC(267)   Evacuate Collection Set: 0.7ms
[50.948s][info][gc,phases   ] GC(267)   Post Evacuate Collection Set: 0.5ms
[50.948s][info][gc,phases   ] GC(267)   Other: 0.2ms
[50.948s][info][gc,heap     ] GC(267) Eden regions: 6->0(91)
[50.948s][info][gc,heap     ] GC(267) Survivor regions: 1->1(12)
[50.948s][info][gc,heap     ] GC(267) Old regions: 27->27
[50.948s][info][gc,heap     ] GC(267) Archive regions: 0->0
[50.948s][info][gc,heap     ] GC(267) Humongous regions: 4->4
[50.948s][info][gc,metaspace] GC(267) Metaspace: 36525K(36864K)->36525K(36864K) NonClass: 32533K(32704K)->32533K(32704K) Class: 3991K(4160K)->3991K(4160K)
[50.948s][info][gc          ] GC(267) Pause Young (Concurrent Start) (G1 Humongous Allocation) 37M->30M(154M) 1.762ms
[50.948s][info][gc,cpu      ] GC(267) User=0.00s Sys=0.00s Real=0.00s
[50.948s][info][gc          ] GC(268) Concurrent Mark Cycle
[50.948s][info][gc,marking  ] GC(268) Concurrent Clear Claimed Marks
[50.948s][info][gc,marking  ] GC(268) Concurrent Clear Claimed Marks 0.014ms
[50.948s][info][gc,marking  ] GC(268) Concurrent Scan Root Regions
[50.949s][info][gc,marking  ] GC(268) Concurrent Scan Root Regions 0.560ms
[50.949s][info][gc,marking  ] GC(268) Concurrent Mark
[50.949s][info][gc,marking  ] GC(268) Concurrent Mark From Roots
[50.949s][info][gc,task     ] GC(268) Using 2 workers of 2 for marking
[50.959s][info][gc,marking  ] GC(268) Concurrent Mark From Roots 10.056ms
[50.959s][info][gc,marking  ] GC(268) Concurrent Preclean
[50.959s][info][gc,marking  ] GC(268) Concurrent Preclean 0.106ms
[50.959s][info][gc,start    ] GC(268) Pause Remark
[50.962s][info][gc          ] GC(268) Pause Remark 44M->44M(154M) 2.555ms
[50.962s][info][gc,cpu      ] GC(268) User=0.00s Sys=0.00s Real=0.00s
[50.962s][info][gc,marking  ] GC(268) Concurrent Mark 13.263ms
[50.962s][info][gc,marking  ] GC(268) Concurrent Rebuild Remembered Sets
[50.966s][info][gc,marking  ] GC(268) Concurrent Rebuild Remembered Sets 4.556ms
[50.967s][info][gc,start    ] GC(268) Pause Cleanup
[50.967s][info][gc          ] GC(268) Pause Cleanup 45M->45M(154M) 0.171ms
[50.967s][info][gc,cpu      ] GC(268) User=0.00s Sys=0.00s Real=0.00s
[50.967s][info][gc,marking  ] GC(268) Concurrent Cleanup for Next Mark
[50.967s][info][gc,marking  ] GC(268) Concurrent Cleanup for Next Mark 0.183ms
[50.967s][info][gc          ] GC(268) Concurrent Mark Cycle 19.370ms
[51.492s][info][gc,start    ] GC(269) Pause Young (Prepare Mixed) (G1 Preventive Collection)
[51.492s][info][gc,task     ] GC(269) Using 6 workers of 6 for evacuation
[51.493s][info][gc,phases   ] GC(269)   Pre Evacuate Collection Set: 0.2ms
[51.493s][info][gc,phases   ] GC(269)   Merge Heap Roots: 0.1ms
[51.493s][info][gc,phases   ] GC(269)   Evacuate Collection Set: 0.5ms
[51.493s][info][gc,phases   ] GC(269)   Post Evacuate Collection Set: 0.5ms
[51.493s][info][gc,phases   ] GC(269)   Other: 0.2ms
[51.493s][info][gc,heap     ] GC(269) Eden regions: 52->0(5)
[51.493s][info][gc,heap     ] GC(269) Survivor regions: 1->2(12)
[51.493s][info][gc,heap     ] GC(269) Old regions: 27->27
[51.493s][info][gc,heap     ] GC(269) Archive regions: 0->0
[51.493s][info][gc,heap     ] GC(269) Humongous regions: 76->8
[51.493s][info][gc,metaspace] GC(269) Metaspace: 36527K(36864K)->36527K(36864K) NonClass: 32535K(32704K)->32535K(32704K) Class: 3991K(4160K)->3991K(4160K)
[51.493s][info][gc          ] GC(269) Pause Young (Prepare Mixed) (G1 Preventive Collection) 154M->35M(158M) 1.540ms
[51.493s][info][gc,cpu      ] GC(269) User=0.00s Sys=0.00s Real=0.00s
[51.510s][info][gc,start    ] GC(270) Pause Young (Mixed) (G1 Evacuation Pause)
[51.510s][info][gc,task     ] GC(270) Using 6 workers of 6 for evacuation
[51.512s][info][gc,phases   ] GC(270)   Pre Evacuate Collection Set: 0.2ms
[51.512s][info][gc,phases   ] GC(270)   Merge Heap Roots: 0.1ms
[51.512s][info][gc,phases   ] GC(270)   Evacuate Collection Set: 0.5ms
[51.512s][info][gc,phases   ] GC(270)   Post Evacuate Collection Set: 0.3ms
[51.512s][info][gc,phases   ] GC(270)   Other: 0.2ms
[51.512s][info][gc,heap     ] GC(270) Eden regions: 5->0(93)
[51.512s][info][gc,heap     ] GC(270) Survivor regions: 2->1(1)
[51.512s][info][gc,heap     ] GC(270) Old regions: 27->27
[51.512s][info][gc,heap     ] GC(270) Archive regions: 0->0
[51.512s][info][gc,heap     ] GC(270) Humongous regions: 8->4
[51.512s][info][gc,metaspace] GC(270) Metaspace: 36527K(36864K)->36527K(36864K) NonClass: 32535K(32704K)->32535K(32704K) Class: 3991K(4160K)->3991K(4160K)
[51.512s][info][gc          ] GC(270) Pause Young (Mixed) (G1 Evacuation Pause) 40M->31M(158M) 1.421ms
[51.512s][info][gc,cpu      ] GC(270) User=0.00s Sys=0.00s Real=0.00s
[51.585s][info][gc,start    ] GC(271) Pause Young (Concurrent Start) (G1 Humongous Allocation)
[51.585s][info][gc,task     ] GC(271) Using 6 workers of 6 for evacuation
[51.587s][info][gc,phases   ] GC(271)   Pre Evacuate Collection Set: 0.2ms
[51.587s][info][gc,phases   ] GC(271)   Merge Heap Roots: 0.1ms
[51.587s][info][gc,phases   ] GC(271)   Evacuate Collection Set: 0.7ms
[51.587s][info][gc,phases   ] GC(271)   Post Evacuate Collection Set: 0.4ms
[51.587s][info][gc,phases   ] GC(271)   Other: 0.2ms
[51.587s][info][gc,heap     ] GC(271) Eden regions: 3->0(93)
[51.587s][info][gc,heap     ] GC(271) Survivor regions: 1->1(12)
[51.587s][info][gc,heap     ] GC(271) Old regions: 27->27
[51.587s][info][gc,heap     ] GC(271) Archive regions: 0->0
[51.587s][info][gc,heap     ] GC(271) Humongous regions: 4->4
[51.587s][info][gc,metaspace] GC(271) Metaspace: 36527K(36864K)->36527K(36864K) NonClass: 32535K(32704K)->32535K(32704K) Class: 3991K(4160K)->3991K(4160K)
[51.587s][info][gc          ] GC(271) Pause Young (Concurrent Start) (G1 Humongous Allocation) 33M->30M(158M) 1.607ms
[51.587s][info][gc,cpu      ] GC(271) User=0.00s Sys=0.00s Real=0.00s
[51.587s][info][gc          ] GC(272) Concurrent Mark Cycle
[51.587s][info][gc,marking  ] GC(272) Concurrent Clear Claimed Marks
[51.587s][info][gc,marking  ] GC(272) Concurrent Clear Claimed Marks 0.014ms
[51.587s][info][gc,marking  ] GC(272) Concurrent Scan Root Regions
[51.587s][info][gc,marking  ] GC(272) Concurrent Scan Root Regions 0.360ms
[51.587s][info][gc,marking  ] GC(272) Concurrent Mark
[51.587s][info][gc,marking  ] GC(272) Concurrent Mark From Roots
[51.587s][info][gc,task     ] GC(272) Using 2 workers of 2 for marking
[51.596s][info][gc,marking  ] GC(272) Concurrent Mark From Roots 8.612ms
[51.596s][info][gc,marking  ] GC(272) Concurrent Preclean
[51.596s][info][gc,marking  ] GC(272) Concurrent Preclean 0.087ms
[51.596s][info][gc,start    ] GC(272) Pause Remark
[51.600s][info][gc          ] GC(272) Pause Remark 43M->43M(150M) 3.925ms
[51.600s][info][gc,cpu      ] GC(272) User=0.00s Sys=0.00s Real=0.00s
[51.600s][info][gc,marking  ] GC(272) Concurrent Mark 13.173ms
[51.600s][info][gc,marking  ] GC(272) Concurrent Rebuild Remembered Sets
[51.604s][info][gc,marking  ] GC(272) Concurrent Rebuild Remembered Sets 4.010ms
[51.605s][info][gc,start    ] GC(272) Pause Cleanup
[51.605s][info][gc          ] GC(272) Pause Cleanup 44M->44M(150M) 0.151ms
[51.605s][info][gc,cpu      ] GC(272) User=0.00s Sys=0.00s Real=0.00s
[51.605s][info][gc,marking  ] GC(272) Concurrent Cleanup for Next Mark
[51.605s][info][gc,marking  ] GC(272) Concurrent Cleanup for Next Mark 0.110ms
[51.605s][info][gc          ] GC(272) Concurrent Mark Cycle 18.300ms
[52.059s][info][gc,start    ] GC(273) Pause Young (Prepare Mixed) (G1 Preventive Collection)
[52.059s][info][gc,task     ] GC(273) Using 6 workers of 6 for evacuation
[52.060s][info][gc,phases   ] GC(273)   Pre Evacuate Collection Set: 0.2ms
[52.060s][info][gc,phases   ] GC(273)   Merge Heap Roots: 0.1ms
[52.060s][info][gc,phases   ] GC(273)   Evacuate Collection Set: 0.5ms
[52.060s][info][gc,phases   ] GC(273)   Post Evacuate Collection Set: 0.5ms
[52.060s][info][gc,phases   ] GC(273)   Other: 0.2ms
[52.060s][info][gc,heap     ] GC(273) Eden regions: 56->0(5)
[52.060s][info][gc,heap     ] GC(273) Survivor regions: 1->2(12)
[52.060s][info][gc,heap     ] GC(273) Old regions: 27->27
[52.060s][info][gc,heap     ] GC(273) Archive regions: 0->0
[52.060s][info][gc,heap     ] GC(273) Humongous regions: 64->4
[52.060s][info][gc,metaspace] GC(273) Metaspace: 36534K(36864K)->36534K(36864K) NonClass: 32542K(32704K)->32542K(32704K) Class: 3991K(4160K)->3991K(4160K)
[52.060s][info][gc          ] GC(273) Pause Young (Prepare Mixed) (G1 Preventive Collection) 146M->31M(150M) 1.558ms
[52.060s][info][gc,cpu      ] GC(273) User=0.00s Sys=0.00s Real=0.00s
[52.119s][info][gc,start    ] GC(274) Pause Young (Mixed) (G1 Evacuation Pause)
[52.119s][info][gc,task     ] GC(274) Using 6 workers of 6 for evacuation
[52.121s][info][gc,phases   ] GC(274)   Pre Evacuate Collection Set: 0.2ms
[52.121s][info][gc,phases   ] GC(274)   Merge Heap Roots: 0.1ms
[52.121s][info][gc,phases   ] GC(274)   Evacuate Collection Set: 0.7ms
[52.121s][info][gc,phases   ] GC(274)   Post Evacuate Collection Set: 0.6ms
[52.121s][info][gc,phases   ] GC(274)   Other: 0.2ms
[52.121s][info][gc,heap     ] GC(274) Eden regions: 5->0(89)
[52.121s][info][gc,heap     ] GC(274) Survivor regions: 2->1(1)
[52.121s][info][gc,heap     ] GC(274) Old regions: 27->27
[52.121s][info][gc,heap     ] GC(274) Archive regions: 0->0
[52.121s][info][gc,heap     ] GC(274) Humongous regions: 16->4
[52.121s][info][gc,metaspace] GC(274) Metaspace: 36534K(36864K)->36534K(36864K) NonClass: 32542K(32704K)->32542K(32704K) Class: 3991K(4160K)->3991K(4160K)
[52.121s][info][gc          ] GC(274) Pause Young (Mixed) (G1 Evacuation Pause) 48M->30M(150M) 1.831ms
[52.121s][info][gc,cpu      ] GC(274) User=0.00s Sys=0.00s Real=0.00s
[52.195s][info][gc,start    ] GC(275) Pause Young (Concurrent Start) (G1 Humongous Allocation)
[52.195s][info][gc,task     ] GC(275) Using 6 workers of 6 for evacuation
[52.197s][info][gc,phases   ] GC(275)   Pre Evacuate Collection Set: 0.2ms
[52.197s][info][gc,phases   ] GC(275)   Merge Heap Roots: 0.1ms
[52.197s][info][gc,phases   ] GC(275)   Evacuate Collection Set: 0.7ms
[52.197s][info][gc,phases   ] GC(275)   Post Evacuate Collection Set: 0.4ms
[52.197s][info][gc,phases   ] GC(275)   Other: 0.2ms
[52.197s][info][gc,heap     ] GC(275) Eden regions: 5->0(89)
[52.197s][info][gc,heap     ] GC(275) Survivor regions: 1->1(12)
[52.197s][info][gc,heap     ] GC(275) Old regions: 27->27
[52.197s][info][gc,heap     ] GC(275) Archive regions: 0->0
[52.197s][info][gc,heap     ] GC(275) Humongous regions: 4->4
[52.197s][info][gc,metaspace] GC(275) Metaspace: 36544K(36864K)->36544K(36864K) NonClass: 32552K(32704K)->32552K(32704K) Class: 3991K(4160K)->3991K(4160K)
[52.197s][info][gc          ] GC(275) Pause Young (Concurrent Start) (G1 Humongous Allocation) 34M->30M(150M) 1.610ms
[52.197s][info][gc,cpu      ] GC(275) User=0.00s Sys=0.00s Real=0.00s
[52.197s][info][gc          ] GC(276) Concurrent Mark Cycle
[52.197s][info][gc,marking  ] GC(276) Concurrent Clear Claimed Marks
[52.197s][info][gc,marking  ] GC(276) Concurrent Clear Claimed Marks 0.016ms
[52.197s][info][gc,marking  ] GC(276) Concurrent Scan Root Regions
[52.197s][info][gc,marking  ] GC(276) Concurrent Scan Root Regions 0.380ms
[52.197s][info][gc,marking  ] GC(276) Concurrent Mark
[52.197s][info][gc,marking  ] GC(276) Concurrent Mark From Roots
[52.197s][info][gc,task     ] GC(276) Using 2 workers of 2 for marking
[52.206s][info][gc,marking  ] GC(276) Concurrent Mark From Roots 8.435ms
[52.206s][info][gc,marking  ] GC(276) Concurrent Preclean
[52.206s][info][gc,marking  ] GC(276) Concurrent Preclean 0.120ms
[52.206s][info][gc,start    ] GC(276) Pause Remark
[52.208s][info][gc          ] GC(276) Pause Remark 43M->43M(150M) 2.030ms
[52.208s][info][gc,cpu      ] GC(276) User=0.09s Sys=0.00s Real=0.00s
[52.208s][info][gc,marking  ] GC(276) Concurrent Mark 11.168ms
[52.208s][info][gc,marking  ] GC(276) Concurrent Rebuild Remembered Sets
[52.213s][info][gc,marking  ] GC(276) Concurrent Rebuild Remembered Sets 4.035ms
[52.213s][info][gc,start    ] GC(276) Pause Cleanup
[52.213s][info][gc          ] GC(276) Pause Cleanup 44M->44M(150M) 0.132ms
[52.213s][info][gc,cpu      ] GC(276) User=0.00s Sys=0.00s Real=0.00s
[52.213s][info][gc,marking  ] GC(276) Concurrent Cleanup for Next Mark
[52.213s][info][gc,marking  ] GC(276) Concurrent Cleanup for Next Mark 0.153ms
[52.213s][info][gc          ] GC(276) Concurrent Mark Cycle 16.409ms
[52.636s][info][gc,start    ] GC(277) Pause Young (Prepare Mixed) (G1 Preventive Collection)
[52.636s][info][gc,task     ] GC(277) Using 6 workers of 6 for evacuation
[52.638s][info][gc,phases   ] GC(277)   Pre Evacuate Collection Set: 0.2ms
[52.638s][info][gc,phases   ] GC(277)   Merge Heap Roots: 0.1ms
[52.638s][info][gc,phases   ] GC(277)   Evacuate Collection Set: 0.8ms
[52.638s][info][gc,phases   ] GC(277)   Post Evacuate Collection Set: 0.7ms
[52.638s][info][gc,phases   ] GC(277)   Other: 0.2ms
[52.638s][info][gc,heap     ] GC(277) Eden regions: 56->0(4)
[52.638s][info][gc,heap     ] GC(277) Survivor regions: 1->3(12)
[52.638s][info][gc,heap     ] GC(277) Old regions: 27->27
[52.638s][info][gc,heap     ] GC(277) Archive regions: 0->0
[52.638s][info][gc,heap     ] GC(277) Humongous regions: 64->4
[52.638s][info][gc,metaspace] GC(277) Metaspace: 36546K(36928K)->36546K(36928K) NonClass: 32555K(32768K)->32555K(32768K) Class: 3991K(4160K)->3991K(4160K)
[52.638s][info][gc          ] GC(277) Pause Young (Prepare Mixed) (G1 Preventive Collection) 146M->33M(151M) 2.113ms
[52.638s][info][gc,cpu      ] GC(277) User=0.00s Sys=0.00s Real=0.00s
[52.735s][info][gc,start    ] GC(278) Pause Young (Mixed) (G1 Evacuation Pause)
[52.735s][info][gc,task     ] GC(278) Using 6 workers of 6 for evacuation
[52.736s][info][gc,phases   ] GC(278)   Pre Evacuate Collection Set: 0.2ms
[52.736s][info][gc,phases   ] GC(278)   Merge Heap Roots: 0.1ms
[52.736s][info][gc,phases   ] GC(278)   Evacuate Collection Set: 0.6ms
[52.736s][info][gc,phases   ] GC(278)   Post Evacuate Collection Set: 0.4ms
[52.736s][info][gc,phases   ] GC(278)   Other: 0.3ms
[52.736s][info][gc,heap     ] GC(278) Eden regions: 4->0(89)
[52.736s][info][gc,heap     ] GC(278) Survivor regions: 3->1(1)
[52.736s][info][gc,heap     ] GC(278) Old regions: 27->28
[52.736s][info][gc,heap     ] GC(278) Archive regions: 0->0
[52.736s][info][gc,heap     ] GC(278) Humongous regions: 16->8
[52.736s][info][gc,metaspace] GC(278) Metaspace: 36549K(36928K)->36549K(36928K) NonClass: 32557K(32768K)->32557K(32768K) Class: 3991K(4160K)->3991K(4160K)
[52.736s][info][gc          ] GC(278) Pause Young (Mixed) (G1 Evacuation Pause) 49M->34M(151M) 1.507ms
[52.736s][info][gc,cpu      ] GC(278) User=0.00s Sys=0.00s Real=0.00s
[52.813s][info][gc,start    ] GC(279) Pause Young (Concurrent Start) (G1 Humongous Allocation)
[52.813s][info][gc,task     ] GC(279) Using 6 workers of 6 for evacuation
[52.815s][info][gc,phases   ] GC(279)   Pre Evacuate Collection Set: 0.2ms
[52.815s][info][gc,phases   ] GC(279)   Merge Heap Roots: 0.1ms
[52.815s][info][gc,phases   ] GC(279)   Evacuate Collection Set: 0.7ms
[52.815s][info][gc,phases   ] GC(279)   Post Evacuate Collection Set: 0.5ms
[52.815s][info][gc,phases   ] GC(279)   Other: 0.2ms
[52.815s][info][gc,heap     ] GC(279) Eden regions: 10->0(89)
[52.815s][info][gc,heap     ] GC(279) Survivor regions: 1->1(12)
[52.815s][info][gc,heap     ] GC(279) Old regions: 28->28
[52.815s][info][gc,heap     ] GC(279) Archive regions: 0->0
[52.815s][info][gc,heap     ] GC(279) Humongous regions: 8->4
[52.815s][info][gc,metaspace] GC(279) Metaspace: 36549K(36928K)->36549K(36928K) NonClass: 32557K(32768K)->32557K(32768K) Class: 3991K(4160K)->3991K(4160K)
[52.815s][info][gc          ] GC(279) Pause Young (Concurrent Start) (G1 Humongous Allocation) 44M->31M(151M) 1.789ms
[52.815s][info][gc,cpu      ] GC(279) User=0.00s Sys=0.00s Real=0.00s
[52.815s][info][gc          ] GC(280) Concurrent Mark Cycle
[52.815s][info][gc,marking  ] GC(280) Concurrent Clear Claimed Marks
[52.815s][info][gc,marking  ] GC(280) Concurrent Clear Claimed Marks 0.018ms
[52.815s][info][gc,marking  ] GC(280) Concurrent Scan Root Regions
[52.815s][info][gc,marking  ] GC(280) Concurrent Scan Root Regions 0.500ms
[52.816s][info][gc,marking  ] GC(280) Concurrent Mark
[52.816s][info][gc,marking  ] GC(280) Concurrent Mark From Roots
[52.816s][info][gc,task     ] GC(280) Using 2 workers of 2 for marking
[52.825s][info][gc,marking  ] GC(280) Concurrent Mark From Roots 9.359ms
[52.825s][info][gc,marking  ] GC(280) Concurrent Preclean
[52.825s][info][gc,marking  ] GC(280) Concurrent Preclean 0.106ms
[52.825s][info][gc,start    ] GC(280) Pause Remark
[52.829s][info][gc          ] GC(280) Pause Remark 44M->44M(151M) 3.554ms
[52.829s][info][gc,cpu      ] GC(280) User=0.00s Sys=0.00s Real=0.00s
[52.829s][info][gc,marking  ] GC(280) Concurrent Mark 13.735ms
[52.829s][info][gc,marking  ] GC(280) Concurrent Rebuild Remembered Sets
[52.835s][info][gc,marking  ] GC(280) Concurrent Rebuild Remembered Sets 5.275ms
[52.835s][info][gc,start    ] GC(280) Pause Cleanup
[52.835s][info][gc          ] GC(280) Pause Cleanup 45M->45M(151M) 0.165ms
[52.835s][info][gc,cpu      ] GC(280) User=0.00s Sys=0.00s Real=0.00s
[52.835s][info][gc,marking  ] GC(280) Concurrent Cleanup for Next Mark
[52.835s][info][gc,marking  ] GC(280) Concurrent Cleanup for Next Mark 0.145ms
[52.835s][info][gc          ] GC(280) Concurrent Mark Cycle 20.519ms
[53.326s][info][gc,start    ] GC(281) Pause Young (Prepare Mixed) (G1 Preventive Collection)
[53.326s][info][gc,task     ] GC(281) Using 6 workers of 6 for evacuation
[53.328s][info][gc,phases   ] GC(281)   Pre Evacuate Collection Set: 0.2ms
[53.328s][info][gc,phases   ] GC(281)   Merge Heap Roots: 0.1ms
[53.328s][info][gc,phases   ] GC(281)   Evacuate Collection Set: 0.7ms
[53.328s][info][gc,phases   ] GC(281)   Post Evacuate Collection Set: 0.6ms
[53.328s][info][gc,phases   ] GC(281)   Other: 0.3ms
[53.328s][info][gc,heap     ] GC(281) Eden regions: 54->0(4)
[53.328s][info][gc,heap     ] GC(281) Survivor regions: 1->3(12)
[53.328s][info][gc,heap     ] GC(281) Old regions: 28->28
[53.328s][info][gc,heap     ] GC(281) Archive regions: 0->0
[53.328s][info][gc,heap     ] GC(281) Humongous regions: 64->4
[53.328s][info][gc,metaspace] GC(281) Metaspace: 36550K(36928K)->36550K(36928K) NonClass: 32558K(32768K)->32558K(32768K) Class: 3991K(4160K)->3991K(4160K)
[53.328s][info][gc          ] GC(281) Pause Young (Prepare Mixed) (G1 Preventive Collection) 144M->32M(151M) 2.062ms
[53.328s][info][gc,cpu      ] GC(281) User=0.00s Sys=0.00s Real=0.00s
[53.355s][info][gc,start    ] GC(282) Pause Young (Mixed) (G1 Evacuation Pause)
[53.355s][info][gc,task     ] GC(282) Using 6 workers of 6 for evacuation
[53.356s][info][gc,phases   ] GC(282)   Pre Evacuate Collection Set: 0.2ms
[53.356s][info][gc,phases   ] GC(282)   Merge Heap Roots: 0.1ms
[53.356s][info][gc,phases   ] GC(282)   Evacuate Collection Set: 0.5ms
[53.357s][info][gc,phases   ] GC(282)   Post Evacuate Collection Set: 0.5ms
[53.357s][info][gc,phases   ] GC(282)   Other: 0.3ms
[53.357s][info][gc,heap     ] GC(282) Eden regions: 4->0(87)
[53.357s][info][gc,heap     ] GC(282) Survivor regions: 3->1(1)
[53.357s][info][gc,heap     ] GC(282) Old regions: 28->27
[53.357s][info][gc,heap     ] GC(282) Archive regions: 0->0
[53.357s][info][gc,heap     ] GC(282) Humongous regions: 16->8
[53.357s][info][gc,metaspace] GC(282) Metaspace: 36550K(36928K)->36550K(36928K) NonClass: 32558K(32768K)->32558K(32768K) Class: 3991K(4160K)->3991K(4160K)
[53.357s][info][gc          ] GC(282) Pause Young (Mixed) (G1 Evacuation Pause) 48M->34M(151M) 1.716ms
[53.357s][info][gc,cpu      ] GC(282) User=0.00s Sys=0.00s Real=0.00s
[53.441s][info][gc,start    ] GC(283) Pause Young (Concurrent Start) (G1 Humongous Allocation)
[53.441s][info][gc,task     ] GC(283) Using 6 workers of 6 for evacuation
[53.442s][info][gc,phases   ] GC(283)   Pre Evacuate Collection Set: 0.2ms
[53.442s][info][gc,phases   ] GC(283)   Merge Heap Roots: 0.1ms
[53.442s][info][gc,phases   ] GC(283)   Evacuate Collection Set: 0.8ms
[53.442s][info][gc,phases   ] GC(283)   Post Evacuate Collection Set: 0.6ms
[53.442s][info][gc,phases   ] GC(283)   Other: 0.4ms
[53.442s][info][gc,heap     ] GC(283) Eden regions: 7->0(89)
[53.443s][info][gc,heap     ] GC(283) Survivor regions: 1->1(11)
[53.443s][info][gc,heap     ] GC(283) Old regions: 27->27
[53.443s][info][gc,heap     ] GC(283) Archive regions: 0->0
[53.443s][info][gc,heap     ] GC(283) Humongous regions: 8->4
[53.443s][info][gc,metaspace] GC(283) Metaspace: 36550K(36928K)->36550K(36928K) NonClass: 32558K(32768K)->32558K(32768K) Class: 3991K(4160K)->3991K(4160K)
[53.443s][info][gc          ] GC(283) Pause Young (Concurrent Start) (G1 Humongous Allocation) 41M->31M(151M) 2.014ms
[53.443s][info][gc,cpu      ] GC(283) User=0.00s Sys=0.02s Real=0.00s
[53.443s][info][gc          ] GC(284) Concurrent Mark Cycle
[53.443s][info][gc,marking  ] GC(284) Concurrent Clear Claimed Marks
[53.443s][info][gc,marking  ] GC(284) Concurrent Clear Claimed Marks 0.018ms
[53.443s][info][gc,marking  ] GC(284) Concurrent Scan Root Regions
[53.443s][info][gc,marking  ] GC(284) Concurrent Scan Root Regions 0.602ms
[53.443s][info][gc,marking  ] GC(284) Concurrent Mark
[53.443s][info][gc,marking  ] GC(284) Concurrent Mark From Roots
[53.443s][info][gc,task     ] GC(284) Using 2 workers of 2 for marking
[53.452s][info][gc,marking  ] GC(284) Concurrent Mark From Roots 8.782ms
[53.452s][info][gc,marking  ] GC(284) Concurrent Preclean
[53.452s][info][gc,marking  ] GC(284) Concurrent Preclean 0.098ms
[53.453s][info][gc,start    ] GC(284) Pause Remark
[53.455s][info][gc          ] GC(284) Pause Remark 44M->44M(151M) 2.555ms
[53.455s][info][gc,cpu      ] GC(284) User=0.00s Sys=0.00s Real=0.00s
[53.455s][info][gc,marking  ] GC(284) Concurrent Mark 12.098ms
[53.455s][info][gc,marking  ] GC(284) Concurrent Rebuild Remembered Sets
[53.460s][info][gc,marking  ] GC(284) Concurrent Rebuild Remembered Sets 4.385ms
[53.460s][info][gc,start    ] GC(284) Pause Cleanup
[53.460s][info][gc          ] GC(284) Pause Cleanup 45M->45M(151M) 0.124ms
[53.460s][info][gc,cpu      ] GC(284) User=0.00s Sys=0.00s Real=0.00s
[53.460s][info][gc,marking  ] GC(284) Concurrent Cleanup for Next Mark
[53.461s][info][gc,marking  ] GC(284) Concurrent Cleanup for Next Mark 0.152ms
[53.461s][info][gc          ] GC(284) Concurrent Mark Cycle 17.963ms
[53.945s][info][gc,start    ] GC(285) Pause Young (Prepare Mixed) (G1 Preventive Collection)
[53.945s][info][gc,task     ] GC(285) Using 6 workers of 6 for evacuation
[53.946s][info][gc,phases   ] GC(285)   Pre Evacuate Collection Set: 0.2ms
[53.947s][info][gc,phases   ] GC(285)   Merge Heap Roots: 0.1ms
[53.947s][info][gc,phases   ] GC(285)   Evacuate Collection Set: 0.5ms
[53.947s][info][gc,phases   ] GC(285)   Post Evacuate Collection Set: 0.7ms
[53.947s][info][gc,phases   ] GC(285)   Other: 0.3ms
[53.947s][info][gc,heap     ] GC(285) Eden regions: 55->0(6)
[53.947s][info][gc,heap     ] GC(285) Survivor regions: 1->1(12)
[53.947s][info][gc,heap     ] GC(285) Old regions: 27->27
[53.947s][info][gc,heap     ] GC(285) Archive regions: 0->0
[53.947s][info][gc,heap     ] GC(285) Humongous regions: 64->4
[53.947s][info][gc,metaspace] GC(285) Metaspace: 36552K(36928K)->36552K(36928K) NonClass: 32560K(32768K)->32560K(32768K) Class: 3991K(4160K)->3991K(4160K)
[53.947s][info][gc          ] GC(285) Pause Young (Prepare Mixed) (G1 Preventive Collection) 146M->31M(151M) 1.876ms
[53.947s][info][gc,cpu      ] GC(285) User=0.00s Sys=0.00s Real=0.00s
[53.994s][info][gc,start    ] GC(286) Pause Young (Mixed) (G1 Evacuation Pause)
[53.994s][info][gc,task     ] GC(286) Using 6 workers of 6 for evacuation
[53.995s][info][gc,phases   ] GC(286)   Pre Evacuate Collection Set: 0.2ms
[53.996s][info][gc,phases   ] GC(286)   Merge Heap Roots: 0.1ms
[53.996s][info][gc,phases   ] GC(286)   Evacuate Collection Set: 0.6ms
[53.996s][info][gc,phases   ] GC(286)   Post Evacuate Collection Set: 0.5ms
[53.996s][info][gc,phases   ] GC(286)   Other: 0.2ms
[53.996s][info][gc,heap     ] GC(286) Eden regions: 6->0(89)
[53.996s][info][gc,heap     ] GC(286) Survivor regions: 1->1(1)
[53.996s][info][gc,heap     ] GC(286) Old regions: 27->27
[53.996s][info][gc,heap     ] GC(286) Archive regions: 0->0
[53.996s][info][gc,heap     ] GC(286) Humongous regions: 16->4
[53.996s][info][gc,metaspace] GC(286) Metaspace: 36552K(36928K)->36552K(36928K) NonClass: 32560K(32768K)->32560K(32768K) Class: 3991K(4160K)->3991K(4160K)
[53.996s][info][gc          ] GC(286) Pause Young (Mixed) (G1 Evacuation Pause) 49M->31M(151M) 1.744ms
[53.996s][info][gc,cpu      ] GC(286) User=0.00s Sys=0.00s Real=0.00s
[54.069s][info][gc,start    ] GC(287) Pause Young (Concurrent Start) (G1 Humongous Allocation)
[54.069s][info][gc,task     ] GC(287) Using 6 workers of 6 for evacuation
[54.070s][info][gc,phases   ] GC(287)   Pre Evacuate Collection Set: 0.1ms
[54.070s][info][gc,phases   ] GC(287)   Merge Heap Roots: 0.1ms
[54.070s][info][gc,phases   ] GC(287)   Evacuate Collection Set: 0.7ms
[54.070s][info][gc,phases   ] GC(287)   Post Evacuate Collection Set: 0.4ms
[54.070s][info][gc,phases   ] GC(287)   Other: 0.2ms
[54.070s][info][gc,heap     ] GC(287) Eden regions: 4->0(89)
[54.070s][info][gc,heap     ] GC(287) Survivor regions: 1->1(12)
[54.070s][info][gc,heap     ] GC(287) Old regions: 27->27
[54.070s][info][gc,heap     ] GC(287) Archive regions: 0->0
[54.070s][info][gc,heap     ] GC(287) Humongous regions: 4->4
[54.070s][info][gc,metaspace] GC(287) Metaspace: 36552K(36928K)->36552K(36928K) NonClass: 32560K(32768K)->32560K(32768K) Class: 3991K(4160K)->3991K(4160K)
[54.070s][info][gc          ] GC(287) Pause Young (Concurrent Start) (G1 Humongous Allocation) 34M->30M(151M) 1.499ms
[54.070s][info][gc,cpu      ] GC(287) User=0.00s Sys=0.00s Real=0.00s
[54.070s][info][gc          ] GC(288) Concurrent Mark Cycle
[54.070s][info][gc,marking  ] GC(288) Concurrent Clear Claimed Marks
[54.070s][info][gc,marking  ] GC(288) Concurrent Clear Claimed Marks 0.019ms
[54.070s][info][gc,marking  ] GC(288) Concurrent Scan Root Regions
[54.071s][info][gc,marking  ] GC(288) Concurrent Scan Root Regions 0.491ms
[54.071s][info][gc,marking  ] GC(288) Concurrent Mark
[54.071s][info][gc,marking  ] GC(288) Concurrent Mark From Roots
[54.071s][info][gc,task     ] GC(288) Using 2 workers of 2 for marking
[54.080s][info][gc,marking  ] GC(288) Concurrent Mark From Roots 9.311ms
[54.080s][info][gc,marking  ] GC(288) Concurrent Preclean
[54.080s][info][gc,marking  ] GC(288) Concurrent Preclean 0.103ms
[54.081s][info][gc,start    ] GC(288) Pause Remark
[54.083s][info][gc          ] GC(288) Pause Remark 44M->44M(151M) 2.186ms
[54.083s][info][gc,cpu      ] GC(288) User=0.00s Sys=0.00s Real=0.00s
[54.083s][info][gc,marking  ] GC(288) Concurrent Mark 12.091ms
[54.083s][info][gc,marking  ] GC(288) Concurrent Rebuild Remembered Sets
[54.087s][info][gc,marking  ] GC(288) Concurrent Rebuild Remembered Sets 4.140ms
[54.087s][info][gc,start    ] GC(288) Pause Cleanup
[54.088s][info][gc          ] GC(288) Pause Cleanup 44M->44M(151M) 0.147ms
[54.088s][info][gc,cpu      ] GC(288) User=0.00s Sys=0.00s Real=0.00s
[54.088s][info][gc,marking  ] GC(288) Concurrent Cleanup for Next Mark
[54.088s][info][gc,marking  ] GC(288) Concurrent Cleanup for Next Mark 0.147ms
[54.088s][info][gc          ] GC(288) Concurrent Mark Cycle 17.569ms
[54.602s][info][gc,start    ] GC(289) Pause Young (Prepare Mixed) (G1 Preventive Collection)
[54.603s][info][gc,task     ] GC(289) Using 6 workers of 6 for evacuation
[54.604s][info][gc,phases   ] GC(289)   Pre Evacuate Collection Set: 0.2ms
[54.605s][info][gc,phases   ] GC(289)   Merge Heap Roots: 0.1ms
[54.605s][info][gc,phases   ] GC(289)   Evacuate Collection Set: 0.8ms
[54.605s][info][gc,phases   ] GC(289)   Post Evacuate Collection Set: 0.8ms
[54.605s][info][gc,phases   ] GC(289)   Other: 0.3ms
[54.605s][info][gc,heap     ] GC(289) Eden regions: 56->0(7)
[54.605s][info][gc,heap     ] GC(289) Survivor regions: 1->1(12)
[54.605s][info][gc,heap     ] GC(289) Old regions: 27->27
[54.605s][info][gc,heap     ] GC(289) Archive regions: 0->0
[54.605s][info][gc,heap     ] GC(289) Humongous regions: 76->8
[54.605s][info][gc,metaspace] GC(289) Metaspace: 36555K(36928K)->36555K(36928K) NonClass: 32563K(32768K)->32563K(32768K) Class: 3991K(4160K)->3991K(4160K)
[54.605s][info][gc          ] GC(289) Pause Young (Prepare Mixed) (G1 Preventive Collection) 158M->35M(163M) 2.192ms
[54.605s][info][gc,cpu      ] GC(289) User=0.00s Sys=0.00s Real=0.00s
[54.628s][info][gc,start    ] GC(290) Pause Young (Mixed) (G1 Evacuation Pause)
[54.628s][info][gc,task     ] GC(290) Using 6 workers of 6 for evacuation
[54.630s][info][gc,phases   ] GC(290)   Pre Evacuate Collection Set: 0.2ms
[54.630s][info][gc,phases   ] GC(290)   Merge Heap Roots: 0.1ms
[54.630s][info][gc,phases   ] GC(290)   Evacuate Collection Set: 0.6ms
[54.630s][info][gc,phases   ] GC(290)   Post Evacuate Collection Set: 0.4ms
[54.630s][info][gc,phases   ] GC(290)   Other: 0.2ms
[54.630s][info][gc,heap     ] GC(290) Eden regions: 7->0(96)
[54.630s][info][gc,heap     ] GC(290) Survivor regions: 1->1(1)
[54.630s][info][gc,heap     ] GC(290) Old regions: 27->27
[54.630s][info][gc,heap     ] GC(290) Archive regions: 0->0
[54.630s][info][gc,heap     ] GC(290) Humongous regions: 8->4
[54.630s][info][gc,metaspace] GC(290) Metaspace: 36555K(36928K)->36555K(36928K) NonClass: 32563K(32768K)->32563K(32768K) Class: 3991K(4160K)->3991K(4160K)
[54.630s][info][gc          ] GC(290) Pause Young (Mixed) (G1 Evacuation Pause) 42M->31M(163M) 1.597ms
[54.630s][info][gc,cpu      ] GC(290) User=0.00s Sys=0.00s Real=0.00s
[54.702s][info][gc,start    ] GC(291) Pause Young (Concurrent Start) (G1 Humongous Allocation)
[54.703s][info][gc,task     ] GC(291) Using 6 workers of 6 for evacuation
[54.704s][info][gc,phases   ] GC(291)   Pre Evacuate Collection Set: 0.2ms
[54.704s][info][gc,phases   ] GC(291)   Merge Heap Roots: 0.1ms
[54.704s][info][gc,phases   ] GC(291)   Evacuate Collection Set: 0.7ms
[54.704s][info][gc,phases   ] GC(291)   Post Evacuate Collection Set: 0.4ms
[54.704s][info][gc,phases   ] GC(291)   Other: 0.2ms
[54.704s][info][gc,heap     ] GC(291) Eden regions: 6->0(96)
[54.704s][info][gc,heap     ] GC(291) Survivor regions: 1->1(13)
[54.704s][info][gc,heap     ] GC(291) Old regions: 27->27
[54.704s][info][gc,heap     ] GC(291) Archive regions: 0->0
[54.704s][info][gc,heap     ] GC(291) Humongous regions: 4->4
[54.704s][info][gc,metaspace] GC(291) Metaspace: 36557K(36928K)->36557K(36928K) NonClass: 32565K(32768K)->32565K(32768K) Class: 3991K(4160K)->3991K(4160K)
[54.704s][info][gc          ] GC(291) Pause Young (Concurrent Start) (G1 Humongous Allocation) 37M->31M(163M) 1.673ms
[54.704s][info][gc,cpu      ] GC(291) User=0.00s Sys=0.00s Real=0.00s
[54.704s][info][gc          ] GC(292) Concurrent Mark Cycle
[54.704s][info][gc,marking  ] GC(292) Concurrent Clear Claimed Marks
[54.704s][info][gc,marking  ] GC(292) Concurrent Clear Claimed Marks 0.014ms
[54.704s][info][gc,marking  ] GC(292) Concurrent Scan Root Regions
[54.705s][info][gc,marking  ] GC(292) Concurrent Scan Root Regions 0.465ms
[54.705s][info][gc,marking  ] GC(292) Concurrent Mark
[54.705s][info][gc,marking  ] GC(292) Concurrent Mark From Roots
[54.705s][info][gc,task     ] GC(292) Using 2 workers of 2 for marking
[54.715s][info][gc,marking  ] GC(292) Concurrent Mark From Roots 10.333ms
[54.715s][info][gc,marking  ] GC(292) Concurrent Preclean
[54.715s][info][gc,marking  ] GC(292) Concurrent Preclean 0.106ms
[54.716s][info][gc,start    ] GC(292) Pause Remark
[54.720s][info][gc          ] GC(292) Pause Remark 44M->44M(154M) 4.675ms
[54.720s][info][gc,cpu      ] GC(292) User=0.00s Sys=0.00s Real=0.00s
[54.721s][info][gc,marking  ] GC(292) Concurrent Mark 15.694ms
[54.721s][info][gc,marking  ] GC(292) Concurrent Rebuild Remembered Sets
[54.725s][info][gc,marking  ] GC(292) Concurrent Rebuild Remembered Sets 4.602ms
[54.725s][info][gc,start    ] GC(292) Pause Cleanup
[54.726s][info][gc          ] GC(292) Pause Cleanup 46M->46M(154M) 0.144ms
[54.726s][info][gc,cpu      ] GC(292) User=0.00s Sys=0.00s Real=0.00s
[54.726s][info][gc,marking  ] GC(292) Concurrent Cleanup for Next Mark
[54.726s][info][gc,marking  ] GC(292) Concurrent Cleanup for Next Mark 0.166ms
[54.726s][info][gc          ] GC(292) Concurrent Mark Cycle 21.666ms
[55.221s][info][gc,start    ] GC(293) Pause Young (Prepare Mixed) (G1 Preventive Collection)
[55.221s][info][gc,task     ] GC(293) Using 6 workers of 6 for evacuation
[55.222s][info][gc,phases   ] GC(293)   Pre Evacuate Collection Set: 0.2ms
[55.222s][info][gc,phases   ] GC(293)   Merge Heap Roots: 0.1ms
[55.222s][info][gc,phases   ] GC(293)   Evacuate Collection Set: 0.5ms
[55.222s][info][gc,phases   ] GC(293)   Post Evacuate Collection Set: 0.5ms
[55.222s][info][gc,phases   ] GC(293)   Other: 0.3ms
[55.222s][info][gc,heap     ] GC(293) Eden regions: 57->0(5)
[55.222s][info][gc,heap     ] GC(293) Survivor regions: 1->2(12)
[55.222s][info][gc,heap     ] GC(293) Old regions: 27->27
[55.222s][info][gc,heap     ] GC(293) Archive regions: 0->0
[55.222s][info][gc,heap     ] GC(293) Humongous regions: 64->4
[55.222s][info][gc,metaspace] GC(293) Metaspace: 36557K(36928K)->36557K(36928K) NonClass: 32565K(32768K)->32565K(32768K) Class: 3991K(4160K)->3991K(4160K)
[55.222s][info][gc          ] GC(293) Pause Young (Prepare Mixed) (G1 Preventive Collection) 147M->31M(154M) 1.638ms
[55.222s][info][gc,cpu      ] GC(293) User=0.00s Sys=0.00s Real=0.00s
[55.251s][info][gc,start    ] GC(294) Pause Young (Mixed) (G1 Evacuation Pause)
[55.251s][info][gc,task     ] GC(294) Using 6 workers of 6 for evacuation
[55.252s][info][gc,phases   ] GC(294)   Pre Evacuate Collection Set: 0.2ms
[55.252s][info][gc,phases   ] GC(294)   Merge Heap Roots: 0.1ms
[55.252s][info][gc,phases   ] GC(294)   Evacuate Collection Set: 0.6ms
[55.252s][info][gc,phases   ] GC(294)   Post Evacuate Collection Set: 0.6ms
[55.252s][info][gc,phases   ] GC(294)   Other: 0.2ms
[55.252s][info][gc,heap     ] GC(294) Eden regions: 5->0(91)
[55.252s][info][gc,heap     ] GC(294) Survivor regions: 2->1(1)
[55.252s][info][gc,heap     ] GC(294) Old regions: 27->28
[55.252s][info][gc,heap     ] GC(294) Archive regions: 0->0
[55.252s][info][gc,heap     ] GC(294) Humongous regions: 16->4
[55.252s][info][gc,metaspace] GC(294) Metaspace: 36557K(36928K)->36557K(36928K) NonClass: 32565K(32768K)->32565K(32768K) Class: 3991K(4160K)->3991K(4160K)
[55.252s][info][gc          ] GC(294) Pause Young (Mixed) (G1 Evacuation Pause) 48M->31M(154M) 1.697ms
[55.253s][info][gc,cpu      ] GC(294) User=0.00s Sys=0.00s Real=0.00s
[55.326s][info][gc,start    ] GC(295) Pause Young (Concurrent Start) (G1 Humongous Allocation)
[55.326s][info][gc,task     ] GC(295) Using 6 workers of 6 for evacuation
[55.328s][info][gc,phases   ] GC(295)   Pre Evacuate Collection Set: 0.2ms
[55.328s][info][gc,phases   ] GC(295)   Merge Heap Roots: 0.1ms
[55.328s][info][gc,phases   ] GC(295)   Evacuate Collection Set: 1.1ms
[55.328s][info][gc,phases   ] GC(295)   Post Evacuate Collection Set: 0.6ms
[55.328s][info][gc,phases   ] GC(295)   Other: 0.3ms
[55.328s][info][gc,heap     ] GC(295) Eden regions: 4->0(91)
[55.328s][info][gc,heap     ] GC(295) Survivor regions: 1->1(12)
[55.328s][info][gc,heap     ] GC(295) Old regions: 28->28
[55.329s][info][gc,heap     ] GC(295) Archive regions: 0->0
[55.329s][info][gc,heap     ] GC(295) Humongous regions: 4->4
[55.329s][info][gc,metaspace] GC(295) Metaspace: 36557K(36928K)->36557K(36928K) NonClass: 32565K(32768K)->32565K(32768K) Class: 3991K(4160K)->3991K(4160K)
[55.329s][info][gc          ] GC(295) Pause Young (Concurrent Start) (G1 Humongous Allocation) 34M->30M(154M) 2.475ms
[55.329s][info][gc,cpu      ] GC(295) User=0.00s Sys=0.00s Real=0.00s
[55.329s][info][gc          ] GC(296) Concurrent Mark Cycle
[55.329s][info][gc,marking  ] GC(296) Concurrent Clear Claimed Marks
[55.329s][info][gc,marking  ] GC(296) Concurrent Clear Claimed Marks 0.028ms
[55.329s][info][gc,marking  ] GC(296) Concurrent Scan Root Regions
[55.329s][info][gc,marking  ] GC(296) Concurrent Scan Root Regions 0.528ms
[55.329s][info][gc,marking  ] GC(296) Concurrent Mark
[55.329s][info][gc,marking  ] GC(296) Concurrent Mark From Roots
[55.329s][info][gc,task     ] GC(296) Using 2 workers of 2 for marking
[55.342s][info][gc,marking  ] GC(296) Concurrent Mark From Roots 12.788ms
[55.342s][info][gc,marking  ] GC(296) Concurrent Preclean
[55.342s][info][gc,marking  ] GC(296) Concurrent Preclean 0.086ms
[55.343s][info][gc,start    ] GC(296) Pause Remark
[55.346s][info][gc          ] GC(296) Pause Remark 44M->44M(154M) 3.730ms
[55.346s][info][gc,cpu      ] GC(296) User=0.00s Sys=0.00s Real=0.00s
[55.347s][info][gc,marking  ] GC(296) Concurrent Mark 17.154ms
[55.347s][info][gc,marking  ] GC(296) Concurrent Rebuild Remembered Sets
[55.351s][info][gc,marking  ] GC(296) Concurrent Rebuild Remembered Sets 4.105ms
[55.351s][info][gc,start    ] GC(296) Pause Cleanup
[55.351s][info][gc          ] GC(296) Pause Cleanup 44M->44M(154M) 0.152ms
[55.351s][info][gc,cpu      ] GC(296) User=0.00s Sys=0.00s Real=0.00s
[55.351s][info][gc,marking  ] GC(296) Concurrent Cleanup for Next Mark
[55.351s][info][gc,marking  ] GC(296) Concurrent Cleanup for Next Mark 0.152ms
[55.351s][info][gc          ] GC(296) Concurrent Mark Cycle 22.711ms
[55.847s][info][gc,start    ] GC(297) Pause Young (Prepare Mixed) (G1 Preventive Collection)
[55.847s][info][gc,task     ] GC(297) Using 6 workers of 6 for evacuation
[55.848s][info][gc,phases   ] GC(297)   Pre Evacuate Collection Set: 0.1ms
[55.848s][info][gc,phases   ] GC(297)   Merge Heap Roots: 0.1ms
[55.848s][info][gc,phases   ] GC(297)   Evacuate Collection Set: 0.5ms
[55.848s][info][gc,phases   ] GC(297)   Post Evacuate Collection Set: 0.2ms
[55.848s][info][gc,phases   ] GC(297)   Other: 0.2ms
[55.848s][info][gc,heap     ] GC(297) Eden regions: 57->0(5)
[55.848s][info][gc,heap     ] GC(297) Survivor regions: 1->2(12)
[55.848s][info][gc,heap     ] GC(297) Old regions: 28->28
[55.848s][info][gc,heap     ] GC(297) Archive regions: 0->0
[55.848s][info][gc,heap     ] GC(297) Humongous regions: 64->4
[55.848s][info][gc,metaspace] GC(297) Metaspace: 36557K(36928K)->36557K(36928K) NonClass: 32565K(32768K)->32565K(32768K) Class: 3991K(4160K)->3991K(4160K)
[55.848s][info][gc          ] GC(297) Pause Young (Prepare Mixed) (G1 Preventive Collection) 147M->31M(154M) 1.091ms
[55.848s][info][gc,cpu      ] GC(297) User=0.00s Sys=0.00s Real=0.00s
[55.877s][info][gc,start    ] GC(298) Pause Young (Mixed) (G1 Evacuation Pause)
[55.877s][info][gc,task     ] GC(298) Using 6 workers of 6 for evacuation
[55.878s][info][gc,phases   ] GC(298)   Pre Evacuate Collection Set: 0.1ms
[55.878s][info][gc,phases   ] GC(298)   Merge Heap Roots: 0.1ms
[55.878s][info][gc,phases   ] GC(298)   Evacuate Collection Set: 0.6ms
[55.878s][info][gc,phases   ] GC(298)   Post Evacuate Collection Set: 0.4ms
[55.878s][info][gc,phases   ] GC(298)   Other: 0.2ms
[55.878s][info][gc,heap     ] GC(298) Eden regions: 5->0(91)
[55.878s][info][gc,heap     ] GC(298) Survivor regions: 2->1(1)
[55.878s][info][gc,heap     ] GC(298) Old regions: 28->28
[55.878s][info][gc,heap     ] GC(298) Archive regions: 0->0
[55.878s][info][gc,heap     ] GC(298) Humongous regions: 16->4
[55.878s][info][gc,metaspace] GC(298) Metaspace: 36557K(36928K)->36557K(36928K) NonClass: 32565K(32768K)->32565K(32768K) Class: 3991K(4160K)->3991K(4160K)
[55.878s][info][gc          ] GC(298) Pause Young (Mixed) (G1 Evacuation Pause) 48M->31M(154M) 1.528ms
[55.878s][info][gc,cpu      ] GC(298) User=0.00s Sys=0.00s Real=0.00s
[55.951s][info][gc,start    ] GC(299) Pause Young (Concurrent Start) (G1 Humongous Allocation)
[55.951s][info][gc,task     ] GC(299) Using 6 workers of 6 for evacuation
[55.952s][info][gc,phases   ] GC(299)   Pre Evacuate Collection Set: 0.2ms
[55.953s][info][gc,phases   ] GC(299)   Merge Heap Roots: 0.1ms
[55.953s][info][gc,phases   ] GC(299)   Evacuate Collection Set: 0.7ms
[55.953s][info][gc,phases   ] GC(299)   Post Evacuate Collection Set: 0.3ms
[55.953s][info][gc,phases   ] GC(299)   Other: 0.2ms
[55.953s][info][gc,heap     ] GC(299) Eden regions: 9->0(91)
[55.953s][info][gc,heap     ] GC(299) Survivor regions: 1->1(12)
[55.953s][info][gc,heap     ] GC(299) Old regions: 28->28
[55.953s][info][gc,heap     ] GC(299) Archive regions: 0->0
[55.953s][info][gc,heap     ] GC(299) Humongous regions: 4->4
[55.953s][info][gc,metaspace] GC(299) Metaspace: 36558K(36928K)->36558K(36928K) NonClass: 32566K(32768K)->32566K(32768K) Class: 3991K(4160K)->3991K(4160K)
[55.953s][info][gc          ] GC(299) Pause Young (Concurrent Start) (G1 Humongous Allocation) 39M->31M(154M) 1.599ms
[55.953s][info][gc,cpu      ] GC(299) User=0.00s Sys=0.00s Real=0.00s
[55.953s][info][gc          ] GC(300) Concurrent Mark Cycle
[55.953s][info][gc,marking  ] GC(300) Concurrent Clear Claimed Marks
[55.953s][info][gc,marking  ] GC(300) Concurrent Clear Claimed Marks 0.023ms
[55.953s][info][gc,marking  ] GC(300) Concurrent Scan Root Regions
[55.953s][info][gc,marking  ] GC(300) Concurrent Scan Root Regions 0.474ms
[55.953s][info][gc,marking  ] GC(300) Concurrent Mark
[55.953s][info][gc,marking  ] GC(300) Concurrent Mark From Roots
[55.953s][info][gc,task     ] GC(300) Using 2 workers of 2 for marking
[55.963s][info][gc,marking  ] GC(300) Concurrent Mark From Roots 9.802ms
[55.963s][info][gc,marking  ] GC(300) Concurrent Preclean
[55.963s][info][gc,marking  ] GC(300) Concurrent Preclean 0.086ms
[55.964s][info][gc,start    ] GC(300) Pause Remark
[55.967s][info][gc          ] GC(300) Pause Remark 44M->44M(154M) 3.854ms
[55.967s][info][gc,cpu      ] GC(300) User=0.00s Sys=0.00s Real=0.00s
[55.968s][info][gc,marking  ] GC(300) Concurrent Mark 14.358ms
[55.968s][info][gc,marking  ] GC(300) Concurrent Rebuild Remembered Sets
[55.973s][info][gc,marking  ] GC(300) Concurrent Rebuild Remembered Sets 4.944ms
[55.973s][info][gc,start    ] GC(300) Pause Cleanup
[55.973s][info][gc          ] GC(300) Pause Cleanup 45M->45M(154M) 0.157ms
[55.973s][info][gc,cpu      ] GC(300) User=0.00s Sys=0.00s Real=0.00s
[55.973s][info][gc,marking  ] GC(300) Concurrent Cleanup for Next Mark
[55.973s][info][gc,marking  ] GC(300) Concurrent Cleanup for Next Mark 0.132ms
[55.973s][info][gc          ] GC(300) Concurrent Mark Cycle 20.707ms
[56.514s][info][gc,start    ] GC(301) Pause Young (Prepare Mixed) (G1 Preventive Collection)
[56.514s][info][gc,task     ] GC(301) Using 6 workers of 6 for evacuation
[56.515s][info][gc,phases   ] GC(301)   Pre Evacuate Collection Set: 0.2ms
[56.515s][info][gc,phases   ] GC(301)   Merge Heap Roots: 0.1ms
[56.515s][info][gc,phases   ] GC(301)   Evacuate Collection Set: 0.5ms
[56.515s][info][gc,phases   ] GC(301)   Post Evacuate Collection Set: 0.6ms
[56.515s][info][gc,phases   ] GC(301)   Other: 0.2ms
[56.515s][info][gc,heap     ] GC(301) Eden regions: 55->0(6)
[56.515s][info][gc,heap     ] GC(301) Survivor regions: 1->2(12)
[56.515s][info][gc,heap     ] GC(301) Old regions: 28->28
[56.515s][info][gc,heap     ] GC(301) Archive regions: 0->0
[56.515s][info][gc,heap     ] GC(301) Humongous regions: 76->8
[56.515s][info][gc,metaspace] GC(301) Metaspace: 36576K(36928K)->36576K(36928K) NonClass: 32584K(32768K)->32584K(32768K) Class: 3991K(4160K)->3991K(4160K)
[56.515s][info][gc          ] GC(301) Pause Young (Prepare Mixed) (G1 Preventive Collection) 158M->36M(162M) 1.656ms
[56.515s][info][gc,cpu      ] GC(301) User=0.00s Sys=0.00s Real=0.00s
[56.554s][info][gc,start    ] GC(302) Pause Young (Mixed) (G1 Evacuation Pause)
[56.554s][info][gc,task     ] GC(302) Using 6 workers of 6 for evacuation
[56.556s][info][gc,phases   ] GC(302)   Pre Evacuate Collection Set: 0.2ms
[56.556s][info][gc,phases   ] GC(302)   Merge Heap Roots: 0.1ms
[56.556s][info][gc,phases   ] GC(302)   Evacuate Collection Set: 0.7ms
[56.556s][info][gc,phases   ] GC(302)   Post Evacuate Collection Set: 0.3ms
[56.556s][info][gc,phases   ] GC(302)   Other: 0.3ms
[56.556s][info][gc,heap     ] GC(302) Eden regions: 6->0(96)
[56.556s][info][gc,heap     ] GC(302) Survivor regions: 2->1(1)
[56.556s][info][gc,heap     ] GC(302) Old regions: 28->28
[56.556s][info][gc,heap     ] GC(302) Archive regions: 0->0
[56.556s][info][gc,heap     ] GC(302) Humongous regions: 8->4
[56.556s][info][gc,metaspace] GC(302) Metaspace: 36576K(36928K)->36576K(36928K) NonClass: 32584K(32768K)->32584K(32768K) Class: 3991K(4160K)->3991K(4160K)
[56.556s][info][gc          ] GC(302) Pause Young (Mixed) (G1 Evacuation Pause) 42M->32M(162M) 1.647ms
[56.556s][info][gc,cpu      ] GC(302) User=0.00s Sys=0.00s Real=0.00s
[56.592s][info][gc,start    ] GC(303) Pause Young (Concurrent Start) (G1 Humongous Allocation)
[56.592s][info][gc,task     ] GC(303) Using 6 workers of 6 for evacuation
[56.594s][info][gc,phases   ] GC(303)   Pre Evacuate Collection Set: 0.2ms
[56.594s][info][gc,phases   ] GC(303)   Merge Heap Roots: 0.1ms
[56.594s][info][gc,phases   ] GC(303)   Evacuate Collection Set: 0.8ms
[56.594s][info][gc,phases   ] GC(303)   Post Evacuate Collection Set: 0.5ms
[56.594s][info][gc,phases   ] GC(303)   Other: 0.3ms
[56.594s][info][gc,heap     ] GC(303) Eden regions: 4->0(96)
[56.594s][info][gc,heap     ] GC(303) Survivor regions: 1->1(13)
[56.594s][info][gc,heap     ] GC(303) Old regions: 28->28
[56.594s][info][gc,heap     ] GC(303) Archive regions: 0->0
[56.594s][info][gc,heap     ] GC(303) Humongous regions: 8->8
[56.594s][info][gc,metaspace] GC(303) Metaspace: 36576K(36928K)->36576K(36928K) NonClass: 32584K(32768K)->32584K(32768K) Class: 3991K(4160K)->3991K(4160K)
[56.594s][info][gc          ] GC(303) Pause Young (Concurrent Start) (G1 Humongous Allocation) 40M->35M(162M) 1.921ms
[56.594s][info][gc,cpu      ] GC(303) User=0.00s Sys=0.00s Real=0.00s
[56.594s][info][gc          ] GC(304) Concurrent Mark Cycle
[56.594s][info][gc,marking  ] GC(304) Concurrent Clear Claimed Marks
[56.594s][info][gc,marking  ] GC(304) Concurrent Clear Claimed Marks 0.020ms
[56.594s][info][gc,marking  ] GC(304) Concurrent Scan Root Regions
[56.595s][info][gc,marking  ] GC(304) Concurrent Scan Root Regions 0.587ms
[56.595s][info][gc,marking  ] GC(304) Concurrent Mark
[56.595s][info][gc,marking  ] GC(304) Concurrent Mark From Roots
[56.595s][info][gc,task     ] GC(304) Using 2 workers of 2 for marking
[56.605s][info][gc,marking  ] GC(304) Concurrent Mark From Roots 10.352ms
[56.605s][info][gc,marking  ] GC(304) Concurrent Preclean
[56.606s][info][gc,marking  ] GC(304) Concurrent Preclean 0.187ms
[56.606s][info][gc,start    ] GC(304) Pause Remark
[56.611s][info][gc          ] GC(304) Pause Remark 45M->45M(157M) 5.212ms
[56.611s][info][gc,cpu      ] GC(304) User=0.00s Sys=0.00s Real=0.01s
[56.611s][info][gc,marking  ] GC(304) Concurrent Mark 16.259ms
[56.611s][info][gc,marking  ] GC(304) Concurrent Rebuild Remembered Sets
[56.616s][info][gc,marking  ] GC(304) Concurrent Rebuild Remembered Sets 4.734ms
[56.616s][info][gc,start    ] GC(304) Pause Cleanup
[56.616s][info][gc          ] GC(304) Pause Cleanup 46M->46M(157M) 0.151ms
[56.616s][info][gc,cpu      ] GC(304) User=0.00s Sys=0.00s Real=0.00s
[56.617s][info][gc,marking  ] GC(304) Concurrent Cleanup for Next Mark
[56.617s][info][gc,marking  ] GC(304) Concurrent Cleanup for Next Mark 0.161ms
[56.617s][info][gc          ] GC(304) Concurrent Mark Cycle 22.514ms
[57.162s][info][gc,start    ] GC(305) Pause Young (Prepare Mixed) (G1 Preventive Collection)
[57.162s][info][gc,task     ] GC(305) Using 6 workers of 6 for evacuation
[57.163s][info][gc,phases   ] GC(305)   Pre Evacuate Collection Set: 0.1ms
[57.163s][info][gc,phases   ] GC(305)   Merge Heap Roots: 0.1ms
[57.163s][info][gc,phases   ] GC(305)   Evacuate Collection Set: 0.6ms
[57.164s][info][gc,phases   ] GC(305)   Post Evacuate Collection Set: 0.4ms
[57.164s][info][gc,phases   ] GC(305)   Other: 0.2ms
[57.164s][info][gc,heap     ] GC(305) Eden regions: 62->0(6)
[57.164s][info][gc,heap     ] GC(305) Survivor regions: 1->2(12)
[57.164s][info][gc,heap     ] GC(305) Old regions: 28->28
[57.164s][info][gc,heap     ] GC(305) Archive regions: 0->0
[57.164s][info][gc,heap     ] GC(305) Humongous regions: 76->4
[57.164s][info][gc,metaspace] GC(305) Metaspace: 36586K(36928K)->36586K(36928K) NonClass: 32594K(32768K)->32594K(32768K) Class: 3991K(4160K)->3991K(4160K)
[57.164s][info][gc          ] GC(305) Pause Young (Prepare Mixed) (G1 Preventive Collection) 165M->32M(169M) 1.472ms
[57.164s][info][gc,cpu      ] GC(305) User=0.00s Sys=0.00s Real=0.00s
[57.262s][info][gc,start    ] GC(306) Pause Young (Mixed) (G1 Evacuation Pause)
[57.262s][info][gc,task     ] GC(306) Using 6 workers of 6 for evacuation
[57.263s][info][gc,phases   ] GC(306)   Pre Evacuate Collection Set: 0.1ms
[57.263s][info][gc,phases   ] GC(306)   Merge Heap Roots: 0.1ms
[57.263s][info][gc,phases   ] GC(306)   Evacuate Collection Set: 0.7ms
[57.263s][info][gc,phases   ] GC(306)   Post Evacuate Collection Set: 0.3ms
[57.263s][info][gc,phases   ] GC(306)   Other: 0.2ms
[57.263s][info][gc,heap     ] GC(306) Eden regions: 6->0(100)
[57.263s][info][gc,heap     ] GC(306) Survivor regions: 2->1(1)
[57.263s][info][gc,heap     ] GC(306) Old regions: 28->28
[57.263s][info][gc,heap     ] GC(306) Archive regions: 0->0
[57.263s][info][gc,heap     ] GC(306) Humongous regions: 16->8
[57.263s][info][gc,metaspace] GC(306) Metaspace: 36605K(36928K)->36605K(36928K) NonClass: 32613K(32768K)->32613K(32768K) Class: 3991K(4160K)->3991K(4160K)
[57.263s][info][gc          ] GC(306) Pause Young (Mixed) (G1 Evacuation Pause) 50M->35M(169M) 1.450ms
[57.263s][info][gc,cpu      ] GC(306) User=0.00s Sys=0.00s Real=0.00s
[57.347s][info][gc,start    ] GC(307) Pause Young (Concurrent Start) (G1 Humongous Allocation)
[57.347s][info][gc,task     ] GC(307) Using 6 workers of 6 for evacuation
[57.349s][info][gc,phases   ] GC(307)   Pre Evacuate Collection Set: 0.1ms
[57.349s][info][gc,phases   ] GC(307)   Merge Heap Roots: 0.1ms
[57.349s][info][gc,phases   ] GC(307)   Evacuate Collection Set: 0.9ms
[57.349s][info][gc,phases   ] GC(307)   Post Evacuate Collection Set: 0.5ms
[57.349s][info][gc,phases   ] GC(307)   Other: 0.3ms
[57.349s][info][gc,heap     ] GC(307) Eden regions: 11->0(100)
[57.349s][info][gc,heap     ] GC(307) Survivor regions: 1->1(13)
[57.349s][info][gc,heap     ] GC(307) Old regions: 28->28
[57.349s][info][gc,heap     ] GC(307) Archive regions: 0->0
[57.349s][info][gc,heap     ] GC(307) Humongous regions: 16->8
[57.349s][info][gc,metaspace] GC(307) Metaspace: 36605K(36928K)->36605K(36928K) NonClass: 32613K(32768K)->32613K(32768K) Class: 3991K(4160K)->3991K(4160K)
[57.349s][info][gc          ] GC(307) Pause Young (Concurrent Start) (G1 Humongous Allocation) 54M->35M(169M) 1.960ms
[57.349s][info][gc,cpu      ] GC(307) User=0.02s Sys=0.00s Real=0.00s
[57.349s][info][gc          ] GC(308) Concurrent Undo Cycle
[57.349s][info][gc,marking  ] GC(308) Concurrent Cleanup for Next Mark
[57.349s][info][gc,marking  ] GC(308) Concurrent Cleanup for Next Mark 0.135ms
[57.349s][info][gc          ] GC(308) Concurrent Undo Cycle 0.175ms
[57.450s][info][gc,start    ] GC(309) Pause Young (Concurrent Start) (G1 Humongous Allocation)
[57.450s][info][gc,task     ] GC(309) Using 6 workers of 6 for evacuation
[57.452s][info][gc,phases   ] GC(309)   Pre Evacuate Collection Set: 0.2ms
[57.452s][info][gc,phases   ] GC(309)   Merge Heap Roots: 0.1ms
[57.452s][info][gc,phases   ] GC(309)   Evacuate Collection Set: 0.8ms
[57.452s][info][gc,phases   ] GC(309)   Post Evacuate Collection Set: 0.5ms
[57.452s][info][gc,phases   ] GC(309)   Other: 0.2ms
[57.452s][info][gc,heap     ] GC(309) Eden regions: 9->0(100)
[57.452s][info][gc,heap     ] GC(309) Survivor regions: 1->1(13)
[57.452s][info][gc,heap     ] GC(309) Old regions: 28->28
[57.452s][info][gc,heap     ] GC(309) Archive regions: 0->0
[57.452s][info][gc,heap     ] GC(309) Humongous regions: 12->4
[57.452s][info][gc,metaspace] GC(309) Metaspace: 36605K(36928K)->36605K(36928K) NonClass: 32613K(32768K)->32613K(32768K) Class: 3991K(4160K)->3991K(4160K)
[57.452s][info][gc          ] GC(309) Pause Young (Concurrent Start) (G1 Humongous Allocation) 48M->31M(169M) 1.792ms
[57.452s][info][gc,cpu      ] GC(309) User=0.00s Sys=0.00s Real=0.00s
[57.452s][info][gc          ] GC(310) Concurrent Mark Cycle
[57.452s][info][gc,marking  ] GC(310) Concurrent Clear Claimed Marks
[57.452s][info][gc,marking  ] GC(310) Concurrent Clear Claimed Marks 0.016ms
[57.452s][info][gc,marking  ] GC(310) Concurrent Scan Root Regions
[57.453s][info][gc,marking  ] GC(310) Concurrent Scan Root Regions 0.513ms
[57.453s][info][gc,marking  ] GC(310) Concurrent Mark
[57.453s][info][gc,marking  ] GC(310) Concurrent Mark From Roots
[57.453s][info][gc,task     ] GC(310) Using 2 workers of 2 for marking
[57.464s][info][gc,marking  ] GC(310) Concurrent Mark From Roots 11.506ms
[57.464s][info][gc,marking  ] GC(310) Concurrent Preclean
[57.464s][info][gc,marking  ] GC(310) Concurrent Preclean 0.089ms
[57.465s][info][gc,start    ] GC(310) Pause Remark
[57.468s][info][gc          ] GC(310) Pause Remark 44M->44M(154M) 3.116ms
[57.468s][info][gc,cpu      ] GC(310) User=0.00s Sys=0.00s Real=0.00s
[57.468s][info][gc,marking  ] GC(310) Concurrent Mark 15.277ms
[57.468s][info][gc,marking  ] GC(310) Concurrent Rebuild Remembered Sets
[57.472s][info][gc,marking  ] GC(310) Concurrent Rebuild Remembered Sets 4.263ms
[57.473s][info][gc,start    ] GC(310) Pause Cleanup
[57.473s][info][gc          ] GC(310) Pause Cleanup 45M->45M(154M) 0.161ms
[57.473s][info][gc,cpu      ] GC(310) User=0.00s Sys=0.00s Real=0.00s
[57.473s][info][gc,marking  ] GC(310) Concurrent Cleanup for Next Mark
[57.473s][info][gc,marking  ] GC(310) Concurrent Cleanup for Next Mark 0.166ms
[57.473s][info][gc          ] GC(310) Concurrent Mark Cycle 21.152ms
[57.983s][info][gc,start    ] GC(311) Pause Young (Prepare Mixed) (G1 Preventive Collection)
[57.984s][info][gc,task     ] GC(311) Using 6 workers of 6 for evacuation
[57.987s][info][gc,phases   ] GC(311)   Pre Evacuate Collection Set: 0.4ms
[57.987s][info][gc,phases   ] GC(311)   Merge Heap Roots: 0.2ms
[57.987s][info][gc,phases   ] GC(311)   Evacuate Collection Set: 1.7ms
[57.987s][info][gc,phases   ] GC(311)   Post Evacuate Collection Set: 1.1ms
[57.988s][info][gc,phases   ] GC(311)   Other: 0.6ms
[57.988s][info][gc,heap     ] GC(311) Eden regions: 57->0(5)
[57.988s][info][gc,heap     ] GC(311) Survivor regions: 1->2(12)
[57.988s][info][gc,heap     ] GC(311) Old regions: 28->28
[57.988s][info][gc,heap     ] GC(311) Archive regions: 0->0
[57.988s][info][gc,heap     ] GC(311) Humongous regions: 64->4
[57.988s][info][gc,metaspace] GC(311) Metaspace: 36606K(36928K)->36606K(36928K) NonClass: 32614K(32768K)->32614K(32768K) Class: 3991K(4160K)->3991K(4160K)
[57.988s][info][gc          ] GC(311) Pause Young (Prepare Mixed) (G1 Preventive Collection) 148M->32M(154M) 4.436ms
[57.988s][info][gc,cpu      ] GC(311) User=0.00s Sys=0.00s Real=0.01s
[58.039s][info][gc,start    ] GC(312) Pause Young (Mixed) (G1 Evacuation Pause)
[58.039s][info][gc,task     ] GC(312) Using 6 workers of 6 for evacuation
[58.040s][info][gc,phases   ] GC(312)   Pre Evacuate Collection Set: 0.1ms
[58.040s][info][gc,phases   ] GC(312)   Merge Heap Roots: 0.0ms
[58.040s][info][gc,phases   ] GC(312)   Evacuate Collection Set: 0.8ms
[58.040s][info][gc,phases   ] GC(312)   Post Evacuate Collection Set: 0.4ms
[58.040s][info][gc,phases   ] GC(312)   Other: 0.3ms
[58.040s][info][gc,heap     ] GC(312) Eden regions: 5->0(91)
[58.040s][info][gc,heap     ] GC(312) Survivor regions: 2->1(1)
[58.040s][info][gc,heap     ] GC(312) Old regions: 28->29
[58.040s][info][gc,heap     ] GC(312) Archive regions: 0->0
[58.040s][info][gc,heap     ] GC(312) Humongous regions: 16->4
[58.040s][info][gc,metaspace] GC(312) Metaspace: 36606K(36928K)->36606K(36928K) NonClass: 32614K(32768K)->32614K(32768K) Class: 3991K(4160K)->3991K(4160K)
[58.040s][info][gc          ] GC(312) Pause Young (Mixed) (G1 Evacuation Pause) 49M->31M(154M) 1.695ms
[58.041s][info][gc,cpu      ] GC(312) User=0.00s Sys=0.00s Real=0.00s
[58.116s][info][gc,start    ] GC(313) Pause Young (Concurrent Start) (G1 Humongous Allocation)
[58.117s][info][gc,task     ] GC(313) Using 6 workers of 6 for evacuation
[58.118s][info][gc,phases   ] GC(313)   Pre Evacuate Collection Set: 0.2ms
[58.118s][info][gc,phases   ] GC(313)   Merge Heap Roots: 0.1ms
[58.118s][info][gc,phases   ] GC(313)   Evacuate Collection Set: 0.9ms
[58.118s][info][gc,phases   ] GC(313)   Post Evacuate Collection Set: 0.4ms
[58.118s][info][gc,phases   ] GC(313)   Other: 0.3ms
[58.118s][info][gc,heap     ] GC(313) Eden regions: 9->0(91)
[58.118s][info][gc,heap     ] GC(313) Survivor regions: 1->1(12)
[58.118s][info][gc,heap     ] GC(313) Old regions: 29->29
[58.118s][info][gc,heap     ] GC(313) Archive regions: 0->0
[58.118s][info][gc,heap     ] GC(313) Humongous regions: 12->8
[58.118s][info][gc,metaspace] GC(313) Metaspace: 36606K(36928K)->36606K(36928K) NonClass: 32614K(32768K)->32614K(32768K) Class: 3991K(4160K)->3991K(4160K)
[58.118s][info][gc          ] GC(313) Pause Young (Concurrent Start) (G1 Humongous Allocation) 48M->36M(154M) 1.942ms
[58.118s][info][gc,cpu      ] GC(313) User=0.00s Sys=0.00s Real=0.00s
[58.119s][info][gc          ] GC(314) Concurrent Undo Cycle
[58.119s][info][gc,marking  ] GC(314) Concurrent Cleanup for Next Mark
[58.119s][info][gc,marking  ] GC(314) Concurrent Cleanup for Next Mark 0.144ms
[58.119s][info][gc          ] GC(314) Concurrent Undo Cycle 0.200ms
[58.219s][info][gc,start    ] GC(315) Pause Young (Concurrent Start) (G1 Humongous Allocation)
[58.219s][info][gc,task     ] GC(315) Using 6 workers of 6 for evacuation
[58.220s][info][gc,phases   ] GC(315)   Pre Evacuate Collection Set: 0.2ms
[58.221s][info][gc,phases   ] GC(315)   Merge Heap Roots: 0.1ms
[58.221s][info][gc,phases   ] GC(315)   Evacuate Collection Set: 0.8ms
[58.221s][info][gc,phases   ] GC(315)   Post Evacuate Collection Set: 0.6ms
[58.221s][info][gc,phases   ] GC(315)   Other: 0.2ms
[58.221s][info][gc,heap     ] GC(315) Eden regions: 9->0(91)
[58.221s][info][gc,heap     ] GC(315) Survivor regions: 1->1(12)
[58.221s][info][gc,heap     ] GC(315) Old regions: 29->29
[58.221s][info][gc,heap     ] GC(315) Archive regions: 0->0
[58.221s][info][gc,heap     ] GC(315) Humongous regions: 12->4
[58.221s][info][gc,metaspace] GC(315) Metaspace: 36606K(36928K)->36606K(36928K) NonClass: 32614K(32768K)->32614K(32768K) Class: 3991K(4160K)->3991K(4160K)
[58.221s][info][gc          ] GC(315) Pause Young (Concurrent Start) (G1 Humongous Allocation) 48M->32M(154M) 1.876ms
[58.221s][info][gc,cpu      ] GC(315) User=0.00s Sys=0.00s Real=0.00s
[58.221s][info][gc          ] GC(316) Concurrent Mark Cycle
[58.221s][info][gc,marking  ] GC(316) Concurrent Clear Claimed Marks
[58.221s][info][gc,marking  ] GC(316) Concurrent Clear Claimed Marks 0.018ms
[58.221s][info][gc,marking  ] GC(316) Concurrent Scan Root Regions
[58.221s][info][gc,marking  ] GC(316) Concurrent Scan Root Regions 0.519ms
[58.221s][info][gc,marking  ] GC(316) Concurrent Mark
[58.221s][info][gc,marking  ] GC(316) Concurrent Mark From Roots
[58.221s][info][gc,task     ] GC(316) Using 2 workers of 2 for marking
[58.234s][info][gc,marking  ] GC(316) Concurrent Mark From Roots 12.332ms
[58.234s][info][gc,marking  ] GC(316) Concurrent Preclean
[58.234s][info][gc,marking  ] GC(316) Concurrent Preclean 0.100ms
[58.234s][info][gc,start    ] GC(316) Pause Remark
[58.238s][info][gc          ] GC(316) Pause Remark 45M->45M(154M) 3.780ms
[58.238s][info][gc,cpu      ] GC(316) User=0.00s Sys=0.00s Real=0.00s
[58.238s][info][gc,marking  ] GC(316) Concurrent Mark 16.812ms
[58.238s][info][gc,marking  ] GC(316) Concurrent Rebuild Remembered Sets
[58.243s][info][gc,marking  ] GC(316) Concurrent Rebuild Remembered Sets 4.632ms
[58.243s][info][gc,start    ] GC(316) Pause Cleanup
[58.243s][info][gc          ] GC(316) Pause Cleanup 46M->46M(154M) 0.151ms
[58.243s][info][gc,cpu      ] GC(316) User=0.00s Sys=0.00s Real=0.00s
[58.244s][info][gc,marking  ] GC(316) Concurrent Cleanup for Next Mark
[58.244s][info][gc,marking  ] GC(316) Concurrent Cleanup for Next Mark 0.146ms
[58.244s][info][gc          ] GC(316) Concurrent Mark Cycle 22.931ms
[58.765s][info][gc,start    ] GC(317) Pause Young (Prepare Mixed) (G1 Preventive Collection)
[58.765s][info][gc,task     ] GC(317) Using 6 workers of 6 for evacuation
[58.766s][info][gc,phases   ] GC(317)   Pre Evacuate Collection Set: 0.2ms
[58.767s][info][gc,phases   ] GC(317)   Merge Heap Roots: 0.1ms
[58.767s][info][gc,phases   ] GC(317)   Evacuate Collection Set: 0.6ms
[58.767s][info][gc,phases   ] GC(317)   Post Evacuate Collection Set: 0.5ms
[58.767s][info][gc,phases   ] GC(317)   Other: 0.2ms
[58.767s][info][gc,heap     ] GC(317) Eden regions: 58->0(6)
[58.767s][info][gc,heap     ] GC(317) Survivor regions: 1->2(12)
[58.767s][info][gc,heap     ] GC(317) Old regions: 29->29
[58.767s][info][gc,heap     ] GC(317) Archive regions: 0->0
[58.767s][info][gc,heap     ] GC(317) Humongous regions: 76->8
[58.767s][info][gc,metaspace] GC(317) Metaspace: 36606K(36928K)->36606K(36928K) NonClass: 32614K(32768K)->32614K(32768K) Class: 3991K(4160K)->3991K(4160K)
[58.767s][info][gc          ] GC(317) Pause Young (Prepare Mixed) (G1 Preventive Collection) 162M->36M(166M) 1.586ms
[58.767s][info][gc,cpu      ] GC(317) User=0.00s Sys=0.00s Real=0.00s
[58.855s][info][gc,start    ] GC(318) Pause Young (Mixed) (G1 Evacuation Pause)
[58.855s][info][gc,task     ] GC(318) Using 6 workers of 6 for evacuation
[58.856s][info][gc,phases   ] GC(318)   Pre Evacuate Collection Set: 0.1ms
[58.856s][info][gc,phases   ] GC(318)   Merge Heap Roots: 0.1ms
[58.856s][info][gc,phases   ] GC(318)   Evacuate Collection Set: 0.7ms
[58.856s][info][gc,phases   ] GC(318)   Post Evacuate Collection Set: 0.3ms
[58.856s][info][gc,phases   ] GC(318)   Other: 0.2ms
[58.856s][info][gc,heap     ] GC(318) Eden regions: 6->0(98)
[58.856s][info][gc,heap     ] GC(318) Survivor regions: 2->1(1)
[58.856s][info][gc,heap     ] GC(318) Old regions: 29->29
[58.856s][info][gc,heap     ] GC(318) Archive regions: 0->0
[58.856s][info][gc,heap     ] GC(318) Humongous regions: 20->8
[58.856s][info][gc,metaspace] GC(318) Metaspace: 36606K(36928K)->36606K(36928K) NonClass: 32614K(32768K)->32614K(32768K) Class: 3991K(4160K)->3991K(4160K)
[58.856s][info][gc          ] GC(318) Pause Young (Mixed) (G1 Evacuation Pause) 54M->36M(166M) 1.482ms
[58.856s][info][gc,cpu      ] GC(318) User=0.00s Sys=0.00s Real=0.00s
[59.161s][info][gc,start    ] GC(319) Pause Young (Concurrent Start) (G1 Humongous Allocation)
[59.161s][info][gc,task     ] GC(319) Using 6 workers of 6 for evacuation
[59.163s][info][gc,phases   ] GC(319)   Pre Evacuate Collection Set: 0.1ms
[59.163s][info][gc,phases   ] GC(319)   Merge Heap Roots: 0.0ms
[59.163s][info][gc,phases   ] GC(319)   Evacuate Collection Set: 0.6ms
[59.163s][info][gc,phases   ] GC(319)   Post Evacuate Collection Set: 0.3ms
[59.163s][info][gc,phases   ] GC(319)   Other: 0.2ms
[59.163s][info][gc,heap     ] GC(319) Eden regions: 35->0(98)
[59.163s][info][gc,heap     ] GC(319) Survivor regions: 1->1(13)
[59.163s][info][gc,heap     ] GC(319) Old regions: 29->29
[59.163s][info][gc,heap     ] GC(319) Archive regions: 0->0
[59.163s][info][gc,heap     ] GC(319) Humongous regions: 32->4
[59.163s][info][gc,metaspace] GC(319) Metaspace: 36606K(36928K)->36606K(36928K) NonClass: 32614K(32768K)->32614K(32768K) Class: 3991K(4160K)->3991K(4160K)
[59.163s][info][gc          ] GC(319) Pause Young (Concurrent Start) (G1 Humongous Allocation) 95M->32M(166M) 1.366ms
[59.163s][info][gc,cpu      ] GC(319) User=0.00s Sys=0.00s Real=0.00s
[59.163s][info][gc          ] GC(320) Concurrent Undo Cycle
[59.163s][info][gc,marking  ] GC(320) Concurrent Cleanup for Next Mark
[59.163s][info][gc,marking  ] GC(320) Concurrent Cleanup for Next Mark 0.135ms
[59.163s][info][gc          ] GC(320) Concurrent Undo Cycle 0.187ms
[59.165s][info][gc,start    ] GC(321) Pause Young (Concurrent Start) (G1 Humongous Allocation)
[59.165s][info][gc,task     ] GC(321) Using 6 workers of 6 for evacuation
[59.166s][info][gc,phases   ] GC(321)   Pre Evacuate Collection Set: 0.1ms
[59.166s][info][gc,phases   ] GC(321)   Merge Heap Roots: 0.0ms
[59.166s][info][gc,phases   ] GC(321)   Evacuate Collection Set: 0.6ms
[59.166s][info][gc,phases   ] GC(321)   Post Evacuate Collection Set: 0.2ms
[59.166s][info][gc,phases   ] GC(321)   Other: 0.2ms
[59.166s][info][gc,heap     ] GC(321) Eden regions: 1->0(98)
[59.166s][info][gc,heap     ] GC(321) Survivor regions: 1->1(13)
[59.166s][info][gc,heap     ] GC(321) Old regions: 29->29
[59.166s][info][gc,heap     ] GC(321) Archive regions: 0->0
[59.166s][info][gc,heap     ] GC(321) Humongous regions: 8->8
[59.166s][info][gc,metaspace] GC(321) Metaspace: 36606K(36928K)->36606K(36928K) NonClass: 32614K(32768K)->32614K(32768K) Class: 3991K(4160K)->3991K(4160K)
[59.166s][info][gc          ] GC(321) Pause Young (Concurrent Start) (G1 Humongous Allocation) 36M->36M(166M) 1.218ms
[59.166s][info][gc,cpu      ] GC(321) User=0.00s Sys=0.00s Real=0.00s
[59.166s][info][gc          ] GC(322) Concurrent Mark Cycle
[59.166s][info][gc,marking  ] GC(322) Concurrent Clear Claimed Marks
[59.166s][info][gc,marking  ] GC(322) Concurrent Clear Claimed Marks 0.016ms
[59.166s][info][gc,marking  ] GC(322) Concurrent Scan Root Regions
[59.167s][info][gc,marking  ] GC(322) Concurrent Scan Root Regions 0.763ms
[59.167s][info][gc,marking  ] GC(322) Concurrent Mark
[59.167s][info][gc,marking  ] GC(322) Concurrent Mark From Roots
[59.167s][info][gc,task     ] GC(322) Using 2 workers of 2 for marking
[59.176s][info][gc,marking  ] GC(322) Concurrent Mark From Roots 9.569ms
[59.177s][info][gc,marking  ] GC(322) Concurrent Preclean
[59.177s][info][gc,marking  ] GC(322) Concurrent Preclean 0.107ms
[59.177s][info][gc,start    ] GC(322) Pause Remark
[59.179s][info][gc          ] GC(322) Pause Remark 46M->46M(160M) 2.215ms
[59.179s][info][gc,cpu      ] GC(322) User=0.02s Sys=0.00s Real=0.00s
[59.179s][info][gc,marking  ] GC(322) Concurrent Mark 12.357ms
[59.179s][info][gc,marking  ] GC(322) Concurrent Rebuild Remembered Sets
[59.183s][info][gc,marking  ] GC(322) Concurrent Rebuild Remembered Sets 4.141ms
[59.184s][info][gc,start    ] GC(322) Pause Cleanup
[59.184s][info][gc          ] GC(322) Pause Cleanup 46M->46M(160M) 0.112ms
[59.184s][info][gc,cpu      ] GC(322) User=0.00s Sys=0.00s Real=0.00s
[59.184s][info][gc,marking  ] GC(322) Concurrent Cleanup for Next Mark
[59.184s][info][gc,marking  ] GC(322) Concurrent Cleanup for Next Mark 0.134ms
[59.184s][info][gc          ] GC(322) Concurrent Mark Cycle 18.031ms
[59.702s][info][gc,start    ] GC(323) Pause Young (Prepare Mixed) (G1 Preventive Collection)
[59.702s][info][gc,task     ] GC(323) Using 6 workers of 6 for evacuation
[59.704s][info][gc,phases   ] GC(323)   Pre Evacuate Collection Set: 0.1ms
[59.704s][info][gc,phases   ] GC(323)   Merge Heap Roots: 0.1ms
[59.704s][info][gc,phases   ] GC(323)   Evacuate Collection Set: 0.7ms
[59.704s][info][gc,phases   ] GC(323)   Post Evacuate Collection Set: 0.5ms
[59.704s][info][gc,phases   ] GC(323)   Other: 0.2ms
[59.704s][info][gc,heap     ] GC(323) Eden regions: 64->0(5)
[59.704s][info][gc,heap     ] GC(323) Survivor regions: 1->3(12)
[59.704s][info][gc,heap     ] GC(323) Old regions: 29->29
[59.704s][info][gc,heap     ] GC(323) Archive regions: 0->0
[59.704s][info][gc,heap     ] GC(323) Humongous regions: 76->4
[59.704s][info][gc,metaspace] GC(323) Metaspace: 36606K(36928K)->36606K(36928K) NonClass: 32615K(32768K)->32615K(32768K) Class: 3991K(4160K)->3991K(4160K)
[59.704s][info][gc          ] GC(323) Pause Young (Prepare Mixed) (G1 Preventive Collection) 168M->34M(173M) 1.724ms
[59.704s][info][gc,cpu      ] GC(323) User=0.00s Sys=0.00s Real=0.00s
[59.727s][info][gc,start    ] GC(324) Pause Young (Mixed) (G1 Evacuation Pause)
[59.727s][info][gc,task     ] GC(324) Using 6 workers of 6 for evacuation
[59.728s][info][gc,phases   ] GC(324)   Pre Evacuate Collection Set: 0.1ms
[59.728s][info][gc,phases   ] GC(324)   Merge Heap Roots: 0.1ms
[59.728s][info][gc,phases   ] GC(324)   Evacuate Collection Set: 0.5ms
[59.728s][info][gc,phases   ] GC(324)   Post Evacuate Collection Set: 0.2ms
[59.728s][info][gc,phases   ] GC(324)   Other: 0.2ms
[59.728s][info][gc,heap     ] GC(324) Eden regions: 5->0(102)
[59.728s][info][gc,heap     ] GC(324) Survivor regions: 3->1(1)
[59.728s][info][gc,heap     ] GC(324) Old regions: 29->29
[59.728s][info][gc,heap     ] GC(324) Archive regions: 0->0
[59.728s][info][gc,heap     ] GC(324) Humongous regions: 4->4
[59.728s][info][gc,metaspace] GC(324) Metaspace: 36606K(36928K)->36606K(36928K) NonClass: 32615K(32768K)->32615K(32768K) Class: 3991K(4160K)->3991K(4160K)
[59.728s][info][gc          ] GC(324) Pause Young (Mixed) (G1 Evacuation Pause) 39M->32M(173M) 1.093ms
[59.728s][info][gc,cpu      ] GC(324) User=0.00s Sys=0.00s Real=0.00s
[59.776s][info][gc,start    ] GC(325) Pause Young (Concurrent Start) (G1 Humongous Allocation)
[59.776s][info][gc,task     ] GC(325) Using 6 workers of 6 for evacuation
[59.777s][info][gc,phases   ] GC(325)   Pre Evacuate Collection Set: 0.2ms
[59.777s][info][gc,phases   ] GC(325)   Merge Heap Roots: 0.1ms
[59.777s][info][gc,phases   ] GC(325)   Evacuate Collection Set: 0.7ms
[59.777s][info][gc,phases   ] GC(325)   Post Evacuate Collection Set: 0.3ms
[59.777s][info][gc,phases   ] GC(325)   Other: 0.2ms
[59.777s][info][gc,heap     ] GC(325) Eden regions: 2->0(102)
[59.777s][info][gc,heap     ] GC(325) Survivor regions: 1->1(13)
[59.777s][info][gc,heap     ] GC(325) Old regions: 29->29
[59.777s][info][gc,heap     ] GC(325) Archive regions: 0->0
[59.777s][info][gc,heap     ] GC(325) Humongous regions: 4->4
[59.777s][info][gc,metaspace] GC(325) Metaspace: 36606K(36928K)->36606K(36928K) NonClass: 32615K(32768K)->32615K(32768K) Class: 3991K(4160K)->3991K(4160K)
[59.777s][info][gc          ] GC(325) Pause Young (Concurrent Start) (G1 Humongous Allocation) 34M->33M(173M) 1.544ms
[59.777s][info][gc,cpu      ] GC(325) User=0.00s Sys=0.00s Real=0.00s
[59.778s][info][gc          ] GC(326) Concurrent Mark Cycle
[59.778s][info][gc,marking  ] GC(326) Concurrent Clear Claimed Marks
[59.778s][info][gc,marking  ] GC(326) Concurrent Clear Claimed Marks 0.023ms
[59.778s][info][gc,marking  ] GC(326) Concurrent Scan Root Regions
[59.778s][info][gc,marking  ] GC(326) Concurrent Scan Root Regions 0.456ms
[59.778s][info][gc,marking  ] GC(326) Concurrent Mark
[59.778s][info][gc,marking  ] GC(326) Concurrent Mark From Roots
[59.778s][info][gc,task     ] GC(326) Using 2 workers of 2 for marking
[59.787s][info][gc,marking  ] GC(326) Concurrent Mark From Roots 9.279ms
[59.787s][info][gc,marking  ] GC(326) Concurrent Preclean
[59.788s][info][gc,marking  ] GC(326) Concurrent Preclean 0.137ms
[59.788s][info][gc,start    ] GC(326) Pause Remark
[59.790s][info][gc          ] GC(326) Pause Remark 46M->46M(160M) 2.466ms
[59.790s][info][gc,cpu      ] GC(326) User=0.00s Sys=0.00s Real=0.00s
[59.791s][info][gc,marking  ] GC(326) Concurrent Mark 12.488ms
[59.791s][info][gc,marking  ] GC(326) Concurrent Rebuild Remembered Sets
[59.795s][info][gc,marking  ] GC(326) Concurrent Rebuild Remembered Sets 4.748ms
[59.796s][info][gc,start    ] GC(326) Pause Cleanup
[59.796s][info][gc          ] GC(326) Pause Cleanup 47M->47M(160M) 0.152ms
[59.796s][info][gc,cpu      ] GC(326) User=0.00s Sys=0.00s Real=0.00s
[59.796s][info][gc,marking  ] GC(326) Concurrent Cleanup for Next Mark
[59.796s][info][gc,marking  ] GC(326) Concurrent Cleanup for Next Mark 0.162ms
[59.796s][info][gc          ] GC(326) Concurrent Mark Cycle 18.596ms
[60.288s][info][gc,start    ] GC(327) Pause Young (Prepare Mixed) (G1 Preventive Collection)
[60.288s][info][gc,task     ] GC(327) Using 6 workers of 6 for evacuation
[60.290s][info][gc,phases   ] GC(327)   Pre Evacuate Collection Set: 0.1ms
[60.290s][info][gc,phases   ] GC(327)   Merge Heap Roots: 0.1ms
[60.290s][info][gc,phases   ] GC(327)   Evacuate Collection Set: 0.9ms
[60.290s][info][gc,phases   ] GC(327)   Post Evacuate Collection Set: 0.3ms
[60.290s][info][gc,phases   ] GC(327)   Other: 0.2ms
[60.290s][info][gc,heap     ] GC(327) Eden regions: 56->0(7)
[60.290s][info][gc,heap     ] GC(327) Survivor regions: 1->1(12)
[60.290s][info][gc,heap     ] GC(327) Old regions: 29->29
[60.290s][info][gc,heap     ] GC(327) Archive regions: 0->0
[60.290s][info][gc,heap     ] GC(327) Humongous regions: 68->8
[60.290s][info][gc,metaspace] GC(327) Metaspace: 36611K(36928K)->36611K(36928K) NonClass: 32619K(32768K)->32619K(32768K) Class: 3991K(4160K)->3991K(4160K)
[60.290s][info][gc          ] GC(327) Pause Young (Prepare Mixed) (G1 Preventive Collection) 153M->37M(160M) 1.780ms
[60.290s][info][gc,cpu      ] GC(327) User=0.00s Sys=0.00s Real=0.00s
[60.317s][info][gc,start    ] GC(328) Pause Young (Mixed) (G1 Evacuation Pause)
[60.317s][info][gc,task     ] GC(328) Using 6 workers of 6 for evacuation
[60.318s][info][gc,phases   ] GC(328)   Pre Evacuate Collection Set: 0.1ms
[60.318s][info][gc,phases   ] GC(328)   Merge Heap Roots: 0.1ms
[60.318s][info][gc,phases   ] GC(328)   Evacuate Collection Set: 0.6ms
[60.319s][info][gc,phases   ] GC(328)   Post Evacuate Collection Set: 0.4ms
[60.319s][info][gc,phases   ] GC(328)   Other: 0.3ms
[60.319s][info][gc,heap     ] GC(328) Eden regions: 7->0(95)
[60.319s][info][gc,heap     ] GC(328) Survivor regions: 1->1(1)
[60.319s][info][gc,heap     ] GC(328) Old regions: 29->29
[60.319s][info][gc,heap     ] GC(328) Archive regions: 0->0
[60.319s][info][gc,heap     ] GC(328) Humongous regions: 16->4
[60.319s][info][gc,metaspace] GC(328) Metaspace: 36611K(36928K)->36611K(36928K) NonClass: 32619K(32768K)->32619K(32768K) Class: 3991K(4160K)->3991K(4160K)
[60.319s][info][gc          ] GC(328) Pause Young (Mixed) (G1 Evacuation Pause) 52M->33M(160M) 1.578ms
[60.319s][info][gc,cpu      ] GC(328) User=0.02s Sys=0.00s Real=0.00s
[60.391s][info][gc,start    ] GC(329) Pause Young (Concurrent Start) (G1 Humongous Allocation)
[60.391s][info][gc,task     ] GC(329) Using 6 workers of 6 for evacuation
[60.392s][info][gc,phases   ] GC(329)   Pre Evacuate Collection Set: 0.2ms
[60.393s][info][gc,phases   ] GC(329)   Merge Heap Roots: 0.1ms
[60.393s][info][gc,phases   ] GC(329)   Evacuate Collection Set: 0.7ms
[60.393s][info][gc,phases   ] GC(329)   Post Evacuate Collection Set: 0.3ms
[60.393s][info][gc,phases   ] GC(329)   Other: 0.2ms
[60.393s][info][gc,heap     ] GC(329) Eden regions: 7->0(95)
[60.393s][info][gc,heap     ] GC(329) Survivor regions: 1->1(12)
[60.393s][info][gc,heap     ] GC(329) Old regions: 29->29
[60.393s][info][gc,heap     ] GC(329) Archive regions: 0->0
[60.393s][info][gc,heap     ] GC(329) Humongous regions: 4->4
[60.393s][info][gc,metaspace] GC(329) Metaspace: 36611K(36928K)->36611K(36928K) NonClass: 32619K(32768K)->32619K(32768K) Class: 3991K(4160K)->3991K(4160K)
[60.393s][info][gc          ] GC(329) Pause Young (Concurrent Start) (G1 Humongous Allocation) 39M->32M(160M) 1.588ms
[60.393s][info][gc,cpu      ] GC(329) User=0.00s Sys=0.00s Real=0.00s
[60.393s][info][gc          ] GC(330) Concurrent Mark Cycle
[60.393s][info][gc,marking  ] GC(330) Concurrent Clear Claimed Marks
[60.393s][info][gc,marking  ] GC(330) Concurrent Clear Claimed Marks 0.025ms
[60.393s][info][gc,marking  ] GC(330) Concurrent Scan Root Regions
[60.393s][info][gc,marking  ] GC(330) Concurrent Scan Root Regions 0.493ms
[60.393s][info][gc,marking  ] GC(330) Concurrent Mark
[60.393s][info][gc,marking  ] GC(330) Concurrent Mark From Roots
[60.393s][info][gc,task     ] GC(330) Using 2 workers of 2 for marking
[60.403s][info][gc,marking  ] GC(330) Concurrent Mark From Roots 9.306ms
[60.403s][info][gc,marking  ] GC(330) Concurrent Preclean
[60.403s][info][gc,marking  ] GC(330) Concurrent Preclean 0.098ms
[60.403s][info][gc,start    ] GC(330) Pause Remark
[60.405s][info][gc          ] GC(330) Pause Remark 46M->46M(160M) 2.329ms
[60.406s][info][gc,cpu      ] GC(330) User=0.00s Sys=0.00s Real=0.00s
[60.406s][info][gc,marking  ] GC(330) Concurrent Mark 12.412ms
[60.406s][info][gc,marking  ] GC(330) Concurrent Rebuild Remembered Sets
[60.410s][info][gc,marking  ] GC(330) Concurrent Rebuild Remembered Sets 4.348ms
[60.410s][info][gc,start    ] GC(330) Pause Cleanup
[60.411s][info][gc          ] GC(330) Pause Cleanup 47M->47M(160M) 0.131ms
[60.411s][info][gc,cpu      ] GC(330) User=0.00s Sys=0.00s Real=0.00s
[60.411s][info][gc,marking  ] GC(330) Concurrent Cleanup for Next Mark
[60.411s][info][gc,marking  ] GC(330) Concurrent Cleanup for Next Mark 0.116ms
[60.411s][info][gc          ] GC(330) Concurrent Mark Cycle 18.105ms
[60.933s][info][gc,start    ] GC(331) Pause Young (Prepare Mixed) (GCLocker Initiated GC)
[60.933s][info][gc,task     ] GC(331) Using 6 workers of 6 for evacuation
[60.934s][info][gc,phases   ] GC(331)   Pre Evacuate Collection Set: 0.2ms
[60.935s][info][gc,phases   ] GC(331)   Merge Heap Roots: 0.1ms
[60.935s][info][gc,phases   ] GC(331)   Evacuate Collection Set: 0.6ms
[60.935s][info][gc,phases   ] GC(331)   Post Evacuate Collection Set: 0.5ms
[60.935s][info][gc,phases   ] GC(331)   Other: 0.3ms
[60.935s][info][gc,heap     ] GC(331) Eden regions: 58->0(6)
[60.935s][info][gc,heap     ] GC(331) Survivor regions: 1->2(12)
[60.935s][info][gc,heap     ] GC(331) Old regions: 29->29
[60.935s][info][gc,heap     ] GC(331) Archive regions: 0->0
[60.935s][info][gc,heap     ] GC(331) Humongous regions: 76->8
[60.935s][info][gc,metaspace] GC(331) Metaspace: 36612K(36928K)->36612K(36928K) NonClass: 32620K(32768K)->32620K(32768K) Class: 3991K(4160K)->3991K(4160K)
[60.935s][info][gc          ] GC(331) Pause Young (Prepare Mixed) (GCLocker Initiated GC) 162M->37M(168M) 1.824ms
[60.935s][info][gc,cpu      ] GC(331) User=0.00s Sys=0.00s Real=0.00s
[60.942s][info][gc,start    ] GC(332) Pause Young (Mixed) (G1 Evacuation Pause)
[60.942s][info][gc,task     ] GC(332) Using 6 workers of 6 for evacuation
[60.943s][info][gc,phases   ] GC(332)   Pre Evacuate Collection Set: 0.2ms
[60.943s][info][gc,phases   ] GC(332)   Merge Heap Roots: 0.1ms
[60.943s][info][gc,phases   ] GC(332)   Evacuate Collection Set: 0.7ms
[60.943s][info][gc,phases   ] GC(332)   Post Evacuate Collection Set: 0.5ms
[60.943s][info][gc,phases   ] GC(332)   Other: 0.2ms
[60.943s][info][gc,heap     ] GC(332) Eden regions: 6->0(99)
[60.943s][info][gc,heap     ] GC(332) Survivor regions: 2->1(1)
[60.943s][info][gc,heap     ] GC(332) Old regions: 29->29
[60.943s][info][gc,heap     ] GC(332) Archive regions: 0->0
[60.943s][info][gc,heap     ] GC(332) Humongous regions: 8->4
[60.943s][info][gc,metaspace] GC(332) Metaspace: 36612K(36928K)->36612K(36928K) NonClass: 32620K(32768K)->32620K(32768K) Class: 3991K(4160K)->3991K(4160K)
[60.943s][info][gc          ] GC(332) Pause Young (Mixed) (G1 Evacuation Pause) 43M->33M(168M) 1.727ms
[60.943s][info][gc,cpu      ] GC(332) User=0.09s Sys=0.00s Real=0.00s
[61.017s][info][gc,start    ] GC(333) Pause Young (Concurrent Start) (G1 Humongous Allocation)
[61.017s][info][gc,task     ] GC(333) Using 6 workers of 6 for evacuation
[61.018s][info][gc,phases   ] GC(333)   Pre Evacuate Collection Set: 0.2ms
[61.018s][info][gc,phases   ] GC(333)   Merge Heap Roots: 0.1ms
[61.018s][info][gc,phases   ] GC(333)   Evacuate Collection Set: 0.7ms
[61.018s][info][gc,phases   ] GC(333)   Post Evacuate Collection Set: 0.3ms
[61.018s][info][gc,phases   ] GC(333)   Other: 0.2ms
[61.018s][info][gc,heap     ] GC(333) Eden regions: 2->0(99)
[61.018s][info][gc,heap     ] GC(333) Survivor regions: 1->1(13)
[61.018s][info][gc,heap     ] GC(333) Old regions: 29->29
[61.018s][info][gc,heap     ] GC(333) Archive regions: 0->0
[61.018s][info][gc,heap     ] GC(333) Humongous regions: 4->4
[61.018s][info][gc,metaspace] GC(333) Metaspace: 36612K(36928K)->36612K(36928K) NonClass: 32620K(32768K)->32620K(32768K) Class: 3991K(4160K)->3991K(4160K)
[61.018s][info][gc          ] GC(333) Pause Young (Concurrent Start) (G1 Humongous Allocation) 35M->33M(168M) 1.584ms
[61.018s][info][gc,cpu      ] GC(333) User=0.00s Sys=0.00s Real=0.00s
[61.018s][info][gc          ] GC(334) Concurrent Mark Cycle
[61.018s][info][gc,marking  ] GC(334) Concurrent Clear Claimed Marks
[61.018s][info][gc,marking  ] GC(334) Concurrent Clear Claimed Marks 0.016ms
[61.018s][info][gc,marking  ] GC(334) Concurrent Scan Root Regions
[61.019s][info][gc,marking  ] GC(334) Concurrent Scan Root Regions 0.468ms
[61.019s][info][gc,marking  ] GC(334) Concurrent Mark
[61.019s][info][gc,marking  ] GC(334) Concurrent Mark From Roots
[61.019s][info][gc,task     ] GC(334) Using 2 workers of 2 for marking
[61.029s][info][gc,marking  ] GC(334) Concurrent Mark From Roots 9.908ms
[61.029s][info][gc,marking  ] GC(334) Concurrent Preclean
[61.029s][info][gc,marking  ] GC(334) Concurrent Preclean 0.101ms
[61.029s][info][gc,start    ] GC(334) Pause Remark
[61.032s][info][gc          ] GC(334) Pause Remark 46M->46M(160M) 2.320ms
[61.032s][info][gc,cpu      ] GC(334) User=0.00s Sys=0.00s Real=0.00s
[61.032s][info][gc,marking  ] GC(334) Concurrent Mark 12.894ms
[61.032s][info][gc,marking  ] GC(334) Concurrent Rebuild Remembered Sets
[61.036s][info][gc,marking  ] GC(334) Concurrent Rebuild Remembered Sets 4.413ms
[61.037s][info][gc,start    ] GC(334) Pause Cleanup
[61.037s][info][gc          ] GC(334) Pause Cleanup 47M->47M(160M) 0.135ms
[61.037s][info][gc,cpu      ] GC(334) User=0.00s Sys=0.00s Real=0.00s
[61.037s][info][gc,marking  ] GC(334) Concurrent Cleanup for Next Mark
[61.037s][info][gc,marking  ] GC(334) Concurrent Cleanup for Next Mark 0.120ms
[61.037s][info][gc          ] GC(334) Concurrent Mark Cycle 18.688ms
[61.539s][info][gc,start    ] GC(335) Pause Young (Prepare Mixed) (G1 Preventive Collection)
[61.539s][info][gc,task     ] GC(335) Using 6 workers of 6 for evacuation
[61.540s][info][gc,phases   ] GC(335)   Pre Evacuate Collection Set: 0.2ms
[61.540s][info][gc,phases   ] GC(335)   Merge Heap Roots: 0.1ms
[61.540s][info][gc,phases   ] GC(335)   Evacuate Collection Set: 0.7ms
[61.540s][info][gc,phases   ] GC(335)   Post Evacuate Collection Set: 0.6ms
[61.540s][info][gc,phases   ] GC(335)   Other: 0.5ms
[61.540s][info][gc,heap     ] GC(335) Eden regions: 56->0(6)
[61.540s][info][gc,heap     ] GC(335) Survivor regions: 1->2(12)
[61.540s][info][gc,heap     ] GC(335) Old regions: 29->29
[61.540s][info][gc,heap     ] GC(335) Archive regions: 0->0
[61.540s][info][gc,heap     ] GC(335) Humongous regions: 68->8
[61.540s][info][gc,metaspace] GC(335) Metaspace: 36613K(36928K)->36613K(36928K) NonClass: 32621K(32768K)->32621K(32768K) Class: 3991K(4160K)->3991K(4160K)
[61.540s][info][gc          ] GC(335) Pause Young (Prepare Mixed) (G1 Preventive Collection) 152M->37M(160M) 1.832ms
[61.541s][info][gc,cpu      ] GC(335) User=0.00s Sys=0.00s Real=0.00s
[61.567s][info][gc,start    ] GC(336) Pause Young (Mixed) (G1 Evacuation Pause)
[61.567s][info][gc,task     ] GC(336) Using 6 workers of 6 for evacuation
[61.569s][info][gc,phases   ] GC(336)   Pre Evacuate Collection Set: 0.2ms
[61.569s][info][gc,phases   ] GC(336)   Merge Heap Roots: 0.1ms
[61.569s][info][gc,phases   ] GC(336)   Evacuate Collection Set: 0.9ms
[61.569s][info][gc,phases   ] GC(336)   Post Evacuate Collection Set: 0.6ms
[61.569s][info][gc,phases   ] GC(336)   Other: 0.2ms
[61.569s][info][gc,heap     ] GC(336) Eden regions: 6->0(95)
[61.569s][info][gc,heap     ] GC(336) Survivor regions: 2->1(1)
[61.569s][info][gc,heap     ] GC(336) Old regions: 29->30
[61.569s][info][gc,heap     ] GC(336) Archive regions: 0->0
[61.569s][info][gc,heap     ] GC(336) Humongous regions: 16->4
[61.569s][info][gc,metaspace] GC(336) Metaspace: 36613K(36928K)->36613K(36928K) NonClass: 32621K(32768K)->32621K(32768K) Class: 3991K(4160K)->3991K(4160K)
[61.569s][info][gc          ] GC(336) Pause Young (Mixed) (G1 Evacuation Pause) 51M->33M(160M) 2.146ms
[61.569s][info][gc,cpu      ] GC(336) User=0.00s Sys=0.02s Real=0.00s
[61.642s][info][gc,start    ] GC(337) Pause Young (Concurrent Start) (G1 Humongous Allocation)
[61.642s][info][gc,task     ] GC(337) Using 6 workers of 6 for evacuation
[61.644s][info][gc,phases   ] GC(337)   Pre Evacuate Collection Set: 0.2ms
[61.644s][info][gc,phases   ] GC(337)   Merge Heap Roots: 0.1ms
[61.644s][info][gc,phases   ] GC(337)   Evacuate Collection Set: 0.7ms
[61.644s][info][gc,phases   ] GC(337)   Post Evacuate Collection Set: 0.3ms
[61.644s][info][gc,phases   ] GC(337)   Other: 0.2ms
[61.644s][info][gc,heap     ] GC(337) Eden regions: 3->0(95)
[61.644s][info][gc,heap     ] GC(337) Survivor regions: 1->1(12)
[61.644s][info][gc,heap     ] GC(337) Old regions: 30->30
[61.644s][info][gc,heap     ] GC(337) Archive regions: 0->0
[61.644s][info][gc,heap     ] GC(337) Humongous regions: 4->4
[61.644s][info][gc,metaspace] GC(337) Metaspace: 36613K(36928K)->36613K(36928K) NonClass: 32621K(32768K)->32621K(32768K) Class: 3991K(4160K)->3991K(4160K)
[61.644s][info][gc          ] GC(337) Pause Young (Concurrent Start) (G1 Humongous Allocation) 35M->33M(160M) 1.463ms
[61.644s][info][gc,cpu      ] GC(337) User=0.00s Sys=0.00s Real=0.00s
[61.644s][info][gc          ] GC(338) Concurrent Mark Cycle
[61.644s][info][gc,marking  ] GC(338) Concurrent Clear Claimed Marks
[61.644s][info][gc,marking  ] GC(338) Concurrent Clear Claimed Marks 0.013ms
[61.644s][info][gc,marking  ] GC(338) Concurrent Scan Root Regions
[61.644s][info][gc,marking  ] GC(338) Concurrent Scan Root Regions 0.285ms
[61.644s][info][gc,marking  ] GC(338) Concurrent Mark
[61.644s][info][gc,marking  ] GC(338) Concurrent Mark From Roots
[61.644s][info][gc,task     ] GC(338) Using 2 workers of 2 for marking
[61.653s][info][gc,marking  ] GC(338) Concurrent Mark From Roots 8.338ms
[61.653s][info][gc,marking  ] GC(338) Concurrent Preclean
[61.653s][info][gc,marking  ] GC(338) Concurrent Preclean 0.082ms
[61.653s][info][gc,start    ] GC(338) Pause Remark
[61.656s][info][gc          ] GC(338) Pause Remark 46M->46M(160M) 2.857ms
[61.656s][info][gc,cpu      ] GC(338) User=0.00s Sys=0.00s Real=0.00s
[61.656s][info][gc,marking  ] GC(338) Concurrent Mark 11.904ms
[61.656s][info][gc,marking  ] GC(338) Concurrent Rebuild Remembered Sets
[61.660s][info][gc,marking  ] GC(338) Concurrent Rebuild Remembered Sets 4.179ms
[61.661s][info][gc,start    ] GC(338) Pause Cleanup
[61.661s][info][gc          ] GC(338) Pause Cleanup 47M->47M(160M) 0.132ms
[61.661s][info][gc,cpu      ] GC(338) User=0.00s Sys=0.00s Real=0.00s
[61.661s][info][gc,marking  ] GC(338) Concurrent Cleanup for Next Mark
[61.661s][info][gc,marking  ] GC(338) Concurrent Cleanup for Next Mark 0.130ms
[61.661s][info][gc          ] GC(338) Concurrent Mark Cycle 17.164ms
[62.185s][info][gc,start    ] GC(339) Pause Young (Prepare Mixed) (G1 Preventive Collection)
[62.185s][info][gc,task     ] GC(339) Using 6 workers of 6 for evacuation
[62.186s][info][gc,phases   ] GC(339)   Pre Evacuate Collection Set: 0.1ms
[62.186s][info][gc,phases   ] GC(339)   Merge Heap Roots: 0.1ms
[62.186s][info][gc,phases   ] GC(339)   Evacuate Collection Set: 0.6ms
[62.186s][info][gc,phases   ] GC(339)   Post Evacuate Collection Set: 0.4ms
[62.186s][info][gc,phases   ] GC(339)   Other: 0.2ms
[62.186s][info][gc,heap     ] GC(339) Eden regions: 62->0(6)
[62.186s][info][gc,heap     ] GC(339) Survivor regions: 1->2(12)
[62.186s][info][gc,heap     ] GC(339) Old regions: 30->30
[62.186s][info][gc,heap     ] GC(339) Archive regions: 0->0
[62.186s][info][gc,heap     ] GC(339) Humongous regions: 76->4
[62.186s][info][gc,metaspace] GC(339) Metaspace: 36689K(37056K)->36689K(37056K) NonClass: 32687K(32896K)->32687K(32896K) Class: 4002K(4160K)->4002K(4160K)
[62.186s][info][gc          ] GC(339) Pause Young (Prepare Mixed) (G1 Preventive Collection) 167M->34M(172M) 1.411ms
[62.187s][info][gc,cpu      ] GC(339) User=0.00s Sys=0.00s Real=0.00s
[62.235s][info][gc,start    ] GC(340) Pause Young (Mixed) (G1 Evacuation Pause)
[62.235s][info][gc,task     ] GC(340) Using 6 workers of 6 for evacuation
[62.237s][info][gc,phases   ] GC(340)   Pre Evacuate Collection Set: 0.2ms
[62.237s][info][gc,phases   ] GC(340)   Merge Heap Roots: 0.1ms
[62.237s][info][gc,phases   ] GC(340)   Evacuate Collection Set: 0.7ms
[62.237s][info][gc,phases   ] GC(340)   Post Evacuate Collection Set: 0.4ms
[62.237s][info][gc,phases   ] GC(340)   Other: 0.2ms
[62.237s][info][gc,heap     ] GC(340) Eden regions: 6->0(102)
[62.237s][info][gc,heap     ] GC(340) Survivor regions: 2->1(1)
[62.237s][info][gc,heap     ] GC(340) Old regions: 30->30
[62.237s][info][gc,heap     ] GC(340) Archive regions: 0->0
[62.237s][info][gc,heap     ] GC(340) Humongous regions: 4->4
[62.237s][info][gc,metaspace] GC(340) Metaspace: 36692K(37056K)->36692K(37056K) NonClass: 32690K(32896K)->32690K(32896K) Class: 4002K(4160K)->4002K(4160K)
[62.237s][info][gc          ] GC(340) Pause Young (Mixed) (G1 Evacuation Pause) 40M->33M(172M) 1.625ms
[62.237s][info][gc,cpu      ] GC(340) User=0.00s Sys=0.00s Real=0.00s
[62.261s][info][gc,start    ] GC(341) Pause Young (Concurrent Start) (G1 Humongous Allocation)
[62.261s][info][gc,task     ] GC(341) Using 6 workers of 6 for evacuation
[62.262s][info][gc,phases   ] GC(341)   Pre Evacuate Collection Set: 0.2ms
[62.262s][info][gc,phases   ] GC(341)   Merge Heap Roots: 0.0ms
[62.262s][info][gc,phases   ] GC(341)   Evacuate Collection Set: 0.8ms
[62.262s][info][gc,phases   ] GC(341)   Post Evacuate Collection Set: 0.4ms
[62.262s][info][gc,phases   ] GC(341)   Other: 0.3ms
[62.262s][info][gc,heap     ] GC(341) Eden regions: 3->0(102)
[62.262s][info][gc,heap     ] GC(341) Survivor regions: 1->1(13)
[62.262s][info][gc,heap     ] GC(341) Old regions: 30->30
[62.262s][info][gc,heap     ] GC(341) Archive regions: 0->0
[62.262s][info][gc,heap     ] GC(341) Humongous regions: 4->4
[62.262s][info][gc,metaspace] GC(341) Metaspace: 36692K(37056K)->36692K(37056K) NonClass: 32690K(32896K)->32690K(32896K) Class: 4002K(4160K)->4002K(4160K)
[62.262s][info][gc          ] GC(341) Pause Young (Concurrent Start) (G1 Humongous Allocation) 36M->33M(172M) 1.652ms
[62.262s][info][gc,cpu      ] GC(341) User=0.00s Sys=0.00s Real=0.00s
[62.262s][info][gc          ] GC(342) Concurrent Mark Cycle
[62.262s][info][gc,marking  ] GC(342) Concurrent Clear Claimed Marks
[62.262s][info][gc,marking  ] GC(342) Concurrent Clear Claimed Marks 0.027ms
[62.262s][info][gc,marking  ] GC(342) Concurrent Scan Root Regions
[62.263s][info][gc,marking  ] GC(342) Concurrent Scan Root Regions 0.572ms
[62.263s][info][gc,marking  ] GC(342) Concurrent Mark
[62.263s][info][gc,marking  ] GC(342) Concurrent Mark From Roots
[62.263s][info][gc,task     ] GC(342) Using 2 workers of 2 for marking
[62.272s][info][gc,marking  ] GC(342) Concurrent Mark From Roots 9.394ms
[62.273s][info][gc,marking  ] GC(342) Concurrent Preclean
[62.273s][info][gc,marking  ] GC(342) Concurrent Preclean 0.122ms
[62.273s][info][gc,start    ] GC(342) Pause Remark
[62.275s][info][gc          ] GC(342) Pause Remark 46M->46M(164M) 2.350ms
[62.275s][info][gc,cpu      ] GC(342) User=0.00s Sys=0.00s Real=0.00s
[62.275s][info][gc,marking  ] GC(342) Concurrent Mark 12.347ms
[62.275s][info][gc,marking  ] GC(342) Concurrent Rebuild Remembered Sets
[62.280s][info][gc,marking  ] GC(342) Concurrent Rebuild Remembered Sets 4.271ms
[62.280s][info][gc,start    ] GC(342) Pause Cleanup
[62.280s][info][gc          ] GC(342) Pause Cleanup 47M->47M(164M) 0.196ms
[62.280s][info][gc,cpu      ] GC(342) User=0.00s Sys=0.00s Real=0.00s
[62.280s][info][gc,marking  ] GC(342) Concurrent Cleanup for Next Mark
[62.281s][info][gc,marking  ] GC(342) Concurrent Cleanup for Next Mark 0.156ms
[62.281s][info][gc          ] GC(342) Concurrent Mark Cycle 18.259ms
[62.800s][info][gc,start    ] GC(343) Pause Young (Prepare Mixed) (G1 Preventive Collection)
[62.800s][info][gc,task     ] GC(343) Using 6 workers of 6 for evacuation
[62.801s][info][gc,phases   ] GC(343)   Pre Evacuate Collection Set: 0.2ms
[62.801s][info][gc,phases   ] GC(343)   Merge Heap Roots: 0.1ms
[62.801s][info][gc,phases   ] GC(343)   Evacuate Collection Set: 0.7ms
[62.801s][info][gc,phases   ] GC(343)   Post Evacuate Collection Set: 0.4ms
[62.801s][info][gc,phases   ] GC(343)   Other: 0.2ms
[62.801s][info][gc,heap     ] GC(343) Eden regions: 62->0(6)
[62.801s][info][gc,heap     ] GC(343) Survivor regions: 1->2(13)
[62.801s][info][gc,heap     ] GC(343) Old regions: 30->30
[62.801s][info][gc,heap     ] GC(343) Archive regions: 0->0
[62.801s][info][gc,heap     ] GC(343) Humongous regions: 76->4
[62.801s][info][gc,metaspace] GC(343) Metaspace: 36693K(37056K)->36693K(37056K) NonClass: 32691K(32896K)->32691K(32896K) Class: 4002K(4160K)->4002K(4160K)
[62.801s][info][gc          ] GC(343) Pause Young (Prepare Mixed) (G1 Preventive Collection) 166M->34M(172M) 1.616ms
[62.801s][info][gc,cpu      ] GC(343) User=0.02s Sys=0.00s Real=0.00s
[62.901s][info][gc,start    ] GC(344) Pause Young (Mixed) (G1 Evacuation Pause)
[62.901s][info][gc,task     ] GC(344) Using 6 workers of 6 for evacuation
[62.902s][info][gc,phases   ] GC(344)   Pre Evacuate Collection Set: 0.1ms
[62.902s][info][gc,phases   ] GC(344)   Merge Heap Roots: 0.1ms
[62.902s][info][gc,phases   ] GC(344)   Evacuate Collection Set: 0.5ms
[62.902s][info][gc,phases   ] GC(344)   Post Evacuate Collection Set: 0.3ms
[62.902s][info][gc,phases   ] GC(344)   Other: 0.2ms
[62.902s][info][gc,heap     ] GC(344) Eden regions: 6->0(102)
[62.902s][info][gc,heap     ] GC(344) Survivor regions: 2->1(1)
[62.902s][info][gc,heap     ] GC(344) Old regions: 30->30
[62.902s][info][gc,heap     ] GC(344) Archive regions: 0->0
[62.902s][info][gc,heap     ] GC(344) Humongous regions: 16->8
[62.902s][info][gc,metaspace] GC(344) Metaspace: 36693K(37056K)->36693K(37056K) NonClass: 32691K(32896K)->32691K(32896K) Class: 4002K(4160K)->4002K(4160K)
[62.902s][info][gc          ] GC(344) Pause Young (Mixed) (G1 Evacuation Pause) 52M->37M(172M) 1.338ms
[62.902s][info][gc,cpu      ] GC(344) User=0.00s Sys=0.00s Real=0.00s
[62.975s][info][gc,start    ] GC(345) Pause Young (Concurrent Start) (G1 Humongous Allocation)
[62.975s][info][gc,task     ] GC(345) Using 6 workers of 6 for evacuation
[62.977s][info][gc,phases   ] GC(345)   Pre Evacuate Collection Set: 0.2ms
[62.977s][info][gc,phases   ] GC(345)   Merge Heap Roots: 0.1ms
[62.977s][info][gc,phases   ] GC(345)   Evacuate Collection Set: 0.7ms
[62.977s][info][gc,phases   ] GC(345)   Post Evacuate Collection Set: 0.4ms
[62.977s][info][gc,phases   ] GC(345)   Other: 0.2ms
[62.977s][info][gc,heap     ] GC(345) Eden regions: 10->0(102)
[62.977s][info][gc,heap     ] GC(345) Survivor regions: 1->1(13)
[62.977s][info][gc,heap     ] GC(345) Old regions: 30->30
[62.977s][info][gc,heap     ] GC(345) Archive regions: 0->0
[62.977s][info][gc,heap     ] GC(345) Humongous regions: 8->4
[62.977s][info][gc,metaspace] GC(345) Metaspace: 36693K(37056K)->36693K(37056K) NonClass: 32691K(32896K)->32691K(32896K) Class: 4002K(4160K)->4002K(4160K)
[62.977s][info][gc          ] GC(345) Pause Young (Concurrent Start) (G1 Humongous Allocation) 46M->33M(172M) 1.622ms
[62.977s][info][gc,cpu      ] GC(345) User=0.00s Sys=0.00s Real=0.00s
[62.977s][info][gc          ] GC(346) Concurrent Mark Cycle
[62.977s][info][gc,marking  ] GC(346) Concurrent Clear Claimed Marks
[62.977s][info][gc,marking  ] GC(346) Concurrent Clear Claimed Marks 0.021ms
[62.977s][info][gc,marking  ] GC(346) Concurrent Scan Root Regions
[62.978s][info][gc,marking  ] GC(346) Concurrent Scan Root Regions 0.468ms
[62.978s][info][gc,marking  ] GC(346) Concurrent Mark
[62.978s][info][gc,marking  ] GC(346) Concurrent Mark From Roots
[62.978s][info][gc,task     ] GC(346) Using 2 workers of 2 for marking
[62.987s][info][gc,marking  ] GC(346) Concurrent Mark From Roots 9.374ms
[62.987s][info][gc,marking  ] GC(346) Concurrent Preclean
[62.987s][info][gc,marking  ] GC(346) Concurrent Preclean 0.108ms
[62.987s][info][gc,start    ] GC(346) Pause Remark
[62.990s][info][gc          ] GC(346) Pause Remark 47M->47M(164M) 2.823ms
[62.990s][info][gc,cpu      ] GC(346) User=0.08s Sys=0.00s Real=0.00s
[62.991s][info][gc,marking  ] GC(346) Concurrent Mark 13.332ms
[62.991s][info][gc,marking  ] GC(346) Concurrent Rebuild Remembered Sets
[62.996s][info][gc,marking  ] GC(346) Concurrent Rebuild Remembered Sets 4.699ms
[62.996s][info][gc,start    ] GC(346) Pause Cleanup
[62.996s][info][gc          ] GC(346) Pause Cleanup 48M->48M(164M) 0.153ms
[62.996s][info][gc,cpu      ] GC(346) User=0.00s Sys=0.00s Real=0.00s
[62.996s][info][gc,marking  ] GC(346) Concurrent Cleanup for Next Mark
[62.997s][info][gc,marking  ] GC(346) Concurrent Cleanup for Next Mark 0.158ms
[62.997s][info][gc          ] GC(346) Concurrent Mark Cycle 19.432ms
[63.543s][info][gc,start    ] GC(347) Pause Young (Prepare Mixed) (G1 Preventive Collection)
[63.543s][info][gc,task     ] GC(347) Using 6 workers of 6 for evacuation
[63.545s][info][gc,phases   ] GC(347)   Pre Evacuate Collection Set: 0.1ms
[63.545s][info][gc,phases   ] GC(347)   Merge Heap Roots: 0.0ms
[63.545s][info][gc,phases   ] GC(347)   Evacuate Collection Set: 0.7ms
[63.545s][info][gc,phases   ] GC(347)   Post Evacuate Collection Set: 0.4ms
[63.545s][info][gc,phases   ] GC(347)   Other: 0.2ms
[63.545s][info][gc,heap     ] GC(347) Eden regions: 63->0(6)
[63.545s][info][gc,heap     ] GC(347) Survivor regions: 1->2(13)
[63.545s][info][gc,heap     ] GC(347) Old regions: 30->30
[63.545s][info][gc,heap     ] GC(347) Archive regions: 0->0
[63.545s][info][gc,heap     ] GC(347) Humongous regions: 76->4
[63.545s][info][gc,metaspace] GC(347) Metaspace: 36695K(37056K)->36695K(37056K) NonClass: 32693K(32896K)->32693K(32896K) Class: 4002K(4160K)->4002K(4160K)
[63.545s][info][gc          ] GC(347) Pause Young (Prepare Mixed) (G1 Preventive Collection) 168M->34M(176M) 1.479ms
[63.545s][info][gc,cpu      ] GC(347) User=0.00s Sys=0.00s Real=0.00s
[63.625s][info][gc,start    ] GC(348) Pause Young (Mixed) (G1 Evacuation Pause)
[63.625s][info][gc,task     ] GC(348) Using 6 workers of 6 for evacuation
[63.626s][info][gc,phases   ] GC(348)   Pre Evacuate Collection Set: 0.2ms
[63.626s][info][gc,phases   ] GC(348)   Merge Heap Roots: 0.1ms
[63.626s][info][gc,phases   ] GC(348)   Evacuate Collection Set: 0.6ms
[63.626s][info][gc,phases   ] GC(348)   Post Evacuate Collection Set: 0.3ms
[63.626s][info][gc,phases   ] GC(348)   Other: 0.2ms
[63.626s][info][gc,heap     ] GC(348) Eden regions: 6->0(104)
[63.626s][info][gc,heap     ] GC(348) Survivor regions: 2->1(1)
[63.626s][info][gc,heap     ] GC(348) Old regions: 30->30
[63.626s][info][gc,heap     ] GC(348) Archive regions: 0->0
[63.626s][info][gc,heap     ] GC(348) Humongous regions: 16->8
[63.626s][info][gc,metaspace] GC(348) Metaspace: 36695K(37056K)->36695K(37056K) NonClass: 32693K(32896K)->32693K(32896K) Class: 4002K(4160K)->4002K(4160K)
[63.626s][info][gc          ] GC(348) Pause Young (Mixed) (G1 Evacuation Pause) 52M->37M(176M) 1.367ms
[63.626s][info][gc,cpu      ] GC(348) User=0.00s Sys=0.00s Real=0.00s
[63.723s][info][gc,start    ] GC(349) Pause Young (Concurrent Start) (G1 Humongous Allocation)
[63.723s][info][gc,task     ] GC(349) Using 6 workers of 6 for evacuation
[63.724s][info][gc,phases   ] GC(349)   Pre Evacuate Collection Set: 0.2ms
[63.724s][info][gc,phases   ] GC(349)   Merge Heap Roots: 0.1ms
[63.724s][info][gc,phases   ] GC(349)   Evacuate Collection Set: 0.8ms
[63.724s][info][gc,phases   ] GC(349)   Post Evacuate Collection Set: 0.5ms
[63.724s][info][gc,phases   ] GC(349)   Other: 0.2ms
[63.725s][info][gc,heap     ] GC(349) Eden regions: 9->0(102)
[63.725s][info][gc,heap     ] GC(349) Survivor regions: 1->1(14)
[63.725s][info][gc,heap     ] GC(349) Old regions: 30->30
[63.725s][info][gc,heap     ] GC(349) Archive regions: 0->0
[63.725s][info][gc,heap     ] GC(349) Humongous regions: 8->4
[63.725s][info][gc,metaspace] GC(349) Metaspace: 36698K(37056K)->36698K(37056K) NonClass: 32695K(32896K)->32695K(32896K) Class: 4002K(4160K)->4002K(4160K)
[63.725s][info][gc          ] GC(349) Pause Young (Concurrent Start) (G1 Humongous Allocation) 45M->33M(176M) 1.849ms
[63.725s][info][gc,cpu      ] GC(349) User=0.09s Sys=0.00s Real=0.00s
[63.725s][info][gc          ] GC(350) Concurrent Mark Cycle
[63.725s][info][gc,marking  ] GC(350) Concurrent Clear Claimed Marks
[63.725s][info][gc,marking  ] GC(350) Concurrent Clear Claimed Marks 0.017ms
[63.725s][info][gc,marking  ] GC(350) Concurrent Scan Root Regions
[63.725s][info][gc,marking  ] GC(350) Concurrent Scan Root Regions 0.560ms
[63.725s][info][gc,marking  ] GC(350) Concurrent Mark
[63.725s][info][gc,marking  ] GC(350) Concurrent Mark From Roots
[63.725s][info][gc,task     ] GC(350) Using 2 workers of 2 for marking
[63.736s][info][gc,marking  ] GC(350) Concurrent Mark From Roots 10.427ms
[63.736s][info][gc,marking  ] GC(350) Concurrent Preclean
[63.736s][info][gc,marking  ] GC(350) Concurrent Preclean 0.137ms
[63.736s][info][gc,start    ] GC(350) Pause Remark
[63.739s][info][gc          ] GC(350) Pause Remark 47M->47M(164M) 2.517ms
[63.739s][info][gc,cpu      ] GC(350) User=0.00s Sys=0.00s Real=0.00s
[63.739s][info][gc,marking  ] GC(350) Concurrent Mark 13.836ms
[63.739s][info][gc,marking  ] GC(350) Concurrent Rebuild Remembered Sets
[63.744s][info][gc,marking  ] GC(350) Concurrent Rebuild Remembered Sets 4.840ms
[63.744s][info][gc,start    ] GC(350) Pause Cleanup
[63.745s][info][gc          ] GC(350) Pause Cleanup 48M->48M(164M) 0.161ms
[63.745s][info][gc,cpu      ] GC(350) User=0.00s Sys=0.00s Real=0.00s
[63.745s][info][gc,marking  ] GC(350) Concurrent Cleanup for Next Mark
[63.745s][info][gc,marking  ] GC(350) Concurrent Cleanup for Next Mark 0.148ms
[63.745s][info][gc          ] GC(350) Concurrent Mark Cycle 20.152ms
[64.237s][info][gc,start    ] GC(351) Pause Young (Prepare Mixed) (G1 Preventive Collection)
[64.237s][info][gc,task     ] GC(351) Using 6 workers of 6 for evacuation
[64.239s][info][gc,phases   ] GC(351)   Pre Evacuate Collection Set: 0.2ms
[64.239s][info][gc,phases   ] GC(351)   Merge Heap Roots: 0.1ms
[64.239s][info][gc,phases   ] GC(351)   Evacuate Collection Set: 0.6ms
[64.239s][info][gc,phases   ] GC(351)   Post Evacuate Collection Set: 0.8ms
[64.239s][info][gc,phases   ] GC(351)   Other: 0.3ms
[64.239s][info][gc,heap     ] GC(351) Eden regions: 61->0(7)
[64.239s][info][gc,heap     ] GC(351) Survivor regions: 1->1(13)
[64.239s][info][gc,heap     ] GC(351) Old regions: 30->30
[64.239s][info][gc,heap     ] GC(351) Archive regions: 0->0
[64.239s][info][gc,heap     ] GC(351) Humongous regions: 64->4
[64.239s][info][gc,metaspace] GC(351) Metaspace: 36706K(37056K)->36706K(37056K) NonClass: 32704K(32896K)->32704K(32896K) Class: 4002K(4160K)->4002K(4160K)
[64.239s][info][gc          ] GC(351) Pause Young (Prepare Mixed) (G1 Preventive Collection) 154M->33M(164M) 1.969ms
[64.239s][info][gc,cpu      ] GC(351) User=0.00s Sys=0.00s Real=0.00s
[64.271s][info][gc,start    ] GC(352) Pause Young (Mixed) (G1 Evacuation Pause)
[64.271s][info][gc,task     ] GC(352) Using 6 workers of 6 for evacuation
[64.273s][info][gc,phases   ] GC(352)   Pre Evacuate Collection Set: 0.2ms
[64.273s][info][gc,phases   ] GC(352)   Merge Heap Roots: 0.1ms
[64.273s][info][gc,phases   ] GC(352)   Evacuate Collection Set: 0.8ms
[64.273s][info][gc,phases   ] GC(352)   Post Evacuate Collection Set: 0.3ms
[64.273s][info][gc,phases   ] GC(352)   Other: 0.2ms
[64.273s][info][gc,heap     ] GC(352) Eden regions: 7->0(95)
[64.273s][info][gc,heap     ] GC(352) Survivor regions: 1->1(1)
[64.273s][info][gc,heap     ] GC(352) Old regions: 30->30
[64.273s][info][gc,heap     ] GC(352) Archive regions: 0->0
[64.273s][info][gc,heap     ] GC(352) Humongous regions: 16->4
[64.273s][info][gc,metaspace] GC(352) Metaspace: 36706K(37056K)->36706K(37056K) NonClass: 32704K(32896K)->32704K(32896K) Class: 4002K(4160K)->4002K(4160K)
[64.273s][info][gc          ] GC(352) Pause Young (Mixed) (G1 Evacuation Pause) 52M->33M(164M) 1.745ms
[64.273s][info][gc,cpu      ] GC(352) User=0.00s Sys=0.00s Real=0.00s
[64.346s][info][gc,start    ] GC(353) Pause Young (Concurrent Start) (G1 Humongous Allocation)
[64.346s][info][gc,task     ] GC(353) Using 6 workers of 6 for evacuation
[64.348s][info][gc,phases   ] GC(353)   Pre Evacuate Collection Set: 0.2ms
[64.348s][info][gc,phases   ] GC(353)   Merge Heap Roots: 0.1ms
[64.348s][info][gc,phases   ] GC(353)   Evacuate Collection Set: 0.8ms
[64.348s][info][gc,phases   ] GC(353)   Post Evacuate Collection Set: 0.3ms
[64.348s][info][gc,phases   ] GC(353)   Other: 0.2ms
[64.348s][info][gc,heap     ] GC(353) Eden regions: 3->0(97)
[64.348s][info][gc,heap     ] GC(353) Survivor regions: 1->1(12)
[64.348s][info][gc,heap     ] GC(353) Old regions: 30->30
[64.348s][info][gc,heap     ] GC(353) Archive regions: 0->0
[64.348s][info][gc,heap     ] GC(353) Humongous regions: 4->4
[64.348s][info][gc,metaspace] GC(353) Metaspace: 36706K(37056K)->36706K(37056K) NonClass: 32704K(32896K)->32704K(32896K) Class: 4002K(4160K)->4002K(4160K)
[64.348s][info][gc          ] GC(353) Pause Young (Concurrent Start) (G1 Humongous Allocation) 36M->33M(164M) 1.643ms
[64.348s][info][gc,cpu      ] GC(353) User=0.00s Sys=0.00s Real=0.00s
[64.348s][info][gc          ] GC(354) Concurrent Mark Cycle
[64.348s][info][gc,marking  ] GC(354) Concurrent Clear Claimed Marks
[64.348s][info][gc,marking  ] GC(354) Concurrent Clear Claimed Marks 0.021ms
[64.348s][info][gc,marking  ] GC(354) Concurrent Scan Root Regions
[64.349s][info][gc,marking  ] GC(354) Concurrent Scan Root Regions 0.373ms
[64.349s][info][gc,marking  ] GC(354) Concurrent Mark
[64.349s][info][gc,marking  ] GC(354) Concurrent Mark From Roots
[64.349s][info][gc,task     ] GC(354) Using 2 workers of 2 for marking
[64.359s][info][gc,marking  ] GC(354) Concurrent Mark From Roots 10.197ms
[64.359s][info][gc,marking  ] GC(354) Concurrent Preclean
[64.359s][info][gc,marking  ] GC(354) Concurrent Preclean 0.129ms
[64.359s][info][gc,start    ] GC(354) Pause Remark
[64.362s][info][gc          ] GC(354) Pause Remark 46M->46M(164M) 2.302ms
[64.362s][info][gc,cpu      ] GC(354) User=0.00s Sys=0.00s Real=0.00s
[64.362s][info][gc,marking  ] GC(354) Concurrent Mark 13.387ms
[64.362s][info][gc,marking  ] GC(354) Concurrent Rebuild Remembered Sets
[64.367s][info][gc,marking  ] GC(354) Concurrent Rebuild Remembered Sets 4.610ms
[64.367s][info][gc,start    ] GC(354) Pause Cleanup
[64.367s][info][gc          ] GC(354) Pause Cleanup 47M->47M(164M) 0.128ms
[64.367s][info][gc,cpu      ] GC(354) User=0.00s Sys=0.00s Real=0.00s
[64.367s][info][gc,marking  ] GC(354) Concurrent Cleanup for Next Mark
[64.367s][info][gc,marking  ] GC(354) Concurrent Cleanup for Next Mark 0.137ms
[64.367s][info][gc          ] GC(354) Concurrent Mark Cycle 19.255ms
[64.890s][info][gc,start    ] GC(355) Pause Young (Prepare Mixed) (GCLocker Initiated GC)
[64.891s][info][gc,task     ] GC(355) Using 6 workers of 6 for evacuation
[64.892s][info][gc,phases   ] GC(355)   Pre Evacuate Collection Set: 0.1ms
[64.892s][info][gc,phases   ] GC(355)   Merge Heap Roots: 0.0ms
[64.892s][info][gc,phases   ] GC(355)   Evacuate Collection Set: 0.6ms
[64.892s][info][gc,phases   ] GC(355)   Post Evacuate Collection Set: 0.4ms
[64.892s][info][gc,phases   ] GC(355)   Other: 0.2ms
[64.892s][info][gc,heap     ] GC(355) Eden regions: 60->0(7)
[64.892s][info][gc,heap     ] GC(355) Survivor regions: 1->1(13)
[64.892s][info][gc,heap     ] GC(355) Old regions: 30->30
[64.892s][info][gc,heap     ] GC(355) Archive regions: 0->0
[64.892s][info][gc,heap     ] GC(355) Humongous regions: 76->8
[64.892s][info][gc,metaspace] GC(355) Metaspace: 36707K(37056K)->36707K(37056K) NonClass: 32704K(32896K)->32704K(32896K) Class: 4002K(4160K)->4002K(4160K)
[64.892s][info][gc          ] GC(355) Pause Young (Prepare Mixed) (GCLocker Initiated GC) 165M->37M(172M) 1.430ms
[64.892s][info][gc,cpu      ] GC(355) User=0.00s Sys=0.00s Real=0.00s
[64.895s][info][gc,start    ] GC(356) Pause Young (Mixed) (G1 Evacuation Pause)
[64.895s][info][gc,task     ] GC(356) Using 6 workers of 6 for evacuation
[64.896s][info][gc,phases   ] GC(356)   Pre Evacuate Collection Set: 0.2ms
[64.896s][info][gc,phases   ] GC(356)   Merge Heap Roots: 0.1ms
[64.896s][info][gc,phases   ] GC(356)   Evacuate Collection Set: 0.5ms
[64.896s][info][gc,phases   ] GC(356)   Post Evacuate Collection Set: 0.3ms
[64.896s][info][gc,phases   ] GC(356)   Other: 0.2ms
[64.896s][info][gc,heap     ] GC(356) Eden regions: 7->0(102)
[64.896s][info][gc,heap     ] GC(356) Survivor regions: 1->1(1)
[64.896s][info][gc,heap     ] GC(356) Old regions: 30->30
[64.896s][info][gc,heap     ] GC(356) Archive regions: 0->0
[64.896s][info][gc,heap     ] GC(356) Humongous regions: 8->4
[64.896s][info][gc,metaspace] GC(356) Metaspace: 36707K(37056K)->36707K(37056K) NonClass: 32704K(32896K)->32704K(32896K) Class: 4002K(4160K)->4002K(4160K)
[64.896s][info][gc          ] GC(356) Pause Young (Mixed) (G1 Evacuation Pause) 44M->34M(172M) 1.272ms
[64.896s][info][gc,cpu      ] GC(356) User=0.09s Sys=0.00s Real=0.00s
[64.968s][info][gc,start    ] GC(357) Pause Young (Concurrent Start) (G1 Humongous Allocation)
[64.968s][info][gc,task     ] GC(357) Using 6 workers of 6 for evacuation
[64.970s][info][gc,phases   ] GC(357)   Pre Evacuate Collection Set: 0.2ms
[64.970s][info][gc,phases   ] GC(357)   Merge Heap Roots: 0.1ms
[64.970s][info][gc,phases   ] GC(357)   Evacuate Collection Set: 0.7ms
[64.970s][info][gc,phases   ] GC(357)   Post Evacuate Collection Set: 0.4ms
[64.970s][info][gc,phases   ] GC(357)   Other: 0.2ms
[64.970s][info][gc,heap     ] GC(357) Eden regions: 3->0(93)
[64.970s][info][gc,heap     ] GC(357) Survivor regions: 1->1(13)
[64.970s][info][gc,heap     ] GC(357) Old regions: 30->30
[64.970s][info][gc,heap     ] GC(357) Archive regions: 0->0
[64.970s][info][gc,heap     ] GC(357) Humongous regions: 4->4
[64.970s][info][gc,metaspace] GC(357) Metaspace: 36707K(37056K)->36707K(37056K) NonClass: 32704K(32896K)->32704K(32896K) Class: 4002K(4160K)->4002K(4160K)
[64.970s][info][gc          ] GC(357) Pause Young (Concurrent Start) (G1 Humongous Allocation) 36M->33M(172M) 1.701ms
[64.970s][info][gc,cpu      ] GC(357) User=0.00s Sys=0.00s Real=0.00s
[64.970s][info][gc          ] GC(358) Concurrent Undo Cycle
[64.970s][info][gc,marking  ] GC(358) Concurrent Cleanup for Next Mark
[64.970s][info][gc,marking  ] GC(358) Concurrent Cleanup for Next Mark 0.200ms
[64.970s][info][gc          ] GC(358) Concurrent Undo Cycle 0.252ms
[64.972s][info][gc,start    ] GC(359) Pause Young (Concurrent Start) (G1 Humongous Allocation)
[64.972s][info][gc,task     ] GC(359) Using 6 workers of 6 for evacuation
[64.973s][info][gc,phases   ] GC(359)   Pre Evacuate Collection Set: 0.2ms
[64.973s][info][gc,phases   ] GC(359)   Merge Heap Roots: 0.0ms
[64.973s][info][gc,phases   ] GC(359)   Evacuate Collection Set: 0.8ms
[64.973s][info][gc,phases   ] GC(359)   Post Evacuate Collection Set: 0.4ms
[64.973s][info][gc,phases   ] GC(359)   Other: 0.3ms
[64.973s][info][gc,heap     ] GC(359) Eden regions: 0->0(90)
[64.973s][info][gc,heap     ] GC(359) Survivor regions: 1->1(12)
[64.973s][info][gc,heap     ] GC(359) Old regions: 30->30
[64.973s][info][gc,heap     ] GC(359) Archive regions: 0->0
[64.973s][info][gc,heap     ] GC(359) Humongous regions: 8->8
[64.973s][info][gc,metaspace] GC(359) Metaspace: 36707K(37056K)->36707K(37056K) NonClass: 32704K(32896K)->32704K(32896K) Class: 4002K(4160K)->4002K(4160K)
[64.974s][info][gc          ] GC(359) Pause Young (Concurrent Start) (G1 Humongous Allocation) 37M->37M(172M) 1.798ms
[64.974s][info][gc,cpu      ] GC(359) User=0.00s Sys=0.00s Real=0.00s
[64.974s][info][gc          ] GC(360) Concurrent Mark Cycle
[64.974s][info][gc,marking  ] GC(360) Concurrent Clear Claimed Marks
[64.974s][info][gc,marking  ] GC(360) Concurrent Clear Claimed Marks 0.021ms
[64.974s][info][gc,marking  ] GC(360) Concurrent Scan Root Regions
[64.974s][info][gc,marking  ] GC(360) Concurrent Scan Root Regions 0.497ms
[64.974s][info][gc,marking  ] GC(360) Concurrent Mark
[64.974s][info][gc,marking  ] GC(360) Concurrent Mark From Roots
[64.974s][info][gc,task     ] GC(360) Using 2 workers of 2 for marking
[64.983s][info][gc,marking  ] GC(360) Concurrent Mark From Roots 9.070ms
[64.983s][info][gc,marking  ] GC(360) Concurrent Preclean
[64.983s][info][gc,marking  ] GC(360) Concurrent Preclean 0.083ms
[64.984s][info][gc,start    ] GC(360) Pause Remark
[64.988s][info][gc          ] GC(360) Pause Remark 47M->47M(164M) 4.508ms
[64.988s][info][gc,cpu      ] GC(360) User=0.00s Sys=0.00s Real=0.00s
[64.989s][info][gc,marking  ] GC(360) Concurrent Mark 14.368ms
[64.989s][info][gc,marking  ] GC(360) Concurrent Rebuild Remembered Sets
[64.993s][info][gc,marking  ] GC(360) Concurrent Rebuild Remembered Sets 4.608ms
[64.994s][info][gc,start    ] GC(360) Pause Cleanup
[64.994s][info][gc          ] GC(360) Pause Cleanup 48M->48M(164M) 0.153ms
[64.994s][info][gc,cpu      ] GC(360) User=0.00s Sys=0.00s Real=0.00s
[64.994s][info][gc,marking  ] GC(360) Concurrent Cleanup for Next Mark
[64.994s][info][gc,marking  ] GC(360) Concurrent Cleanup for Next Mark 0.160ms
[64.994s][info][gc          ] GC(360) Concurrent Mark Cycle 20.361ms
[65.482s][info][gc,start    ] GC(361) Pause Young (Prepare Mixed) (G1 Preventive Collection)
[65.482s][info][gc,task     ] GC(361) Using 6 workers of 6 for evacuation
[65.484s][info][gc,phases   ] GC(361)   Pre Evacuate Collection Set: 0.2ms
[65.484s][info][gc,phases   ] GC(361)   Merge Heap Roots: 0.1ms
[65.484s][info][gc,phases   ] GC(361)   Evacuate Collection Set: 0.7ms
[65.484s][info][gc,phases   ] GC(361)   Post Evacuate Collection Set: 0.7ms
[65.484s][info][gc,phases   ] GC(361)   Other: 0.3ms
[65.484s][info][gc,heap     ] GC(361) Eden regions: 52->0(6)
[65.484s][info][gc,heap     ] GC(361) Survivor regions: 1->2(12)
[65.484s][info][gc,heap     ] GC(361) Old regions: 30->30
[65.484s][info][gc,heap     ] GC(361) Archive regions: 0->0
[65.484s][info][gc,heap     ] GC(361) Humongous regions: 72->8
[65.484s][info][gc,metaspace] GC(361) Metaspace: 36709K(37056K)->36709K(37056K) NonClass: 32706K(32896K)->32706K(32896K) Class: 4002K(4160K)->4002K(4160K)
[65.484s][info][gc          ] GC(361) Pause Young (Prepare Mixed) (G1 Preventive Collection) 153M->38M(164M) 2.055ms
[65.484s][info][gc,cpu      ] GC(361) User=0.00s Sys=0.00s Real=0.00s
[65.511s][info][gc,start    ] GC(362) Pause Young (Mixed) (G1 Evacuation Pause)
[65.511s][info][gc,task     ] GC(362) Using 6 workers of 6 for evacuation
[65.513s][info][gc,phases   ] GC(362)   Pre Evacuate Collection Set: 0.2ms
[65.513s][info][gc,phases   ] GC(362)   Merge Heap Roots: 0.1ms
[65.513s][info][gc,phases   ] GC(362)   Evacuate Collection Set: 0.8ms
[65.513s][info][gc,phases   ] GC(362)   Post Evacuate Collection Set: 0.7ms
[65.513s][info][gc,phases   ] GC(362)   Other: 0.2ms
[65.513s][info][gc,heap     ] GC(362) Eden regions: 6->0(91)
[65.513s][info][gc,heap     ] GC(362) Survivor regions: 2->1(1)
[65.513s][info][gc,heap     ] GC(362) Old regions: 30->30
[65.513s][info][gc,heap     ] GC(362) Archive regions: 0->0
[65.513s][info][gc,heap     ] GC(362) Humongous regions: 12->4
[65.513s][info][gc,metaspace] GC(362) Metaspace: 36709K(37056K)->36709K(37056K) NonClass: 32706K(32896K)->32706K(32896K) Class: 4002K(4160K)->4002K(4160K)
[65.513s][info][gc          ] GC(362) Pause Young (Mixed) (G1 Evacuation Pause) 48M->34M(164M) 2.055ms
[65.513s][info][gc,cpu      ] GC(362) User=0.00s Sys=0.00s Real=0.00s
[65.586s][info][gc,start    ] GC(363) Pause Young (Concurrent Start) (G1 Humongous Allocation)
[65.586s][info][gc,task     ] GC(363) Using 6 workers of 6 for evacuation
[65.588s][info][gc,phases   ] GC(363)   Pre Evacuate Collection Set: 0.2ms
[65.588s][info][gc,phases   ] GC(363)   Merge Heap Roots: 0.1ms
[65.588s][info][gc,phases   ] GC(363)   Evacuate Collection Set: 0.7ms
[65.588s][info][gc,phases   ] GC(363)   Post Evacuate Collection Set: 0.4ms
[65.588s][info][gc,phases   ] GC(363)   Other: 0.3ms
[65.588s][info][gc,heap     ] GC(363) Eden regions: 8->0(95)
[65.588s][info][gc,heap     ] GC(363) Survivor regions: 1->1(12)
[65.588s][info][gc,heap     ] GC(363) Old regions: 30->30
[65.588s][info][gc,heap     ] GC(363) Archive regions: 0->0
[65.588s][info][gc,heap     ] GC(363) Humongous regions: 4->4
[65.588s][info][gc,metaspace] GC(363) Metaspace: 36712K(37056K)->36712K(37056K) NonClass: 32710K(32896K)->32710K(32896K) Class: 4002K(4160K)->4002K(4160K)
[65.588s][info][gc          ] GC(363) Pause Young (Concurrent Start) (G1 Humongous Allocation) 41M->33M(164M) 1.749ms
[65.588s][info][gc,cpu      ] GC(363) User=0.00s Sys=0.00s Real=0.00s
[65.588s][info][gc          ] GC(364) Concurrent Mark Cycle
[65.588s][info][gc,marking  ] GC(364) Concurrent Clear Claimed Marks
[65.588s][info][gc,marking  ] GC(364) Concurrent Clear Claimed Marks 0.017ms
[65.588s][info][gc,marking  ] GC(364) Concurrent Scan Root Regions
[65.589s][info][gc,marking  ] GC(364) Concurrent Scan Root Regions 0.539ms
[65.589s][info][gc,marking  ] GC(364) Concurrent Mark
[65.589s][info][gc,marking  ] GC(364) Concurrent Mark From Roots
[65.589s][info][gc,task     ] GC(364) Using 2 workers of 2 for marking
[65.598s][info][gc,marking  ] GC(364) Concurrent Mark From Roots 9.028ms
[65.598s][info][gc,marking  ] GC(364) Concurrent Preclean
[65.598s][info][gc,marking  ] GC(364) Concurrent Preclean 0.111ms
[65.598s][info][gc,start    ] GC(364) Pause Remark
[65.601s][info][gc          ] GC(364) Pause Remark 47M->47M(164M) 2.870ms
[65.601s][info][gc,cpu      ] GC(364) User=0.02s Sys=0.00s Real=0.00s
[65.601s][info][gc,marking  ] GC(364) Concurrent Mark 12.606ms
[65.601s][info][gc,marking  ] GC(364) Concurrent Rebuild Remembered Sets
[65.607s][info][gc,marking  ] GC(364) Concurrent Rebuild Remembered Sets 5.130ms
[65.607s][info][gc,start    ] GC(364) Pause Cleanup
[65.607s][info][gc          ] GC(364) Pause Cleanup 47M->47M(164M) 0.152ms
[65.607s][info][gc,cpu      ] GC(364) User=0.00s Sys=0.00s Real=0.00s
[65.607s][info][gc,marking  ] GC(364) Concurrent Cleanup for Next Mark
[65.607s][info][gc,marking  ] GC(364) Concurrent Cleanup for Next Mark 0.156ms
[65.607s][info][gc          ] GC(364) Concurrent Mark Cycle 19.249ms
[66.177s][info][gc,start    ] GC(365) Pause Young (Prepare Mixed) (GCLocker Initiated GC)
[66.177s][info][gc,task     ] GC(365) Using 6 workers of 6 for evacuation
[66.178s][info][gc,phases   ] GC(365)   Pre Evacuate Collection Set: 0.2ms
[66.178s][info][gc,phases   ] GC(365)   Merge Heap Roots: 0.1ms
[66.178s][info][gc,phases   ] GC(365)   Evacuate Collection Set: 0.6ms
[66.178s][info][gc,phases   ] GC(365)   Post Evacuate Collection Set: 0.3ms
[66.178s][info][gc,phases   ] GC(365)   Other: 0.2ms
[66.178s][info][gc,heap     ] GC(365) Eden regions: 62->0(6)
[66.178s][info][gc,heap     ] GC(365) Survivor regions: 1->2(12)
[66.178s][info][gc,heap     ] GC(365) Old regions: 30->30
[66.178s][info][gc,heap     ] GC(365) Archive regions: 0->0
[66.178s][info][gc,heap     ] GC(365) Humongous regions: 64->4
[66.178s][info][gc,metaspace] GC(365) Metaspace: 36712K(37056K)->36712K(37056K) NonClass: 32710K(32896K)->32710K(32896K) Class: 4002K(4160K)->4002K(4160K)
[66.178s][info][gc          ] GC(365) Pause Young (Prepare Mixed) (GCLocker Initiated GC) 155M->34M(164M) 1.437ms
[66.178s][info][gc,cpu      ] GC(365) User=0.00s Sys=0.00s Real=0.00s
[66.207s][info][gc,start    ] GC(366) Pause Young (Mixed) (GCLocker Initiated GC)
[66.207s][info][gc,task     ] GC(366) Using 6 workers of 6 for evacuation
[66.209s][info][gc,phases   ] GC(366)   Pre Evacuate Collection Set: 0.2ms
[66.209s][info][gc,phases   ] GC(366)   Merge Heap Roots: 0.1ms
[66.209s][info][gc,phases   ] GC(366)   Evacuate Collection Set: 0.8ms
[66.209s][info][gc,phases   ] GC(366)   Post Evacuate Collection Set: 0.7ms
[66.209s][info][gc,phases   ] GC(366)   Other: 0.3ms
[66.209s][info][gc,heap     ] GC(366) Eden regions: 7->0(97)
[66.209s][info][gc,heap     ] GC(366) Survivor regions: 2->1(1)
[66.209s][info][gc,heap     ] GC(366) Old regions: 30->30
[66.209s][info][gc,heap     ] GC(366) Archive regions: 0->0
[66.209s][info][gc,heap     ] GC(366) Humongous regions: 16->4
[66.209s][info][gc,metaspace] GC(366) Metaspace: 36712K(37056K)->36712K(37056K) NonClass: 32710K(32896K)->32710K(32896K) Class: 4002K(4160K)->4002K(4160K)
[66.209s][info][gc          ] GC(366) Pause Young (Mixed) (GCLocker Initiated GC) 53M->34M(164M) 2.115ms
[66.209s][info][gc,cpu      ] GC(366) User=0.08s Sys=0.00s Real=0.00s
[66.282s][info][gc,start    ] GC(367) Pause Young (Concurrent Start) (GCLocker Initiated GC)
[66.282s][info][gc,task     ] GC(367) Using 6 workers of 6 for evacuation
[66.284s][info][gc,phases   ] GC(367)   Pre Evacuate Collection Set: 0.2ms
[66.284s][info][gc,phases   ] GC(367)   Merge Heap Roots: 0.1ms
[66.284s][info][gc,phases   ] GC(367)   Evacuate Collection Set: 0.7ms
[66.284s][info][gc,phases   ] GC(367)   Post Evacuate Collection Set: 0.5ms
[66.284s][info][gc,phases   ] GC(367)   Other: 0.2ms
[66.284s][info][gc,heap     ] GC(367) Eden regions: 2->0(109)
[66.284s][info][gc,heap     ] GC(367) Survivor regions: 1->1(13)
[66.284s][info][gc,heap     ] GC(367) Old regions: 30->30
[66.284s][info][gc,heap     ] GC(367) Archive regions: 0->0
[66.284s][info][gc,heap     ] GC(367) Humongous regions: 4->4
[66.284s][info][gc,metaspace] GC(367) Metaspace: 36712K(37056K)->36712K(37056K) NonClass: 32710K(32896K)->32710K(32896K) Class: 4002K(4160K)->4002K(4160K)
[66.284s][info][gc          ] GC(367) Pause Young (Concurrent Start) (GCLocker Initiated GC) 36M->33M(184M) 1.806ms
[66.284s][info][gc,cpu      ] GC(367) User=0.00s Sys=0.00s Real=0.00s
[66.284s][info][gc          ] GC(368) Concurrent Mark Cycle
[66.284s][info][gc,marking  ] GC(368) Concurrent Clear Claimed Marks
[66.284s][info][gc,marking  ] GC(368) Concurrent Clear Claimed Marks 0.015ms
[66.284s][info][gc,marking  ] GC(368) Concurrent Scan Root Regions
[66.285s][info][gc,marking  ] GC(368) Concurrent Scan Root Regions 0.387ms
[66.285s][info][gc,marking  ] GC(368) Concurrent Mark
[66.285s][info][gc,marking  ] GC(368) Concurrent Mark From Roots
[66.285s][info][gc,task     ] GC(368) Using 2 workers of 2 for marking
[66.295s][info][gc,marking  ] GC(368) Concurrent Mark From Roots 10.230ms
[66.295s][info][gc,marking  ] GC(368) Concurrent Preclean
[66.295s][info][gc,marking  ] GC(368) Concurrent Preclean 0.252ms
[66.295s][info][gc,start    ] GC(368) Pause Remark
[66.299s][info][gc          ] GC(368) Pause Remark 47M->47M(164M) 3.806ms
[66.299s][info][gc,cpu      ] GC(368) User=0.00s Sys=0.00s Real=0.00s
[66.300s][info][gc,marking  ] GC(368) Concurrent Mark 14.841ms
[66.300s][info][gc,marking  ] GC(368) Concurrent Rebuild Remembered Sets
[66.304s][info][gc,marking  ] GC(368) Concurrent Rebuild Remembered Sets 4.336ms
[66.304s][info][gc,start    ] GC(368) Pause Cleanup
[66.304s][info][gc          ] GC(368) Pause Cleanup 47M->47M(164M) 0.081ms
[66.304s][info][gc,cpu      ] GC(368) User=0.00s Sys=0.00s Real=0.00s
[66.304s][info][gc,marking  ] GC(368) Concurrent Cleanup for Next Mark
[66.304s][info][gc,marking  ] GC(368) Concurrent Cleanup for Next Mark 0.118ms
[66.305s][info][gc          ] GC(368) Concurrent Mark Cycle 20.282ms
[66.804s][info][gc,start    ] GC(369) Pause Young (Prepare Mixed) (GCLocker Initiated GC)
[66.804s][info][gc,task     ] GC(369) Using 6 workers of 6 for evacuation
[66.805s][info][gc,phases   ] GC(369)   Pre Evacuate Collection Set: 0.1ms
[66.805s][info][gc,phases   ] GC(369)   Merge Heap Roots: 0.0ms
[66.805s][info][gc,phases   ] GC(369)   Evacuate Collection Set: 0.7ms
[66.805s][info][gc,phases   ] GC(369)   Post Evacuate Collection Set: 0.3ms
[66.805s][info][gc,phases   ] GC(369)   Other: 0.3ms
[66.806s][info][gc,heap     ] GC(369) Eden regions: 62->0(7)
[66.806s][info][gc,heap     ] GC(369) Survivor regions: 1->1(13)
[66.806s][info][gc,heap     ] GC(369) Old regions: 30->30
[66.806s][info][gc,heap     ] GC(369) Archive regions: 0->0
[66.806s][info][gc,heap     ] GC(369) Humongous regions: 64->4
[66.806s][info][gc,metaspace] GC(369) Metaspace: 36712K(37056K)->36712K(37056K) NonClass: 32710K(32896K)->32710K(32896K) Class: 4002K(4160K)->4002K(4160K)
[66.806s][info][gc          ] GC(369) Pause Young (Prepare Mixed) (GCLocker Initiated GC) 155M->34M(164M) 1.664ms
[66.806s][info][gc,cpu      ] GC(369) User=0.00s Sys=0.00s Real=0.00s
[66.840s][info][gc,start    ] GC(370) Pause Young (Mixed) (GCLocker Initiated GC)
[66.840s][info][gc,task     ] GC(370) Using 6 workers of 6 for evacuation
[66.841s][info][gc,phases   ] GC(370)   Pre Evacuate Collection Set: 0.1ms
[66.841s][info][gc,phases   ] GC(370)   Merge Heap Roots: 0.0ms
[66.841s][info][gc,phases   ] GC(370)   Evacuate Collection Set: 0.6ms
[66.841s][info][gc,phases   ] GC(370)   Post Evacuate Collection Set: 0.3ms
[66.841s][info][gc,phases   ] GC(370)   Other: 0.3ms
[66.841s][info][gc,heap     ] GC(370) Eden regions: 8->0(97)
[66.841s][info][gc,heap     ] GC(370) Survivor regions: 1->1(1)
[66.841s][info][gc,heap     ] GC(370) Old regions: 30->31
[66.841s][info][gc,heap     ] GC(370) Archive regions: 0->0
[66.841s][info][gc,heap     ] GC(370) Humongous regions: 16->4
[66.841s][info][gc,metaspace] GC(370) Metaspace: 36712K(37056K)->36712K(37056K) NonClass: 32710K(32896K)->32710K(32896K) Class: 4002K(4160K)->4002K(4160K)
[66.842s][info][gc          ] GC(370) Pause Young (Mixed) (GCLocker Initiated GC) 54M->35M(164M) 1.412ms
[66.842s][info][gc,cpu      ] GC(370) User=0.00s Sys=0.00s Real=0.00s
[66.915s][info][gc,start    ] GC(371) Pause Young (Concurrent Start) (GCLocker Initiated GC)
[66.915s][info][gc,task     ] GC(371) Using 6 workers of 6 for evacuation
[66.917s][info][gc,phases   ] GC(371)   Pre Evacuate Collection Set: 0.1ms
[66.917s][info][gc,phases   ] GC(371)   Merge Heap Roots: 0.1ms
[66.917s][info][gc,phases   ] GC(371)   Evacuate Collection Set: 0.7ms
[66.917s][info][gc,phases   ] GC(371)   Post Evacuate Collection Set: 0.3ms
[66.917s][info][gc,phases   ] GC(371)   Other: 0.2ms
[66.917s][info][gc,heap     ] GC(371) Eden regions: 2->0(97)
[66.917s][info][gc,heap     ] GC(371) Survivor regions: 1->1(13)
[66.917s][info][gc,heap     ] GC(371) Old regions: 31->31
[66.917s][info][gc,heap     ] GC(371) Archive regions: 0->0
[66.917s][info][gc,heap     ] GC(371) Humongous regions: 4->4
[66.917s][info][gc,metaspace] GC(371) Metaspace: 36712K(37056K)->36712K(37056K) NonClass: 32710K(32896K)->32710K(32896K) Class: 4002K(4160K)->4002K(4160K)
[66.917s][info][gc          ] GC(371) Pause Young (Concurrent Start) (GCLocker Initiated GC) 36M->34M(164M) 1.536ms
[66.917s][info][gc,cpu      ] GC(371) User=0.00s Sys=0.00s Real=0.00s
[66.917s][info][gc          ] GC(372) Concurrent Mark Cycle
[66.917s][info][gc,marking  ] GC(372) Concurrent Clear Claimed Marks
[66.917s][info][gc,marking  ] GC(372) Concurrent Clear Claimed Marks 0.027ms
[66.917s][info][gc,marking  ] GC(372) Concurrent Scan Root Regions
[66.917s][info][gc,marking  ] GC(372) Concurrent Scan Root Regions 0.332ms
[66.917s][info][gc,marking  ] GC(372) Concurrent Mark
[66.917s][info][gc,marking  ] GC(372) Concurrent Mark From Roots
[66.917s][info][gc,task     ] GC(372) Using 2 workers of 2 for marking
[66.928s][info][gc,marking  ] GC(372) Concurrent Mark From Roots 10.864ms
[66.928s][info][gc,marking  ] GC(372) Concurrent Preclean
[66.928s][info][gc,marking  ] GC(372) Concurrent Preclean 0.164ms
[66.929s][info][gc,start    ] GC(372) Pause Remark
[66.932s][info][gc          ] GC(372) Pause Remark 47M->47M(164M) 2.883ms
[66.932s][info][gc,cpu      ] GC(372) User=0.00s Sys=0.00s Real=0.00s
[66.932s][info][gc,marking  ] GC(372) Concurrent Mark 14.498ms
[66.932s][info][gc,marking  ] GC(372) Concurrent Rebuild Remembered Sets
[66.936s][info][gc,marking  ] GC(372) Concurrent Rebuild Remembered Sets 4.302ms
[66.937s][info][gc,start    ] GC(372) Pause Cleanup
[66.937s][info][gc          ] GC(372) Pause Cleanup 52M->52M(164M) 0.137ms
[66.937s][info][gc,cpu      ] GC(372) User=0.00s Sys=0.00s Real=0.00s
[66.937s][info][gc,marking  ] GC(372) Concurrent Cleanup for Next Mark
[66.937s][info][gc,marking  ] GC(372) Concurrent Cleanup for Next Mark 0.102ms
[66.937s][info][gc          ] GC(372) Concurrent Mark Cycle 20.000ms
[67.492s][info][gc,start    ] GC(373) Pause Young (Prepare Mixed) (GCLocker Initiated GC)
[67.492s][info][gc,task     ] GC(373) Using 6 workers of 6 for evacuation
[67.493s][info][gc,phases   ] GC(373)   Pre Evacuate Collection Set: 0.2ms
[67.493s][info][gc,phases   ] GC(373)   Merge Heap Roots: 0.1ms
[67.493s][info][gc,phases   ] GC(373)   Evacuate Collection Set: 0.6ms
[67.493s][info][gc,phases   ] GC(373)   Post Evacuate Collection Set: 0.5ms
[67.493s][info][gc,phases   ] GC(373)   Other: 0.2ms
[67.493s][info][gc,heap     ] GC(373) Eden regions: 61->0(7)
[67.493s][info][gc,heap     ] GC(373) Survivor regions: 1->1(13)
[67.493s][info][gc,heap     ] GC(373) Old regions: 31->31
[67.493s][info][gc,heap     ] GC(373) Archive regions: 0->0
[67.493s][info][gc,heap     ] GC(373) Humongous regions: 76->8
[67.493s][info][gc,metaspace] GC(373) Metaspace: 36717K(37056K)->36717K(37056K) NonClass: 32715K(32896K)->32715K(32896K) Class: 4002K(4160K)->4002K(4160K)
[67.493s][info][gc          ] GC(373) Pause Young (Prepare Mixed) (GCLocker Initiated GC) 167M->39M(172M) 1.597ms
[67.494s][info][gc,cpu      ] GC(373) User=0.00s Sys=0.00s Real=0.00s
[67.570s][info][gc,start    ] GC(374) Pause Young (Mixed) (GCLocker Initiated GC)
[67.570s][info][gc,task     ] GC(374) Using 6 workers of 6 for evacuation
[67.572s][info][gc,phases   ] GC(374)   Pre Evacuate Collection Set: 0.2ms
[67.572s][info][gc,phases   ] GC(374)   Merge Heap Roots: 0.1ms
[67.572s][info][gc,phases   ] GC(374)   Evacuate Collection Set: 0.8ms
[67.572s][info][gc,phases   ] GC(374)   Post Evacuate Collection Set: 0.4ms
[67.572s][info][gc,phases   ] GC(374)   Other: 0.3ms
[67.572s][info][gc,heap     ] GC(374) Eden regions: 8->0(102)
[67.572s][info][gc,heap     ] GC(374) Survivor regions: 1->1(1)
[67.572s][info][gc,heap     ] GC(374) Old regions: 31->31
[67.572s][info][gc,heap     ] GC(374) Archive regions: 0->0
[67.572s][info][gc,heap     ] GC(374) Humongous regions: 12->8
[67.572s][info][gc,metaspace] GC(374) Metaspace: 36717K(37056K)->36717K(37056K) NonClass: 32715K(32896K)->32715K(32896K) Class: 4002K(4160K)->4002K(4160K)
[67.572s][info][gc          ] GC(374) Pause Young (Mixed) (GCLocker Initiated GC) 51M->39M(172M) 1.721ms
[67.572s][info][gc,cpu      ] GC(374) User=0.00s Sys=0.00s Real=0.00s
[67.573s][info][gc,start    ] GC(375) Pause Young (Concurrent Start) (G1 Humongous Allocation)
[67.573s][info][gc,task     ] GC(375) Using 6 workers of 6 for evacuation
[67.575s][info][gc,phases   ] GC(375)   Pre Evacuate Collection Set: 0.2ms
[67.575s][info][gc,phases   ] GC(375)   Merge Heap Roots: 0.1ms
[67.575s][info][gc,phases   ] GC(375)   Evacuate Collection Set: 0.9ms
[67.575s][info][gc,phases   ] GC(375)   Post Evacuate Collection Set: 0.5ms
[67.575s][info][gc,phases   ] GC(375)   Other: 0.5ms
[67.575s][info][gc,heap     ] GC(375) Eden regions: 1->0(89)
[67.575s][info][gc,heap     ] GC(375) Survivor regions: 1->1(13)
[67.575s][info][gc,heap     ] GC(375) Old regions: 31->31
[67.575s][info][gc,heap     ] GC(375) Archive regions: 0->0
[67.575s][info][gc,heap     ] GC(375) Humongous regions: 8->8
[67.575s][info][gc,metaspace] GC(375) Metaspace: 36717K(37056K)->36717K(37056K) NonClass: 32715K(32896K)->32715K(32896K) Class: 4002K(4160K)->4002K(4160K)
[67.575s][info][gc          ] GC(375) Pause Young (Concurrent Start) (G1 Humongous Allocation) 40M->39M(172M) 1.985ms
[67.575s][info][gc,cpu      ] GC(375) User=0.00s Sys=0.00s Real=0.00s
[67.575s][info][gc          ] GC(376) Concurrent Mark Cycle
[67.575s][info][gc,marking  ] GC(376) Concurrent Clear Claimed Marks
[67.575s][info][gc,marking  ] GC(376) Concurrent Clear Claimed Marks 0.031ms
[67.575s][info][gc,marking  ] GC(376) Concurrent Scan Root Regions
[67.575s][info][gc,marking  ] GC(376) Concurrent Scan Root Regions 0.436ms
[67.575s][info][gc,marking  ] GC(376) Concurrent Mark
[67.576s][info][gc,marking  ] GC(376) Concurrent Mark From Roots
[67.576s][info][gc,task     ] GC(376) Using 2 workers of 2 for marking
[67.586s][info][gc,marking  ] GC(376) Concurrent Mark From Roots 10.780ms
[67.586s][info][gc,marking  ] GC(376) Concurrent Preclean
[67.586s][info][gc,marking  ] GC(376) Concurrent Preclean 0.144ms
[67.587s][info][gc,start    ] GC(376) Pause Remark
[67.591s][info][gc          ] GC(376) Pause Remark 49M->49M(170M) 3.655ms
[67.591s][info][gc,cpu      ] GC(376) User=0.00s Sys=0.00s Real=0.00s
[67.591s][info][gc,marking  ] GC(376) Concurrent Mark 15.723ms
[67.591s][info][gc,marking  ] GC(376) Concurrent Rebuild Remembered Sets
[67.596s][info][gc,marking  ] GC(376) Concurrent Rebuild Remembered Sets 4.669ms
[67.596s][info][gc,start    ] GC(376) Pause Cleanup
[67.596s][info][gc          ] GC(376) Pause Cleanup 50M->50M(170M) 0.113ms
[67.596s][info][gc,cpu      ] GC(376) User=0.00s Sys=0.00s Real=0.00s
[67.597s][info][gc,marking  ] GC(376) Concurrent Cleanup for Next Mark
[67.597s][info][gc,marking  ] GC(376) Concurrent Cleanup for Next Mark 0.125ms
[67.597s][info][gc          ] GC(376) Concurrent Mark Cycle 21.803ms
[68.089s][info][gc,start    ] GC(377) Pause Young (Prepare Mixed) (GCLocker Initiated GC)
[68.089s][info][gc,task     ] GC(377) Using 6 workers of 6 for evacuation
[68.091s][info][gc,phases   ] GC(377)   Pre Evacuate Collection Set: 0.1ms
[68.091s][info][gc,phases   ] GC(377)   Merge Heap Roots: 0.1ms
[68.091s][info][gc,phases   ] GC(377)   Evacuate Collection Set: 0.7ms
[68.091s][info][gc,phases   ] GC(377)   Post Evacuate Collection Set: 0.4ms
[68.091s][info][gc,phases   ] GC(377)   Other: 0.3ms
[68.091s][info][gc,heap     ] GC(377) Eden regions: 59->0(7)
[68.091s][info][gc,heap     ] GC(377) Survivor regions: 1->1(12)
[68.091s][info][gc,heap     ] GC(377) Old regions: 31->31
[68.091s][info][gc,heap     ] GC(377) Archive regions: 0->0
[68.091s][info][gc,heap     ] GC(377) Humongous regions: 68->8
[68.091s][info][gc,metaspace] GC(377) Metaspace: 36721K(37056K)->36721K(37056K) NonClass: 32718K(32896K)->32718K(32896K) Class: 4002K(4160K)->4002K(4160K)
[68.091s][info][gc          ] GC(377) Pause Young (Prepare Mixed) (GCLocker Initiated GC) 157M->39M(170M) 1.666ms
[68.091s][info][gc,cpu      ] GC(377) User=0.00s Sys=0.00s Real=0.00s
[68.122s][info][gc,start    ] GC(378) Pause Young (Mixed) (GCLocker Initiated GC)
[68.122s][info][gc,task     ] GC(378) Using 6 workers of 6 for evacuation
[68.123s][info][gc,phases   ] GC(378)   Pre Evacuate Collection Set: 0.2ms
[68.123s][info][gc,phases   ] GC(378)   Merge Heap Roots: 0.1ms
[68.123s][info][gc,phases   ] GC(378)   Evacuate Collection Set: 0.8ms
[68.123s][info][gc,phases   ] GC(378)   Post Evacuate Collection Set: 0.2ms
[68.123s][info][gc,phases   ] GC(378)   Other: 0.3ms
[68.123s][info][gc,heap     ] GC(378) Eden regions: 8->0(94)
[68.123s][info][gc,heap     ] GC(378) Survivor regions: 1->1(1)
[68.123s][info][gc,heap     ] GC(378) Old regions: 31->32
[68.123s][info][gc,heap     ] GC(378) Archive regions: 0->0
[68.123s][info][gc,heap     ] GC(378) Humongous regions: 16->4
[68.123s][info][gc,metaspace] GC(378) Metaspace: 36721K(37056K)->36721K(37056K) NonClass: 32718K(32896K)->32718K(32896K) Class: 4002K(4160K)->4002K(4160K)
[68.123s][info][gc          ] GC(378) Pause Young (Mixed) (GCLocker Initiated GC) 54M->35M(170M) 1.609ms
[68.123s][info][gc,cpu      ] GC(378) User=0.00s Sys=0.00s Real=0.00s
[68.197s][info][gc,start    ] GC(379) Pause Young (Concurrent Start) (GCLocker Initiated GC)
[68.197s][info][gc,task     ] GC(379) Using 6 workers of 6 for evacuation
[68.198s][info][gc,phases   ] GC(379)   Pre Evacuate Collection Set: 0.2ms
[68.198s][info][gc,phases   ] GC(379)   Merge Heap Roots: 0.1ms
[68.198s][info][gc,phases   ] GC(379)   Evacuate Collection Set: 0.9ms
[68.198s][info][gc,phases   ] GC(379)   Post Evacuate Collection Set: 0.3ms
[68.198s][info][gc,phases   ] GC(379)   Other: 0.3ms
[68.198s][info][gc,heap     ] GC(379) Eden regions: 2->0(98)
[68.198s][info][gc,heap     ] GC(379) Survivor regions: 1->1(12)
[68.198s][info][gc,heap     ] GC(379) Old regions: 32->32
[68.198s][info][gc,heap     ] GC(379) Archive regions: 0->0
[68.198s][info][gc,heap     ] GC(379) Humongous regions: 4->4
[68.198s][info][gc,metaspace] GC(379) Metaspace: 36721K(37056K)->36721K(37056K) NonClass: 32718K(32896K)->32718K(32896K) Class: 4002K(4160K)->4002K(4160K)
[68.198s][info][gc          ] GC(379) Pause Young (Concurrent Start) (GCLocker Initiated GC) 37M->35M(170M) 1.774ms
[68.199s][info][gc,cpu      ] GC(379) User=0.00s Sys=0.00s Real=0.00s
[68.199s][info][gc          ] GC(380) Concurrent Mark Cycle
[68.199s][info][gc,marking  ] GC(380) Concurrent Clear Claimed Marks
[68.199s][info][gc,marking  ] GC(380) Concurrent Clear Claimed Marks 0.022ms
[68.199s][info][gc,marking  ] GC(380) Concurrent Scan Root Regions
[68.199s][info][gc,marking  ] GC(380) Concurrent Scan Root Regions 0.449ms
[68.199s][info][gc,marking  ] GC(380) Concurrent Mark
[68.199s][info][gc,marking  ] GC(380) Concurrent Mark From Roots
[68.199s][info][gc,task     ] GC(380) Using 2 workers of 2 for marking
[68.208s][info][gc,marking  ] GC(380) Concurrent Mark From Roots 9.076ms
[68.208s][info][gc,marking  ] GC(380) Concurrent Preclean
[68.208s][info][gc,marking  ] GC(380) Concurrent Preclean 0.120ms
[68.209s][info][gc,start    ] GC(380) Pause Remark
[68.211s][info][gc          ] GC(380) Pause Remark 48M->48M(170M) 2.122ms
[68.211s][info][gc,cpu      ] GC(380) User=0.00s Sys=0.00s Real=0.00s
[68.211s][info][gc,marking  ] GC(380) Concurrent Mark 11.888ms
[68.211s][info][gc,marking  ] GC(380) Concurrent Rebuild Remembered Sets
[68.215s][info][gc,marking  ] GC(380) Concurrent Rebuild Remembered Sets 4.415ms
[68.216s][info][gc,start    ] GC(380) Pause Cleanup
[68.216s][info][gc          ] GC(380) Pause Cleanup 49M->49M(170M) 0.151ms
[68.216s][info][gc,cpu      ] GC(380) User=0.00s Sys=0.00s Real=0.00s
[68.216s][info][gc,marking  ] GC(380) Concurrent Cleanup for Next Mark
[68.216s][info][gc,marking  ] GC(380) Concurrent Cleanup for Next Mark 0.177ms
[68.216s][info][gc          ] GC(380) Concurrent Mark Cycle 17.722ms
[68.713s][info][gc,start    ] GC(381) Pause Young (Prepare Mixed) (GCLocker Initiated GC)
[68.713s][info][gc,task     ] GC(381) Using 6 workers of 6 for evacuation
[68.715s][info][gc,phases   ] GC(381)   Pre Evacuate Collection Set: 0.2ms
[68.715s][info][gc,phases   ] GC(381)   Merge Heap Roots: 0.1ms
[68.715s][info][gc,phases   ] GC(381)   Evacuate Collection Set: 0.8ms
[68.715s][info][gc,phases   ] GC(381)   Post Evacuate Collection Set: 0.5ms
[68.715s][info][gc,phases   ] GC(381)   Other: 0.3ms
[68.715s][info][gc,heap     ] GC(381) Eden regions: 62->0(6)
[68.715s][info][gc,heap     ] GC(381) Survivor regions: 1->2(13)
[68.715s][info][gc,heap     ] GC(381) Old regions: 32->32
[68.715s][info][gc,heap     ] GC(381) Archive regions: 0->0
[68.715s][info][gc,heap     ] GC(381) Humongous regions: 68->8
[68.715s][info][gc,metaspace] GC(381) Metaspace: 36722K(37056K)->36722K(37056K) NonClass: 32719K(32896K)->32719K(32896K) Class: 4002K(4160K)->4002K(4160K)
[68.715s][info][gc          ] GC(381) Pause Young (Prepare Mixed) (GCLocker Initiated GC) 160M->40M(170M) 1.852ms
[68.715s][info][gc,cpu      ] GC(381) User=0.00s Sys=0.00s Real=0.00s
[68.745s][info][gc,start    ] GC(382) Pause Young (Mixed) (GCLocker Initiated GC)
[68.745s][info][gc,task     ] GC(382) Using 6 workers of 6 for evacuation
[68.746s][info][gc,phases   ] GC(382)   Pre Evacuate Collection Set: 0.1ms
[68.746s][info][gc,phases   ] GC(382)   Merge Heap Roots: 0.0ms
[68.746s][info][gc,phases   ] GC(382)   Evacuate Collection Set: 0.7ms
[68.746s][info][gc,phases   ] GC(382)   Post Evacuate Collection Set: 0.5ms
[68.746s][info][gc,phases   ] GC(382)   Other: 0.3ms
[68.746s][info][gc,heap     ] GC(382) Eden regions: 7->0(100)
[68.746s][info][gc,heap     ] GC(382) Survivor regions: 2->1(1)
[68.746s][info][gc,heap     ] GC(382) Old regions: 32->32
[68.746s][info][gc,heap     ] GC(382) Archive regions: 0->0
[68.746s][info][gc,heap     ] GC(382) Humongous regions: 16->4
[68.746s][info][gc,metaspace] GC(382) Metaspace: 36722K(37056K)->36722K(37056K) NonClass: 32719K(32896K)->32719K(32896K) Class: 4002K(4160K)->4002K(4160K)
[68.746s][info][gc          ] GC(382) Pause Young (Mixed) (GCLocker Initiated GC) 54M->35M(170M) 1.716ms
[68.746s][info][gc,cpu      ] GC(382) User=0.00s Sys=0.00s Real=0.00s
[68.821s][info][gc,start    ] GC(383) Pause Young (Concurrent Start) (GCLocker Initiated GC)
[68.821s][info][gc,task     ] GC(383) Using 6 workers of 6 for evacuation
[68.823s][info][gc,phases   ] GC(383)   Pre Evacuate Collection Set: 0.2ms
[68.823s][info][gc,phases   ] GC(383)   Merge Heap Roots: 0.1ms
[68.823s][info][gc,phases   ] GC(383)   Evacuate Collection Set: 0.9ms
[68.823s][info][gc,phases   ] GC(383)   Post Evacuate Collection Set: 0.2ms
[68.823s][info][gc,phases   ] GC(383)   Other: 0.3ms
[68.823s][info][gc,heap     ] GC(383) Eden regions: 2->0(101)
[68.823s][info][gc,heap     ] GC(383) Survivor regions: 1->1(13)
[68.823s][info][gc,heap     ] GC(383) Old regions: 32->32
[68.823s][info][gc,heap     ] GC(383) Archive regions: 0->0
[68.823s][info][gc,heap     ] GC(383) Humongous regions: 4->4
[68.823s][info][gc,metaspace] GC(383) Metaspace: 36722K(37056K)->36722K(37056K) NonClass: 32719K(32896K)->32719K(32896K) Class: 4002K(4160K)->4002K(4160K)
[68.823s][info][gc          ] GC(383) Pause Young (Concurrent Start) (GCLocker Initiated GC) 37M->35M(170M) 1.686ms
[68.823s][info][gc,cpu      ] GC(383) User=0.00s Sys=0.00s Real=0.00s
[68.823s][info][gc          ] GC(384) Concurrent Mark Cycle
[68.823s][info][gc,marking  ] GC(384) Concurrent Clear Claimed Marks
[68.823s][info][gc,marking  ] GC(384) Concurrent Clear Claimed Marks 0.025ms
[68.823s][info][gc,marking  ] GC(384) Concurrent Scan Root Regions
[68.823s][info][gc,marking  ] GC(384) Concurrent Scan Root Regions 0.437ms
[68.823s][info][gc,marking  ] GC(384) Concurrent Mark
[68.823s][info][gc,marking  ] GC(384) Concurrent Mark From Roots
[68.823s][info][gc,task     ] GC(384) Using 2 workers of 2 for marking
[68.833s][info][gc,marking  ] GC(384) Concurrent Mark From Roots 9.192ms
[68.833s][info][gc,marking  ] GC(384) Concurrent Preclean
[68.833s][info][gc,marking  ] GC(384) Concurrent Preclean 0.102ms
[68.833s][info][gc,start    ] GC(384) Pause Remark
[68.836s][info][gc          ] GC(384) Pause Remark 48M->48M(170M) 3.340ms
[68.836s][info][gc,cpu      ] GC(384) User=0.00s Sys=0.00s Real=0.00s
[68.837s][info][gc,marking  ] GC(384) Concurrent Mark 13.178ms
[68.837s][info][gc,marking  ] GC(384) Concurrent Rebuild Remembered Sets
[68.841s][info][gc,marking  ] GC(384) Concurrent Rebuild Remembered Sets 4.838ms
[68.842s][info][gc,start    ] GC(384) Pause Cleanup
[68.842s][info][gc          ] GC(384) Pause Cleanup 49M->49M(170M) 0.148ms
[68.842s][info][gc,cpu      ] GC(384) User=0.00s Sys=0.00s Real=0.00s
[68.842s][info][gc,marking  ] GC(384) Concurrent Cleanup for Next Mark
[68.842s][info][gc,marking  ] GC(384) Concurrent Cleanup for Next Mark 0.136ms
[68.842s][info][gc          ] GC(384) Concurrent Mark Cycle 19.370ms
[69.339s][info][gc,start    ] GC(385) Pause Young (Prepare Mixed) (GCLocker Initiated GC)
[69.339s][info][gc,task     ] GC(385) Using 6 workers of 6 for evacuation
[69.341s][info][gc,phases   ] GC(385)   Pre Evacuate Collection Set: 0.2ms
[69.341s][info][gc,phases   ] GC(385)   Merge Heap Roots: 0.1ms
[69.341s][info][gc,phases   ] GC(385)   Evacuate Collection Set: 0.6ms
[69.341s][info][gc,phases   ] GC(385)   Post Evacuate Collection Set: 0.4ms
[69.341s][info][gc,phases   ] GC(385)   Other: 0.3ms
[69.341s][info][gc,heap     ] GC(385) Eden regions: 62->0(7)
[69.341s][info][gc,heap     ] GC(385) Survivor regions: 1->1(13)
[69.341s][info][gc,heap     ] GC(385) Old regions: 32->32
[69.341s][info][gc,heap     ] GC(385) Archive regions: 0->0
[69.341s][info][gc,heap     ] GC(385) Humongous regions: 68->8
[69.341s][info][gc,metaspace] GC(385) Metaspace: 36725K(37056K)->36725K(37056K) NonClass: 32722K(32896K)->32722K(32896K) Class: 4002K(4160K)->4002K(4160K)
[69.341s][info][gc          ] GC(385) Pause Young (Prepare Mixed) (GCLocker Initiated GC) 160M->39M(170M) 1.632ms
[69.341s][info][gc,cpu      ] GC(385) User=0.00s Sys=0.00s Real=0.00s
[69.371s][info][gc,start    ] GC(386) Pause Young (Mixed) (GCLocker Initiated GC)
[69.371s][info][gc,task     ] GC(386) Using 6 workers of 6 for evacuation
[69.372s][info][gc,phases   ] GC(386)   Pre Evacuate Collection Set: 0.2ms
[69.372s][info][gc,phases   ] GC(386)   Merge Heap Roots: 0.1ms
[69.372s][info][gc,phases   ] GC(386)   Evacuate Collection Set: 0.6ms
[69.372s][info][gc,phases   ] GC(386)   Post Evacuate Collection Set: 0.5ms
[69.372s][info][gc,phases   ] GC(386)   Other: 0.3ms
[69.372s][info][gc,heap     ] GC(386) Eden regions: 8->0(101)
[69.372s][info][gc,heap     ] GC(386) Survivor regions: 1->1(1)
[69.372s][info][gc,heap     ] GC(386) Old regions: 32->32
[69.372s][info][gc,heap     ] GC(386) Archive regions: 0->0
[69.372s][info][gc,heap     ] GC(386) Humongous regions: 16->4
[69.372s][info][gc,metaspace] GC(386) Metaspace: 36725K(37056K)->36725K(37056K) NonClass: 32722K(32896K)->32722K(32896K) Class: 4002K(4160K)->4002K(4160K)
[69.373s][info][gc          ] GC(386) Pause Young (Mixed) (GCLocker Initiated GC) 55M->36M(170M) 1.689ms
[69.373s][info][gc,cpu      ] GC(386) User=0.00s Sys=0.00s Real=0.00s
[69.447s][info][gc,start    ] GC(387) Pause Young (Concurrent Start) (GCLocker Initiated GC)
[69.447s][info][gc,task     ] GC(387) Using 6 workers of 6 for evacuation
[69.449s][info][gc,phases   ] GC(387)   Pre Evacuate Collection Set: 0.2ms
[69.449s][info][gc,phases   ] GC(387)   Merge Heap Roots: 0.1ms
[69.449s][info][gc,phases   ] GC(387)   Evacuate Collection Set: 0.7ms
[69.449s][info][gc,phases   ] GC(387)   Post Evacuate Collection Set: 0.3ms
[69.449s][info][gc,phases   ] GC(387)   Other: 0.2ms
[69.449s][info][gc,heap     ] GC(387) Eden regions: 1->0(101)
[69.449s][info][gc,heap     ] GC(387) Survivor regions: 1->1(13)
[69.449s][info][gc,heap     ] GC(387) Old regions: 32->32
[69.449s][info][gc,heap     ] GC(387) Archive regions: 0->0
[69.449s][info][gc,heap     ] GC(387) Humongous regions: 4->4
[69.449s][info][gc,metaspace] GC(387) Metaspace: 36726K(37056K)->36726K(37056K) NonClass: 32723K(32896K)->32723K(32896K) Class: 4002K(4160K)->4002K(4160K)
[69.449s][info][gc          ] GC(387) Pause Young (Concurrent Start) (GCLocker Initiated GC) 37M->35M(170M) 1.495ms
[69.449s][info][gc,cpu      ] GC(387) User=0.00s Sys=0.00s Real=0.00s
[69.449s][info][gc          ] GC(388) Concurrent Mark Cycle
[69.449s][info][gc,marking  ] GC(388) Concurrent Clear Claimed Marks
[69.449s][info][gc,marking  ] GC(388) Concurrent Clear Claimed Marks 0.016ms
[69.449s][info][gc,marking  ] GC(388) Concurrent Scan Root Regions
[69.449s][info][gc,marking  ] GC(388) Concurrent Scan Root Regions 0.356ms
[69.449s][info][gc,marking  ] GC(388) Concurrent Mark
[69.449s][info][gc,marking  ] GC(388) Concurrent Mark From Roots
[69.449s][info][gc,task     ] GC(388) Using 2 workers of 2 for marking
[69.459s][info][gc,marking  ] GC(388) Concurrent Mark From Roots 9.340ms
[69.459s][info][gc,marking  ] GC(388) Concurrent Preclean
[69.459s][info][gc,marking  ] GC(388) Concurrent Preclean 0.161ms
[69.459s][info][gc,start    ] GC(388) Pause Remark
[69.461s][info][gc          ] GC(388) Pause Remark 48M->48M(170M) 2.197ms
[69.461s][info][gc,cpu      ] GC(388) User=0.00s Sys=0.00s Real=0.00s
[69.462s][info][gc,marking  ] GC(388) Concurrent Mark 12.245ms
[69.462s][info][gc,marking  ] GC(388) Concurrent Rebuild Remembered Sets
[69.466s][info][gc,marking  ] GC(388) Concurrent Rebuild Remembered Sets 4.389ms
[69.466s][info][gc,start    ] GC(388) Pause Cleanup
[69.466s][info][gc          ] GC(388) Pause Cleanup 49M->49M(170M) 0.144ms
[69.466s][info][gc,cpu      ] GC(388) User=0.00s Sys=0.00s Real=0.00s
[69.467s][info][gc,marking  ] GC(388) Concurrent Cleanup for Next Mark
[69.467s][info][gc,marking  ] GC(388) Concurrent Cleanup for Next Mark 0.080ms
[69.467s][info][gc          ] GC(388) Concurrent Mark Cycle 17.848ms
[69.981s][info][gc,start    ] GC(389) Pause Young (Prepare Mixed) (GCLocker Initiated GC)
[69.981s][info][gc,task     ] GC(389) Using 6 workers of 6 for evacuation
[69.982s][info][gc,phases   ] GC(389)   Pre Evacuate Collection Set: 0.2ms
[69.982s][info][gc,phases   ] GC(389)   Merge Heap Roots: 0.1ms
[69.982s][info][gc,phases   ] GC(389)   Evacuate Collection Set: 0.6ms
[69.982s][info][gc,phases   ] GC(389)   Post Evacuate Collection Set: 0.6ms
[69.982s][info][gc,phases   ] GC(389)   Other: 0.2ms
[69.982s][info][gc,heap     ] GC(389) Eden regions: 58->0(7)
[69.982s][info][gc,heap     ] GC(389) Survivor regions: 1->1(13)
[69.982s][info][gc,heap     ] GC(389) Old regions: 32->32
[69.982s][info][gc,heap     ] GC(389) Archive regions: 0->0
[69.982s][info][gc,heap     ] GC(389) Humongous regions: 76->8
[69.982s][info][gc,metaspace] GC(389) Metaspace: 36741K(37056K)->36741K(37056K) NonClass: 32738K(32896K)->32738K(32896K) Class: 4002K(4160K)->4002K(4160K)
[69.982s][info][gc          ] GC(389) Pause Young (Prepare Mixed) (GCLocker Initiated GC) 165M->40M(170M) 1.698ms
[69.982s][info][gc,cpu      ] GC(389) User=0.00s Sys=0.00s Real=0.00s
[70.003s][info][gc,start    ] GC(390) Pause Young (Mixed) (GCLocker Initiated GC)
[70.003s][info][gc,task     ] GC(390) Using 6 workers of 6 for evacuation
[70.005s][info][gc,phases   ] GC(390)   Pre Evacuate Collection Set: 0.2ms
[70.005s][info][gc,phases   ] GC(390)   Merge Heap Roots: 0.1ms
[70.005s][info][gc,phases   ] GC(390)   Evacuate Collection Set: 0.6ms
[70.005s][info][gc,phases   ] GC(390)   Post Evacuate Collection Set: 0.4ms
[70.005s][info][gc,phases   ] GC(390)   Other: 0.2ms
[70.005s][info][gc,heap     ] GC(390) Eden regions: 8->0(101)
[70.005s][info][gc,heap     ] GC(390) Survivor regions: 1->1(1)
[70.005s][info][gc,heap     ] GC(390) Old regions: 32->32
[70.005s][info][gc,heap     ] GC(390) Archive regions: 0->0
[70.005s][info][gc,heap     ] GC(390) Humongous regions: 8->4
[70.005s][info][gc,metaspace] GC(390) Metaspace: 36741K(37056K)->36741K(37056K) NonClass: 32738K(32896K)->32738K(32896K) Class: 4002K(4160K)->4002K(4160K)
[70.005s][info][gc          ] GC(390) Pause Young (Mixed) (GCLocker Initiated GC) 47M->35M(170M) 1.542ms
[70.005s][info][gc,cpu      ] GC(390) User=0.00s Sys=0.00s Real=0.00s
[70.066s][info][gc,start    ] GC(391) Pause Young (Concurrent Start) (GCLocker Initiated GC)
[70.066s][info][gc,task     ] GC(391) Using 6 workers of 6 for evacuation
[70.068s][info][gc,phases   ] GC(391)   Pre Evacuate Collection Set: 0.2ms
[70.068s][info][gc,phases   ] GC(391)   Merge Heap Roots: 0.0ms
[70.068s][info][gc,phases   ] GC(391)   Evacuate Collection Set: 0.9ms
[70.068s][info][gc,phases   ] GC(391)   Post Evacuate Collection Set: 0.3ms
[70.068s][info][gc,phases   ] GC(391)   Other: 0.2ms
[70.068s][info][gc,heap     ] GC(391) Eden regions: 3->0(101)
[70.068s][info][gc,heap     ] GC(391) Survivor regions: 1->1(13)
[70.068s][info][gc,heap     ] GC(391) Old regions: 32->32
[70.068s][info][gc,heap     ] GC(391) Archive regions: 0->0
[70.068s][info][gc,heap     ] GC(391) Humongous regions: 4->4
[70.068s][info][gc,metaspace] GC(391) Metaspace: 36742K(37056K)->36742K(37056K) NonClass: 32739K(32896K)->32739K(32896K) Class: 4002K(4160K)->4002K(4160K)
[70.068s][info][gc          ] GC(391) Pause Young (Concurrent Start) (GCLocker Initiated GC) 38M->35M(170M) 1.719ms
[70.068s][info][gc,cpu      ] GC(391) User=0.05s Sys=0.00s Real=0.00s
[70.068s][info][gc          ] GC(392) Concurrent Mark Cycle
[70.068s][info][gc,marking  ] GC(392) Concurrent Clear Claimed Marks
[70.068s][info][gc,marking  ] GC(392) Concurrent Clear Claimed Marks 0.023ms
[70.068s][info][gc,marking  ] GC(392) Concurrent Scan Root Regions
[70.069s][info][gc,marking  ] GC(392) Concurrent Scan Root Regions 0.538ms
[70.069s][info][gc,marking  ] GC(392) Concurrent Mark
[70.069s][info][gc,marking  ] GC(392) Concurrent Mark From Roots
[70.069s][info][gc,task     ] GC(392) Using 2 workers of 2 for marking
[70.079s][info][gc,marking  ] GC(392) Concurrent Mark From Roots 10.380ms
[70.079s][info][gc,marking  ] GC(392) Concurrent Preclean
[70.079s][info][gc,marking  ] GC(392) Concurrent Preclean 0.117ms
[70.080s][info][gc,start    ] GC(392) Pause Remark
[70.082s][info][gc          ] GC(392) Pause Remark 48M->48M(167M) 2.456ms
[70.082s][info][gc,cpu      ] GC(392) User=0.00s Sys=0.00s Real=0.00s
[70.082s][info][gc,marking  ] GC(392) Concurrent Mark 13.566ms
[70.082s][info][gc,marking  ] GC(392) Concurrent Rebuild Remembered Sets
[70.087s][info][gc,marking  ] GC(392) Concurrent Rebuild Remembered Sets 4.326ms
[70.087s][info][gc,start    ] GC(392) Pause Cleanup
[70.087s][info][gc          ] GC(392) Pause Cleanup 49M->49M(167M) 0.143ms
[70.087s][info][gc,cpu      ] GC(392) User=0.00s Sys=0.00s Real=0.00s
[70.087s][info][gc,marking  ] GC(392) Concurrent Cleanup for Next Mark
[70.088s][info][gc,marking  ] GC(392) Concurrent Cleanup for Next Mark 0.148ms
[70.088s][info][gc          ] GC(392) Concurrent Mark Cycle 19.398ms
[70.607s][info][gc,start    ] GC(393) Pause Young (Prepare Mixed) (GCLocker Initiated GC)
[70.607s][info][gc,task     ] GC(393) Using 6 workers of 6 for evacuation
[70.609s][info][gc,phases   ] GC(393)   Pre Evacuate Collection Set: 0.2ms
[70.609s][info][gc,phases   ] GC(393)   Merge Heap Roots: 0.1ms
[70.609s][info][gc,phases   ] GC(393)   Evacuate Collection Set: 0.7ms
[70.609s][info][gc,phases   ] GC(393)   Post Evacuate Collection Set: 0.4ms
[70.609s][info][gc,phases   ] GC(393)   Other: 0.2ms
[70.609s][info][gc,heap     ] GC(393) Eden regions: 63->0(6)
[70.609s][info][gc,heap     ] GC(393) Survivor regions: 1->2(13)
[70.609s][info][gc,heap     ] GC(393) Old regions: 32->32
[70.609s][info][gc,heap     ] GC(393) Archive regions: 0->0
[70.609s][info][gc,heap     ] GC(393) Humongous regions: 76->8
[70.609s][info][gc,metaspace] GC(393) Metaspace: 36759K(37056K)->36759K(37056K) NonClass: 32757K(32896K)->32757K(32896K) Class: 4002K(4160K)->4002K(4160K)
[70.609s][info][gc          ] GC(393) Pause Young (Prepare Mixed) (GCLocker Initiated GC) 169M->40M(175M) 1.612ms
[70.609s][info][gc,cpu      ] GC(393) User=0.00s Sys=0.00s Real=0.00s
[70.615s][info][gc,start    ] GC(394) Pause Young (Mixed) (GCLocker Initiated GC)
[70.615s][info][gc,task     ] GC(394) Using 6 workers of 6 for evacuation
[70.617s][info][gc,phases   ] GC(394)   Pre Evacuate Collection Set: 0.2ms
[70.617s][info][gc,phases   ] GC(394)   Merge Heap Roots: 0.1ms
[70.617s][info][gc,phases   ] GC(394)   Evacuate Collection Set: 0.9ms
[70.617s][info][gc,phases   ] GC(394)   Post Evacuate Collection Set: 0.3ms
[70.617s][info][gc,phases   ] GC(394)   Other: 0.3ms
[70.617s][info][gc,heap     ] GC(394) Eden regions: 6->0(104)
[70.617s][info][gc,heap     ] GC(394) Survivor regions: 2->1(1)
[70.617s][info][gc,heap     ] GC(394) Old regions: 32->32
[70.617s][info][gc,heap     ] GC(394) Archive regions: 0->0
[70.617s][info][gc,heap     ] GC(394) Humongous regions: 8->4
[70.617s][info][gc,metaspace] GC(394) Metaspace: 36764K(37056K)->36764K(37056K) NonClass: 32761K(32896K)->32761K(32896K) Class: 4002K(4160K)->4002K(4160K)
[70.617s][info][gc          ] GC(394) Pause Young (Mixed) (GCLocker Initiated GC) 45M->35M(175M) 1.816ms
[70.617s][info][gc,cpu      ] GC(394) User=0.00s Sys=0.00s Real=0.00s
[70.692s][info][gc,start    ] GC(395) Pause Young (Concurrent Start) (GCLocker Initiated GC)
[70.692s][info][gc,task     ] GC(395) Using 6 workers of 6 for evacuation
[70.693s][info][gc,phases   ] GC(395)   Pre Evacuate Collection Set: 0.2ms
[70.693s][info][gc,phases   ] GC(395)   Merge Heap Roots: 0.0ms
[70.693s][info][gc,phases   ] GC(395)   Evacuate Collection Set: 0.8ms
[70.693s][info][gc,phases   ] GC(395)   Post Evacuate Collection Set: 0.4ms
[70.693s][info][gc,phases   ] GC(395)   Other: 0.4ms
[70.693s][info][gc,heap     ] GC(395) Eden regions: 3->0(130)
[70.693s][info][gc,heap     ] GC(395) Survivor regions: 1->1(14)
[70.693s][info][gc,heap     ] GC(395) Old regions: 32->32
[70.693s][info][gc,heap     ] GC(395) Archive regions: 0->0
[70.693s][info][gc,heap     ] GC(395) Humongous regions: 4->4
[70.693s][info][gc,metaspace] GC(395) Metaspace: 36777K(37120K)->36777K(37120K) NonClass: 32775K(32960K)->32775K(32960K) Class: 4002K(4160K)->4002K(4160K)
[70.693s][info][gc          ] GC(395) Pause Young (Concurrent Start) (GCLocker Initiated GC) 38M->35M(219M) 1.698ms
[70.693s][info][gc,cpu      ] GC(395) User=0.03s Sys=0.00s Real=0.00s
[70.693s][info][gc          ] GC(396) Concurrent Mark Cycle
[70.693s][info][gc,marking  ] GC(396) Concurrent Clear Claimed Marks
[70.693s][info][gc,marking  ] GC(396) Concurrent Clear Claimed Marks 0.030ms
[70.693s][info][gc,marking  ] GC(396) Concurrent Scan Root Regions
[70.694s][info][gc,marking  ] GC(396) Concurrent Scan Root Regions 0.640ms
[70.694s][info][gc,marking  ] GC(396) Concurrent Mark
[70.694s][info][gc,marking  ] GC(396) Concurrent Mark From Roots
[70.694s][info][gc,task     ] GC(396) Using 2 workers of 2 for marking
[70.705s][info][gc,marking  ] GC(396) Concurrent Mark From Roots 10.384ms
[70.705s][info][gc,marking  ] GC(396) Concurrent Preclean
[70.705s][info][gc,marking  ] GC(396) Concurrent Preclean 0.115ms
[70.705s][info][gc,start    ] GC(396) Pause Remark
[70.708s][info][gc          ] GC(396) Pause Remark 48M->48M(167M) 2.738ms
[70.708s][info][gc,cpu      ] GC(396) User=0.09s Sys=0.00s Real=0.00s
[70.708s][info][gc,marking  ] GC(396) Concurrent Mark 13.830ms
[70.708s][info][gc,marking  ] GC(396) Concurrent Rebuild Remembered Sets
[70.712s][info][gc,marking  ] GC(396) Concurrent Rebuild Remembered Sets 4.533ms
[70.713s][info][gc,start    ] GC(396) Pause Cleanup
[70.713s][info][gc          ] GC(396) Pause Cleanup 49M->49M(167M) 0.130ms
[70.713s][info][gc,cpu      ] GC(396) User=0.00s Sys=0.00s Real=0.00s
[70.713s][info][gc,marking  ] GC(396) Concurrent Cleanup for Next Mark
[70.713s][info][gc,marking  ] GC(396) Concurrent Cleanup for Next Mark 0.120ms
[70.713s][info][gc          ] GC(396) Concurrent Mark Cycle 19.802ms
[71.211s][info][gc,start    ] GC(397) Pause Young (Prepare Mixed) (GCLocker Initiated GC)
[71.211s][info][gc,task     ] GC(397) Using 6 workers of 6 for evacuation
[71.213s][info][gc,phases   ] GC(397)   Pre Evacuate Collection Set: 0.3ms
[71.213s][info][gc,phases   ] GC(397)   Merge Heap Roots: 0.1ms
[71.213s][info][gc,phases   ] GC(397)   Evacuate Collection Set: 0.6ms
[71.213s][info][gc,phases   ] GC(397)   Post Evacuate Collection Set: 0.5ms
[71.213s][info][gc,phases   ] GC(397)   Other: 0.3ms
[71.213s][info][gc,heap     ] GC(397) Eden regions: 57->0(7)
[71.213s][info][gc,heap     ] GC(397) Survivor regions: 1->1(13)
[71.213s][info][gc,heap     ] GC(397) Old regions: 32->32
[71.213s][info][gc,heap     ] GC(397) Archive regions: 0->0
[71.213s][info][gc,heap     ] GC(397) Humongous regions: 68->8
[71.213s][info][gc,metaspace] GC(397) Metaspace: 36822K(37120K)->36822K(37120K) NonClass: 32820K(32960K)->32820K(32960K) Class: 4002K(4160K)->4002K(4160K)
[71.213s][info][gc          ] GC(397) Pause Young (Prepare Mixed) (GCLocker Initiated GC) 156M->39M(167M) 1.855ms
[71.213s][info][gc,cpu      ] GC(397) User=0.00s Sys=0.00s Real=0.00s
[71.241s][info][gc,start    ] GC(398) Pause Young (Mixed) (GCLocker Initiated GC)
[71.241s][info][gc,task     ] GC(398) Using 6 workers of 6 for evacuation
[71.243s][info][gc,phases   ] GC(398)   Pre Evacuate Collection Set: 0.2ms
[71.243s][info][gc,phases   ] GC(398)   Merge Heap Roots: 0.0ms
[71.243s][info][gc,phases   ] GC(398)   Evacuate Collection Set: 0.7ms
[71.243s][info][gc,phases   ] GC(398)   Post Evacuate Collection Set: 0.5ms
[71.243s][info][gc,phases   ] GC(398)   Other: 0.2ms
[71.243s][info][gc,heap     ] GC(398) Eden regions: 8->0(96)
[71.243s][info][gc,heap     ] GC(398) Survivor regions: 1->1(1)
[71.243s][info][gc,heap     ] GC(398) Old regions: 32->33
[71.243s][info][gc,heap     ] GC(398) Archive regions: 0->0
[71.243s][info][gc,heap     ] GC(398) Humongous regions: 16->4
[71.243s][info][gc,metaspace] GC(398) Metaspace: 36822K(37120K)->36822K(37120K) NonClass: 32820K(32960K)->32820K(32960K) Class: 4002K(4160K)->4002K(4160K)
[71.243s][info][gc          ] GC(398) Pause Young (Mixed) (GCLocker Initiated GC) 55M->36M(167M) 1.748ms
[71.243s][info][gc,cpu      ] GC(398) User=0.00s Sys=0.00s Real=0.00s
[71.317s][info][gc,start    ] GC(399) Pause Young (Concurrent Start) (GCLocker Initiated GC)
[71.317s][info][gc,task     ] GC(399) Using 6 workers of 6 for evacuation
[71.319s][info][gc,phases   ] GC(399)   Pre Evacuate Collection Set: 0.2ms
[71.319s][info][gc,phases   ] GC(399)   Merge Heap Roots: 0.1ms
[71.319s][info][gc,phases   ] GC(399)   Evacuate Collection Set: 0.7ms
[71.319s][info][gc,phases   ] GC(399)   Post Evacuate Collection Set: 0.4ms
[71.319s][info][gc,phases   ] GC(399)   Other: 0.2ms
[71.319s][info][gc,heap     ] GC(399) Eden regions: 6->0(99)
[71.319s][info][gc,heap     ] GC(399) Survivor regions: 1->1(13)
[71.319s][info][gc,heap     ] GC(399) Old regions: 33->33
[71.319s][info][gc,heap     ] GC(399) Archive regions: 0->0
[71.319s][info][gc,heap     ] GC(399) Humongous regions: 4->4
[71.319s][info][gc,metaspace] GC(399) Metaspace: 36822K(37120K)->36822K(37120K) NonClass: 32820K(32960K)->32820K(32960K) Class: 4002K(4160K)->4002K(4160K)
[71.319s][info][gc          ] GC(399) Pause Young (Concurrent Start) (GCLocker Initiated GC) 42M->36M(167M) 1.710ms
[71.319s][info][gc,cpu      ] GC(399) User=0.03s Sys=0.00s Real=0.00s
[71.319s][info][gc          ] GC(400) Concurrent Mark Cycle
[71.319s][info][gc,marking  ] GC(400) Concurrent Clear Claimed Marks
[71.319s][info][gc,marking  ] GC(400) Concurrent Clear Claimed Marks 0.017ms
[71.319s][info][gc,marking  ] GC(400) Concurrent Scan Root Regions
[71.320s][info][gc,marking  ] GC(400) Concurrent Scan Root Regions 0.586ms
[71.320s][info][gc,marking  ] GC(400) Concurrent Mark
[71.320s][info][gc,marking  ] GC(400) Concurrent Mark From Roots
[71.320s][info][gc,task     ] GC(400) Using 2 workers of 2 for marking
[71.329s][info][gc,marking  ] GC(400) Concurrent Mark From Roots 9.536ms
[71.329s][info][gc,marking  ] GC(400) Concurrent Preclean
[71.329s][info][gc,marking  ] GC(400) Concurrent Preclean 0.134ms
[71.330s][info][gc,start    ] GC(400) Pause Remark
[71.334s][info][gc          ] GC(400) Pause Remark 50M->50M(167M) 4.522ms
[71.334s][info][gc,cpu      ] GC(400) User=0.02s Sys=0.00s Real=0.00s
[71.335s][info][gc,marking  ] GC(400) Concurrent Mark 14.794ms
[71.335s][info][gc,marking  ] GC(400) Concurrent Rebuild Remembered Sets
[71.339s][info][gc,marking  ] GC(400) Concurrent Rebuild Remembered Sets 4.291ms
[71.339s][info][gc,start    ] GC(400) Pause Cleanup
[71.339s][info][gc          ] GC(400) Pause Cleanup 51M->51M(167M) 0.153ms
[71.339s][info][gc,cpu      ] GC(400) User=0.00s Sys=0.00s Real=0.00s
[71.339s][info][gc,marking  ] GC(400) Concurrent Cleanup for Next Mark
[71.340s][info][gc,marking  ] GC(400) Concurrent Cleanup for Next Mark 0.156ms
[71.340s][info][gc          ] GC(400) Concurrent Mark Cycle 20.593ms
[71.849s][info][gc,start    ] GC(401) Pause Young (Prepare Mixed) (GCLocker Initiated GC)
[71.849s][info][gc,task     ] GC(401) Using 6 workers of 6 for evacuation
[71.850s][info][gc,phases   ] GC(401)   Pre Evacuate Collection Set: 0.2ms
[71.850s][info][gc,phases   ] GC(401)   Merge Heap Roots: 0.1ms
[71.850s][info][gc,phases   ] GC(401)   Evacuate Collection Set: 0.6ms
[71.850s][info][gc,phases   ] GC(401)   Post Evacuate Collection Set: 0.6ms
[71.850s][info][gc,phases   ] GC(401)   Other: 0.2ms
[71.850s][info][gc,heap     ] GC(401) Eden regions: 60->0(7)
[71.850s][info][gc,heap     ] GC(401) Survivor regions: 1->1(13)
[71.850s][info][gc,heap     ] GC(401) Old regions: 33->33
[71.850s][info][gc,heap     ] GC(401) Archive regions: 0->0
[71.850s][info][gc,heap     ] GC(401) Humongous regions: 76->8
[71.850s][info][gc,metaspace] GC(401) Metaspace: 36824K(37120K)->36824K(37120K) NonClass: 32822K(32960K)->32822K(32960K) Class: 4002K(4160K)->4002K(4160K)
[71.850s][info][gc          ] GC(401) Pause Young (Prepare Mixed) (GCLocker Initiated GC) 168M->40M(175M) 1.724ms
[71.851s][info][gc,cpu      ] GC(401) User=0.00s Sys=0.00s Real=0.00s
[71.947s][info][gc,start    ] GC(402) Pause Young (Mixed) (GCLocker Initiated GC)
[71.947s][info][gc,task     ] GC(402) Using 6 workers of 6 for evacuation
[71.948s][info][gc,phases   ] GC(402)   Pre Evacuate Collection Set: 0.2ms
[71.948s][info][gc,phases   ] GC(402)   Merge Heap Roots: 0.1ms
[71.948s][info][gc,phases   ] GC(402)   Evacuate Collection Set: 0.8ms
[71.948s][info][gc,phases   ] GC(402)   Post Evacuate Collection Set: 0.3ms
[71.948s][info][gc,phases   ] GC(402)   Other: 0.2ms
[71.948s][info][gc,heap     ] GC(402) Eden regions: 7->0(104)
[71.948s][info][gc,heap     ] GC(402) Survivor regions: 1->1(1)
[71.948s][info][gc,heap     ] GC(402) Old regions: 33->32
[71.948s][info][gc,heap     ] GC(402) Archive regions: 0->0
[71.948s][info][gc,heap     ] GC(402) Humongous regions: 20->8
[71.948s][info][gc,metaspace] GC(402) Metaspace: 36824K(37120K)->36824K(37120K) NonClass: 32822K(32960K)->32822K(32960K) Class: 4002K(4160K)->4002K(4160K)
[71.948s][info][gc          ] GC(402) Pause Young (Mixed) (GCLocker Initiated GC) 59M->39M(175M) 1.622ms
[71.948s][info][gc,cpu      ] GC(402) User=0.00s Sys=0.00s Real=0.00s
[72.037s][info][gc,start    ] GC(403) Pause Young (Concurrent Start) (GCLocker Initiated GC)
[72.037s][info][gc,task     ] GC(403) Using 6 workers of 6 for evacuation
[72.039s][info][gc,phases   ] GC(403)   Pre Evacuate Collection Set: 0.2ms
[72.039s][info][gc,phases   ] GC(403)   Merge Heap Roots: 0.1ms
[72.039s][info][gc,phases   ] GC(403)   Evacuate Collection Set: 0.8ms
[72.039s][info][gc,phases   ] GC(403)   Post Evacuate Collection Set: 0.5ms
[72.039s][info][gc,phases   ] GC(403)   Other: 0.2ms
[72.039s][info][gc,heap     ] GC(403) Eden regions: 12->0(104)
[72.039s][info][gc,heap     ] GC(403) Survivor regions: 1->1(14)
[72.039s][info][gc,heap     ] GC(403) Old regions: 32->32
[72.039s][info][gc,heap     ] GC(403) Archive regions: 0->0
[72.039s][info][gc,heap     ] GC(403) Humongous regions: 12->8
[72.039s][info][gc,metaspace] GC(403) Metaspace: 36824K(37120K)->36824K(37120K) NonClass: 32822K(32960K)->32822K(32960K) Class: 4002K(4160K)->4002K(4160K)
[72.039s][info][gc          ] GC(403) Pause Young (Concurrent Start) (GCLocker Initiated GC) 54M->39M(175M) 1.862ms
[72.039s][info][gc,cpu      ] GC(403) User=0.00s Sys=0.00s Real=0.00s
[72.039s][info][gc          ] GC(404) Concurrent Mark Cycle
[72.039s][info][gc,marking  ] GC(404) Concurrent Clear Claimed Marks
[72.039s][info][gc,marking  ] GC(404) Concurrent Clear Claimed Marks 0.033ms
[72.039s][info][gc,marking  ] GC(404) Concurrent Scan Root Regions
[72.040s][info][gc,marking  ] GC(404) Concurrent Scan Root Regions 0.519ms
[72.040s][info][gc,marking  ] GC(404) Concurrent Mark
[72.040s][info][gc,marking  ] GC(404) Concurrent Mark From Roots
[72.040s][info][gc,task     ] GC(404) Using 2 workers of 2 for marking
[72.048s][info][gc,marking  ] GC(404) Concurrent Mark From Roots 8.755ms
[72.048s][info][gc,marking  ] GC(404) Concurrent Preclean
[72.048s][info][gc,marking  ] GC(404) Concurrent Preclean 0.094ms
[72.049s][info][gc,start    ] GC(404) Pause Remark
[72.053s][info][gc          ] GC(404) Pause Remark 49M->49M(170M) 4.370ms
[72.053s][info][gc,cpu      ] GC(404) User=0.02s Sys=0.00s Real=0.00s
[72.053s][info][gc,marking  ] GC(404) Concurrent Mark 13.784ms
[72.053s][info][gc,marking  ] GC(404) Concurrent Rebuild Remembered Sets
[72.058s][info][gc,marking  ] GC(404) Concurrent Rebuild Remembered Sets 4.692ms
[72.058s][info][gc,start    ] GC(404) Pause Cleanup
[72.059s][info][gc          ] GC(404) Pause Cleanup 50M->50M(170M) 0.134ms
[72.059s][info][gc,cpu      ] GC(404) User=0.00s Sys=0.00s Real=0.00s
[72.059s][info][gc,marking  ] GC(404) Concurrent Cleanup for Next Mark
[72.059s][info][gc,marking  ] GC(404) Concurrent Cleanup for Next Mark 0.170ms
[72.059s][info][gc          ] GC(404) Concurrent Mark Cycle 20.001ms
[72.564s][info][gc,start    ] GC(405) Pause Young (Prepare Mixed) (GCLocker Initiated GC)
[72.564s][info][gc,task     ] GC(405) Using 6 workers of 6 for evacuation
[72.565s][info][gc,phases   ] GC(405)   Pre Evacuate Collection Set: 0.2ms
[72.565s][info][gc,phases   ] GC(405)   Merge Heap Roots: 0.1ms
[72.565s][info][gc,phases   ] GC(405)   Evacuate Collection Set: 0.7ms
[72.565s][info][gc,phases   ] GC(405)   Post Evacuate Collection Set: 0.6ms
[72.565s][info][gc,phases   ] GC(405)   Other: 0.2ms
[72.565s][info][gc,heap     ] GC(405) Eden regions: 62->0(6)
[72.565s][info][gc,heap     ] GC(405) Survivor regions: 1->2(13)
[72.565s][info][gc,heap     ] GC(405) Old regions: 32->32
[72.565s][info][gc,heap     ] GC(405) Archive regions: 0->0
[72.565s][info][gc,heap     ] GC(405) Humongous regions: 76->8
[72.565s][info][gc,metaspace] GC(405) Metaspace: 36825K(37120K)->36825K(37120K) NonClass: 32823K(32960K)->32823K(32960K) Class: 4002K(4160K)->4002K(4160K)
[72.565s][info][gc          ] GC(405) Pause Young (Prepare Mixed) (GCLocker Initiated GC) 169M->41M(174M) 1.821ms
[72.565s][info][gc,cpu      ] GC(405) User=0.00s Sys=0.00s Real=0.00s
[72.583s][info][gc,start    ] GC(406) Pause Young (Mixed) (GCLocker Initiated GC)
[72.583s][info][gc,task     ] GC(406) Using 6 workers of 6 for evacuation
[72.584s][info][gc,phases   ] GC(406)   Pre Evacuate Collection Set: 0.2ms
[72.584s][info][gc,phases   ] GC(406)   Merge Heap Roots: 0.1ms
[72.584s][info][gc,phases   ] GC(406)   Evacuate Collection Set: 0.9ms
[72.584s][info][gc,phases   ] GC(406)   Post Evacuate Collection Set: 0.4ms
[72.584s][info][gc,phases   ] GC(406)   Other: 0.2ms
[72.584s][info][gc,heap     ] GC(406) Eden regions: 7->0(103)
[72.584s][info][gc,heap     ] GC(406) Survivor regions: 2->1(1)
[72.584s][info][gc,heap     ] GC(406) Old regions: 32->32
[72.584s][info][gc,heap     ] GC(406) Archive regions: 0->0
[72.584s][info][gc,heap     ] GC(406) Humongous regions: 8->4
[72.584s][info][gc,metaspace] GC(406) Metaspace: 36825K(37120K)->36825K(37120K) NonClass: 32823K(32960K)->32823K(32960K) Class: 4002K(4160K)->4002K(4160K)
[72.584s][info][gc          ] GC(406) Pause Young (Mixed) (GCLocker Initiated GC) 47M->35M(174M) 1.833ms
[72.585s][info][gc,cpu      ] GC(406) User=0.06s Sys=0.02s Real=0.00s
[72.762s][info][gc,start    ] GC(407) Pause Young (Concurrent Start) (GCLocker Initiated GC)
[72.762s][info][gc,task     ] GC(407) Using 6 workers of 6 for evacuation
[72.764s][info][gc,phases   ] GC(407)   Pre Evacuate Collection Set: 0.1ms
[72.764s][info][gc,phases   ] GC(407)   Merge Heap Roots: 0.1ms
[72.764s][info][gc,phases   ] GC(407)   Evacuate Collection Set: 0.9ms
[72.764s][info][gc,phases   ] GC(407)   Post Evacuate Collection Set: 0.4ms
[72.764s][info][gc,phases   ] GC(407)   Other: 0.3ms
[72.764s][info][gc,heap     ] GC(407) Eden regions: 16->0(103)
[72.764s][info][gc,heap     ] GC(407) Survivor regions: 1->1(13)
[72.764s][info][gc,heap     ] GC(407) Old regions: 32->32
[72.764s][info][gc,heap     ] GC(407) Archive regions: 0->0
[72.764s][info][gc,heap     ] GC(407) Humongous regions: 20->8
[72.764s][info][gc,metaspace] GC(407) Metaspace: 36825K(37120K)->36825K(37120K) NonClass: 32823K(32960K)->32823K(32960K) Class: 4002K(4160K)->4002K(4160K)
[72.764s][info][gc          ] GC(407) Pause Young (Concurrent Start) (GCLocker Initiated GC) 67M->39M(174M) 1.796ms
[72.764s][info][gc,cpu      ] GC(407) User=0.00s Sys=0.00s Real=0.00s
[72.764s][info][gc          ] GC(408) Concurrent Mark Cycle
[72.764s][info][gc,marking  ] GC(408) Concurrent Clear Claimed Marks
[72.764s][info][gc,marking  ] GC(408) Concurrent Clear Claimed Marks 0.024ms
[72.764s][info][gc,marking  ] GC(408) Concurrent Scan Root Regions
[72.765s][info][gc,marking  ] GC(408) Concurrent Scan Root Regions 0.575ms
[72.765s][info][gc,marking  ] GC(408) Concurrent Mark
[72.765s][info][gc,marking  ] GC(408) Concurrent Mark From Roots
[72.765s][info][gc,task     ] GC(408) Using 2 workers of 2 for marking
[72.774s][info][gc,marking  ] GC(408) Concurrent Mark From Roots 9.681ms
[72.775s][info][gc,marking  ] GC(408) Concurrent Preclean
[72.775s][info][gc,marking  ] GC(408) Concurrent Preclean 0.120ms
[72.775s][info][gc,start    ] GC(408) Pause Remark
[72.777s][info][gc          ] GC(408) Pause Remark 49M->49M(170M) 2.457ms
[72.777s][info][gc,cpu      ] GC(408) User=0.00s Sys=0.00s Real=0.00s
[72.778s][info][gc,marking  ] GC(408) Concurrent Mark 12.802ms
[72.778s][info][gc,marking  ] GC(408) Concurrent Rebuild Remembered Sets
[72.782s][info][gc,marking  ] GC(408) Concurrent Rebuild Remembered Sets 4.290ms
[72.782s][info][gc,start    ] GC(408) Pause Cleanup
[72.782s][info][gc          ] GC(408) Pause Cleanup 50M->50M(170M) 0.149ms
[72.782s][info][gc,cpu      ] GC(408) User=0.00s Sys=0.00s Real=0.00s
[72.782s][info][gc,marking  ] GC(408) Concurrent Cleanup for Next Mark
[72.783s][info][gc,marking  ] GC(408) Concurrent Cleanup for Next Mark 0.114ms
[72.783s][info][gc          ] GC(408) Concurrent Mark Cycle 18.510ms
[73.308s][info][gc,start    ] GC(409) Pause Young (Prepare Mixed) (GCLocker Initiated GC)
[73.308s][info][gc,task     ] GC(409) Using 6 workers of 6 for evacuation
[73.309s][info][gc,phases   ] GC(409)   Pre Evacuate Collection Set: 0.2ms
[73.309s][info][gc,phases   ] GC(409)   Merge Heap Roots: 0.0ms
[73.309s][info][gc,phases   ] GC(409)   Evacuate Collection Set: 0.5ms
[73.309s][info][gc,phases   ] GC(409)   Post Evacuate Collection Set: 0.3ms
[73.309s][info][gc,phases   ] GC(409)   Other: 0.3ms
[73.309s][info][gc,heap     ] GC(409) Eden regions: 62->0(6)
[73.309s][info][gc,heap     ] GC(409) Survivor regions: 1->2(13)
[73.309s][info][gc,heap     ] GC(409) Old regions: 32->32
[73.309s][info][gc,heap     ] GC(409) Archive regions: 0->0
[73.309s][info][gc,heap     ] GC(409) Humongous regions: 76->4
[73.309s][info][gc,metaspace] GC(409) Metaspace: 36826K(37120K)->36826K(37120K) NonClass: 32823K(32960K)->32823K(32960K) Class: 4002K(4160K)->4002K(4160K)
[73.309s][info][gc          ] GC(409) Pause Young (Prepare Mixed) (GCLocker Initiated GC) 169M->36M(174M) 1.409ms
[73.309s][info][gc,cpu      ] GC(409) User=0.00s Sys=0.00s Real=0.00s
[73.338s][info][gc,start    ] GC(410) Pause Young (Mixed) (GCLocker Initiated GC)
[73.338s][info][gc,task     ] GC(410) Using 6 workers of 6 for evacuation
[73.339s][info][gc,phases   ] GC(410)   Pre Evacuate Collection Set: 0.2ms
[73.339s][info][gc,phases   ] GC(410)   Merge Heap Roots: 0.1ms
[73.339s][info][gc,phases   ] GC(410)   Evacuate Collection Set: 0.8ms
[73.339s][info][gc,phases   ] GC(410)   Post Evacuate Collection Set: 0.2ms
[73.339s][info][gc,phases   ] GC(410)   Other: 0.3ms
[73.339s][info][gc,heap     ] GC(410) Eden regions: 6->0(103)
[73.339s][info][gc,heap     ] GC(410) Survivor regions: 2->1(1)
[73.339s][info][gc,heap     ] GC(410) Old regions: 32->32
[73.339s][info][gc,heap     ] GC(410) Archive regions: 0->0
[73.339s][info][gc,heap     ] GC(410) Humongous regions: 4->4
[73.339s][info][gc,metaspace] GC(410) Metaspace: 36826K(37120K)->36826K(37120K) NonClass: 32823K(32960K)->32823K(32960K) Class: 4002K(4160K)->4002K(4160K)
[73.339s][info][gc          ] GC(410) Pause Young (Mixed) (GCLocker Initiated GC) 42M->36M(174M) 1.607ms
[73.339s][info][gc,cpu      ] GC(410) User=0.00s Sys=0.00s Real=0.00s
[73.487s][info][gc,start    ] GC(411) Pause Young (Concurrent Start) (GCLocker Initiated GC)
[73.487s][info][gc,task     ] GC(411) Using 6 workers of 6 for evacuation
[73.489s][info][gc,phases   ] GC(411)   Pre Evacuate Collection Set: 0.2ms
[73.489s][info][gc,phases   ] GC(411)   Merge Heap Roots: 0.1ms
[73.489s][info][gc,phases   ] GC(411)   Evacuate Collection Set: 0.7ms
[73.489s][info][gc,phases   ] GC(411)   Post Evacuate Collection Set: 0.4ms
[73.489s][info][gc,phases   ] GC(411)   Other: 0.2ms
[73.489s][info][gc,heap     ] GC(411) Eden regions: 11->0(102)
[73.489s][info][gc,heap     ] GC(411) Survivor regions: 1->1(13)
[73.489s][info][gc,heap     ] GC(411) Old regions: 32->32
[73.489s][info][gc,heap     ] GC(411) Archive regions: 0->0
[73.489s][info][gc,heap     ] GC(411) Humongous regions: 24->8
[73.489s][info][gc,metaspace] GC(411) Metaspace: 36830K(37184K)->36830K(37184K) NonClass: 32827K(33024K)->32827K(33024K) Class: 4002K(4160K)->4002K(4160K)
[73.489s][info][gc          ] GC(411) Pause Young (Concurrent Start) (GCLocker Initiated GC) 66M->39M(174M) 1.706ms
[73.489s][info][gc,cpu      ] GC(411) User=0.00s Sys=0.02s Real=0.00s
[73.489s][info][gc          ] GC(412) Concurrent Mark Cycle
[73.489s][info][gc,marking  ] GC(412) Concurrent Clear Claimed Marks
[73.489s][info][gc,marking  ] GC(412) Concurrent Clear Claimed Marks 0.026ms
[73.489s][info][gc,marking  ] GC(412) Concurrent Scan Root Regions
[73.490s][info][gc,marking  ] GC(412) Concurrent Scan Root Regions 0.568ms
[73.490s][info][gc,marking  ] GC(412) Concurrent Mark
[73.490s][info][gc,marking  ] GC(412) Concurrent Mark From Roots
[73.490s][info][gc,task     ] GC(412) Using 2 workers of 2 for marking
[73.499s][info][gc,marking  ] GC(412) Concurrent Mark From Roots 9.439ms
[73.499s][info][gc,marking  ] GC(412) Concurrent Preclean
[73.499s][info][gc,marking  ] GC(412) Concurrent Preclean 0.106ms
[73.500s][info][gc,start    ] GC(412) Pause Remark
[73.502s][info][gc          ] GC(412) Pause Remark 45M->45M(157M) 1.986ms
[73.502s][info][gc,cpu      ] GC(412) User=0.00s Sys=0.00s Real=0.00s
[73.502s][info][gc,marking  ] GC(412) Concurrent Mark 12.018ms
[73.502s][info][gc,marking  ] GC(412) Concurrent Rebuild Remembered Sets
[73.507s][info][gc,marking  ] GC(412) Concurrent Rebuild Remembered Sets 4.786ms
[73.507s][info][gc,start    ] GC(412) Pause Cleanup
[73.507s][info][gc          ] GC(412) Pause Cleanup 45M->45M(157M) 0.084ms
[73.507s][info][gc,cpu      ] GC(412) User=0.00s Sys=0.00s Real=0.00s
[73.507s][info][gc,marking  ] GC(412) Concurrent Cleanup for Next Mark
[73.507s][info][gc,marking  ] GC(412) Concurrent Cleanup for Next Mark 0.093ms
[73.507s][info][gc          ] GC(412) Concurrent Mark Cycle 18.147ms
[74.036s][info][gc,start    ] GC(413) Pause Young (Prepare Mixed) (GCLocker Initiated GC)
[74.036s][info][gc,task     ] GC(413) Using 6 workers of 6 for evacuation
[74.037s][info][gc,phases   ] GC(413)   Pre Evacuate Collection Set: 0.2ms
[74.037s][info][gc,phases   ] GC(413)   Merge Heap Roots: 0.1ms
[74.037s][info][gc,phases   ] GC(413)   Evacuate Collection Set: 0.6ms
[74.037s][info][gc,phases   ] GC(413)   Post Evacuate Collection Set: 0.4ms
[74.037s][info][gc,phases   ] GC(413)   Other: 0.6ms
[74.037s][info][gc,heap     ] GC(413) Eden regions: 60->0(6)
[74.037s][info][gc,heap     ] GC(413) Survivor regions: 1->2(12)
[74.037s][info][gc,heap     ] GC(413) Old regions: 32->32
[74.037s][info][gc,heap     ] GC(413) Archive regions: 0->0
[74.037s][info][gc,heap     ] GC(413) Humongous regions: 72->4
[74.037s][info][gc,metaspace] GC(413) Metaspace: 36830K(37184K)->36830K(37184K) NonClass: 32827K(33024K)->32827K(33024K) Class: 4002K(4160K)->4002K(4160K)
[74.037s][info][gc          ] GC(413) Pause Young (Prepare Mixed) (GCLocker Initiated GC) 163M->36M(169M) 1.677ms
[74.037s][info][gc,cpu      ] GC(413) User=0.02s Sys=0.00s Real=0.00s
[74.132s][info][gc,start    ] GC(414) Pause Young (Mixed) (GCLocker Initiated GC)
[74.132s][info][gc,task     ] GC(414) Using 6 workers of 6 for evacuation
[74.134s][info][gc,phases   ] GC(414)   Pre Evacuate Collection Set: 0.2ms
[74.134s][info][gc,phases   ] GC(414)   Merge Heap Roots: 0.1ms
[74.134s][info][gc,phases   ] GC(414)   Evacuate Collection Set: 0.7ms
[74.134s][info][gc,phases   ] GC(414)   Post Evacuate Collection Set: 0.3ms
[74.134s][info][gc,phases   ] GC(414)   Other: 0.3ms
[74.134s][info][gc,heap     ] GC(414) Eden regions: 7->0(100)
[74.134s][info][gc,heap     ] GC(414) Survivor regions: 2->1(1)
[74.134s][info][gc,heap     ] GC(414) Old regions: 32->32
[74.134s][info][gc,heap     ] GC(414) Archive regions: 0->0
[74.134s][info][gc,heap     ] GC(414) Humongous regions: 16->8
[74.134s][info][gc,metaspace] GC(414) Metaspace: 36830K(37184K)->36830K(37184K) NonClass: 32827K(33024K)->32827K(33024K) Class: 4002K(4160K)->4002K(4160K)
[74.134s][info][gc          ] GC(414) Pause Young (Mixed) (GCLocker Initiated GC) 54M->39M(169M) 1.534ms
[74.134s][info][gc,cpu      ] GC(414) User=0.00s Sys=0.00s Real=0.00s
[74.328s][info][gc,start    ] GC(415) Pause Young (Concurrent Start) (GCLocker Initiated GC)
[74.328s][info][gc,task     ] GC(415) Using 6 workers of 6 for evacuation
[74.329s][info][gc,phases   ] GC(415)   Pre Evacuate Collection Set: 0.1ms
[74.329s][info][gc,phases   ] GC(415)   Merge Heap Roots: 0.0ms
[74.329s][info][gc,phases   ] GC(415)   Evacuate Collection Set: 0.7ms
[74.329s][info][gc,phases   ] GC(415)   Post Evacuate Collection Set: 0.3ms
[74.329s][info][gc,phases   ] GC(415)   Other: 0.2ms
[74.329s][info][gc,heap     ] GC(415) Eden regions: 20->0(100)
[74.329s][info][gc,heap     ] GC(415) Survivor regions: 1->1(13)
[74.329s][info][gc,heap     ] GC(415) Old regions: 32->32
[74.329s][info][gc,heap     ] GC(415) Archive regions: 0->0
[74.329s][info][gc,heap     ] GC(415) Humongous regions: 24->8
[74.329s][info][gc,metaspace] GC(415) Metaspace: 36830K(37184K)->36830K(37184K) NonClass: 32827K(33024K)->32827K(33024K) Class: 4002K(4160K)->4002K(4160K)
[74.329s][info][gc          ] GC(415) Pause Young (Concurrent Start) (GCLocker Initiated GC) 74M->39M(169M) 1.435ms
[74.329s][info][gc,cpu      ] GC(415) User=0.00s Sys=0.00s Real=0.00s
[74.329s][info][gc          ] GC(416) Concurrent Mark Cycle
[74.329s][info][gc,marking  ] GC(416) Concurrent Clear Claimed Marks
[74.329s][info][gc,marking  ] GC(416) Concurrent Clear Claimed Marks 0.019ms
[74.329s][info][gc,marking  ] GC(416) Concurrent Scan Root Regions
[74.330s][info][gc,marking  ] GC(416) Concurrent Scan Root Regions 0.532ms
[74.330s][info][gc,marking  ] GC(416) Concurrent Mark
[74.330s][info][gc,marking  ] GC(416) Concurrent Mark From Roots
[74.330s][info][gc,task     ] GC(416) Using 2 workers of 2 for marking
[74.341s][info][gc,marking  ] GC(416) Concurrent Mark From Roots 11.498ms
[74.341s][info][gc,marking  ] GC(416) Concurrent Preclean
[74.342s][info][gc,marking  ] GC(416) Concurrent Preclean 0.263ms
[74.342s][info][gc,start    ] GC(416) Pause Remark
[74.345s][info][gc          ] GC(416) Pause Remark 49M->49M(169M) 2.727ms
[74.345s][info][gc,cpu      ] GC(416) User=0.00s Sys=0.00s Real=0.00s
[74.345s][info][gc,marking  ] GC(416) Concurrent Mark 15.121ms
[74.345s][info][gc,marking  ] GC(416) Concurrent Rebuild Remembered Sets
[74.349s][info][gc,marking  ] GC(416) Concurrent Rebuild Remembered Sets 4.388ms
[74.350s][info][gc,start    ] GC(416) Pause Cleanup
[74.350s][info][gc          ] GC(416) Pause Cleanup 49M->49M(169M) 0.098ms
[74.350s][info][gc,cpu      ] GC(416) User=0.00s Sys=0.00s Real=0.00s
[74.350s][info][gc,marking  ] GC(416) Concurrent Cleanup for Next Mark
[74.350s][info][gc,marking  ] GC(416) Concurrent Cleanup for Next Mark 0.154ms
[74.350s][info][gc          ] GC(416) Concurrent Mark Cycle 20.785ms
[74.869s][info][gc,start    ] GC(417) Pause Young (Prepare Mixed) (GCLocker Initiated GC)
[74.869s][info][gc,task     ] GC(417) Using 6 workers of 6 for evacuation
[74.870s][info][gc,phases   ] GC(417)   Pre Evacuate Collection Set: 0.2ms
[74.870s][info][gc,phases   ] GC(417)   Merge Heap Roots: 0.0ms
[74.870s][info][gc,phases   ] GC(417)   Evacuate Collection Set: 0.8ms
[74.870s][info][gc,phases   ] GC(417)   Post Evacuate Collection Set: 0.4ms
[74.870s][info][gc,phases   ] GC(417)   Other: 0.4ms
[74.870s][info][gc,heap     ] GC(417) Eden regions: 61->0(6)
[74.870s][info][gc,heap     ] GC(417) Survivor regions: 1->2(13)
[74.870s][info][gc,heap     ] GC(417) Old regions: 32->32
[74.870s][info][gc,heap     ] GC(417) Archive regions: 0->0
[74.870s][info][gc,heap     ] GC(417) Humongous regions: 76->4
[74.870s][info][gc,metaspace] GC(417) Metaspace: 36830K(37184K)->36830K(37184K) NonClass: 32827K(33024K)->32827K(33024K) Class: 4002K(4160K)->4002K(4160K)
[74.870s][info][gc          ] GC(417) Pause Young (Prepare Mixed) (GCLocker Initiated GC) 168M->36M(173M) 1.718ms
[74.870s][info][gc,cpu      ] GC(417) User=0.00s Sys=0.00s Real=0.00s
[74.886s][info][gc,start    ] GC(418) Pause Young (Mixed) (GCLocker Initiated GC)
[74.886s][info][gc,task     ] GC(418) Using 6 workers of 6 for evacuation
[74.888s][info][gc,phases   ] GC(418)   Pre Evacuate Collection Set: 0.1ms
[74.888s][info][gc,phases   ] GC(418)   Merge Heap Roots: 0.0ms
[74.888s][info][gc,phases   ] GC(418)   Evacuate Collection Set: 0.8ms
[74.888s][info][gc,phases   ] GC(418)   Post Evacuate Collection Set: 0.3ms
[74.888s][info][gc,phases   ] GC(418)   Other: 0.3ms
[74.888s][info][gc,heap     ] GC(418) Eden regions: 7->0(102)
[74.888s][info][gc,heap     ] GC(418) Survivor regions: 2->1(1)
[74.888s][info][gc,heap     ] GC(418) Old regions: 32->32
[74.888s][info][gc,heap     ] GC(418) Archive regions: 0->0
[74.888s][info][gc,heap     ] GC(418) Humongous regions: 4->4
[74.888s][info][gc,metaspace] GC(418) Metaspace: 36830K(37184K)->36830K(37184K) NonClass: 32827K(33024K)->32827K(33024K) Class: 4002K(4160K)->4002K(4160K)
[74.888s][info][gc          ] GC(418) Pause Young (Mixed) (GCLocker Initiated GC) 43M->36M(173M) 1.586ms
[74.888s][info][gc,cpu      ] GC(418) User=0.00s Sys=0.00s Real=0.00s
[75.149s][info][gc,start    ] GC(419) Pause Young (Concurrent Start) (GCLocker Initiated GC)
[75.149s][info][gc,task     ] GC(419) Using 6 workers of 6 for evacuation
[75.151s][info][gc,phases   ] GC(419)   Pre Evacuate Collection Set: 0.2ms
[75.151s][info][gc,phases   ] GC(419)   Merge Heap Roots: 0.1ms
[75.151s][info][gc,phases   ] GC(419)   Evacuate Collection Set: 0.8ms
[75.151s][info][gc,phases   ] GC(419)   Post Evacuate Collection Set: 0.6ms
[75.151s][info][gc,phases   ] GC(419)   Other: 0.2ms
[75.151s][info][gc,heap     ] GC(419) Eden regions: 24->0(102)
[75.151s][info][gc,heap     ] GC(419) Survivor regions: 1->1(13)
[75.151s][info][gc,heap     ] GC(419) Old regions: 32->32
[75.151s][info][gc,heap     ] GC(419) Archive regions: 0->0
[75.151s][info][gc,heap     ] GC(419) Humongous regions: 36->8
[75.151s][info][gc,metaspace] GC(419) Metaspace: 36831K(37184K)->36831K(37184K) NonClass: 32828K(33024K)->32828K(33024K) Class: 4002K(4160K)->4002K(4160K)
[75.151s][info][gc          ] GC(419) Pause Young (Concurrent Start) (GCLocker Initiated GC) 92M->39M(173M) 1.977ms
[75.151s][info][gc,cpu      ] GC(419) User=0.00s Sys=0.00s Real=0.00s
[75.151s][info][gc          ] GC(420) Concurrent Mark Cycle
[75.151s][info][gc,marking  ] GC(420) Concurrent Clear Claimed Marks
[75.151s][info][gc,marking  ] GC(420) Concurrent Clear Claimed Marks 0.019ms
[75.151s][info][gc,marking  ] GC(420) Concurrent Scan Root Regions
[75.152s][info][gc,marking  ] GC(420) Concurrent Scan Root Regions 0.618ms
[75.152s][info][gc,marking  ] GC(420) Concurrent Mark
[75.152s][info][gc,marking  ] GC(420) Concurrent Mark From Roots
[75.152s][info][gc,task     ] GC(420) Using 2 workers of 2 for marking
[75.161s][info][gc,marking  ] GC(420) Concurrent Mark From Roots 9.213ms
[75.161s][info][gc,marking  ] GC(420) Concurrent Preclean
[75.161s][info][gc,marking  ] GC(420) Concurrent Preclean 0.108ms
[75.161s][info][gc,start    ] GC(420) Pause Remark
[75.166s][info][gc          ] GC(420) Pause Remark 45M->45M(157M) 4.504ms
[75.166s][info][gc,cpu      ] GC(420) User=0.00s Sys=0.00s Real=0.01s
[75.166s][info][gc,marking  ] GC(420) Concurrent Mark 14.349ms
[75.166s][info][gc,marking  ] GC(420) Concurrent Rebuild Remembered Sets
[75.170s][info][gc,marking  ] GC(420) Concurrent Rebuild Remembered Sets 4.119ms
[75.171s][info][gc,start    ] GC(420) Pause Cleanup
[75.171s][info][gc          ] GC(420) Pause Cleanup 46M->46M(157M) 0.100ms
[75.171s][info][gc,cpu      ] GC(420) User=0.00s Sys=0.00s Real=0.00s
[75.171s][info][gc,marking  ] GC(420) Concurrent Cleanup for Next Mark
[75.171s][info][gc,marking  ] GC(420) Concurrent Cleanup for Next Mark 0.138ms
[75.171s][info][gc          ] GC(420) Concurrent Mark Cycle 19.975ms
[75.662s][info][gc,start    ] GC(421) Pause Young (Prepare Mixed) (GCLocker Initiated GC)
[75.662s][info][gc,task     ] GC(421) Using 6 workers of 6 for evacuation
[75.663s][info][gc,phases   ] GC(421)   Pre Evacuate Collection Set: 0.2ms
[75.663s][info][gc,phases   ] GC(421)   Merge Heap Roots: 0.1ms
[75.663s][info][gc,phases   ] GC(421)   Evacuate Collection Set: 0.6ms
[75.663s][info][gc,phases   ] GC(421)   Post Evacuate Collection Set: 0.5ms
[75.663s][info][gc,phases   ] GC(421)   Other: 0.3ms
[75.663s][info][gc,heap     ] GC(421) Eden regions: 58->0(6)
[75.663s][info][gc,heap     ] GC(421) Survivor regions: 1->1(12)
[75.663s][info][gc,heap     ] GC(421) Old regions: 32->32
[75.663s][info][gc,heap     ] GC(421) Archive regions: 0->0
[75.663s][info][gc,heap     ] GC(421) Humongous regions: 60->4
[75.663s][info][gc,metaspace] GC(421) Metaspace: 36831K(37184K)->36831K(37184K) NonClass: 32829K(33024K)->32829K(33024K) Class: 4002K(4160K)->4002K(4160K)
[75.663s][info][gc          ] GC(421) Pause Young (Prepare Mixed) (GCLocker Initiated GC) 149M->36M(157M) 1.723ms
[75.663s][info][gc,cpu      ] GC(421) User=0.00s Sys=0.00s Real=0.00s
[75.678s][info][gc,start    ] GC(422) Pause Young (Mixed) (GCLocker Initiated GC)
[75.678s][info][gc,task     ] GC(422) Using 6 workers of 6 for evacuation
[75.679s][info][gc,phases   ] GC(422)   Pre Evacuate Collection Set: 0.2ms
[75.679s][info][gc,phases   ] GC(422)   Merge Heap Roots: 0.1ms
[75.679s][info][gc,phases   ] GC(422)   Evacuate Collection Set: 0.6ms
[75.679s][info][gc,phases   ] GC(422)   Post Evacuate Collection Set: 0.4ms
[75.679s][info][gc,phases   ] GC(422)   Other: 0.2ms
[75.679s][info][gc,heap     ] GC(422) Eden regions: 7->0(93)
[75.679s][info][gc,heap     ] GC(422) Survivor regions: 1->1(1)
[75.679s][info][gc,heap     ] GC(422) Old regions: 32->32
[75.679s][info][gc,heap     ] GC(422) Archive regions: 0->0
[75.679s][info][gc,heap     ] GC(422) Humongous regions: 16->8
[75.679s][info][gc,metaspace] GC(422) Metaspace: 36831K(37184K)->36831K(37184K) NonClass: 32829K(33024K)->32829K(33024K) Class: 4002K(4160K)->4002K(4160K)
[75.679s][info][gc          ] GC(422) Pause Young (Mixed) (GCLocker Initiated GC) 54M->39M(157M) 1.594ms
[75.680s][info][gc,cpu      ] GC(422) User=0.00s Sys=0.00s Real=0.00s
[75.871s][info][gc,start    ] GC(423) Pause Young (Concurrent Start) (GCLocker Initiated GC)
[75.871s][info][gc,task     ] GC(423) Using 6 workers of 6 for evacuation
[75.872s][info][gc,phases   ] GC(423)   Pre Evacuate Collection Set: 0.2ms
[75.872s][info][gc,phases   ] GC(423)   Merge Heap Roots: 0.1ms
[75.872s][info][gc,phases   ] GC(423)   Evacuate Collection Set: 0.8ms
[75.872s][info][gc,phases   ] GC(423)   Post Evacuate Collection Set: 0.4ms
[75.872s][info][gc,phases   ] GC(423)   Other: 0.2ms
[75.872s][info][gc,heap     ] GC(423) Eden regions: 16->0(93)
[75.872s][info][gc,heap     ] GC(423) Survivor regions: 1->1(12)
[75.872s][info][gc,heap     ] GC(423) Old regions: 32->32
[75.872s][info][gc,heap     ] GC(423) Archive regions: 0->0
[75.872s][info][gc,heap     ] GC(423) Humongous regions: 28->8
[75.872s][info][gc,metaspace] GC(423) Metaspace: 36831K(37184K)->36831K(37184K) NonClass: 32829K(33024K)->32829K(33024K) Class: 4002K(4160K)->4002K(4160K)
[75.873s][info][gc          ] GC(423) Pause Young (Concurrent Start) (GCLocker Initiated GC) 75M->39M(157M) 1.771ms
[75.873s][info][gc,cpu      ] GC(423) User=0.00s Sys=0.00s Real=0.00s
[75.873s][info][gc          ] GC(424) Concurrent Mark Cycle
[75.873s][info][gc,marking  ] GC(424) Concurrent Clear Claimed Marks
[75.873s][info][gc,marking  ] GC(424) Concurrent Clear Claimed Marks 0.028ms
[75.873s][info][gc,marking  ] GC(424) Concurrent Scan Root Regions
[75.874s][info][gc,marking  ] GC(424) Concurrent Scan Root Regions 0.771ms
[75.874s][info][gc,marking  ] GC(424) Concurrent Mark
[75.874s][info][gc,marking  ] GC(424) Concurrent Mark From Roots
[75.874s][info][gc,task     ] GC(424) Using 2 workers of 2 for marking
[75.883s][info][gc,marking  ] GC(424) Concurrent Mark From Roots 9.118ms
[75.883s][info][gc,marking  ] GC(424) Concurrent Preclean
[75.883s][info][gc,marking  ] GC(424) Concurrent Preclean 0.131ms
[75.883s][info][gc,start    ] GC(424) Pause Remark
[75.887s][info][gc          ] GC(424) Pause Remark 45M->45M(157M) 4.010ms
[75.887s][info][gc,cpu      ] GC(424) User=0.00s Sys=0.00s Real=0.00s
[75.887s][info][gc,marking  ] GC(424) Concurrent Mark 13.912ms
[75.887s][info][gc,marking  ] GC(424) Concurrent Rebuild Remembered Sets
[75.892s][info][gc,marking  ] GC(424) Concurrent Rebuild Remembered Sets 4.575ms
[75.892s][info][gc,start    ] GC(424) Pause Cleanup
[75.893s][info][gc          ] GC(424) Pause Cleanup 46M->46M(157M) 0.151ms
[75.893s][info][gc,cpu      ] GC(424) User=0.00s Sys=0.00s Real=0.00s
[75.893s][info][gc,marking  ] GC(424) Concurrent Cleanup for Next Mark
[75.893s][info][gc,marking  ] GC(424) Concurrent Cleanup for Next Mark 0.114ms
[75.893s][info][gc          ] GC(424) Concurrent Mark Cycle 20.148ms
[76.412s][info][gc,start    ] GC(425) Pause Young (Prepare Mixed) (GCLocker Initiated GC)
[76.412s][info][gc,task     ] GC(425) Using 6 workers of 6 for evacuation
[76.414s][info][gc,phases   ] GC(425)   Pre Evacuate Collection Set: 0.2ms
[76.414s][info][gc,phases   ] GC(425)   Merge Heap Roots: 0.1ms
[76.414s][info][gc,phases   ] GC(425)   Evacuate Collection Set: 0.6ms
[76.414s][info][gc,phases   ] GC(425)   Post Evacuate Collection Set: 0.5ms
[76.414s][info][gc,phases   ] GC(425)   Other: 0.2ms
[76.414s][info][gc,heap     ] GC(425) Eden regions: 61->0(6)
[76.414s][info][gc,heap     ] GC(425) Survivor regions: 1->2(12)
[76.414s][info][gc,heap     ] GC(425) Old regions: 32->32
[76.414s][info][gc,heap     ] GC(425) Archive regions: 0->0
[76.414s][info][gc,heap     ] GC(425) Humongous regions: 72->4
[76.414s][info][gc,metaspace] GC(425) Metaspace: 36832K(37184K)->36832K(37184K) NonClass: 32829K(33024K)->32829K(33024K) Class: 4002K(4160K)->4002K(4160K)
[76.414s][info][gc          ] GC(425) Pause Young (Prepare Mixed) (GCLocker Initiated GC) 164M->36M(169M) 1.549ms
[76.414s][info][gc,cpu      ] GC(425) User=0.00s Sys=0.00s Real=0.00s
[76.466s][info][gc,start    ] GC(426) Pause Young (Mixed) (GCLocker Initiated GC)
[76.466s][info][gc,task     ] GC(426) Using 6 workers of 6 for evacuation
[76.467s][info][gc,phases   ] GC(426)   Pre Evacuate Collection Set: 0.2ms
[76.467s][info][gc,phases   ] GC(426)   Merge Heap Roots: 0.1ms
[76.467s][info][gc,phases   ] GC(426)   Evacuate Collection Set: 0.6ms
[76.467s][info][gc,phases   ] GC(426)   Post Evacuate Collection Set: 0.4ms
[76.467s][info][gc,phases   ] GC(426)   Other: 0.2ms
[76.467s][info][gc,heap     ] GC(426) Eden regions: 6->0(100)
[76.467s][info][gc,heap     ] GC(426) Survivor regions: 2->1(1)
[76.467s][info][gc,heap     ] GC(426) Old regions: 32->32
[76.467s][info][gc,heap     ] GC(426) Archive regions: 0->0
[76.467s][info][gc,heap     ] GC(426) Humongous regions: 4->4
[76.467s][info][gc,metaspace] GC(426) Metaspace: 36832K(37184K)->36832K(37184K) NonClass: 32829K(33024K)->32829K(33024K) Class: 4002K(4160K)->4002K(4160K)
[76.467s][info][gc          ] GC(426) Pause Young (Mixed) (GCLocker Initiated GC) 42M->36M(169M) 1.446ms
[76.467s][info][gc,cpu      ] GC(426) User=0.00s Sys=0.00s Real=0.00s
[76.793s][info][gc,start    ] GC(427) Pause Young (Concurrent Start) (G1 Humongous Allocation)
[76.793s][info][gc,task     ] GC(427) Using 6 workers of 6 for evacuation
[76.794s][info][gc,phases   ] GC(427)   Pre Evacuate Collection Set: 0.1ms
[76.794s][info][gc,phases   ] GC(427)   Merge Heap Roots: 0.1ms
[76.794s][info][gc,phases   ] GC(427)   Evacuate Collection Set: 0.8ms
[76.794s][info][gc,phases   ] GC(427)   Post Evacuate Collection Set: 0.6ms
[76.794s][info][gc,phases   ] GC(427)   Other: 0.3ms
[76.794s][info][gc,heap     ] GC(427) Eden regions: 33->0(100)
[76.794s][info][gc,heap     ] GC(427) Survivor regions: 1->1(13)
[76.794s][info][gc,heap     ] GC(427) Old regions: 32->32
[76.794s][info][gc,heap     ] GC(427) Archive regions: 0->0
[76.794s][info][gc,heap     ] GC(427) Humongous regions: 44->8
[76.794s][info][gc,metaspace] GC(427) Metaspace: 36832K(37184K)->36832K(37184K) NonClass: 32829K(33024K)->32829K(33024K) Class: 4002K(4160K)->4002K(4160K)
[76.795s][info][gc          ] GC(427) Pause Young (Concurrent Start) (G1 Humongous Allocation) 109M->40M(169M) 1.899ms
[76.795s][info][gc,cpu      ] GC(427) User=0.00s Sys=0.00s Real=0.00s
[76.795s][info][gc          ] GC(428) Concurrent Undo Cycle
[76.795s][info][gc,marking  ] GC(428) Concurrent Cleanup for Next Mark
[76.795s][info][gc,marking  ] GC(428) Concurrent Cleanup for Next Mark 0.170ms
[76.795s][info][gc          ] GC(428) Concurrent Undo Cycle 0.224ms
[76.796s][info][gc,start    ] GC(429) Pause Young (Concurrent Start) (GCLocker Initiated GC)
[76.796s][info][gc,task     ] GC(429) Using 6 workers of 6 for evacuation
[76.797s][info][gc,phases   ] GC(429)   Pre Evacuate Collection Set: 0.2ms
[76.798s][info][gc,phases   ] GC(429)   Merge Heap Roots: 0.1ms
[76.798s][info][gc,phases   ] GC(429)   Evacuate Collection Set: 0.7ms
[76.798s][info][gc,phases   ] GC(429)   Post Evacuate Collection Set: 0.4ms
[76.798s][info][gc,phases   ] GC(429)   Other: 0.2ms
[76.798s][info][gc,heap     ] GC(429) Eden regions: 1->0(100)
[76.798s][info][gc,heap     ] GC(429) Survivor regions: 1->1(13)
[76.798s][info][gc,heap     ] GC(429) Old regions: 32->32
[76.798s][info][gc,heap     ] GC(429) Archive regions: 0->0
[76.798s][info][gc,heap     ] GC(429) Humongous regions: 12->8
[76.798s][info][gc,metaspace] GC(429) Metaspace: 36832K(37184K)->36832K(37184K) NonClass: 32829K(33024K)->32829K(33024K) Class: 4002K(4160K)->4002K(4160K)
[76.798s][info][gc          ] GC(429) Pause Young (Concurrent Start) (GCLocker Initiated GC) 44M->40M(169M) 1.557ms
[76.798s][info][gc,cpu      ] GC(429) User=0.00s Sys=0.00s Real=0.00s
[76.798s][info][gc          ] GC(430) Concurrent Mark Cycle
[76.798s][info][gc,marking  ] GC(430) Concurrent Clear Claimed Marks
[76.798s][info][gc,marking  ] GC(430) Concurrent Clear Claimed Marks 0.014ms
[76.798s][info][gc,marking  ] GC(430) Concurrent Scan Root Regions
[76.798s][info][gc,marking  ] GC(430) Concurrent Scan Root Regions 0.489ms
[76.798s][info][gc,marking  ] GC(430) Concurrent Mark
[76.798s][info][gc,marking  ] GC(430) Concurrent Mark From Roots
[76.798s][info][gc,task     ] GC(430) Using 2 workers of 2 for marking
[76.808s][info][gc,marking  ] GC(430) Concurrent Mark From Roots 9.406ms
[76.808s][info][gc,marking  ] GC(430) Concurrent Preclean
[76.808s][info][gc,marking  ] GC(430) Concurrent Preclean 0.124ms
[76.808s][info][gc,start    ] GC(430) Pause Remark
[76.813s][info][gc          ] GC(430) Pause Remark 46M->46M(157M) 4.414ms
[76.813s][info][gc,cpu      ] GC(430) User=0.00s Sys=0.00s Real=0.00s
[76.813s][info][gc,marking  ] GC(430) Concurrent Mark 14.547ms
[76.813s][info][gc,marking  ] GC(430) Concurrent Rebuild Remembered Sets
[76.817s][info][gc,marking  ] GC(430) Concurrent Rebuild Remembered Sets 4.236ms
[76.817s][info][gc,start    ] GC(430) Pause Cleanup
[76.818s][info][gc          ] GC(430) Pause Cleanup 46M->46M(157M) 0.144ms
[76.818s][info][gc,cpu      ] GC(430) User=0.00s Sys=0.00s Real=0.00s
[76.818s][info][gc,marking  ] GC(430) Concurrent Cleanup for Next Mark
[76.818s][info][gc,marking  ] GC(430) Concurrent Cleanup for Next Mark 0.153ms
[76.818s][info][gc          ] GC(430) Concurrent Mark Cycle 20.180ms
[77.314s][info][gc,start    ] GC(431) Pause Young (Prepare Mixed) (GCLocker Initiated GC)
[77.314s][info][gc,task     ] GC(431) Using 6 workers of 6 for evacuation
[77.315s][info][gc,phases   ] GC(431)   Pre Evacuate Collection Set: 0.1ms
[77.315s][info][gc,phases   ] GC(431)   Merge Heap Roots: 0.1ms
[77.316s][info][gc,phases   ] GC(431)   Evacuate Collection Set: 0.6ms
[77.316s][info][gc,phases   ] GC(431)   Post Evacuate Collection Set: 0.4ms
[77.316s][info][gc,phases   ] GC(431)   Other: 0.2ms
[77.316s][info][gc,heap     ] GC(431) Eden regions: 62->0(7)
[77.316s][info][gc,heap     ] GC(431) Survivor regions: 1->1(12)
[77.316s][info][gc,heap     ] GC(431) Old regions: 32->32
[77.316s][info][gc,heap     ] GC(431) Archive regions: 0->0
[77.316s][info][gc,heap     ] GC(431) Humongous regions: 72->8
[77.316s][info][gc,metaspace] GC(431) Metaspace: 36832K(37184K)->36832K(37184K) NonClass: 32829K(33024K)->32829K(33024K) Class: 4002K(4160K)->4002K(4160K)
[77.316s][info][gc          ] GC(431) Pause Young (Prepare Mixed) (GCLocker Initiated GC) 166M->40M(169M) 1.518ms
[77.316s][info][gc,cpu      ] GC(431) User=0.00s Sys=0.00s Real=0.00s
[77.337s][info][gc,start    ] GC(432) Pause Young (Mixed) (G1 Evacuation Pause)
[77.337s][info][gc,task     ] GC(432) Using 6 workers of 6 for evacuation
[77.339s][info][gc,phases   ] GC(432)   Pre Evacuate Collection Set: 0.1ms
[77.339s][info][gc,phases   ] GC(432)   Merge Heap Roots: 0.1ms
[77.339s][info][gc,phases   ] GC(432)   Evacuate Collection Set: 1.0ms
[77.339s][info][gc,phases   ] GC(432)   Post Evacuate Collection Set: 0.5ms
[77.339s][info][gc,phases   ] GC(432)   Other: 0.4ms
[77.339s][info][gc,heap     ] GC(432) Eden regions: 7->0(100)
[77.339s][info][gc,heap     ] GC(432) Survivor regions: 1->1(1)
[77.339s][info][gc,heap     ] GC(432) Old regions: 32->32
[77.339s][info][gc,heap     ] GC(432) Archive regions: 0->0
[77.339s][info][gc,heap     ] GC(432) Humongous regions: 8->4
[77.339s][info][gc,metaspace] GC(432) Metaspace: 36833K(37184K)->36833K(37184K) NonClass: 32830K(33024K)->32830K(33024K) Class: 4002K(4160K)->4002K(4160K)
[77.340s][info][gc          ] GC(432) Pause Young (Mixed) (G1 Evacuation Pause) 47M->36M(169M) 2.155ms
[77.340s][info][gc,cpu      ] GC(432) User=0.00s Sys=0.00s Real=0.00s
[77.830s][info][gc,start    ] GC(433) Pause Young (Concurrent Start) (G1 Humongous Allocation)
[77.830s][info][gc,task     ] GC(433) Using 6 workers of 6 for evacuation
[77.831s][info][gc,phases   ] GC(433)   Pre Evacuate Collection Set: 0.2ms
[77.832s][info][gc,phases   ] GC(433)   Merge Heap Roots: 0.1ms
[77.832s][info][gc,phases   ] GC(433)   Evacuate Collection Set: 0.7ms
[77.832s][info][gc,phases   ] GC(433)   Post Evacuate Collection Set: 0.6ms
[77.832s][info][gc,phases   ] GC(433)   Other: 0.3ms
[77.832s][info][gc,heap     ] GC(433) Eden regions: 50->0(100)
[77.832s][info][gc,heap     ] GC(433) Survivor regions: 1->1(13)
[77.832s][info][gc,heap     ] GC(433) Old regions: 32->32
[77.832s][info][gc,heap     ] GC(433) Archive regions: 0->0
[77.832s][info][gc,heap     ] GC(433) Humongous regions: 52->4
[77.832s][info][gc,metaspace] GC(433) Metaspace: 36833K(37184K)->36833K(37184K) NonClass: 32831K(33024K)->32831K(33024K) Class: 4002K(4160K)->4002K(4160K)
[77.832s][info][gc          ] GC(433) Pause Young (Concurrent Start) (G1 Humongous Allocation) 134M->36M(169M) 1.931ms
[77.832s][info][gc,cpu      ] GC(433) User=0.00s Sys=0.00s Real=0.00s
[77.832s][info][gc          ] GC(434) Concurrent Undo Cycle
[77.832s][info][gc,marking  ] GC(434) Concurrent Cleanup for Next Mark
[77.832s][info][gc,marking  ] GC(434) Concurrent Cleanup for Next Mark 0.262ms
[77.832s][info][gc          ] GC(434) Concurrent Undo Cycle 0.345ms
[77.834s][info][gc,start    ] GC(435) Pause Young (Concurrent Start) (G1 Humongous Allocation)
[77.834s][info][gc,task     ] GC(435) Using 6 workers of 6 for evacuation
[77.836s][info][gc,phases   ] GC(435)   Pre Evacuate Collection Set: 0.2ms
[77.836s][info][gc,phases   ] GC(435)   Merge Heap Roots: 0.1ms
[77.836s][info][gc,phases   ] GC(435)   Evacuate Collection Set: 0.8ms
[77.836s][info][gc,phases   ] GC(435)   Post Evacuate Collection Set: 0.4ms
[77.836s][info][gc,phases   ] GC(435)   Other: 0.2ms
[77.836s][info][gc,heap     ] GC(435) Eden regions: 1->0(100)
[77.836s][info][gc,heap     ] GC(435) Survivor regions: 1->1(13)
[77.836s][info][gc,heap     ] GC(435) Old regions: 32->32
[77.836s][info][gc,heap     ] GC(435) Archive regions: 0->0
[77.836s][info][gc,heap     ] GC(435) Humongous regions: 8->8
[77.836s][info][gc,metaspace] GC(435) Metaspace: 36833K(37184K)->36833K(37184K) NonClass: 32831K(33024K)->32831K(33024K) Class: 4002K(4160K)->4002K(4160K)
[77.836s][info][gc          ] GC(435) Pause Young (Concurrent Start) (G1 Humongous Allocation) 40M->40M(169M) 1.786ms
[77.836s][info][gc,cpu      ] GC(435) User=0.00s Sys=0.00s Real=0.00s
[77.836s][info][gc          ] GC(436) Concurrent Mark Cycle
[77.836s][info][gc,marking  ] GC(436) Concurrent Clear Claimed Marks
[77.836s][info][gc,marking  ] GC(436) Concurrent Clear Claimed Marks 0.014ms
[77.836s][info][gc,marking  ] GC(436) Concurrent Scan Root Regions
[77.837s][info][gc,marking  ] GC(436) Concurrent Scan Root Regions 0.570ms
[77.837s][info][gc,marking  ] GC(436) Concurrent Mark
[77.837s][info][gc,marking  ] GC(436) Concurrent Mark From Roots
[77.837s][info][gc,task     ] GC(436) Using 2 workers of 2 for marking
[77.847s][info][gc,marking  ] GC(436) Concurrent Mark From Roots 10.612ms
[77.847s][info][gc,marking  ] GC(436) Concurrent Preclean
[77.847s][info][gc,marking  ] GC(436) Concurrent Preclean 0.108ms
[77.848s][info][gc,start    ] GC(436) Pause Remark
[77.851s][info][gc          ] GC(436) Pause Remark 50M->50M(169M) 3.324ms
[77.851s][info][gc,cpu      ] GC(436) User=0.05s Sys=0.00s Real=0.00s
[77.851s][info][gc,marking  ] GC(436) Concurrent Mark 14.650ms
[77.851s][info][gc,marking  ] GC(436) Concurrent Rebuild Remembered Sets
[77.856s][info][gc,marking  ] GC(436) Concurrent Rebuild Remembered Sets 4.911ms
[77.857s][info][gc,start    ] GC(436) Pause Cleanup
[77.857s][info][gc          ] GC(436) Pause Cleanup 51M->51M(169M) 0.160ms
[77.857s][info][gc,cpu      ] GC(436) User=0.00s Sys=0.00s Real=0.00s
[77.857s][info][gc,marking  ] GC(436) Concurrent Cleanup for Next Mark
[77.857s][info][gc,marking  ] GC(436) Concurrent Cleanup for Next Mark 0.182ms
[77.857s][info][gc          ] GC(436) Concurrent Mark Cycle 21.207ms
[78.374s][info][gc,start    ] GC(437) Pause Young (Prepare Mixed) (G1 Preventive Collection)
[78.374s][info][gc,task     ] GC(437) Using 6 workers of 6 for evacuation
[78.376s][info][gc,phases   ] GC(437)   Pre Evacuate Collection Set: 0.2ms
[78.376s][info][gc,phases   ] GC(437)   Merge Heap Roots: 0.1ms
[78.376s][info][gc,phases   ] GC(437)   Evacuate Collection Set: 0.6ms
[78.376s][info][gc,phases   ] GC(437)   Post Evacuate Collection Set: 0.6ms
[78.376s][info][gc,phases   ] GC(437)   Other: 0.2ms
[78.376s][info][gc,heap     ] GC(437) Eden regions: 58->0(6)
[78.376s][info][gc,heap     ] GC(437) Survivor regions: 1->2(13)
[78.376s][info][gc,heap     ] GC(437) Old regions: 32->32
[78.376s][info][gc,heap     ] GC(437) Archive regions: 0->0
[78.376s][info][gc,heap     ] GC(437) Humongous regions: 76->4
[78.376s][info][gc,metaspace] GC(437) Metaspace: 36848K(37184K)->36848K(37184K) NonClass: 32845K(33024K)->32845K(33024K) Class: 4002K(4160K)->4002K(4160K)
[78.376s][info][gc          ] GC(437) Pause Young (Prepare Mixed) (G1 Preventive Collection) 165M->37M(169M) 1.744ms
[78.376s][info][gc,cpu      ] GC(437) User=0.00s Sys=0.00s Real=0.00s
[78.476s][info][gc,start    ] GC(438) Pause Young (Mixed) (G1 Evacuation Pause)
[78.476s][info][gc,task     ] GC(438) Using 6 workers of 6 for evacuation
[78.478s][info][gc,phases   ] GC(438)   Pre Evacuate Collection Set: 0.2ms
[78.478s][info][gc,phases   ] GC(438)   Merge Heap Roots: 0.1ms
[78.478s][info][gc,phases   ] GC(438)   Evacuate Collection Set: 0.6ms
[78.478s][info][gc,phases   ] GC(438)   Post Evacuate Collection Set: 0.6ms
[78.478s][info][gc,phases   ] GC(438)   Other: 0.2ms
[78.478s][info][gc,heap     ] GC(438) Eden regions: 6->0(100)
[78.478s][info][gc,heap     ] GC(438) Survivor regions: 2->1(1)
[78.478s][info][gc,heap     ] GC(438) Old regions: 32->33
[78.478s][info][gc,heap     ] GC(438) Archive regions: 0->0
[78.478s][info][gc,heap     ] GC(438) Humongous regions: 16->4
[78.478s][info][gc,metaspace] GC(438) Metaspace: 36848K(37184K)->36848K(37184K) NonClass: 32845K(33024K)->32845K(33024K) Class: 4002K(4160K)->4002K(4160K)
[78.478s][info][gc          ] GC(438) Pause Young (Mixed) (G1 Evacuation Pause) 55M->36M(169M) 1.814ms
[78.478s][info][gc,cpu      ] GC(438) User=0.00s Sys=0.00s Real=0.00s
[78.552s][info][gc,start    ] GC(439) Pause Young (Concurrent Start) (G1 Humongous Allocation)
[78.552s][info][gc,task     ] GC(439) Using 6 workers of 6 for evacuation
[78.554s][info][gc,phases   ] GC(439)   Pre Evacuate Collection Set: 0.2ms
[78.554s][info][gc,phases   ] GC(439)   Merge Heap Roots: 0.1ms
[78.554s][info][gc,phases   ] GC(439)   Evacuate Collection Set: 0.9ms
[78.554s][info][gc,phases   ] GC(439)   Post Evacuate Collection Set: 0.5ms
[78.554s][info][gc,phases   ] GC(439)   Other: 0.3ms
[78.554s][info][gc,heap     ] GC(439) Eden regions: 4->0(100)
[78.554s][info][gc,heap     ] GC(439) Survivor regions: 1->1(13)
[78.554s][info][gc,heap     ] GC(439) Old regions: 33->33
[78.554s][info][gc,heap     ] GC(439) Archive regions: 0->0
[78.554s][info][gc,heap     ] GC(439) Humongous regions: 4->4
[78.554s][info][gc,metaspace] GC(439) Metaspace: 36848K(37184K)->36848K(37184K) NonClass: 32845K(33024K)->32845K(33024K) Class: 4002K(4160K)->4002K(4160K)
[78.554s][info][gc          ] GC(439) Pause Young (Concurrent Start) (G1 Humongous Allocation) 39M->36M(169M) 2.129ms
[78.554s][info][gc,cpu      ] GC(439) User=0.00s Sys=0.00s Real=0.00s
[78.554s][info][gc          ] GC(440) Concurrent Mark Cycle
[78.554s][info][gc,marking  ] GC(440) Concurrent Clear Claimed Marks
[78.554s][info][gc,marking  ] GC(440) Concurrent Clear Claimed Marks 0.019ms
[78.554s][info][gc,marking  ] GC(440) Concurrent Scan Root Regions
[78.555s][info][gc,marking  ] GC(440) Concurrent Scan Root Regions 0.428ms
[78.555s][info][gc,marking  ] GC(440) Concurrent Mark
[78.555s][info][gc,marking  ] GC(440) Concurrent Mark From Roots
[78.555s][info][gc,task     ] GC(440) Using 2 workers of 2 for marking
[78.565s][info][gc,marking  ] GC(440) Concurrent Mark From Roots 10.149ms
[78.565s][info][gc,marking  ] GC(440) Concurrent Preclean
[78.565s][info][gc,marking  ] GC(440) Concurrent Preclean 0.093ms
[78.565s][info][gc,start    ] GC(440) Pause Remark
[78.570s][info][gc          ] GC(440) Pause Remark 49M->49M(169M) 4.884ms
[78.570s][info][gc,cpu      ] GC(440) User=0.03s Sys=0.00s Real=0.01s
[78.571s][info][gc,marking  ] GC(440) Concurrent Mark 15.712ms
[78.571s][info][gc,marking  ] GC(440) Concurrent Rebuild Remembered Sets
[78.575s][info][gc,marking  ] GC(440) Concurrent Rebuild Remembered Sets 4.403ms
[78.575s][info][gc,start    ] GC(440) Pause Cleanup
[78.575s][info][gc          ] GC(440) Pause Cleanup 50M->50M(169M) 0.167ms
[78.576s][info][gc,cpu      ] GC(440) User=0.00s Sys=0.00s Real=0.00s
[78.576s][info][gc,marking  ] GC(440) Concurrent Cleanup for Next Mark
[78.576s][info][gc,marking  ] GC(440) Concurrent Cleanup for Next Mark 0.142ms
[78.576s][info][gc          ] GC(440) Concurrent Mark Cycle 21.496ms
[79.086s][info][gc,start    ] GC(441) Pause Young (Prepare Mixed) (G1 Preventive Collection)
[79.086s][info][gc,task     ] GC(441) Using 6 workers of 6 for evacuation
[79.088s][info][gc,phases   ] GC(441)   Pre Evacuate Collection Set: 0.2ms
[79.088s][info][gc,phases   ] GC(441)   Merge Heap Roots: 0.1ms
[79.088s][info][gc,phases   ] GC(441)   Evacuate Collection Set: 0.6ms
[79.088s][info][gc,phases   ] GC(441)   Post Evacuate Collection Set: 0.5ms
[79.088s][info][gc,phases   ] GC(441)   Other: 0.2ms
[79.088s][info][gc,heap     ] GC(441) Eden regions: 61->0(7)
[79.088s][info][gc,heap     ] GC(441) Survivor regions: 1->1(13)
[79.088s][info][gc,heap     ] GC(441) Old regions: 33->33
[79.088s][info][gc,heap     ] GC(441) Archive regions: 0->0
[79.088s][info][gc,heap     ] GC(441) Humongous regions: 76->4
[79.088s][info][gc,metaspace] GC(441) Metaspace: 36859K(37184K)->36859K(37184K) NonClass: 32856K(33024K)->32856K(33024K) Class: 4003K(4160K)->4003K(4160K)
[79.088s][info][gc          ] GC(441) Pause Young (Prepare Mixed) (G1 Preventive Collection) 169M->37M(173M) 1.680ms
[79.088s][info][gc,cpu      ] GC(441) User=0.00s Sys=0.00s Real=0.00s
[79.138s][info][gc,start    ] GC(442) Pause Young (Mixed) (G1 Evacuation Pause)
[79.138s][info][gc,task     ] GC(442) Using 6 workers of 6 for evacuation
[79.140s][info][gc,phases   ] GC(442)   Pre Evacuate Collection Set: 0.2ms
[79.140s][info][gc,phases   ] GC(442)   Merge Heap Roots: 0.1ms
[79.140s][info][gc,phases   ] GC(442)   Evacuate Collection Set: 0.8ms
[79.140s][info][gc,phases   ] GC(442)   Post Evacuate Collection Set: 0.3ms
[79.140s][info][gc,phases   ] GC(442)   Other: 0.3ms
[79.140s][info][gc,heap     ] GC(442) Eden regions: 7->0(102)
[79.140s][info][gc,heap     ] GC(442) Survivor regions: 1->1(1)
[79.140s][info][gc,heap     ] GC(442) Old regions: 33->33
[79.140s][info][gc,heap     ] GC(442) Archive regions: 0->0
[79.140s][info][gc,heap     ] GC(442) Humongous regions: 4->4
[79.140s][info][gc,metaspace] GC(442) Metaspace: 36859K(37184K)->36859K(37184K) NonClass: 32856K(33024K)->32856K(33024K) Class: 4003K(4160K)->4003K(4160K)
[79.140s][info][gc          ] GC(442) Pause Young (Mixed) (G1 Evacuation Pause) 44M->36M(173M) 1.704ms
[79.140s][info][gc,cpu      ] GC(442) User=0.00s Sys=0.00s Real=0.00s
[79.163s][info][gc,start    ] GC(443) Pause Young (Concurrent Start) (G1 Humongous Allocation)
[79.163s][info][gc,task     ] GC(443) Using 6 workers of 6 for evacuation
[79.164s][info][gc,phases   ] GC(443)   Pre Evacuate Collection Set: 0.2ms
[79.164s][info][gc,phases   ] GC(443)   Merge Heap Roots: 0.1ms
[79.164s][info][gc,phases   ] GC(443)   Evacuate Collection Set: 0.7ms
[79.164s][info][gc,phases   ] GC(443)   Post Evacuate Collection Set: 0.3ms
[79.164s][info][gc,phases   ] GC(443)   Other: 0.2ms
[79.164s][info][gc,heap     ] GC(443) Eden regions: 3->0(102)
[79.164s][info][gc,heap     ] GC(443) Survivor regions: 1->1(13)
[79.164s][info][gc,heap     ] GC(443) Old regions: 33->33
[79.164s][info][gc,heap     ] GC(443) Archive regions: 0->0
[79.164s][info][gc,heap     ] GC(443) Humongous regions: 4->4
[79.164s][info][gc,metaspace] GC(443) Metaspace: 36859K(37184K)->36859K(37184K) NonClass: 32856K(33024K)->32856K(33024K) Class: 4003K(4160K)->4003K(4160K)
[79.164s][info][gc          ] GC(443) Pause Young (Concurrent Start) (G1 Humongous Allocation) 39M->36M(173M) 1.506ms
[79.164s][info][gc,cpu      ] GC(443) User=0.00s Sys=0.00s Real=0.00s
[79.164s][info][gc          ] GC(444) Concurrent Mark Cycle
[79.164s][info][gc,marking  ] GC(444) Concurrent Clear Claimed Marks
[79.164s][info][gc,marking  ] GC(444) Concurrent Clear Claimed Marks 0.013ms
[79.164s][info][gc,marking  ] GC(444) Concurrent Scan Root Regions
[79.165s][info][gc,marking  ] GC(444) Concurrent Scan Root Regions 0.428ms
[79.165s][info][gc,marking  ] GC(444) Concurrent Mark
[79.165s][info][gc,marking  ] GC(444) Concurrent Mark From Roots
[79.165s][info][gc,task     ] GC(444) Using 2 workers of 2 for marking
[79.175s][info][gc,marking  ] GC(444) Concurrent Mark From Roots 9.912ms
[79.175s][info][gc,marking  ] GC(444) Concurrent Preclean
[79.175s][info][gc,marking  ] GC(444) Concurrent Preclean 0.145ms
[79.175s][info][gc,start    ] GC(444) Pause Remark
[79.179s][info][gc          ] GC(444) Pause Remark 50M->50M(173M) 3.817ms
[79.179s][info][gc,cpu      ] GC(444) User=0.09s Sys=0.00s Real=0.00s
[79.179s][info][gc,marking  ] GC(444) Concurrent Mark 14.476ms
[79.179s][info][gc,marking  ] GC(444) Concurrent Rebuild Remembered Sets
[79.184s][info][gc,marking  ] GC(444) Concurrent Rebuild Remembered Sets 4.277ms
[79.184s][info][gc,start    ] GC(444) Pause Cleanup
[79.184s][info][gc          ] GC(444) Pause Cleanup 51M->51M(173M) 0.095ms
[79.184s][info][gc,cpu      ] GC(444) User=0.00s Sys=0.00s Real=0.00s
[79.184s][info][gc,marking  ] GC(444) Concurrent Cleanup for Next Mark
[79.184s][info][gc,marking  ] GC(444) Concurrent Cleanup for Next Mark 0.155ms
[79.184s][info][gc          ] GC(444) Concurrent Mark Cycle 20.025ms
[79.725s][info][gc,start    ] GC(445) Pause Young (Prepare Mixed) (G1 Preventive Collection)
[79.725s][info][gc,task     ] GC(445) Using 6 workers of 6 for evacuation
[79.727s][info][gc,phases   ] GC(445)   Pre Evacuate Collection Set: 0.2ms
[79.727s][info][gc,phases   ] GC(445)   Merge Heap Roots: 0.1ms
[79.727s][info][gc,phases   ] GC(445)   Evacuate Collection Set: 0.7ms
[79.727s][info][gc,phases   ] GC(445)   Post Evacuate Collection Set: 0.6ms
[79.727s][info][gc,phases   ] GC(445)   Other: 0.2ms
[79.727s][info][gc,heap     ] GC(445) Eden regions: 61->0(7)
[79.727s][info][gc,heap     ] GC(445) Survivor regions: 1->1(13)
[79.727s][info][gc,heap     ] GC(445) Old regions: 33->33
[79.727s][info][gc,heap     ] GC(445) Archive regions: 0->0
[79.727s][info][gc,heap     ] GC(445) Humongous regions: 76->4
[79.727s][info][gc,metaspace] GC(445) Metaspace: 36864K(37184K)->36864K(37184K) NonClass: 32861K(33024K)->32861K(33024K) Class: 4003K(4160K)->4003K(4160K)
[79.727s][info][gc          ] GC(445) Pause Young (Prepare Mixed) (G1 Preventive Collection) 169M->37M(173M) 1.759ms
[79.727s][info][gc,cpu      ] GC(445) User=0.00s Sys=0.00s Real=0.00s
[79.808s][info][gc,start    ] GC(446) Pause Young (Mixed) (G1 Evacuation Pause)
[79.808s][info][gc,task     ] GC(446) Using 6 workers of 6 for evacuation
[79.812s][info][gc,phases   ] GC(446)   Pre Evacuate Collection Set: 0.4ms
[79.812s][info][gc,phases   ] GC(446)   Merge Heap Roots: 0.1ms
[79.812s][info][gc,phases   ] GC(446)   Evacuate Collection Set: 2.0ms
[79.812s][info][gc,phases   ] GC(446)   Post Evacuate Collection Set: 0.6ms
[79.812s][info][gc,phases   ] GC(446)   Other: 0.9ms
[79.812s][info][gc,heap     ] GC(446) Eden regions: 7->0(102)
[79.812s][info][gc,heap     ] GC(446) Survivor regions: 1->1(1)
[79.812s][info][gc,heap     ] GC(446) Old regions: 33->33
[79.812s][info][gc,heap     ] GC(446) Archive regions: 0->0
[79.812s][info][gc,heap     ] GC(446) Humongous regions: 8->8
[79.812s][info][gc,metaspace] GC(446) Metaspace: 36864K(37184K)->36864K(37184K) NonClass: 32861K(33024K)->32861K(33024K) Class: 4003K(4160K)->4003K(4160K)
[79.812s][info][gc          ] GC(446) Pause Young (Mixed) (G1 Evacuation Pause) 48M->40M(173M) 4.208ms
[79.812s][info][gc,cpu      ] GC(446) User=0.00s Sys=0.00s Real=0.00s
[79.813s][info][gc,start    ] GC(447) Pause Young (Concurrent Start) (G1 Humongous Allocation)
[79.813s][info][gc,task     ] GC(447) Using 6 workers of 6 for evacuation
[79.816s][info][gc,phases   ] GC(447)   Pre Evacuate Collection Set: 0.3ms
[79.816s][info][gc,phases   ] GC(447)   Merge Heap Roots: 0.1ms
[79.816s][info][gc,phases   ] GC(447)   Evacuate Collection Set: 1.7ms
[79.817s][info][gc,phases   ] GC(447)   Post Evacuate Collection Set: 0.8ms
[79.817s][info][gc,phases   ] GC(447)   Other: 0.5ms
[79.817s][info][gc,heap     ] GC(447) Eden regions: 1->0(63)
[79.817s][info][gc,heap     ] GC(447) Survivor regions: 1->2(13)
[79.817s][info][gc,heap     ] GC(447) Old regions: 33->33
[79.817s][info][gc,heap     ] GC(447) Archive regions: 0->0
[79.817s][info][gc,heap     ] GC(447) Humongous regions: 8->8
[79.817s][info][gc,metaspace] GC(447) Metaspace: 36864K(37184K)->36864K(37184K) NonClass: 32861K(33024K)->32861K(33024K) Class: 4003K(4160K)->4003K(4160K)
[79.817s][info][gc          ] GC(447) Pause Young (Concurrent Start) (G1 Humongous Allocation) 41M->41M(173M) 3.719ms
[79.817s][info][gc,cpu      ] GC(447) User=0.00s Sys=0.00s Real=0.00s
[79.817s][info][gc          ] GC(448) Concurrent Mark Cycle
[79.817s][info][gc,marking  ] GC(448) Concurrent Clear Claimed Marks
[79.817s][info][gc,marking  ] GC(448) Concurrent Clear Claimed Marks 0.043ms
[79.817s][info][gc,marking  ] GC(448) Concurrent Scan Root Regions
[79.818s][info][gc,marking  ] GC(448) Concurrent Scan Root Regions 0.770ms
[79.818s][info][gc,marking  ] GC(448) Concurrent Mark
[79.818s][info][gc,marking  ] GC(448) Concurrent Mark From Roots
[79.818s][info][gc,task     ] GC(448) Using 2 workers of 2 for marking
[79.835s][info][gc,marking  ] GC(448) Concurrent Mark From Roots 16.556ms
[79.835s][info][gc,marking  ] GC(448) Concurrent Preclean
[79.835s][info][gc,marking  ] GC(448) Concurrent Preclean 0.122ms
[79.835s][info][gc,start    ] GC(448) Pause Remark
[79.839s][info][gc          ] GC(448) Pause Remark 52M->52M(173M) 4.321ms
[79.839s][info][gc,cpu      ] GC(448) User=0.00s Sys=0.00s Real=0.01s
[79.840s][info][gc,marking  ] GC(448) Concurrent Mark 21.691ms
[79.840s][info][gc,marking  ] GC(448) Concurrent Rebuild Remembered Sets
[79.844s][info][gc,marking  ] GC(448) Concurrent Rebuild Remembered Sets 4.549ms
[79.845s][info][gc,start    ] GC(448) Pause Cleanup
[79.845s][info][gc          ] GC(448) Pause Cleanup 53M->53M(173M) 0.130ms
[79.845s][info][gc,cpu      ] GC(448) User=0.00s Sys=0.00s Real=0.00s
[79.845s][info][gc,marking  ] GC(448) Concurrent Cleanup for Next Mark
[79.845s][info][gc,marking  ] GC(448) Concurrent Cleanup for Next Mark 0.165ms
[79.845s][info][gc          ] GC(448) Concurrent Mark Cycle 28.042ms
[80.346s][info][gc,start    ] GC(449) Pause Young (Prepare Mixed) (G1 Preventive Collection)
[80.346s][info][gc,task     ] GC(449) Using 6 workers of 6 for evacuation
[80.348s][info][gc,phases   ] GC(449)   Pre Evacuate Collection Set: 0.2ms
[80.348s][info][gc,phases   ] GC(449)   Merge Heap Roots: 0.1ms
[80.348s][info][gc,phases   ] GC(449)   Evacuate Collection Set: 0.8ms
[80.348s][info][gc,phases   ] GC(449)   Post Evacuate Collection Set: 0.6ms
[80.348s][info][gc,phases   ] GC(449)   Other: 0.3ms
[80.348s][info][gc,heap     ] GC(449) Eden regions: 53->0(7)
[80.348s][info][gc,heap     ] GC(449) Survivor regions: 2->1(9)
[80.348s][info][gc,heap     ] GC(449) Old regions: 33->33
[80.348s][info][gc,heap     ] GC(449) Archive regions: 0->0
[80.348s][info][gc,heap     ] GC(449) Humongous regions: 64->4
[80.348s][info][gc,metaspace] GC(449) Metaspace: 36864K(37184K)->36864K(37184K) NonClass: 32861K(33024K)->32861K(33024K) Class: 4003K(4160K)->4003K(4160K)
[80.348s][info][gc          ] GC(449) Pause Young (Prepare Mixed) (G1 Preventive Collection) 150M->37M(173M) 1.997ms
[80.348s][info][gc,cpu      ] GC(449) User=0.00s Sys=0.00s Real=0.00s
[80.376s][info][gc,start    ] GC(450) Pause Young (Mixed) (G1 Evacuation Pause)
[80.376s][info][gc,task     ] GC(450) Using 6 workers of 6 for evacuation
[80.378s][info][gc,phases   ] GC(450)   Pre Evacuate Collection Set: 0.2ms
[80.378s][info][gc,phases   ] GC(450)   Merge Heap Roots: 0.1ms
[80.378s][info][gc,phases   ] GC(450)   Evacuate Collection Set: 0.7ms
[80.378s][info][gc,phases   ] GC(450)   Post Evacuate Collection Set: 0.5ms
[80.378s][info][gc,phases   ] GC(450)   Other: 0.3ms
[80.378s][info][gc,heap     ] GC(450) Eden regions: 7->0(73)
[80.378s][info][gc,heap     ] GC(450) Survivor regions: 1->1(1)
[80.378s][info][gc,heap     ] GC(450) Old regions: 33->33
[80.378s][info][gc,heap     ] GC(450) Archive regions: 0->0
[80.378s][info][gc,heap     ] GC(450) Humongous regions: 16->4
[80.378s][info][gc,metaspace] GC(450) Metaspace: 36865K(37184K)->36865K(37184K) NonClass: 32861K(33024K)->32861K(33024K) Class: 4003K(4160K)->4003K(4160K)
[80.378s][info][gc          ] GC(450) Pause Young (Mixed) (G1 Evacuation Pause) 56M->37M(173M) 1.879ms
[80.378s][info][gc,cpu      ] GC(450) User=0.00s Sys=0.00s Real=0.00s
[80.451s][info][gc,start    ] GC(451) Pause Young (Concurrent Start) (G1 Humongous Allocation)
[80.451s][info][gc,task     ] GC(451) Using 6 workers of 6 for evacuation
[80.453s][info][gc,phases   ] GC(451)   Pre Evacuate Collection Set: 0.2ms
[80.453s][info][gc,phases   ] GC(451)   Merge Heap Roots: 0.1ms
[80.453s][info][gc,phases   ] GC(451)   Evacuate Collection Set: 0.7ms
[80.453s][info][gc,phases   ] GC(451)   Post Evacuate Collection Set: 0.4ms
[80.453s][info][gc,phases   ] GC(451)   Other: 0.2ms
[80.453s][info][gc,heap     ] GC(451) Eden regions: 7->0(79)
[80.453s][info][gc,heap     ] GC(451) Survivor regions: 1->1(10)
[80.453s][info][gc,heap     ] GC(451) Old regions: 33->33
[80.453s][info][gc,heap     ] GC(451) Archive regions: 0->0
[80.453s][info][gc,heap     ] GC(451) Humongous regions: 4->4
[80.453s][info][gc,metaspace] GC(451) Metaspace: 36865K(37184K)->36865K(37184K) NonClass: 32861K(33024K)->32861K(33024K) Class: 4003K(4160K)->4003K(4160K)
[80.453s][info][gc          ] GC(451) Pause Young (Concurrent Start) (G1 Humongous Allocation) 44M->37M(173M) 1.738ms
[80.453s][info][gc,cpu      ] GC(451) User=0.00s Sys=0.00s Real=0.00s
[80.453s][info][gc          ] GC(452) Concurrent Mark Cycle
[80.453s][info][gc,marking  ] GC(452) Concurrent Clear Claimed Marks
[80.453s][info][gc,marking  ] GC(452) Concurrent Clear Claimed Marks 0.025ms
[80.453s][info][gc,marking  ] GC(452) Concurrent Scan Root Regions
[80.453s][info][gc,marking  ] GC(452) Concurrent Scan Root Regions 0.497ms
[80.453s][info][gc,marking  ] GC(452) Concurrent Mark
[80.453s][info][gc,marking  ] GC(452) Concurrent Mark From Roots
[80.453s][info][gc,task     ] GC(452) Using 2 workers of 2 for marking
[80.463s][info][gc,marking  ] GC(452) Concurrent Mark From Roots 9.411ms
[80.463s][info][gc,marking  ] GC(452) Concurrent Preclean
[80.463s][info][gc,marking  ] GC(452) Concurrent Preclean 0.115ms
[80.463s][info][gc,start    ] GC(452) Pause Remark
[80.468s][info][gc          ] GC(452) Pause Remark 50M->50M(173M) 4.379ms
[80.468s][info][gc,cpu      ] GC(452) User=0.00s Sys=0.00s Real=0.01s
[80.468s][info][gc,marking  ] GC(452) Concurrent Mark 14.495ms
[80.468s][info][gc,marking  ] GC(452) Concurrent Rebuild Remembered Sets
[80.473s][info][gc,marking  ] GC(452) Concurrent Rebuild Remembered Sets 4.750ms
[80.473s][info][gc,start    ] GC(452) Pause Cleanup
[80.473s][info][gc          ] GC(452) Pause Cleanup 51M->51M(173M) 0.149ms
[80.473s][info][gc,cpu      ] GC(452) User=0.00s Sys=0.00s Real=0.00s
[80.473s][info][gc,marking  ] GC(452) Concurrent Cleanup for Next Mark
[80.474s][info][gc,marking  ] GC(452) Concurrent Cleanup for Next Mark 0.102ms
[80.474s][info][gc          ] GC(452) Concurrent Mark Cycle 20.676ms
[80.974s][info][gc,start    ] GC(453) Pause Young (Prepare Mixed) (G1 Preventive Collection)
[80.974s][info][gc,task     ] GC(453) Using 6 workers of 6 for evacuation
[80.976s][info][gc,phases   ] GC(453)   Pre Evacuate Collection Set: 0.2ms
[80.976s][info][gc,phases   ] GC(453)   Merge Heap Roots: 0.1ms
[80.976s][info][gc,phases   ] GC(453)   Evacuate Collection Set: 0.7ms
[80.976s][info][gc,phases   ] GC(453)   Post Evacuate Collection Set: 0.6ms
[80.976s][info][gc,phases   ] GC(453)   Other: 0.2ms
[80.976s][info][gc,heap     ] GC(453) Eden regions: 56->0(7)
[80.976s][info][gc,heap     ] GC(453) Survivor regions: 1->1(10)
[80.976s][info][gc,heap     ] GC(453) Old regions: 33->33
[80.976s][info][gc,heap     ] GC(453) Archive regions: 0->0
[80.976s][info][gc,heap     ] GC(453) Humongous regions: 68->8
[80.976s][info][gc,metaspace] GC(453) Metaspace: 36865K(37184K)->36865K(37184K) NonClass: 32862K(33024K)->32862K(33024K) Class: 4003K(4160K)->4003K(4160K)
[80.976s][info][gc          ] GC(453) Pause Young (Prepare Mixed) (G1 Preventive Collection) 156M->41M(173M) 1.903ms
[80.976s][info][gc,cpu      ] GC(453) User=0.00s Sys=0.00s Real=0.00s
[81.004s][info][gc,start    ] GC(454) Pause Young (Mixed) (G1 Evacuation Pause)
[81.004s][info][gc,task     ] GC(454) Using 6 workers of 6 for evacuation
[81.006s][info][gc,phases   ] GC(454)   Pre Evacuate Collection Set: 0.3ms
[81.006s][info][gc,phases   ] GC(454)   Merge Heap Roots: 0.1ms
[81.006s][info][gc,phases   ] GC(454)   Evacuate Collection Set: 1.0ms
[81.006s][info][gc,phases   ] GC(454)   Post Evacuate Collection Set: 0.3ms
[81.006s][info][gc,phases   ] GC(454)   Other: 0.6ms
[81.006s][info][gc,heap     ] GC(454) Eden regions: 7->0(84)
[81.006s][info][gc,heap     ] GC(454) Survivor regions: 1->1(1)
[81.006s][info][gc,heap     ] GC(454) Old regions: 33->34
[81.006s][info][gc,heap     ] GC(454) Archive regions: 0->0
[81.006s][info][gc,heap     ] GC(454) Humongous regions: 16->4
[81.006s][info][gc,metaspace] GC(454) Metaspace: 36865K(37184K)->36865K(37184K) NonClass: 32862K(33024K)->32862K(33024K) Class: 4003K(4160K)->4003K(4160K)
[81.006s][info][gc          ] GC(454) Pause Young (Mixed) (G1 Evacuation Pause) 56M->37M(173M) 2.296ms
[81.006s][info][gc,cpu      ] GC(454) User=0.00s Sys=0.02s Real=0.00s
[81.080s][info][gc,start    ] GC(455) Pause Young (Concurrent Start) (G1 Humongous Allocation)
[81.080s][info][gc,task     ] GC(455) Using 6 workers of 6 for evacuation
[81.082s][info][gc,phases   ] GC(455)   Pre Evacuate Collection Set: 0.2ms
[81.082s][info][gc,phases   ] GC(455)   Merge Heap Roots: 0.1ms
[81.082s][info][gc,phases   ] GC(455)   Evacuate Collection Set: 0.9ms
[81.082s][info][gc,phases   ] GC(455)   Post Evacuate Collection Set: 0.5ms
[81.082s][info][gc,phases   ] GC(455)   Other: 0.3ms
[81.082s][info][gc,heap     ] GC(455) Eden regions: 7->0(89)
[81.082s][info][gc,heap     ] GC(455) Survivor regions: 1->1(11)
[81.082s][info][gc,heap     ] GC(455) Old regions: 34->34
[81.082s][info][gc,heap     ] GC(455) Archive regions: 0->0
[81.082s][info][gc,heap     ] GC(455) Humongous regions: 4->4
[81.082s][info][gc,metaspace] GC(455) Metaspace: 36865K(37184K)->36865K(37184K) NonClass: 32862K(33024K)->32862K(33024K) Class: 4003K(4160K)->4003K(4160K)
[81.082s][info][gc          ] GC(455) Pause Young (Concurrent Start) (G1 Humongous Allocation) 44M->37M(173M) 2.058ms
[81.082s][info][gc,cpu      ] GC(455) User=0.00s Sys=0.00s Real=0.00s
[81.082s][info][gc          ] GC(456) Concurrent Mark Cycle
[81.082s][info][gc,marking  ] GC(456) Concurrent Clear Claimed Marks
[81.082s][info][gc,marking  ] GC(456) Concurrent Clear Claimed Marks 0.019ms
[81.082s][info][gc,marking  ] GC(456) Concurrent Scan Root Regions
[81.083s][info][gc,marking  ] GC(456) Concurrent Scan Root Regions 0.529ms
[81.083s][info][gc,marking  ] GC(456) Concurrent Mark
[81.083s][info][gc,marking  ] GC(456) Concurrent Mark From Roots
[81.083s][info][gc,task     ] GC(456) Using 2 workers of 2 for marking
[81.095s][info][gc,marking  ] GC(456) Concurrent Mark From Roots 12.357ms
[81.095s][info][gc,marking  ] GC(456) Concurrent Preclean
[81.096s][info][gc,marking  ] GC(456) Concurrent Preclean 0.143ms
[81.096s][info][gc,start    ] GC(456) Pause Remark
[81.101s][info][gc          ] GC(456) Pause Remark 50M->50M(173M) 5.094ms
[81.101s][info][gc,cpu      ] GC(456) User=0.00s Sys=0.00s Real=0.01s
[81.101s][info][gc,marking  ] GC(456) Concurrent Mark 18.234ms
[81.101s][info][gc,marking  ] GC(456) Concurrent Rebuild Remembered Sets
[81.106s][info][gc,marking  ] GC(456) Concurrent Rebuild Remembered Sets 4.689ms
[81.106s][info][gc,start    ] GC(456) Pause Cleanup
[81.107s][info][gc          ] GC(456) Pause Cleanup 51M->51M(173M) 0.161ms
[81.107s][info][gc,cpu      ] GC(456) User=0.00s Sys=0.00s Real=0.00s
[81.107s][info][gc,marking  ] GC(456) Concurrent Cleanup for Next Mark
[81.107s][info][gc,marking  ] GC(456) Concurrent Cleanup for Next Mark 0.154ms
[81.107s][info][gc          ] GC(456) Concurrent Mark Cycle 24.507ms
[81.607s][info][gc,start    ] GC(457) Pause Young (Prepare Mixed) (G1 Preventive Collection)
[81.607s][info][gc,task     ] GC(457) Using 6 workers of 6 for evacuation
[81.609s][info][gc,phases   ] GC(457)   Pre Evacuate Collection Set: 0.2ms
[81.609s][info][gc,phases   ] GC(457)   Merge Heap Roots: 0.1ms
[81.609s][info][gc,phases   ] GC(457)   Evacuate Collection Set: 0.7ms
[81.609s][info][gc,phases   ] GC(457)   Post Evacuate Collection Set: 0.6ms
[81.609s][info][gc,phases   ] GC(457)   Other: 0.3ms
[81.609s][info][gc,heap     ] GC(457) Eden regions: 57->0(7)
[81.609s][info][gc,heap     ] GC(457) Survivor regions: 1->1(12)
[81.609s][info][gc,heap     ] GC(457) Old regions: 34->34
[81.609s][info][gc,heap     ] GC(457) Archive regions: 0->0
[81.609s][info][gc,heap     ] GC(457) Humongous regions: 72->8
[81.609s][info][gc,metaspace] GC(457) Metaspace: 36865K(37184K)->36865K(37184K) NonClass: 32862K(33024K)->32862K(33024K) Class: 4003K(4160K)->4003K(4160K)
[81.609s][info][gc          ] GC(457) Pause Young (Prepare Mixed) (G1 Preventive Collection) 161M->41M(173M) 1.841ms
[81.609s][info][gc,cpu      ] GC(457) User=0.00s Sys=0.00s Real=0.00s
[81.637s][info][gc,start    ] GC(458) Pause Young (Mixed) (G1 Evacuation Pause)
[81.637s][info][gc,task     ] GC(458) Using 6 workers of 6 for evacuation
[81.638s][info][gc,phases   ] GC(458)   Pre Evacuate Collection Set: 0.2ms
[81.638s][info][gc,phases   ] GC(458)   Merge Heap Roots: 0.1ms
[81.638s][info][gc,phases   ] GC(458)   Evacuate Collection Set: 0.6ms
[81.638s][info][gc,phases   ] GC(458)   Post Evacuate Collection Set: 0.2ms
[81.638s][info][gc,phases   ] GC(458)   Other: 0.3ms
[81.638s][info][gc,heap     ] GC(458) Eden regions: 7->0(93)
[81.638s][info][gc,heap     ] GC(458) Survivor regions: 1->1(1)
[81.638s][info][gc,heap     ] GC(458) Old regions: 34->33
[81.638s][info][gc,heap     ] GC(458) Archive regions: 0->0
[81.638s][info][gc,heap     ] GC(458) Humongous regions: 12->4
[81.638s][info][gc,metaspace] GC(458) Metaspace: 36865K(37184K)->36865K(37184K) NonClass: 32862K(33024K)->32862K(33024K) Class: 4003K(4160K)->4003K(4160K)
[81.638s][info][gc          ] GC(458) Pause Young (Mixed) (G1 Evacuation Pause) 52M->37M(173M) 1.455ms
[81.638s][info][gc,cpu      ] GC(458) User=0.00s Sys=0.00s Real=0.00s
[81.712s][info][gc,start    ] GC(459) Pause Young (Concurrent Start) (G1 Humongous Allocation)
[81.712s][info][gc,task     ] GC(459) Using 6 workers of 6 for evacuation
[81.714s][info][gc,phases   ] GC(459)   Pre Evacuate Collection Set: 0.2ms
[81.714s][info][gc,phases   ] GC(459)   Merge Heap Roots: 0.1ms
[81.714s][info][gc,phases   ] GC(459)   Evacuate Collection Set: 0.8ms
[81.714s][info][gc,phases   ] GC(459)   Post Evacuate Collection Set: 0.4ms
[81.714s][info][gc,phases   ] GC(459)   Other: 0.3ms
[81.714s][info][gc,heap     ] GC(459) Eden regions: 2->0(94)
[81.714s][info][gc,heap     ] GC(459) Survivor regions: 1->1(12)
[81.714s][info][gc,heap     ] GC(459) Old regions: 33->33
[81.714s][info][gc,heap     ] GC(459) Archive regions: 0->0
[81.714s][info][gc,heap     ] GC(459) Humongous regions: 8->8
[81.714s][info][gc,metaspace] GC(459) Metaspace: 36865K(37184K)->36865K(37184K) NonClass: 32862K(33024K)->32862K(33024K) Class: 4003K(4160K)->4003K(4160K)
[81.714s][info][gc          ] GC(459) Pause Young (Concurrent Start) (G1 Humongous Allocation) 43M->40M(173M) 1.801ms
[81.714s][info][gc,cpu      ] GC(459) User=0.00s Sys=0.00s Real=0.00s
[81.714s][info][gc          ] GC(460) Concurrent Undo Cycle
[81.714s][info][gc,marking  ] GC(460) Concurrent Cleanup for Next Mark
[81.714s][info][gc,marking  ] GC(460) Concurrent Cleanup for Next Mark 0.145ms
[81.714s][info][gc          ] GC(460) Concurrent Undo Cycle 0.209ms
[81.715s][info][gc,start    ] GC(461) Pause Young (Concurrent Start) (G1 Humongous Allocation)
[81.715s][info][gc,task     ] GC(461) Using 6 workers of 6 for evacuation
[81.717s][info][gc,phases   ] GC(461)   Pre Evacuate Collection Set: 0.2ms
[81.717s][info][gc,phases   ] GC(461)   Merge Heap Roots: 0.1ms
[81.717s][info][gc,phases   ] GC(461)   Evacuate Collection Set: 0.8ms
[81.717s][info][gc,phases   ] GC(461)   Post Evacuate Collection Set: 0.4ms
[81.717s][info][gc,phases   ] GC(461)   Other: 0.2ms
[81.717s][info][gc,heap     ] GC(461) Eden regions: 1->0(97)
[81.717s][info][gc,heap     ] GC(461) Survivor regions: 1->1(12)
[81.717s][info][gc,heap     ] GC(461) Old regions: 33->33
[81.717s][info][gc,heap     ] GC(461) Archive regions: 0->0
[81.717s][info][gc,heap     ] GC(461) Humongous regions: 12->8
[81.717s][info][gc,metaspace] GC(461) Metaspace: 36865K(37184K)->36865K(37184K) NonClass: 32862K(33024K)->32862K(33024K) Class: 4003K(4160K)->4003K(4160K)
[81.717s][info][gc          ] GC(461) Pause Young (Concurrent Start) (G1 Humongous Allocation) 45M->40M(173M) 1.816ms
[81.717s][info][gc,cpu      ] GC(461) User=0.00s Sys=0.00s Real=0.00s
[81.717s][info][gc          ] GC(462) Concurrent Mark Cycle
[81.717s][info][gc,marking  ] GC(462) Concurrent Clear Claimed Marks
[81.717s][info][gc,marking  ] GC(462) Concurrent Clear Claimed Marks 0.021ms
[81.717s][info][gc,marking  ] GC(462) Concurrent Scan Root Regions
[81.717s][info][gc,marking  ] GC(462) Concurrent Scan Root Regions 0.411ms
[81.717s][info][gc,marking  ] GC(462) Concurrent Mark
[81.717s][info][gc,marking  ] GC(462) Concurrent Mark From Roots
[81.717s][info][gc,task     ] GC(462) Using 2 workers of 2 for marking
[81.727s][info][gc,marking  ] GC(462) Concurrent Mark From Roots 9.795ms
[81.727s][info][gc,marking  ] GC(462) Concurrent Preclean
[81.727s][info][gc,marking  ] GC(462) Concurrent Preclean 0.105ms
[81.728s][info][gc,start    ] GC(462) Pause Remark
[81.732s][info][gc          ] GC(462) Pause Remark 46M->46M(160M) 3.927ms
[81.732s][info][gc,cpu      ] GC(462) User=0.00s Sys=0.00s Real=0.00s
[81.732s][info][gc,marking  ] GC(462) Concurrent Mark 14.412ms
[81.732s][info][gc,marking  ] GC(462) Concurrent Rebuild Remembered Sets
[81.736s][info][gc,marking  ] GC(462) Concurrent Rebuild Remembered Sets 4.264ms
[81.736s][info][gc,start    ] GC(462) Pause Cleanup
[81.737s][info][gc          ] GC(462) Pause Cleanup 47M->47M(160M) 0.144ms
[81.737s][info][gc,cpu      ] GC(462) User=0.00s Sys=0.00s Real=0.00s
[81.737s][info][gc,marking  ] GC(462) Concurrent Cleanup for Next Mark
[81.737s][info][gc,marking  ] GC(462) Concurrent Cleanup for Next Mark 0.112ms
[81.737s][info][gc          ] GC(462) Concurrent Mark Cycle 19.879ms
[82.224s][info][gc,start    ] GC(463) Pause Young (Prepare Mixed) (G1 Preventive Collection)
[82.224s][info][gc,task     ] GC(463) Using 6 workers of 6 for evacuation
[82.225s][info][gc,phases   ] GC(463)   Pre Evacuate Collection Set: 0.2ms
[82.225s][info][gc,phases   ] GC(463)   Merge Heap Roots: 0.1ms
[82.225s][info][gc,phases   ] GC(463)   Evacuate Collection Set: 0.6ms
[82.225s][info][gc,phases   ] GC(463)   Post Evacuate Collection Set: 0.5ms
[82.225s][info][gc,phases   ] GC(463)   Other: 0.2ms
[82.225s][info][gc,heap     ] GC(463) Eden regions: 58->0(7)
[82.225s][info][gc,heap     ] GC(463) Survivor regions: 1->1(13)
[82.225s][info][gc,heap     ] GC(463) Old regions: 33->33
[82.225s][info][gc,heap     ] GC(463) Archive regions: 0->0
[82.225s][info][gc,heap     ] GC(463) Humongous regions: 60->4
[82.225s][info][gc,metaspace] GC(463) Metaspace: 36881K(37184K)->36881K(37184K) NonClass: 32877K(33024K)->32877K(33024K) Class: 4003K(4160K)->4003K(4160K)
[82.225s][info][gc          ] GC(463) Pause Young (Prepare Mixed) (G1 Preventive Collection) 150M->37M(160M) 1.638ms
[82.225s][info][gc,cpu      ] GC(463) User=0.00s Sys=0.00s Real=0.00s
[82.252s][info][gc,start    ] GC(464) Pause Young (Mixed) (G1 Evacuation Pause)
[82.253s][info][gc,task     ] GC(464) Using 6 workers of 6 for evacuation
[82.254s][info][gc,phases   ] GC(464)   Pre Evacuate Collection Set: 0.2ms
[82.254s][info][gc,phases   ] GC(464)   Merge Heap Roots: 0.1ms
[82.254s][info][gc,phases   ] GC(464)   Evacuate Collection Set: 0.6ms
[82.254s][info][gc,phases   ] GC(464)   Post Evacuate Collection Set: 0.6ms
[82.254s][info][gc,phases   ] GC(464)   Other: 0.2ms
[82.254s][info][gc,heap     ] GC(464) Eden regions: 7->0(92)
[82.254s][info][gc,heap     ] GC(464) Survivor regions: 1->1(1)
[82.254s][info][gc,heap     ] GC(464) Old regions: 33->33
[82.254s][info][gc,heap     ] GC(464) Archive regions: 0->0
[82.254s][info][gc,heap     ] GC(464) Humongous regions: 16->4
[82.254s][info][gc,metaspace] GC(464) Metaspace: 36881K(37184K)->36881K(37184K) NonClass: 32877K(33024K)->32877K(33024K) Class: 4003K(4160K)->4003K(4160K)
[82.254s][info][gc          ] GC(464) Pause Young (Mixed) (G1 Evacuation Pause) 56M->37M(160M) 1.688ms
[82.254s][info][gc,cpu      ] GC(464) User=0.00s Sys=0.00s Real=0.00s
[82.330s][info][gc,start    ] GC(465) Pause Young (Concurrent Start) (G1 Humongous Allocation)
[82.330s][info][gc,task     ] GC(465) Using 6 workers of 6 for evacuation
[82.331s][info][gc,phases   ] GC(465)   Pre Evacuate Collection Set: 0.2ms
[82.331s][info][gc,phases   ] GC(465)   Merge Heap Roots: 0.1ms
[82.331s][info][gc,phases   ] GC(465)   Evacuate Collection Set: 0.8ms
[82.331s][info][gc,phases   ] GC(465)   Post Evacuate Collection Set: 0.3ms
[82.331s][info][gc,phases   ] GC(465)   Other: 0.3ms
[82.331s][info][gc,heap     ] GC(465) Eden regions: 7->0(91)
[82.331s][info][gc,heap     ] GC(465) Survivor regions: 1->1(12)
[82.331s][info][gc,heap     ] GC(465) Old regions: 33->33
[82.331s][info][gc,heap     ] GC(465) Archive regions: 0->0
[82.331s][info][gc,heap     ] GC(465) Humongous regions: 8->8
[82.331s][info][gc,metaspace] GC(465) Metaspace: 36881K(37184K)->36881K(37184K) NonClass: 32877K(33024K)->32877K(33024K) Class: 4003K(4160K)->4003K(4160K)
[82.331s][info][gc          ] GC(465) Pause Young (Concurrent Start) (G1 Humongous Allocation) 48M->40M(160M) 1.672ms
[82.332s][info][gc,cpu      ] GC(465) User=0.00s Sys=0.00s Real=0.00s
[82.332s][info][gc          ] GC(466) Concurrent Mark Cycle
[82.332s][info][gc,marking  ] GC(466) Concurrent Clear Claimed Marks
[82.332s][info][gc,marking  ] GC(466) Concurrent Clear Claimed Marks 0.017ms
[82.332s][info][gc,marking  ] GC(466) Concurrent Scan Root Regions
[82.332s][info][gc,marking  ] GC(466) Concurrent Scan Root Regions 0.502ms
[82.332s][info][gc,marking  ] GC(466) Concurrent Mark
[82.332s][info][gc,marking  ] GC(466) Concurrent Mark From Roots
[82.332s][info][gc,task     ] GC(466) Using 2 workers of 2 for marking
[82.341s][info][gc,marking  ] GC(466) Concurrent Mark From Roots 9.288ms
[82.341s][info][gc,marking  ] GC(466) Concurrent Preclean
[82.342s][info][gc,marking  ] GC(466) Concurrent Preclean 0.153ms
[82.342s][info][gc,start    ] GC(466) Pause Remark
[82.345s][info][gc          ] GC(466) Pause Remark 50M->50M(160M) 3.477ms
[82.346s][info][gc,cpu      ] GC(466) User=0.00s Sys=0.00s Real=0.00s
[82.346s][info][gc,marking  ] GC(466) Concurrent Mark 13.591ms
[82.346s][info][gc,marking  ] GC(466) Concurrent Rebuild Remembered Sets
[82.350s][info][gc,marking  ] GC(466) Concurrent Rebuild Remembered Sets 4.315ms
[82.350s][info][gc,start    ] GC(466) Pause Cleanup
[82.351s][info][gc          ] GC(466) Pause Cleanup 51M->51M(160M) 0.153ms
[82.351s][info][gc,cpu      ] GC(466) User=0.00s Sys=0.00s Real=0.00s
[82.351s][info][gc,marking  ] GC(466) Concurrent Cleanup for Next Mark
[82.351s][info][gc,marking  ] GC(466) Concurrent Cleanup for Next Mark 0.155ms
[82.351s][info][gc          ] GC(466) Concurrent Mark Cycle 19.392ms
[82.838s][info][gc,start    ] GC(467) Pause Young (Prepare Mixed) (G1 Preventive Collection)
[82.838s][info][gc,task     ] GC(467) Using 6 workers of 6 for evacuation
[82.840s][info][gc,phases   ] GC(467)   Pre Evacuate Collection Set: 0.2ms
[82.840s][info][gc,phases   ] GC(467)   Merge Heap Roots: 0.1ms
[82.840s][info][gc,phases   ] GC(467)   Evacuate Collection Set: 0.6ms
[82.840s][info][gc,phases   ] GC(467)   Post Evacuate Collection Set: 0.8ms
[82.840s][info][gc,phases   ] GC(467)   Other: 0.3ms
[82.840s][info][gc,heap     ] GC(467) Eden regions: 58->0(7)
[82.840s][info][gc,heap     ] GC(467) Survivor regions: 1->1(12)
[82.840s][info][gc,heap     ] GC(467) Old regions: 33->33
[82.840s][info][gc,heap     ] GC(467) Archive regions: 0->0
[82.840s][info][gc,heap     ] GC(467) Humongous regions: 64->4
[82.840s][info][gc,metaspace] GC(467) Metaspace: 36888K(37184K)->36888K(37184K) NonClass: 32884K(33024K)->32884K(33024K) Class: 4003K(4160K)->4003K(4160K)
[82.840s][info][gc          ] GC(467) Pause Young (Prepare Mixed) (G1 Preventive Collection) 154M->37M(160M) 2.086ms
[82.840s][info][gc,cpu      ] GC(467) User=0.00s Sys=0.00s Real=0.00s
[82.868s][info][gc,start    ] GC(468) Pause Young (Mixed) (G1 Evacuation Pause)
[82.868s][info][gc,task     ] GC(468) Using 6 workers of 6 for evacuation
[82.870s][info][gc,phases   ] GC(468)   Pre Evacuate Collection Set: 0.2ms
[82.870s][info][gc,phases   ] GC(468)   Merge Heap Roots: 0.1ms
[82.870s][info][gc,phases   ] GC(468)   Evacuate Collection Set: 0.6ms
[82.870s][info][gc,phases   ] GC(468)   Post Evacuate Collection Set: 0.5ms
[82.870s][info][gc,phases   ] GC(468)   Other: 0.2ms
[82.870s][info][gc,heap     ] GC(468) Eden regions: 7->0(95)
[82.870s][info][gc,heap     ] GC(468) Survivor regions: 1->1(1)
[82.870s][info][gc,heap     ] GC(468) Old regions: 33->33
[82.870s][info][gc,heap     ] GC(468) Archive regions: 0->0
[82.870s][info][gc,heap     ] GC(468) Humongous regions: 16->4
[82.870s][info][gc,metaspace] GC(468) Metaspace: 36888K(37184K)->36888K(37184K) NonClass: 32884K(33024K)->32884K(33024K) Class: 4003K(4160K)->4003K(4160K)
[82.870s][info][gc          ] GC(468) Pause Young (Mixed) (G1 Evacuation Pause) 56M->37M(160M) 1.641ms
[82.870s][info][gc,cpu      ] GC(468) User=0.00s Sys=0.00s Real=0.00s
[82.945s][info][gc,start    ] GC(469) Pause Young (Concurrent Start) (G1 Humongous Allocation)
[82.945s][info][gc,task     ] GC(469) Using 6 workers of 6 for evacuation
[82.947s][info][gc,phases   ] GC(469)   Pre Evacuate Collection Set: 0.2ms
[82.947s][info][gc,phases   ] GC(469)   Merge Heap Roots: 0.1ms
[82.947s][info][gc,phases   ] GC(469)   Evacuate Collection Set: 0.9ms
[82.947s][info][gc,phases   ] GC(469)   Post Evacuate Collection Set: 0.4ms
[82.947s][info][gc,phases   ] GC(469)   Other: 0.3ms
[82.947s][info][gc,heap     ] GC(469) Eden regions: 7->0(93)
[82.947s][info][gc,heap     ] GC(469) Survivor regions: 1->1(12)
[82.947s][info][gc,heap     ] GC(469) Old regions: 33->33
[82.947s][info][gc,heap     ] GC(469) Archive regions: 0->0
[82.947s][info][gc,heap     ] GC(469) Humongous regions: 12->8
[82.947s][info][gc,metaspace] GC(469) Metaspace: 36888K(37184K)->36888K(37184K) NonClass: 32884K(33024K)->32884K(33024K) Class: 4003K(4160K)->4003K(4160K)
[82.947s][info][gc          ] GC(469) Pause Young (Concurrent Start) (G1 Humongous Allocation) 51M->40M(160M) 1.990ms
[82.947s][info][gc,cpu      ] GC(469) User=0.00s Sys=0.00s Real=0.00s
[82.947s][info][gc          ] GC(470) Concurrent Undo Cycle
[82.947s][info][gc,marking  ] GC(470) Concurrent Cleanup for Next Mark
[82.948s][info][gc,marking  ] GC(470) Concurrent Cleanup for Next Mark 0.170ms
[82.948s][info][gc          ] GC(470) Concurrent Undo Cycle 0.237ms
[83.050s][info][gc,start    ] GC(471) Pause Young (Concurrent Start) (G1 Humongous Allocation)
[83.050s][info][gc,task     ] GC(471) Using 6 workers of 6 for evacuation
[83.052s][info][gc,phases   ] GC(471)   Pre Evacuate Collection Set: 0.2ms
[83.052s][info][gc,phases   ] GC(471)   Merge Heap Roots: 0.1ms
[83.052s][info][gc,phases   ] GC(471)   Evacuate Collection Set: 0.7ms
[83.052s][info][gc,phases   ] GC(471)   Post Evacuate Collection Set: 0.6ms
[83.052s][info][gc,phases   ] GC(471)   Other: 0.2ms
[83.052s][info][gc,heap     ] GC(471) Eden regions: 9->0(95)
[83.052s][info][gc,heap     ] GC(471) Survivor regions: 1->1(12)
[83.052s][info][gc,heap     ] GC(471) Old regions: 33->33
[83.052s][info][gc,heap     ] GC(471) Archive regions: 0->0
[83.052s][info][gc,heap     ] GC(471) Humongous regions: 12->4
[83.052s][info][gc,metaspace] GC(471) Metaspace: 36888K(37184K)->36888K(37184K) NonClass: 32884K(33024K)->32884K(33024K) Class: 4003K(4160K)->4003K(4160K)
[83.052s][info][gc          ] GC(471) Pause Young (Concurrent Start) (G1 Humongous Allocation) 53M->37M(160M) 1.815ms
[83.052s][info][gc,cpu      ] GC(471) User=0.02s Sys=0.00s Real=0.00s
[83.052s][info][gc          ] GC(472) Concurrent Mark Cycle
[83.052s][info][gc,marking  ] GC(472) Concurrent Clear Claimed Marks
[83.052s][info][gc,marking  ] GC(472) Concurrent Clear Claimed Marks 0.014ms
[83.052s][info][gc,marking  ] GC(472) Concurrent Scan Root Regions
[83.053s][info][gc,marking  ] GC(472) Concurrent Scan Root Regions 0.454ms
[83.053s][info][gc,marking  ] GC(472) Concurrent Mark
[83.053s][info][gc,marking  ] GC(472) Concurrent Mark From Roots
[83.053s][info][gc,task     ] GC(472) Using 2 workers of 2 for marking
[83.062s][info][gc,marking  ] GC(472) Concurrent Mark From Roots 9.293ms
[83.062s][info][gc,marking  ] GC(472) Concurrent Preclean
[83.062s][info][gc,marking  ] GC(472) Concurrent Preclean 0.094ms
[83.062s][info][gc,start    ] GC(472) Pause Remark
[83.065s][info][gc          ] GC(472) Pause Remark 50M->50M(160M) 2.662ms
[83.065s][info][gc,cpu      ] GC(472) User=0.00s Sys=0.00s Real=0.00s
[83.065s][info][gc,marking  ] GC(472) Concurrent Mark 12.664ms
[83.065s][info][gc,marking  ] GC(472) Concurrent Rebuild Remembered Sets
[83.070s][info][gc,marking  ] GC(472) Concurrent Rebuild Remembered Sets 4.220ms
[83.070s][info][gc,start    ] GC(472) Pause Cleanup
[83.070s][info][gc          ] GC(472) Pause Cleanup 51M->51M(160M) 0.146ms
[83.070s][info][gc,cpu      ] GC(472) User=0.00s Sys=0.00s Real=0.00s
[83.070s][info][gc,marking  ] GC(472) Concurrent Cleanup for Next Mark
[83.070s][info][gc,marking  ] GC(472) Concurrent Cleanup for Next Mark 0.118ms
[83.070s][info][gc          ] GC(472) Concurrent Mark Cycle 18.201ms
[83.559s][info][gc,start    ] GC(473) Pause Young (Prepare Mixed) (G1 Preventive Collection)
[83.559s][info][gc,task     ] GC(473) Using 6 workers of 6 for evacuation
[83.561s][info][gc,phases   ] GC(473)   Pre Evacuate Collection Set: 0.2ms
[83.561s][info][gc,phases   ] GC(473)   Merge Heap Roots: 0.1ms
[83.561s][info][gc,phases   ] GC(473)   Evacuate Collection Set: 0.6ms
[83.561s][info][gc,phases   ] GC(473)   Post Evacuate Collection Set: 0.5ms
[83.561s][info][gc,phases   ] GC(473)   Other: 0.3ms
[83.561s][info][gc,heap     ] GC(473) Eden regions: 58->0(7)
[83.561s][info][gc,heap     ] GC(473) Survivor regions: 1->1(12)
[83.561s][info][gc,heap     ] GC(473) Old regions: 33->33
[83.561s][info][gc,heap     ] GC(473) Archive regions: 0->0
[83.561s][info][gc,heap     ] GC(473) Humongous regions: 64->4
[83.561s][info][gc,metaspace] GC(473) Metaspace: 36889K(37184K)->36889K(37184K) NonClass: 32885K(33024K)->32885K(33024K) Class: 4003K(4160K)->4003K(4160K)
[83.561s][info][gc          ] GC(473) Pause Young (Prepare Mixed) (G1 Preventive Collection) 154M->37M(160M) 1.698ms
[83.561s][info][gc,cpu      ] GC(473) User=0.00s Sys=0.00s Real=0.00s
[83.578s][info][gc,start    ] GC(474) Pause Young (Mixed) (G1 Evacuation Pause)
[83.578s][info][gc,task     ] GC(474) Using 6 workers of 6 for evacuation
[83.580s][info][gc,phases   ] GC(474)   Pre Evacuate Collection Set: 0.2ms
[83.580s][info][gc,phases   ] GC(474)   Merge Heap Roots: 0.1ms
[83.580s][info][gc,phases   ] GC(474)   Evacuate Collection Set: 1.1ms
[83.580s][info][gc,phases   ] GC(474)   Post Evacuate Collection Set: 0.5ms
[83.580s][info][gc,phases   ] GC(474)   Other: 0.2ms
[83.580s][info][gc,heap     ] GC(474) Eden regions: 7->0(95)
[83.580s][info][gc,heap     ] GC(474) Survivor regions: 1->1(1)
[83.580s][info][gc,heap     ] GC(474) Old regions: 33->33
[83.580s][info][gc,heap     ] GC(474) Archive regions: 0->0
[83.580s][info][gc,heap     ] GC(474) Humongous regions: 16->8
[83.580s][info][gc,metaspace] GC(474) Metaspace: 36889K(37184K)->36889K(37184K) NonClass: 32885K(33024K)->32885K(33024K) Class: 4003K(4160K)->4003K(4160K)
[83.580s][info][gc          ] GC(474) Pause Young (Mixed) (G1 Evacuation Pause) 56M->41M(160M) 2.153ms
[83.580s][info][gc,cpu      ] GC(474) User=0.00s Sys=0.00s Real=0.00s
[83.766s][info][gc,start    ] GC(475) Pause Young (Concurrent Start) (G1 Humongous Allocation)
[83.766s][info][gc,task     ] GC(475) Using 6 workers of 6 for evacuation
[83.767s][info][gc,phases   ] GC(475)   Pre Evacuate Collection Set: 0.2ms
[83.767s][info][gc,phases   ] GC(475)   Merge Heap Roots: 0.1ms
[83.767s][info][gc,phases   ] GC(475)   Evacuate Collection Set: 0.8ms
[83.767s][info][gc,phases   ] GC(475)   Post Evacuate Collection Set: 0.6ms
[83.767s][info][gc,phases   ] GC(475)   Other: 0.3ms
[83.767s][info][gc,heap     ] GC(475) Eden regions: 20->0(95)
[83.767s][info][gc,heap     ] GC(475) Survivor regions: 1->1(12)
[83.767s][info][gc,heap     ] GC(475) Old regions: 33->33
[83.767s][info][gc,heap     ] GC(475) Archive regions: 0->0
[83.767s][info][gc,heap     ] GC(475) Humongous regions: 20->4
[83.767s][info][gc,metaspace] GC(475) Metaspace: 36889K(37184K)->36889K(37184K) NonClass: 32885K(33024K)->32885K(33024K) Class: 4003K(4160K)->4003K(4160K)
[83.768s][info][gc          ] GC(475) Pause Young (Concurrent Start) (G1 Humongous Allocation) 72M->37M(160M) 1.969ms
[83.768s][info][gc,cpu      ] GC(475) User=0.00s Sys=0.00s Real=0.00s
[83.768s][info][gc          ] GC(476) Concurrent Undo Cycle
[83.768s][info][gc,marking  ] GC(476) Concurrent Cleanup for Next Mark
[83.768s][info][gc,marking  ] GC(476) Concurrent Cleanup for Next Mark 0.126ms
[83.768s][info][gc          ] GC(476) Concurrent Undo Cycle 0.212ms
[83.770s][info][gc,start    ] GC(477) Pause Young (Concurrent Start) (G1 Humongous Allocation)
[83.770s][info][gc,task     ] GC(477) Using 6 workers of 6 for evacuation
[83.772s][info][gc,phases   ] GC(477)   Pre Evacuate Collection Set: 0.2ms
[83.772s][info][gc,phases   ] GC(477)   Merge Heap Roots: 0.1ms
[83.772s][info][gc,phases   ] GC(477)   Evacuate Collection Set: 0.9ms
[83.772s][info][gc,phases   ] GC(477)   Post Evacuate Collection Set: 0.4ms
[83.772s][info][gc,phases   ] GC(477)   Other: 0.3ms
[83.772s][info][gc,heap     ] GC(477) Eden regions: 1->0(95)
[83.772s][info][gc,heap     ] GC(477) Survivor regions: 1->1(12)
[83.772s][info][gc,heap     ] GC(477) Old regions: 33->33
[83.772s][info][gc,heap     ] GC(477) Archive regions: 0->0
[83.772s][info][gc,heap     ] GC(477) Humongous regions: 8->8
[83.772s][info][gc,metaspace] GC(477) Metaspace: 36889K(37184K)->36889K(37184K) NonClass: 32885K(33024K)->32885K(33024K) Class: 4003K(4160K)->4003K(4160K)
[83.772s][info][gc          ] GC(477) Pause Young (Concurrent Start) (G1 Humongous Allocation) 41M->41M(160M) 1.992ms
[83.772s][info][gc,cpu      ] GC(477) User=0.00s Sys=0.00s Real=0.00s
[83.772s][info][gc          ] GC(478) Concurrent Mark Cycle
[83.772s][info][gc,marking  ] GC(478) Concurrent Clear Claimed Marks
[83.772s][info][gc,marking  ] GC(478) Concurrent Clear Claimed Marks 0.079ms
[83.772s][info][gc,marking  ] GC(478) Concurrent Scan Root Regions
[83.773s][info][gc,marking  ] GC(478) Concurrent Scan Root Regions 0.613ms
[83.773s][info][gc,marking  ] GC(478) Concurrent Mark
[83.773s][info][gc,marking  ] GC(478) Concurrent Mark From Roots
[83.773s][info][gc,task     ] GC(478) Using 2 workers of 2 for marking
[83.783s][info][gc,marking  ] GC(478) Concurrent Mark From Roots 9.783ms
[83.783s][info][gc,marking  ] GC(478) Concurrent Preclean
[83.783s][info][gc,marking  ] GC(478) Concurrent Preclean 0.188ms
[83.783s][info][gc,start    ] GC(478) Pause Remark
[83.788s][info][gc          ] GC(478) Pause Remark 50M->50M(160M) 4.572ms
[83.788s][info][gc,cpu      ] GC(478) User=0.02s Sys=0.00s Real=0.01s
[83.788s][info][gc,marking  ] GC(478) Concurrent Mark 15.183ms
[83.788s][info][gc,marking  ] GC(478) Concurrent Rebuild Remembered Sets
[83.793s][info][gc,marking  ] GC(478) Concurrent Rebuild Remembered Sets 4.729ms
[83.793s][info][gc,start    ] GC(478) Pause Cleanup
[83.794s][info][gc          ] GC(478) Pause Cleanup 52M->52M(160M) 0.120ms
[83.794s][info][gc,cpu      ] GC(478) User=0.00s Sys=0.00s Real=0.00s
[83.794s][info][gc,marking  ] GC(478) Concurrent Cleanup for Next Mark
[83.794s][info][gc,marking  ] GC(478) Concurrent Cleanup for Next Mark 0.095ms
[83.794s][info][gc          ] GC(478) Concurrent Mark Cycle 21.637ms
[84.336s][info][gc,start    ] GC(479) Pause Young (Prepare Mixed) (G1 Preventive Collection)
[84.336s][info][gc,task     ] GC(479) Using 6 workers of 6 for evacuation
[84.338s][info][gc,phases   ] GC(479)   Pre Evacuate Collection Set: 0.2ms
[84.338s][info][gc,phases   ] GC(479)   Merge Heap Roots: 0.1ms
[84.338s][info][gc,phases   ] GC(479)   Evacuate Collection Set: 0.7ms
[84.338s][info][gc,phases   ] GC(479)   Post Evacuate Collection Set: 0.7ms
[84.338s][info][gc,phases   ] GC(479)   Other: 0.3ms
[84.338s][info][gc,heap     ] GC(479) Eden regions: 60->0(6)
[84.338s][info][gc,heap     ] GC(479) Survivor regions: 1->2(12)
[84.338s][info][gc,heap     ] GC(479) Old regions: 33->33
[84.338s][info][gc,heap     ] GC(479) Archive regions: 0->0
[84.338s][info][gc,heap     ] GC(479) Humongous regions: 76->4
[84.338s][info][gc,metaspace] GC(479) Metaspace: 36891K(37184K)->36891K(37184K) NonClass: 32887K(33024K)->32887K(33024K) Class: 4003K(4160K)->4003K(4160K)
[84.338s][info][gc          ] GC(479) Pause Young (Prepare Mixed) (G1 Preventive Collection) 169M->37M(172M) 2.034ms
[84.338s][info][gc,cpu      ] GC(479) User=0.00s Sys=0.00s Real=0.00s
[84.449s][info][gc,start    ] GC(480) Pause Young (Mixed) (GCLocker Initiated GC)
[84.449s][info][gc,task     ] GC(480) Using 6 workers of 6 for evacuation
[84.450s][info][gc,phases   ] GC(480)   Pre Evacuate Collection Set: 0.2ms
[84.450s][info][gc,phases   ] GC(480)   Merge Heap Roots: 0.1ms
[84.450s][info][gc,phases   ] GC(480)   Evacuate Collection Set: 0.8ms
[84.450s][info][gc,phases   ] GC(480)   Post Evacuate Collection Set: 0.5ms
[84.450s][info][gc,phases   ] GC(480)   Other: 0.3ms
[84.450s][info][gc,heap     ] GC(480) Eden regions: 6->0(102)
[84.450s][info][gc,heap     ] GC(480) Survivor regions: 2->1(1)
[84.450s][info][gc,heap     ] GC(480) Old regions: 33->33
[84.450s][info][gc,heap     ] GC(480) Archive regions: 0->0
[84.450s][info][gc,heap     ] GC(480) Humongous regions: 16->8
[84.450s][info][gc,metaspace] GC(480) Metaspace: 36891K(37184K)->36891K(37184K) NonClass: 32887K(33024K)->32887K(33024K) Class: 4003K(4160K)->4003K(4160K)
[84.451s][info][gc          ] GC(480) Pause Young (Mixed) (GCLocker Initiated GC) 55M->40M(172M) 1.914ms
[84.451s][info][gc,cpu      ] GC(480) User=0.00s Sys=0.00s Real=0.00s
[84.543s][info][gc,start    ] GC(481) Pause Young (Concurrent Start) (G1 Humongous Allocation)
[84.543s][info][gc,task     ] GC(481) Using 6 workers of 6 for evacuation
[84.545s][info][gc,phases   ] GC(481)   Pre Evacuate Collection Set: 0.2ms
[84.545s][info][gc,phases   ] GC(481)   Merge Heap Roots: 0.1ms
[84.545s][info][gc,phases   ] GC(481)   Evacuate Collection Set: 0.7ms
[84.545s][info][gc,phases   ] GC(481)   Post Evacuate Collection Set: 0.6ms
[84.545s][info][gc,phases   ] GC(481)   Other: 0.2ms
[84.545s][info][gc,heap     ] GC(481) Eden regions: 12->0(102)
[84.545s][info][gc,heap     ] GC(481) Survivor regions: 1->1(13)
[84.545s][info][gc,heap     ] GC(481) Old regions: 33->33
[84.545s][info][gc,heap     ] GC(481) Archive regions: 0->0
[84.545s][info][gc,heap     ] GC(481) Humongous regions: 8->4
[84.545s][info][gc,metaspace] GC(481) Metaspace: 36891K(37184K)->36891K(37184K) NonClass: 32887K(33024K)->32887K(33024K) Class: 4003K(4160K)->4003K(4160K)
[84.545s][info][gc          ] GC(481) Pause Young (Concurrent Start) (G1 Humongous Allocation) 52M->36M(172M) 1.904ms
[84.545s][info][gc,cpu      ] GC(481) User=0.00s Sys=0.00s Real=0.00s
[84.545s][info][gc          ] GC(482) Concurrent Mark Cycle
[84.545s][info][gc,marking  ] GC(482) Concurrent Clear Claimed Marks
[84.545s][info][gc,marking  ] GC(482) Concurrent Clear Claimed Marks 0.014ms
[84.545s][info][gc,marking  ] GC(482) Concurrent Scan Root Regions
[84.546s][info][gc,marking  ] GC(482) Concurrent Scan Root Regions 0.572ms
[84.546s][info][gc,marking  ] GC(482) Concurrent Mark
[84.546s][info][gc,marking  ] GC(482) Concurrent Mark From Roots
[84.546s][info][gc,task     ] GC(482) Using 2 workers of 2 for marking
[84.555s][info][gc,marking  ] GC(482) Concurrent Mark From Roots 8.784ms
[84.555s][info][gc,marking  ] GC(482) Concurrent Preclean
[84.555s][info][gc,marking  ] GC(482) Concurrent Preclean 0.097ms
[84.555s][info][gc,start    ] GC(482) Pause Remark
[84.558s][info][gc          ] GC(482) Pause Remark 50M->50M(172M) 2.785ms
[84.558s][info][gc,cpu      ] GC(482) User=0.00s Sys=0.00s Real=0.00s
[84.558s][info][gc,marking  ] GC(482) Concurrent Mark 12.301ms
[84.558s][info][gc,marking  ] GC(482) Concurrent Rebuild Remembered Sets
[84.562s][info][gc,marking  ] GC(482) Concurrent Rebuild Remembered Sets 4.270ms
[84.563s][info][gc,start    ] GC(482) Pause Cleanup
[84.563s][info][gc          ] GC(482) Pause Cleanup 50M->50M(172M) 0.146ms
[84.563s][info][gc,cpu      ] GC(482) User=0.00s Sys=0.00s Real=0.00s
[84.563s][info][gc,marking  ] GC(482) Concurrent Cleanup for Next Mark
[84.563s][info][gc,marking  ] GC(482) Concurrent Cleanup for Next Mark 0.218ms
[84.563s][info][gc          ] GC(482) Concurrent Mark Cycle 18.261ms
[85.114s][info][gc,start    ] GC(483) Pause Young (Prepare Mixed) (G1 Preventive Collection)
[85.114s][info][gc,task     ] GC(483) Using 6 workers of 6 for evacuation
[85.116s][info][gc,phases   ] GC(483)   Pre Evacuate Collection Set: 0.2ms
[85.116s][info][gc,phases   ] GC(483)   Merge Heap Roots: 0.1ms
[85.116s][info][gc,phases   ] GC(483)   Evacuate Collection Set: 0.6ms
[85.116s][info][gc,phases   ] GC(483)   Post Evacuate Collection Set: 0.6ms
[85.116s][info][gc,phases   ] GC(483)   Other: 0.2ms
[85.116s][info][gc,heap     ] GC(483) Eden regions: 60->0(7)
[85.116s][info][gc,heap     ] GC(483) Survivor regions: 1->1(13)
[85.116s][info][gc,heap     ] GC(483) Old regions: 33->33
[85.116s][info][gc,heap     ] GC(483) Archive regions: 0->0
[85.116s][info][gc,heap     ] GC(483) Humongous regions: 76->8
[85.116s][info][gc,metaspace] GC(483) Metaspace: 36894K(37184K)->36894K(37184K) NonClass: 32890K(33024K)->32890K(33024K) Class: 4003K(4160K)->4003K(4160K)
[85.116s][info][gc          ] GC(483) Pause Young (Prepare Mixed) (G1 Preventive Collection) 168M->41M(172M) 1.792ms
[85.116s][info][gc,cpu      ] GC(483) User=0.00s Sys=0.00s Real=0.00s
[85.143s][info][gc,start    ] GC(484) Pause Young (Mixed) (G1 Evacuation Pause)
[85.143s][info][gc,task     ] GC(484) Using 6 workers of 6 for evacuation
[85.144s][info][gc,phases   ] GC(484)   Pre Evacuate Collection Set: 0.2ms
[85.144s][info][gc,phases   ] GC(484)   Merge Heap Roots: 0.1ms
[85.144s][info][gc,phases   ] GC(484)   Evacuate Collection Set: 0.8ms
[85.144s][info][gc,phases   ] GC(484)   Post Evacuate Collection Set: 0.5ms
[85.144s][info][gc,phases   ] GC(484)   Other: 0.2ms
[85.144s][info][gc,heap     ] GC(484) Eden regions: 7->0(102)
[85.144s][info][gc,heap     ] GC(484) Survivor regions: 1->1(1)
[85.144s][info][gc,heap     ] GC(484) Old regions: 33->33
[85.144s][info][gc,heap     ] GC(484) Archive regions: 0->0
[85.144s][info][gc,heap     ] GC(484) Humongous regions: 8->4
[85.144s][info][gc,metaspace] GC(484) Metaspace: 36894K(37184K)->36894K(37184K) NonClass: 32890K(33024K)->32890K(33024K) Class: 4003K(4160K)->4003K(4160K)
[85.144s][info][gc          ] GC(484) Pause Young (Mixed) (G1 Evacuation Pause) 48M->37M(172M) 1.831ms
[85.145s][info][gc,cpu      ] GC(484) User=0.00s Sys=0.00s Real=0.00s
[85.194s][info][gc,start    ] GC(485) Pause Young (Concurrent Start) (G1 Humongous Allocation)
[85.194s][info][gc,task     ] GC(485) Using 6 workers of 6 for evacuation
[85.195s][info][gc,phases   ] GC(485)   Pre Evacuate Collection Set: 0.2ms
[85.195s][info][gc,phases   ] GC(485)   Merge Heap Roots: 0.1ms
[85.195s][info][gc,phases   ] GC(485)   Evacuate Collection Set: 0.7ms
[85.195s][info][gc,phases   ] GC(485)   Post Evacuate Collection Set: 0.4ms
[85.195s][info][gc,phases   ] GC(485)   Other: 0.3ms
[85.195s][info][gc,heap     ] GC(485) Eden regions: 3->0(102)
[85.195s][info][gc,heap     ] GC(485) Survivor regions: 1->1(13)
[85.195s][info][gc,heap     ] GC(485) Old regions: 33->33
[85.195s][info][gc,heap     ] GC(485) Archive regions: 0->0
[85.195s][info][gc,heap     ] GC(485) Humongous regions: 4->4
[85.195s][info][gc,metaspace] GC(485) Metaspace: 36894K(37184K)->36894K(37184K) NonClass: 32890K(33024K)->32890K(33024K) Class: 4003K(4160K)->4003K(4160K)
[85.195s][info][gc          ] GC(485) Pause Young (Concurrent Start) (G1 Humongous Allocation) 40M->37M(172M) 1.689ms
[85.195s][info][gc,cpu      ] GC(485) User=0.00s Sys=0.00s Real=0.00s
[85.195s][info][gc          ] GC(486) Concurrent Mark Cycle
[85.196s][info][gc,marking  ] GC(486) Concurrent Clear Claimed Marks
[85.196s][info][gc,marking  ] GC(486) Concurrent Clear Claimed Marks 0.016ms
[85.196s][info][gc,marking  ] GC(486) Concurrent Scan Root Regions
[85.196s][info][gc,marking  ] GC(486) Concurrent Scan Root Regions 0.461ms
[85.196s][info][gc,marking  ] GC(486) Concurrent Mark
[85.196s][info][gc,marking  ] GC(486) Concurrent Mark From Roots
[85.196s][info][gc,task     ] GC(486) Using 2 workers of 2 for marking
[85.205s][info][gc,marking  ] GC(486) Concurrent Mark From Roots 9.138ms
[85.205s][info][gc,marking  ] GC(486) Concurrent Preclean
[85.205s][info][gc,marking  ] GC(486) Concurrent Preclean 0.118ms
[85.206s][info][gc,start    ] GC(486) Pause Remark
[85.210s][info][gc          ] GC(486) Pause Remark 50M->50M(172M) 4.671ms
[85.210s][info][gc,cpu      ] GC(486) User=0.02s Sys=0.00s Real=0.00s
[85.211s][info][gc,marking  ] GC(486) Concurrent Mark 14.536ms
[85.211s][info][gc,marking  ] GC(486) Concurrent Rebuild Remembered Sets
[85.215s][info][gc,marking  ] GC(486) Concurrent Rebuild Remembered Sets 4.254ms
[85.215s][info][gc,start    ] GC(486) Pause Cleanup
[85.215s][info][gc          ] GC(486) Pause Cleanup 51M->51M(172M) 0.090ms
[85.215s][info][gc,cpu      ] GC(486) User=0.00s Sys=0.00s Real=0.00s
[85.215s][info][gc,marking  ] GC(486) Concurrent Cleanup for Next Mark
[85.216s][info][gc,marking  ] GC(486) Concurrent Cleanup for Next Mark 0.148ms
[85.216s][info][gc          ] GC(486) Concurrent Mark Cycle 20.123ms
[85.732s][info][gc,start    ] GC(487) Pause Young (Prepare Mixed) (G1 Preventive Collection)
[85.732s][info][gc,task     ] GC(487) Using 6 workers of 6 for evacuation
[85.734s][info][gc,phases   ] GC(487)   Pre Evacuate Collection Set: 0.2ms
[85.734s][info][gc,phases   ] GC(487)   Merge Heap Roots: 0.1ms
[85.734s][info][gc,phases   ] GC(487)   Evacuate Collection Set: 0.7ms
[85.734s][info][gc,phases   ] GC(487)   Post Evacuate Collection Set: 0.6ms
[85.734s][info][gc,phases   ] GC(487)   Other: 0.3ms
[85.734s][info][gc,heap     ] GC(487) Eden regions: 60->0(6)
[85.734s][info][gc,heap     ] GC(487) Survivor regions: 1->2(13)
[85.734s][info][gc,heap     ] GC(487) Old regions: 33->33
[85.734s][info][gc,heap     ] GC(487) Archive regions: 0->0
[85.734s][info][gc,heap     ] GC(487) Humongous regions: 76->4
[85.734s][info][gc,metaspace] GC(487) Metaspace: 36897K(37184K)->36897K(37184K) NonClass: 32893K(33024K)->32893K(33024K) Class: 4003K(4160K)->4003K(4160K)
[85.734s][info][gc          ] GC(487) Pause Young (Prepare Mixed) (G1 Preventive Collection) 169M->37M(172M) 1.834ms
[85.734s][info][gc,cpu      ] GC(487) User=0.00s Sys=0.00s Real=0.00s
[85.820s][info][gc,start    ] GC(488) Pause Young (Mixed) (G1 Evacuation Pause)
[85.821s][info][gc,task     ] GC(488) Using 6 workers of 6 for evacuation
[85.822s][info][gc,phases   ] GC(488)   Pre Evacuate Collection Set: 0.2ms
[85.822s][info][gc,phases   ] GC(488)   Merge Heap Roots: 0.1ms
[85.822s][info][gc,phases   ] GC(488)   Evacuate Collection Set: 0.6ms
[85.822s][info][gc,phases   ] GC(488)   Post Evacuate Collection Set: 0.4ms
[85.822s][info][gc,phases   ] GC(488)   Other: 0.2ms
[85.822s][info][gc,heap     ] GC(488) Eden regions: 6->0(102)
[85.822s][info][gc,heap     ] GC(488) Survivor regions: 2->1(1)
[85.822s][info][gc,heap     ] GC(488) Old regions: 33->34
[85.822s][info][gc,heap     ] GC(488) Archive regions: 0->0
[85.822s][info][gc,heap     ] GC(488) Humongous regions: 16->8
[85.822s][info][gc,metaspace] GC(488) Metaspace: 36898K(37184K)->36898K(37184K) NonClass: 32895K(33024K)->32895K(33024K) Class: 4003K(4160K)->4003K(4160K)
[85.822s][info][gc          ] GC(488) Pause Young (Mixed) (G1 Evacuation Pause) 55M->41M(172M) 1.611ms
[85.822s][info][gc,cpu      ] GC(488) User=0.00s Sys=0.00s Real=0.00s
[85.911s][info][gc,start    ] GC(489) Pause Young (Concurrent Start) (G1 Humongous Allocation)
[85.911s][info][gc,task     ] GC(489) Using 6 workers of 6 for evacuation
[85.913s][info][gc,phases   ] GC(489)   Pre Evacuate Collection Set: 0.2ms
[85.913s][info][gc,phases   ] GC(489)   Merge Heap Roots: 0.1ms
[85.913s][info][gc,phases   ] GC(489)   Evacuate Collection Set: 1.0ms
[85.913s][info][gc,phases   ] GC(489)   Post Evacuate Collection Set: 0.7ms
[85.913s][info][gc,phases   ] GC(489)   Other: 0.3ms
[85.913s][info][gc,heap     ] GC(489) Eden regions: 7->0(102)
[85.913s][info][gc,heap     ] GC(489) Survivor regions: 1->1(13)
[85.913s][info][gc,heap     ] GC(489) Old regions: 34->34
[85.913s][info][gc,heap     ] GC(489) Archive regions: 0->0
[85.913s][info][gc,heap     ] GC(489) Humongous regions: 8->4
[85.913s][info][gc,metaspace] GC(489) Metaspace: 36898K(37184K)->36898K(37184K) NonClass: 32895K(33024K)->32895K(33024K) Class: 4003K(4160K)->4003K(4160K)
[85.913s][info][gc          ] GC(489) Pause Young (Concurrent Start) (G1 Humongous Allocation) 47M->37M(172M) 2.369ms
[85.913s][info][gc,cpu      ] GC(489) User=0.05s Sys=0.00s Real=0.00s
[85.913s][info][gc          ] GC(490) Concurrent Mark Cycle
[85.913s][info][gc,marking  ] GC(490) Concurrent Clear Claimed Marks
[85.913s][info][gc,marking  ] GC(490) Concurrent Clear Claimed Marks 0.022ms
[85.913s][info][gc,marking  ] GC(490) Concurrent Scan Root Regions
[85.914s][info][gc,marking  ] GC(490) Concurrent Scan Root Regions 0.523ms
[85.914s][info][gc,marking  ] GC(490) Concurrent Mark
[85.914s][info][gc,marking  ] GC(490) Concurrent Mark From Roots
[85.914s][info][gc,task     ] GC(490) Using 2 workers of 2 for marking
[85.928s][info][gc,marking  ] GC(490) Concurrent Mark From Roots 13.832ms
[85.928s][info][gc,marking  ] GC(490) Concurrent Preclean
[85.928s][info][gc,marking  ] GC(490) Concurrent Preclean 0.159ms
[85.928s][info][gc,start    ] GC(490) Pause Remark
[85.933s][info][gc          ] GC(490) Pause Remark 50M->50M(172M) 5.024ms
[85.934s][info][gc,cpu      ] GC(490) User=0.00s Sys=0.00s Real=0.00s
[85.934s][info][gc,marking  ] GC(490) Concurrent Mark 19.694ms
[85.934s][info][gc,marking  ] GC(490) Concurrent Rebuild Remembered Sets
[85.938s][info][gc,marking  ] GC(490) Concurrent Rebuild Remembered Sets 4.285ms
[85.938s][info][gc,start    ] GC(490) Pause Cleanup
[85.938s][info][gc          ] GC(490) Pause Cleanup 51M->51M(172M) 0.160ms
[85.939s][info][gc,cpu      ] GC(490) User=0.00s Sys=0.00s Real=0.00s
[85.939s][info][gc,marking  ] GC(490) Concurrent Cleanup for Next Mark
[85.939s][info][gc,marking  ] GC(490) Concurrent Cleanup for Next Mark 0.172ms
[85.939s][info][gc          ] GC(490) Concurrent Mark Cycle 25.498ms
[86.489s][info][gc,start    ] GC(491) Pause Young (Prepare Mixed) (G1 Preventive Collection)
[86.489s][info][gc,task     ] GC(491) Using 6 workers of 6 for evacuation
[86.491s][info][gc,phases   ] GC(491)   Pre Evacuate Collection Set: 0.2ms
[86.491s][info][gc,phases   ] GC(491)   Merge Heap Roots: 0.1ms
[86.491s][info][gc,phases   ] GC(491)   Evacuate Collection Set: 1.0ms
[86.491s][info][gc,phases   ] GC(491)   Post Evacuate Collection Set: 0.6ms
[86.491s][info][gc,phases   ] GC(491)   Other: 0.4ms
[86.492s][info][gc,heap     ] GC(491) Eden regions: 59->0(6)
[86.492s][info][gc,heap     ] GC(491) Survivor regions: 1->2(13)
[86.492s][info][gc,heap     ] GC(491) Old regions: 34->34
[86.492s][info][gc,heap     ] GC(491) Archive regions: 0->0
[86.492s][info][gc,heap     ] GC(491) Humongous regions: 76->4
[86.492s][info][gc,metaspace] GC(491) Metaspace: 36919K(37184K)->36919K(37184K) NonClass: 32915K(33024K)->32915K(33024K) Class: 4003K(4160K)->4003K(4160K)
[86.492s][info][gc          ] GC(491) Pause Young (Prepare Mixed) (G1 Preventive Collection) 167M->37M(172M) 2.233ms
[86.492s][info][gc,cpu      ] GC(491) User=0.02s Sys=0.00s Real=0.00s
[86.537s][info][gc,start    ] GC(492) Pause Young (Mixed) (G1 Evacuation Pause)
[86.537s][info][gc,task     ] GC(492) Using 6 workers of 6 for evacuation
[86.538s][info][gc,phases   ] GC(492)   Pre Evacuate Collection Set: 0.2ms
[86.538s][info][gc,phases   ] GC(492)   Merge Heap Roots: 0.1ms
[86.538s][info][gc,phases   ] GC(492)   Evacuate Collection Set: 0.5ms
[86.538s][info][gc,phases   ] GC(492)   Post Evacuate Collection Set: 0.4ms
[86.538s][info][gc,phases   ] GC(492)   Other: 0.3ms
[86.538s][info][gc,heap     ] GC(492) Eden regions: 6->0(102)
[86.538s][info][gc,heap     ] GC(492) Survivor regions: 2->1(1)
[86.538s][info][gc,heap     ] GC(492) Old regions: 34->34
[86.538s][info][gc,heap     ] GC(492) Archive regions: 0->0
[86.538s][info][gc,heap     ] GC(492) Humongous regions: 16->8
[86.538s][info][gc,metaspace] GC(492) Metaspace: 36919K(37184K)->36919K(37184K) NonClass: 32915K(33024K)->32915K(33024K) Class: 4003K(4160K)->4003K(4160K)
[86.538s][info][gc          ] GC(492) Pause Young (Mixed) (G1 Evacuation Pause) 55M->41M(172M) 1.538ms
[86.538s][info][gc,cpu      ] GC(492) User=0.00s Sys=0.00s Real=0.00s
[86.630s][info][gc,start    ] GC(493) Pause Young (Concurrent Start) (G1 Humongous Allocation)
[86.630s][info][gc,task     ] GC(493) Using 6 workers of 6 for evacuation
[86.632s][info][gc,phases   ] GC(493)   Pre Evacuate Collection Set: 0.2ms
[86.632s][info][gc,phases   ] GC(493)   Merge Heap Roots: 0.1ms
[86.632s][info][gc,phases   ] GC(493)   Evacuate Collection Set: 0.7ms
[86.632s][info][gc,phases   ] GC(493)   Post Evacuate Collection Set: 0.6ms
[86.632s][info][gc,phases   ] GC(493)   Other: 0.3ms
[86.632s][info][gc,heap     ] GC(493) Eden regions: 8->0(102)
[86.632s][info][gc,heap     ] GC(493) Survivor regions: 1->1(13)
[86.632s][info][gc,heap     ] GC(493) Old regions: 34->34
[86.632s][info][gc,heap     ] GC(493) Archive regions: 0->0
[86.632s][info][gc,heap     ] GC(493) Humongous regions: 8->4
[86.632s][info][gc,metaspace] GC(493) Metaspace: 36919K(37184K)->36919K(37184K) NonClass: 32915K(33024K)->32915K(33024K) Class: 4003K(4160K)->4003K(4160K)
[86.632s][info][gc          ] GC(493) Pause Young (Concurrent Start) (G1 Humongous Allocation) 48M->37M(172M) 1.914ms
[86.632s][info][gc,cpu      ] GC(493) User=0.00s Sys=0.00s Real=0.00s
[86.632s][info][gc          ] GC(494) Concurrent Mark Cycle
[86.632s][info][gc,marking  ] GC(494) Concurrent Clear Claimed Marks
[86.632s][info][gc,marking  ] GC(494) Concurrent Clear Claimed Marks 0.014ms
[86.632s][info][gc,marking  ] GC(494) Concurrent Scan Root Regions
[86.633s][info][gc,marking  ] GC(494) Concurrent Scan Root Regions 0.490ms
[86.633s][info][gc,marking  ] GC(494) Concurrent Mark
[86.633s][info][gc,marking  ] GC(494) Concurrent Mark From Roots
[86.633s][info][gc,task     ] GC(494) Using 2 workers of 2 for marking
[86.643s][info][gc,marking  ] GC(494) Concurrent Mark From Roots 10.702ms
[86.643s][info][gc,marking  ] GC(494) Concurrent Preclean
[86.643s][info][gc,marking  ] GC(494) Concurrent Preclean 0.138ms
[86.644s][info][gc,start    ] GC(494) Pause Remark
[86.647s][info][gc          ] GC(494) Pause Remark 54M->54M(172M) 3.311ms
[86.647s][info][gc,cpu      ] GC(494) User=0.09s Sys=0.00s Real=0.00s
[86.647s][info][gc,marking  ] GC(494) Concurrent Mark 14.807ms
[86.647s][info][gc,marking  ] GC(494) Concurrent Rebuild Remembered Sets
[86.652s][info][gc,marking  ] GC(494) Concurrent Rebuild Remembered Sets 4.529ms
[86.652s][info][gc,start    ] GC(494) Pause Cleanup
[86.652s][info][gc          ] GC(494) Pause Cleanup 56M->56M(172M) 0.153ms
[86.652s][info][gc,cpu      ] GC(494) User=0.00s Sys=0.00s Real=0.00s
[86.653s][info][gc,marking  ] GC(494) Concurrent Cleanup for Next Mark
[86.653s][info][gc,marking  ] GC(494) Concurrent Cleanup for Next Mark 0.150ms
[86.653s][info][gc          ] GC(494) Concurrent Mark Cycle 20.768ms
[87.177s][info][gc,start    ] GC(495) Pause Young (Prepare Mixed) (G1 Preventive Collection)
[87.177s][info][gc,task     ] GC(495) Using 6 workers of 6 for evacuation
[87.179s][info][gc,phases   ] GC(495)   Pre Evacuate Collection Set: 0.2ms
[87.179s][info][gc,phases   ] GC(495)   Merge Heap Roots: 0.1ms
[87.179s][info][gc,phases   ] GC(495)   Evacuate Collection Set: 0.8ms
[87.179s][info][gc,phases   ] GC(495)   Post Evacuate Collection Set: 0.7ms
[87.179s][info][gc,phases   ] GC(495)   Other: 0.3ms
[87.179s][info][gc,heap     ] GC(495) Eden regions: 59->0(6)
[87.179s][info][gc,heap     ] GC(495) Survivor regions: 1->2(13)
[87.179s][info][gc,heap     ] GC(495) Old regions: 34->34
[87.179s][info][gc,heap     ] GC(495) Archive regions: 0->0
[87.179s][info][gc,heap     ] GC(495) Humongous regions: 76->8
[87.179s][info][gc,metaspace] GC(495) Metaspace: 36921K(37184K)->36921K(37184K) NonClass: 32917K(33024K)->32917K(33024K) Class: 4003K(4160K)->4003K(4160K)
[87.179s][info][gc          ] GC(495) Pause Young (Prepare Mixed) (G1 Preventive Collection) 167M->42M(172M) 2.214ms
[87.179s][info][gc,cpu      ] GC(495) User=0.00s Sys=0.02s Real=0.00s
[87.198s][info][gc,start    ] GC(496) Pause Young (Mixed) (G1 Evacuation Pause)
[87.199s][info][gc,task     ] GC(496) Using 6 workers of 6 for evacuation
[87.200s][info][gc,phases   ] GC(496)   Pre Evacuate Collection Set: 0.2ms
[87.200s][info][gc,phases   ] GC(496)   Merge Heap Roots: 0.1ms
[87.200s][info][gc,phases   ] GC(496)   Evacuate Collection Set: 0.6ms
[87.200s][info][gc,phases   ] GC(496)   Post Evacuate Collection Set: 0.5ms
[87.200s][info][gc,phases   ] GC(496)   Other: 0.2ms
[87.200s][info][gc,heap     ] GC(496) Eden regions: 6->0(102)
[87.200s][info][gc,heap     ] GC(496) Survivor regions: 2->1(1)
[87.200s][info][gc,heap     ] GC(496) Old regions: 34->34
[87.200s][info][gc,heap     ] GC(496) Archive regions: 0->0
[87.200s][info][gc,heap     ] GC(496) Humongous regions: 8->8
[87.200s][info][gc,metaspace] GC(496) Metaspace: 36921K(37184K)->36921K(37184K) NonClass: 32917K(33024K)->32917K(33024K) Class: 4003K(4160K)->4003K(4160K)
[87.200s][info][gc          ] GC(496) Pause Young (Mixed) (G1 Evacuation Pause) 48M->41M(172M) 1.689ms
[87.200s][info][gc,cpu      ] GC(496) User=0.00s Sys=0.00s Real=0.00s
[87.277s][info][gc,start    ] GC(497) Pause Young (Concurrent Start) (G1 Humongous Allocation)
[87.277s][info][gc,task     ] GC(497) Using 6 workers of 6 for evacuation
[87.278s][info][gc,phases   ] GC(497)   Pre Evacuate Collection Set: 0.2ms
[87.278s][info][gc,phases   ] GC(497)   Merge Heap Roots: 0.1ms
[87.278s][info][gc,phases   ] GC(497)   Evacuate Collection Set: 0.7ms
[87.278s][info][gc,phases   ] GC(497)   Post Evacuate Collection Set: 0.4ms
[87.278s][info][gc,phases   ] GC(497)   Other: 0.2ms
[87.278s][info][gc,heap     ] GC(497) Eden regions: 5->0(96)
[87.278s][info][gc,heap     ] GC(497) Survivor regions: 1->1(13)
[87.278s][info][gc,heap     ] GC(497) Old regions: 34->34
[87.278s][info][gc,heap     ] GC(497) Archive regions: 0->0
[87.278s][info][gc,heap     ] GC(497) Humongous regions: 8->8
[87.278s][info][gc,metaspace] GC(497) Metaspace: 36921K(37184K)->36921K(37184K) NonClass: 32917K(33024K)->32917K(33024K) Class: 4003K(4160K)->4003K(4160K)
[87.279s][info][gc          ] GC(497) Pause Young (Concurrent Start) (G1 Humongous Allocation) 46M->41M(172M) 1.699ms
[87.279s][info][gc,cpu      ] GC(497) User=0.00s Sys=0.00s Real=0.00s
[87.279s][info][gc          ] GC(498) Concurrent Mark Cycle
[87.279s][info][gc,marking  ] GC(498) Concurrent Clear Claimed Marks
[87.279s][info][gc,marking  ] GC(498) Concurrent Clear Claimed Marks 0.015ms
[87.279s][info][gc,marking  ] GC(498) Concurrent Scan Root Regions
[87.279s][info][gc,marking  ] GC(498) Concurrent Scan Root Regions 0.438ms
[87.279s][info][gc,marking  ] GC(498) Concurrent Mark
[87.279s][info][gc,marking  ] GC(498) Concurrent Mark From Roots
[87.279s][info][gc,task     ] GC(498) Using 2 workers of 2 for marking
[87.288s][info][gc,marking  ] GC(498) Concurrent Mark From Roots 8.914ms
[87.288s][info][gc,marking  ] GC(498) Concurrent Preclean
[87.288s][info][gc,marking  ] GC(498) Concurrent Preclean 0.113ms
[87.289s][info][gc,start    ] GC(498) Pause Remark
[87.291s][info][gc          ] GC(498) Pause Remark 54M->50M(172M) 2.584ms
[87.291s][info][gc,cpu      ] GC(498) User=0.00s Sys=0.00s Real=0.00s
[87.291s][info][gc,marking  ] GC(498) Concurrent Mark 12.229ms
[87.291s][info][gc,marking  ] GC(498) Concurrent Rebuild Remembered Sets
[87.296s][info][gc,marking  ] GC(498) Concurrent Rebuild Remembered Sets 4.222ms
[87.296s][info][gc,start    ] GC(498) Pause Cleanup
[87.296s][info][gc          ] GC(498) Pause Cleanup 51M->51M(172M) 0.159ms
[87.296s][info][gc,cpu      ] GC(498) User=0.00s Sys=0.00s Real=0.00s
[87.296s][info][gc,marking  ] GC(498) Concurrent Cleanup for Next Mark
[87.296s][info][gc,marking  ] GC(498) Concurrent Cleanup for Next Mark 0.140ms
[87.296s][info][gc          ] GC(498) Concurrent Mark Cycle 17.781ms
[87.781s][info][gc,start    ] GC(499) Pause Young (Prepare Mixed) (G1 Preventive Collection)
[87.781s][info][gc,task     ] GC(499) Using 6 workers of 6 for evacuation
[87.783s][info][gc,phases   ] GC(499)   Pre Evacuate Collection Set: 0.2ms
[87.783s][info][gc,phases   ] GC(499)   Merge Heap Roots: 0.1ms
[87.783s][info][gc,phases   ] GC(499)   Evacuate Collection Set: 0.7ms
[87.783s][info][gc,phases   ] GC(499)   Post Evacuate Collection Set: 0.5ms
[87.783s][info][gc,phases   ] GC(499)   Other: 0.3ms
[87.783s][info][gc,heap     ] GC(499) Eden regions: 58->0(7)
[87.783s][info][gc,heap     ] GC(499) Survivor regions: 1->1(13)
[87.783s][info][gc,heap     ] GC(499) Old regions: 34->34
[87.783s][info][gc,heap     ] GC(499) Archive regions: 0->0
[87.783s][info][gc,heap     ] GC(499) Humongous regions: 72->8
[87.783s][info][gc,metaspace] GC(499) Metaspace: 36924K(37184K)->36924K(37184K) NonClass: 32920K(33024K)->32920K(33024K) Class: 4003K(4160K)->4003K(4160K)
[87.783s][info][gc          ] GC(499) Pause Young (Prepare Mixed) (G1 Preventive Collection) 162M->41M(172M) 1.819ms
[87.783s][info][gc,cpu      ] GC(499) User=0.00s Sys=0.00s Real=0.00s
[87.810s][info][gc,start    ] GC(500) Pause Young (Mixed) (G1 Evacuation Pause)
[87.810s][info][gc,task     ] GC(500) Using 6 workers of 6 for evacuation
[87.812s][info][gc,phases   ] GC(500)   Pre Evacuate Collection Set: 0.2ms
[87.812s][info][gc,phases   ] GC(500)   Merge Heap Roots: 0.1ms
[87.812s][info][gc,phases   ] GC(500)   Evacuate Collection Set: 0.8ms
[87.812s][info][gc,phases   ] GC(500)   Post Evacuate Collection Set: 0.7ms
[87.812s][info][gc,phases   ] GC(500)   Other: 0.2ms
[87.812s][info][gc,heap     ] GC(500) Eden regions: 7->0(102)
[87.812s][info][gc,heap     ] GC(500) Survivor regions: 1->1(1)
[87.812s][info][gc,heap     ] GC(500) Old regions: 34->34
[87.812s][info][gc,heap     ] GC(500) Archive regions: 0->0
[87.812s][info][gc,heap     ] GC(500) Humongous regions: 12->4
[87.812s][info][gc,metaspace] GC(500) Metaspace: 36924K(37184K)->36924K(37184K) NonClass: 32920K(33024K)->32920K(33024K) Class: 4003K(4160K)->4003K(4160K)
[87.812s][info][gc          ] GC(500) Pause Young (Mixed) (G1 Evacuation Pause) 52M->38M(172M) 2.012ms
[87.812s][info][gc,cpu      ] GC(500) User=0.00s Sys=0.00s Real=0.00s
[87.884s][info][gc,start    ] GC(501) Pause Young (Concurrent Start) (G1 Humongous Allocation)
[87.884s][info][gc,task     ] GC(501) Using 6 workers of 6 for evacuation
[87.886s][info][gc,phases   ] GC(501)   Pre Evacuate Collection Set: 0.2ms
[87.886s][info][gc,phases   ] GC(501)   Merge Heap Roots: 0.1ms
[87.886s][info][gc,phases   ] GC(501)   Evacuate Collection Set: 0.7ms
[87.886s][info][gc,phases   ] GC(501)   Post Evacuate Collection Set: 0.4ms
[87.886s][info][gc,phases   ] GC(501)   Other: 0.2ms
[87.886s][info][gc,heap     ] GC(501) Eden regions: 7->0(102)
[87.886s][info][gc,heap     ] GC(501) Survivor regions: 1->1(13)
[87.886s][info][gc,heap     ] GC(501) Old regions: 34->34
[87.886s][info][gc,heap     ] GC(501) Archive regions: 0->0
[87.886s][info][gc,heap     ] GC(501) Humongous regions: 4->4
[87.886s][info][gc,metaspace] GC(501) Metaspace: 36925K(37248K)->36925K(37248K) NonClass: 32921K(33088K)->32921K(33088K) Class: 4003K(4160K)->4003K(4160K)
[87.886s][info][gc          ] GC(501) Pause Young (Concurrent Start) (G1 Humongous Allocation) 44M->37M(172M) 1.723ms
[87.886s][info][gc,cpu      ] GC(501) User=0.00s Sys=0.00s Real=0.00s
[87.886s][info][gc          ] GC(502) Concurrent Undo Cycle
[87.886s][info][gc,marking  ] GC(502) Concurrent Cleanup for Next Mark
[87.886s][info][gc,marking  ] GC(502) Concurrent Cleanup for Next Mark 0.120ms
[87.886s][info][gc          ] GC(502) Concurrent Undo Cycle 0.163ms
[87.888s][info][gc,start    ] GC(503) Pause Young (Concurrent Start) (G1 Humongous Allocation)
[87.888s][info][gc,task     ] GC(503) Using 6 workers of 6 for evacuation
[87.889s][info][gc,phases   ] GC(503)   Pre Evacuate Collection Set: 0.2ms
[87.889s][info][gc,phases   ] GC(503)   Merge Heap Roots: 0.1ms
[87.889s][info][gc,phases   ] GC(503)   Evacuate Collection Set: 0.8ms
[87.889s][info][gc,phases   ] GC(503)   Post Evacuate Collection Set: 0.5ms
[87.889s][info][gc,phases   ] GC(503)   Other: 0.2ms
[87.889s][info][gc,heap     ] GC(503) Eden regions: 0->0(100)
[87.889s][info][gc,heap     ] GC(503) Survivor regions: 1->1(13)
[87.889s][info][gc,heap     ] GC(503) Old regions: 34->34
[87.889s][info][gc,heap     ] GC(503) Archive regions: 0->0
[87.889s][info][gc,heap     ] GC(503) Humongous regions: 8->8
[87.890s][info][gc,metaspace] GC(503) Metaspace: 36925K(37248K)->36925K(37248K) NonClass: 32921K(33088K)->32921K(33088K) Class: 4003K(4160K)->4003K(4160K)
[87.890s][info][gc          ] GC(503) Pause Young (Concurrent Start) (G1 Humongous Allocation) 41M->41M(172M) 1.829ms
[87.890s][info][gc,cpu      ] GC(503) User=0.00s Sys=0.00s Real=0.00s
[87.890s][info][gc          ] GC(504) Concurrent Mark Cycle
[87.890s][info][gc,marking  ] GC(504) Concurrent Clear Claimed Marks
[87.890s][info][gc,marking  ] GC(504) Concurrent Clear Claimed Marks 0.021ms
[87.890s][info][gc,marking  ] GC(504) Concurrent Scan Root Regions
[87.890s][info][gc,marking  ] GC(504) Concurrent Scan Root Regions 0.499ms
[87.890s][info][gc,marking  ] GC(504) Concurrent Mark
[87.890s][info][gc,marking  ] GC(504) Concurrent Mark From Roots
[87.890s][info][gc,task     ] GC(504) Using 2 workers of 2 for marking
[87.899s][info][gc,marking  ] GC(504) Concurrent Mark From Roots 8.983ms
[87.899s][info][gc,marking  ] GC(504) Concurrent Preclean
[87.899s][info][gc,marking  ] GC(504) Concurrent Preclean 0.110ms
[87.900s][info][gc,start    ] GC(504) Pause Remark
[87.904s][info][gc          ] GC(504) Pause Remark 51M->51M(172M) 4.286ms
[87.904s][info][gc,cpu      ] GC(504) User=0.00s Sys=0.00s Real=0.00s
[87.904s][info][gc,marking  ] GC(504) Concurrent Mark 13.985ms
[87.904s][info][gc,marking  ] GC(504) Concurrent Rebuild Remembered Sets
[87.909s][info][gc,marking  ] GC(504) Concurrent Rebuild Remembered Sets 4.741ms
[87.909s][info][gc,start    ] GC(504) Pause Cleanup
[87.909s][info][gc          ] GC(504) Pause Cleanup 52M->52M(172M) 0.150ms
[87.910s][info][gc,cpu      ] GC(504) User=0.00s Sys=0.00s Real=0.00s
[87.910s][info][gc,marking  ] GC(504) Concurrent Cleanup for Next Mark
[87.910s][info][gc,marking  ] GC(504) Concurrent Cleanup for Next Mark 0.148ms
[87.910s][info][gc          ] GC(504) Concurrent Mark Cycle 20.118ms
[88.400s][info][gc,start    ] GC(505) Pause Young (Prepare Mixed) (G1 Preventive Collection)
[88.400s][info][gc,task     ] GC(505) Using 6 workers of 6 for evacuation
[88.402s][info][gc,phases   ] GC(505)   Pre Evacuate Collection Set: 0.2ms
[88.402s][info][gc,phases   ] GC(505)   Merge Heap Roots: 0.1ms
[88.402s][info][gc,phases   ] GC(505)   Evacuate Collection Set: 0.7ms
[88.402s][info][gc,phases   ] GC(505)   Post Evacuate Collection Set: 0.5ms
[88.402s][info][gc,phases   ] GC(505)   Other: 0.3ms
[88.402s][info][gc,heap     ] GC(505) Eden regions: 58->0(7)
[88.402s][info][gc,heap     ] GC(505) Survivor regions: 1->1(13)
[88.402s][info][gc,heap     ] GC(505) Old regions: 34->34
[88.402s][info][gc,heap     ] GC(505) Archive regions: 0->0
[88.402s][info][gc,heap     ] GC(505) Humongous regions: 72->8
[88.402s][info][gc,metaspace] GC(505) Metaspace: 36925K(37248K)->36925K(37248K) NonClass: 32921K(33088K)->32921K(33088K) Class: 4003K(4160K)->4003K(4160K)
[88.402s][info][gc          ] GC(505) Pause Young (Prepare Mixed) (G1 Preventive Collection) 162M->42M(172M) 1.690ms
[88.402s][info][gc,cpu      ] GC(505) User=0.00s Sys=0.00s Real=0.00s
[88.429s][info][gc,start    ] GC(506) Pause Young (Mixed) (G1 Evacuation Pause)
[88.429s][info][gc,task     ] GC(506) Using 6 workers of 6 for evacuation
[88.430s][info][gc,phases   ] GC(506)   Pre Evacuate Collection Set: 0.2ms
[88.430s][info][gc,phases   ] GC(506)   Merge Heap Roots: 0.1ms
[88.430s][info][gc,phases   ] GC(506)   Evacuate Collection Set: 0.6ms
[88.430s][info][gc,phases   ] GC(506)   Post Evacuate Collection Set: 0.6ms
[88.430s][info][gc,phases   ] GC(506)   Other: 0.2ms
[88.430s][info][gc,heap     ] GC(506) Eden regions: 7->0(102)
[88.430s][info][gc,heap     ] GC(506) Survivor regions: 1->1(1)
[88.430s][info][gc,heap     ] GC(506) Old regions: 34->34
[88.430s][info][gc,heap     ] GC(506) Archive regions: 0->0
[88.430s][info][gc,heap     ] GC(506) Humongous regions: 12->4
[88.430s][info][gc,metaspace] GC(506) Metaspace: 36925K(37248K)->36925K(37248K) NonClass: 32921K(33088K)->32921K(33088K) Class: 4003K(4160K)->4003K(4160K)
[88.430s][info][gc          ] GC(506) Pause Young (Mixed) (G1 Evacuation Pause) 52M->38M(172M) 1.715ms
[88.430s][info][gc,cpu      ] GC(506) User=0.00s Sys=0.00s Real=0.00s
[88.503s][info][gc,start    ] GC(507) Pause Young (Concurrent Start) (G1 Humongous Allocation)
[88.503s][info][gc,task     ] GC(507) Using 6 workers of 6 for evacuation
[88.504s][info][gc,phases   ] GC(507)   Pre Evacuate Collection Set: 0.2ms
[88.504s][info][gc,phases   ] GC(507)   Merge Heap Roots: 0.0ms
[88.504s][info][gc,phases   ] GC(507)   Evacuate Collection Set: 0.8ms
[88.504s][info][gc,phases   ] GC(507)   Post Evacuate Collection Set: 0.3ms
[88.504s][info][gc,phases   ] GC(507)   Other: 0.3ms
[88.504s][info][gc,heap     ] GC(507) Eden regions: 7->0(102)
[88.504s][info][gc,heap     ] GC(507) Survivor regions: 1->1(13)
[88.504s][info][gc,heap     ] GC(507) Old regions: 34->34
[88.504s][info][gc,heap     ] GC(507) Archive regions: 0->0
[88.504s][info][gc,heap     ] GC(507) Humongous regions: 4->4
[88.504s][info][gc,metaspace] GC(507) Metaspace: 36925K(37248K)->36925K(37248K) NonClass: 32921K(33088K)->32921K(33088K) Class: 4003K(4160K)->4003K(4160K)
[88.504s][info][gc          ] GC(507) Pause Young (Concurrent Start) (G1 Humongous Allocation) 45M->37M(172M) 1.737ms
[88.505s][info][gc,cpu      ] GC(507) User=0.02s Sys=0.00s Real=0.00s
[88.505s][info][gc          ] GC(508) Concurrent Mark Cycle
[88.505s][info][gc,marking  ] GC(508) Concurrent Clear Claimed Marks
[88.505s][info][gc,marking  ] GC(508) Concurrent Clear Claimed Marks 0.023ms
[88.505s][info][gc,marking  ] GC(508) Concurrent Scan Root Regions
[88.505s][info][gc,marking  ] GC(508) Concurrent Scan Root Regions 0.474ms
[88.505s][info][gc,marking  ] GC(508) Concurrent Mark
[88.505s][info][gc,marking  ] GC(508) Concurrent Mark From Roots
[88.505s][info][gc,task     ] GC(508) Using 2 workers of 2 for marking
[88.516s][info][gc,marking  ] GC(508) Concurrent Mark From Roots 10.477ms
[88.516s][info][gc,marking  ] GC(508) Concurrent Preclean
[88.516s][info][gc,marking  ] GC(508) Concurrent Preclean 0.134ms
[88.516s][info][gc,start    ] GC(508) Pause Remark
[88.519s][info][gc          ] GC(508) Pause Remark 50M->50M(172M) 2.233ms
[88.519s][info][gc,cpu      ] GC(508) User=0.00s Sys=0.00s Real=0.00s
[88.519s][info][gc,marking  ] GC(508) Concurrent Mark 13.677ms
[88.519s][info][gc,marking  ] GC(508) Concurrent Rebuild Remembered Sets
[88.524s][info][gc,marking  ] GC(508) Concurrent Rebuild Remembered Sets 5.114ms
[88.524s][info][gc,start    ] GC(508) Pause Cleanup
[88.525s][info][gc          ] GC(508) Pause Cleanup 51M->51M(172M) 0.156ms
[88.525s][info][gc,cpu      ] GC(508) User=0.00s Sys=0.00s Real=0.00s
[88.525s][info][gc,marking  ] GC(508) Concurrent Cleanup for Next Mark
[88.525s][info][gc,marking  ] GC(508) Concurrent Cleanup for Next Mark 0.086ms
[88.525s][info][gc          ] GC(508) Concurrent Mark Cycle 20.194ms
[89.059s][info][gc,start    ] GC(509) Pause Young (Prepare Mixed) (G1 Preventive Collection)
[89.059s][info][gc,task     ] GC(509) Using 6 workers of 6 for evacuation
[89.061s][info][gc,phases   ] GC(509)   Pre Evacuate Collection Set: 0.2ms
[89.061s][info][gc,phases   ] GC(509)   Merge Heap Roots: 0.1ms
[89.061s][info][gc,phases   ] GC(509)   Evacuate Collection Set: 0.6ms
[89.061s][info][gc,phases   ] GC(509)   Post Evacuate Collection Set: 0.5ms
[89.061s][info][gc,phases   ] GC(509)   Other: 0.2ms
[89.061s][info][gc,heap     ] GC(509) Eden regions: 58->0(6)
[89.061s][info][gc,heap     ] GC(509) Survivor regions: 1->2(13)
[89.061s][info][gc,heap     ] GC(509) Old regions: 34->34
[89.061s][info][gc,heap     ] GC(509) Archive regions: 0->0
[89.061s][info][gc,heap     ] GC(509) Humongous regions: 76->4
[89.061s][info][gc,metaspace] GC(509) Metaspace: 36925K(37248K)->36925K(37248K) NonClass: 32921K(33088K)->32921K(33088K) Class: 4003K(4160K)->4003K(4160K)
[89.061s][info][gc          ] GC(509) Pause Young (Prepare Mixed) (G1 Preventive Collection) 167M->38M(172M) 1.763ms
[89.061s][info][gc,cpu      ] GC(509) User=0.00s Sys=0.00s Real=0.00s
[89.101s][info][gc,start    ] GC(510) Pause Young (Mixed) (G1 Evacuation Pause)
[89.101s][info][gc,task     ] GC(510) Using 6 workers of 6 for evacuation
[89.103s][info][gc,phases   ] GC(510)   Pre Evacuate Collection Set: 0.1ms
[89.103s][info][gc,phases   ] GC(510)   Merge Heap Roots: 0.1ms
[89.103s][info][gc,phases   ] GC(510)   Evacuate Collection Set: 0.8ms
[89.103s][info][gc,phases   ] GC(510)   Post Evacuate Collection Set: 0.3ms
[89.103s][info][gc,phases   ] GC(510)   Other: 0.3ms
[89.103s][info][gc,heap     ] GC(510) Eden regions: 6->0(102)
[89.103s][info][gc,heap     ] GC(510) Survivor regions: 2->1(1)
[89.103s][info][gc,heap     ] GC(510) Old regions: 34->34
[89.103s][info][gc,heap     ] GC(510) Archive regions: 0->0
[89.103s][info][gc,heap     ] GC(510) Humongous regions: 4->4
[89.103s][info][gc,metaspace] GC(510) Metaspace: 36925K(37248K)->36925K(37248K) NonClass: 32921K(33088K)->32921K(33088K) Class: 4003K(4160K)->4003K(4160K)
[89.103s][info][gc          ] GC(510) Pause Young (Mixed) (G1 Evacuation Pause) 44M->38M(172M) 1.605ms
[89.103s][info][gc,cpu      ] GC(510) User=0.00s Sys=0.00s Real=0.00s
[89.134s][info][gc,start    ] GC(511) Pause Young (Concurrent Start) (G1 Humongous Allocation)
[89.134s][info][gc,task     ] GC(511) Using 6 workers of 6 for evacuation
[89.136s][info][gc,phases   ] GC(511)   Pre Evacuate Collection Set: 0.1ms
[89.136s][info][gc,phases   ] GC(511)   Merge Heap Roots: 0.0ms
[89.136s][info][gc,phases   ] GC(511)   Evacuate Collection Set: 1.0ms
[89.136s][info][gc,phases   ] GC(511)   Post Evacuate Collection Set: 0.4ms
[89.136s][info][gc,phases   ] GC(511)   Other: 0.3ms
[89.136s][info][gc,heap     ] GC(511) Eden regions: 2->0(101)
[89.136s][info][gc,heap     ] GC(511) Survivor regions: 1->1(13)
[89.136s][info][gc,heap     ] GC(511) Old regions: 34->34
[89.136s][info][gc,heap     ] GC(511) Archive regions: 0->0
[89.136s][info][gc,heap     ] GC(511) Humongous regions: 4->4
[89.136s][info][gc,metaspace] GC(511) Metaspace: 36925K(37248K)->36925K(37248K) NonClass: 32921K(33088K)->32921K(33088K) Class: 4003K(4160K)->4003K(4160K)
[89.136s][info][gc          ] GC(511) Pause Young (Concurrent Start) (G1 Humongous Allocation) 40M->37M(172M) 1.909ms
[89.136s][info][gc,cpu      ] GC(511) User=0.00s Sys=0.00s Real=0.00s
[89.136s][info][gc          ] GC(512) Concurrent Mark Cycle
[89.136s][info][gc,marking  ] GC(512) Concurrent Clear Claimed Marks
[89.136s][info][gc,marking  ] GC(512) Concurrent Clear Claimed Marks 0.025ms
[89.136s][info][gc,marking  ] GC(512) Concurrent Scan Root Regions
[89.137s][info][gc,marking  ] GC(512) Concurrent Scan Root Regions 0.626ms
[89.137s][info][gc,marking  ] GC(512) Concurrent Mark
[89.137s][info][gc,marking  ] GC(512) Concurrent Mark From Roots
[89.137s][info][gc,task     ] GC(512) Using 2 workers of 2 for marking
[89.148s][info][gc,marking  ] GC(512) Concurrent Mark From Roots 10.847ms
[89.148s][info][gc,marking  ] GC(512) Concurrent Preclean
[89.148s][info][gc,marking  ] GC(512) Concurrent Preclean 0.156ms
[89.148s][info][gc,start    ] GC(512) Pause Remark
[89.151s][info][gc          ] GC(512) Pause Remark 51M->51M(172M) 2.772ms
[89.151s][info][gc,cpu      ] GC(512) User=0.00s Sys=0.00s Real=0.00s
[89.151s][info][gc,marking  ] GC(512) Concurrent Mark 14.430ms
[89.152s][info][gc,marking  ] GC(512) Concurrent Rebuild Remembered Sets
[89.156s][info][gc,marking  ] GC(512) Concurrent Rebuild Remembered Sets 4.751ms
[89.157s][info][gc,start    ] GC(512) Pause Cleanup
[89.157s][info][gc          ] GC(512) Pause Cleanup 51M->51M(172M) 0.109ms
[89.157s][info][gc,cpu      ] GC(512) User=0.00s Sys=0.00s Real=0.00s
[89.157s][info][gc,marking  ] GC(512) Concurrent Cleanup for Next Mark
[89.157s][info][gc,marking  ] GC(512) Concurrent Cleanup for Next Mark 0.096ms
[89.157s][info][gc          ] GC(512) Concurrent Mark Cycle 20.737ms
[89.677s][info][gc,start    ] GC(513) Pause Young (Prepare Mixed) (G1 Preventive Collection)
[89.677s][info][gc,task     ] GC(513) Using 6 workers of 6 for evacuation
[89.678s][info][gc,phases   ] GC(513)   Pre Evacuate Collection Set: 0.2ms
[89.678s][info][gc,phases   ] GC(513)   Merge Heap Roots: 0.1ms
[89.678s][info][gc,phases   ] GC(513)   Evacuate Collection Set: 0.7ms
[89.678s][info][gc,phases   ] GC(513)   Post Evacuate Collection Set: 0.6ms
[89.678s][info][gc,phases   ] GC(513)   Other: 0.3ms
[89.678s][info][gc,heap     ] GC(513) Eden regions: 58->0(7)
[89.678s][info][gc,heap     ] GC(513) Survivor regions: 1->1(13)
[89.678s][info][gc,heap     ] GC(513) Old regions: 34->34
[89.678s][info][gc,heap     ] GC(513) Archive regions: 0->0
[89.678s][info][gc,heap     ] GC(513) Humongous regions: 72->8
[89.678s][info][gc,metaspace] GC(513) Metaspace: 36929K(37248K)->36929K(37248K) NonClass: 32925K(33088K)->32925K(33088K) Class: 4003K(4160K)->4003K(4160K)
[89.678s][info][gc          ] GC(513) Pause Young (Prepare Mixed) (G1 Preventive Collection) 163M->42M(172M) 1.794ms
[89.679s][info][gc,cpu      ] GC(513) User=0.05s Sys=0.00s Real=0.00s
[89.704s][info][gc,start    ] GC(514) Pause Young (Mixed) (G1 Evacuation Pause)
[89.704s][info][gc,task     ] GC(514) Using 6 workers of 6 for evacuation
[89.706s][info][gc,phases   ] GC(514)   Pre Evacuate Collection Set: 0.2ms
[89.706s][info][gc,phases   ] GC(514)   Merge Heap Roots: 0.1ms
[89.706s][info][gc,phases   ] GC(514)   Evacuate Collection Set: 0.6ms
[89.706s][info][gc,phases   ] GC(514)   Post Evacuate Collection Set: 0.5ms
[89.706s][info][gc,phases   ] GC(514)   Other: 0.2ms
[89.706s][info][gc,heap     ] GC(514) Eden regions: 7->0(102)
[89.706s][info][gc,heap     ] GC(514) Survivor regions: 1->1(1)
[89.706s][info][gc,heap     ] GC(514) Old regions: 34->35
[89.706s][info][gc,heap     ] GC(514) Archive regions: 0->0
[89.706s][info][gc,heap     ] GC(514) Humongous regions: 12->4
[89.706s][info][gc,metaspace] GC(514) Metaspace: 36929K(37248K)->36929K(37248K) NonClass: 32925K(33088K)->32925K(33088K) Class: 4003K(4160K)->4003K(4160K)
[89.706s][info][gc          ] GC(514) Pause Young (Mixed) (G1 Evacuation Pause) 53M->38M(172M) 1.793ms
[89.706s][info][gc,cpu      ] GC(514) User=0.00s Sys=0.00s Real=0.00s
[89.779s][info][gc,start    ] GC(515) Pause Young (Concurrent Start) (G1 Humongous Allocation)
[89.779s][info][gc,task     ] GC(515) Using 6 workers of 6 for evacuation
[89.780s][info][gc,phases   ] GC(515)   Pre Evacuate Collection Set: 0.2ms
[89.780s][info][gc,phases   ] GC(515)   Merge Heap Roots: 0.1ms
[89.780s][info][gc,phases   ] GC(515)   Evacuate Collection Set: 0.8ms
[89.780s][info][gc,phases   ] GC(515)   Post Evacuate Collection Set: 0.3ms
[89.780s][info][gc,phases   ] GC(515)   Other: 0.3ms
[89.780s][info][gc,heap     ] GC(515) Eden regions: 7->0(102)
[89.780s][info][gc,heap     ] GC(515) Survivor regions: 1->1(13)
[89.780s][info][gc,heap     ] GC(515) Old regions: 35->35
[89.780s][info][gc,heap     ] GC(515) Archive regions: 0->0
[89.780s][info][gc,heap     ] GC(515) Humongous regions: 4->4
[89.780s][info][gc,metaspace] GC(515) Metaspace: 36929K(37248K)->36929K(37248K) NonClass: 32925K(33088K)->32925K(33088K) Class: 4003K(4160K)->4003K(4160K)
[89.780s][info][gc          ] GC(515) Pause Young (Concurrent Start) (G1 Humongous Allocation) 45M->38M(172M) 1.735ms
[89.780s][info][gc,cpu      ] GC(515) User=0.00s Sys=0.00s Real=0.00s
[89.780s][info][gc          ] GC(516) Concurrent Mark Cycle
[89.780s][info][gc,marking  ] GC(516) Concurrent Clear Claimed Marks
[89.781s][info][gc,marking  ] GC(516) Concurrent Clear Claimed Marks 0.022ms
[89.781s][info][gc,marking  ] GC(516) Concurrent Scan Root Regions
[89.781s][info][gc,marking  ] GC(516) Concurrent Scan Root Regions 0.482ms
[89.781s][info][gc,marking  ] GC(516) Concurrent Mark
[89.781s][info][gc,marking  ] GC(516) Concurrent Mark From Roots
[89.781s][info][gc,task     ] GC(516) Using 2 workers of 2 for marking
[89.790s][info][gc,marking  ] GC(516) Concurrent Mark From Roots 9.378ms
[89.790s][info][gc,marking  ] GC(516) Concurrent Preclean
[89.791s][info][gc,marking  ] GC(516) Concurrent Preclean 0.145ms
[89.791s][info][gc,start    ] GC(516) Pause Remark
[89.794s][info][gc          ] GC(516) Pause Remark 51M->51M(172M) 3.287ms
[89.794s][info][gc,cpu      ] GC(516) User=0.00s Sys=0.00s Real=0.00s
[89.794s][info][gc,marking  ] GC(516) Concurrent Mark 13.434ms
[89.794s][info][gc,marking  ] GC(516) Concurrent Rebuild Remembered Sets
[89.799s][info][gc,marking  ] GC(516) Concurrent Rebuild Remembered Sets 4.388ms
[89.799s][info][gc,start    ] GC(516) Pause Cleanup
[89.799s][info][gc          ] GC(516) Pause Cleanup 52M->52M(172M) 0.169ms
[89.799s][info][gc,cpu      ] GC(516) User=0.00s Sys=0.00s Real=0.00s
[89.800s][info][gc,marking  ] GC(516) Concurrent Cleanup for Next Mark
[89.800s][info][gc,marking  ] GC(516) Concurrent Cleanup for Next Mark 0.160ms
[89.800s][info][gc          ] GC(516) Concurrent Mark Cycle 19.303ms
[90.294s][info][gc,start    ] GC(517) Pause Young (Prepare Mixed) (G1 Preventive Collection)
[90.294s][info][gc,task     ] GC(517) Using 6 workers of 6 for evacuation
[90.296s][info][gc,phases   ] GC(517)   Pre Evacuate Collection Set: 0.2ms
[90.296s][info][gc,phases   ] GC(517)   Merge Heap Roots: 0.1ms
[90.296s][info][gc,phases   ] GC(517)   Evacuate Collection Set: 0.8ms
[90.296s][info][gc,phases   ] GC(517)   Post Evacuate Collection Set: 0.5ms
[90.296s][info][gc,phases   ] GC(517)   Other: 0.3ms
[90.296s][info][gc,heap     ] GC(517) Eden regions: 58->0(7)
[90.296s][info][gc,heap     ] GC(517) Survivor regions: 1->1(13)
[90.296s][info][gc,heap     ] GC(517) Old regions: 35->35
[90.296s][info][gc,heap     ] GC(517) Archive regions: 0->0
[90.296s][info][gc,heap     ] GC(517) Humongous regions: 72->8
[90.296s][info][gc,metaspace] GC(517) Metaspace: 36929K(37248K)->36929K(37248K) NonClass: 32925K(33088K)->32925K(33088K) Class: 4003K(4160K)->4003K(4160K)
[90.296s][info][gc          ] GC(517) Pause Young (Prepare Mixed) (G1 Preventive Collection) 163M->42M(172M) 1.929ms
[90.296s][info][gc,cpu      ] GC(517) User=0.00s Sys=0.00s Real=0.00s
[90.310s][info][gc,start    ] GC(518) Pause Young (Mixed) (G1 Evacuation Pause)
[90.311s][info][gc,task     ] GC(518) Using 6 workers of 6 for evacuation
[90.312s][info][gc,phases   ] GC(518)   Pre Evacuate Collection Set: 0.2ms
[90.312s][info][gc,phases   ] GC(518)   Merge Heap Roots: 0.1ms
[90.312s][info][gc,phases   ] GC(518)   Evacuate Collection Set: 0.7ms
[90.312s][info][gc,phases   ] GC(518)   Post Evacuate Collection Set: 0.4ms
[90.312s][info][gc,phases   ] GC(518)   Other: 0.2ms
[90.312s][info][gc,heap     ] GC(518) Eden regions: 7->0(102)
[90.312s][info][gc,heap     ] GC(518) Survivor regions: 1->1(1)
[90.312s][info][gc,heap     ] GC(518) Old regions: 35->34
[90.312s][info][gc,heap     ] GC(518) Archive regions: 0->0
[90.312s][info][gc,heap     ] GC(518) Humongous regions: 12->8
[90.312s][info][gc,metaspace] GC(518) Metaspace: 36929K(37248K)->36929K(37248K) NonClass: 32925K(33088K)->32925K(33088K) Class: 4003K(4160K)->4003K(4160K)
[90.312s][info][gc          ] GC(518) Pause Young (Mixed) (G1 Evacuation Pause) 53M->41M(172M) 1.610ms
[90.312s][info][gc,cpu      ] GC(518) User=0.00s Sys=0.00s Real=0.00s
[90.399s][info][gc,start    ] GC(519) Pause Young (Concurrent Start) (G1 Humongous Allocation)
[90.399s][info][gc,task     ] GC(519) Using 6 workers of 6 for evacuation
[90.401s][info][gc,phases   ] GC(519)   Pre Evacuate Collection Set: 0.2ms
[90.401s][info][gc,phases   ] GC(519)   Merge Heap Roots: 0.1ms
[90.401s][info][gc,phases   ] GC(519)   Evacuate Collection Set: 0.7ms
[90.401s][info][gc,phases   ] GC(519)   Post Evacuate Collection Set: 0.5ms
[90.401s][info][gc,phases   ] GC(519)   Other: 0.2ms
[90.401s][info][gc,heap     ] GC(519) Eden regions: 7->0(102)
[90.401s][info][gc,heap     ] GC(519) Survivor regions: 1->1(13)
[90.401s][info][gc,heap     ] GC(519) Old regions: 34->34
[90.401s][info][gc,heap     ] GC(519) Archive regions: 0->0
[90.401s][info][gc,heap     ] GC(519) Humongous regions: 8->8
[90.401s][info][gc,metaspace] GC(519) Metaspace: 36929K(37248K)->36929K(37248K) NonClass: 32925K(33088K)->32925K(33088K) Class: 4003K(4160K)->4003K(4160K)
[90.401s][info][gc          ] GC(519) Pause Young (Concurrent Start) (G1 Humongous Allocation) 48M->42M(172M) 1.613ms
[90.401s][info][gc,cpu      ] GC(519) User=0.00s Sys=0.00s Real=0.00s
[90.401s][info][gc          ] GC(520) Concurrent Mark Cycle
[90.401s][info][gc,marking  ] GC(520) Concurrent Clear Claimed Marks
[90.401s][info][gc,marking  ] GC(520) Concurrent Clear Claimed Marks 0.019ms
[90.401s][info][gc,marking  ] GC(520) Concurrent Scan Root Regions
[90.401s][info][gc,marking  ] GC(520) Concurrent Scan Root Regions 0.472ms
[90.401s][info][gc,marking  ] GC(520) Concurrent Mark
[90.401s][info][gc,marking  ] GC(520) Concurrent Mark From Roots
[90.401s][info][gc,task     ] GC(520) Using 2 workers of 2 for marking
[90.411s][info][gc,marking  ] GC(520) Concurrent Mark From Roots 9.508ms
[90.411s][info][gc,marking  ] GC(520) Concurrent Preclean
[90.411s][info][gc,marking  ] GC(520) Concurrent Preclean 0.131ms
[90.411s][info][gc,start    ] GC(520) Pause Remark
[90.416s][info][gc          ] GC(520) Pause Remark 55M->55M(172M) 4.356ms
[90.416s][info][gc,cpu      ] GC(520) User=0.00s Sys=0.00s Real=0.01s
[90.416s][info][gc,marking  ] GC(520) Concurrent Mark 14.638ms
[90.416s][info][gc,marking  ] GC(520) Concurrent Rebuild Remembered Sets
[90.420s][info][gc,marking  ] GC(520) Concurrent Rebuild Remembered Sets 4.340ms
[90.421s][info][gc,start    ] GC(520) Pause Cleanup
[90.421s][info][gc          ] GC(520) Pause Cleanup 56M->56M(172M) 0.129ms
[90.421s][info][gc,cpu      ] GC(520) User=0.00s Sys=0.00s Real=0.00s
[90.421s][info][gc,marking  ] GC(520) Concurrent Cleanup for Next Mark
[90.421s][info][gc,marking  ] GC(520) Concurrent Cleanup for Next Mark 0.161ms
[90.421s][info][gc          ] GC(520) Concurrent Mark Cycle 20.347ms
[90.933s][info][gc,start    ] GC(521) Pause Young (Prepare Mixed) (G1 Preventive Collection)
[90.933s][info][gc,task     ] GC(521) Using 6 workers of 6 for evacuation
[90.935s][info][gc,phases   ] GC(521)   Pre Evacuate Collection Set: 0.1ms
[90.935s][info][gc,phases   ] GC(521)   Merge Heap Roots: 0.0ms
[90.935s][info][gc,phases   ] GC(521)   Evacuate Collection Set: 0.7ms
[90.935s][info][gc,phases   ] GC(521)   Post Evacuate Collection Set: 0.6ms
[90.935s][info][gc,phases   ] GC(521)   Other: 0.3ms
[90.935s][info][gc,heap     ] GC(521) Eden regions: 58->0(7)
[90.935s][info][gc,heap     ] GC(521) Survivor regions: 1->1(13)
[90.935s][info][gc,heap     ] GC(521) Old regions: 34->34
[90.935s][info][gc,heap     ] GC(521) Archive regions: 0->0
[90.935s][info][gc,heap     ] GC(521) Humongous regions: 80->8
[90.935s][info][gc,metaspace] GC(521) Metaspace: 36929K(37248K)->36929K(37248K) NonClass: 32925K(33088K)->32925K(33088K) Class: 4003K(4160K)->4003K(4160K)
[90.935s][info][gc          ] GC(521) Pause Young (Prepare Mixed) (G1 Preventive Collection) 172M->42M(176M) 1.706ms
[90.935s][info][gc,cpu      ] GC(521) User=0.00s Sys=0.00s Real=0.00s
[90.958s][info][gc,start    ] GC(522) Pause Young (Mixed) (G1 Evacuation Pause)
[90.958s][info][gc,task     ] GC(522) Using 6 workers of 6 for evacuation
[90.960s][info][gc,phases   ] GC(522)   Pre Evacuate Collection Set: 0.2ms
[90.960s][info][gc,phases   ] GC(522)   Merge Heap Roots: 0.0ms
[90.960s][info][gc,phases   ] GC(522)   Evacuate Collection Set: 1.2ms
[90.960s][info][gc,phases   ] GC(522)   Post Evacuate Collection Set: 0.3ms
[90.960s][info][gc,phases   ] GC(522)   Other: 0.3ms
[90.960s][info][gc,heap     ] GC(522) Eden regions: 7->0(104)
[90.960s][info][gc,heap     ] GC(522) Survivor regions: 1->1(1)
[90.960s][info][gc,heap     ] GC(522) Old regions: 34->35
[90.960s][info][gc,heap     ] GC(522) Archive regions: 0->0
[90.960s][info][gc,heap     ] GC(522) Humongous regions: 8->4
[90.960s][info][gc,metaspace] GC(522) Metaspace: 36929K(37248K)->36929K(37248K) NonClass: 32925K(33088K)->32925K(33088K) Class: 4003K(4160K)->4003K(4160K)
[90.960s][info][gc          ] GC(522) Pause Young (Mixed) (G1 Evacuation Pause) 49M->38M(176M) 2.033ms
[90.960s][info][gc,cpu      ] GC(522) User=0.02s Sys=0.00s Real=0.00s
[91.033s][info][gc,start    ] GC(523) Pause Young (Concurrent Start) (G1 Humongous Allocation)
[91.033s][info][gc,task     ] GC(523) Using 6 workers of 6 for evacuation
[91.034s][info][gc,phases   ] GC(523)   Pre Evacuate Collection Set: 0.2ms
[91.034s][info][gc,phases   ] GC(523)   Merge Heap Roots: 0.1ms
[91.034s][info][gc,phases   ] GC(523)   Evacuate Collection Set: 0.7ms
[91.034s][info][gc,phases   ] GC(523)   Post Evacuate Collection Set: 0.3ms
[91.034s][info][gc,phases   ] GC(523)   Other: 0.3ms
[91.034s][info][gc,heap     ] GC(523) Eden regions: 7->0(104)
[91.034s][info][gc,heap     ] GC(523) Survivor regions: 1->1(14)
[91.034s][info][gc,heap     ] GC(523) Old regions: 35->35
[91.034s][info][gc,heap     ] GC(523) Archive regions: 0->0
[91.034s][info][gc,heap     ] GC(523) Humongous regions: 4->4
[91.034s][info][gc,metaspace] GC(523) Metaspace: 36929K(37248K)->36929K(37248K) NonClass: 32925K(33088K)->32925K(33088K) Class: 4003K(4160K)->4003K(4160K)
[91.034s][info][gc          ] GC(523) Pause Young (Concurrent Start) (G1 Humongous Allocation) 45M->38M(176M) 1.569ms
[91.034s][info][gc,cpu      ] GC(523) User=0.00s Sys=0.00s Real=0.00s
[91.034s][info][gc          ] GC(524) Concurrent Mark Cycle
[91.034s][info][gc,marking  ] GC(524) Concurrent Clear Claimed Marks
[91.034s][info][gc,marking  ] GC(524) Concurrent Clear Claimed Marks 0.014ms
[91.035s][info][gc,marking  ] GC(524) Concurrent Scan Root Regions
[91.035s][info][gc,marking  ] GC(524) Concurrent Scan Root Regions 0.478ms
[91.035s][info][gc,marking  ] GC(524) Concurrent Mark
[91.035s][info][gc,marking  ] GC(524) Concurrent Mark From Roots
[91.035s][info][gc,task     ] GC(524) Using 2 workers of 2 for marking
[91.045s][info][gc,marking  ] GC(524) Concurrent Mark From Roots 9.976ms
[91.045s][info][gc,marking  ] GC(524) Concurrent Preclean
[91.045s][info][gc,marking  ] GC(524) Concurrent Preclean 0.111ms
[91.045s][info][gc,start    ] GC(524) Pause Remark
[91.050s][info][gc          ] GC(524) Pause Remark 51M->51M(176M) 4.363ms
[91.050s][info][gc,cpu      ] GC(524) User=0.00s Sys=0.00s Real=0.00s
[91.050s][info][gc,marking  ] GC(524) Concurrent Mark 15.062ms
[91.050s][info][gc,marking  ] GC(524) Concurrent Rebuild Remembered Sets
[91.054s][info][gc,marking  ] GC(524) Concurrent Rebuild Remembered Sets 4.346ms
[91.055s][info][gc,start    ] GC(524) Pause Cleanup
[91.055s][info][gc          ] GC(524) Pause Cleanup 52M->52M(176M) 0.151ms
[91.055s][info][gc,cpu      ] GC(524) User=0.00s Sys=0.00s Real=0.00s
[91.055s][info][gc,marking  ] GC(524) Concurrent Cleanup for Next Mark
[91.055s][info][gc,marking  ] GC(524) Concurrent Cleanup for Next Mark 0.168ms
[91.055s][info][gc          ] GC(524) Concurrent Mark Cycle 20.830ms
[91.579s][info][gc,start    ] GC(525) Pause Young (Prepare Mixed) (G1 Preventive Collection)
[91.579s][info][gc,task     ] GC(525) Using 6 workers of 6 for evacuation
[91.581s][info][gc,phases   ] GC(525)   Pre Evacuate Collection Set: 0.1ms
[91.581s][info][gc,phases   ] GC(525)   Merge Heap Roots: 0.1ms
[91.581s][info][gc,phases   ] GC(525)   Evacuate Collection Set: 0.6ms
[91.581s][info][gc,phases   ] GC(525)   Post Evacuate Collection Set: 0.4ms
[91.581s][info][gc,phases   ] GC(525)   Other: 0.3ms
[91.581s][info][gc,heap     ] GC(525) Eden regions: 61->0(7)
[91.581s][info][gc,heap     ] GC(525) Survivor regions: 1->1(14)
[91.581s][info][gc,heap     ] GC(525) Old regions: 35->35
[91.581s][info][gc,heap     ] GC(525) Archive regions: 0->0
[91.581s][info][gc,heap     ] GC(525) Humongous regions: 76->4
[91.581s][info][gc,metaspace] GC(525) Metaspace: 36933K(37248K)->36933K(37248K) NonClass: 32929K(33088K)->32929K(33088K) Class: 4003K(4160K)->4003K(4160K)
[91.581s][info][gc          ] GC(525) Pause Young (Prepare Mixed) (G1 Preventive Collection) 171M->39M(176M) 1.412ms
[91.581s][info][gc,cpu      ] GC(525) User=0.00s Sys=0.00s Real=0.00s
[91.615s][info][gc,start    ] GC(526) Pause Young (Mixed) (G1 Evacuation Pause)
[91.615s][info][gc,task     ] GC(526) Using 6 workers of 6 for evacuation
[91.617s][info][gc,phases   ] GC(526)   Pre Evacuate Collection Set: 0.1ms
[91.617s][info][gc,phases   ] GC(526)   Merge Heap Roots: 0.1ms
[91.617s][info][gc,phases   ] GC(526)   Evacuate Collection Set: 0.6ms
[91.617s][info][gc,phases   ] GC(526)   Post Evacuate Collection Set: 0.4ms
[91.617s][info][gc,phases   ] GC(526)   Other: 0.2ms
[91.617s][info][gc,heap     ] GC(526) Eden regions: 7->0(104)
[91.617s][info][gc,heap     ] GC(526) Survivor regions: 1->1(1)
[91.617s][info][gc,heap     ] GC(526) Old regions: 35->35
[91.617s][info][gc,heap     ] GC(526) Archive regions: 0->0
[91.617s][info][gc,heap     ] GC(526) Humongous regions: 4->4
[91.617s][info][gc,metaspace] GC(526) Metaspace: 36933K(37248K)->36933K(37248K) NonClass: 32929K(33088K)->32929K(33088K) Class: 4003K(4160K)->4003K(4160K)
[91.617s][info][gc          ] GC(526) Pause Young (Mixed) (G1 Evacuation Pause) 45M->38M(176M) 1.466ms
[91.617s][info][gc,cpu      ] GC(526) User=0.00s Sys=0.00s Real=0.00s
[91.655s][info][gc,start    ] GC(527) Pause Young (Concurrent Start) (G1 Humongous Allocation)
[91.655s][info][gc,task     ] GC(527) Using 6 workers of 6 for evacuation
[91.656s][info][gc,phases   ] GC(527)   Pre Evacuate Collection Set: 0.2ms
[91.656s][info][gc,phases   ] GC(527)   Merge Heap Roots: 0.1ms
[91.656s][info][gc,phases   ] GC(527)   Evacuate Collection Set: 0.8ms
[91.656s][info][gc,phases   ] GC(527)   Post Evacuate Collection Set: 0.3ms
[91.656s][info][gc,phases   ] GC(527)   Other: 0.3ms
[91.656s][info][gc,heap     ] GC(527) Eden regions: 4->0(104)
[91.656s][info][gc,heap     ] GC(527) Survivor regions: 1->1(14)
[91.656s][info][gc,heap     ] GC(527) Old regions: 35->35
[91.656s][info][gc,heap     ] GC(527) Archive regions: 0->0
[91.656s][info][gc,heap     ] GC(527) Humongous regions: 4->4
[91.656s][info][gc,metaspace] GC(527) Metaspace: 36933K(37248K)->36933K(37248K) NonClass: 32929K(33088K)->32929K(33088K) Class: 4003K(4160K)->4003K(4160K)
[91.656s][info][gc          ] GC(527) Pause Young (Concurrent Start) (G1 Humongous Allocation) 41M->38M(176M) 1.572ms
[91.656s][info][gc,cpu      ] GC(527) User=0.00s Sys=0.00s Real=0.00s
[91.657s][info][gc          ] GC(528) Concurrent Mark Cycle
[91.657s][info][gc,marking  ] GC(528) Concurrent Clear Claimed Marks
[91.657s][info][gc,marking  ] GC(528) Concurrent Clear Claimed Marks 0.030ms
[91.657s][info][gc,marking  ] GC(528) Concurrent Scan Root Regions
[91.657s][info][gc,marking  ] GC(528) Concurrent Scan Root Regions 0.660ms
[91.657s][info][gc,marking  ] GC(528) Concurrent Mark
[91.657s][info][gc,marking  ] GC(528) Concurrent Mark From Roots
[91.657s][info][gc,task     ] GC(528) Using 2 workers of 2 for marking
[91.667s][info][gc,marking  ] GC(528) Concurrent Mark From Roots 9.935ms
[91.667s][info][gc,marking  ] GC(528) Concurrent Preclean
[91.667s][info][gc,marking  ] GC(528) Concurrent Preclean 0.171ms
[91.668s][info][gc,start    ] GC(528) Pause Remark
[91.670s][info][gc          ] GC(528) Pause Remark 52M->52M(176M) 2.463ms
[91.670s][info][gc,cpu      ] GC(528) User=0.00s Sys=0.00s Real=0.00s
[91.670s][info][gc,marking  ] GC(528) Concurrent Mark 13.155ms
[91.670s][info][gc,marking  ] GC(528) Concurrent Rebuild Remembered Sets
[91.676s][info][gc,marking  ] GC(528) Concurrent Rebuild Remembered Sets 5.362ms
[91.676s][info][gc,start    ] GC(528) Pause Cleanup
[91.676s][info][gc          ] GC(528) Pause Cleanup 52M->52M(176M) 0.084ms
[91.676s][info][gc,cpu      ] GC(528) User=0.00s Sys=0.00s Real=0.00s
[91.676s][info][gc,marking  ] GC(528) Concurrent Cleanup for Next Mark
[91.677s][info][gc,marking  ] GC(528) Concurrent Cleanup for Next Mark 0.136ms
[91.677s][info][gc          ] GC(528) Concurrent Mark Cycle 20.014ms
[92.193s][info][gc,start    ] GC(529) Pause Young (Prepare Mixed) (G1 Preventive Collection)
[92.193s][info][gc,task     ] GC(529) Using 6 workers of 6 for evacuation
[92.195s][info][gc,phases   ] GC(529)   Pre Evacuate Collection Set: 0.2ms
[92.195s][info][gc,phases   ] GC(529)   Merge Heap Roots: 0.1ms
[92.195s][info][gc,phases   ] GC(529)   Evacuate Collection Set: 0.9ms
[92.195s][info][gc,phases   ] GC(529)   Post Evacuate Collection Set: 0.6ms
[92.195s][info][gc,phases   ] GC(529)   Other: 0.2ms
[92.195s][info][gc,heap     ] GC(529) Eden regions: 62->0(7)
[92.195s][info][gc,heap     ] GC(529) Survivor regions: 1->1(14)
[92.195s][info][gc,heap     ] GC(529) Old regions: 35->35
[92.195s][info][gc,heap     ] GC(529) Archive regions: 0->0
[92.195s][info][gc,heap     ] GC(529) Humongous regions: 76->4
[92.195s][info][gc,metaspace] GC(529) Metaspace: 36946K(37312K)->36946K(37312K) NonClass: 32942K(33152K)->32942K(33152K) Class: 4003K(4160K)->4003K(4160K)
[92.195s][info][gc          ] GC(529) Pause Young (Prepare Mixed) (G1 Preventive Collection) 172M->39M(176M) 2.050ms
[92.195s][info][gc,cpu      ] GC(529) User=0.00s Sys=0.00s Real=0.00s
[92.227s][info][gc,start    ] GC(530) Pause Young (Mixed) (G1 Evacuation Pause)
[92.227s][info][gc,task     ] GC(530) Using 6 workers of 6 for evacuation
[92.229s][info][gc,phases   ] GC(530)   Pre Evacuate Collection Set: 0.2ms
[92.229s][info][gc,phases   ] GC(530)   Merge Heap Roots: 0.1ms
[92.229s][info][gc,phases   ] GC(530)   Evacuate Collection Set: 0.7ms
[92.229s][info][gc,phases   ] GC(530)   Post Evacuate Collection Set: 0.5ms
[92.229s][info][gc,phases   ] GC(530)   Other: 0.2ms
[92.229s][info][gc,heap     ] GC(530) Eden regions: 7->0(104)
[92.229s][info][gc,heap     ] GC(530) Survivor regions: 1->1(1)
[92.229s][info][gc,heap     ] GC(530) Old regions: 35->35
[92.229s][info][gc,heap     ] GC(530) Archive regions: 0->0
[92.229s][info][gc,heap     ] GC(530) Humongous regions: 4->4
[92.229s][info][gc,metaspace] GC(530) Metaspace: 36946K(37312K)->36946K(37312K) NonClass: 32942K(33152K)->32942K(33152K) Class: 4003K(4160K)->4003K(4160K)
[92.229s][info][gc          ] GC(530) Pause Young (Mixed) (G1 Evacuation Pause) 45M->39M(176M) 1.736ms
[92.229s][info][gc,cpu      ] GC(530) User=0.00s Sys=0.00s Real=0.00s
[92.269s][info][gc,start    ] GC(531) Pause Young (Concurrent Start) (G1 Humongous Allocation)
[92.269s][info][gc,task     ] GC(531) Using 6 workers of 6 for evacuation
[92.271s][info][gc,phases   ] GC(531)   Pre Evacuate Collection Set: 0.2ms
[92.271s][info][gc,phases   ] GC(531)   Merge Heap Roots: 0.1ms
[92.271s][info][gc,phases   ] GC(531)   Evacuate Collection Set: 0.8ms
[92.271s][info][gc,phases   ] GC(531)   Post Evacuate Collection Set: 0.4ms
[92.271s][info][gc,phases   ] GC(531)   Other: 0.2ms
[92.271s][info][gc,heap     ] GC(531) Eden regions: 3->0(104)
[92.271s][info][gc,heap     ] GC(531) Survivor regions: 1->1(14)
[92.271s][info][gc,heap     ] GC(531) Old regions: 35->35
[92.271s][info][gc,heap     ] GC(531) Archive regions: 0->0
[92.271s][info][gc,heap     ] GC(531) Humongous regions: 4->4
[92.271s][info][gc,metaspace] GC(531) Metaspace: 36946K(37312K)->36946K(37312K) NonClass: 32942K(33152K)->32942K(33152K) Class: 4003K(4160K)->4003K(4160K)
[92.271s][info][gc          ] GC(531) Pause Young (Concurrent Start) (G1 Humongous Allocation) 42M->38M(176M) 1.769ms
[92.271s][info][gc,cpu      ] GC(531) User=0.09s Sys=0.00s Real=0.00s
[92.271s][info][gc          ] GC(532) Concurrent Mark Cycle
[92.271s][info][gc,marking  ] GC(532) Concurrent Clear Claimed Marks
[92.271s][info][gc,marking  ] GC(532) Concurrent Clear Claimed Marks 0.018ms
[92.271s][info][gc,marking  ] GC(532) Concurrent Scan Root Regions
[92.272s][info][gc,marking  ] GC(532) Concurrent Scan Root Regions 0.461ms
[92.272s][info][gc,marking  ] GC(532) Concurrent Mark
[92.272s][info][gc,marking  ] GC(532) Concurrent Mark From Roots
[92.272s][info][gc,task     ] GC(532) Using 2 workers of 2 for marking
[92.281s][info][gc,marking  ] GC(532) Concurrent Mark From Roots 9.576ms
[92.281s][info][gc,marking  ] GC(532) Concurrent Preclean
[92.281s][info][gc,marking  ] GC(532) Concurrent Preclean 0.141ms
[92.282s][info][gc,start    ] GC(532) Pause Remark
[92.284s][info][gc          ] GC(532) Pause Remark 51M->51M(176M) 2.642ms
[92.285s][info][gc,cpu      ] GC(532) User=0.00s Sys=0.00s Real=0.00s
[92.285s][info][gc,marking  ] GC(532) Concurrent Mark 12.986ms
[92.285s][info][gc,marking  ] GC(532) Concurrent Rebuild Remembered Sets
[92.289s][info][gc,marking  ] GC(532) Concurrent Rebuild Remembered Sets 4.647ms
[92.290s][info][gc,start    ] GC(532) Pause Cleanup
[92.290s][info][gc          ] GC(532) Pause Cleanup 52M->52M(176M) 0.133ms
[92.290s][info][gc,cpu      ] GC(532) User=0.00s Sys=0.00s Real=0.00s
[92.290s][info][gc,marking  ] GC(532) Concurrent Cleanup for Next Mark
[92.290s][info][gc,marking  ] GC(532) Concurrent Cleanup for Next Mark 0.164ms
[92.290s][info][gc          ] GC(532) Concurrent Mark Cycle 19.032ms
[92.821s][info][gc,start    ] GC(533) Pause Young (Prepare Mixed) (G1 Preventive Collection)
[92.821s][info][gc,task     ] GC(533) Using 6 workers of 6 for evacuation
[92.823s][info][gc,phases   ] GC(533)   Pre Evacuate Collection Set: 0.2ms
[92.823s][info][gc,phases   ] GC(533)   Merge Heap Roots: 0.1ms
[92.823s][info][gc,phases   ] GC(533)   Evacuate Collection Set: 0.7ms
[92.823s][info][gc,phases   ] GC(533)   Post Evacuate Collection Set: 0.5ms
[92.823s][info][gc,phases   ] GC(533)   Other: 0.3ms
[92.823s][info][gc,heap     ] GC(533) Eden regions: 62->0(6)
[92.823s][info][gc,heap     ] GC(533) Survivor regions: 1->2(14)
[92.823s][info][gc,heap     ] GC(533) Old regions: 35->35
[92.823s][info][gc,heap     ] GC(533) Archive regions: 0->0
[92.823s][info][gc,heap     ] GC(533) Humongous regions: 76->4
[92.823s][info][gc,metaspace] GC(533) Metaspace: 36946K(37312K)->36946K(37312K) NonClass: 32942K(33152K)->32942K(33152K) Class: 4003K(4160K)->4003K(4160K)
[92.823s][info][gc          ] GC(533) Pause Young (Prepare Mixed) (G1 Preventive Collection) 172M->39M(176M) 1.811ms
[92.823s][info][gc,cpu      ] GC(533) User=0.00s Sys=0.00s Real=0.00s
[92.918s][info][gc,start    ] GC(534) Pause Young (Mixed) (G1 Evacuation Pause)
[92.919s][info][gc,task     ] GC(534) Using 6 workers of 6 for evacuation
[92.920s][info][gc,phases   ] GC(534)   Pre Evacuate Collection Set: 0.2ms
[92.920s][info][gc,phases   ] GC(534)   Merge Heap Roots: 0.1ms
[92.920s][info][gc,phases   ] GC(534)   Evacuate Collection Set: 0.7ms
[92.920s][info][gc,phases   ] GC(534)   Post Evacuate Collection Set: 0.5ms
[92.920s][info][gc,phases   ] GC(534)   Other: 0.2ms
[92.920s][info][gc,heap     ] GC(534) Eden regions: 6->0(104)
[92.920s][info][gc,heap     ] GC(534) Survivor regions: 2->1(1)
[92.920s][info][gc,heap     ] GC(534) Old regions: 35->35
[92.920s][info][gc,heap     ] GC(534) Archive regions: 0->0
[92.920s][info][gc,heap     ] GC(534) Humongous regions: 16->8
[92.920s][info][gc,metaspace] GC(534) Metaspace: 36946K(37312K)->36946K(37312K) NonClass: 32942K(33152K)->32942K(33152K) Class: 4003K(4160K)->4003K(4160K)
[92.920s][info][gc          ] GC(534) Pause Young (Mixed) (G1 Evacuation Pause) 57M->42M(176M) 1.702ms
[92.920s][info][gc,cpu      ] GC(534) User=0.00s Sys=0.00s Real=0.00s
[93.001s][info][gc,start    ] GC(535) Pause Young (Concurrent Start) (G1 Humongous Allocation)
[93.001s][info][gc,task     ] GC(535) Using 6 workers of 6 for evacuation
[93.006s][info][gc,phases   ] GC(535)   Pre Evacuate Collection Set: 0.4ms
[93.006s][info][gc,phases   ] GC(535)   Merge Heap Roots: 0.2ms
[93.006s][info][gc,phases   ] GC(535)   Evacuate Collection Set: 2.2ms
[93.006s][info][gc,phases   ] GC(535)   Post Evacuate Collection Set: 1.2ms
[93.006s][info][gc,phases   ] GC(535)   Other: 0.7ms
[93.006s][info][gc,heap     ] GC(535) Eden regions: 6->0(103)
[93.006s][info][gc,heap     ] GC(535) Survivor regions: 1->1(14)
[93.006s][info][gc,heap     ] GC(535) Old regions: 35->35
[93.006s][info][gc,heap     ] GC(535) Archive regions: 0->0
[93.006s][info][gc,heap     ] GC(535) Humongous regions: 8->4
[93.006s][info][gc,metaspace] GC(535) Metaspace: 36946K(37312K)->36946K(37312K) NonClass: 32942K(33152K)->32942K(33152K) Class: 4003K(4160K)->4003K(4160K)
[93.006s][info][gc          ] GC(535) Pause Young (Concurrent Start) (G1 Humongous Allocation) 47M->38M(176M) 5.107ms
[93.007s][info][gc,cpu      ] GC(535) User=0.00s Sys=0.02s Real=0.00s
[93.007s][info][gc          ] GC(536) Concurrent Mark Cycle
[93.007s][info][gc,marking  ] GC(536) Concurrent Clear Claimed Marks
[93.007s][info][gc,marking  ] GC(536) Concurrent Clear Claimed Marks 0.087ms
[93.007s][info][gc,marking  ] GC(536) Concurrent Scan Root Regions
[93.008s][info][gc,marking  ] GC(536) Concurrent Scan Root Regions 1.169ms
[93.008s][info][gc,marking  ] GC(536) Concurrent Mark
[93.008s][info][gc,marking  ] GC(536) Concurrent Mark From Roots
[93.008s][info][gc,task     ] GC(536) Using 2 workers of 2 for marking
[93.019s][info][gc,marking  ] GC(536) Concurrent Mark From Roots 10.266ms
[93.019s][info][gc,marking  ] GC(536) Concurrent Preclean
[93.019s][info][gc,marking  ] GC(536) Concurrent Preclean 0.122ms
[93.019s][info][gc,start    ] GC(536) Pause Remark
[93.022s][info][gc          ] GC(536) Pause Remark 56M->56M(176M) 2.513ms
[93.022s][info][gc,cpu      ] GC(536) User=0.09s Sys=0.00s Real=0.00s
[93.022s][info][gc,marking  ] GC(536) Concurrent Mark 13.562ms
[93.022s][info][gc,marking  ] GC(536) Concurrent Rebuild Remembered Sets
[93.027s][info][gc,marking  ] GC(536) Concurrent Rebuild Remembered Sets 4.916ms
[93.027s][info][gc,start    ] GC(536) Pause Cleanup
[93.027s][info][gc          ] GC(536) Pause Cleanup 57M->57M(176M) 0.161ms
[93.027s][info][gc,cpu      ] GC(536) User=0.00s Sys=0.00s Real=0.00s
[93.027s][info][gc,marking  ] GC(536) Concurrent Cleanup for Next Mark
[93.028s][info][gc,marking  ] GC(536) Concurrent Cleanup for Next Mark 0.159ms
[93.028s][info][gc          ] GC(536) Concurrent Mark Cycle 20.804ms
[93.546s][info][gc,start    ] GC(537) Pause Young (Prepare Mixed) (G1 Preventive Collection)
[93.546s][info][gc,task     ] GC(537) Using 6 workers of 6 for evacuation
[93.548s][info][gc,phases   ] GC(537)   Pre Evacuate Collection Set: 0.2ms
[93.548s][info][gc,phases   ] GC(537)   Merge Heap Roots: 0.1ms
[93.548s][info][gc,phases   ] GC(537)   Evacuate Collection Set: 0.6ms
[93.548s][info][gc,phases   ] GC(537)   Post Evacuate Collection Set: 0.6ms
[93.548s][info][gc,phases   ] GC(537)   Other: 0.3ms
[93.548s][info][gc,heap     ] GC(537) Eden regions: 63->0(7)
[93.548s][info][gc,heap     ] GC(537) Survivor regions: 1->1(13)
[93.548s][info][gc,heap     ] GC(537) Old regions: 35->35
[93.548s][info][gc,heap     ] GC(537) Archive regions: 0->0
[93.548s][info][gc,heap     ] GC(537) Humongous regions: 72->8
[93.548s][info][gc,metaspace] GC(537) Metaspace: 37227K(37504K)->37227K(37504K) NonClass: 33223K(33344K)->33223K(33344K) Class: 4003K(4160K)->4003K(4160K)
[93.548s][info][gc          ] GC(537) Pause Young (Prepare Mixed) (G1 Preventive Collection) 169M->43M(176M) 1.851ms
[93.548s][info][gc,cpu      ] GC(537) User=0.00s Sys=0.00s Real=0.00s
[93.575s][info][gc,start    ] GC(538) Pause Young (Mixed) (G1 Evacuation Pause)
[93.575s][info][gc,task     ] GC(538) Using 6 workers of 6 for evacuation
[93.577s][info][gc,phases   ] GC(538)   Pre Evacuate Collection Set: 0.2ms
[93.577s][info][gc,phases   ] GC(538)   Merge Heap Roots: 0.1ms
[93.577s][info][gc,phases   ] GC(538)   Evacuate Collection Set: 0.7ms
[93.577s][info][gc,phases   ] GC(538)   Post Evacuate Collection Set: 0.5ms
[93.577s][info][gc,phases   ] GC(538)   Other: 0.2ms
[93.577s][info][gc,heap     ] GC(538) Eden regions: 7->0(104)
[93.577s][info][gc,heap     ] GC(538) Survivor regions: 1->1(1)
[93.577s][info][gc,heap     ] GC(538) Old regions: 35->35
[93.577s][info][gc,heap     ] GC(538) Archive regions: 0->0
[93.577s][info][gc,heap     ] GC(538) Humongous regions: 12->4
[93.577s][info][gc,metaspace] GC(538) Metaspace: 37227K(37504K)->37227K(37504K) NonClass: 33223K(33344K)->33223K(33344K) Class: 4003K(4160K)->4003K(4160K)
[93.577s][info][gc          ] GC(538) Pause Young (Mixed) (G1 Evacuation Pause) 54M->39M(176M) 1.727ms
[93.577s][info][gc,cpu      ] GC(538) User=0.00s Sys=0.00s Real=0.00s
[93.649s][info][gc,start    ] GC(539) Pause Young (Concurrent Start) (G1 Humongous Allocation)
[93.649s][info][gc,task     ] GC(539) Using 6 workers of 6 for evacuation
[93.651s][info][gc,phases   ] GC(539)   Pre Evacuate Collection Set: 0.2ms
[93.651s][info][gc,phases   ] GC(539)   Merge Heap Roots: 0.1ms
[93.651s][info][gc,phases   ] GC(539)   Evacuate Collection Set: 0.8ms
[93.651s][info][gc,phases   ] GC(539)   Post Evacuate Collection Set: 0.4ms
[93.651s][info][gc,phases   ] GC(539)   Other: 0.3ms
[93.651s][info][gc,heap     ] GC(539) Eden regions: 6->0(104)
[93.651s][info][gc,heap     ] GC(539) Survivor regions: 1->1(14)
[93.651s][info][gc,heap     ] GC(539) Old regions: 35->35
[93.651s][info][gc,heap     ] GC(539) Archive regions: 0->0
[93.651s][info][gc,heap     ] GC(539) Humongous regions: 4->4
[93.651s][info][gc,metaspace] GC(539) Metaspace: 37227K(37504K)->37227K(37504K) NonClass: 33223K(33344K)->33223K(33344K) Class: 4003K(4160K)->4003K(4160K)
[93.651s][info][gc          ] GC(539) Pause Young (Concurrent Start) (G1 Humongous Allocation) 45M->38M(176M) 1.932ms
[93.651s][info][gc,cpu      ] GC(539) User=0.00s Sys=0.00s Real=0.00s
[93.651s][info][gc          ] GC(540) Concurrent Mark Cycle
[93.651s][info][gc,marking  ] GC(540) Concurrent Clear Claimed Marks
[93.651s][info][gc,marking  ] GC(540) Concurrent Clear Claimed Marks 0.023ms
[93.651s][info][gc,marking  ] GC(540) Concurrent Scan Root Regions
[93.652s][info][gc,marking  ] GC(540) Concurrent Scan Root Regions 0.590ms
[93.652s][info][gc,marking  ] GC(540) Concurrent Mark
[93.652s][info][gc,marking  ] GC(540) Concurrent Mark From Roots
[93.652s][info][gc,task     ] GC(540) Using 2 workers of 2 for marking
[93.662s][info][gc,marking  ] GC(540) Concurrent Mark From Roots 10.264ms
[93.662s][info][gc,marking  ] GC(540) Concurrent Preclean
[93.662s][info][gc,marking  ] GC(540) Concurrent Preclean 0.143ms
[93.663s][info][gc,start    ] GC(540) Pause Remark
[93.667s][info][gc          ] GC(540) Pause Remark 53M->53M(176M) 4.499ms
[93.667s][info][gc,cpu      ] GC(540) User=0.00s Sys=0.00s Real=0.00s
[93.667s][info][gc,marking  ] GC(540) Concurrent Mark 15.509ms
[93.667s][info][gc,marking  ] GC(540) Concurrent Rebuild Remembered Sets
[93.672s][info][gc,marking  ] GC(540) Concurrent Rebuild Remembered Sets 4.605ms
[93.672s][info][gc,start    ] GC(540) Pause Cleanup
[93.673s][info][gc          ] GC(540) Pause Cleanup 54M->54M(176M) 0.148ms
[93.673s][info][gc,cpu      ] GC(540) User=0.00s Sys=0.00s Real=0.00s
[93.673s][info][gc,marking  ] GC(540) Concurrent Cleanup for Next Mark
[93.673s][info][gc,marking  ] GC(540) Concurrent Cleanup for Next Mark 0.098ms
[93.673s][info][gc          ] GC(540) Concurrent Mark Cycle 21.735ms
[94.181s][info][gc,start    ] GC(541) Pause Young (Prepare Mixed) (G1 Preventive Collection)
[94.181s][info][gc,task     ] GC(541) Using 6 workers of 6 for evacuation
[94.183s][info][gc,phases   ] GC(541)   Pre Evacuate Collection Set: 0.1ms
[94.183s][info][gc,phases   ] GC(541)   Merge Heap Roots: 0.1ms
[94.183s][info][gc,phases   ] GC(541)   Evacuate Collection Set: 0.7ms
[94.183s][info][gc,phases   ] GC(541)   Post Evacuate Collection Set: 0.4ms
[94.183s][info][gc,phases   ] GC(541)   Other: 0.3ms
[94.183s][info][gc,heap     ] GC(541) Eden regions: 60->0(7)
[94.183s][info][gc,heap     ] GC(541) Survivor regions: 1->1(14)
[94.183s][info][gc,heap     ] GC(541) Old regions: 35->35
[94.183s][info][gc,heap     ] GC(541) Archive regions: 0->0
[94.183s][info][gc,heap     ] GC(541) Humongous regions: 76->8
[94.183s][info][gc,metaspace] GC(541) Metaspace: 37227K(37504K)->37227K(37504K) NonClass: 33223K(33344K)->33223K(33344K) Class: 4003K(4160K)->4003K(4160K)
[94.183s][info][gc          ] GC(541) Pause Young (Prepare Mixed) (G1 Preventive Collection) 170M->43M(176M) 1.668ms
[94.183s][info][gc,cpu      ] GC(541) User=0.00s Sys=0.00s Real=0.00s
[94.275s][info][gc,start    ] GC(542) Pause Young (Mixed) (G1 Evacuation Pause)
[94.275s][info][gc,task     ] GC(542) Using 6 workers of 6 for evacuation
[94.276s][info][gc,phases   ] GC(542)   Pre Evacuate Collection Set: 0.2ms
[94.276s][info][gc,phases   ] GC(542)   Merge Heap Roots: 0.1ms
[94.276s][info][gc,phases   ] GC(542)   Evacuate Collection Set: 0.6ms
[94.276s][info][gc,phases   ] GC(542)   Post Evacuate Collection Set: 0.4ms
[94.276s][info][gc,phases   ] GC(542)   Other: 0.2ms
[94.276s][info][gc,heap     ] GC(542) Eden regions: 7->0(104)
[94.276s][info][gc,heap     ] GC(542) Survivor regions: 1->1(1)
[94.276s][info][gc,heap     ] GC(542) Old regions: 35->35
[94.276s][info][gc,heap     ] GC(542) Archive regions: 0->0
[94.276s][info][gc,heap     ] GC(542) Humongous regions: 20->8
[94.276s][info][gc,metaspace] GC(542) Metaspace: 37227K(37504K)->37227K(37504K) NonClass: 33223K(33344K)->33223K(33344K) Class: 4003K(4160K)->4003K(4160K)
[94.276s][info][gc          ] GC(542) Pause Young (Mixed) (G1 Evacuation Pause) 62M->43M(176M) 1.602ms
[94.276s][info][gc,cpu      ] GC(542) User=0.00s Sys=0.00s Real=0.00s
[94.370s][info][gc,start    ] GC(543) Pause Young (Concurrent Start) (G1 Humongous Allocation)
[94.370s][info][gc,task     ] GC(543) Using 6 workers of 6 for evacuation
[94.371s][info][gc,phases   ] GC(543)   Pre Evacuate Collection Set: 0.1ms
[94.371s][info][gc,phases   ] GC(543)   Merge Heap Roots: 0.0ms
[94.371s][info][gc,phases   ] GC(543)   Evacuate Collection Set: 0.7ms
[94.371s][info][gc,phases   ] GC(543)   Post Evacuate Collection Set: 0.3ms
[94.371s][info][gc,phases   ] GC(543)   Other: 0.3ms
[94.371s][info][gc,heap     ] GC(543) Eden regions: 13->0(104)
[94.371s][info][gc,heap     ] GC(543) Survivor regions: 1->1(14)
[94.371s][info][gc,heap     ] GC(543) Old regions: 35->35
[94.371s][info][gc,heap     ] GC(543) Archive regions: 0->0
[94.371s][info][gc,heap     ] GC(543) Humongous regions: 8->4
[94.371s][info][gc,metaspace] GC(543) Metaspace: 37227K(37504K)->37227K(37504K) NonClass: 33223K(33344K)->33223K(33344K) Class: 4003K(4160K)->4003K(4160K)
[94.371s][info][gc          ] GC(543) Pause Young (Concurrent Start) (G1 Humongous Allocation) 55M->39M(176M) 1.492ms
[94.372s][info][gc,cpu      ] GC(543) User=0.00s Sys=0.00s Real=0.00s
[94.372s][info][gc          ] GC(544) Concurrent Undo Cycle
[94.372s][info][gc,marking  ] GC(544) Concurrent Cleanup for Next Mark
[94.372s][info][gc,marking  ] GC(544) Concurrent Cleanup for Next Mark 0.099ms
[94.372s][info][gc          ] GC(544) Concurrent Undo Cycle 0.149ms
[94.374s][info][gc,start    ] GC(545) Pause Young (Concurrent Start) (G1 Humongous Allocation)
[94.374s][info][gc,task     ] GC(545) Using 6 workers of 6 for evacuation
[94.375s][info][gc,phases   ] GC(545)   Pre Evacuate Collection Set: 0.2ms
[94.376s][info][gc,phases   ] GC(545)   Merge Heap Roots: 0.1ms
[94.376s][info][gc,phases   ] GC(545)   Evacuate Collection Set: 0.8ms
[94.376s][info][gc,phases   ] GC(545)   Post Evacuate Collection Set: 0.3ms
[94.376s][info][gc,phases   ] GC(545)   Other: 0.3ms
[94.376s][info][gc,heap     ] GC(545) Eden regions: 1->0(104)
[94.376s][info][gc,heap     ] GC(545) Survivor regions: 1->1(14)
[94.376s][info][gc,heap     ] GC(545) Old regions: 35->35
[94.376s][info][gc,heap     ] GC(545) Archive regions: 0->0
[94.376s][info][gc,heap     ] GC(545) Humongous regions: 8->8
[94.376s][info][gc,metaspace] GC(545) Metaspace: 37227K(37504K)->37227K(37504K) NonClass: 33223K(33344K)->33223K(33344K) Class: 4003K(4160K)->4003K(4160K)
[94.376s][info][gc          ] GC(545) Pause Young (Concurrent Start) (G1 Humongous Allocation) 43M->43M(176M) 1.605ms
[94.376s][info][gc,cpu      ] GC(545) User=0.00s Sys=0.00s Real=0.00s
[94.376s][info][gc          ] GC(546) Concurrent Mark Cycle
[94.376s][info][gc,marking  ] GC(546) Concurrent Clear Claimed Marks
[94.376s][info][gc,marking  ] GC(546) Concurrent Clear Claimed Marks 0.026ms
[94.376s][info][gc,marking  ] GC(546) Concurrent Scan Root Regions
[94.376s][info][gc,marking  ] GC(546) Concurrent Scan Root Regions 0.436ms
[94.376s][info][gc,marking  ] GC(546) Concurrent Mark
[94.376s][info][gc,marking  ] GC(546) Concurrent Mark From Roots
[94.376s][info][gc,task     ] GC(546) Using 2 workers of 2 for marking
[94.385s][info][gc,marking  ] GC(546) Concurrent Mark From Roots 8.896ms
[94.385s][info][gc,marking  ] GC(546) Concurrent Preclean
[94.385s][info][gc,marking  ] GC(546) Concurrent Preclean 0.137ms
[94.386s][info][gc,start    ] GC(546) Pause Remark
[94.390s][info][gc          ] GC(546) Pause Remark 52M->52M(176M) 4.226ms
[94.390s][info][gc,cpu      ] GC(546) User=0.00s Sys=0.00s Real=0.00s
[94.390s][info][gc,marking  ] GC(546) Concurrent Mark 13.903ms
[94.390s][info][gc,marking  ] GC(546) Concurrent Rebuild Remembered Sets
[94.395s][info][gc,marking  ] GC(546) Concurrent Rebuild Remembered Sets 4.502ms
[94.395s][info][gc,start    ] GC(546) Pause Cleanup
[94.395s][info][gc          ] GC(546) Pause Cleanup 53M->53M(176M) 0.106ms
[94.395s][info][gc,cpu      ] GC(546) User=0.00s Sys=0.00s Real=0.00s
[94.395s][info][gc,marking  ] GC(546) Concurrent Cleanup for Next Mark
[94.395s][info][gc,marking  ] GC(546) Concurrent Cleanup for Next Mark 0.130ms
[94.395s][info][gc          ] GC(546) Concurrent Mark Cycle 19.755ms
[94.918s][info][gc,start    ] GC(547) Pause Young (Prepare Mixed) (G1 Preventive Collection)
[94.918s][info][gc,task     ] GC(547) Using 6 workers of 6 for evacuation
[94.919s][info][gc,phases   ] GC(547)   Pre Evacuate Collection Set: 0.1ms
[94.919s][info][gc,phases   ] GC(547)   Merge Heap Roots: 0.1ms
[94.919s][info][gc,phases   ] GC(547)   Evacuate Collection Set: 0.6ms
[94.919s][info][gc,phases   ] GC(547)   Post Evacuate Collection Set: 0.5ms
[94.919s][info][gc,phases   ] GC(547)   Other: 0.2ms
[94.919s][info][gc,heap     ] GC(547) Eden regions: 62->0(7)
[94.919s][info][gc,heap     ] GC(547) Survivor regions: 1->1(14)
[94.919s][info][gc,heap     ] GC(547) Old regions: 35->35
[94.919s][info][gc,heap     ] GC(547) Archive regions: 0->0
[94.919s][info][gc,heap     ] GC(547) Humongous regions: 76->8
[94.919s][info][gc,metaspace] GC(547) Metaspace: 37228K(37504K)->37228K(37504K) NonClass: 33224K(33344K)->33224K(33344K) Class: 4003K(4160K)->4003K(4160K)
[94.919s][info][gc          ] GC(547) Pause Young (Prepare Mixed) (G1 Preventive Collection) 173M->43M(176M) 1.603ms
[94.919s][info][gc,cpu      ] GC(547) User=0.00s Sys=0.00s Real=0.00s
[94.939s][info][gc,start    ] GC(548) Pause Young (Mixed) (G1 Evacuation Pause)
[94.939s][info][gc,task     ] GC(548) Using 6 workers of 6 for evacuation
[94.943s][info][gc,phases   ] GC(548)   Pre Evacuate Collection Set: 0.6ms
[94.943s][info][gc,phases   ] GC(548)   Merge Heap Roots: 0.3ms
[94.943s][info][gc,phases   ] GC(548)   Evacuate Collection Set: 2.4ms
[94.943s][info][gc,phases   ] GC(548)   Post Evacuate Collection Set: 0.8ms
[94.943s][info][gc,phases   ] GC(548)   Other: 0.8ms
[94.943s][info][gc,heap     ] GC(548) Eden regions: 7->0(104)
[94.943s][info][gc,heap     ] GC(548) Survivor regions: 1->1(1)
[94.943s][info][gc,heap     ] GC(548) Old regions: 35->36
[94.944s][info][gc,heap     ] GC(548) Archive regions: 0->0
[94.944s][info][gc,heap     ] GC(548) Humongous regions: 8->4
[94.944s][info][gc,metaspace] GC(548) Metaspace: 37228K(37504K)->37228K(37504K) NonClass: 33224K(33344K)->33224K(33344K) Class: 4003K(4160K)->4003K(4160K)
[94.944s][info][gc          ] GC(548) Pause Young (Mixed) (G1 Evacuation Pause) 50M->39M(176M) 5.033ms
[94.944s][info][gc,cpu      ] GC(548) User=0.06s Sys=0.00s Real=0.01s
[94.996s][info][gc,start    ] GC(549) Pause Young (Concurrent Start) (G1 Humongous Allocation)
[94.997s][info][gc,task     ] GC(549) Using 6 workers of 6 for evacuation
[94.998s][info][gc,phases   ] GC(549)   Pre Evacuate Collection Set: 0.2ms
[94.998s][info][gc,phases   ] GC(549)   Merge Heap Roots: 0.1ms
[94.998s][info][gc,phases   ] GC(549)   Evacuate Collection Set: 0.8ms
[94.998s][info][gc,phases   ] GC(549)   Post Evacuate Collection Set: 0.4ms
[94.998s][info][gc,phases   ] GC(549)   Other: 0.3ms
[94.998s][info][gc,heap     ] GC(549) Eden regions: 3->0(104)
[94.998s][info][gc,heap     ] GC(549) Survivor regions: 1->1(14)
[94.998s][info][gc,heap     ] GC(549) Old regions: 36->36
[94.998s][info][gc,heap     ] GC(549) Archive regions: 0->0
[94.998s][info][gc,heap     ] GC(549) Humongous regions: 4->4
[94.998s][info][gc,metaspace] GC(549) Metaspace: 37228K(37504K)->37228K(37504K) NonClass: 33224K(33344K)->33224K(33344K) Class: 4003K(4160K)->4003K(4160K)
[94.998s][info][gc          ] GC(549) Pause Young (Concurrent Start) (G1 Humongous Allocation) 42M->39M(176M) 1.759ms
[94.998s][info][gc,cpu      ] GC(549) User=0.00s Sys=0.00s Real=0.00s
[94.998s][info][gc          ] GC(550) Concurrent Mark Cycle
[94.998s][info][gc,marking  ] GC(550) Concurrent Clear Claimed Marks
[94.998s][info][gc,marking  ] GC(550) Concurrent Clear Claimed Marks 0.022ms
[94.998s][info][gc,marking  ] GC(550) Concurrent Scan Root Regions
[94.999s][info][gc,marking  ] GC(550) Concurrent Scan Root Regions 0.500ms
[94.999s][info][gc,marking  ] GC(550) Concurrent Mark
[94.999s][info][gc,marking  ] GC(550) Concurrent Mark From Roots
[94.999s][info][gc,task     ] GC(550) Using 2 workers of 2 for marking
[95.009s][info][gc,marking  ] GC(550) Concurrent Mark From Roots 9.565ms
[95.009s][info][gc,marking  ] GC(550) Concurrent Preclean
[95.009s][info][gc,marking  ] GC(550) Concurrent Preclean 0.121ms
[95.009s][info][gc,start    ] GC(550) Pause Remark
[95.013s][info][gc          ] GC(550) Pause Remark 52M->52M(176M) 4.351ms
[95.013s][info][gc,cpu      ] GC(550) User=0.00s Sys=0.00s Real=0.00s
[95.014s][info][gc,marking  ] GC(550) Concurrent Mark 14.626ms
[95.014s][info][gc,marking  ] GC(550) Concurrent Rebuild Remembered Sets
[95.019s][info][gc,marking  ] GC(550) Concurrent Rebuild Remembered Sets 4.978ms
[95.019s][info][gc,start    ] GC(550) Pause Cleanup
[95.019s][info][gc          ] GC(550) Pause Cleanup 53M->53M(176M) 0.181ms
[95.020s][info][gc,cpu      ] GC(550) User=0.00s Sys=0.00s Real=0.00s
[95.020s][info][gc,marking  ] GC(550) Concurrent Cleanup for Next Mark
[95.020s][info][gc,marking  ] GC(550) Concurrent Cleanup for Next Mark 0.161ms
[95.020s][info][gc          ] GC(550) Concurrent Mark Cycle 21.441ms
[95.554s][info][gc,start    ] GC(551) Pause Young (Prepare Mixed) (G1 Preventive Collection)
[95.555s][info][gc,task     ] GC(551) Using 6 workers of 6 for evacuation
[95.556s][info][gc,phases   ] GC(551)   Pre Evacuate Collection Set: 0.2ms
[95.556s][info][gc,phases   ] GC(551)   Merge Heap Roots: 0.1ms
[95.556s][info][gc,phases   ] GC(551)   Evacuate Collection Set: 0.6ms
[95.556s][info][gc,phases   ] GC(551)   Post Evacuate Collection Set: 0.5ms
[95.556s][info][gc,phases   ] GC(551)   Other: 0.2ms
[95.556s][info][gc,heap     ] GC(551) Eden regions: 61->0(7)
[95.556s][info][gc,heap     ] GC(551) Survivor regions: 1->1(14)
[95.556s][info][gc,heap     ] GC(551) Old regions: 36->36
[95.556s][info][gc,heap     ] GC(551) Archive regions: 0->0
[95.556s][info][gc,heap     ] GC(551) Humongous regions: 76->8
[95.556s][info][gc,metaspace] GC(551) Metaspace: 37228K(37504K)->37228K(37504K) NonClass: 33224K(33344K)->33224K(33344K) Class: 4003K(4160K)->4003K(4160K)
[95.556s][info][gc          ] GC(551) Pause Young (Prepare Mixed) (G1 Preventive Collection) 172M->43M(176M) 1.659ms
[95.556s][info][gc,cpu      ] GC(551) User=0.00s Sys=0.00s Real=0.00s
[95.578s][info][gc,start    ] GC(552) Pause Young (Mixed) (G1 Evacuation Pause)
[95.578s][info][gc,task     ] GC(552) Using 6 workers of 6 for evacuation
[95.580s][info][gc,phases   ] GC(552)   Pre Evacuate Collection Set: 0.2ms
[95.580s][info][gc,phases   ] GC(552)   Merge Heap Roots: 0.1ms
[95.580s][info][gc,phases   ] GC(552)   Evacuate Collection Set: 0.7ms
[95.580s][info][gc,phases   ] GC(552)   Post Evacuate Collection Set: 0.3ms
[95.580s][info][gc,phases   ] GC(552)   Other: 0.3ms
[95.580s][info][gc,heap     ] GC(552) Eden regions: 7->0(104)
[95.580s][info][gc,heap     ] GC(552) Survivor regions: 1->1(1)
[95.580s][info][gc,heap     ] GC(552) Old regions: 36->36
[95.580s][info][gc,heap     ] GC(552) Archive regions: 0->0
[95.580s][info][gc,heap     ] GC(552) Humongous regions: 8->4
[95.580s][info][gc,metaspace] GC(552) Metaspace: 37228K(37504K)->37228K(37504K) NonClass: 33224K(33344K)->33224K(33344K) Class: 4003K(4160K)->4003K(4160K)
[95.580s][info][gc          ] GC(552) Pause Young (Mixed) (G1 Evacuation Pause) 50M->39M(176M) 1.668ms
[95.580s][info][gc,cpu      ] GC(552) User=0.00s Sys=0.00s Real=0.00s
[95.632s][info][gc,start    ] GC(553) Pause Young (Concurrent Start) (G1 Humongous Allocation)
[95.632s][info][gc,task     ] GC(553) Using 6 workers of 6 for evacuation
[95.634s][info][gc,phases   ] GC(553)   Pre Evacuate Collection Set: 0.2ms
[95.634s][info][gc,phases   ] GC(553)   Merge Heap Roots: 0.1ms
[95.634s][info][gc,phases   ] GC(553)   Evacuate Collection Set: 1.4ms
[95.634s][info][gc,phases   ] GC(553)   Post Evacuate Collection Set: 0.5ms
[95.634s][info][gc,phases   ] GC(553)   Other: 0.4ms
[95.634s][info][gc,heap     ] GC(553) Eden regions: 3->0(104)
[95.634s][info][gc,heap     ] GC(553) Survivor regions: 1->1(14)
[95.634s][info][gc,heap     ] GC(553) Old regions: 36->36
[95.634s][info][gc,heap     ] GC(553) Archive regions: 0->0
[95.634s][info][gc,heap     ] GC(553) Humongous regions: 4->4
[95.634s][info][gc,metaspace] GC(553) Metaspace: 37228K(37504K)->37228K(37504K) NonClass: 33224K(33344K)->33224K(33344K) Class: 4003K(4160K)->4003K(4160K)
[95.634s][info][gc          ] GC(553) Pause Young (Concurrent Start) (G1 Humongous Allocation) 42M->39M(176M) 2.724ms
[95.634s][info][gc,cpu      ] GC(553) User=0.00s Sys=0.00s Real=0.00s
[95.634s][info][gc          ] GC(554) Concurrent Mark Cycle
[95.634s][info][gc,marking  ] GC(554) Concurrent Clear Claimed Marks
[95.635s][info][gc,marking  ] GC(554) Concurrent Clear Claimed Marks 0.025ms
[95.635s][info][gc,marking  ] GC(554) Concurrent Scan Root Regions
[95.635s][info][gc,marking  ] GC(554) Concurrent Scan Root Regions 0.629ms
[95.635s][info][gc,marking  ] GC(554) Concurrent Mark
[95.635s][info][gc,marking  ] GC(554) Concurrent Mark From Roots
[95.635s][info][gc,task     ] GC(554) Using 2 workers of 2 for marking
[95.649s][info][gc,marking  ] GC(554) Concurrent Mark From Roots 13.767ms
[95.649s][info][gc,marking  ] GC(554) Concurrent Preclean
[95.649s][info][gc,marking  ] GC(554) Concurrent Preclean 0.155ms
[95.649s][info][gc,start    ] GC(554) Pause Remark
[95.654s][info][gc          ] GC(554) Pause Remark 53M->53M(176M) 4.625ms
[95.654s][info][gc,cpu      ] GC(554) User=0.00s Sys=0.00s Real=0.00s
[95.654s][info][gc,marking  ] GC(554) Concurrent Mark 19.206ms
[95.654s][info][gc,marking  ] GC(554) Concurrent Rebuild Remembered Sets
[95.660s][info][gc,marking  ] GC(554) Concurrent Rebuild Remembered Sets 5.155ms
[95.660s][info][gc,start    ] GC(554) Pause Cleanup
[95.660s][info][gc          ] GC(554) Pause Cleanup 53M->53M(176M) 0.153ms
[95.660s][info][gc,cpu      ] GC(554) User=0.00s Sys=0.00s Real=0.00s
[95.660s][info][gc,marking  ] GC(554) Concurrent Cleanup for Next Mark
[95.661s][info][gc,marking  ] GC(554) Concurrent Cleanup for Next Mark 0.167ms
[95.661s][info][gc          ] GC(554) Concurrent Mark Cycle 26.083ms
[96.199s][info][gc,start    ] GC(555) Pause Young (Prepare Mixed) (G1 Preventive Collection)
[96.199s][info][gc,task     ] GC(555) Using 6 workers of 6 for evacuation
[96.200s][info][gc,phases   ] GC(555)   Pre Evacuate Collection Set: 0.2ms
[96.200s][info][gc,phases   ] GC(555)   Merge Heap Roots: 0.1ms
[96.200s][info][gc,phases   ] GC(555)   Evacuate Collection Set: 0.7ms
[96.200s][info][gc,phases   ] GC(555)   Post Evacuate Collection Set: 0.6ms
[96.200s][info][gc,phases   ] GC(555)   Other: 0.3ms
[96.200s][info][gc,heap     ] GC(555) Eden regions: 61->0(7)
[96.200s][info][gc,heap     ] GC(555) Survivor regions: 1->1(14)
[96.200s][info][gc,heap     ] GC(555) Old regions: 36->36
[96.200s][info][gc,heap     ] GC(555) Archive regions: 0->0
[96.200s][info][gc,heap     ] GC(555) Humongous regions: 76->8
[96.200s][info][gc,metaspace] GC(555) Metaspace: 37228K(37504K)->37228K(37504K) NonClass: 33224K(33344K)->33224K(33344K) Class: 4003K(4160K)->4003K(4160K)
[96.200s][info][gc          ] GC(555) Pause Young (Prepare Mixed) (G1 Preventive Collection) 172M->44M(176M) 1.790ms
[96.201s][info][gc,cpu      ] GC(555) User=0.00s Sys=0.00s Real=0.00s
[96.261s][info][gc,start    ] GC(556) Pause Young (Mixed) (G1 Evacuation Pause)
[96.261s][info][gc,task     ] GC(556) Using 6 workers of 6 for evacuation
[96.266s][info][gc,phases   ] GC(556)   Pre Evacuate Collection Set: 0.3ms
[96.266s][info][gc,phases   ] GC(556)   Merge Heap Roots: 0.2ms
[96.266s][info][gc,phases   ] GC(556)   Evacuate Collection Set: 3.0ms
[96.266s][info][gc,phases   ] GC(556)   Post Evacuate Collection Set: 0.8ms
[96.266s][info][gc,phases   ] GC(556)   Other: 0.6ms
[96.266s][info][gc,heap     ] GC(556) Eden regions: 7->0(104)
[96.266s][info][gc,heap     ] GC(556) Survivor regions: 1->1(1)
[96.266s][info][gc,heap     ] GC(556) Old regions: 36->36
[96.266s][info][gc,heap     ] GC(556) Archive regions: 0->0
[96.266s][info][gc,heap     ] GC(556) Humongous regions: 8->4
[96.266s][info][gc,metaspace] GC(556) Metaspace: 37228K(37504K)->37228K(37504K) NonClass: 33224K(33344K)->33224K(33344K) Class: 4003K(4160K)->4003K(4160K)
[96.266s][info][gc          ] GC(556) Pause Young (Mixed) (G1 Evacuation Pause) 51M->40M(176M) 5.104ms
[96.266s][info][gc,cpu      ] GC(556) User=0.00s Sys=0.00s Real=0.00s
[96.281s][info][gc,start    ] GC(557) Pause Young (Concurrent Start) (G1 Humongous Allocation)
[96.281s][info][gc,task     ] GC(557) Using 6 workers of 6 for evacuation
[96.283s][info][gc,phases   ] GC(557)   Pre Evacuate Collection Set: 0.2ms
[96.283s][info][gc,phases   ] GC(557)   Merge Heap Roots: 0.1ms
[96.283s][info][gc,phases   ] GC(557)   Evacuate Collection Set: 1.0ms
[96.283s][info][gc,phases   ] GC(557)   Post Evacuate Collection Set: 0.6ms
[96.283s][info][gc,phases   ] GC(557)   Other: 0.3ms
[96.283s][info][gc,heap     ] GC(557) Eden regions: 4->0(104)
[96.283s][info][gc,heap     ] GC(557) Survivor regions: 1->1(14)
[96.283s][info][gc,heap     ] GC(557) Old regions: 36->36
[96.283s][info][gc,heap     ] GC(557) Archive regions: 0->0
[96.283s][info][gc,heap     ] GC(557) Humongous regions: 4->4
[96.283s][info][gc,metaspace] GC(557) Metaspace: 37228K(37504K)->37228K(37504K) NonClass: 33224K(33344K)->33224K(33344K) Class: 4003K(4160K)->4003K(4160K)
[96.284s][info][gc          ] GC(557) Pause Young (Concurrent Start) (G1 Humongous Allocation) 43M->39M(176M) 2.366ms
[96.284s][info][gc,cpu      ] GC(557) User=0.00s Sys=0.00s Real=0.00s
[96.284s][info][gc          ] GC(558) Concurrent Mark Cycle
[96.284s][info][gc,marking  ] GC(558) Concurrent Clear Claimed Marks
[96.284s][info][gc,marking  ] GC(558) Concurrent Clear Claimed Marks 0.023ms
[96.284s][info][gc,marking  ] GC(558) Concurrent Scan Root Regions
[96.284s][info][gc,marking  ] GC(558) Concurrent Scan Root Regions 0.540ms
[96.284s][info][gc,marking  ] GC(558) Concurrent Mark
[96.284s][info][gc,marking  ] GC(558) Concurrent Mark From Roots
[96.284s][info][gc,task     ] GC(558) Using 2 workers of 2 for marking
[96.297s][info][gc,marking  ] GC(558) Concurrent Mark From Roots 12.291ms
[96.297s][info][gc,marking  ] GC(558) Concurrent Preclean
[96.297s][info][gc,marking  ] GC(558) Concurrent Preclean 0.139ms
[96.297s][info][gc,start    ] GC(558) Pause Remark
[96.302s][info][gc          ] GC(558) Pause Remark 53M->53M(176M) 5.074ms
[96.302s][info][gc,cpu      ] GC(558) User=0.00s Sys=0.00s Real=0.00s
[96.302s][info][gc,marking  ] GC(558) Concurrent Mark 18.139ms
[96.302s][info][gc,marking  ] GC(558) Concurrent Rebuild Remembered Sets
[96.307s][info][gc,marking  ] GC(558) Concurrent Rebuild Remembered Sets 4.842ms
[96.308s][info][gc,start    ] GC(558) Pause Cleanup
[96.308s][info][gc          ] GC(558) Pause Cleanup 53M->53M(176M) 0.157ms
[96.308s][info][gc,cpu      ] GC(558) User=0.00s Sys=0.00s Real=0.00s
[96.308s][info][gc,marking  ] GC(558) Concurrent Cleanup for Next Mark
[96.308s][info][gc,marking  ] GC(558) Concurrent Cleanup for Next Mark 0.184ms
[96.308s][info][gc          ] GC(558) Concurrent Mark Cycle 24.538ms
[96.860s][info][gc,start    ] GC(559) Pause Young (Prepare Mixed) (GCLocker Initiated GC)
[96.860s][info][gc,task     ] GC(559) Using 6 workers of 6 for evacuation
[96.862s][info][gc,phases   ] GC(559)   Pre Evacuate Collection Set: 0.2ms
[96.862s][info][gc,phases   ] GC(559)   Merge Heap Roots: 0.1ms
[96.862s][info][gc,phases   ] GC(559)   Evacuate Collection Set: 0.6ms
[96.862s][info][gc,phases   ] GC(559)   Post Evacuate Collection Set: 0.6ms
[96.862s][info][gc,phases   ] GC(559)   Other: 0.2ms
[96.862s][info][gc,heap     ] GC(559) Eden regions: 61->0(7)
[96.862s][info][gc,heap     ] GC(559) Survivor regions: 1->1(14)
[96.862s][info][gc,heap     ] GC(559) Old regions: 36->36
[96.862s][info][gc,heap     ] GC(559) Archive regions: 0->0
[96.862s][info][gc,heap     ] GC(559) Humongous regions: 76->8
[96.862s][info][gc,metaspace] GC(559) Metaspace: 37228K(37504K)->37228K(37504K) NonClass: 33225K(33344K)->33225K(33344K) Class: 4003K(4160K)->4003K(4160K)
[96.862s][info][gc          ] GC(559) Pause Young (Prepare Mixed) (GCLocker Initiated GC) 172M->44M(176M) 1.688ms
[96.862s][info][gc,cpu      ] GC(559) User=0.00s Sys=0.00s Real=0.00s
[96.988s][info][gc,start    ] GC(560) Pause Young (Mixed) (GCLocker Initiated GC)
[96.988s][info][gc,task     ] GC(560) Using 6 workers of 6 for evacuation
[96.989s][info][gc,phases   ] GC(560)   Pre Evacuate Collection Set: 0.2ms
[96.989s][info][gc,phases   ] GC(560)   Merge Heap Roots: 0.1ms
[96.989s][info][gc,phases   ] GC(560)   Evacuate Collection Set: 0.6ms
[96.989s][info][gc,phases   ] GC(560)   Post Evacuate Collection Set: 0.4ms
[96.989s][info][gc,phases   ] GC(560)   Other: 0.3ms
[96.989s][info][gc,heap     ] GC(560) Eden regions: 8->0(104)
[96.989s][info][gc,heap     ] GC(560) Survivor regions: 1->1(1)
[96.989s][info][gc,heap     ] GC(560) Old regions: 36->36
[96.989s][info][gc,heap     ] GC(560) Archive regions: 0->0
[96.989s][info][gc,heap     ] GC(560) Humongous regions: 8->4
[96.989s][info][gc,metaspace] GC(560) Metaspace: 37232K(37504K)->37232K(37504K) NonClass: 33228K(33344K)->33228K(33344K) Class: 4003K(4160K)->4003K(4160K)
[96.989s][info][gc          ] GC(560) Pause Young (Mixed) (GCLocker Initiated GC) 51M->40M(176M) 1.837ms
[96.990s][info][gc,cpu      ] GC(560) User=0.02s Sys=0.00s Real=0.00s
[96.991s][info][gc,start    ] GC(561) Pause Young (Concurrent Start) (GCLocker Initiated GC)
[96.991s][info][gc,task     ] GC(561) Using 6 workers of 6 for evacuation
[96.993s][info][gc,phases   ] GC(561)   Pre Evacuate Collection Set: 0.2ms
[96.993s][info][gc,phases   ] GC(561)   Merge Heap Roots: 0.1ms
[96.993s][info][gc,phases   ] GC(561)   Evacuate Collection Set: 0.9ms
[96.993s][info][gc,phases   ] GC(561)   Post Evacuate Collection Set: 0.4ms
[96.993s][info][gc,phases   ] GC(561)   Other: 0.3ms
[96.993s][info][gc,heap     ] GC(561) Eden regions: 3->0(104)
[96.993s][info][gc,heap     ] GC(561) Survivor regions: 1->1(14)
[96.993s][info][gc,heap     ] GC(561) Old regions: 36->36
[96.993s][info][gc,heap     ] GC(561) Archive regions: 0->0
[96.993s][info][gc,heap     ] GC(561) Humongous regions: 4->4
[96.993s][info][gc,metaspace] GC(561) Metaspace: 37232K(37504K)->37232K(37504K) NonClass: 33228K(33344K)->33228K(33344K) Class: 4003K(4160K)->4003K(4160K)
[96.993s][info][gc          ] GC(561) Pause Young (Concurrent Start) (GCLocker Initiated GC) 42M->39M(176M) 1.881ms
[96.993s][info][gc,cpu      ] GC(561) User=0.00s Sys=0.00s Real=0.00s
[96.993s][info][gc          ] GC(562) Concurrent Mark Cycle
[96.993s][info][gc,marking  ] GC(562) Concurrent Clear Claimed Marks
[96.993s][info][gc,marking  ] GC(562) Concurrent Clear Claimed Marks 0.031ms
[96.993s][info][gc,marking  ] GC(562) Concurrent Scan Root Regions
[96.993s][info][gc,marking  ] GC(562) Concurrent Scan Root Regions 0.482ms
[96.993s][info][gc,marking  ] GC(562) Concurrent Mark
[96.993s][info][gc,marking  ] GC(562) Concurrent Mark From Roots
[96.994s][info][gc,task     ] GC(562) Using 2 workers of 2 for marking
[97.003s][info][gc,marking  ] GC(562) Concurrent Mark From Roots 9.270ms
[97.003s][info][gc,marking  ] GC(562) Concurrent Preclean
[97.003s][info][gc,marking  ] GC(562) Concurrent Preclean 0.155ms
[97.003s][info][gc,start    ] GC(562) Pause Remark
[97.006s][info][gc          ] GC(562) Pause Remark 54M->54M(176M) 2.757ms
[97.006s][info][gc,cpu      ] GC(562) User=0.09s Sys=0.00s Real=0.00s
[97.006s][info][gc,marking  ] GC(562) Concurrent Mark 12.957ms
[97.006s][info][gc,marking  ] GC(562) Concurrent Rebuild Remembered Sets
[97.012s][info][gc,marking  ] GC(562) Concurrent Rebuild Remembered Sets 5.133ms
[97.012s][info][gc,start    ] GC(562) Pause Cleanup
[97.012s][info][gc          ] GC(562) Pause Cleanup 54M->54M(176M) 0.155ms
[97.012s][info][gc,cpu      ] GC(562) User=0.00s Sys=0.00s Real=0.00s
[97.012s][info][gc,marking  ] GC(562) Concurrent Cleanup for Next Mark
[97.012s][info][gc,marking  ] GC(562) Concurrent Cleanup for Next Mark 0.101ms
[97.012s][info][gc          ] GC(562) Concurrent Mark Cycle 19.515ms
[97.521s][info][gc,start    ] GC(563) Pause Young (Prepare Mixed) (GCLocker Initiated GC)
[97.521s][info][gc,task     ] GC(563) Using 6 workers of 6 for evacuation
[97.523s][info][gc,phases   ] GC(563)   Pre Evacuate Collection Set: 0.2ms
[97.523s][info][gc,phases   ] GC(563)   Merge Heap Roots: 0.1ms
[97.523s][info][gc,phases   ] GC(563)   Evacuate Collection Set: 0.7ms
[97.523s][info][gc,phases   ] GC(563)   Post Evacuate Collection Set: 0.6ms
[97.523s][info][gc,phases   ] GC(563)   Other: 0.3ms
[97.523s][info][gc,heap     ] GC(563) Eden regions: 61->0(7)
[97.523s][info][gc,heap     ] GC(563) Survivor regions: 1->1(14)
[97.523s][info][gc,heap     ] GC(563) Old regions: 36->36
[97.523s][info][gc,heap     ] GC(563) Archive regions: 0->0
[97.523s][info][gc,heap     ] GC(563) Humongous regions: 76->8
[97.523s][info][gc,metaspace] GC(563) Metaspace: 37232K(37504K)->37232K(37504K) NonClass: 33228K(33344K)->33228K(33344K) Class: 4003K(4160K)->4003K(4160K)
[97.523s][info][gc          ] GC(563) Pause Young (Prepare Mixed) (GCLocker Initiated GC) 172M->44M(176M) 1.814ms
[97.523s][info][gc,cpu      ] GC(563) User=0.00s Sys=0.00s Real=0.00s
[97.614s][info][gc,start    ] GC(564) Pause Young (Mixed) (GCLocker Initiated GC)
[97.614s][info][gc,task     ] GC(564) Using 6 workers of 6 for evacuation
[97.615s][info][gc,phases   ] GC(564)   Pre Evacuate Collection Set: 0.2ms
[97.616s][info][gc,phases   ] GC(564)   Merge Heap Roots: 0.1ms
[97.616s][info][gc,phases   ] GC(564)   Evacuate Collection Set: 0.7ms
[97.616s][info][gc,phases   ] GC(564)   Post Evacuate Collection Set: 0.5ms
[97.616s][info][gc,phases   ] GC(564)   Other: 0.2ms
[97.616s][info][gc,heap     ] GC(564) Eden regions: 8->0(104)
[97.616s][info][gc,heap     ] GC(564) Survivor regions: 1->1(1)
[97.616s][info][gc,heap     ] GC(564) Old regions: 36->36
[97.616s][info][gc,heap     ] GC(564) Archive regions: 0->0
[97.616s][info][gc,heap     ] GC(564) Humongous regions: 20->8
[97.616s][info][gc,metaspace] GC(564) Metaspace: 37232K(37504K)->37232K(37504K) NonClass: 33228K(33344K)->33228K(33344K) Class: 4003K(4160K)->4003K(4160K)
[97.616s][info][gc          ] GC(564) Pause Young (Mixed) (GCLocker Initiated GC) 64M->44M(176M) 1.731ms
[97.616s][info][gc,cpu      ] GC(564) User=0.00s Sys=0.00s Real=0.00s
[97.704s][info][gc,start    ] GC(565) Pause Young (Concurrent Start) (GCLocker Initiated GC)
[97.704s][info][gc,task     ] GC(565) Using 6 workers of 6 for evacuation
[97.706s][info][gc,phases   ] GC(565)   Pre Evacuate Collection Set: 0.1ms
[97.706s][info][gc,phases   ] GC(565)   Merge Heap Roots: 0.1ms
[97.706s][info][gc,phases   ] GC(565)   Evacuate Collection Set: 0.7ms
[97.706s][info][gc,phases   ] GC(565)   Post Evacuate Collection Set: 0.6ms
[97.706s][info][gc,phases   ] GC(565)   Other: 0.3ms
[97.706s][info][gc,heap     ] GC(565) Eden regions: 11->0(104)
[97.706s][info][gc,heap     ] GC(565) Survivor regions: 1->1(14)
[97.706s][info][gc,heap     ] GC(565) Old regions: 36->36
[97.706s][info][gc,heap     ] GC(565) Archive regions: 0->0
[97.706s][info][gc,heap     ] GC(565) Humongous regions: 8->4
[97.706s][info][gc,metaspace] GC(565) Metaspace: 37232K(37504K)->37232K(37504K) NonClass: 33228K(33344K)->33228K(33344K) Class: 4003K(4160K)->4003K(4160K)
[97.706s][info][gc          ] GC(565) Pause Young (Concurrent Start) (GCLocker Initiated GC) 54M->39M(176M) 1.778ms
[97.706s][info][gc,cpu      ] GC(565) User=0.00s Sys=0.00s Real=0.00s
[97.706s][info][gc          ] GC(566) Concurrent Mark Cycle
[97.706s][info][gc,marking  ] GC(566) Concurrent Clear Claimed Marks
[97.706s][info][gc,marking  ] GC(566) Concurrent Clear Claimed Marks 0.028ms
[97.706s][info][gc,marking  ] GC(566) Concurrent Scan Root Regions
[97.707s][info][gc,marking  ] GC(566) Concurrent Scan Root Regions 0.601ms
[97.707s][info][gc,marking  ] GC(566) Concurrent Mark
[97.707s][info][gc,marking  ] GC(566) Concurrent Mark From Roots
[97.707s][info][gc,task     ] GC(566) Using 2 workers of 2 for marking
[97.716s][info][gc,marking  ] GC(566) Concurrent Mark From Roots 9.294ms
[97.716s][info][gc,marking  ] GC(566) Concurrent Preclean
[97.717s][info][gc,marking  ] GC(566) Concurrent Preclean 0.106ms
[97.717s][info][gc,start    ] GC(566) Pause Remark
[97.721s][info][gc          ] GC(566) Pause Remark 53M->53M(176M) 4.572ms
[97.722s][info][gc,cpu      ] GC(566) User=0.00s Sys=0.00s Real=0.00s
[97.722s][info][gc,marking  ] GC(566) Concurrent Mark 14.601ms
[97.722s][info][gc,marking  ] GC(566) Concurrent Rebuild Remembered Sets
[97.727s][info][gc,marking  ] GC(566) Concurrent Rebuild Remembered Sets 5.260ms
[97.727s][info][gc,start    ] GC(566) Pause Cleanup
[97.728s][info][gc          ] GC(566) Pause Cleanup 54M->54M(176M) 0.159ms
[97.728s][info][gc,cpu      ] GC(566) User=0.00s Sys=0.00s Real=0.00s
[97.728s][info][gc,marking  ] GC(566) Concurrent Cleanup for Next Mark
[97.728s][info][gc,marking  ] GC(566) Concurrent Cleanup for Next Mark 0.136ms
[97.728s][info][gc          ] GC(566) Concurrent Mark Cycle 21.489ms
[98.239s][info][gc,start    ] GC(567) Pause Young (Prepare Mixed) (GCLocker Initiated GC)
[98.239s][info][gc,task     ] GC(567) Using 6 workers of 6 for evacuation
[98.240s][info][gc,phases   ] GC(567)   Pre Evacuate Collection Set: 0.2ms
[98.240s][info][gc,phases   ] GC(567)   Merge Heap Roots: 0.1ms
[98.240s][info][gc,phases   ] GC(567)   Evacuate Collection Set: 0.7ms
[98.240s][info][gc,phases   ] GC(567)   Post Evacuate Collection Set: 0.5ms
[98.240s][info][gc,phases   ] GC(567)   Other: 0.2ms
[98.240s][info][gc,heap     ] GC(567) Eden regions: 61->0(7)
[98.241s][info][gc,heap     ] GC(567) Survivor regions: 1->1(14)
[98.241s][info][gc,heap     ] GC(567) Old regions: 36->36
[98.241s][info][gc,heap     ] GC(567) Archive regions: 0->0
[98.241s][info][gc,heap     ] GC(567) Humongous regions: 76->8
[98.241s][info][gc,metaspace] GC(567) Metaspace: 37233K(37504K)->37233K(37504K) NonClass: 33229K(33344K)->33229K(33344K) Class: 4003K(4160K)->4003K(4160K)
[98.241s][info][gc          ] GC(567) Pause Young (Prepare Mixed) (GCLocker Initiated GC) 172M->44M(176M) 1.764ms
[98.241s][info][gc,cpu      ] GC(567) User=0.00s Sys=0.00s Real=0.00s
[98.283s][info][gc,start    ] GC(568) Pause Young (Mixed) (GCLocker Initiated GC)
[98.284s][info][gc,task     ] GC(568) Using 6 workers of 6 for evacuation
[98.285s][info][gc,phases   ] GC(568)   Pre Evacuate Collection Set: 0.2ms
[98.285s][info][gc,phases   ] GC(568)   Merge Heap Roots: 0.1ms
[98.285s][info][gc,phases   ] GC(568)   Evacuate Collection Set: 0.7ms
[98.285s][info][gc,phases   ] GC(568)   Post Evacuate Collection Set: 0.5ms
[98.285s][info][gc,phases   ] GC(568)   Other: 0.2ms
[98.285s][info][gc,heap     ] GC(568) Eden regions: 8->0(104)
[98.285s][info][gc,heap     ] GC(568) Survivor regions: 1->1(1)
[98.285s][info][gc,heap     ] GC(568) Old regions: 36->36
[98.285s][info][gc,heap     ] GC(568) Archive regions: 0->0
[98.285s][info][gc,heap     ] GC(568) Humongous regions: 8->4
[98.285s][info][gc,metaspace] GC(568) Metaspace: 37233K(37504K)->37233K(37504K) NonClass: 33229K(33344K)->33229K(33344K) Class: 4003K(4160K)->4003K(4160K)
[98.285s][info][gc          ] GC(568) Pause Young (Mixed) (GCLocker Initiated GC) 52M->40M(176M) 1.749ms
[98.285s][info][gc,cpu      ] GC(568) User=0.00s Sys=0.00s Real=0.00s
[98.318s][info][gc,start    ] GC(569) Pause Young (Concurrent Start) (G1 Humongous Allocation)
[98.318s][info][gc,task     ] GC(569) Using 6 workers of 6 for evacuation
[98.320s][info][gc,phases   ] GC(569)   Pre Evacuate Collection Set: 0.2ms
[98.320s][info][gc,phases   ] GC(569)   Merge Heap Roots: 0.1ms
[98.320s][info][gc,phases   ] GC(569)   Evacuate Collection Set: 0.7ms
[98.320s][info][gc,phases   ] GC(569)   Post Evacuate Collection Set: 0.4ms
[98.320s][info][gc,phases   ] GC(569)   Other: 0.3ms
[98.320s][info][gc,heap     ] GC(569) Eden regions: 3->0(104)
[98.320s][info][gc,heap     ] GC(569) Survivor regions: 1->1(14)
[98.320s][info][gc,heap     ] GC(569) Old regions: 36->36
[98.320s][info][gc,heap     ] GC(569) Archive regions: 0->0
[98.320s][info][gc,heap     ] GC(569) Humongous regions: 4->4
[98.320s][info][gc,metaspace] GC(569) Metaspace: 37233K(37504K)->37233K(37504K) NonClass: 33229K(33344K)->33229K(33344K) Class: 4003K(4160K)->4003K(4160K)
[98.320s][info][gc          ] GC(569) Pause Young (Concurrent Start) (G1 Humongous Allocation) 42M->39M(176M) 1.654ms
[98.320s][info][gc,cpu      ] GC(569) User=0.00s Sys=0.00s Real=0.00s
[98.320s][info][gc          ] GC(570) Concurrent Mark Cycle
[98.320s][info][gc,marking  ] GC(570) Concurrent Clear Claimed Marks
[98.320s][info][gc,marking  ] GC(570) Concurrent Clear Claimed Marks 0.023ms
[98.320s][info][gc,marking  ] GC(570) Concurrent Scan Root Regions
[98.321s][info][gc,marking  ] GC(570) Concurrent Scan Root Regions 0.596ms
[98.321s][info][gc,marking  ] GC(570) Concurrent Mark
[98.321s][info][gc,marking  ] GC(570) Concurrent Mark From Roots
[98.321s][info][gc,task     ] GC(570) Using 2 workers of 2 for marking
[98.332s][info][gc,marking  ] GC(570) Concurrent Mark From Roots 10.615ms
[98.332s][info][gc,marking  ] GC(570) Concurrent Preclean
[98.332s][info][gc,marking  ] GC(570) Concurrent Preclean 0.126ms
[98.332s][info][gc,start    ] GC(570) Pause Remark
[98.334s][info][gc          ] GC(570) Pause Remark 53M->53M(176M) 2.334ms
[98.334s][info][gc,cpu      ] GC(570) User=0.09s Sys=0.00s Real=0.00s
[98.335s][info][gc,marking  ] GC(570) Concurrent Mark 13.634ms
[98.335s][info][gc,marking  ] GC(570) Concurrent Rebuild Remembered Sets
[98.339s][info][gc,marking  ] GC(570) Concurrent Rebuild Remembered Sets 4.465ms
[98.340s][info][gc,start    ] GC(570) Pause Cleanup
[98.340s][info][gc          ] GC(570) Pause Cleanup 54M->54M(176M) 0.090ms
[98.340s][info][gc,cpu      ] GC(570) User=0.00s Sys=0.00s Real=0.00s
[98.340s][info][gc,marking  ] GC(570) Concurrent Cleanup for Next Mark
[98.340s][info][gc,marking  ] GC(570) Concurrent Cleanup for Next Mark 0.112ms
[98.340s][info][gc          ] GC(570) Concurrent Mark Cycle 19.784ms
[98.845s][info][gc,start    ] GC(571) Pause Young (Prepare Mixed) (GCLocker Initiated GC)
[98.845s][info][gc,task     ] GC(571) Using 6 workers of 6 for evacuation
[98.847s][info][gc,phases   ] GC(571)   Pre Evacuate Collection Set: 0.2ms
[98.847s][info][gc,phases   ] GC(571)   Merge Heap Roots: 0.1ms
[98.847s][info][gc,phases   ] GC(571)   Evacuate Collection Set: 0.6ms
[98.847s][info][gc,phases   ] GC(571)   Post Evacuate Collection Set: 0.7ms
[98.847s][info][gc,phases   ] GC(571)   Other: 0.3ms
[98.847s][info][gc,heap     ] GC(571) Eden regions: 60->0(7)
[98.847s][info][gc,heap     ] GC(571) Survivor regions: 1->1(14)
[98.847s][info][gc,heap     ] GC(571) Old regions: 36->36
[98.847s][info][gc,heap     ] GC(571) Archive regions: 0->0
[98.847s][info][gc,heap     ] GC(571) Humongous regions: 76->8
[98.847s][info][gc,metaspace] GC(571) Metaspace: 37233K(37504K)->37233K(37504K) NonClass: 33229K(33344K)->33229K(33344K) Class: 4003K(4160K)->4003K(4160K)
[98.847s][info][gc          ] GC(571) Pause Young (Prepare Mixed) (GCLocker Initiated GC) 171M->44M(176M) 1.905ms
[98.847s][info][gc,cpu      ] GC(571) User=0.00s Sys=0.00s Real=0.00s
[98.920s][info][gc,start    ] GC(572) Pause Young (Mixed) (GCLocker Initiated GC)
[98.920s][info][gc,task     ] GC(572) Using 6 workers of 6 for evacuation
[98.921s][info][gc,phases   ] GC(572)   Pre Evacuate Collection Set: 0.2ms
[98.921s][info][gc,phases   ] GC(572)   Merge Heap Roots: 0.1ms
[98.921s][info][gc,phases   ] GC(572)   Evacuate Collection Set: 0.6ms
[98.921s][info][gc,phases   ] GC(572)   Post Evacuate Collection Set: 0.5ms
[98.921s][info][gc,phases   ] GC(572)   Other: 0.2ms
[98.921s][info][gc,heap     ] GC(572) Eden regions: 8->0(104)
[98.921s][info][gc,heap     ] GC(572) Survivor regions: 1->1(1)
[98.921s][info][gc,heap     ] GC(572) Old regions: 36->36
[98.921s][info][gc,heap     ] GC(572) Archive regions: 0->0
[98.921s][info][gc,heap     ] GC(572) Humongous regions: 8->4
[98.921s][info][gc,metaspace] GC(572) Metaspace: 37233K(37504K)->37233K(37504K) NonClass: 33229K(33344K)->33229K(33344K) Class: 4003K(4160K)->4003K(4160K)
[98.921s][info][gc          ] GC(572) Pause Young (Mixed) (GCLocker Initiated GC) 52M->40M(176M) 1.601ms
[98.921s][info][gc,cpu      ] GC(572) User=0.00s Sys=0.00s Real=0.00s
[98.930s][info][gc,start    ] GC(573) Pause Young (Concurrent Start) (G1 Humongous Allocation)
[98.930s][info][gc,task     ] GC(573) Using 6 workers of 6 for evacuation
[98.932s][info][gc,phases   ] GC(573)   Pre Evacuate Collection Set: 0.2ms
[98.932s][info][gc,phases   ] GC(573)   Merge Heap Roots: 0.1ms
[98.932s][info][gc,phases   ] GC(573)   Evacuate Collection Set: 0.7ms
[98.932s][info][gc,phases   ] GC(573)   Post Evacuate Collection Set: 0.5ms
[98.932s][info][gc,phases   ] GC(573)   Other: 0.4ms
[98.932s][info][gc,heap     ] GC(573) Eden regions: 3->0(104)
[98.932s][info][gc,heap     ] GC(573) Survivor regions: 1->1(14)
[98.932s][info][gc,heap     ] GC(573) Old regions: 36->36
[98.932s][info][gc,heap     ] GC(573) Archive regions: 0->0
[98.932s][info][gc,heap     ] GC(573) Humongous regions: 4->4
[98.932s][info][gc,metaspace] GC(573) Metaspace: 37233K(37504K)->37233K(37504K) NonClass: 33229K(33344K)->33229K(33344K) Class: 4003K(4160K)->4003K(4160K)
[98.932s][info][gc          ] GC(573) Pause Young (Concurrent Start) (G1 Humongous Allocation) 43M->39M(176M) 1.868ms
[98.932s][info][gc,cpu      ] GC(573) User=0.00s Sys=0.00s Real=0.00s
[98.932s][info][gc          ] GC(574) Concurrent Mark Cycle
[98.932s][info][gc,marking  ] GC(574) Concurrent Clear Claimed Marks
[98.932s][info][gc,marking  ] GC(574) Concurrent Clear Claimed Marks 0.025ms
[98.932s][info][gc,marking  ] GC(574) Concurrent Scan Root Regions
[98.933s][info][gc,marking  ] GC(574) Concurrent Scan Root Regions 0.520ms
[98.933s][info][gc,marking  ] GC(574) Concurrent Mark
[98.933s][info][gc,marking  ] GC(574) Concurrent Mark From Roots
[98.933s][info][gc,task     ] GC(574) Using 2 workers of 2 for marking
[98.943s][info][gc,marking  ] GC(574) Concurrent Mark From Roots 9.979ms
[98.943s][info][gc,marking  ] GC(574) Concurrent Preclean
[98.943s][info][gc,marking  ] GC(574) Concurrent Preclean 0.143ms
[98.943s][info][gc,start    ] GC(574) Pause Remark
[98.948s][info][gc          ] GC(574) Pause Remark 53M->53M(176M) 4.889ms
[98.948s][info][gc,cpu      ] GC(574) User=0.00s Sys=0.00s Real=0.01s
[98.949s][info][gc,marking  ] GC(574) Concurrent Mark 15.633ms
[98.949s][info][gc,marking  ] GC(574) Concurrent Rebuild Remembered Sets
[98.953s][info][gc,marking  ] GC(574) Concurrent Rebuild Remembered Sets 4.557ms
[98.953s][info][gc,start    ] GC(574) Pause Cleanup
[98.954s][info][gc          ] GC(574) Pause Cleanup 54M->54M(176M) 0.111ms
[98.954s][info][gc,cpu      ] GC(574) User=0.00s Sys=0.00s Real=0.00s
[98.954s][info][gc,marking  ] GC(574) Concurrent Cleanup for Next Mark
[98.954s][info][gc,marking  ] GC(574) Concurrent Cleanup for Next Mark 0.155ms
[98.954s][info][gc          ] GC(574) Concurrent Mark Cycle 21.626ms
[99.461s][info][gc,start    ] GC(575) Pause Young (Prepare Mixed) (GCLocker Initiated GC)
[99.461s][info][gc,task     ] GC(575) Using 6 workers of 6 for evacuation
[99.463s][info][gc,phases   ] GC(575)   Pre Evacuate Collection Set: 0.1ms
[99.463s][info][gc,phases   ] GC(575)   Merge Heap Roots: 0.1ms
[99.463s][info][gc,phases   ] GC(575)   Evacuate Collection Set: 0.6ms
[99.463s][info][gc,phases   ] GC(575)   Post Evacuate Collection Set: 0.6ms
[99.463s][info][gc,phases   ] GC(575)   Other: 0.2ms
[99.463s][info][gc,heap     ] GC(575) Eden regions: 60->0(7)
[99.463s][info][gc,heap     ] GC(575) Survivor regions: 1->1(14)
[99.463s][info][gc,heap     ] GC(575) Old regions: 36->36
[99.463s][info][gc,heap     ] GC(575) Archive regions: 0->0
[99.463s][info][gc,heap     ] GC(575) Humongous regions: 76->8
[99.463s][info][gc,metaspace] GC(575) Metaspace: 37233K(37504K)->37233K(37504K) NonClass: 33229K(33344K)->33229K(33344K) Class: 4003K(4160K)->4003K(4160K)
[99.463s][info][gc          ] GC(575) Pause Young (Prepare Mixed) (GCLocker Initiated GC) 171M->44M(176M) 1.775ms
[99.463s][info][gc,cpu      ] GC(575) User=0.00s Sys=0.00s Real=0.00s
[99.556s][info][gc,start    ] GC(576) Pause Young (Mixed) (GCLocker Initiated GC)
[99.556s][info][gc,task     ] GC(576) Using 6 workers of 6 for evacuation
[99.557s][info][gc,phases   ] GC(576)   Pre Evacuate Collection Set: 0.3ms
[99.557s][info][gc,phases   ] GC(576)   Merge Heap Roots: 0.1ms
[99.557s][info][gc,phases   ] GC(576)   Evacuate Collection Set: 0.6ms
[99.557s][info][gc,phases   ] GC(576)   Post Evacuate Collection Set: 0.4ms
[99.557s][info][gc,phases   ] GC(576)   Other: 0.3ms
[99.557s][info][gc,heap     ] GC(576) Eden regions: 8->0(104)
[99.557s][info][gc,heap     ] GC(576) Survivor regions: 1->1(1)
[99.557s][info][gc,heap     ] GC(576) Old regions: 36->36
[99.557s][info][gc,heap     ] GC(576) Archive regions: 0->0
[99.557s][info][gc,heap     ] GC(576) Humongous regions: 20->8
[99.557s][info][gc,metaspace] GC(576) Metaspace: 37234K(37504K)->37234K(37504K) NonClass: 33230K(33344K)->33230K(33344K) Class: 4003K(4160K)->4003K(4160K)
[99.557s][info][gc          ] GC(576) Pause Young (Mixed) (GCLocker Initiated GC) 63M->43M(176M) 1.572ms
[99.557s][info][gc,cpu      ] GC(576) User=0.00s Sys=0.00s Real=0.00s
[99.646s][info][gc,start    ] GC(577) Pause Young (Concurrent Start) (GCLocker Initiated GC)
[99.646s][info][gc,task     ] GC(577) Using 6 workers of 6 for evacuation
[99.648s][info][gc,phases   ] GC(577)   Pre Evacuate Collection Set: 0.2ms
[99.648s][info][gc,phases   ] GC(577)   Merge Heap Roots: 0.1ms
[99.648s][info][gc,phases   ] GC(577)   Evacuate Collection Set: 0.8ms
[99.648s][info][gc,phases   ] GC(577)   Post Evacuate Collection Set: 0.5ms
[99.648s][info][gc,phases   ] GC(577)   Other: 0.3ms
[99.648s][info][gc,heap     ] GC(577) Eden regions: 7->0(104)
[99.648s][info][gc,heap     ] GC(577) Survivor regions: 1->1(14)
[99.648s][info][gc,heap     ] GC(577) Old regions: 36->36
[99.648s][info][gc,heap     ] GC(577) Archive regions: 0->0
[99.648s][info][gc,heap     ] GC(577) Humongous regions: 8->4
[99.648s][info][gc,metaspace] GC(577) Metaspace: 37234K(37504K)->37234K(37504K) NonClass: 33230K(33344K)->33230K(33344K) Class: 4003K(4160K)->4003K(4160K)
[99.648s][info][gc          ] GC(577) Pause Young (Concurrent Start) (GCLocker Initiated GC) 50M->40M(176M) 1.748ms
[99.648s][info][gc,cpu      ] GC(577) User=0.00s Sys=0.00s Real=0.00s
[99.648s][info][gc          ] GC(578) Concurrent Mark Cycle
[99.648s][info][gc,marking  ] GC(578) Concurrent Clear Claimed Marks
[99.648s][info][gc,marking  ] GC(578) Concurrent Clear Claimed Marks 0.029ms
[99.648s][info][gc,marking  ] GC(578) Concurrent Scan Root Regions
[99.649s][info][gc,marking  ] GC(578) Concurrent Scan Root Regions 0.479ms
[99.649s][info][gc,marking  ] GC(578) Concurrent Mark
[99.649s][info][gc,marking  ] GC(578) Concurrent Mark From Roots
[99.649s][info][gc,task     ] GC(578) Using 2 workers of 2 for marking
[99.659s][info][gc,marking  ] GC(578) Concurrent Mark From Roots 9.762ms
[99.659s][info][gc,marking  ] GC(578) Concurrent Preclean
[99.659s][info][gc,marking  ] GC(578) Concurrent Preclean 0.110ms
[99.659s][info][gc,start    ] GC(578) Pause Remark
[99.663s][info][gc          ] GC(578) Pause Remark 53M->53M(176M) 4.243ms
[99.664s][info][gc,cpu      ] GC(578) User=0.09s Sys=0.00s Real=0.00s
[99.664s][info][gc,marking  ] GC(578) Concurrent Mark 14.744ms
[99.664s][info][gc,marking  ] GC(578) Concurrent Rebuild Remembered Sets
[99.668s][info][gc,marking  ] GC(578) Concurrent Rebuild Remembered Sets 4.563ms
[99.669s][info][gc,start    ] GC(578) Pause Cleanup
[99.669s][info][gc          ] GC(578) Pause Cleanup 54M->54M(176M) 0.130ms
[99.669s][info][gc,cpu      ] GC(578) User=0.00s Sys=0.00s Real=0.00s
[99.669s][info][gc,marking  ] GC(578) Concurrent Cleanup for Next Mark
[99.669s][info][gc,marking  ] GC(578) Concurrent Cleanup for Next Mark 0.173ms
[99.669s][info][gc          ] GC(578) Concurrent Mark Cycle 20.803ms
[100.268s][info][gc,start    ] GC(579) Pause Young (Prepare Mixed) (GCLocker Initiated GC)
[100.268s][info][gc,task     ] GC(579) Using 6 workers of 6 for evacuation
[100.269s][info][gc,phases   ] GC(579)   Pre Evacuate Collection Set: 0.1ms
[100.269s][info][gc,phases   ] GC(579)   Merge Heap Roots: 0.1ms
[100.269s][info][gc,phases   ] GC(579)   Evacuate Collection Set: 0.6ms
[100.269s][info][gc,phases   ] GC(579)   Post Evacuate Collection Set: 0.6ms
[100.269s][info][gc,phases   ] GC(579)   Other: 0.3ms
[100.269s][info][gc,heap     ] GC(579) Eden regions: 61->0(7)
[100.269s][info][gc,heap     ] GC(579) Survivor regions: 1->2(14)
[100.269s][info][gc,heap     ] GC(579) Old regions: 36->36
[100.269s][info][gc,heap     ] GC(579) Archive regions: 0->0
[100.269s][info][gc,heap     ] GC(579) Humongous regions: 88->8
[100.269s][info][gc,metaspace] GC(579) Metaspace: 37237K(37504K)->37237K(37504K) NonClass: 33233K(33344K)->33233K(33344K) Class: 4003K(4160K)->4003K(4160K)
[100.269s][info][gc          ] GC(579) Pause Young (Prepare Mixed) (GCLocker Initiated GC) 185M->44M(188M) 1.618ms
[100.270s][info][gc,cpu      ] GC(579) User=0.00s Sys=0.00s Real=0.00s
[100.293s][info][gc,start    ] GC(580) Pause Young (Mixed) (GCLocker Initiated GC)
[100.293s][info][gc,task     ] GC(580) Using 6 workers of 6 for evacuation
[100.294s][info][gc,phases   ] GC(580)   Pre Evacuate Collection Set: 0.2ms
[100.294s][info][gc,phases   ] GC(580)   Merge Heap Roots: 0.1ms
[100.294s][info][gc,phases   ] GC(580)   Evacuate Collection Set: 0.6ms
[100.294s][info][gc,phases   ] GC(580)   Post Evacuate Collection Set: 0.5ms
[100.294s][info][gc,phases   ] GC(580)   Other: 0.2ms
[100.294s][info][gc,heap     ] GC(580) Eden regions: 8->0(111)
[100.294s][info][gc,heap     ] GC(580) Survivor regions: 2->1(2)
[100.294s][info][gc,heap     ] GC(580) Old regions: 36->36
[100.294s][info][gc,heap     ] GC(580) Archive regions: 0->0
[100.294s][info][gc,heap     ] GC(580) Humongous regions: 8->4
[100.294s][info][gc,metaspace] GC(580) Metaspace: 37237K(37504K)->37237K(37504K) NonClass: 33233K(33344K)->33233K(33344K) Class: 4003K(4160K)->4003K(4160K)
[100.294s][info][gc          ] GC(580) Pause Young (Mixed) (GCLocker Initiated GC) 52M->40M(188M) 1.525ms
[100.294s][info][gc,cpu      ] GC(580) User=0.00s Sys=0.00s Real=0.00s
[100.567s][info][gc,start    ] GC(581) Pause Young (Concurrent Start) (GCLocker Initiated GC)
[100.567s][info][gc,task     ] GC(581) Using 6 workers of 6 for evacuation
[100.569s][info][gc,phases   ] GC(581)   Pre Evacuate Collection Set: 0.2ms
[100.569s][info][gc,phases   ] GC(581)   Merge Heap Roots: 0.1ms
[100.569s][info][gc,phases   ] GC(581)   Evacuate Collection Set: 0.7ms
[100.569s][info][gc,phases   ] GC(581)   Post Evacuate Collection Set: 0.5ms
[100.569s][info][gc,phases   ] GC(581)   Other: 0.2ms
[100.569s][info][gc,heap     ] GC(581) Eden regions: 28->0(111)
[100.569s][info][gc,heap     ] GC(581) Survivor regions: 1->1(14)
[100.569s][info][gc,heap     ] GC(581) Old regions: 36->36
[100.569s][info][gc,heap     ] GC(581) Archive regions: 0->0
[100.569s][info][gc,heap     ] GC(581) Humongous regions: 28->4
[100.569s][info][gc,metaspace] GC(581) Metaspace: 37237K(37504K)->37237K(37504K) NonClass: 33233K(33344K)->33233K(33344K) Class: 4003K(4160K)->4003K(4160K)
[100.569s][info][gc          ] GC(581) Pause Young (Concurrent Start) (GCLocker Initiated GC) 91M->40M(188M) 1.726ms
[100.569s][info][gc,cpu      ] GC(581) User=0.00s Sys=0.02s Real=0.00s
[100.569s][info][gc          ] GC(582) Concurrent Mark Cycle
[100.569s][info][gc,marking  ] GC(582) Concurrent Clear Claimed Marks
[100.569s][info][gc,marking  ] GC(582) Concurrent Clear Claimed Marks 0.013ms
[100.569s][info][gc,marking  ] GC(582) Concurrent Scan Root Regions
[100.570s][info][gc,marking  ] GC(582) Concurrent Scan Root Regions 0.491ms
[100.570s][info][gc,marking  ] GC(582) Concurrent Mark
[100.570s][info][gc,marking  ] GC(582) Concurrent Mark From Roots
[100.570s][info][gc,task     ] GC(582) Using 2 workers of 2 for marking
[100.580s][info][gc,marking  ] GC(582) Concurrent Mark From Roots 10.119ms
[100.580s][info][gc,marking  ] GC(582) Concurrent Preclean
[100.580s][info][gc,marking  ] GC(582) Concurrent Preclean 0.106ms
[100.581s][info][gc,start    ] GC(582) Pause Remark
[100.585s][info][gc          ] GC(582) Pause Remark 53M->53M(184M) 4.509ms
[100.585s][info][gc,cpu      ] GC(582) User=0.00s Sys=0.00s Real=0.00s
[100.585s][info][gc,marking  ] GC(582) Concurrent Mark 15.414ms
[100.585s][info][gc,marking  ] GC(582) Concurrent Rebuild Remembered Sets
[100.590s][info][gc,marking  ] GC(582) Concurrent Rebuild Remembered Sets 4.530ms
[100.590s][info][gc,start    ] GC(582) Pause Cleanup
[100.590s][info][gc          ] GC(582) Pause Cleanup 54M->54M(184M) 0.154ms
[100.590s][info][gc,cpu      ] GC(582) User=0.00s Sys=0.00s Real=0.00s
[100.591s][info][gc,marking  ] GC(582) Concurrent Cleanup for Next Mark
[100.591s][info][gc,marking  ] GC(582) Concurrent Cleanup for Next Mark 0.125ms
[100.591s][info][gc          ] GC(582) Concurrent Mark Cycle 21.380ms
[101.102s][info][gc,start    ] GC(583) Pause Young (Prepare Mixed) (GCLocker Initiated GC)
[101.102s][info][gc,task     ] GC(583) Using 6 workers of 6 for evacuation
[101.104s][info][gc,phases   ] GC(583)   Pre Evacuate Collection Set: 0.1ms
[101.104s][info][gc,phases   ] GC(583)   Merge Heap Roots: 0.1ms
[101.104s][info][gc,phases   ] GC(583)   Evacuate Collection Set: 0.7ms
[101.104s][info][gc,phases   ] GC(583)   Post Evacuate Collection Set: 0.7ms
[101.104s][info][gc,phases   ] GC(583)   Other: 0.2ms
[101.104s][info][gc,heap     ] GC(583) Eden regions: 68->0(7)
[101.104s][info][gc,heap     ] GC(583) Survivor regions: 1->2(14)
[101.104s][info][gc,heap     ] GC(583) Old regions: 36->36
[101.104s][info][gc,heap     ] GC(583) Archive regions: 0->0
[101.104s][info][gc,heap     ] GC(583) Humongous regions: 76->4
[101.104s][info][gc,metaspace] GC(583) Metaspace: 37238K(37504K)->37238K(37504K) NonClass: 33234K(33344K)->33234K(33344K) Class: 4003K(4160K)->4003K(4160K)
[101.104s][info][gc          ] GC(583) Pause Young (Prepare Mixed) (GCLocker Initiated GC) 180M->41M(184M) 1.806ms
[101.104s][info][gc,cpu      ] GC(583) User=0.00s Sys=0.00s Real=0.00s
[101.204s][info][gc,start    ] GC(584) Pause Young (Mixed) (GCLocker Initiated GC)
[101.205s][info][gc,task     ] GC(584) Using 6 workers of 6 for evacuation
[101.206s][info][gc,phases   ] GC(584)   Pre Evacuate Collection Set: 0.1ms
[101.206s][info][gc,phases   ] GC(584)   Merge Heap Roots: 0.0ms
[101.206s][info][gc,phases   ] GC(584)   Evacuate Collection Set: 0.6ms
[101.206s][info][gc,phases   ] GC(584)   Post Evacuate Collection Set: 0.5ms
[101.206s][info][gc,phases   ] GC(584)   Other: 0.2ms
[101.206s][info][gc,heap     ] GC(584) Eden regions: 8->0(109)
[101.206s][info][gc,heap     ] GC(584) Survivor regions: 2->1(2)
[101.206s][info][gc,heap     ] GC(584) Old regions: 36->37
[101.206s][info][gc,heap     ] GC(584) Archive regions: 0->0
[101.206s][info][gc,heap     ] GC(584) Humongous regions: 16->4
[101.206s][info][gc,metaspace] GC(584) Metaspace: 37242K(37568K)->37242K(37568K) NonClass: 33239K(33408K)->33239K(33408K) Class: 4003K(4160K)->4003K(4160K)
[101.206s][info][gc          ] GC(584) Pause Young (Mixed) (GCLocker Initiated GC) 61M->40M(184M) 1.544ms
[101.206s][info][gc,cpu      ] GC(584) User=0.00s Sys=0.00s Real=0.00s
[101.478s][info][gc,start    ] GC(585) Pause Young (Concurrent Start) (GCLocker Initiated GC)
[101.479s][info][gc,task     ] GC(585) Using 6 workers of 6 for evacuation
[101.480s][info][gc,phases   ] GC(585)   Pre Evacuate Collection Set: 0.2ms
[101.480s][info][gc,phases   ] GC(585)   Merge Heap Roots: 0.1ms
[101.480s][info][gc,phases   ] GC(585)   Evacuate Collection Set: 0.7ms
[101.480s][info][gc,phases   ] GC(585)   Post Evacuate Collection Set: 0.5ms
[101.480s][info][gc,phases   ] GC(585)   Other: 0.3ms
[101.480s][info][gc,heap     ] GC(585) Eden regions: 31->0(109)
[101.480s][info][gc,heap     ] GC(585) Survivor regions: 1->1(14)
[101.480s][info][gc,heap     ] GC(585) Old regions: 37->37
[101.480s][info][gc,heap     ] GC(585) Archive regions: 0->0
[101.480s][info][gc,heap     ] GC(585) Humongous regions: 28->4
[101.480s][info][gc,metaspace] GC(585) Metaspace: 37245K(37568K)->37245K(37568K) NonClass: 33241K(33408K)->33241K(33408K) Class: 4003K(4160K)->4003K(4160K)
[101.480s][info][gc          ] GC(585) Pause Young (Concurrent Start) (GCLocker Initiated GC) 95M->40M(184M) 1.835ms
[101.480s][info][gc,cpu      ] GC(585) User=0.00s Sys=0.00s Real=0.00s
[101.480s][info][gc          ] GC(586) Concurrent Mark Cycle
[101.480s][info][gc,marking  ] GC(586) Concurrent Clear Claimed Marks
[101.481s][info][gc,marking  ] GC(586) Concurrent Clear Claimed Marks 0.017ms
[101.481s][info][gc,marking  ] GC(586) Concurrent Scan Root Regions
[101.481s][info][gc,marking  ] GC(586) Concurrent Scan Root Regions 0.686ms
[101.481s][info][gc,marking  ] GC(586) Concurrent Mark
[101.481s][info][gc,marking  ] GC(586) Concurrent Mark From Roots
[101.481s][info][gc,task     ] GC(586) Using 2 workers of 2 for marking
[101.491s][info][gc,marking  ] GC(586) Concurrent Mark From Roots 9.893ms
[101.491s][info][gc,marking  ] GC(586) Concurrent Preclean
[101.491s][info][gc,marking  ] GC(586) Concurrent Preclean 0.152ms
[101.492s][info][gc,start    ] GC(586) Pause Remark
[101.494s][info][gc          ] GC(586) Pause Remark 54M->54M(184M) 2.554ms
[101.494s][info][gc,cpu      ] GC(586) User=0.00s Sys=0.00s Real=0.00s
[101.495s][info][gc,marking  ] GC(586) Concurrent Mark 13.334ms
[101.495s][info][gc,marking  ] GC(586) Concurrent Rebuild Remembered Sets
[101.499s][info][gc,marking  ] GC(586) Concurrent Rebuild Remembered Sets 4.746ms
[101.500s][info][gc,start    ] GC(586) Pause Cleanup
[101.500s][info][gc          ] GC(586) Pause Cleanup 55M->55M(184M) 0.132ms
[101.500s][info][gc,cpu      ] GC(586) User=0.00s Sys=0.00s Real=0.00s
[101.500s][info][gc,marking  ] GC(586) Concurrent Cleanup for Next Mark
[101.500s][info][gc,marking  ] GC(586) Concurrent Cleanup for Next Mark 0.161ms
[101.500s][info][gc          ] GC(586) Concurrent Mark Cycle 19.740ms
[102.112s][info][gc,start    ] GC(587) Pause Young (Prepare Mixed) (GCLocker Initiated GC)
[102.112s][info][gc,task     ] GC(587) Using 6 workers of 6 for evacuation
[102.113s][info][gc,phases   ] GC(587)   Pre Evacuate Collection Set: 0.2ms
[102.113s][info][gc,phases   ] GC(587)   Merge Heap Roots: 0.1ms
[102.113s][info][gc,phases   ] GC(587)   Evacuate Collection Set: 0.5ms
[102.113s][info][gc,phases   ] GC(587)   Post Evacuate Collection Set: 0.6ms
[102.113s][info][gc,phases   ] GC(587)   Other: 0.2ms
[102.113s][info][gc,heap     ] GC(587) Eden regions: 63->0(7)
[102.113s][info][gc,heap     ] GC(587) Survivor regions: 1->2(14)
[102.113s][info][gc,heap     ] GC(587) Old regions: 37->37
[102.113s][info][gc,heap     ] GC(587) Archive regions: 0->0
[102.113s][info][gc,heap     ] GC(587) Humongous regions: 88->8
[102.113s][info][gc,metaspace] GC(587) Metaspace: 37245K(37568K)->37245K(37568K) NonClass: 33241K(33408K)->33241K(33408K) Class: 4003K(4160K)->4003K(4160K)
[102.113s][info][gc          ] GC(587) Pause Young (Prepare Mixed) (GCLocker Initiated GC) 187M->45M(192M) 1.591ms
[102.113s][info][gc,cpu      ] GC(587) User=0.00s Sys=0.00s Real=0.00s
[102.159s][info][gc,start    ] GC(588) Pause Young (Mixed) (GCLocker Initiated GC)
[102.159s][info][gc,task     ] GC(588) Using 6 workers of 6 for evacuation
[102.161s][info][gc,phases   ] GC(588)   Pre Evacuate Collection Set: 0.2ms
[102.161s][info][gc,phases   ] GC(588)   Merge Heap Roots: 0.1ms
[102.161s][info][gc,phases   ] GC(588)   Evacuate Collection Set: 0.8ms
[102.161s][info][gc,phases   ] GC(588)   Post Evacuate Collection Set: 0.6ms
[102.161s][info][gc,phases   ] GC(588)   Other: 0.2ms
[102.161s][info][gc,heap     ] GC(588) Eden regions: 8->0(113)
[102.161s][info][gc,heap     ] GC(588) Survivor regions: 2->2(2)
[102.161s][info][gc,heap     ] GC(588) Old regions: 37->37
[102.161s][info][gc,heap     ] GC(588) Archive regions: 0->0
[102.161s][info][gc,heap     ] GC(588) Humongous regions: 8->4
[102.161s][info][gc,metaspace] GC(588) Metaspace: 37245K(37568K)->37245K(37568K) NonClass: 33241K(33408K)->33241K(33408K) Class: 4003K(4160K)->4003K(4160K)
[102.161s][info][gc          ] GC(588) Pause Young (Mixed) (GCLocker Initiated GC) 53M->41M(192M) 2.042ms
[102.161s][info][gc,cpu      ] GC(588) User=0.00s Sys=0.00s Real=0.00s
[102.491s][info][gc,start    ] GC(589) Pause Young (Concurrent Start) (GCLocker Initiated GC)
[102.491s][info][gc,task     ] GC(589) Using 6 workers of 6 for evacuation
[102.493s][info][gc,phases   ] GC(589)   Pre Evacuate Collection Set: 0.2ms
[102.493s][info][gc,phases   ] GC(589)   Merge Heap Roots: 0.1ms
[102.493s][info][gc,phases   ] GC(589)   Evacuate Collection Set: 0.8ms
[102.493s][info][gc,phases   ] GC(589)   Post Evacuate Collection Set: 0.4ms
[102.493s][info][gc,phases   ] GC(589)   Other: 0.3ms
[102.493s][info][gc,heap     ] GC(589) Eden regions: 37->0(114)
[102.493s][info][gc,heap     ] GC(589) Survivor regions: 2->1(15)
[102.493s][info][gc,heap     ] GC(589) Old regions: 37->37
[102.493s][info][gc,heap     ] GC(589) Archive regions: 0->0
[102.493s][info][gc,heap     ] GC(589) Humongous regions: 40->4
[102.493s][info][gc,metaspace] GC(589) Metaspace: 37250K(37568K)->37250K(37568K) NonClass: 33246K(33408K)->33246K(33408K) Class: 4003K(4160K)->4003K(4160K)
[102.493s][info][gc          ] GC(589) Pause Young (Concurrent Start) (GCLocker Initiated GC) 114M->40M(192M) 1.798ms
[102.493s][info][gc,cpu      ] GC(589) User=0.00s Sys=0.00s Real=0.00s
[102.493s][info][gc          ] GC(590) Concurrent Mark Cycle
[102.493s][info][gc,marking  ] GC(590) Concurrent Clear Claimed Marks
[102.493s][info][gc,marking  ] GC(590) Concurrent Clear Claimed Marks 0.026ms
[102.493s][info][gc,marking  ] GC(590) Concurrent Scan Root Regions
[102.494s][info][gc,marking  ] GC(590) Concurrent Scan Root Regions 0.752ms
[102.494s][info][gc,marking  ] GC(590) Concurrent Mark
[102.494s][info][gc,marking  ] GC(590) Concurrent Mark From Roots
[102.494s][info][gc,task     ] GC(590) Using 2 workers of 2 for marking
[102.503s][info][gc,marking  ] GC(590) Concurrent Mark From Roots 9.559ms
[102.503s][info][gc,marking  ] GC(590) Concurrent Preclean
[102.504s][info][gc,marking  ] GC(590) Concurrent Preclean 0.167ms
[102.504s][info][gc,start    ] GC(590) Pause Remark
[102.506s][info][gc          ] GC(590) Pause Remark 54M->54M(187M) 2.078ms
[102.506s][info][gc,cpu      ] GC(590) User=0.09s Sys=0.00s Real=0.00s
[102.508s][info][gc,marking  ] GC(590) Concurrent Mark 14.316ms
[102.508s][info][gc,marking  ] GC(590) Concurrent Rebuild Remembered Sets
[102.513s][info][gc,marking  ] GC(590) Concurrent Rebuild Remembered Sets 4.502ms
[102.513s][info][gc,start    ] GC(590) Pause Cleanup
[102.513s][info][gc          ] GC(590) Pause Cleanup 55M->55M(187M) 0.145ms
[102.513s][info][gc,cpu      ] GC(590) User=0.00s Sys=0.00s Real=0.00s
[102.513s][info][gc,marking  ] GC(590) Concurrent Cleanup for Next Mark
[102.513s][info][gc,marking  ] GC(590) Concurrent Cleanup for Next Mark 0.174ms
[102.513s][info][gc          ] GC(590) Concurrent Mark Cycle 20.623ms
[103.111s][info][gc,start    ] GC(591) Pause Young (Prepare Mixed) (GCLocker Initiated GC)
[103.111s][info][gc,task     ] GC(591) Using 6 workers of 6 for evacuation
[103.113s][info][gc,phases   ] GC(591)   Pre Evacuate Collection Set: 0.1ms
[103.113s][info][gc,phases   ] GC(591)   Merge Heap Roots: 0.1ms
[103.113s][info][gc,phases   ] GC(591)   Evacuate Collection Set: 0.7ms
[103.113s][info][gc,phases   ] GC(591)   Post Evacuate Collection Set: 0.5ms
[103.113s][info][gc,phases   ] GC(591)   Other: 0.2ms
[103.113s][info][gc,heap     ] GC(591) Eden regions: 70->0(6)
[103.113s][info][gc,heap     ] GC(591) Survivor regions: 1->3(14)
[103.113s][info][gc,heap     ] GC(591) Old regions: 37->37
[103.113s][info][gc,heap     ] GC(591) Archive regions: 0->0
[103.113s][info][gc,heap     ] GC(591) Humongous regions: 88->8
[103.113s][info][gc,metaspace] GC(591) Metaspace: 37253K(37568K)->37253K(37568K) NonClass: 33249K(33408K)->33249K(33408K) Class: 4003K(4160K)->4003K(4160K)
[103.113s][info][gc          ] GC(591) Pause Young (Prepare Mixed) (GCLocker Initiated GC) 194M->46M(199M) 1.628ms
[103.113s][info][gc,cpu      ] GC(591) User=0.00s Sys=0.00s Real=0.00s
[103.131s][info][gc,start    ] GC(592) Pause Young (Mixed) (GCLocker Initiated GC)
[103.131s][info][gc,task     ] GC(592) Using 6 workers of 6 for evacuation
[103.132s][info][gc,phases   ] GC(592)   Pre Evacuate Collection Set: 0.2ms
[103.132s][info][gc,phases   ] GC(592)   Merge Heap Roots: 0.1ms
[103.132s][info][gc,phases   ] GC(592)   Evacuate Collection Set: 0.7ms
[103.132s][info][gc,phases   ] GC(592)   Post Evacuate Collection Set: 0.4ms
[103.132s][info][gc,phases   ] GC(592)   Other: 0.3ms
[103.132s][info][gc,heap     ] GC(592) Eden regions: 7->0(118)
[103.132s][info][gc,heap     ] GC(592) Survivor regions: 3->1(2)
[103.132s][info][gc,heap     ] GC(592) Old regions: 37->37
[103.132s][info][gc,heap     ] GC(592) Archive regions: 0->0
[103.132s][info][gc,heap     ] GC(592) Humongous regions: 8->4
[103.132s][info][gc,metaspace] GC(592) Metaspace: 37253K(37568K)->37253K(37568K) NonClass: 33249K(33408K)->33249K(33408K) Class: 4003K(4160K)->4003K(4160K)
[103.132s][info][gc          ] GC(592) Pause Young (Mixed) (GCLocker Initiated GC) 52M->41M(199M) 1.646ms
[103.132s][info][gc,cpu      ] GC(592) User=0.00s Sys=0.00s Real=0.00s
[103.610s][info][gc,start    ] GC(593) Pause Young (Concurrent Start) (GCLocker Initiated GC)
[103.610s][info][gc,task     ] GC(593) Using 6 workers of 6 for evacuation
[103.612s][info][gc,phases   ] GC(593)   Pre Evacuate Collection Set: 0.2ms
[103.612s][info][gc,phases   ] GC(593)   Merge Heap Roots: 0.1ms
[103.612s][info][gc,phases   ] GC(593)   Evacuate Collection Set: 0.8ms
[103.612s][info][gc,phases   ] GC(593)   Post Evacuate Collection Set: 0.5ms
[103.612s][info][gc,phases   ] GC(593)   Other: 0.3ms
[103.612s][info][gc,heap     ] GC(593) Eden regions: 51->0(118)
[103.612s][info][gc,heap     ] GC(593) Survivor regions: 1->1(15)
[103.612s][info][gc,heap     ] GC(593) Old regions: 37->37
[103.612s][info][gc,heap     ] GC(593) Archive regions: 0->0
[103.612s][info][gc,heap     ] GC(593) Humongous regions: 56->8
[103.612s][info][gc,metaspace] GC(593) Metaspace: 37253K(37568K)->37253K(37568K) NonClass: 33249K(33408K)->33249K(33408K) Class: 4003K(4160K)->4003K(4160K)
[103.612s][info][gc          ] GC(593) Pause Young (Concurrent Start) (GCLocker Initiated GC) 144M->45M(199M) 1.913ms
[103.612s][info][gc,cpu      ] GC(593) User=0.00s Sys=0.00s Real=0.00s
[103.612s][info][gc          ] GC(594) Concurrent Mark Cycle
[103.612s][info][gc,marking  ] GC(594) Concurrent Clear Claimed Marks
[103.612s][info][gc,marking  ] GC(594) Concurrent Clear Claimed Marks 0.026ms
[103.613s][info][gc,marking  ] GC(594) Concurrent Scan Root Regions
[103.613s][info][gc,marking  ] GC(594) Concurrent Scan Root Regions 0.667ms
[103.613s][info][gc,marking  ] GC(594) Concurrent Mark
[103.613s][info][gc,marking  ] GC(594) Concurrent Mark From Roots
[103.613s][info][gc,task     ] GC(594) Using 2 workers of 2 for marking
[103.623s][info][gc,marking  ] GC(594) Concurrent Mark From Roots 10.252ms
[103.624s][info][gc,marking  ] GC(594) Concurrent Preclean
[103.624s][info][gc,marking  ] GC(594) Concurrent Preclean 0.180ms
[103.624s][info][gc,start    ] GC(594) Pause Remark
[103.626s][info][gc          ] GC(594) Pause Remark 54M->54M(187M) 2.292ms
[103.626s][info][gc,cpu      ] GC(594) User=0.00s Sys=0.00s Real=0.00s
[103.627s][info][gc,marking  ] GC(594) Concurrent Mark 13.346ms
[103.627s][info][gc,marking  ] GC(594) Concurrent Rebuild Remembered Sets
[103.631s][info][gc,marking  ] GC(594) Concurrent Rebuild Remembered Sets 4.803ms
[103.632s][info][gc,start    ] GC(594) Pause Cleanup
[103.632s][info][gc          ] GC(594) Pause Cleanup 55M->55M(187M) 0.094ms
[103.632s][info][gc,cpu      ] GC(594) User=0.00s Sys=0.00s Real=0.00s
[103.632s][info][gc,marking  ] GC(594) Concurrent Cleanup for Next Mark
[103.632s][info][gc,marking  ] GC(594) Concurrent Cleanup for Next Mark 0.148ms
[103.632s][info][gc          ] GC(594) Concurrent Mark Cycle 19.719ms
[104.253s][info][gc,start    ] GC(595) Pause Young (Prepare Mixed) (GCLocker Initiated GC)
[104.253s][info][gc,task     ] GC(595) Using 6 workers of 6 for evacuation
[104.254s][info][gc,phases   ] GC(595)   Pre Evacuate Collection Set: 0.1ms
[104.254s][info][gc,phases   ] GC(595)   Merge Heap Roots: 0.1ms
[104.254s][info][gc,phases   ] GC(595)   Evacuate Collection Set: 0.5ms
[104.254s][info][gc,phases   ] GC(595)   Post Evacuate Collection Set: 0.3ms
[104.254s][info][gc,phases   ] GC(595)   Other: 0.2ms
[104.254s][info][gc,heap     ] GC(595) Eden regions: 70->0(7)
[104.254s][info][gc,heap     ] GC(595) Survivor regions: 1->2(14)
[104.254s][info][gc,heap     ] GC(595) Old regions: 37->37
[104.254s][info][gc,heap     ] GC(595) Archive regions: 0->0
[104.254s][info][gc,heap     ] GC(595) Humongous regions: 88->4
[104.254s][info][gc,metaspace] GC(595) Metaspace: 37253K(37568K)->37253K(37568K) NonClass: 33249K(33408K)->33249K(33408K) Class: 4003K(4160K)->4003K(4160K)
[104.254s][info][gc          ] GC(595) Pause Young (Prepare Mixed) (GCLocker Initiated GC) 195M->42M(199M) 1.262ms
[104.254s][info][gc,cpu      ] GC(595) User=0.00s Sys=0.00s Real=0.00s
[104.309s][info][gc,start    ] GC(596) Pause Young (Mixed) (GCLocker Initiated GC)
[104.309s][info][gc,task     ] GC(596) Using 6 workers of 6 for evacuation
[104.311s][info][gc,phases   ] GC(596)   Pre Evacuate Collection Set: 0.2ms
[104.311s][info][gc,phases   ] GC(596)   Merge Heap Roots: 0.1ms
[104.311s][info][gc,phases   ] GC(596)   Evacuate Collection Set: 0.7ms
[104.311s][info][gc,phases   ] GC(596)   Post Evacuate Collection Set: 0.3ms
[104.311s][info][gc,phases   ] GC(596)   Other: 0.3ms
[104.311s][info][gc,heap     ] GC(596) Eden regions: 8->0(118)
[104.311s][info][gc,heap     ] GC(596) Survivor regions: 2->1(2)
[104.311s][info][gc,heap     ] GC(596) Old regions: 37->37
[104.311s][info][gc,heap     ] GC(596) Archive regions: 0->0
[104.311s][info][gc,heap     ] GC(596) Humongous regions: 4->4
[104.311s][info][gc,metaspace] GC(596) Metaspace: 37253K(37568K)->37253K(37568K) NonClass: 33249K(33408K)->33249K(33408K) Class: 4003K(4160K)->4003K(4160K)
[104.311s][info][gc          ] GC(596) Pause Young (Mixed) (GCLocker Initiated GC) 49M->41M(199M) 1.489ms
[104.311s][info][gc,cpu      ] GC(596) User=0.00s Sys=0.00s Real=0.00s
[104.732s][info][gc,start    ] GC(597) Pause Young (Concurrent Start) (GCLocker Initiated GC)
[104.732s][info][gc,task     ] GC(597) Using 6 workers of 6 for evacuation
[104.734s][info][gc,phases   ] GC(597)   Pre Evacuate Collection Set: 0.2ms
[104.734s][info][gc,phases   ] GC(597)   Merge Heap Roots: 0.1ms
[104.734s][info][gc,phases   ] GC(597)   Evacuate Collection Set: 0.8ms
[104.734s][info][gc,phases   ] GC(597)   Post Evacuate Collection Set: 0.5ms
[104.734s][info][gc,phases   ] GC(597)   Other: 0.3ms
[104.734s][info][gc,heap     ] GC(597) Eden regions: 44->0(118)
[104.734s][info][gc,heap     ] GC(597) Survivor regions: 1->1(15)
[104.734s][info][gc,heap     ] GC(597) Old regions: 37->37
[104.734s][info][gc,heap     ] GC(597) Archive regions: 0->0
[104.734s][info][gc,heap     ] GC(597) Humongous regions: 60->8
[104.734s][info][gc,metaspace] GC(597) Metaspace: 37256K(37568K)->37256K(37568K) NonClass: 33252K(33408K)->33252K(33408K) Class: 4003K(4160K)->4003K(4160K)
[104.734s][info][gc          ] GC(597) Pause Young (Concurrent Start) (GCLocker Initiated GC) 140M->45M(199M) 1.875ms
[104.734s][info][gc,cpu      ] GC(597) User=0.00s Sys=0.00s Real=0.00s
[104.734s][info][gc          ] GC(598) Concurrent Mark Cycle
[104.734s][info][gc,marking  ] GC(598) Concurrent Clear Claimed Marks
[104.734s][info][gc,marking  ] GC(598) Concurrent Clear Claimed Marks 0.031ms
[104.734s][info][gc,marking  ] GC(598) Concurrent Scan Root Regions
[104.735s][info][gc,marking  ] GC(598) Concurrent Scan Root Regions 0.685ms
[104.735s][info][gc,marking  ] GC(598) Concurrent Mark
[104.735s][info][gc,marking  ] GC(598) Concurrent Mark From Roots
[104.735s][info][gc,task     ] GC(598) Using 2 workers of 2 for marking
[104.745s][info][gc,marking  ] GC(598) Concurrent Mark From Roots 9.900ms
[104.745s][info][gc,marking  ] GC(598) Concurrent Preclean
[104.745s][info][gc,marking  ] GC(598) Concurrent Preclean 0.111ms
[104.746s][info][gc,start    ] GC(598) Pause Remark
[104.750s][info][gc          ] GC(598) Pause Remark 51M->51M(174M) 4.818ms
[104.751s][info][gc,cpu      ] GC(598) User=0.00s Sys=0.00s Real=0.00s
[104.751s][info][gc,marking  ] GC(598) Concurrent Mark 15.715ms
[104.751s][info][gc,marking  ] GC(598) Concurrent Rebuild Remembered Sets
[104.757s][info][gc,marking  ] GC(598) Concurrent Rebuild Remembered Sets 5.831ms
[104.757s][info][gc,start    ] GC(598) Pause Cleanup
[104.757s][info][gc          ] GC(598) Pause Cleanup 56M->56M(174M) 0.108ms
[104.757s][info][gc,cpu      ] GC(598) User=0.00s Sys=0.00s Real=0.00s
[104.758s][info][gc,marking  ] GC(598) Concurrent Cleanup for Next Mark
[104.758s][info][gc,marking  ] GC(598) Concurrent Cleanup for Next Mark 0.134ms
[104.758s][info][gc          ] GC(598) Concurrent Mark Cycle 23.369ms
[105.243s][info][gc,start    ] GC(599) Pause Young (Prepare Mixed) (GCLocker Initiated GC)
[105.243s][info][gc,task     ] GC(599) Using 6 workers of 6 for evacuation
[105.245s][info][gc,phases   ] GC(599)   Pre Evacuate Collection Set: 0.2ms
[105.245s][info][gc,phases   ] GC(599)   Merge Heap Roots: 0.1ms
[105.245s][info][gc,phases   ] GC(599)   Evacuate Collection Set: 0.6ms
[105.245s][info][gc,phases   ] GC(599)   Post Evacuate Collection Set: 0.6ms
[105.245s][info][gc,phases   ] GC(599)   Other: 0.3ms
[105.245s][info][gc,heap     ] GC(599) Eden regions: 62->0(7)
[105.245s][info][gc,heap     ] GC(599) Survivor regions: 1->1(13)
[105.245s][info][gc,heap     ] GC(599) Old regions: 37->37
[105.245s][info][gc,heap     ] GC(599) Archive regions: 0->0
[105.245s][info][gc,heap     ] GC(599) Humongous regions: 68->8
[105.245s][info][gc,metaspace] GC(599) Metaspace: 37257K(37568K)->37257K(37568K) NonClass: 33253K(33408K)->33253K(33408K) Class: 4003K(4160K)->4003K(4160K)
[105.245s][info][gc          ] GC(599) Pause Young (Prepare Mixed) (GCLocker Initiated GC) 167M->45M(174M) 1.629ms
[105.245s][info][gc,cpu      ] GC(599) User=0.00s Sys=0.00s Real=0.00s
[105.272s][info][gc,start    ] GC(600) Pause Young (Mixed) (GCLocker Initiated GC)
[105.272s][info][gc,task     ] GC(600) Using 6 workers of 6 for evacuation
[105.274s][info][gc,phases   ] GC(600)   Pre Evacuate Collection Set: 0.2ms
[105.274s][info][gc,phases   ] GC(600)   Merge Heap Roots: 0.1ms
[105.274s][info][gc,phases   ] GC(600)   Evacuate Collection Set: 1.2ms
[105.274s][info][gc,phases   ] GC(600)   Post Evacuate Collection Set: 0.6ms
[105.274s][info][gc,phases   ] GC(600)   Other: 0.3ms
[105.274s][info][gc,heap     ] GC(600) Eden regions: 8->0(103)
[105.274s][info][gc,heap     ] GC(600) Survivor regions: 1->1(1)
[105.274s][info][gc,heap     ] GC(600) Old regions: 37->39
[105.274s][info][gc,heap     ] GC(600) Archive regions: 0->0
[105.274s][info][gc,heap     ] GC(600) Humongous regions: 12->4
[105.274s][info][gc,metaspace] GC(600) Metaspace: 37257K(37568K)->37257K(37568K) NonClass: 33253K(33408K)->33253K(33408K) Class: 4003K(4160K)->4003K(4160K)
[105.274s][info][gc          ] GC(600) Pause Young (Mixed) (GCLocker Initiated GC) 57M->43M(174M) 2.361ms
[105.274s][info][gc,cpu      ] GC(600) User=0.00s Sys=0.00s Real=0.00s
[105.645s][info][gc,start    ] GC(601) Pause Young (Concurrent Start) (GCLocker Initiated GC)
[105.645s][info][gc,task     ] GC(601) Using 6 workers of 6 for evacuation
[105.647s][info][gc,phases   ] GC(601)   Pre Evacuate Collection Set: 0.2ms
[105.647s][info][gc,phases   ] GC(601)   Merge Heap Roots: 0.1ms
[105.647s][info][gc,phases   ] GC(601)   Evacuate Collection Set: 0.7ms
[105.647s][info][gc,phases   ] GC(601)   Post Evacuate Collection Set: 0.5ms
[105.647s][info][gc,phases   ] GC(601)   Other: 0.2ms
[105.647s][info][gc,heap     ] GC(601) Eden regions: 36->0(103)
[105.647s][info][gc,heap     ] GC(601) Survivor regions: 1->1(13)
[105.647s][info][gc,heap     ] GC(601) Old regions: 39->39
[105.647s][info][gc,heap     ] GC(601) Archive regions: 0->0
[105.647s][info][gc,heap     ] GC(601) Humongous regions: 40->4
[105.647s][info][gc,metaspace] GC(601) Metaspace: 37257K(37568K)->37257K(37568K) NonClass: 33253K(33408K)->33253K(33408K) Class: 4003K(4160K)->4003K(4160K)
[105.647s][info][gc          ] GC(601) Pause Young (Concurrent Start) (GCLocker Initiated GC) 114M->42M(174M) 1.731ms
[105.647s][info][gc,cpu      ] GC(601) User=0.02s Sys=0.00s Real=0.00s
[105.647s][info][gc          ] GC(602) Concurrent Mark Cycle
[105.647s][info][gc,marking  ] GC(602) Concurrent Clear Claimed Marks
[105.647s][info][gc,marking  ] GC(602) Concurrent Clear Claimed Marks 0.017ms
[105.647s][info][gc,marking  ] GC(602) Concurrent Scan Root Regions
[105.648s][info][gc,marking  ] GC(602) Concurrent Scan Root Regions 0.456ms
[105.648s][info][gc,marking  ] GC(602) Concurrent Mark
[105.648s][info][gc,marking  ] GC(602) Concurrent Mark From Roots
[105.648s][info][gc,task     ] GC(602) Using 2 workers of 2 for marking
[105.659s][info][gc,marking  ] GC(602) Concurrent Mark From Roots 11.674ms
[105.659s][info][gc,marking  ] GC(602) Concurrent Preclean
[105.660s][info][gc,marking  ] GC(602) Concurrent Preclean 0.142ms
[105.660s][info][gc,start    ] GC(602) Pause Remark
[105.664s][info][gc          ] GC(602) Pause Remark 55M->55M(174M) 3.770ms
[105.664s][info][gc,cpu      ] GC(602) User=0.09s Sys=0.00s Real=0.00s
[105.664s][info][gc,marking  ] GC(602) Concurrent Mark 16.178ms
[105.664s][info][gc,marking  ] GC(602) Concurrent Rebuild Remembered Sets
[105.669s][info][gc,marking  ] GC(602) Concurrent Rebuild Remembered Sets 4.776ms
[105.669s][info][gc,start    ] GC(602) Pause Cleanup
[105.669s][info][gc          ] GC(602) Pause Cleanup 56M->56M(174M) 0.123ms
[105.669s][info][gc,cpu      ] GC(602) User=0.00s Sys=0.00s Real=0.00s
[105.669s][info][gc,marking  ] GC(602) Concurrent Cleanup for Next Mark
[105.669s][info][gc,marking  ] GC(602) Concurrent Cleanup for Next Mark 0.162ms
[105.669s][info][gc          ] GC(602) Concurrent Mark Cycle 22.273ms
[106.163s][info][gc,start    ] GC(603) Pause Young (Prepare Mixed) (GCLocker Initiated GC)
[106.163s][info][gc,task     ] GC(603) Using 6 workers of 6 for evacuation
[106.165s][info][gc,phases   ] GC(603)   Pre Evacuate Collection Set: 0.2ms
[106.165s][info][gc,phases   ] GC(603)   Merge Heap Roots: 0.1ms
[106.165s][info][gc,phases   ] GC(603)   Evacuate Collection Set: 0.7ms
[106.165s][info][gc,phases   ] GC(603)   Post Evacuate Collection Set: 0.6ms
[106.165s][info][gc,phases   ] GC(603)   Other: 0.3ms
[106.165s][info][gc,heap     ] GC(603) Eden regions: 62->0(7)
[106.165s][info][gc,heap     ] GC(603) Survivor regions: 1->1(13)
[106.165s][info][gc,heap     ] GC(603) Old regions: 38->38
[106.165s][info][gc,heap     ] GC(603) Archive regions: 0->0
[106.165s][info][gc,heap     ] GC(603) Humongous regions: 68->8
[106.165s][info][gc,metaspace] GC(603) Metaspace: 37257K(37568K)->37257K(37568K) NonClass: 33253K(33408K)->33253K(33408K) Class: 4003K(4160K)->4003K(4160K)
[106.165s][info][gc          ] GC(603) Pause Young (Prepare Mixed) (GCLocker Initiated GC) 167M->46M(174M) 1.826ms
[106.165s][info][gc,cpu      ] GC(603) User=0.00s Sys=0.00s Real=0.00s
[106.193s][info][gc,start    ] GC(604) Pause Young (Mixed) (GCLocker Initiated GC)
[106.193s][info][gc,task     ] GC(604) Using 6 workers of 6 for evacuation
[106.195s][info][gc,phases   ] GC(604)   Pre Evacuate Collection Set: 0.2ms
[106.195s][info][gc,phases   ] GC(604)   Merge Heap Roots: 0.1ms
[106.195s][info][gc,phases   ] GC(604)   Evacuate Collection Set: 0.7ms
[106.195s][info][gc,phases   ] GC(604)   Post Evacuate Collection Set: 0.7ms
[106.195s][info][gc,phases   ] GC(604)   Other: 0.3ms
[106.195s][info][gc,heap     ] GC(604) Eden regions: 8->0(103)
[106.195s][info][gc,heap     ] GC(604) Survivor regions: 1->1(1)
[106.195s][info][gc,heap     ] GC(604) Old regions: 38->39
[106.195s][info][gc,heap     ] GC(604) Archive regions: 0->0
[106.195s][info][gc,heap     ] GC(604) Humongous regions: 16->4
[106.195s][info][gc,metaspace] GC(604) Metaspace: 37258K(37568K)->37258K(37568K) NonClass: 33254K(33408K)->33254K(33408K) Class: 4003K(4160K)->4003K(4160K)
[106.195s][info][gc          ] GC(604) Pause Young (Mixed) (GCLocker Initiated GC) 62M->43M(174M) 1.949ms
[106.195s][info][gc,cpu      ] GC(604) User=0.00s Sys=0.00s Real=0.00s
[106.575s][info][gc,start    ] GC(605) Pause Young (Concurrent Start) (GCLocker Initiated GC)
[106.575s][info][gc,task     ] GC(605) Using 6 workers of 6 for evacuation
[106.577s][info][gc,phases   ] GC(605)   Pre Evacuate Collection Set: 0.2ms
[106.577s][info][gc,phases   ] GC(605)   Merge Heap Roots: 0.1ms
[106.577s][info][gc,phases   ] GC(605)   Evacuate Collection Set: 0.9ms
[106.577s][info][gc,phases   ] GC(605)   Post Evacuate Collection Set: 0.5ms
[106.577s][info][gc,phases   ] GC(605)   Other: 0.3ms
[106.577s][info][gc,heap     ] GC(605) Eden regions: 35->0(102)
[106.577s][info][gc,heap     ] GC(605) Survivor regions: 1->1(13)
[106.577s][info][gc,heap     ] GC(605) Old regions: 39->39
[106.577s][info][gc,heap     ] GC(605) Archive regions: 0->0
[106.577s][info][gc,heap     ] GC(605) Humongous regions: 44->8
[106.577s][info][gc,metaspace] GC(605) Metaspace: 37258K(37568K)->37258K(37568K) NonClass: 33254K(33408K)->33254K(33408K) Class: 4003K(4160K)->4003K(4160K)
[106.577s][info][gc          ] GC(605) Pause Young (Concurrent Start) (GCLocker Initiated GC) 118M->46M(174M) 2.120ms
[106.577s][info][gc,cpu      ] GC(605) User=0.00s Sys=0.00s Real=0.00s
[106.577s][info][gc          ] GC(606) Concurrent Mark Cycle
[106.577s][info][gc,marking  ] GC(606) Concurrent Clear Claimed Marks
[106.577s][info][gc,marking  ] GC(606) Concurrent Clear Claimed Marks 0.024ms
[106.577s][info][gc,marking  ] GC(606) Concurrent Scan Root Regions
[106.578s][info][gc,marking  ] GC(606) Concurrent Scan Root Regions 0.642ms
[106.578s][info][gc,marking  ] GC(606) Concurrent Mark
[106.578s][info][gc,marking  ] GC(606) Concurrent Mark From Roots
[106.578s][info][gc,task     ] GC(606) Using 2 workers of 2 for marking
[106.587s][info][gc,marking  ] GC(606) Concurrent Mark From Roots 9.500ms
[106.587s][info][gc,marking  ] GC(606) Concurrent Preclean
[106.587s][info][gc,marking  ] GC(606) Concurrent Preclean 0.142ms
[106.588s][info][gc,start    ] GC(606) Pause Remark
[106.591s][info][gc          ] GC(606) Pause Remark 56M->55M(174M) 2.863ms
[106.591s][info][gc,cpu      ] GC(606) User=0.00s Sys=0.00s Real=0.00s
[106.591s][info][gc,marking  ] GC(606) Concurrent Mark 13.200ms
[106.591s][info][gc,marking  ] GC(606) Concurrent Rebuild Remembered Sets
[106.596s][info][gc,marking  ] GC(606) Concurrent Rebuild Remembered Sets 4.816ms
[106.596s][info][gc,start    ] GC(606) Pause Cleanup
[106.596s][info][gc          ] GC(606) Pause Cleanup 56M->56M(174M) 0.143ms
[106.596s][info][gc,cpu      ] GC(606) User=0.00s Sys=0.00s Real=0.00s
[106.596s][info][gc,marking  ] GC(606) Concurrent Cleanup for Next Mark
[106.597s][info][gc,marking  ] GC(606) Concurrent Cleanup for Next Mark 0.120ms
[106.597s][info][gc          ] GC(606) Concurrent Mark Cycle 19.561ms
[107.128s][info][gc,start    ] GC(607) Pause Young (Prepare Mixed) (G1 Preventive Collection)
[107.129s][info][gc,task     ] GC(607) Using 6 workers of 6 for evacuation
[107.130s][info][gc,phases   ] GC(607)   Pre Evacuate Collection Set: 0.1ms
[107.130s][info][gc,phases   ] GC(607)   Merge Heap Roots: 0.1ms
[107.130s][info][gc,phases   ] GC(607)   Evacuate Collection Set: 0.6ms
[107.130s][info][gc,phases   ] GC(607)   Post Evacuate Collection Set: 0.5ms
[107.130s][info][gc,phases   ] GC(607)   Other: 0.3ms
[107.130s][info][gc,heap     ] GC(607) Eden regions: 63->0(7)
[107.130s][info][gc,heap     ] GC(607) Survivor regions: 1->1(13)
[107.130s][info][gc,heap     ] GC(607) Old regions: 38->38
[107.130s][info][gc,heap     ] GC(607) Archive regions: 0->0
[107.130s][info][gc,heap     ] GC(607) Humongous regions: 68->8
[107.130s][info][gc,metaspace] GC(607) Metaspace: 37258K(37568K)->37258K(37568K) NonClass: 33254K(33408K)->33254K(33408K) Class: 4003K(4160K)->4003K(4160K)
[107.130s][info][gc          ] GC(607) Pause Young (Prepare Mixed) (G1 Preventive Collection) 168M->46M(174M) 1.669ms
[107.130s][info][gc,cpu      ] GC(607) User=0.02s Sys=0.00s Real=0.00s
[107.157s][info][gc,start    ] GC(608) Pause Young (Mixed) (G1 Evacuation Pause)
[107.157s][info][gc,task     ] GC(608) Using 6 workers of 6 for evacuation
[107.159s][info][gc,phases   ] GC(608)   Pre Evacuate Collection Set: 0.2ms
[107.159s][info][gc,phases   ] GC(608)   Merge Heap Roots: 0.1ms
[107.159s][info][gc,phases   ] GC(608)   Evacuate Collection Set: 0.7ms
[107.159s][info][gc,phases   ] GC(608)   Post Evacuate Collection Set: 0.5ms
[107.159s][info][gc,phases   ] GC(608)   Other: 0.3ms
[107.159s][info][gc,heap     ] GC(608) Eden regions: 7->0(103)
[107.159s][info][gc,heap     ] GC(608) Survivor regions: 1->1(1)
[107.159s][info][gc,heap     ] GC(608) Old regions: 38->39
[107.159s][info][gc,heap     ] GC(608) Archive regions: 0->0
[107.159s][info][gc,heap     ] GC(608) Humongous regions: 16->4
[107.159s][info][gc,metaspace] GC(608) Metaspace: 37258K(37568K)->37258K(37568K) NonClass: 33254K(33408K)->33254K(33408K) Class: 4003K(4160K)->4003K(4160K)
[107.159s][info][gc          ] GC(608) Pause Young (Mixed) (G1 Evacuation Pause) 61M->42M(174M) 1.700ms
[107.159s][info][gc,cpu      ] GC(608) User=0.00s Sys=0.00s Real=0.00s
[107.543s][info][gc,start    ] GC(609) Pause Young (Concurrent Start) (G1 Humongous Allocation)
[107.543s][info][gc,task     ] GC(609) Using 6 workers of 6 for evacuation
[107.544s][info][gc,phases   ] GC(609)   Pre Evacuate Collection Set: 0.2ms
[107.545s][info][gc,phases   ] GC(609)   Merge Heap Roots: 0.1ms
[107.545s][info][gc,phases   ] GC(609)   Evacuate Collection Set: 0.7ms
[107.545s][info][gc,phases   ] GC(609)   Post Evacuate Collection Set: 0.5ms
[107.545s][info][gc,phases   ] GC(609)   Other: 0.3ms
[107.545s][info][gc,heap     ] GC(609) Eden regions: 36->0(102)
[107.545s][info][gc,heap     ] GC(609) Survivor regions: 1->1(13)
[107.545s][info][gc,heap     ] GC(609) Old regions: 39->39
[107.545s][info][gc,heap     ] GC(609) Archive regions: 0->0
[107.545s][info][gc,heap     ] GC(609) Humongous regions: 48->8
[107.545s][info][gc,metaspace] GC(609) Metaspace: 37265K(37568K)->37265K(37568K) NonClass: 33261K(33408K)->33261K(33408K) Class: 4003K(4160K)->4003K(4160K)
[107.545s][info][gc          ] GC(609) Pause Young (Concurrent Start) (G1 Humongous Allocation) 122M->46M(174M) 1.803ms
[107.545s][info][gc,cpu      ] GC(609) User=0.00s Sys=0.00s Real=0.00s
[107.545s][info][gc          ] GC(610) Concurrent Undo Cycle
[107.545s][info][gc,marking  ] GC(610) Concurrent Cleanup for Next Mark
[107.545s][info][gc,marking  ] GC(610) Concurrent Cleanup for Next Mark 0.112ms
[107.545s][info][gc          ] GC(610) Concurrent Undo Cycle 0.162ms
[107.645s][info][gc,start    ] GC(611) Pause Young (Concurrent Start) (G1 Humongous Allocation)
[107.645s][info][gc,task     ] GC(611) Using 6 workers of 6 for evacuation
[107.646s][info][gc,phases   ] GC(611)   Pre Evacuate Collection Set: 0.1ms
[107.646s][info][gc,phases   ] GC(611)   Merge Heap Roots: 0.1ms
[107.646s][info][gc,phases   ] GC(611)   Evacuate Collection Set: 0.7ms
[107.646s][info][gc,phases   ] GC(611)   Post Evacuate Collection Set: 0.5ms
[107.646s][info][gc,phases   ] GC(611)   Other: 0.3ms
[107.646s][info][gc,heap     ] GC(611) Eden regions: 14->0(103)
[107.646s][info][gc,heap     ] GC(611) Survivor regions: 1->1(13)
[107.646s][info][gc,heap     ] GC(611) Old regions: 39->39
[107.647s][info][gc,heap     ] GC(611) Archive regions: 0->0
[107.647s][info][gc,heap     ] GC(611) Humongous regions: 12->4
[107.647s][info][gc,metaspace] GC(611) Metaspace: 37265K(37568K)->37265K(37568K) NonClass: 33261K(33408K)->33261K(33408K) Class: 4003K(4160K)->4003K(4160K)
[107.647s][info][gc          ] GC(611) Pause Young (Concurrent Start) (G1 Humongous Allocation) 63M->42M(174M) 1.783ms
[107.647s][info][gc,cpu      ] GC(611) User=0.09s Sys=0.00s Real=0.00s
[107.647s][info][gc          ] GC(612) Concurrent Mark Cycle
[107.647s][info][gc,marking  ] GC(612) Concurrent Clear Claimed Marks
[107.647s][info][gc,marking  ] GC(612) Concurrent Clear Claimed Marks 0.022ms
[107.647s][info][gc,marking  ] GC(612) Concurrent Scan Root Regions
[107.647s][info][gc,marking  ] GC(612) Concurrent Scan Root Regions 0.528ms
[107.647s][info][gc,marking  ] GC(612) Concurrent Mark
[107.647s][info][gc,marking  ] GC(612) Concurrent Mark From Roots
[107.647s][info][gc,task     ] GC(612) Using 2 workers of 2 for marking
[107.657s][info][gc,marking  ] GC(612) Concurrent Mark From Roots 9.766ms
[107.657s][info][gc,marking  ] GC(612) Concurrent Preclean
[107.657s][info][gc,marking  ] GC(612) Concurrent Preclean 0.179ms
[107.658s][info][gc,start    ] GC(612) Pause Remark
[107.661s][info][gc          ] GC(612) Pause Remark 55M->55M(174M) 2.983ms
[107.661s][info][gc,cpu      ] GC(612) User=0.00s Sys=0.00s Real=0.00s
[107.661s][info][gc,marking  ] GC(612) Concurrent Mark 13.554ms
[107.661s][info][gc,marking  ] GC(612) Concurrent Rebuild Remembered Sets
[107.666s][info][gc,marking  ] GC(612) Concurrent Rebuild Remembered Sets 4.924ms
[107.666s][info][gc,start    ] GC(612) Pause Cleanup
[107.666s][info][gc          ] GC(612) Pause Cleanup 56M->56M(174M) 0.150ms
[107.666s][info][gc,cpu      ] GC(612) User=0.00s Sys=0.00s Real=0.00s
[107.666s][info][gc,marking  ] GC(612) Concurrent Cleanup for Next Mark
[107.667s][info][gc,marking  ] GC(612) Concurrent Cleanup for Next Mark 0.134ms
[107.667s][info][gc          ] GC(612) Concurrent Mark Cycle 19.938ms
[108.181s][info][gc,start    ] GC(613) Pause Young (Prepare Mixed) (G1 Preventive Collection)
[108.181s][info][gc,task     ] GC(613) Using 6 workers of 6 for evacuation
[108.185s][info][gc,phases   ] GC(613)   Pre Evacuate Collection Set: 0.4ms
[108.185s][info][gc,phases   ] GC(613)   Merge Heap Roots: 0.1ms
[108.185s][info][gc,phases   ] GC(613)   Evacuate Collection Set: 1.4ms
[108.185s][info][gc,phases   ] GC(613)   Post Evacuate Collection Set: 1.1ms
[108.185s][info][gc,phases   ] GC(613)   Other: 0.5ms
[108.185s][info][gc,heap     ] GC(613) Eden regions: 57->0(7)
[108.185s][info][gc,heap     ] GC(613) Survivor regions: 1->1(13)
[108.185s][info][gc,heap     ] GC(613) Old regions: 39->39
[108.185s][info][gc,heap     ] GC(613) Archive regions: 0->0
[108.185s][info][gc,heap     ] GC(613) Humongous regions: 72->8
[108.185s][info][gc,metaspace] GC(613) Metaspace: 37270K(37568K)->37270K(37568K) NonClass: 33266K(33408K)->33266K(33408K) Class: 4003K(4160K)->4003K(4160K)
[108.185s][info][gc          ] GC(613) Pause Young (Prepare Mixed) (G1 Preventive Collection) 166M->46M(174M) 3.783ms
[108.185s][info][gc,cpu      ] GC(613) User=0.00s Sys=0.00s Real=0.00s
[108.212s][info][gc,start    ] GC(614) Pause Young (Mixed) (GCLocker Initiated GC)
[108.212s][info][gc,task     ] GC(614) Using 6 workers of 6 for evacuation
[108.213s][info][gc,phases   ] GC(614)   Pre Evacuate Collection Set: 0.2ms
[108.213s][info][gc,phases   ] GC(614)   Merge Heap Roots: 0.1ms
[108.213s][info][gc,phases   ] GC(614)   Evacuate Collection Set: 0.6ms
[108.213s][info][gc,phases   ] GC(614)   Post Evacuate Collection Set: 0.4ms
[108.213s][info][gc,phases   ] GC(614)   Other: 0.3ms
[108.213s][info][gc,heap     ] GC(614) Eden regions: 7->0(102)
[108.213s][info][gc,heap     ] GC(614) Survivor regions: 1->1(1)
[108.213s][info][gc,heap     ] GC(614) Old regions: 39->39
[108.213s][info][gc,heap     ] GC(614) Archive regions: 0->0
[108.213s][info][gc,heap     ] GC(614) Humongous regions: 12->8
[108.213s][info][gc,metaspace] GC(614) Metaspace: 37270K(37568K)->37270K(37568K) NonClass: 33266K(33408K)->33266K(33408K) Class: 4003K(4160K)->4003K(4160K)
[108.213s][info][gc          ] GC(614) Pause Young (Mixed) (GCLocker Initiated GC) 57M->46M(174M) 1.601ms
[108.213s][info][gc,cpu      ] GC(614) User=0.00s Sys=0.00s Real=0.00s
[108.727s][info][gc,start    ] GC(615) Pause Young (Concurrent Start) (G1 Humongous Allocation)
[108.727s][info][gc,task     ] GC(615) Using 6 workers of 6 for evacuation
[108.728s][info][gc,phases   ] GC(615)   Pre Evacuate Collection Set: 0.1ms
[108.728s][info][gc,phases   ] GC(615)   Merge Heap Roots: 0.1ms
[108.728s][info][gc,phases   ] GC(615)   Evacuate Collection Set: 0.7ms
[108.728s][info][gc,phases   ] GC(615)   Post Evacuate Collection Set: 0.6ms
[108.728s][info][gc,phases   ] GC(615)   Other: 0.3ms
[108.728s][info][gc,heap     ] GC(615) Eden regions: 39->0(114)
[108.728s][info][gc,heap     ] GC(615) Survivor regions: 1->1(13)
[108.728s][info][gc,heap     ] GC(615) Old regions: 39->39
[108.728s][info][gc,heap     ] GC(615) Archive regions: 0->0
[108.728s][info][gc,heap     ] GC(615) Humongous regions: 56->8
[108.728s][info][gc,metaspace] GC(615) Metaspace: 37270K(37568K)->37270K(37568K) NonClass: 33266K(33408K)->33266K(33408K) Class: 4003K(4160K)->4003K(4160K)
[108.728s][info][gc          ] GC(615) Pause Young (Concurrent Start) (G1 Humongous Allocation) 133M->46M(193M) 1.818ms
[108.729s][info][gc,cpu      ] GC(615) User=0.00s Sys=0.00s Real=0.00s
[108.729s][info][gc          ] GC(616) Concurrent Undo Cycle
[108.729s][info][gc,marking  ] GC(616) Concurrent Cleanup for Next Mark
[108.729s][info][gc,marking  ] GC(616) Concurrent Cleanup for Next Mark 0.293ms
[108.729s][info][gc          ] GC(616) Concurrent Undo Cycle 0.393ms
[108.732s][info][gc,start    ] GC(617) Pause Young (Concurrent Start) (G1 Humongous Allocation)
[108.732s][info][gc,task     ] GC(617) Using 6 workers of 6 for evacuation
[108.734s][info][gc,phases   ] GC(617)   Pre Evacuate Collection Set: 0.2ms
[108.734s][info][gc,phases   ] GC(617)   Merge Heap Roots: 0.1ms
[108.734s][info][gc,phases   ] GC(617)   Evacuate Collection Set: 0.8ms
[108.734s][info][gc,phases   ] GC(617)   Post Evacuate Collection Set: 0.6ms
[108.734s][info][gc,phases   ] GC(617)   Other: 0.4ms
[108.734s][info][gc,heap     ] GC(617) Eden regions: 1->0(114)
[108.734s][info][gc,heap     ] GC(617) Survivor regions: 1->1(15)
[108.734s][info][gc,heap     ] GC(617) Old regions: 39->39
[108.734s][info][gc,heap     ] GC(617) Archive regions: 0->0
[108.734s][info][gc,heap     ] GC(617) Humongous regions: 12->12
[108.734s][info][gc,metaspace] GC(617) Metaspace: 37270K(37568K)->37270K(37568K) NonClass: 33266K(33408K)->33266K(33408K) Class: 4003K(4160K)->4003K(4160K)
[108.734s][info][gc          ] GC(617) Pause Young (Concurrent Start) (G1 Humongous Allocation) 50M->50M(193M) 2.147ms
[108.734s][info][gc,cpu      ] GC(617) User=0.00s Sys=0.00s Real=0.00s
[108.734s][info][gc          ] GC(618) Concurrent Mark Cycle
[108.734s][info][gc,marking  ] GC(618) Concurrent Clear Claimed Marks
[108.734s][info][gc,marking  ] GC(618) Concurrent Clear Claimed Marks 0.050ms
[108.734s][info][gc,marking  ] GC(618) Concurrent Scan Root Regions
[108.735s][info][gc,marking  ] GC(618) Concurrent Scan Root Regions 0.730ms
[108.735s][info][gc,marking  ] GC(618) Concurrent Mark
[108.735s][info][gc,marking  ] GC(618) Concurrent Mark From Roots
[108.735s][info][gc,task     ] GC(618) Using 2 workers of 2 for marking
[108.746s][info][gc,marking  ] GC(618) Concurrent Mark From Roots 10.597ms
[108.746s][info][gc,marking  ] GC(618) Concurrent Preclean
[108.746s][info][gc,marking  ] GC(618) Concurrent Preclean 0.127ms
[108.746s][info][gc,start    ] GC(618) Pause Remark
[108.749s][info][gc          ] GC(618) Pause Remark 59M->59M(193M) 3.079ms
[108.750s][info][gc,cpu      ] GC(618) User=0.00s Sys=0.00s Real=0.00s
[108.750s][info][gc,marking  ] GC(618) Concurrent Mark 14.409ms
[108.750s][info][gc,marking  ] GC(618) Concurrent Rebuild Remembered Sets
[108.755s][info][gc,marking  ] GC(618) Concurrent Rebuild Remembered Sets 5.189ms
[108.755s][info][gc,start    ] GC(618) Pause Cleanup
[108.755s][info][gc          ] GC(618) Pause Cleanup 60M->60M(193M) 0.149ms
[108.756s][info][gc,cpu      ] GC(618) User=0.00s Sys=0.02s Real=0.00s
[108.756s][info][gc,marking  ] GC(618) Concurrent Cleanup for Next Mark
[108.756s][info][gc,marking  ] GC(618) Concurrent Cleanup for Next Mark 0.194ms
[108.756s][info][gc          ] GC(618) Concurrent Mark Cycle 21.536ms
[109.390s][info][gc,start    ] GC(619) Pause Young (Prepare Mixed) (G1 Preventive Collection)
[109.390s][info][gc,task     ] GC(619) Using 6 workers of 6 for evacuation
[109.392s][info][gc,phases   ] GC(619)   Pre Evacuate Collection Set: 0.2ms
[109.392s][info][gc,phases   ] GC(619)   Merge Heap Roots: 0.1ms
[109.392s][info][gc,phases   ] GC(619)   Evacuate Collection Set: 0.9ms
[109.392s][info][gc,phases   ] GC(619)   Post Evacuate Collection Set: 0.5ms
[109.392s][info][gc,phases   ] GC(619)   Other: 0.4ms
[109.392s][info][gc,heap     ] GC(619) Eden regions: 71->0(7)
[109.392s][info][gc,heap     ] GC(619) Survivor regions: 1->2(15)
[109.392s][info][gc,heap     ] GC(619) Old regions: 39->39
[109.392s][info][gc,heap     ] GC(619) Archive regions: 0->0
[109.392s][info][gc,heap     ] GC(619) Humongous regions: 84->8
[109.392s][info][gc,metaspace] GC(619) Metaspace: 37270K(37568K)->37270K(37568K) NonClass: 33266K(33408K)->33266K(33408K) Class: 4003K(4160K)->4003K(4160K)
[109.392s][info][gc          ] GC(619) Pause Young (Prepare Mixed) (G1 Preventive Collection) 193M->47M(197M) 2.123ms
[109.392s][info][gc,cpu      ] GC(619) User=0.00s Sys=0.00s Real=0.00s
[109.415s][info][gc,start    ] GC(620) Pause Young (Mixed) (G1 Evacuation Pause)
[109.415s][info][gc,task     ] GC(620) Using 6 workers of 6 for evacuation
[109.417s][info][gc,phases   ] GC(620)   Pre Evacuate Collection Set: 0.2ms
[109.417s][info][gc,phases   ] GC(620)   Merge Heap Roots: 0.1ms
[109.417s][info][gc,phases   ] GC(620)   Evacuate Collection Set: 0.7ms
[109.417s][info][gc,phases   ] GC(620)   Post Evacuate Collection Set: 0.4ms
[109.417s][info][gc,phases   ] GC(620)   Other: 0.3ms
[109.417s][info][gc,heap     ] GC(620) Eden regions: 7->0(117)
[109.417s][info][gc,heap     ] GC(620) Survivor regions: 2->1(2)
[109.417s][info][gc,heap     ] GC(620) Old regions: 39->38
[109.417s][info][gc,heap     ] GC(620) Archive regions: 0->0
[109.417s][info][gc,heap     ] GC(620) Humongous regions: 16->8
[109.417s][info][gc,metaspace] GC(620) Metaspace: 37270K(37568K)->37270K(37568K) NonClass: 33266K(33408K)->33266K(33408K) Class: 4003K(4160K)->4003K(4160K)
[109.417s][info][gc          ] GC(620) Pause Young (Mixed) (G1 Evacuation Pause) 62M->45M(197M) 1.618ms
[109.417s][info][gc,cpu      ] GC(620) User=0.00s Sys=0.00s Real=0.00s
[109.599s][info][gc,start    ] GC(621) Pause Young (Concurrent Start) (G1 Humongous Allocation)
[109.599s][info][gc,task     ] GC(621) Using 6 workers of 6 for evacuation
[109.601s][info][gc,phases   ] GC(621)   Pre Evacuate Collection Set: 0.2ms
[109.601s][info][gc,phases   ] GC(621)   Merge Heap Roots: 0.1ms
[109.601s][info][gc,phases   ] GC(621)   Evacuate Collection Set: 0.8ms
[109.601s][info][gc,phases   ] GC(621)   Post Evacuate Collection Set: 0.5ms
[109.601s][info][gc,phases   ] GC(621)   Other: 0.3ms
[109.601s][info][gc,heap     ] GC(621) Eden regions: 20->0(117)
[109.601s][info][gc,heap     ] GC(621) Survivor regions: 1->1(15)
[109.601s][info][gc,heap     ] GC(621) Old regions: 38->38
[109.601s][info][gc,heap     ] GC(621) Archive regions: 0->0
[109.601s][info][gc,heap     ] GC(621) Humongous regions: 20->4
[109.601s][info][gc,metaspace] GC(621) Metaspace: 37270K(37568K)->37270K(37568K) NonClass: 33266K(33408K)->33266K(33408K) Class: 4003K(4160K)->4003K(4160K)
[109.601s][info][gc          ] GC(621) Pause Young (Concurrent Start) (G1 Humongous Allocation) 77M->42M(197M) 2.005ms
[109.601s][info][gc,cpu      ] GC(621) User=0.00s Sys=0.00s Real=0.00s
[109.601s][info][gc          ] GC(622) Concurrent Undo Cycle
[109.601s][info][gc,marking  ] GC(622) Concurrent Cleanup for Next Mark
[109.602s][info][gc,marking  ] GC(622) Concurrent Cleanup for Next Mark 0.378ms
[109.602s][info][gc          ] GC(622) Concurrent Undo Cycle 0.461ms
[109.604s][info][gc,start    ] GC(623) Pause Young (Concurrent Start) (G1 Humongous Allocation)
[109.604s][info][gc,task     ] GC(623) Using 6 workers of 6 for evacuation
[109.606s][info][gc,phases   ] GC(623)   Pre Evacuate Collection Set: 0.2ms
[109.606s][info][gc,phases   ] GC(623)   Merge Heap Roots: 0.1ms
[109.606s][info][gc,phases   ] GC(623)   Evacuate Collection Set: 0.8ms
[109.606s][info][gc,phases   ] GC(623)   Post Evacuate Collection Set: 0.5ms
[109.606s][info][gc,phases   ] GC(623)   Other: 0.3ms
[109.606s][info][gc,heap     ] GC(623) Eden regions: 1->0(117)
[109.606s][info][gc,heap     ] GC(623) Survivor regions: 1->1(15)
[109.606s][info][gc,heap     ] GC(623) Old regions: 38->38
[109.606s][info][gc,heap     ] GC(623) Archive regions: 0->0
[109.606s][info][gc,heap     ] GC(623) Humongous regions: 8->8
[109.606s][info][gc,metaspace] GC(623) Metaspace: 37270K(37568K)->37270K(37568K) NonClass: 33266K(33408K)->33266K(33408K) Class: 4003K(4160K)->4003K(4160K)
[109.606s][info][gc          ] GC(623) Pause Young (Concurrent Start) (G1 Humongous Allocation) 46M->46M(197M) 1.912ms
[109.606s][info][gc,cpu      ] GC(623) User=0.00s Sys=0.00s Real=0.00s
[109.606s][info][gc          ] GC(624) Concurrent Mark Cycle
[109.606s][info][gc,marking  ] GC(624) Concurrent Clear Claimed Marks
[109.606s][info][gc,marking  ] GC(624) Concurrent Clear Claimed Marks 0.020ms
[109.606s][info][gc,marking  ] GC(624) Concurrent Scan Root Regions
[109.606s][info][gc,marking  ] GC(624) Concurrent Scan Root Regions 0.607ms
[109.607s][info][gc,marking  ] GC(624) Concurrent Mark
[109.607s][info][gc,marking  ] GC(624) Concurrent Mark From Roots
[109.607s][info][gc,task     ] GC(624) Using 2 workers of 2 for marking
[109.616s][info][gc,marking  ] GC(624) Concurrent Mark From Roots 9.923ms
[109.616s][info][gc,marking  ] GC(624) Concurrent Preclean
[109.617s][info][gc,marking  ] GC(624) Concurrent Preclean 0.139ms
[109.617s][info][gc,start    ] GC(624) Pause Remark
[109.619s][info][gc          ] GC(624) Pause Remark 55M->55M(190M) 2.182ms
[109.619s][info][gc,cpu      ] GC(624) User=0.00s Sys=0.00s Real=0.00s
[109.619s][info][gc,marking  ] GC(624) Concurrent Mark 12.846ms
[109.619s][info][gc,marking  ] GC(624) Concurrent Rebuild Remembered Sets
[109.624s][info][gc,marking  ] GC(624) Concurrent Rebuild Remembered Sets 4.534ms
[109.624s][info][gc,start    ] GC(624) Pause Cleanup
[109.624s][info][gc          ] GC(624) Pause Cleanup 56M->56M(190M) 0.121ms
[109.624s][info][gc,cpu      ] GC(624) User=0.00s Sys=0.00s Real=0.00s
[109.625s][info][gc,marking  ] GC(624) Concurrent Cleanup for Next Mark
[109.625s][info][gc,marking  ] GC(624) Concurrent Cleanup for Next Mark 0.117ms
[109.625s][info][gc          ] GC(624) Concurrent Mark Cycle 18.919ms
[110.251s][info][gc,start    ] GC(625) Pause Young (Prepare Mixed) (G1 Preventive Collection)
[110.251s][info][gc,task     ] GC(625) Using 6 workers of 6 for evacuation
[110.252s][info][gc,phases   ] GC(625)   Pre Evacuate Collection Set: 0.2ms
[110.252s][info][gc,phases   ] GC(625)   Merge Heap Roots: 0.1ms
[110.252s][info][gc,phases   ] GC(625)   Evacuate Collection Set: 0.6ms
[110.252s][info][gc,phases   ] GC(625)   Post Evacuate Collection Set: 0.6ms
[110.252s][info][gc,phases   ] GC(625)   Other: 0.3ms
[110.252s][info][gc,heap     ] GC(625) Eden regions: 73->0(9)
[110.252s][info][gc,heap     ] GC(625) Survivor regions: 1->1(15)
[110.252s][info][gc,heap     ] GC(625) Old regions: 38->38
[110.252s][info][gc,heap     ] GC(625) Archive regions: 0->0
[110.252s][info][gc,heap     ] GC(625) Humongous regions: 88->8
[110.252s][info][gc,metaspace] GC(625) Metaspace: 37270K(37568K)->37270K(37568K) NonClass: 33266K(33408K)->33266K(33408K) Class: 4003K(4160K)->4003K(4160K)
[110.252s][info][gc          ] GC(625) Pause Young (Prepare Mixed) (G1 Preventive Collection) 199M->46M(202M) 1.696ms
[110.253s][info][gc,cpu      ] GC(625) User=0.00s Sys=0.00s Real=0.00s
[110.298s][info][gc,start    ] GC(626) Pause Young (Mixed) (G1 Evacuation Pause)
[110.298s][info][gc,task     ] GC(626) Using 6 workers of 6 for evacuation
[110.300s][info][gc,phases   ] GC(626)   Pre Evacuate Collection Set: 0.2ms
[110.301s][info][gc,phases   ] GC(626)   Merge Heap Roots: 0.1ms
[110.301s][info][gc,phases   ] GC(626)   Evacuate Collection Set: 0.9ms
[110.301s][info][gc,phases   ] GC(626)   Post Evacuate Collection Set: 0.8ms
[110.301s][info][gc,phases   ] GC(626)   Other: 0.4ms
[110.301s][info][gc,heap     ] GC(626) Eden regions: 9->0(119)
[110.301s][info][gc,heap     ] GC(626) Survivor regions: 1->2(2)
[110.301s][info][gc,heap     ] GC(626) Old regions: 38->38
[110.301s][info][gc,heap     ] GC(626) Archive regions: 0->0
[110.301s][info][gc,heap     ] GC(626) Humongous regions: 8->4
[110.301s][info][gc,metaspace] GC(626) Metaspace: 37270K(37568K)->37270K(37568K) NonClass: 33266K(33408K)->33266K(33408K) Class: 4003K(4160K)->4003K(4160K)
[110.301s][info][gc          ] GC(626) Pause Young (Mixed) (G1 Evacuation Pause) 55M->42M(202M) 2.430ms
[110.301s][info][gc,cpu      ] GC(626) User=0.00s Sys=0.00s Real=0.00s
[110.338s][info][gc,start    ] GC(627) Pause Young (Concurrent Start) (G1 Humongous Allocation)
[110.338s][info][gc,task     ] GC(627) Using 6 workers of 6 for evacuation
[110.340s][info][gc,phases   ] GC(627)   Pre Evacuate Collection Set: 0.2ms
[110.340s][info][gc,phases   ] GC(627)   Merge Heap Roots: 0.1ms
[110.340s][info][gc,phases   ] GC(627)   Evacuate Collection Set: 0.7ms
[110.340s][info][gc,phases   ] GC(627)   Post Evacuate Collection Set: 0.5ms
[110.340s][info][gc,phases   ] GC(627)   Other: 0.4ms
[110.340s][info][gc,heap     ] GC(627) Eden regions: 3->0(120)
[110.340s][info][gc,heap     ] GC(627) Survivor regions: 2->1(16)
[110.340s][info][gc,heap     ] GC(627) Old regions: 38->38
[110.340s][info][gc,heap     ] GC(627) Archive regions: 0->0
[110.340s][info][gc,heap     ] GC(627) Humongous regions: 4->4
[110.340s][info][gc,metaspace] GC(627) Metaspace: 37270K(37568K)->37270K(37568K) NonClass: 33266K(33408K)->33266K(33408K) Class: 4003K(4160K)->4003K(4160K)
[110.340s][info][gc          ] GC(627) Pause Young (Concurrent Start) (G1 Humongous Allocation) 45M->41M(202M) 1.855ms
[110.340s][info][gc,cpu      ] GC(627) User=0.00s Sys=0.00s Real=0.00s
[110.340s][info][gc          ] GC(628) Concurrent Mark Cycle
[110.340s][info][gc,marking  ] GC(628) Concurrent Clear Claimed Marks
[110.340s][info][gc,marking  ] GC(628) Concurrent Clear Claimed Marks 0.039ms
[110.340s][info][gc,marking  ] GC(628) Concurrent Scan Root Regions
[110.341s][info][gc,marking  ] GC(628) Concurrent Scan Root Regions 0.653ms
[110.341s][info][gc,marking  ] GC(628) Concurrent Mark
[110.341s][info][gc,marking  ] GC(628) Concurrent Mark From Roots
[110.341s][info][gc,task     ] GC(628) Using 2 workers of 2 for marking
[110.352s][info][gc,marking  ] GC(628) Concurrent Mark From Roots 10.671ms
[110.352s][info][gc,marking  ] GC(628) Concurrent Preclean
[110.352s][info][gc,marking  ] GC(628) Concurrent Preclean 0.167ms
[110.352s][info][gc,start    ] GC(628) Pause Remark
[110.357s][info][gc          ] GC(628) Pause Remark 55M->55M(190M) 4.985ms
[110.357s][info][gc,cpu      ] GC(628) User=0.00s Sys=0.00s Real=0.01s
[110.357s][info][gc,marking  ] GC(628) Concurrent Mark 16.567ms
[110.358s][info][gc,marking  ] GC(628) Concurrent Rebuild Remembered Sets
[110.362s][info][gc,marking  ] GC(628) Concurrent Rebuild Remembered Sets 4.681ms
[110.363s][info][gc,start    ] GC(628) Pause Cleanup
[110.363s][info][gc          ] GC(628) Pause Cleanup 56M->56M(190M) 0.147ms
[110.363s][info][gc,cpu      ] GC(628) User=0.00s Sys=0.00s Real=0.00s
[110.363s][info][gc,marking  ] GC(628) Concurrent Cleanup for Next Mark
[110.363s][info][gc,marking  ] GC(628) Concurrent Cleanup for Next Mark 0.168ms
[110.363s][info][gc          ] GC(628) Concurrent Mark Cycle 22.974ms
[111.028s][info][gc,start    ] GC(629) Pause Young (Prepare Mixed) (G1 Preventive Collection)
[111.028s][info][gc,task     ] GC(629) Using 6 workers of 6 for evacuation
[111.030s][info][gc,phases   ] GC(629)   Pre Evacuate Collection Set: 0.1ms
[111.030s][info][gc,phases   ] GC(629)   Merge Heap Roots: 0.1ms
[111.031s][info][gc,phases   ] GC(629)   Evacuate Collection Set: 1.4ms
[111.031s][info][gc,phases   ] GC(629)   Post Evacuate Collection Set: 0.6ms
[111.031s][info][gc,phases   ] GC(629)   Other: 0.4ms
[111.031s][info][gc,heap     ] GC(629) Eden regions: 69->0(6)
[111.031s][info][gc,heap     ] GC(629) Survivor regions: 1->3(15)
[111.031s][info][gc,heap     ] GC(629) Old regions: 38->38
[111.031s][info][gc,heap     ] GC(629) Archive regions: 0->0
[111.031s][info][gc,heap     ] GC(629) Humongous regions: 88->8
[111.031s][info][gc,metaspace] GC(629) Metaspace: 37274K(37568K)->37274K(37568K) NonClass: 33270K(33408K)->33270K(33408K) Class: 4003K(4160K)->4003K(4160K)
[111.031s][info][gc          ] GC(629) Pause Young (Prepare Mixed) (G1 Preventive Collection) 194M->47M(199M) 2.589ms
[111.031s][info][gc,cpu      ] GC(629) User=0.00s Sys=0.00s Real=0.00s
[111.065s][info][gc,start    ] GC(630) Pause Young (Mixed) (G1 Evacuation Pause)
[111.065s][info][gc,task     ] GC(630) Using 6 workers of 6 for evacuation
[111.066s][info][gc,phases   ] GC(630)   Pre Evacuate Collection Set: 0.1ms
[111.066s][info][gc,phases   ] GC(630)   Merge Heap Roots: 0.0ms
[111.066s][info][gc,phases   ] GC(630)   Evacuate Collection Set: 0.9ms
[111.066s][info][gc,phases   ] GC(630)   Post Evacuate Collection Set: 0.3ms
[111.066s][info][gc,phases   ] GC(630)   Other: 0.3ms
[111.066s][info][gc,heap     ] GC(630) Eden regions: 6->0(118)
[111.066s][info][gc,heap     ] GC(630) Survivor regions: 3->1(2)
[111.066s][info][gc,heap     ] GC(630) Old regions: 38->38
[111.066s][info][gc,heap     ] GC(630) Archive regions: 0->0
[111.066s][info][gc,heap     ] GC(630) Humongous regions: 8->4
[111.066s][info][gc,metaspace] GC(630) Metaspace: 37274K(37568K)->37274K(37568K) NonClass: 33270K(33408K)->33270K(33408K) Class: 4003K(4160K)->4003K(4160K)
[111.066s][info][gc          ] GC(630) Pause Young (Mixed) (G1 Evacuation Pause) 53M->42M(199M) 1.636ms
[111.066s][info][gc,cpu      ] GC(630) User=0.00s Sys=0.00s Real=0.00s
[111.145s][info][gc,start    ] GC(631) Pause Young (Concurrent Start) (G1 Humongous Allocation)
[111.145s][info][gc,task     ] GC(631) Using 6 workers of 6 for evacuation
[111.151s][info][gc,phases   ] GC(631)   Pre Evacuate Collection Set: 0.5ms
[111.151s][info][gc,phases   ] GC(631)   Merge Heap Roots: 0.2ms
[111.151s][info][gc,phases   ] GC(631)   Evacuate Collection Set: 3.7ms
[111.151s][info][gc,phases   ] GC(631)   Post Evacuate Collection Set: 1.1ms
[111.151s][info][gc,phases   ] GC(631)   Other: 1.2ms
[111.151s][info][gc,heap     ] GC(631) Eden regions: 4->0(118)
[111.151s][info][gc,heap     ] GC(631) Survivor regions: 1->1(15)
[111.152s][info][gc,heap     ] GC(631) Old regions: 38->38
[111.152s][info][gc,heap     ] GC(631) Archive regions: 0->0
[111.152s][info][gc,heap     ] GC(631) Humongous regions: 4->4
[111.152s][info][gc,metaspace] GC(631) Metaspace: 37274K(37568K)->37274K(37568K) NonClass: 33270K(33408K)->33270K(33408K) Class: 4003K(4160K)->4003K(4160K)
[111.152s][info][gc          ] GC(631) Pause Young (Concurrent Start) (G1 Humongous Allocation) 45M->42M(199M) 6.875ms
[111.152s][info][gc,cpu      ] GC(631) User=0.03s Sys=0.02s Real=0.01s
[111.152s][info][gc          ] GC(632) Concurrent Mark Cycle
[111.152s][info][gc,marking  ] GC(632) Concurrent Clear Claimed Marks
[111.152s][info][gc,marking  ] GC(632) Concurrent Clear Claimed Marks 0.080ms
[111.152s][info][gc,marking  ] GC(632) Concurrent Scan Root Regions
[111.154s][info][gc,marking  ] GC(632) Concurrent Scan Root Regions 1.470ms
[111.154s][info][gc,marking  ] GC(632) Concurrent Mark
[111.154s][info][gc,marking  ] GC(632) Concurrent Mark From Roots
[111.154s][info][gc,task     ] GC(632) Using 2 workers of 2 for marking
[111.180s][info][gc,marking  ] GC(632) Concurrent Mark From Roots 25.593ms
[111.180s][info][gc,marking  ] GC(632) Concurrent Preclean
[111.180s][info][gc,marking  ] GC(632) Concurrent Preclean 0.211ms
[111.180s][info][gc,start    ] GC(632) Pause Remark
[111.184s][info][gc          ] GC(632) Pause Remark 54M->54M(187M) 3.583ms
[111.184s][info][gc,cpu      ] GC(632) User=0.00s Sys=0.00s Real=0.00s
[111.184s][info][gc,marking  ] GC(632) Concurrent Mark 30.046ms
[111.184s][info][gc,marking  ] GC(632) Concurrent Rebuild Remembered Sets
[111.191s][info][gc,marking  ] GC(632) Concurrent Rebuild Remembered Sets 7.229ms
[111.192s][info][gc,start    ] GC(632) Pause Cleanup
[111.192s][info][gc          ] GC(632) Pause Cleanup 57M->57M(187M) 0.105ms
[111.192s][info][gc,cpu      ] GC(632) User=0.00s Sys=0.00s Real=0.00s
[111.192s][info][gc,marking  ] GC(632) Concurrent Cleanup for Next Mark
[111.192s][info][gc,marking  ] GC(632) Concurrent Cleanup for Next Mark 0.151ms
[111.192s][info][gc          ] GC(632) Concurrent Mark Cycle 40.264ms
[111.736s][info][gc,start    ] GC(633) Pause Young (Prepare Mixed) (G1 Preventive Collection)
[111.736s][info][gc,task     ] GC(633) Using 6 workers of 6 for evacuation
[111.738s][info][gc,phases   ] GC(633)   Pre Evacuate Collection Set: 0.2ms
[111.738s][info][gc,phases   ] GC(633)   Merge Heap Roots: 0.1ms
[111.738s][info][gc,phases   ] GC(633)   Evacuate Collection Set: 0.6ms
[111.738s][info][gc,phases   ] GC(633)   Post Evacuate Collection Set: 0.7ms
[111.738s][info][gc,phases   ] GC(633)   Other: 0.2ms
[111.738s][info][gc,heap     ] GC(633) Eden regions: 70->0(6)
[111.738s][info][gc,heap     ] GC(633) Survivor regions: 1->3(14)
[111.738s][info][gc,heap     ] GC(633) Old regions: 38->38
[111.738s][info][gc,heap     ] GC(633) Archive regions: 0->0
[111.738s][info][gc,heap     ] GC(633) Humongous regions: 76->4
[111.738s][info][gc,metaspace] GC(633) Metaspace: 37274K(37568K)->37274K(37568K) NonClass: 33270K(33408K)->33270K(33408K) Class: 4003K(4160K)->4003K(4160K)
[111.738s][info][gc          ] GC(633) Pause Young (Prepare Mixed) (G1 Preventive Collection) 183M->43M(188M) 1.883ms
[111.738s][info][gc,cpu      ] GC(633) User=0.00s Sys=0.00s Real=0.00s
[111.818s][info][gc,start    ] GC(634) Pause Young (Mixed) (G1 Evacuation Pause)
[111.818s][info][gc,task     ] GC(634) Using 6 workers of 6 for evacuation
[111.820s][info][gc,phases   ] GC(634)   Pre Evacuate Collection Set: 0.2ms
[111.820s][info][gc,phases   ] GC(634)   Merge Heap Roots: 0.1ms
[111.820s][info][gc,phases   ] GC(634)   Evacuate Collection Set: 0.7ms
[111.820s][info][gc,phases   ] GC(634)   Post Evacuate Collection Set: 0.5ms
[111.820s][info][gc,phases   ] GC(634)   Other: 0.3ms
[111.820s][info][gc,heap     ] GC(634) Eden regions: 6->0(111)
[111.820s][info][gc,heap     ] GC(634) Survivor regions: 3->1(2)
[111.820s][info][gc,heap     ] GC(634) Old regions: 38->39
[111.820s][info][gc,heap     ] GC(634) Archive regions: 0->0
[111.820s][info][gc,heap     ] GC(634) Humongous regions: 16->8
[111.820s][info][gc,metaspace] GC(634) Metaspace: 37274K(37568K)->37274K(37568K) NonClass: 33270K(33408K)->33270K(33408K) Class: 4003K(4160K)->4003K(4160K)
[111.820s][info][gc          ] GC(634) Pause Young (Mixed) (G1 Evacuation Pause) 61M->46M(188M) 1.791ms
[111.820s][info][gc,cpu      ] GC(634) User=0.00s Sys=0.00s Real=0.00s
[111.913s][info][gc,start    ] GC(635) Pause Young (Concurrent Start) (G1 Humongous Allocation)
[111.913s][info][gc,task     ] GC(635) Using 6 workers of 6 for evacuation
[111.915s][info][gc,phases   ] GC(635)   Pre Evacuate Collection Set: 0.2ms
[111.915s][info][gc,phases   ] GC(635)   Merge Heap Roots: 0.1ms
[111.915s][info][gc,phases   ] GC(635)   Evacuate Collection Set: 0.8ms
[111.915s][info][gc,phases   ] GC(635)   Post Evacuate Collection Set: 0.7ms
[111.915s][info][gc,phases   ] GC(635)   Other: 0.3ms
[111.915s][info][gc,heap     ] GC(635) Eden regions: 8->0(111)
[111.915s][info][gc,heap     ] GC(635) Survivor regions: 1->1(14)
[111.915s][info][gc,heap     ] GC(635) Old regions: 39->39
[111.915s][info][gc,heap     ] GC(635) Archive regions: 0->0
[111.915s][info][gc,heap     ] GC(635) Humongous regions: 8->4
[111.915s][info][gc,metaspace] GC(635) Metaspace: 37274K(37568K)->37274K(37568K) NonClass: 33270K(33408K)->33270K(33408K) Class: 4003K(4160K)->4003K(4160K)
[111.915s][info][gc          ] GC(635) Pause Young (Concurrent Start) (G1 Humongous Allocation) 53M->42M(188M) 2.159ms
[111.915s][info][gc,cpu      ] GC(635) User=0.00s Sys=0.00s Real=0.00s
[111.915s][info][gc          ] GC(636) Concurrent Mark Cycle
[111.915s][info][gc,marking  ] GC(636) Concurrent Clear Claimed Marks
[111.915s][info][gc,marking  ] GC(636) Concurrent Clear Claimed Marks 0.019ms
[111.915s][info][gc,marking  ] GC(636) Concurrent Scan Root Regions
[111.916s][info][gc,marking  ] GC(636) Concurrent Scan Root Regions 0.544ms
[111.916s][info][gc,marking  ] GC(636) Concurrent Mark
[111.916s][info][gc,marking  ] GC(636) Concurrent Mark From Roots
[111.916s][info][gc,task     ] GC(636) Using 2 workers of 2 for marking
[111.927s][info][gc,marking  ] GC(636) Concurrent Mark From Roots 11.188ms
[111.927s][info][gc,marking  ] GC(636) Concurrent Preclean
[111.927s][info][gc,marking  ] GC(636) Concurrent Preclean 0.123ms
[111.928s][info][gc,start    ] GC(636) Pause Remark
[111.932s][info][gc          ] GC(636) Pause Remark 55M->55M(188M) 4.530ms
[111.932s][info][gc,cpu      ] GC(636) User=0.00s Sys=0.00s Real=0.00s
[111.932s][info][gc,marking  ] GC(636) Concurrent Mark 16.527ms
[111.932s][info][gc,marking  ] GC(636) Concurrent Rebuild Remembered Sets
[111.937s][info][gc,marking  ] GC(636) Concurrent Rebuild Remembered Sets 4.859ms
[111.938s][info][gc,start    ] GC(636) Pause Cleanup
[111.938s][info][gc          ] GC(636) Pause Cleanup 60M->60M(188M) 0.147ms
[111.938s][info][gc,cpu      ] GC(636) User=0.00s Sys=0.00s Real=0.00s
[111.938s][info][gc,marking  ] GC(636) Concurrent Cleanup for Next Mark
[111.938s][info][gc,marking  ] GC(636) Concurrent Cleanup for Next Mark 0.115ms
[111.938s][info][gc          ] GC(636) Concurrent Mark Cycle 22.903ms
[112.597s][info][gc,start    ] GC(637) Pause Young (Prepare Mixed) (G1 Preventive Collection)
[112.597s][info][gc,task     ] GC(637) Using 6 workers of 6 for evacuation
[112.599s][info][gc,phases   ] GC(637)   Pre Evacuate Collection Set: 0.2ms
[112.599s][info][gc,phases   ] GC(637)   Merge Heap Roots: 0.1ms
[112.599s][info][gc,phases   ] GC(637)   Evacuate Collection Set: 1.1ms
[112.599s][info][gc,phases   ] GC(637)   Post Evacuate Collection Set: 0.6ms
[112.599s][info][gc,phases   ] GC(637)   Other: 0.4ms
[112.599s][info][gc,heap     ] GC(637) Eden regions: 70->0(8)
[112.599s][info][gc,heap     ] GC(637) Survivor regions: 1->1(14)
[112.599s][info][gc,heap     ] GC(637) Old regions: 39->39
[112.599s][info][gc,heap     ] GC(637) Archive regions: 0->0
[112.599s][info][gc,heap     ] GC(637) Humongous regions: 76->8
[112.599s][info][gc,metaspace] GC(637) Metaspace: 37275K(37568K)->37275K(37568K) NonClass: 33271K(33408K)->33271K(33408K) Class: 4003K(4160K)->4003K(4160K)
[112.599s][info][gc          ] GC(637) Pause Young (Prepare Mixed) (G1 Preventive Collection) 184M->46M(188M) 2.364ms
[112.600s][info][gc,cpu      ] GC(637) User=0.02s Sys=0.02s Real=0.00s
[112.703s][info][gc,start    ] GC(638) Pause Young (Mixed) (G1 Evacuation Pause)
[112.703s][info][gc,task     ] GC(638) Using 6 workers of 6 for evacuation
[112.708s][info][gc,phases   ] GC(638)   Pre Evacuate Collection Set: 0.3ms
[112.708s][info][gc,phases   ] GC(638)   Merge Heap Roots: 0.1ms
[112.708s][info][gc,phases   ] GC(638)   Evacuate Collection Set: 2.2ms
[112.708s][info][gc,phases   ] GC(638)   Post Evacuate Collection Set: 1.5ms
[112.708s][info][gc,phases   ] GC(638)   Other: 0.6ms
[112.708s][info][gc,heap     ] GC(638) Eden regions: 8->0(110)
[112.708s][info][gc,heap     ] GC(638) Survivor regions: 1->2(2)
[112.708s][info][gc,heap     ] GC(638) Old regions: 39->38
[112.708s][info][gc,heap     ] GC(638) Archive regions: 0->0
[112.708s][info][gc,heap     ] GC(638) Humongous regions: 12->8
[112.708s][info][gc,metaspace] GC(638) Metaspace: 37275K(37568K)->37275K(37568K) NonClass: 33271K(33408K)->33271K(33408K) Class: 4003K(4160K)->4003K(4160K)
[112.708s][info][gc          ] GC(638) Pause Young (Mixed) (G1 Evacuation Pause) 58M->46M(188M) 4.946ms
[112.708s][info][gc,cpu      ] GC(638) User=0.02s Sys=0.00s Real=0.01s
[112.709s][info][gc,start    ] GC(639) Pause Young (Concurrent Start) (G1 Humongous Allocation)
[112.709s][info][gc,task     ] GC(639) Using 6 workers of 6 for evacuation
[112.712s][info][gc,phases   ] GC(639)   Pre Evacuate Collection Set: 0.2ms
[112.712s][info][gc,phases   ] GC(639)   Merge Heap Roots: 0.1ms
[112.712s][info][gc,phases   ] GC(639)   Evacuate Collection Set: 1.5ms
[112.712s][info][gc,phases   ] GC(639)   Post Evacuate Collection Set: 0.7ms
[112.712s][info][gc,phases   ] GC(639)   Other: 0.5ms
[112.712s][info][gc,heap     ] GC(639) Eden regions: 1->0(80)
[112.712s][info][gc,heap     ] GC(639) Survivor regions: 2->2(14)
[112.712s][info][gc,heap     ] GC(639) Old regions: 38->38
[112.712s][info][gc,heap     ] GC(639) Archive regions: 0->0
[112.712s][info][gc,heap     ] GC(639) Humongous regions: 8->8
[112.712s][info][gc,metaspace] GC(639) Metaspace: 37275K(37568K)->37275K(37568K) NonClass: 33271K(33408K)->33271K(33408K) Class: 4003K(4160K)->4003K(4160K)
[112.712s][info][gc          ] GC(639) Pause Young (Concurrent Start) (G1 Humongous Allocation) 47M->47M(188M) 3.086ms
[112.713s][info][gc,cpu      ] GC(639) User=0.00s Sys=0.00s Real=0.00s
[112.713s][info][gc          ] GC(640) Concurrent Mark Cycle
[112.713s][info][gc,marking  ] GC(640) Concurrent Clear Claimed Marks
[112.713s][info][gc,marking  ] GC(640) Concurrent Clear Claimed Marks 0.051ms
[112.713s][info][gc,marking  ] GC(640) Concurrent Scan Root Regions
[112.713s][info][gc,marking  ] GC(640) Concurrent Scan Root Regions 0.751ms
[112.714s][info][gc,marking  ] GC(640) Concurrent Mark
[112.714s][info][gc,marking  ] GC(640) Concurrent Mark From Roots
[112.714s][info][gc,task     ] GC(640) Using 2 workers of 2 for marking
[112.731s][info][gc,marking  ] GC(640) Concurrent Mark From Roots 17.327ms
[112.731s][info][gc,marking  ] GC(640) Concurrent Preclean
[112.731s][info][gc,marking  ] GC(640) Concurrent Preclean 0.156ms
[112.731s][info][gc,start    ] GC(640) Pause Remark
[112.734s][info][gc          ] GC(640) Pause Remark 59M->59M(188M) 3.043ms
[112.735s][info][gc,cpu      ] GC(640) User=0.00s Sys=0.00s Real=0.00s
[112.735s][info][gc,marking  ] GC(640) Concurrent Mark 21.191ms
[112.735s][info][gc,marking  ] GC(640) Concurrent Rebuild Remembered Sets
[112.741s][info][gc,marking  ] GC(640) Concurrent Rebuild Remembered Sets 6.026ms
[112.741s][info][gc,start    ] GC(640) Pause Cleanup
[112.741s][info][gc          ] GC(640) Pause Cleanup 60M->60M(188M) 0.114ms
[112.741s][info][gc,cpu      ] GC(640) User=0.00s Sys=0.00s Real=0.00s
[112.741s][info][gc,marking  ] GC(640) Concurrent Cleanup for Next Mark
[112.742s][info][gc,marking  ] GC(640) Concurrent Cleanup for Next Mark 0.187ms
[112.742s][info][gc          ] GC(640) Concurrent Mark Cycle 29.004ms
[113.352s][info][gc,start    ] GC(641) Pause Young (Prepare Mixed) (G1 Preventive Collection)
[113.352s][info][gc,task     ] GC(641) Using 6 workers of 6 for evacuation
[113.354s][info][gc,phases   ] GC(641)   Pre Evacuate Collection Set: 0.2ms
[113.354s][info][gc,phases   ] GC(641)   Merge Heap Roots: 0.1ms
[113.354s][info][gc,phases   ] GC(641)   Evacuate Collection Set: 0.7ms
[113.354s][info][gc,phases   ] GC(641)   Post Evacuate Collection Set: 0.7ms
[113.354s][info][gc,phases   ] GC(641)   Other: 0.3ms
[113.354s][info][gc,heap     ] GC(641) Eden regions: 60->0(7)
[113.354s][info][gc,heap     ] GC(641) Survivor regions: 2->2(11)
[113.354s][info][gc,heap     ] GC(641) Old regions: 38->38
[113.354s][info][gc,heap     ] GC(641) Archive regions: 0->0
[113.354s][info][gc,heap     ] GC(641) Humongous regions: 68->8
[113.354s][info][gc,metaspace] GC(641) Metaspace: 37275K(37568K)->37275K(37568K) NonClass: 33271K(33408K)->33271K(33408K) Class: 4003K(4160K)->4003K(4160K)
[113.354s][info][gc          ] GC(641) Pause Young (Prepare Mixed) (G1 Preventive Collection) 166M->46M(188M) 2.042ms
[113.354s][info][gc,cpu      ] GC(641) User=0.00s Sys=0.00s Real=0.00s
[113.370s][info][gc,start    ] GC(642) Pause Young (Mixed) (G1 Evacuation Pause)
[113.370s][info][gc,task     ] GC(642) Using 6 workers of 6 for evacuation
[113.371s][info][gc,phases   ] GC(642)   Pre Evacuate Collection Set: 0.2ms
[113.371s][info][gc,phases   ] GC(642)   Merge Heap Roots: 0.1ms
[113.371s][info][gc,phases   ] GC(642)   Evacuate Collection Set: 0.7ms
[113.371s][info][gc,phases   ] GC(642)   Post Evacuate Collection Set: 0.5ms
[113.371s][info][gc,phases   ] GC(642)   Other: 0.3ms
[113.371s][info][gc,heap     ] GC(642) Eden regions: 7->0(87)
[113.371s][info][gc,heap     ] GC(642) Survivor regions: 2->1(2)
[113.371s][info][gc,heap     ] GC(642) Old regions: 38->38
[113.371s][info][gc,heap     ] GC(642) Archive regions: 0->0
[113.371s][info][gc,heap     ] GC(642) Humongous regions: 16->8
[113.371s][info][gc,metaspace] GC(642) Metaspace: 37275K(37568K)->37275K(37568K) NonClass: 33271K(33408K)->33271K(33408K) Class: 4003K(4160K)->4003K(4160K)
[113.371s][info][gc          ] GC(642) Pause Young (Mixed) (G1 Evacuation Pause) 61M->46M(188M) 1.771ms
[113.371s][info][gc,cpu      ] GC(642) User=0.00s Sys=0.00s Real=0.00s
[113.457s][info][gc,start    ] GC(643) Pause Young (Concurrent Start) (G1 Humongous Allocation)
[113.458s][info][gc,task     ] GC(643) Using 6 workers of 6 for evacuation
[113.459s][info][gc,phases   ] GC(643)   Pre Evacuate Collection Set: 0.2ms
[113.459s][info][gc,phases   ] GC(643)   Merge Heap Roots: 0.1ms
[113.459s][info][gc,phases   ] GC(643)   Evacuate Collection Set: 0.8ms
[113.459s][info][gc,phases   ] GC(643)   Post Evacuate Collection Set: 0.6ms
[113.459s][info][gc,phases   ] GC(643)   Other: 0.3ms
[113.459s][info][gc,heap     ] GC(643) Eden regions: 7->0(96)
[113.459s][info][gc,heap     ] GC(643) Survivor regions: 1->1(11)
[113.459s][info][gc,heap     ] GC(643) Old regions: 38->38
[113.459s][info][gc,heap     ] GC(643) Archive regions: 0->0
[113.459s][info][gc,heap     ] GC(643) Humongous regions: 8->4
[113.459s][info][gc,metaspace] GC(643) Metaspace: 37275K(37568K)->37275K(37568K) NonClass: 33271K(33408K)->33271K(33408K) Class: 4003K(4160K)->4003K(4160K)
[113.460s][info][gc          ] GC(643) Pause Young (Concurrent Start) (G1 Humongous Allocation) 52M->42M(188M) 2.024ms
[113.460s][info][gc,cpu      ] GC(643) User=0.00s Sys=0.00s Real=0.00s
[113.460s][info][gc          ] GC(644) Concurrent Mark Cycle
[113.460s][info][gc,marking  ] GC(644) Concurrent Clear Claimed Marks
[113.460s][info][gc,marking  ] GC(644) Concurrent Clear Claimed Marks 0.027ms
[113.460s][info][gc,marking  ] GC(644) Concurrent Scan Root Regions
[113.460s][info][gc,marking  ] GC(644) Concurrent Scan Root Regions 0.585ms
[113.460s][info][gc,marking  ] GC(644) Concurrent Mark
[113.460s][info][gc,marking  ] GC(644) Concurrent Mark From Roots
[113.460s][info][gc,task     ] GC(644) Using 2 workers of 2 for marking
[113.470s][info][gc,marking  ] GC(644) Concurrent Mark From Roots 9.743ms
[113.470s][info][gc,marking  ] GC(644) Concurrent Preclean
[113.470s][info][gc,marking  ] GC(644) Concurrent Preclean 0.099ms
[113.471s][info][gc,start    ] GC(644) Pause Remark
[113.474s][info][gc          ] GC(644) Pause Remark 56M->56M(188M) 3.377ms
[113.474s][info][gc,cpu      ] GC(644) User=0.00s Sys=0.00s Real=0.00s
[113.474s][info][gc,marking  ] GC(644) Concurrent Mark 13.913ms
[113.474s][info][gc,marking  ] GC(644) Concurrent Rebuild Remembered Sets
[113.479s][info][gc,marking  ] GC(644) Concurrent Rebuild Remembered Sets 5.049ms
[113.480s][info][gc,start    ] GC(644) Pause Cleanup
[113.480s][info][gc          ] GC(644) Pause Cleanup 57M->57M(188M) 0.153ms
[113.480s][info][gc,cpu      ] GC(644) User=0.00s Sys=0.00s Real=0.00s
[113.480s][info][gc,marking  ] GC(644) Concurrent Cleanup for Next Mark
[113.480s][info][gc,marking  ] GC(644) Concurrent Cleanup for Next Mark 0.123ms
[113.480s][info][gc          ] GC(644) Concurrent Mark Cycle 20.456ms
[113.996s][info][gc,start    ] GC(645) Pause Young (Prepare Mixed) (GCLocker Initiated GC)
[113.996s][info][gc,task     ] GC(645) Using 6 workers of 6 for evacuation
[113.998s][info][gc,phases   ] GC(645)   Pre Evacuate Collection Set: 0.2ms
[113.998s][info][gc,phases   ] GC(645)   Merge Heap Roots: 0.1ms
[113.998s][info][gc,phases   ] GC(645)   Evacuate Collection Set: 0.7ms
[113.998s][info][gc,phases   ] GC(645)   Post Evacuate Collection Set: 0.5ms
[113.998s][info][gc,phases   ] GC(645)   Other: 0.3ms
[113.998s][info][gc,heap     ] GC(645) Eden regions: 63->0(7)
[113.998s][info][gc,heap     ] GC(645) Survivor regions: 1->2(13)
[113.998s][info][gc,heap     ] GC(645) Old regions: 38->38
[113.998s][info][gc,heap     ] GC(645) Archive regions: 0->0
[113.998s][info][gc,heap     ] GC(645) Humongous regions: 76->8
[113.998s][info][gc,metaspace] GC(645) Metaspace: 37275K(37568K)->37275K(37568K) NonClass: 33271K(33408K)->33271K(33408K) Class: 4003K(4160K)->4003K(4160K)
[113.998s][info][gc          ] GC(645) Pause Young (Prepare Mixed) (GCLocker Initiated GC) 177M->47M(188M) 1.768ms
[113.998s][info][gc,cpu      ] GC(645) User=0.00s Sys=0.00s Real=0.00s
[114.019s][info][gc,start    ] GC(646) Pause Young (Mixed) (G1 Evacuation Pause)
[114.019s][info][gc,task     ] GC(646) Using 6 workers of 6 for evacuation
[114.021s][info][gc,phases   ] GC(646)   Pre Evacuate Collection Set: 0.2ms
[114.021s][info][gc,phases   ] GC(646)   Merge Heap Roots: 0.0ms
[114.021s][info][gc,phases   ] GC(646)   Evacuate Collection Set: 0.8ms
[114.021s][info][gc,phases   ] GC(646)   Post Evacuate Collection Set: 0.6ms
[114.021s][info][gc,phases   ] GC(646)   Other: 0.4ms
[114.021s][info][gc,heap     ] GC(646) Eden regions: 7->0(98)
[114.021s][info][gc,heap     ] GC(646) Survivor regions: 2->2(2)
[114.021s][info][gc,heap     ] GC(646) Old regions: 38->39
[114.021s][info][gc,heap     ] GC(646) Archive regions: 0->0
[114.021s][info][gc,heap     ] GC(646) Humongous regions: 8->4
[114.021s][info][gc,metaspace] GC(646) Metaspace: 37275K(37568K)->37275K(37568K) NonClass: 33271K(33408K)->33271K(33408K) Class: 4003K(4160K)->4003K(4160K)
[114.021s][info][gc          ] GC(646) Pause Young (Mixed) (G1 Evacuation Pause) 53M->43M(188M) 1.969ms
[114.021s][info][gc,cpu      ] GC(646) User=0.02s Sys=0.00s Real=0.00s
[114.094s][info][gc,start    ] GC(647) Pause Young (Concurrent Start) (G1 Humongous Allocation)
[114.094s][info][gc,task     ] GC(647) Using 6 workers of 6 for evacuation
[114.096s][info][gc,phases   ] GC(647)   Pre Evacuate Collection Set: 0.2ms
[114.096s][info][gc,phases   ] GC(647)   Merge Heap Roots: 0.1ms
[114.096s][info][gc,phases   ] GC(647)   Evacuate Collection Set: 0.8ms
[114.096s][info][gc,phases   ] GC(647)   Post Evacuate Collection Set: 0.4ms
[114.096s][info][gc,phases   ] GC(647)   Other: 0.3ms
[114.096s][info][gc,heap     ] GC(647) Eden regions: 1->0(103)
[114.096s][info][gc,heap     ] GC(647) Survivor regions: 2->1(13)
[114.096s][info][gc,heap     ] GC(647) Old regions: 39->39
[114.096s][info][gc,heap     ] GC(647) Archive regions: 0->0
[114.096s][info][gc,heap     ] GC(647) Humongous regions: 4->4
[114.096s][info][gc,metaspace] GC(647) Metaspace: 37275K(37568K)->37275K(37568K) NonClass: 33271K(33408K)->33271K(33408K) Class: 4003K(4160K)->4003K(4160K)
[114.096s][info][gc          ] GC(647) Pause Young (Concurrent Start) (G1 Humongous Allocation) 44M->42M(188M) 1.740ms
[114.096s][info][gc,cpu      ] GC(647) User=0.00s Sys=0.00s Real=0.00s
[114.096s][info][gc          ] GC(648) Concurrent Mark Cycle
[114.096s][info][gc,marking  ] GC(648) Concurrent Clear Claimed Marks
[114.096s][info][gc,marking  ] GC(648) Concurrent Clear Claimed Marks 0.022ms
[114.096s][info][gc,marking  ] GC(648) Concurrent Scan Root Regions
[114.096s][info][gc,marking  ] GC(648) Concurrent Scan Root Regions 0.441ms
[114.096s][info][gc,marking  ] GC(648) Concurrent Mark
[114.096s][info][gc,marking  ] GC(648) Concurrent Mark From Roots
[114.096s][info][gc,task     ] GC(648) Using 2 workers of 2 for marking
[114.106s][info][gc,marking  ] GC(648) Concurrent Mark From Roots 9.910ms
[114.106s][info][gc,marking  ] GC(648) Concurrent Preclean
[114.107s][info][gc,marking  ] GC(648) Concurrent Preclean 0.330ms
[114.107s][info][gc,start    ] GC(648) Pause Remark
[114.109s][info][gc          ] GC(648) Pause Remark 55M->55M(188M) 2.420ms
[114.110s][info][gc,cpu      ] GC(648) User=0.00s Sys=0.00s Real=0.00s
[114.110s][info][gc,marking  ] GC(648) Concurrent Mark 13.300ms
[114.110s][info][gc,marking  ] GC(648) Concurrent Rebuild Remembered Sets
[114.114s][info][gc,marking  ] GC(648) Concurrent Rebuild Remembered Sets 4.482ms
[114.114s][info][gc,start    ] GC(648) Pause Cleanup
[114.115s][info][gc          ] GC(648) Pause Cleanup 56M->56M(188M) 0.100ms
[114.115s][info][gc,cpu      ] GC(648) User=0.03s Sys=0.00s Real=0.00s
[114.115s][info][gc,marking  ] GC(648) Concurrent Cleanup for Next Mark
[114.115s][info][gc,marking  ] GC(648) Concurrent Cleanup for Next Mark 0.113ms
[114.115s][info][gc          ] GC(648) Concurrent Mark Cycle 19.053ms
[114.645s][info][gc,start    ] GC(649) Pause Young (Prepare Mixed) (G1 Preventive Collection)
[114.645s][info][gc,task     ] GC(649) Using 6 workers of 6 for evacuation
[114.646s][info][gc,phases   ] GC(649)   Pre Evacuate Collection Set: 0.2ms
[114.646s][info][gc,phases   ] GC(649)   Merge Heap Roots: 0.1ms
[114.646s][info][gc,phases   ] GC(649)   Evacuate Collection Set: 0.7ms
[114.646s][info][gc,phases   ] GC(649)   Post Evacuate Collection Set: 0.7ms
[114.646s][info][gc,phases   ] GC(649)   Other: 0.2ms
[114.646s][info][gc,heap     ] GC(649) Eden regions: 65->0(7)
[114.646s][info][gc,heap     ] GC(649) Survivor regions: 1->2(13)
[114.647s][info][gc,heap     ] GC(649) Old regions: 39->39
[114.647s][info][gc,heap     ] GC(649) Archive regions: 0->0
[114.647s][info][gc,heap     ] GC(649) Humongous regions: 76->8
[114.647s][info][gc,metaspace] GC(649) Metaspace: 37275K(37568K)->37275K(37568K) NonClass: 33271K(33408K)->33271K(33408K) Class: 4003K(4160K)->4003K(4160K)
[114.647s][info][gc          ] GC(649) Pause Young (Prepare Mixed) (G1 Preventive Collection) 179M->47M(188M) 1.915ms
[114.647s][info][gc,cpu      ] GC(649) User=0.00s Sys=0.00s Real=0.00s
[114.738s][info][gc,start    ] GC(650) Pause Young (Mixed) (G1 Evacuation Pause)
[114.738s][info][gc,task     ] GC(650) Using 6 workers of 6 for evacuation
[114.739s][info][gc,phases   ] GC(650)   Pre Evacuate Collection Set: 0.2ms
[114.739s][info][gc,phases   ] GC(650)   Merge Heap Roots: 0.1ms
[114.739s][info][gc,phases   ] GC(650)   Evacuate Collection Set: 0.6ms
[114.739s][info][gc,phases   ] GC(650)   Post Evacuate Collection Set: 0.7ms
[114.739s][info][gc,phases   ] GC(650)   Other: 0.2ms
[114.739s][info][gc,heap     ] GC(650) Eden regions: 7->0(103)
[114.739s][info][gc,heap     ] GC(650) Survivor regions: 2->1(2)
[114.739s][info][gc,heap     ] GC(650) Old regions: 39->39
[114.739s][info][gc,heap     ] GC(650) Archive regions: 0->0
[114.739s][info][gc,heap     ] GC(650) Humongous regions: 20->8
[114.739s][info][gc,metaspace] GC(650) Metaspace: 37276K(37568K)->37276K(37568K) NonClass: 33272K(33408K)->33272K(33408K) Class: 4003K(4160K)->4003K(4160K)
[114.739s][info][gc          ] GC(650) Pause Young (Mixed) (G1 Evacuation Pause) 66M->46M(188M) 1.821ms
[114.740s][info][gc,cpu      ] GC(650) User=0.00s Sys=0.00s Real=0.00s
[114.821s][info][gc,start    ] GC(651) Pause Young (Concurrent Start) (G1 Humongous Allocation)
[114.821s][info][gc,task     ] GC(651) Using 6 workers of 6 for evacuation
[114.824s][info][gc,phases   ] GC(651)   Pre Evacuate Collection Set: 0.2ms
[114.824s][info][gc,phases   ] GC(651)   Merge Heap Roots: 0.1ms
[114.824s][info][gc,phases   ] GC(651)   Evacuate Collection Set: 0.8ms
[114.824s][info][gc,phases   ] GC(651)   Post Evacuate Collection Set: 0.8ms
[114.824s][info][gc,phases   ] GC(651)   Other: 0.3ms
[114.824s][info][gc,heap     ] GC(651) Eden regions: 11->0(110)
[114.824s][info][gc,heap     ] GC(651) Survivor regions: 1->1(13)
[114.824s][info][gc,heap     ] GC(651) Old regions: 39->39
[114.824s][info][gc,heap     ] GC(651) Archive regions: 0->0
[114.824s][info][gc,heap     ] GC(651) Humongous regions: 8->4
[114.824s][info][gc,metaspace] GC(651) Metaspace: 37280K(37568K)->37280K(37568K) NonClass: 33276K(33408K)->33276K(33408K) Class: 4003K(4160K)->4003K(4160K)
[114.824s][info][gc          ] GC(651) Pause Young (Concurrent Start) (G1 Humongous Allocation) 57M->42M(188M) 2.256ms
[114.824s][info][gc,cpu      ] GC(651) User=0.00s Sys=0.00s Real=0.00s
[114.824s][info][gc          ] GC(652) Concurrent Undo Cycle
[114.824s][info][gc,marking  ] GC(652) Concurrent Cleanup for Next Mark
[114.824s][info][gc,marking  ] GC(652) Concurrent Cleanup for Next Mark 0.098ms
[114.824s][info][gc          ] GC(652) Concurrent Undo Cycle 0.148ms
[114.827s][info][gc,start    ] GC(653) Pause Young (Concurrent Start) (G1 Humongous Allocation)
[114.827s][info][gc,task     ] GC(653) Using 6 workers of 6 for evacuation
[114.828s][info][gc,phases   ] GC(653)   Pre Evacuate Collection Set: 0.3ms
[114.828s][info][gc,phases   ] GC(653)   Merge Heap Roots: 0.1ms
[114.828s][info][gc,phases   ] GC(653)   Evacuate Collection Set: 0.8ms
[114.828s][info][gc,phases   ] GC(653)   Post Evacuate Collection Set: 0.5ms
[114.828s][info][gc,phases   ] GC(653)   Other: 0.3ms
[114.828s][info][gc,heap     ] GC(653) Eden regions: 1->0(104)
[114.828s][info][gc,heap     ] GC(653) Survivor regions: 1->1(14)
[114.828s][info][gc,heap     ] GC(653) Old regions: 39->39
[114.828s][info][gc,heap     ] GC(653) Archive regions: 0->0
[114.828s][info][gc,heap     ] GC(653) Humongous regions: 8->8
[114.828s][info][gc,metaspace] GC(653) Metaspace: 37280K(37568K)->37280K(37568K) NonClass: 33276K(33408K)->33276K(33408K) Class: 4003K(4160K)->4003K(4160K)
[114.828s][info][gc          ] GC(653) Pause Young (Concurrent Start) (G1 Humongous Allocation) 47M->46M(188M) 1.893ms
[114.829s][info][gc,cpu      ] GC(653) User=0.00s Sys=0.00s Real=0.00s
[114.829s][info][gc          ] GC(654) Concurrent Mark Cycle
[114.829s][info][gc,marking  ] GC(654) Concurrent Clear Claimed Marks
[114.829s][info][gc,marking  ] GC(654) Concurrent Clear Claimed Marks 0.017ms
[114.829s][info][gc,marking  ] GC(654) Concurrent Scan Root Regions
[114.829s][info][gc,marking  ] GC(654) Concurrent Scan Root Regions 0.592ms
[114.829s][info][gc,marking  ] GC(654) Concurrent Mark
[114.829s][info][gc,marking  ] GC(654) Concurrent Mark From Roots
[114.829s][info][gc,task     ] GC(654) Using 2 workers of 2 for marking
[114.839s][info][gc,marking  ] GC(654) Concurrent Mark From Roots 9.377ms
[114.839s][info][gc,marking  ] GC(654) Concurrent Preclean
[114.839s][info][gc,marking  ] GC(654) Concurrent Preclean 0.115ms
[114.839s][info][gc,start    ] GC(654) Pause Remark
[114.842s][info][gc          ] GC(654) Pause Remark 56M->56M(188M) 2.486ms
[114.842s][info][gc,cpu      ] GC(654) User=0.00s Sys=0.00s Real=0.00s
[114.842s][info][gc,marking  ] GC(654) Concurrent Mark 12.813ms
[114.842s][info][gc,marking  ] GC(654) Concurrent Rebuild Remembered Sets
[114.849s][info][gc,marking  ] GC(654) Concurrent Rebuild Remembered Sets 6.586ms
[114.849s][info][gc,start    ] GC(654) Pause Cleanup
[114.849s][info][gc          ] GC(654) Pause Cleanup 57M->57M(188M) 0.169ms
[114.849s][info][gc,cpu      ] GC(654) User=0.00s Sys=0.00s Real=0.00s
[114.850s][info][gc,marking  ] GC(654) Concurrent Cleanup for Next Mark
[114.850s][info][gc,marking  ] GC(654) Concurrent Cleanup for Next Mark 0.173ms
[114.850s][info][gc          ] GC(654) Concurrent Mark Cycle 21.089ms
[115.423s][info][gc,start    ] GC(655) Pause Young (Prepare Mixed) (G1 Preventive Collection)
[115.423s][info][gc,task     ] GC(655) Using 6 workers of 6 for evacuation
[115.425s][info][gc,phases   ] GC(655)   Pre Evacuate Collection Set: 0.2ms
[115.425s][info][gc,phases   ] GC(655)   Merge Heap Roots: 0.1ms
[115.425s][info][gc,phases   ] GC(655)   Evacuate Collection Set: 1.1ms
[115.425s][info][gc,phases   ] GC(655)   Post Evacuate Collection Set: 0.6ms
[115.425s][info][gc,phases   ] GC(655)   Other: 0.3ms
[115.425s][info][gc,heap     ] GC(655) Eden regions: 66->0(7)
[115.425s][info][gc,heap     ] GC(655) Survivor regions: 1->2(14)
[115.425s][info][gc,heap     ] GC(655) Old regions: 39->39
[115.425s][info][gc,heap     ] GC(655) Archive regions: 0->0
[115.425s][info][gc,heap     ] GC(655) Humongous regions: 76->4
[115.425s][info][gc,metaspace] GC(655) Metaspace: 37282K(37568K)->37282K(37568K) NonClass: 33278K(33408K)->33278K(33408K) Class: 4003K(4160K)->4003K(4160K)
[115.425s][info][gc          ] GC(655) Pause Young (Prepare Mixed) (G1 Preventive Collection) 180M->43M(188M) 2.349ms
[115.425s][info][gc,cpu      ] GC(655) User=0.00s Sys=0.00s Real=0.00s
[115.467s][info][gc,start    ] GC(656) Pause Young (Mixed) (G1 Evacuation Pause)
[115.467s][info][gc,task     ] GC(656) Using 6 workers of 6 for evacuation
[115.469s][info][gc,phases   ] GC(656)   Pre Evacuate Collection Set: 0.2ms
[115.469s][info][gc,phases   ] GC(656)   Merge Heap Roots: 0.1ms
[115.469s][info][gc,phases   ] GC(656)   Evacuate Collection Set: 0.7ms
[115.469s][info][gc,phases   ] GC(656)   Post Evacuate Collection Set: 0.5ms
[115.469s][info][gc,phases   ] GC(656)   Other: 0.3ms
[115.469s][info][gc,heap     ] GC(656) Eden regions: 7->0(106)
[115.469s][info][gc,heap     ] GC(656) Survivor regions: 2->1(2)
[115.469s][info][gc,heap     ] GC(656) Old regions: 39->39
[115.469s][info][gc,heap     ] GC(656) Archive regions: 0->0
[115.469s][info][gc,heap     ] GC(656) Humongous regions: 16->8
[115.469s][info][gc,metaspace] GC(656) Metaspace: 37282K(37568K)->37282K(37568K) NonClass: 33278K(33408K)->33278K(33408K) Class: 4003K(4160K)->4003K(4160K)
[115.469s][info][gc          ] GC(656) Pause Young (Mixed) (G1 Evacuation Pause) 62M->46M(188M) 1.740ms
[115.469s][info][gc,cpu      ] GC(656) User=0.00s Sys=0.00s Real=0.00s
[115.549s][info][gc,start    ] GC(657) Pause Young (Concurrent Start) (G1 Humongous Allocation)
[115.549s][info][gc,task     ] GC(657) Using 6 workers of 6 for evacuation
[115.551s][info][gc,phases   ] GC(657)   Pre Evacuate Collection Set: 0.2ms
[115.551s][info][gc,phases   ] GC(657)   Merge Heap Roots: 0.1ms
[115.551s][info][gc,phases   ] GC(657)   Evacuate Collection Set: 0.7ms
[115.551s][info][gc,phases   ] GC(657)   Post Evacuate Collection Set: 0.6ms
[115.551s][info][gc,phases   ] GC(657)   Other: 0.3ms
[115.551s][info][gc,heap     ] GC(657) Eden regions: 6->0(110)
[115.551s][info][gc,heap     ] GC(657) Survivor regions: 1->1(14)
[115.551s][info][gc,heap     ] GC(657) Old regions: 39->39
[115.551s][info][gc,heap     ] GC(657) Archive regions: 0->0
[115.551s][info][gc,heap     ] GC(657) Humongous regions: 8->4
[115.551s][info][gc,metaspace] GC(657) Metaspace: 37282K(37568K)->37282K(37568K) NonClass: 33278K(33408K)->33278K(33408K) Class: 4003K(4160K)->4003K(4160K)
[115.551s][info][gc          ] GC(657) Pause Young (Concurrent Start) (G1 Humongous Allocation) 51M->42M(188M) 1.895ms
[115.551s][info][gc,cpu      ] GC(657) User=0.00s Sys=0.00s Real=0.00s
[115.551s][info][gc          ] GC(658) Concurrent Mark Cycle
[115.551s][info][gc,marking  ] GC(658) Concurrent Clear Claimed Marks
[115.551s][info][gc,marking  ] GC(658) Concurrent Clear Claimed Marks 0.025ms
[115.551s][info][gc,marking  ] GC(658) Concurrent Scan Root Regions
[115.552s][info][gc,marking  ] GC(658) Concurrent Scan Root Regions 0.630ms
[115.552s][info][gc,marking  ] GC(658) Concurrent Mark
[115.552s][info][gc,marking  ] GC(658) Concurrent Mark From Roots
[115.552s][info][gc,task     ] GC(658) Using 2 workers of 2 for marking
[115.562s][info][gc,marking  ] GC(658) Concurrent Mark From Roots 9.672ms
[115.562s][info][gc,marking  ] GC(658) Concurrent Preclean
[115.562s][info][gc,marking  ] GC(658) Concurrent Preclean 0.125ms
[115.562s][info][gc,start    ] GC(658) Pause Remark
[115.565s][info][gc          ] GC(658) Pause Remark 56M->56M(188M) 2.744ms
[115.565s][info][gc,cpu      ] GC(658) User=0.00s Sys=0.00s Real=0.00s
[115.565s][info][gc,marking  ] GC(658) Concurrent Mark 13.248ms
[115.565s][info][gc,marking  ] GC(658) Concurrent Rebuild Remembered Sets
[115.570s][info][gc,marking  ] GC(658) Concurrent Rebuild Remembered Sets 4.724ms
[115.570s][info][gc,start    ] GC(658) Pause Cleanup
[115.570s][info][gc          ] GC(658) Pause Cleanup 57M->57M(188M) 0.144ms
[115.570s][info][gc,cpu      ] GC(658) User=0.00s Sys=0.00s Real=0.00s
[115.571s][info][gc,marking  ] GC(658) Concurrent Cleanup for Next Mark
[115.571s][info][gc,marking  ] GC(658) Concurrent Cleanup for Next Mark 0.163ms
[115.571s][info][gc          ] GC(658) Concurrent Mark Cycle 19.596ms
[116.087s][info][gc,start    ] GC(659) Pause Young (Prepare Mixed) (G1 Preventive Collection)
[116.087s][info][gc,task     ] GC(659) Using 6 workers of 6 for evacuation
[116.089s][info][gc,phases   ] GC(659)   Pre Evacuate Collection Set: 0.2ms
[116.089s][info][gc,phases   ] GC(659)   Merge Heap Roots: 0.1ms
[116.089s][info][gc,phases   ] GC(659)   Evacuate Collection Set: 0.9ms
[116.089s][info][gc,phases   ] GC(659)   Post Evacuate Collection Set: 0.9ms
[116.089s][info][gc,phases   ] GC(659)   Other: 0.3ms
[116.089s][info][gc,heap     ] GC(659) Eden regions: 67->0(7)
[116.089s][info][gc,heap     ] GC(659) Survivor regions: 1->2(14)
[116.089s][info][gc,heap     ] GC(659) Old regions: 39->39
[116.089s][info][gc,heap     ] GC(659) Archive regions: 0->0
[116.089s][info][gc,heap     ] GC(659) Humongous regions: 76->4
[116.089s][info][gc,metaspace] GC(659) Metaspace: 37282K(37568K)->37282K(37568K) NonClass: 33278K(33408K)->33278K(33408K) Class: 4003K(4160K)->4003K(4160K)
[116.089s][info][gc          ] GC(659) Pause Young (Prepare Mixed) (G1 Preventive Collection) 181M->43M(188M) 2.390ms
[116.089s][info][gc,cpu      ] GC(659) User=0.00s Sys=0.00s Real=0.00s
[116.192s][info][gc,start    ] GC(660) Pause Young (Mixed) (G1 Evacuation Pause)
[116.192s][info][gc,task     ] GC(660) Using 6 workers of 6 for evacuation
[116.193s][info][gc,phases   ] GC(660)   Pre Evacuate Collection Set: 0.2ms
[116.194s][info][gc,phases   ] GC(660)   Merge Heap Roots: 0.1ms
[116.194s][info][gc,phases   ] GC(660)   Evacuate Collection Set: 0.8ms
[116.194s][info][gc,phases   ] GC(660)   Post Evacuate Collection Set: 0.7ms
[116.194s][info][gc,phases   ] GC(660)   Other: 0.3ms
[116.194s][info][gc,heap     ] GC(660) Eden regions: 7->0(111)
[116.194s][info][gc,heap     ] GC(660) Survivor regions: 2->1(2)
[116.194s][info][gc,heap     ] GC(660) Old regions: 39->39
[116.194s][info][gc,heap     ] GC(660) Archive regions: 0->0
[116.194s][info][gc,heap     ] GC(660) Humongous regions: 16->4
[116.194s][info][gc,metaspace] GC(660) Metaspace: 37282K(37568K)->37282K(37568K) NonClass: 33278K(33408K)->33278K(33408K) Class: 4003K(4160K)->4003K(4160K)
[116.194s][info][gc          ] GC(660) Pause Young (Mixed) (G1 Evacuation Pause) 62M->42M(188M) 2.058ms
[116.194s][info][gc,cpu      ] GC(660) User=0.05s Sys=0.00s Real=0.00s
[116.269s][info][gc,start    ] GC(661) Pause Young (Concurrent Start) (G1 Humongous Allocation)
[116.269s][info][gc,task     ] GC(661) Using 6 workers of 6 for evacuation
[116.271s][info][gc,phases   ] GC(661)   Pre Evacuate Collection Set: 0.2ms
[116.271s][info][gc,phases   ] GC(661)   Merge Heap Roots: 0.1ms
[116.271s][info][gc,phases   ] GC(661)   Evacuate Collection Set: 0.7ms
[116.271s][info][gc,phases   ] GC(661)   Post Evacuate Collection Set: 0.5ms
[116.271s][info][gc,phases   ] GC(661)   Other: 0.3ms
[116.271s][info][gc,heap     ] GC(661) Eden regions: 5->0(111)
[116.271s][info][gc,heap     ] GC(661) Survivor regions: 1->1(14)
[116.271s][info][gc,heap     ] GC(661) Old regions: 39->39
[116.271s][info][gc,heap     ] GC(661) Archive regions: 0->0
[116.271s][info][gc,heap     ] GC(661) Humongous regions: 4->4
[116.271s][info][gc,metaspace] GC(661) Metaspace: 37282K(37568K)->37282K(37568K) NonClass: 33278K(33408K)->33278K(33408K) Class: 4003K(4160K)->4003K(4160K)
[116.271s][info][gc          ] GC(661) Pause Young (Concurrent Start) (G1 Humongous Allocation) 46M->42M(188M) 1.638ms
[116.271s][info][gc,cpu      ] GC(661) User=0.00s Sys=0.02s Real=0.00s
[116.271s][info][gc          ] GC(662) Concurrent Mark Cycle
[116.271s][info][gc,marking  ] GC(662) Concurrent Clear Claimed Marks
[116.271s][info][gc,marking  ] GC(662) Concurrent Clear Claimed Marks 0.018ms
[116.271s][info][gc,marking  ] GC(662) Concurrent Scan Root Regions
[116.271s][info][gc,marking  ] GC(662) Concurrent Scan Root Regions 0.426ms
[116.271s][info][gc,marking  ] GC(662) Concurrent Mark
[116.271s][info][gc,marking  ] GC(662) Concurrent Mark From Roots
[116.271s][info][gc,task     ] GC(662) Using 2 workers of 2 for marking
[116.282s][info][gc,marking  ] GC(662) Concurrent Mark From Roots 10.929ms
[116.282s][info][gc,marking  ] GC(662) Concurrent Preclean
[116.282s][info][gc,marking  ] GC(662) Concurrent Preclean 0.138ms
[116.283s][info][gc,start    ] GC(662) Pause Remark
[116.286s][info][gc          ] GC(662) Pause Remark 60M->60M(188M) 3.442ms
[116.286s][info][gc,cpu      ] GC(662) User=0.00s Sys=0.00s Real=0.00s
[116.286s][info][gc,marking  ] GC(662) Concurrent Mark 15.153ms
[116.286s][info][gc,marking  ] GC(662) Concurrent Rebuild Remembered Sets
[116.291s][info][gc,marking  ] GC(662) Concurrent Rebuild Remembered Sets 4.890ms
[116.292s][info][gc,start    ] GC(662) Pause Cleanup
[116.292s][info][gc          ] GC(662) Pause Cleanup 61M->61M(188M) 0.093ms
[116.292s][info][gc,cpu      ] GC(662) User=0.00s Sys=0.00s Real=0.00s
[116.292s][info][gc,marking  ] GC(662) Concurrent Cleanup for Next Mark
[116.292s][info][gc,marking  ] GC(662) Concurrent Cleanup for Next Mark 0.110ms
[116.292s][info][gc          ] GC(662) Concurrent Mark Cycle 21.345ms
[116.812s][info][gc,start    ] GC(663) Pause Young (Prepare Mixed) (G1 Preventive Collection)
[116.812s][info][gc,task     ] GC(663) Using 6 workers of 6 for evacuation
[116.814s][info][gc,phases   ] GC(663)   Pre Evacuate Collection Set: 0.2ms
[116.814s][info][gc,phases   ] GC(663)   Merge Heap Roots: 0.1ms
[116.814s][info][gc,phases   ] GC(663)   Evacuate Collection Set: 0.6ms
[116.814s][info][gc,phases   ] GC(663)   Post Evacuate Collection Set: 0.8ms
[116.814s][info][gc,phases   ] GC(663)   Other: 0.3ms
[116.814s][info][gc,heap     ] GC(663) Eden regions: 68->0(7)
[116.814s][info][gc,heap     ] GC(663) Survivor regions: 1->2(14)
[116.814s][info][gc,heap     ] GC(663) Old regions: 39->39
[116.814s][info][gc,heap     ] GC(663) Archive regions: 0->0
[116.814s][info][gc,heap     ] GC(663) Humongous regions: 76->4
[116.814s][info][gc,metaspace] GC(663) Metaspace: 37283K(37568K)->37283K(37568K) NonClass: 33279K(33408K)->33279K(33408K) Class: 4003K(4160K)->4003K(4160K)
[116.814s][info][gc          ] GC(663) Pause Young (Prepare Mixed) (G1 Preventive Collection) 182M->43M(188M) 1.914ms
[116.814s][info][gc,cpu      ] GC(663) User=0.00s Sys=0.00s Real=0.00s
[116.898s][info][gc,start    ] GC(664) Pause Young (Mixed) (G1 Evacuation Pause)
[116.899s][info][gc,task     ] GC(664) Using 6 workers of 6 for evacuation
[116.903s][info][gc,phases   ] GC(664)   Pre Evacuate Collection Set: 0.3ms
[116.903s][info][gc,phases   ] GC(664)   Merge Heap Roots: 0.2ms
[116.903s][info][gc,phases   ] GC(664)   Evacuate Collection Set: 2.6ms
[116.903s][info][gc,phases   ] GC(664)   Post Evacuate Collection Set: 1.1ms
[116.903s][info][gc,phases   ] GC(664)   Other: 0.7ms
[116.903s][info][gc,heap     ] GC(664) Eden regions: 7->0(106)
[116.903s][info][gc,heap     ] GC(664) Survivor regions: 2->2(2)
[116.903s][info][gc,heap     ] GC(664) Old regions: 39->39
[116.903s][info][gc,heap     ] GC(664) Archive regions: 0->0
[116.903s][info][gc,heap     ] GC(664) Humongous regions: 12->12
[116.903s][info][gc,metaspace] GC(664) Metaspace: 37283K(37568K)->37283K(37568K) NonClass: 33279K(33408K)->33279K(33408K) Class: 4003K(4160K)->4003K(4160K)
[116.903s][info][gc          ] GC(664) Pause Young (Mixed) (G1 Evacuation Pause) 58M->51M(188M) 4.973ms
[116.904s][info][gc,cpu      ] GC(664) User=0.00s Sys=0.00s Real=0.01s
[116.905s][info][gc,start    ] GC(665) Pause Young (Concurrent Start) (G1 Humongous Allocation)
[116.905s][info][gc,task     ] GC(665) Using 6 workers of 6 for evacuation
[116.909s][info][gc,phases   ] GC(665)   Pre Evacuate Collection Set: 0.3ms
[116.909s][info][gc,phases   ] GC(665)   Merge Heap Roots: 0.2ms
[116.909s][info][gc,phases   ] GC(665)   Evacuate Collection Set: 2.3ms
[116.909s][info][gc,phases   ] GC(665)   Post Evacuate Collection Set: 0.8ms
[116.909s][info][gc,phases   ] GC(665)   Other: 0.5ms
[116.909s][info][gc,heap     ] GC(665) Eden regions: 1->0(108)
[116.909s][info][gc,heap     ] GC(665) Survivor regions: 2->1(14)
[116.909s][info][gc,heap     ] GC(665) Old regions: 39->39
[116.909s][info][gc,heap     ] GC(665) Archive regions: 0->0
[116.909s][info][gc,heap     ] GC(665) Humongous regions: 12->8
[116.909s][info][gc,metaspace] GC(665) Metaspace: 37283K(37568K)->37283K(37568K) NonClass: 33279K(33408K)->33279K(33408K) Class: 4003K(4160K)->4003K(4160K)
[116.909s][info][gc          ] GC(665) Pause Young (Concurrent Start) (G1 Humongous Allocation) 52M->46M(188M) 4.159ms
[116.910s][info][gc,cpu      ] GC(665) User=0.00s Sys=0.00s Real=0.01s
[116.910s][info][gc          ] GC(666) Concurrent Mark Cycle
[116.910s][info][gc,marking  ] GC(666) Concurrent Clear Claimed Marks
[116.910s][info][gc,marking  ] GC(666) Concurrent Clear Claimed Marks 0.046ms
[116.910s][info][gc,marking  ] GC(666) Concurrent Scan Root Regions
[116.911s][info][gc,marking  ] GC(666) Concurrent Scan Root Regions 0.649ms
[116.911s][info][gc,marking  ] GC(666) Concurrent Mark
[116.911s][info][gc,marking  ] GC(666) Concurrent Mark From Roots
[116.911s][info][gc,task     ] GC(666) Using 2 workers of 2 for marking
[116.929s][info][gc,marking  ] GC(666) Concurrent Mark From Roots 17.874ms
[116.929s][info][gc,marking  ] GC(666) Concurrent Preclean
[116.929s][info][gc,marking  ] GC(666) Concurrent Preclean 0.207ms
[116.929s][info][gc,start    ] GC(666) Pause Remark
[116.934s][info][gc          ] GC(666) Pause Remark 53M->53M(184M) 4.205ms
[116.934s][info][gc,cpu      ] GC(666) User=0.00s Sys=0.00s Real=0.00s
[116.934s][info][gc,marking  ] GC(666) Concurrent Mark 23.756ms
[116.934s][info][gc,marking  ] GC(666) Concurrent Rebuild Remembered Sets
[116.942s][info][gc,marking  ] GC(666) Concurrent Rebuild Remembered Sets 7.281ms
[116.942s][info][gc,start    ] GC(666) Pause Cleanup
[116.942s][info][gc          ] GC(666) Pause Cleanup 54M->54M(184M) 0.101ms
[116.942s][info][gc,cpu      ] GC(666) User=0.00s Sys=0.00s Real=0.00s
[116.942s][info][gc,marking  ] GC(666) Concurrent Cleanup for Next Mark
[116.943s][info][gc,marking  ] GC(666) Concurrent Cleanup for Next Mark 0.135ms
[116.943s][info][gc          ] GC(666) Concurrent Mark Cycle 32.871ms
[117.543s][info][gc,start    ] GC(667) Pause Young (Prepare Mixed) (G1 Preventive Collection)
[117.543s][info][gc,task     ] GC(667) Using 6 workers of 6 for evacuation
[117.545s][info][gc,phases   ] GC(667)   Pre Evacuate Collection Set: 0.2ms
[117.545s][info][gc,phases   ] GC(667)   Merge Heap Roots: 0.1ms
[117.545s][info][gc,phases   ] GC(667)   Evacuate Collection Set: 0.7ms
[117.545s][info][gc,phases   ] GC(667)   Post Evacuate Collection Set: 0.8ms
[117.545s][info][gc,phases   ] GC(667)   Other: 0.3ms
[117.545s][info][gc,heap     ] GC(667) Eden regions: 67->0(8)
[117.545s][info][gc,heap     ] GC(667) Survivor regions: 1->1(14)
[117.545s][info][gc,heap     ] GC(667) Old regions: 39->39
[117.545s][info][gc,heap     ] GC(667) Archive regions: 0->0
[117.545s][info][gc,heap     ] GC(667) Humongous regions: 72->4
[117.545s][info][gc,metaspace] GC(667) Metaspace: 37283K(37568K)->37283K(37568K) NonClass: 33280K(33408K)->33280K(33408K) Class: 4003K(4160K)->4003K(4160K)
[117.545s][info][gc          ] GC(667) Pause Young (Prepare Mixed) (G1 Preventive Collection) 177M->43M(184M) 1.979ms
[117.545s][info][gc,cpu      ] GC(667) User=0.00s Sys=0.00s Real=0.00s
[117.574s][info][gc,start    ] GC(668) Pause Young (Mixed) (G1 Evacuation Pause)
[117.574s][info][gc,task     ] GC(668) Using 6 workers of 6 for evacuation
[117.575s][info][gc,phases   ] GC(668)   Pre Evacuate Collection Set: 0.2ms
[117.575s][info][gc,phases   ] GC(668)   Merge Heap Roots: 0.1ms
[117.575s][info][gc,phases   ] GC(668)   Evacuate Collection Set: 0.7ms
[117.575s][info][gc,phases   ] GC(668)   Post Evacuate Collection Set: 0.6ms
[117.575s][info][gc,phases   ] GC(668)   Other: 0.5ms
[117.575s][info][gc,heap     ] GC(668) Eden regions: 8->0(108)
[117.575s][info][gc,heap     ] GC(668) Survivor regions: 1->2(2)
[117.575s][info][gc,heap     ] GC(668) Old regions: 39->39
[117.575s][info][gc,heap     ] GC(668) Archive regions: 0->0
[117.575s][info][gc,heap     ] GC(668) Humongous regions: 16->4
[117.575s][info][gc,metaspace] GC(668) Metaspace: 37283K(37568K)->37283K(37568K) NonClass: 33280K(33408K)->33280K(33408K) Class: 4003K(4160K)->4003K(4160K)
[117.575s][info][gc          ] GC(668) Pause Young (Mixed) (G1 Evacuation Pause) 63M->44M(184M) 1.858ms
[117.576s][info][gc,cpu      ] GC(668) User=0.00s Sys=0.00s Real=0.00s
[117.648s][info][gc,start    ] GC(669) Pause Young (Concurrent Start) (G1 Humongous Allocation)
[117.648s][info][gc,task     ] GC(669) Using 6 workers of 6 for evacuation
[117.649s][info][gc,phases   ] GC(669)   Pre Evacuate Collection Set: 0.2ms
[117.650s][info][gc,phases   ] GC(669)   Merge Heap Roots: 0.1ms
[117.650s][info][gc,phases   ] GC(669)   Evacuate Collection Set: 0.9ms
[117.650s][info][gc,phases   ] GC(669)   Post Evacuate Collection Set: 0.5ms
[117.650s][info][gc,phases   ] GC(669)   Other: 0.3ms
[117.650s][info][gc,heap     ] GC(669) Eden regions: 1->0(109)
[117.650s][info][gc,heap     ] GC(669) Survivor regions: 2->1(14)
[117.650s][info][gc,heap     ] GC(669) Old regions: 39->39
[117.650s][info][gc,heap     ] GC(669) Archive regions: 0->0
[117.650s][info][gc,heap     ] GC(669) Humongous regions: 4->4
[117.650s][info][gc,metaspace] GC(669) Metaspace: 37283K(37568K)->37283K(37568K) NonClass: 33280K(33408K)->33280K(33408K) Class: 4003K(4160K)->4003K(4160K)
[117.650s][info][gc          ] GC(669) Pause Young (Concurrent Start) (G1 Humongous Allocation) 45M->42M(184M) 1.993ms
[117.650s][info][gc,cpu      ] GC(669) User=0.00s Sys=0.00s Real=0.00s
[117.650s][info][gc          ] GC(670) Concurrent Mark Cycle
[117.650s][info][gc,marking  ] GC(670) Concurrent Clear Claimed Marks
[117.650s][info][gc,marking  ] GC(670) Concurrent Clear Claimed Marks 0.017ms
[117.650s][info][gc,marking  ] GC(670) Concurrent Scan Root Regions
[117.650s][info][gc,marking  ] GC(670) Concurrent Scan Root Regions 0.499ms
[117.650s][info][gc,marking  ] GC(670) Concurrent Mark
[117.650s][info][gc,marking  ] GC(670) Concurrent Mark From Roots
[117.650s][info][gc,task     ] GC(670) Using 2 workers of 2 for marking
[117.662s][info][gc,marking  ] GC(670) Concurrent Mark From Roots 11.318ms
[117.662s][info][gc,marking  ] GC(670) Concurrent Preclean
[117.662s][info][gc,marking  ] GC(670) Concurrent Preclean 0.109ms
[117.662s][info][gc,start    ] GC(670) Pause Remark
[117.667s][info][gc          ] GC(670) Pause Remark 56M->56M(184M) 4.392ms
[117.667s][info][gc,cpu      ] GC(670) User=0.00s Sys=0.00s Real=0.00s
[117.667s][info][gc,marking  ] GC(670) Concurrent Mark 16.496ms
[117.667s][info][gc,marking  ] GC(670) Concurrent Rebuild Remembered Sets
[117.672s][info][gc,marking  ] GC(670) Concurrent Rebuild Remembered Sets 4.698ms
[117.672s][info][gc,start    ] GC(670) Pause Cleanup
[117.672s][info][gc          ] GC(670) Pause Cleanup 61M->61M(184M) 0.200ms
[117.672s][info][gc,cpu      ] GC(670) User=0.00s Sys=0.00s Real=0.00s
[117.672s][info][gc,marking  ] GC(670) Concurrent Cleanup for Next Mark
[117.673s][info][gc,marking  ] GC(670) Concurrent Cleanup for Next Mark 0.156ms
[117.673s][info][gc          ] GC(670) Concurrent Mark Cycle 22.775ms
[118.253s][info][gc,start    ] GC(671) Pause Young (Prepare Mixed) (G1 Preventive Collection)
[118.253s][info][gc,task     ] GC(671) Using 6 workers of 6 for evacuation
[118.255s][info][gc,phases   ] GC(671)   Pre Evacuate Collection Set: 0.2ms
[118.255s][info][gc,phases   ] GC(671)   Merge Heap Roots: 0.1ms
[118.255s][info][gc,phases   ] GC(671)   Evacuate Collection Set: 0.8ms
[118.255s][info][gc,phases   ] GC(671)   Post Evacuate Collection Set: 0.7ms
[118.255s][info][gc,phases   ] GC(671)   Other: 0.3ms
[118.255s][info][gc,heap     ] GC(671) Eden regions: 64->0(7)
[118.255s][info][gc,heap     ] GC(671) Survivor regions: 1->2(14)
[118.255s][info][gc,heap     ] GC(671) Old regions: 39->39
[118.255s][info][gc,heap     ] GC(671) Archive regions: 0->0
[118.255s][info][gc,heap     ] GC(671) Humongous regions: 76->8
[118.255s][info][gc,metaspace] GC(671) Metaspace: 37283K(37568K)->37283K(37568K) NonClass: 33280K(33408K)->33280K(33408K) Class: 4003K(4160K)->4003K(4160K)
[118.255s][info][gc          ] GC(671) Pause Young (Prepare Mixed) (G1 Preventive Collection) 178M->47M(184M) 2.113ms
[118.255s][info][gc,cpu      ] GC(671) User=0.02s Sys=0.00s Real=0.00s
[118.350s][info][gc,start    ] GC(672) Pause Young (Mixed) (G1 Evacuation Pause)
[118.351s][info][gc,task     ] GC(672) Using 6 workers of 6 for evacuation
[118.352s][info][gc,phases   ] GC(672)   Pre Evacuate Collection Set: 0.2ms
[118.352s][info][gc,phases   ] GC(672)   Merge Heap Roots: 0.1ms
[118.352s][info][gc,phases   ] GC(672)   Evacuate Collection Set: 0.7ms
[118.352s][info][gc,phases   ] GC(672)   Post Evacuate Collection Set: 0.8ms
[118.352s][info][gc,phases   ] GC(672)   Other: 0.3ms
[118.352s][info][gc,heap     ] GC(672) Eden regions: 7->0(108)
[118.353s][info][gc,heap     ] GC(672) Survivor regions: 2->1(2)
[118.353s][info][gc,heap     ] GC(672) Old regions: 39->39
[118.353s][info][gc,heap     ] GC(672) Archive regions: 0->0
[118.353s][info][gc,heap     ] GC(672) Humongous regions: 20->8
[118.353s][info][gc,metaspace] GC(672) Metaspace: 37283K(37568K)->37283K(37568K) NonClass: 33280K(33408K)->33280K(33408K) Class: 4003K(4160K)->4003K(4160K)
[118.353s][info][gc          ] GC(672) Pause Young (Mixed) (G1 Evacuation Pause) 66M->46M(184M) 2.052ms
[118.353s][info][gc,cpu      ] GC(672) User=0.00s Sys=0.00s Real=0.00s
[118.440s][info][gc,start    ] GC(673) Pause Young (Concurrent Start) (G1 Humongous Allocation)
[118.440s][info][gc,task     ] GC(673) Using 6 workers of 6 for evacuation
[118.442s][info][gc,phases   ] GC(673)   Pre Evacuate Collection Set: 0.3ms
[118.442s][info][gc,phases   ] GC(673)   Merge Heap Roots: 0.0ms
[118.442s][info][gc,phases   ] GC(673)   Evacuate Collection Set: 0.8ms
[118.442s][info][gc,phases   ] GC(673)   Post Evacuate Collection Set: 0.7ms
[118.442s][info][gc,phases   ] GC(673)   Other: 0.3ms
[118.442s][info][gc,heap     ] GC(673) Eden regions: 12->0(109)
[118.442s][info][gc,heap     ] GC(673) Survivor regions: 1->1(14)
[118.442s][info][gc,heap     ] GC(673) Old regions: 39->39
[118.442s][info][gc,heap     ] GC(673) Archive regions: 0->0
[118.442s][info][gc,heap     ] GC(673) Humongous regions: 8->4
[118.442s][info][gc,metaspace] GC(673) Metaspace: 37283K(37568K)->37283K(37568K) NonClass: 33280K(33408K)->33280K(33408K) Class: 4003K(4160K)->4003K(4160K)
[118.442s][info][gc          ] GC(673) Pause Young (Concurrent Start) (G1 Humongous Allocation) 58M->43M(184M) 2.252ms
[118.442s][info][gc,cpu      ] GC(673) User=0.00s Sys=0.00s Real=0.00s
[118.442s][info][gc          ] GC(674) Concurrent Mark Cycle
[118.442s][info][gc,marking  ] GC(674) Concurrent Clear Claimed Marks
[118.442s][info][gc,marking  ] GC(674) Concurrent Clear Claimed Marks 0.035ms
[118.442s][info][gc,marking  ] GC(674) Concurrent Scan Root Regions
[118.443s][info][gc,marking  ] GC(674) Concurrent Scan Root Regions 0.835ms
[118.443s][info][gc,marking  ] GC(674) Concurrent Mark
[118.443s][info][gc,marking  ] GC(674) Concurrent Mark From Roots
[118.443s][info][gc,task     ] GC(674) Using 2 workers of 2 for marking
[118.453s][info][gc,marking  ] GC(674) Concurrent Mark From Roots 10.110ms
[118.453s][info][gc,marking  ] GC(674) Concurrent Preclean
[118.453s][info][gc,marking  ] GC(674) Concurrent Preclean 0.126ms
[118.454s][info][gc,start    ] GC(674) Pause Remark
[118.456s][info][gc          ] GC(674) Pause Remark 56M->56M(184M) 2.720ms
[118.456s][info][gc,cpu      ] GC(674) User=0.00s Sys=0.00s Real=0.00s
[118.457s][info][gc,marking  ] GC(674) Concurrent Mark 13.714ms
[118.457s][info][gc,marking  ] GC(674) Concurrent Rebuild Remembered Sets
[118.461s][info][gc,marking  ] GC(674) Concurrent Rebuild Remembered Sets 4.585ms
[118.462s][info][gc,start    ] GC(674) Pause Cleanup
[118.462s][info][gc          ] GC(674) Pause Cleanup 57M->57M(184M) 0.149ms
[118.462s][info][gc,cpu      ] GC(674) User=0.00s Sys=0.00s Real=0.00s
[118.462s][info][gc,marking  ] GC(674) Concurrent Cleanup for Next Mark
[118.462s][info][gc,marking  ] GC(674) Concurrent Cleanup for Next Mark 0.139ms
[118.462s][info][gc          ] GC(674) Concurrent Mark Cycle 20.171ms
[118.998s][info][gc,start    ] GC(675) Pause Young (Prepare Mixed) (G1 Preventive Collection)
[118.998s][info][gc,task     ] GC(675) Using 6 workers of 6 for evacuation
[118.999s][info][gc,phases   ] GC(675)   Pre Evacuate Collection Set: 0.2ms
[118.999s][info][gc,phases   ] GC(675)   Merge Heap Roots: 0.1ms
[118.999s][info][gc,phases   ] GC(675)   Evacuate Collection Set: 0.7ms
[118.999s][info][gc,phases   ] GC(675)   Post Evacuate Collection Set: 0.6ms
[118.999s][info][gc,phases   ] GC(675)   Other: 0.3ms
[118.999s][info][gc,heap     ] GC(675) Eden regions: 65->0(6)
[118.999s][info][gc,heap     ] GC(675) Survivor regions: 1->3(14)
[118.999s][info][gc,heap     ] GC(675) Old regions: 39->39
[118.999s][info][gc,heap     ] GC(675) Archive regions: 0->0
[118.999s][info][gc,heap     ] GC(675) Humongous regions: 76->4
[118.999s][info][gc,metaspace] GC(675) Metaspace: 37283K(37568K)->37283K(37568K) NonClass: 33280K(33408K)->33280K(33408K) Class: 4003K(4160K)->4003K(4160K)
[118.999s][info][gc          ] GC(675) Pause Young (Prepare Mixed) (G1 Preventive Collection) 179M->44M(184M) 1.749ms
[119.000s][info][gc,cpu      ] GC(675) User=0.00s Sys=0.00s Real=0.00s
[119.090s][info][gc,start    ] GC(676) Pause Young (Mixed) (GCLocker Initiated GC)
[119.090s][info][gc,task     ] GC(676) Using 6 workers of 6 for evacuation
[119.092s][info][gc,phases   ] GC(676)   Pre Evacuate Collection Set: 0.1ms
[119.092s][info][gc,phases   ] GC(676)   Merge Heap Roots: 0.1ms
[119.092s][info][gc,phases   ] GC(676)   Evacuate Collection Set: 0.8ms
[119.092s][info][gc,phases   ] GC(676)   Post Evacuate Collection Set: 0.6ms
[119.092s][info][gc,phases   ] GC(676)   Other: 0.4ms
[119.092s][info][gc,heap     ] GC(676) Eden regions: 6->0(109)
[119.092s][info][gc,heap     ] GC(676) Survivor regions: 3->1(2)
[119.092s][info][gc,heap     ] GC(676) Old regions: 39->39
[119.092s][info][gc,heap     ] GC(676) Archive regions: 0->0
[119.092s][info][gc,heap     ] GC(676) Humongous regions: 16->8
[119.092s][info][gc,metaspace] GC(676) Metaspace: 37283K(37568K)->37283K(37568K) NonClass: 33280K(33408K)->33280K(33408K) Class: 4003K(4160K)->4003K(4160K)
[119.092s][info][gc          ] GC(676) Pause Young (Mixed) (GCLocker Initiated GC) 62M->47M(184M) 1.876ms
[119.092s][info][gc,cpu      ] GC(676) User=0.00s Sys=0.00s Real=0.00s
[119.174s][info][gc,start    ] GC(677) Pause Young (Concurrent Start) (G1 Humongous Allocation)
[119.174s][info][gc,task     ] GC(677) Using 6 workers of 6 for evacuation
[119.175s][info][gc,phases   ] GC(677)   Pre Evacuate Collection Set: 0.2ms
[119.175s][info][gc,phases   ] GC(677)   Merge Heap Roots: 0.1ms
[119.175s][info][gc,phases   ] GC(677)   Evacuate Collection Set: 0.7ms
[119.175s][info][gc,phases   ] GC(677)   Post Evacuate Collection Set: 0.6ms
[119.175s][info][gc,phases   ] GC(677)   Other: 0.3ms
[119.175s][info][gc,heap     ] GC(677) Eden regions: 8->0(109)
[119.175s][info][gc,heap     ] GC(677) Survivor regions: 1->1(14)
[119.175s][info][gc,heap     ] GC(677) Old regions: 39->39
[119.175s][info][gc,heap     ] GC(677) Archive regions: 0->0
[119.175s][info][gc,heap     ] GC(677) Humongous regions: 8->4
[119.175s][info][gc,metaspace] GC(677) Metaspace: 37283K(37568K)->37283K(37568K) NonClass: 33280K(33408K)->33280K(33408K) Class: 4003K(4160K)->4003K(4160K)
[119.175s][info][gc          ] GC(677) Pause Young (Concurrent Start) (G1 Humongous Allocation) 55M->43M(184M) 1.834ms
[119.175s][info][gc,cpu      ] GC(677) User=0.00s Sys=0.00s Real=0.00s
[119.176s][info][gc          ] GC(678) Concurrent Mark Cycle
[119.176s][info][gc,marking  ] GC(678) Concurrent Clear Claimed Marks
[119.176s][info][gc,marking  ] GC(678) Concurrent Clear Claimed Marks 0.019ms
[119.176s][info][gc,marking  ] GC(678) Concurrent Scan Root Regions
[119.176s][info][gc,marking  ] GC(678) Concurrent Scan Root Regions 0.566ms
[119.176s][info][gc,marking  ] GC(678) Concurrent Mark
[119.176s][info][gc,marking  ] GC(678) Concurrent Mark From Roots
[119.176s][info][gc,task     ] GC(678) Using 2 workers of 2 for marking
[119.187s][info][gc,marking  ] GC(678) Concurrent Mark From Roots 10.381ms
[119.187s][info][gc,marking  ] GC(678) Concurrent Preclean
[119.187s][info][gc,marking  ] GC(678) Concurrent Preclean 0.173ms
[119.187s][info][gc,start    ] GC(678) Pause Remark
[119.189s][info][gc          ] GC(678) Pause Remark 56M->56M(184M) 2.289ms
[119.190s][info][gc,cpu      ] GC(678) User=0.00s Sys=0.00s Real=0.00s
[119.190s][info][gc,marking  ] GC(678) Concurrent Mark 13.485ms
[119.190s][info][gc,marking  ] GC(678) Concurrent Rebuild Remembered Sets
[119.195s][info][gc,marking  ] GC(678) Concurrent Rebuild Remembered Sets 5.238ms
[119.195s][info][gc,start    ] GC(678) Pause Cleanup
[119.195s][info][gc          ] GC(678) Pause Cleanup 56M->56M(184M) 0.100ms
[119.196s][info][gc,cpu      ] GC(678) User=0.00s Sys=0.00s Real=0.00s
[119.196s][info][gc,marking  ] GC(678) Concurrent Cleanup for Next Mark
[119.197s][info][gc,marking  ] GC(678) Concurrent Cleanup for Next Mark 0.145ms
[119.197s][info][gc          ] GC(678) Concurrent Mark Cycle 21.019ms
[119.764s][info][gc,start    ] GC(679) Pause Young (Prepare Mixed) (G1 Preventive Collection)
[119.764s][info][gc,task     ] GC(679) Using 6 workers of 6 for evacuation
[119.766s][info][gc,phases   ] GC(679)   Pre Evacuate Collection Set: 0.2ms
[119.766s][info][gc,phases   ] GC(679)   Merge Heap Roots: 0.1ms
[119.766s][info][gc,phases   ] GC(679)   Evacuate Collection Set: 1.1ms
[119.766s][info][gc,phases   ] GC(679)   Post Evacuate Collection Set: 0.6ms
[119.766s][info][gc,phases   ] GC(679)   Other: 0.3ms
[119.766s][info][gc,heap     ] GC(679) Eden regions: 65->0(8)
[119.766s][info][gc,heap     ] GC(679) Survivor regions: 1->1(14)
[119.766s][info][gc,heap     ] GC(679) Old regions: 39->39
[119.766s][info][gc,heap     ] GC(679) Archive regions: 0->0
[119.766s][info][gc,heap     ] GC(679) Humongous regions: 76->8
[119.766s][info][gc,metaspace] GC(679) Metaspace: 37283K(37568K)->37283K(37568K) NonClass: 33280K(33408K)->33280K(33408K) Class: 4003K(4160K)->4003K(4160K)
[119.766s][info][gc          ] GC(679) Pause Young (Prepare Mixed) (G1 Preventive Collection) 180M->47M(184M) 2.264ms
[119.766s][info][gc,cpu      ] GC(679) User=0.00s Sys=0.00s Real=0.00s
[119.866s][info][gc,start    ] GC(680) Pause Young (Mixed) (G1 Evacuation Pause)
[119.866s][info][gc,task     ] GC(680) Using 6 workers of 6 for evacuation
[119.867s][info][gc,phases   ] GC(680)   Pre Evacuate Collection Set: 0.2ms
[119.867s][info][gc,phases   ] GC(680)   Merge Heap Roots: 0.1ms
[119.867s][info][gc,phases   ] GC(680)   Evacuate Collection Set: 0.6ms
[119.867s][info][gc,phases   ] GC(680)   Post Evacuate Collection Set: 0.7ms
[119.867s][info][gc,phases   ] GC(680)   Other: 0.3ms
[119.867s][info][gc,heap     ] GC(680) Eden regions: 8->0(109)
[119.867s][info][gc,heap     ] GC(680) Survivor regions: 1->1(2)
[119.867s][info][gc,heap     ] GC(680) Old regions: 39->39
[119.867s][info][gc,heap     ] GC(680) Archive regions: 0->0
[119.867s][info][gc,heap     ] GC(680) Humongous regions: 20->8
[119.867s][info][gc,metaspace] GC(680) Metaspace: 37283K(37568K)->37283K(37568K) NonClass: 33280K(33408K)->33280K(33408K) Class: 4003K(4160K)->4003K(4160K)
[119.867s][info][gc          ] GC(680) Pause Young (Mixed) (G1 Evacuation Pause) 67M->47M(184M) 1.765ms
[119.867s][info][gc,cpu      ] GC(680) User=0.00s Sys=0.00s Real=0.00s
[119.951s][info][gc,start    ] GC(681) Pause Young (Concurrent Start) (G1 Humongous Allocation)
[119.951s][info][gc,task     ] GC(681) Using 6 workers of 6 for evacuation
[119.953s][info][gc,phases   ] GC(681)   Pre Evacuate Collection Set: 0.2ms
[119.953s][info][gc,phases   ] GC(681)   Merge Heap Roots: 0.1ms
[119.953s][info][gc,phases   ] GC(681)   Evacuate Collection Set: 0.8ms
[119.953s][info][gc,phases   ] GC(681)   Post Evacuate Collection Set: 0.8ms
[119.953s][info][gc,phases   ] GC(681)   Other: 0.4ms
[119.953s][info][gc,heap     ] GC(681) Eden regions: 12->0(109)
[119.953s][info][gc,heap     ] GC(681) Survivor regions: 1->1(14)
[119.953s][info][gc,heap     ] GC(681) Old regions: 39->39
[119.953s][info][gc,heap     ] GC(681) Archive regions: 0->0
[119.953s][info][gc,heap     ] GC(681) Humongous regions: 8->4
[119.953s][info][gc,metaspace] GC(681) Metaspace: 37283K(37568K)->37283K(37568K) NonClass: 33280K(33408K)->33280K(33408K) Class: 4003K(4160K)->4003K(4160K)
[119.953s][info][gc          ] GC(681) Pause Young (Concurrent Start) (G1 Humongous Allocation) 58M->43M(184M) 2.370ms
[119.953s][info][gc,cpu      ] GC(681) User=0.00s Sys=0.00s Real=0.00s
[119.953s][info][gc          ] GC(682) Concurrent Undo Cycle
[119.953s][info][gc,marking  ] GC(682) Concurrent Cleanup for Next Mark
[119.954s][info][gc,marking  ] GC(682) Concurrent Cleanup for Next Mark 0.440ms
[119.954s][info][gc          ] GC(682) Concurrent Undo Cycle 0.515ms
[119.956s][info][gc,start    ] GC(683) Pause Young (Concurrent Start) (G1 Humongous Allocation)
[119.956s][info][gc,task     ] GC(683) Using 6 workers of 6 for evacuation
[119.958s][info][gc,phases   ] GC(683)   Pre Evacuate Collection Set: 0.2ms
[119.958s][info][gc,phases   ] GC(683)   Merge Heap Roots: 0.1ms
[119.958s][info][gc,phases   ] GC(683)   Evacuate Collection Set: 0.9ms
[119.958s][info][gc,phases   ] GC(683)   Post Evacuate Collection Set: 0.8ms
[119.958s][info][gc,phases   ] GC(683)   Other: 0.3ms
[119.958s][info][gc,heap     ] GC(683) Eden regions: 1->0(109)
[119.958s][info][gc,heap     ] GC(683) Survivor regions: 1->1(14)
[119.958s][info][gc,heap     ] GC(683) Old regions: 39->39
[119.958s][info][gc,heap     ] GC(683) Archive regions: 0->0
[119.958s][info][gc,heap     ] GC(683) Humongous regions: 8->8
[119.958s][info][gc,metaspace] GC(683) Metaspace: 37283K(37568K)->37283K(37568K) NonClass: 33280K(33408K)->33280K(33408K) Class: 4003K(4160K)->4003K(4160K)
[119.958s][info][gc          ] GC(683) Pause Young (Concurrent Start) (G1 Humongous Allocation) 47M->47M(184M) 2.218ms
[119.958s][info][gc,cpu      ] GC(683) User=0.00s Sys=0.00s Real=0.00s
[119.959s][info][gc          ] GC(684) Concurrent Mark Cycle
[119.959s][info][gc,marking  ] GC(684) Concurrent Clear Claimed Marks
[119.959s][info][gc,marking  ] GC(684) Concurrent Clear Claimed Marks 0.023ms
[119.959s][info][gc,marking  ] GC(684) Concurrent Scan Root Regions
[119.959s][info][gc,marking  ] GC(684) Concurrent Scan Root Regions 0.669ms
[119.959s][info][gc,marking  ] GC(684) Concurrent Mark
[119.959s][info][gc,marking  ] GC(684) Concurrent Mark From Roots
[119.959s][info][gc,task     ] GC(684) Using 2 workers of 2 for marking
[119.969s][info][gc,marking  ] GC(684) Concurrent Mark From Roots 9.473ms
[119.969s][info][gc,marking  ] GC(684) Concurrent Preclean
[119.969s][info][gc,marking  ] GC(684) Concurrent Preclean 0.112ms
[119.969s][info][gc,start    ] GC(684) Pause Remark
[119.974s][info][gc          ] GC(684) Pause Remark 57M->57M(184M) 4.676ms
[119.974s][info][gc,cpu      ] GC(684) User=0.00s Sys=0.00s Real=0.00s
[119.974s][info][gc,marking  ] GC(684) Concurrent Mark 14.969ms
[119.974s][info][gc,marking  ] GC(684) Concurrent Rebuild Remembered Sets
[119.979s][info][gc,marking  ] GC(684) Concurrent Rebuild Remembered Sets 4.520ms
[119.979s][info][gc,start    ] GC(684) Pause Cleanup
[119.979s][info][gc          ] GC(684) Pause Cleanup 57M->57M(184M) 0.143ms
[119.979s][info][gc,cpu      ] GC(684) User=0.00s Sys=0.00s Real=0.00s
[119.980s][info][gc,marking  ] GC(684) Concurrent Cleanup for Next Mark
[119.980s][info][gc,marking  ] GC(684) Concurrent Cleanup for Next Mark 0.159ms
[119.980s][info][gc          ] GC(684) Concurrent Mark Cycle 21.170ms
[120.488s][info][gc,start    ] GC(685) Pause Young (Prepare Mixed) (G1 Preventive Collection)
[120.488s][info][gc,task     ] GC(685) Using 6 workers of 6 for evacuation
[120.490s][info][gc,phases   ] GC(685)   Pre Evacuate Collection Set: 0.2ms
[120.490s][info][gc,phases   ] GC(685)   Merge Heap Roots: 0.1ms
[120.490s][info][gc,phases   ] GC(685)   Evacuate Collection Set: 0.7ms
[120.490s][info][gc,phases   ] GC(685)   Post Evacuate Collection Set: 0.7ms
[120.490s][info][gc,phases   ] GC(685)   Other: 0.3ms
[120.490s][info][gc,heap     ] GC(685) Eden regions: 66->0(7)
[120.490s][info][gc,heap     ] GC(685) Survivor regions: 1->2(14)
[120.490s][info][gc,heap     ] GC(685) Old regions: 39->39
[120.490s][info][gc,heap     ] GC(685) Archive regions: 0->0
[120.490s][info][gc,heap     ] GC(685) Humongous regions: 76->4
[120.490s][info][gc,metaspace] GC(685) Metaspace: 37284K(37568K)->37284K(37568K) NonClass: 33280K(33408K)->33280K(33408K) Class: 4003K(4160K)->4003K(4160K)
[120.490s][info][gc          ] GC(685) Pause Young (Prepare Mixed) (G1 Preventive Collection) 181M->44M(184M) 1.908ms
[120.490s][info][gc,cpu      ] GC(685) User=0.02s Sys=0.00s Real=0.00s
[120.581s][info][gc,start    ] GC(686) Pause Young (Mixed) (G1 Evacuation Pause)
[120.581s][info][gc,task     ] GC(686) Using 6 workers of 6 for evacuation
[120.584s][info][gc,phases   ] GC(686)   Pre Evacuate Collection Set: 0.2ms
[120.584s][info][gc,phases   ] GC(686)   Merge Heap Roots: 0.2ms
[120.584s][info][gc,phases   ] GC(686)   Evacuate Collection Set: 0.9ms
[120.584s][info][gc,phases   ] GC(686)   Post Evacuate Collection Set: 0.8ms
[120.584s][info][gc,phases   ] GC(686)   Other: 0.4ms
[120.584s][info][gc,heap     ] GC(686) Eden regions: 7->0(109)
[120.584s][info][gc,heap     ] GC(686) Survivor regions: 2->1(2)
[120.584s][info][gc,heap     ] GC(686) Old regions: 39->39
[120.584s][info][gc,heap     ] GC(686) Archive regions: 0->0
[120.584s][info][gc,heap     ] GC(686) Humongous regions: 16->8
[120.584s][info][gc,metaspace] GC(686) Metaspace: 37284K(37568K)->37284K(37568K) NonClass: 33280K(33408K)->33280K(33408K) Class: 4003K(4160K)->4003K(4160K)
[120.584s][info][gc          ] GC(686) Pause Young (Mixed) (G1 Evacuation Pause) 63M->47M(184M) 2.457ms
[120.584s][info][gc,cpu      ] GC(686) User=0.03s Sys=0.00s Real=0.00s
[120.669s][info][gc,start    ] GC(687) Pause Young (Concurrent Start) (G1 Humongous Allocation)
[120.669s][info][gc,task     ] GC(687) Using 6 workers of 6 for evacuation
[120.671s][info][gc,phases   ] GC(687)   Pre Evacuate Collection Set: 0.2ms
[120.671s][info][gc,phases   ] GC(687)   Merge Heap Roots: 0.1ms
[120.671s][info][gc,phases   ] GC(687)   Evacuate Collection Set: 0.8ms
[120.671s][info][gc,phases   ] GC(687)   Post Evacuate Collection Set: 0.6ms
[120.671s][info][gc,phases   ] GC(687)   Other: 0.3ms
[120.671s][info][gc,heap     ] GC(687) Eden regions: 11->0(109)
[120.671s][info][gc,heap     ] GC(687) Survivor regions: 1->1(14)
[120.671s][info][gc,heap     ] GC(687) Old regions: 39->39
[120.671s][info][gc,heap     ] GC(687) Archive regions: 0->0
[120.671s][info][gc,heap     ] GC(687) Humongous regions: 8->4
[120.671s][info][gc,metaspace] GC(687) Metaspace: 37284K(37568K)->37284K(37568K) NonClass: 33280K(33408K)->33280K(33408K) Class: 4003K(4160K)->4003K(4160K)
[120.671s][info][gc          ] GC(687) Pause Young (Concurrent Start) (G1 Humongous Allocation) 57M->43M(184M) 1.980ms
[120.671s][info][gc,cpu      ] GC(687) User=0.00s Sys=0.00s Real=0.00s
[120.671s][info][gc          ] GC(688) Concurrent Mark Cycle
[120.671s][info][gc,marking  ] GC(688) Concurrent Clear Claimed Marks
[120.671s][info][gc,marking  ] GC(688) Concurrent Clear Claimed Marks 0.016ms
[120.671s][info][gc,marking  ] GC(688) Concurrent Scan Root Regions
[120.671s][info][gc,marking  ] GC(688) Concurrent Scan Root Regions 0.575ms
[120.671s][info][gc,marking  ] GC(688) Concurrent Mark
[120.671s][info][gc,marking  ] GC(688) Concurrent Mark From Roots
[120.671s][info][gc,task     ] GC(688) Using 2 workers of 2 for marking
[120.682s][info][gc,marking  ] GC(688) Concurrent Mark From Roots 10.674ms
[120.682s][info][gc,marking  ] GC(688) Concurrent Preclean
[120.682s][info][gc,marking  ] GC(688) Concurrent Preclean 0.122ms
[120.683s][info][gc,start    ] GC(688) Pause Remark
[120.685s][info][gc          ] GC(688) Pause Remark 56M->56M(184M) 2.434ms
[120.685s][info][gc,cpu      ] GC(688) User=0.00s Sys=0.00s Real=0.00s
[120.686s][info][gc,marking  ] GC(688) Concurrent Mark 14.090ms
[120.686s][info][gc,marking  ] GC(688) Concurrent Rebuild Remembered Sets
[120.690s][info][gc,marking  ] GC(688) Concurrent Rebuild Remembered Sets 4.846ms
[120.691s][info][gc,start    ] GC(688) Pause Cleanup
[120.691s][info][gc          ] GC(688) Pause Cleanup 57M->57M(184M) 0.102ms
[120.691s][info][gc,cpu      ] GC(688) User=0.00s Sys=0.00s Real=0.00s
[120.691s][info][gc,marking  ] GC(688) Concurrent Cleanup for Next Mark
[120.691s][info][gc,marking  ] GC(688) Concurrent Cleanup for Next Mark 0.110ms
[120.691s][info][gc          ] GC(688) Concurrent Mark Cycle 20.544ms
[121.244s][info][gc,start    ] GC(689) Pause Young (Prepare Mixed) (G1 Preventive Collection)
[121.244s][info][gc,task     ] GC(689) Using 6 workers of 6 for evacuation
[121.246s][info][gc,phases   ] GC(689)   Pre Evacuate Collection Set: 0.2ms
[121.246s][info][gc,phases   ] GC(689)   Merge Heap Roots: 0.2ms
[121.246s][info][gc,phases   ] GC(689)   Evacuate Collection Set: 1.0ms
[121.246s][info][gc,phases   ] GC(689)   Post Evacuate Collection Set: 0.8ms
[121.246s][info][gc,phases   ] GC(689)   Other: 0.3ms
[121.246s][info][gc,heap     ] GC(689) Eden regions: 66->0(7)
[121.246s][info][gc,heap     ] GC(689) Survivor regions: 1->2(14)
[121.246s][info][gc,heap     ] GC(689) Old regions: 39->39
[121.246s][info][gc,heap     ] GC(689) Archive regions: 0->0
[121.246s][info][gc,heap     ] GC(689) Humongous regions: 76->8
[121.246s][info][gc,metaspace] GC(689) Metaspace: 37284K(37568K)->37284K(37568K) NonClass: 33280K(33408K)->33280K(33408K) Class: 4003K(4160K)->4003K(4160K)
[121.246s][info][gc          ] GC(689) Pause Young (Prepare Mixed) (G1 Preventive Collection) 181M->47M(184M) 2.336ms
[121.246s][info][gc,cpu      ] GC(689) User=0.00s Sys=0.00s Real=0.00s
[121.341s][info][gc,start    ] GC(690) Pause Young (Mixed) (G1 Evacuation Pause)
[121.341s][info][gc,task     ] GC(690) Using 6 workers of 6 for evacuation
[121.343s][info][gc,phases   ] GC(690)   Pre Evacuate Collection Set: 0.2ms
[121.343s][info][gc,phases   ] GC(690)   Merge Heap Roots: 0.0ms
[121.343s][info][gc,phases   ] GC(690)   Evacuate Collection Set: 0.9ms
[121.343s][info][gc,phases   ] GC(690)   Post Evacuate Collection Set: 0.6ms
[121.343s][info][gc,phases   ] GC(690)   Other: 0.4ms
[121.343s][info][gc,heap     ] GC(690) Eden regions: 7->0(109)
[121.343s][info][gc,heap     ] GC(690) Survivor regions: 2->1(2)
[121.343s][info][gc,heap     ] GC(690) Old regions: 39->39
[121.343s][info][gc,heap     ] GC(690) Archive regions: 0->0
[121.343s][info][gc,heap     ] GC(690) Humongous regions: 20->8
[121.343s][info][gc,metaspace] GC(690) Metaspace: 37284K(37568K)->37284K(37568K) NonClass: 33280K(33408K)->33280K(33408K) Class: 4003K(4160K)->4003K(4160K)
[121.343s][info][gc          ] GC(690) Pause Young (Mixed) (G1 Evacuation Pause) 66M->46M(184M) 2.079ms
[121.343s][info][gc,cpu      ] GC(690) User=0.00s Sys=0.00s Real=0.00s
[121.427s][info][gc,start    ] GC(691) Pause Young (Concurrent Start) (G1 Humongous Allocation)
[121.427s][info][gc,task     ] GC(691) Using 6 workers of 6 for evacuation
[121.429s][info][gc,phases   ] GC(691)   Pre Evacuate Collection Set: 0.1ms
[121.429s][info][gc,phases   ] GC(691)   Merge Heap Roots: 0.1ms
[121.429s][info][gc,phases   ] GC(691)   Evacuate Collection Set: 0.8ms
[121.429s][info][gc,phases   ] GC(691)   Post Evacuate Collection Set: 0.5ms
[121.429s][info][gc,phases   ] GC(691)   Other: 0.3ms
[121.429s][info][gc,heap     ] GC(691) Eden regions: 11->0(109)
[121.429s][info][gc,heap     ] GC(691) Survivor regions: 1->1(14)
[121.429s][info][gc,heap     ] GC(691) Old regions: 39->39
[121.429s][info][gc,heap     ] GC(691) Archive regions: 0->0
[121.429s][info][gc,heap     ] GC(691) Humongous regions: 8->4
[121.429s][info][gc,metaspace] GC(691) Metaspace: 37284K(37568K)->37284K(37568K) NonClass: 33280K(33408K)->33280K(33408K) Class: 4003K(4160K)->4003K(4160K)
[121.429s][info][gc          ] GC(691) Pause Young (Concurrent Start) (G1 Humongous Allocation) 57M->43M(184M) 1.775ms
[121.429s][info][gc,cpu      ] GC(691) User=0.00s Sys=0.00s Real=0.00s
[121.429s][info][gc          ] GC(692) Concurrent Mark Cycle
[121.429s][info][gc,marking  ] GC(692) Concurrent Clear Claimed Marks
[121.429s][info][gc,marking  ] GC(692) Concurrent Clear Claimed Marks 0.026ms
[121.429s][info][gc,marking  ] GC(692) Concurrent Scan Root Regions
[121.430s][info][gc,marking  ] GC(692) Concurrent Scan Root Regions 0.641ms
[121.430s][info][gc,marking  ] GC(692) Concurrent Mark
[121.430s][info][gc,marking  ] GC(692) Concurrent Mark From Roots
[121.430s][info][gc,task     ] GC(692) Using 2 workers of 2 for marking
[121.440s][info][gc,marking  ] GC(692) Concurrent Mark From Roots 10.208ms
[121.440s][info][gc,marking  ] GC(692) Concurrent Preclean
[121.441s][info][gc,marking  ] GC(692) Concurrent Preclean 0.303ms
[121.441s][info][gc,start    ] GC(692) Pause Remark
[121.445s][info][gc          ] GC(692) Pause Remark 57M->57M(184M) 4.259ms
[121.445s][info][gc,cpu      ] GC(692) User=0.08s Sys=0.00s Real=0.00s
[121.446s][info][gc,marking  ] GC(692) Concurrent Mark 15.552ms
[121.446s][info][gc,marking  ] GC(692) Concurrent Rebuild Remembered Sets
[121.451s][info][gc,marking  ] GC(692) Concurrent Rebuild Remembered Sets 4.959ms
[121.451s][info][gc,start    ] GC(692) Pause Cleanup
[121.451s][info][gc          ] GC(692) Pause Cleanup 57M->57M(184M) 0.146ms
[121.451s][info][gc,cpu      ] GC(692) User=0.00s Sys=0.00s Real=0.00s
[121.451s][info][gc,marking  ] GC(692) Concurrent Cleanup for Next Mark
[121.451s][info][gc,marking  ] GC(692) Concurrent Cleanup for Next Mark 0.107ms
[121.451s][info][gc          ] GC(692) Concurrent Mark Cycle 22.114ms
[122.024s][info][gc,start    ] GC(693) Pause Young (Prepare Mixed) (G1 Preventive Collection)
[122.024s][info][gc,task     ] GC(693) Using 6 workers of 6 for evacuation
[122.026s][info][gc,phases   ] GC(693)   Pre Evacuate Collection Set: 0.2ms
[122.026s][info][gc,phases   ] GC(693)   Merge Heap Roots: 0.1ms
[122.026s][info][gc,phases   ] GC(693)   Evacuate Collection Set: 0.8ms
[122.026s][info][gc,phases   ] GC(693)   Post Evacuate Collection Set: 0.6ms
[122.026s][info][gc,phases   ] GC(693)   Other: 0.4ms
[122.026s][info][gc,heap     ] GC(693) Eden regions: 66->0(7)
[122.026s][info][gc,heap     ] GC(693) Survivor regions: 1->2(14)
[122.026s][info][gc,heap     ] GC(693) Old regions: 39->39
[122.026s][info][gc,heap     ] GC(693) Archive regions: 0->0
[122.026s][info][gc,heap     ] GC(693) Humongous regions: 76->4
[122.026s][info][gc,metaspace] GC(693) Metaspace: 37285K(37568K)->37285K(37568K) NonClass: 33281K(33408K)->33281K(33408K) Class: 4003K(4160K)->4003K(4160K)
[122.026s][info][gc          ] GC(693) Pause Young (Prepare Mixed) (G1 Preventive Collection) 180M->43M(184M) 2.015ms
[122.026s][info][gc,cpu      ] GC(693) User=0.00s Sys=0.00s Real=0.00s
[122.066s][info][gc,start    ] GC(694) Pause Young (Mixed) (G1 Evacuation Pause)
[122.066s][info][gc,task     ] GC(694) Using 6 workers of 6 for evacuation
[122.067s][info][gc,phases   ] GC(694)   Pre Evacuate Collection Set: 0.1ms
[122.067s][info][gc,phases   ] GC(694)   Merge Heap Roots: 0.1ms
[122.067s][info][gc,phases   ] GC(694)   Evacuate Collection Set: 0.7ms
[122.067s][info][gc,phases   ] GC(694)   Post Evacuate Collection Set: 0.4ms
[122.067s][info][gc,phases   ] GC(694)   Other: 0.3ms
[122.067s][info][gc,heap     ] GC(694) Eden regions: 7->0(109)
[122.067s][info][gc,heap     ] GC(694) Survivor regions: 2->1(2)
[122.067s][info][gc,heap     ] GC(694) Old regions: 39->39
[122.067s][info][gc,heap     ] GC(694) Archive regions: 0->0
[122.067s][info][gc,heap     ] GC(694) Humongous regions: 16->8
[122.067s][info][gc,metaspace] GC(694) Metaspace: 37285K(37568K)->37285K(37568K) NonClass: 33281K(33408K)->33281K(33408K) Class: 4003K(4160K)->4003K(4160K)
[122.067s][info][gc          ] GC(694) Pause Young (Mixed) (G1 Evacuation Pause) 62M->47M(184M) 1.529ms
[122.067s][info][gc,cpu      ] GC(694) User=0.00s Sys=0.00s Real=0.00s
[122.150s][info][gc,start    ] GC(695) Pause Young (Concurrent Start) (G1 Humongous Allocation)
[122.150s][info][gc,task     ] GC(695) Using 6 workers of 6 for evacuation
[122.151s][info][gc,phases   ] GC(695)   Pre Evacuate Collection Set: 0.1ms
[122.151s][info][gc,phases   ] GC(695)   Merge Heap Roots: 0.0ms
[122.151s][info][gc,phases   ] GC(695)   Evacuate Collection Set: 0.7ms
[122.151s][info][gc,phases   ] GC(695)   Post Evacuate Collection Set: 0.4ms
[122.151s][info][gc,phases   ] GC(695)   Other: 0.3ms
[122.151s][info][gc,heap     ] GC(695) Eden regions: 7->0(109)
[122.151s][info][gc,heap     ] GC(695) Survivor regions: 1->1(14)
[122.151s][info][gc,heap     ] GC(695) Old regions: 39->39
[122.151s][info][gc,heap     ] GC(695) Archive regions: 0->0
[122.151s][info][gc,heap     ] GC(695) Humongous regions: 8->4
[122.151s][info][gc,metaspace] GC(695) Metaspace: 37285K(37568K)->37285K(37568K) NonClass: 33281K(33408K)->33281K(33408K) Class: 4003K(4160K)->4003K(4160K)
[122.151s][info][gc          ] GC(695) Pause Young (Concurrent Start) (G1 Humongous Allocation) 53M->43M(184M) 1.524ms
[122.152s][info][gc,cpu      ] GC(695) User=0.00s Sys=0.00s Real=0.00s
[122.152s][info][gc          ] GC(696) Concurrent Mark Cycle
[122.152s][info][gc,marking  ] GC(696) Concurrent Clear Claimed Marks
[122.152s][info][gc,marking  ] GC(696) Concurrent Clear Claimed Marks 0.019ms
[122.152s][info][gc,marking  ] GC(696) Concurrent Scan Root Regions
[122.152s][info][gc,marking  ] GC(696) Concurrent Scan Root Regions 0.508ms
[122.152s][info][gc,marking  ] GC(696) Concurrent Mark
[122.152s][info][gc,marking  ] GC(696) Concurrent Mark From Roots
[122.152s][info][gc,task     ] GC(696) Using 2 workers of 2 for marking
[122.162s][info][gc,marking  ] GC(696) Concurrent Mark From Roots 10.176ms
[122.162s][info][gc,marking  ] GC(696) Concurrent Preclean
[122.163s][info][gc,marking  ] GC(696) Concurrent Preclean 0.153ms
[122.163s][info][gc,start    ] GC(696) Pause Remark
[122.165s][info][gc          ] GC(696) Pause Remark 60M->60M(184M) 2.609ms
[122.166s][info][gc,cpu      ] GC(696) User=0.00s Sys=0.00s Real=0.00s
[122.166s][info][gc,marking  ] GC(696) Concurrent Mark 13.711ms
[122.166s][info][gc,marking  ] GC(696) Concurrent Rebuild Remembered Sets
[122.171s][info][gc,marking  ] GC(696) Concurrent Rebuild Remembered Sets 4.910ms
[122.171s][info][gc,start    ] GC(696) Pause Cleanup
[122.171s][info][gc          ] GC(696) Pause Cleanup 62M->62M(184M) 0.165ms
[122.171s][info][gc,cpu      ] GC(696) User=0.00s Sys=0.00s Real=0.00s
[122.172s][info][gc,marking  ] GC(696) Concurrent Cleanup for Next Mark
[122.172s][info][gc,marking  ] GC(696) Concurrent Cleanup for Next Mark 0.175ms
[122.172s][info][gc          ] GC(696) Concurrent Mark Cycle 20.203ms
[122.704s][info][gc,start    ] GC(697) Pause Young (Prepare Mixed) (G1 Preventive Collection)
[122.704s][info][gc,task     ] GC(697) Using 6 workers of 6 for evacuation
[122.705s][info][gc,phases   ] GC(697)   Pre Evacuate Collection Set: 0.2ms
[122.705s][info][gc,phases   ] GC(697)   Merge Heap Roots: 0.1ms
[122.705s][info][gc,phases   ] GC(697)   Evacuate Collection Set: 0.6ms
[122.705s][info][gc,phases   ] GC(697)   Post Evacuate Collection Set: 0.7ms
[122.705s][info][gc,phases   ] GC(697)   Other: 0.3ms
[122.705s][info][gc,heap     ] GC(697) Eden regions: 66->0(7)
[122.705s][info][gc,heap     ] GC(697) Survivor regions: 1->2(14)
[122.705s][info][gc,heap     ] GC(697) Old regions: 39->39
[122.705s][info][gc,heap     ] GC(697) Archive regions: 0->0
[122.705s][info][gc,heap     ] GC(697) Humongous regions: 76->8
[122.705s][info][gc,metaspace] GC(697) Metaspace: 37302K(37632K)->37302K(37632K) NonClass: 33298K(33472K)->33298K(33472K) Class: 4003K(4160K)->4003K(4160K)
[122.705s][info][gc          ] GC(697) Pause Young (Prepare Mixed) (G1 Preventive Collection) 181M->47M(184M) 1.886ms
[122.706s][info][gc,cpu      ] GC(697) User=0.00s Sys=0.00s Real=0.00s
[122.762s][info][gc,start    ] GC(698) Pause Young (Mixed) (G1 Evacuation Pause)
[122.762s][info][gc,task     ] GC(698) Using 6 workers of 6 for evacuation
[122.764s][info][gc,phases   ] GC(698)   Pre Evacuate Collection Set: 0.2ms
[122.764s][info][gc,phases   ] GC(698)   Merge Heap Roots: 0.1ms
[122.764s][info][gc,phases   ] GC(698)   Evacuate Collection Set: 0.8ms
[122.764s][info][gc,phases   ] GC(698)   Post Evacuate Collection Set: 0.7ms
[122.764s][info][gc,phases   ] GC(698)   Other: 0.3ms
[122.764s][info][gc,heap     ] GC(698) Eden regions: 7->0(109)
[122.764s][info][gc,heap     ] GC(698) Survivor regions: 2->1(2)
[122.764s][info][gc,heap     ] GC(698) Old regions: 39->39
[122.764s][info][gc,heap     ] GC(698) Archive regions: 0->0
[122.764s][info][gc,heap     ] GC(698) Humongous regions: 8->4
[122.764s][info][gc,metaspace] GC(698) Metaspace: 37302K(37632K)->37302K(37632K) NonClass: 33298K(33472K)->33298K(33472K) Class: 4003K(4160K)->4003K(4160K)
[122.764s][info][gc          ] GC(698) Pause Young (Mixed) (G1 Evacuation Pause) 54M->43M(184M) 2.056ms
[122.764s][info][gc,cpu      ] GC(698) User=0.00s Sys=0.00s Real=0.00s
[122.788s][info][gc,start    ] GC(699) Pause Young (Concurrent Start) (G1 Humongous Allocation)
[122.788s][info][gc,task     ] GC(699) Using 6 workers of 6 for evacuation
[122.790s][info][gc,phases   ] GC(699)   Pre Evacuate Collection Set: 0.2ms
[122.790s][info][gc,phases   ] GC(699)   Merge Heap Roots: 0.1ms
[122.790s][info][gc,phases   ] GC(699)   Evacuate Collection Set: 0.8ms
[122.790s][info][gc,phases   ] GC(699)   Post Evacuate Collection Set: 0.4ms
[122.790s][info][gc,phases   ] GC(699)   Other: 0.3ms
[122.790s][info][gc,heap     ] GC(699) Eden regions: 4->0(109)
[122.790s][info][gc,heap     ] GC(699) Survivor regions: 1->1(14)
[122.790s][info][gc,heap     ] GC(699) Old regions: 39->39
[122.790s][info][gc,heap     ] GC(699) Archive regions: 0->0
[122.790s][info][gc,heap     ] GC(699) Humongous regions: 4->4
[122.790s][info][gc,metaspace] GC(699) Metaspace: 37302K(37632K)->37302K(37632K) NonClass: 33298K(33472K)->33298K(33472K) Class: 4003K(4160K)->4003K(4160K)
[122.790s][info][gc          ] GC(699) Pause Young (Concurrent Start) (G1 Humongous Allocation) 47M->43M(184M) 1.749ms
[122.790s][info][gc,cpu      ] GC(699) User=0.00s Sys=0.00s Real=0.00s
[122.790s][info][gc          ] GC(700) Concurrent Mark Cycle
[122.790s][info][gc,marking  ] GC(700) Concurrent Clear Claimed Marks
[122.790s][info][gc,marking  ] GC(700) Concurrent Clear Claimed Marks 0.024ms
[122.790s][info][gc,marking  ] GC(700) Concurrent Scan Root Regions
[122.791s][info][gc,marking  ] GC(700) Concurrent Scan Root Regions 0.675ms
[122.791s][info][gc,marking  ] GC(700) Concurrent Mark
[122.791s][info][gc,marking  ] GC(700) Concurrent Mark From Roots
[122.791s][info][gc,task     ] GC(700) Using 2 workers of 2 for marking
[122.801s][info][gc,marking  ] GC(700) Concurrent Mark From Roots 10.470ms
[122.801s][info][gc,marking  ] GC(700) Concurrent Preclean
[122.801s][info][gc,marking  ] GC(700) Concurrent Preclean 0.137ms
[122.802s][info][gc,start    ] GC(700) Pause Remark
[122.804s][info][gc          ] GC(700) Pause Remark 57M->57M(184M) 2.263ms
[122.804s][info][gc,cpu      ] GC(700) User=0.00s Sys=0.00s Real=0.00s
[122.804s][info][gc,marking  ] GC(700) Concurrent Mark 13.528ms
[122.804s][info][gc,marking  ] GC(700) Concurrent Rebuild Remembered Sets
[122.809s][info][gc,marking  ] GC(700) Concurrent Rebuild Remembered Sets 4.871ms
[122.810s][info][gc,start    ] GC(700) Pause Cleanup
[122.810s][info][gc          ] GC(700) Pause Cleanup 57M->57M(184M) 0.196ms
[122.810s][info][gc,cpu      ] GC(700) User=0.00s Sys=0.00s Real=0.00s
[122.810s][info][gc,marking  ] GC(700) Concurrent Cleanup for Next Mark
[122.810s][info][gc,marking  ] GC(700) Concurrent Cleanup for Next Mark 0.162ms
[122.810s][info][gc          ] GC(700) Concurrent Mark Cycle 20.225ms
[123.374s][info][gc,start    ] GC(701) Pause Young (Prepare Mixed) (G1 Preventive Collection)
[123.374s][info][gc,task     ] GC(701) Using 6 workers of 6 for evacuation
[123.375s][info][gc,phases   ] GC(701)   Pre Evacuate Collection Set: 0.2ms
[123.375s][info][gc,phases   ] GC(701)   Merge Heap Roots: 0.1ms
[123.375s][info][gc,phases   ] GC(701)   Evacuate Collection Set: 0.7ms
[123.375s][info][gc,phases   ] GC(701)   Post Evacuate Collection Set: 0.5ms
[123.375s][info][gc,phases   ] GC(701)   Other: 0.3ms
[123.375s][info][gc,heap     ] GC(701) Eden regions: 66->0(7)
[123.376s][info][gc,heap     ] GC(701) Survivor regions: 1->2(14)
[123.376s][info][gc,heap     ] GC(701) Old regions: 39->39
[123.376s][info][gc,heap     ] GC(701) Archive regions: 0->0
[123.376s][info][gc,heap     ] GC(701) Humongous regions: 76->4
[123.376s][info][gc,metaspace] GC(701) Metaspace: 37302K(37632K)->37302K(37632K) NonClass: 33298K(33472K)->33298K(33472K) Class: 4003K(4160K)->4003K(4160K)
[123.376s][info][gc          ] GC(701) Pause Young (Prepare Mixed) (G1 Preventive Collection) 180M->44M(184M) 1.699ms
[123.376s][info][gc,cpu      ] GC(701) User=0.00s Sys=0.00s Real=0.00s
[123.442s][info][gc,start    ] GC(702) Pause Young (Mixed) (G1 Evacuation Pause)
[123.442s][info][gc,task     ] GC(702) Using 6 workers of 6 for evacuation
[123.444s][info][gc,phases   ] GC(702)   Pre Evacuate Collection Set: 0.2ms
[123.444s][info][gc,phases   ] GC(702)   Merge Heap Roots: 0.1ms
[123.444s][info][gc,phases   ] GC(702)   Evacuate Collection Set: 0.9ms
[123.444s][info][gc,phases   ] GC(702)   Post Evacuate Collection Set: 0.5ms
[123.444s][info][gc,phases   ] GC(702)   Other: 0.3ms
[123.444s][info][gc,heap     ] GC(702) Eden regions: 7->0(109)
[123.444s][info][gc,heap     ] GC(702) Survivor regions: 2->1(2)
[123.444s][info][gc,heap     ] GC(702) Old regions: 39->40
[123.444s][info][gc,heap     ] GC(702) Archive regions: 0->0
[123.444s][info][gc,heap     ] GC(702) Humongous regions: 16->8
[123.444s][info][gc,metaspace] GC(702) Metaspace: 37302K(37632K)->37302K(37632K) NonClass: 33298K(33472K)->33298K(33472K) Class: 4003K(4160K)->4003K(4160K)
[123.444s][info][gc          ] GC(702) Pause Young (Mixed) (G1 Evacuation Pause) 63M->47M(184M) 2.023ms
[123.444s][info][gc,cpu      ] GC(702) User=0.06s Sys=0.00s Real=0.00s
[123.527s][info][gc,start    ] GC(703) Pause Young (Concurrent Start) (G1 Humongous Allocation)
[123.527s][info][gc,task     ] GC(703) Using 6 workers of 6 for evacuation
[123.528s][info][gc,phases   ] GC(703)   Pre Evacuate Collection Set: 0.2ms
[123.528s][info][gc,phases   ] GC(703)   Merge Heap Roots: 0.1ms
[123.528s][info][gc,phases   ] GC(703)   Evacuate Collection Set: 0.8ms
[123.528s][info][gc,phases   ] GC(703)   Post Evacuate Collection Set: 0.5ms
[123.528s][info][gc,phases   ] GC(703)   Other: 0.3ms
[123.528s][info][gc,heap     ] GC(703) Eden regions: 11->0(109)
[123.528s][info][gc,heap     ] GC(703) Survivor regions: 1->1(14)
[123.528s][info][gc,heap     ] GC(703) Old regions: 40->40
[123.529s][info][gc,heap     ] GC(703) Archive regions: 0->0
[123.529s][info][gc,heap     ] GC(703) Humongous regions: 8->4
[123.529s][info][gc,metaspace] GC(703) Metaspace: 37302K(37632K)->37302K(37632K) NonClass: 33299K(33472K)->33299K(33472K) Class: 4003K(4160K)->4003K(4160K)
[123.529s][info][gc          ] GC(703) Pause Young (Concurrent Start) (G1 Humongous Allocation) 58M->43M(184M) 1.946ms
[123.529s][info][gc,cpu      ] GC(703) User=0.00s Sys=0.00s Real=0.00s
[123.529s][info][gc          ] GC(704) Concurrent Mark Cycle
[123.529s][info][gc,marking  ] GC(704) Concurrent Clear Claimed Marks
[123.529s][info][gc,marking  ] GC(704) Concurrent Clear Claimed Marks 0.027ms
[123.529s][info][gc,marking  ] GC(704) Concurrent Scan Root Regions
[123.529s][info][gc,marking  ] GC(704) Concurrent Scan Root Regions 0.645ms
[123.529s][info][gc,marking  ] GC(704) Concurrent Mark
[123.530s][info][gc,marking  ] GC(704) Concurrent Mark From Roots
[123.530s][info][gc,task     ] GC(704) Using 2 workers of 2 for marking
[123.540s][info][gc,marking  ] GC(704) Concurrent Mark From Roots 10.720ms
[123.540s][info][gc,marking  ] GC(704) Concurrent Preclean
[123.541s][info][gc,marking  ] GC(704) Concurrent Preclean 0.303ms
[123.541s][info][gc,start    ] GC(704) Pause Remark
[123.544s][info][gc          ] GC(704) Pause Remark 57M->57M(184M) 2.735ms
[123.544s][info][gc,cpu      ] GC(704) User=0.00s Sys=0.00s Real=0.00s
[123.544s][info][gc,marking  ] GC(704) Concurrent Mark 14.460ms
[123.544s][info][gc,marking  ] GC(704) Concurrent Rebuild Remembered Sets
[123.549s][info][gc,marking  ] GC(704) Concurrent Rebuild Remembered Sets 4.883ms
[123.549s][info][gc,start    ] GC(704) Pause Cleanup
[123.549s][info][gc          ] GC(704) Pause Cleanup 57M->57M(184M) 0.150ms
[123.549s][info][gc,cpu      ] GC(704) User=0.00s Sys=0.00s Real=0.00s
[123.550s][info][gc,marking  ] GC(704) Concurrent Cleanup for Next Mark
[123.550s][info][gc,marking  ] GC(704) Concurrent Cleanup for Next Mark 0.156ms
[123.550s][info][gc          ] GC(704) Concurrent Mark Cycle 21.051ms
[124.095s][info][gc,start    ] GC(705) Pause Young (Prepare Mixed) (G1 Preventive Collection)
[124.095s][info][gc,task     ] GC(705) Using 6 workers of 6 for evacuation
[124.097s][info][gc,phases   ] GC(705)   Pre Evacuate Collection Set: 0.2ms
[124.097s][info][gc,phases   ] GC(705)   Merge Heap Roots: 0.1ms
[124.097s][info][gc,phases   ] GC(705)   Evacuate Collection Set: 0.7ms
[124.097s][info][gc,phases   ] GC(705)   Post Evacuate Collection Set: 0.7ms
[124.097s][info][gc,phases   ] GC(705)   Other: 0.6ms
[124.097s][info][gc,heap     ] GC(705) Eden regions: 65->0(7)
[124.097s][info][gc,heap     ] GC(705) Survivor regions: 1->2(14)
[124.097s][info][gc,heap     ] GC(705) Old regions: 40->40
[124.097s][info][gc,heap     ] GC(705) Archive regions: 0->0
[124.097s][info][gc,heap     ] GC(705) Humongous regions: 76->4
[124.097s][info][gc,metaspace] GC(705) Metaspace: 37302K(37632K)->37302K(37632K) NonClass: 33299K(33472K)->33299K(33472K) Class: 4003K(4160K)->4003K(4160K)
[124.097s][info][gc          ] GC(705) Pause Young (Prepare Mixed) (G1 Preventive Collection) 180M->45M(184M) 2.113ms
[124.098s][info][gc,cpu      ] GC(705) User=0.00s Sys=0.00s Real=0.00s
[124.183s][info][gc,start    ] GC(706) Pause Young (Mixed) (G1 Evacuation Pause)
[124.184s][info][gc,task     ] GC(706) Using 6 workers of 6 for evacuation
[124.185s][info][gc,phases   ] GC(706)   Pre Evacuate Collection Set: 0.1ms
[124.185s][info][gc,phases   ] GC(706)   Merge Heap Roots: 0.0ms
[124.185s][info][gc,phases   ] GC(706)   Evacuate Collection Set: 0.5ms
[124.185s][info][gc,phases   ] GC(706)   Post Evacuate Collection Set: 0.5ms
[124.185s][info][gc,phases   ] GC(706)   Other: 0.3ms
[124.185s][info][gc,heap     ] GC(706) Eden regions: 7->0(109)
[124.185s][info][gc,heap     ] GC(706) Survivor regions: 2->1(2)
[124.185s][info][gc,heap     ] GC(706) Old regions: 40->40
[124.185s][info][gc,heap     ] GC(706) Archive regions: 0->0
[124.185s][info][gc,heap     ] GC(706) Humongous regions: 16->8
[124.185s][info][gc,metaspace] GC(706) Metaspace: 37302K(37632K)->37302K(37632K) NonClass: 33299K(33472K)->33299K(33472K) Class: 4003K(4160K)->4003K(4160K)
[124.185s][info][gc          ] GC(706) Pause Young (Mixed) (G1 Evacuation Pause) 64M->47M(184M) 1.454ms
[124.185s][info][gc,cpu      ] GC(706) User=0.00s Sys=0.00s Real=0.00s
[124.275s][info][gc,start    ] GC(707) Pause Young (Concurrent Start) (G1 Humongous Allocation)
[124.275s][info][gc,task     ] GC(707) Using 6 workers of 6 for evacuation
[124.277s][info][gc,phases   ] GC(707)   Pre Evacuate Collection Set: 0.2ms
[124.277s][info][gc,phases   ] GC(707)   Merge Heap Roots: 0.1ms
[124.277s][info][gc,phases   ] GC(707)   Evacuate Collection Set: 1.0ms
[124.277s][info][gc,phases   ] GC(707)   Post Evacuate Collection Set: 0.6ms
[124.277s][info][gc,phases   ] GC(707)   Other: 0.4ms
[124.277s][info][gc,heap     ] GC(707) Eden regions: 8->0(109)
[124.277s][info][gc,heap     ] GC(707) Survivor regions: 1->1(14)
[124.277s][info][gc,heap     ] GC(707) Old regions: 40->40
[124.277s][info][gc,heap     ] GC(707) Archive regions: 0->0
[124.277s][info][gc,heap     ] GC(707) Humongous regions: 8->4
[124.277s][info][gc,metaspace] GC(707) Metaspace: 37302K(37632K)->37302K(37632K) NonClass: 33299K(33472K)->33299K(33472K) Class: 4003K(4160K)->4003K(4160K)
[124.277s][info][gc          ] GC(707) Pause Young (Concurrent Start) (G1 Humongous Allocation) 54M->43M(184M) 2.263ms
[124.277s][info][gc,cpu      ] GC(707) User=0.00s Sys=0.00s Real=0.00s
[124.278s][info][gc          ] GC(708) Concurrent Mark Cycle
[124.278s][info][gc,marking  ] GC(708) Concurrent Clear Claimed Marks
[124.278s][info][gc,marking  ] GC(708) Concurrent Clear Claimed Marks 0.026ms
[124.278s][info][gc,marking  ] GC(708) Concurrent Scan Root Regions
[124.278s][info][gc,marking  ] GC(708) Concurrent Scan Root Regions 0.564ms
[124.278s][info][gc,marking  ] GC(708) Concurrent Mark
[124.278s][info][gc,marking  ] GC(708) Concurrent Mark From Roots
[124.278s][info][gc,task     ] GC(708) Using 2 workers of 2 for marking
[124.292s][info][gc,marking  ] GC(708) Concurrent Mark From Roots 14.223ms
[124.292s][info][gc,marking  ] GC(708) Concurrent Preclean
[124.293s][info][gc,marking  ] GC(708) Concurrent Preclean 0.178ms
[124.293s][info][gc,start    ] GC(708) Pause Remark
[124.295s][info][gc          ] GC(708) Pause Remark 61M->61M(184M) 2.544ms
[124.296s][info][gc,cpu      ] GC(708) User=0.00s Sys=0.00s Real=0.00s
[124.296s][info][gc,marking  ] GC(708) Concurrent Mark 17.619ms
[124.296s][info][gc,marking  ] GC(708) Concurrent Rebuild Remembered Sets
[124.301s][info][gc,marking  ] GC(708) Concurrent Rebuild Remembered Sets 4.975ms
[124.301s][info][gc,start    ] GC(708) Pause Cleanup
[124.301s][info][gc          ] GC(708) Pause Cleanup 62M->62M(184M) 0.105ms
[124.301s][info][gc,cpu      ] GC(708) User=0.00s Sys=0.00s Real=0.00s
[124.301s][info][gc,marking  ] GC(708) Concurrent Cleanup for Next Mark
[124.302s][info][gc,marking  ] GC(708) Concurrent Cleanup for Next Mark 0.137ms
[124.302s][info][gc          ] GC(708) Concurrent Mark Cycle 24.067ms
[124.818s][info][gc,start    ] GC(709) Pause Young (Prepare Mixed) (G1 Preventive Collection)
[124.818s][info][gc,task     ] GC(709) Using 6 workers of 6 for evacuation
[124.819s][info][gc,phases   ] GC(709)   Pre Evacuate Collection Set: 0.2ms
[124.819s][info][gc,phases   ] GC(709)   Merge Heap Roots: 0.1ms
[124.819s][info][gc,phases   ] GC(709)   Evacuate Collection Set: 0.7ms
[124.819s][info][gc,phases   ] GC(709)   Post Evacuate Collection Set: 0.8ms
[124.820s][info][gc,phases   ] GC(709)   Other: 0.3ms
[124.820s][info][gc,heap     ] GC(709) Eden regions: 65->0(8)
[124.820s][info][gc,heap     ] GC(709) Survivor regions: 1->1(14)
[124.820s][info][gc,heap     ] GC(709) Old regions: 40->40
[124.820s][info][gc,heap     ] GC(709) Archive regions: 0->0
[124.820s][info][gc,heap     ] GC(709) Humongous regions: 76->8
[124.820s][info][gc,metaspace] GC(709) Metaspace: 37302K(37632K)->37302K(37632K) NonClass: 33299K(33472K)->33299K(33472K) Class: 4003K(4160K)->4003K(4160K)
[124.820s][info][gc          ] GC(709) Pause Young (Prepare Mixed) (G1 Preventive Collection) 180M->48M(184M) 1.959ms
[124.820s][info][gc,cpu      ] GC(709) User=0.00s Sys=0.00s Real=0.00s
[124.921s][info][gc,start    ] GC(710) Pause Young (Mixed) (G1 Evacuation Pause)
[124.921s][info][gc,task     ] GC(710) Using 6 workers of 6 for evacuation
[124.923s][info][gc,phases   ] GC(710)   Pre Evacuate Collection Set: 0.2ms
[124.923s][info][gc,phases   ] GC(710)   Merge Heap Roots: 0.1ms
[124.923s][info][gc,phases   ] GC(710)   Evacuate Collection Set: 0.8ms
[124.923s][info][gc,phases   ] GC(710)   Post Evacuate Collection Set: 0.7ms
[124.923s][info][gc,phases   ] GC(710)   Other: 0.3ms
[124.923s][info][gc,heap     ] GC(710) Eden regions: 8->0(109)
[124.923s][info][gc,heap     ] GC(710) Survivor regions: 1->1(2)
[124.923s][info][gc,heap     ] GC(710) Old regions: 40->40
[124.923s][info][gc,heap     ] GC(710) Archive regions: 0->0
[124.923s][info][gc,heap     ] GC(710) Humongous regions: 20->8
[124.923s][info][gc,metaspace] GC(710) Metaspace: 37302K(37632K)->37302K(37632K) NonClass: 33299K(33472K)->33299K(33472K) Class: 4003K(4160K)->4003K(4160K)
[124.923s][info][gc          ] GC(710) Pause Young (Mixed) (G1 Evacuation Pause) 68M->47M(184M) 2.035ms
[124.923s][info][gc,cpu      ] GC(710) User=0.00s Sys=0.00s Real=0.00s
[125.006s][info][gc,start    ] GC(711) Pause Young (Concurrent Start) (G1 Humongous Allocation)
[125.006s][info][gc,task     ] GC(711) Using 6 workers of 6 for evacuation
[125.008s][info][gc,phases   ] GC(711)   Pre Evacuate Collection Set: 0.3ms
[125.008s][info][gc,phases   ] GC(711)   Merge Heap Roots: 0.1ms
[125.008s][info][gc,phases   ] GC(711)   Evacuate Collection Set: 0.9ms
[125.008s][info][gc,phases   ] GC(711)   Post Evacuate Collection Set: 0.6ms
[125.008s][info][gc,phases   ] GC(711)   Other: 0.4ms
[125.008s][info][gc,heap     ] GC(711) Eden regions: 11->0(109)
[125.008s][info][gc,heap     ] GC(711) Survivor regions: 1->1(14)
[125.008s][info][gc,heap     ] GC(711) Old regions: 40->40
[125.008s][info][gc,heap     ] GC(711) Archive regions: 0->0
[125.008s][info][gc,heap     ] GC(711) Humongous regions: 8->4
[125.008s][info][gc,metaspace] GC(711) Metaspace: 37302K(37632K)->37302K(37632K) NonClass: 33299K(33472K)->33299K(33472K) Class: 4003K(4160K)->4003K(4160K)
[125.009s][info][gc          ] GC(711) Pause Young (Concurrent Start) (G1 Humongous Allocation) 58M->43M(184M) 2.254ms
[125.009s][info][gc,cpu      ] GC(711) User=0.00s Sys=0.00s Real=0.00s
[125.009s][info][gc          ] GC(712) Concurrent Undo Cycle
[125.009s][info][gc,marking  ] GC(712) Concurrent Cleanup for Next Mark
[125.009s][info][gc,marking  ] GC(712) Concurrent Cleanup for Next Mark 0.472ms
[125.009s][info][gc          ] GC(712) Concurrent Undo Cycle 0.555ms
[125.012s][info][gc,start    ] GC(713) Pause Young (Concurrent Start) (G1 Humongous Allocation)
[125.012s][info][gc,task     ] GC(713) Using 6 workers of 6 for evacuation
[125.015s][info][gc,phases   ] GC(713)   Pre Evacuate Collection Set: 0.2ms
[125.015s][info][gc,phases   ] GC(713)   Merge Heap Roots: 0.0ms
[125.015s][info][gc,phases   ] GC(713)   Evacuate Collection Set: 1.6ms
[125.015s][info][gc,phases   ] GC(713)   Post Evacuate Collection Set: 0.6ms
[125.015s][info][gc,phases   ] GC(713)   Other: 0.4ms
[125.015s][info][gc,heap     ] GC(713) Eden regions: 1->0(109)
[125.015s][info][gc,heap     ] GC(713) Survivor regions: 1->1(14)
[125.015s][info][gc,heap     ] GC(713) Old regions: 40->40
[125.015s][info][gc,heap     ] GC(713) Archive regions: 0->0
[125.015s][info][gc,heap     ] GC(713) Humongous regions: 8->8
[125.015s][info][gc,metaspace] GC(713) Metaspace: 37302K(37632K)->37302K(37632K) NonClass: 33299K(33472K)->33299K(33472K) Class: 4003K(4160K)->4003K(4160K)
[125.015s][info][gc          ] GC(713) Pause Young (Concurrent Start) (G1 Humongous Allocation) 47M->47M(184M) 2.846ms
[125.015s][info][gc,cpu      ] GC(713) User=0.00s Sys=0.00s Real=0.00s
[125.015s][info][gc          ] GC(714) Concurrent Mark Cycle
[125.015s][info][gc,marking  ] GC(714) Concurrent Clear Claimed Marks
[125.015s][info][gc,marking  ] GC(714) Concurrent Clear Claimed Marks 0.026ms
[125.015s][info][gc,marking  ] GC(714) Concurrent Scan Root Regions
[125.016s][info][gc,marking  ] GC(714) Concurrent Scan Root Regions 0.874ms
[125.016s][info][gc,marking  ] GC(714) Concurrent Mark
[125.016s][info][gc,marking  ] GC(714) Concurrent Mark From Roots
[125.016s][info][gc,task     ] GC(714) Using 2 workers of 2 for marking
[125.026s][info][gc,marking  ] GC(714) Concurrent Mark From Roots 10.194ms
[125.026s][info][gc,marking  ] GC(714) Concurrent Preclean
[125.027s][info][gc,marking  ] GC(714) Concurrent Preclean 0.161ms
[125.027s][info][gc,start    ] GC(714) Pause Remark
[125.032s][info][gc          ] GC(714) Pause Remark 57M->57M(184M) 5.417ms
[125.032s][info][gc,cpu      ] GC(714) User=0.00s Sys=0.00s Real=0.00s
[125.033s][info][gc,marking  ] GC(714) Concurrent Mark 16.422ms
[125.033s][info][gc,marking  ] GC(714) Concurrent Rebuild Remembered Sets
[125.037s][info][gc,marking  ] GC(714) Concurrent Rebuild Remembered Sets 4.390ms
[125.037s][info][gc,start    ] GC(714) Pause Cleanup
[125.037s][info][gc          ] GC(714) Pause Cleanup 58M->58M(184M) 0.142ms
[125.038s][info][gc,cpu      ] GC(714) User=0.00s Sys=0.00s Real=0.00s
[125.038s][info][gc,marking  ] GC(714) Concurrent Cleanup for Next Mark
[125.038s][info][gc,marking  ] GC(714) Concurrent Cleanup for Next Mark 0.152ms
[125.038s][info][gc          ] GC(714) Concurrent Mark Cycle 22.612ms
[125.564s][info][gc,start    ] GC(715) Pause Young (Prepare Mixed) (G1 Preventive Collection)
[125.564s][info][gc,task     ] GC(715) Using 6 workers of 6 for evacuation
[125.566s][info][gc,phases   ] GC(715)   Pre Evacuate Collection Set: 0.2ms
[125.566s][info][gc,phases   ] GC(715)   Merge Heap Roots: 0.1ms
[125.566s][info][gc,phases   ] GC(715)   Evacuate Collection Set: 0.6ms
[125.566s][info][gc,phases   ] GC(715)   Post Evacuate Collection Set: 0.7ms
[125.566s][info][gc,phases   ] GC(715)   Other: 0.3ms
[125.566s][info][gc,heap     ] GC(715) Eden regions: 65->0(7)
[125.566s][info][gc,heap     ] GC(715) Survivor regions: 1->2(14)
[125.566s][info][gc,heap     ] GC(715) Old regions: 40->40
[125.566s][info][gc,heap     ] GC(715) Archive regions: 0->0
[125.566s][info][gc,heap     ] GC(715) Humongous regions: 76->8
[125.566s][info][gc,metaspace] GC(715) Metaspace: 37308K(37632K)->37308K(37632K) NonClass: 33304K(33472K)->33304K(33472K) Class: 4003K(4160K)->4003K(4160K)
[125.566s][info][gc          ] GC(715) Pause Young (Prepare Mixed) (G1 Preventive Collection) 180M->48M(184M) 1.784ms
[125.566s][info][gc,cpu      ] GC(715) User=0.00s Sys=0.00s Real=0.00s
[125.655s][info][gc,start    ] GC(716) Pause Young (Mixed) (G1 Evacuation Pause)
[125.655s][info][gc,task     ] GC(716) Using 6 workers of 6 for evacuation
[125.657s][info][gc,phases   ] GC(716)   Pre Evacuate Collection Set: 0.1ms
[125.657s][info][gc,phases   ] GC(716)   Merge Heap Roots: 0.0ms
[125.657s][info][gc,phases   ] GC(716)   Evacuate Collection Set: 0.9ms
[125.657s][info][gc,phases   ] GC(716)   Post Evacuate Collection Set: 0.9ms
[125.657s][info][gc,phases   ] GC(716)   Other: 0.3ms
[125.657s][info][gc,heap     ] GC(716) Eden regions: 7->0(109)
[125.657s][info][gc,heap     ] GC(716) Survivor regions: 2->1(2)
[125.657s][info][gc,heap     ] GC(716) Old regions: 40->40
[125.657s][info][gc,heap     ] GC(716) Archive regions: 0->0
[125.657s][info][gc,heap     ] GC(716) Humongous regions: 20->8
[125.657s][info][gc,metaspace] GC(716) Metaspace: 37308K(37632K)->37308K(37632K) NonClass: 33304K(33472K)->33304K(33472K) Class: 4003K(4160K)->4003K(4160K)
[125.657s][info][gc          ] GC(716) Pause Young (Mixed) (G1 Evacuation Pause) 67M->47M(184M) 2.292ms
[125.657s][info][gc,cpu      ] GC(716) User=0.00s Sys=0.00s Real=0.00s
[125.749s][info][gc,start    ] GC(717) Pause Young (Concurrent Start) (G1 Humongous Allocation)
[125.749s][info][gc,task     ] GC(717) Using 6 workers of 6 for evacuation
[125.751s][info][gc,phases   ] GC(717)   Pre Evacuate Collection Set: 0.2ms
[125.751s][info][gc,phases   ] GC(717)   Merge Heap Roots: 0.1ms
[125.751s][info][gc,phases   ] GC(717)   Evacuate Collection Set: 0.8ms
[125.751s][info][gc,phases   ] GC(717)   Post Evacuate Collection Set: 0.8ms
[125.751s][info][gc,phases   ] GC(717)   Other: 0.3ms
[125.751s][info][gc,heap     ] GC(717) Eden regions: 12->0(109)
[125.751s][info][gc,heap     ] GC(717) Survivor regions: 1->1(14)
[125.751s][info][gc,heap     ] GC(717) Old regions: 40->40
[125.751s][info][gc,heap     ] GC(717) Archive regions: 0->0
[125.751s][info][gc,heap     ] GC(717) Humongous regions: 8->4
[125.751s][info][gc,metaspace] GC(717) Metaspace: 37308K(37632K)->37308K(37632K) NonClass: 33304K(33472K)->33304K(33472K) Class: 4003K(4160K)->4003K(4160K)
[125.751s][info][gc          ] GC(717) Pause Young (Concurrent Start) (G1 Humongous Allocation) 59M->43M(184M) 2.148ms
[125.751s][info][gc,cpu      ] GC(717) User=0.00s Sys=0.00s Real=0.00s
[125.751s][info][gc          ] GC(718) Concurrent Mark Cycle
[125.751s][info][gc,marking  ] GC(718) Concurrent Clear Claimed Marks
[125.751s][info][gc,marking  ] GC(718) Concurrent Clear Claimed Marks 0.026ms
[125.751s][info][gc,marking  ] GC(718) Concurrent Scan Root Regions
[125.752s][info][gc,marking  ] GC(718) Concurrent Scan Root Regions 0.505ms
[125.752s][info][gc,marking  ] GC(718) Concurrent Mark
[125.752s][info][gc,marking  ] GC(718) Concurrent Mark From Roots
[125.752s][info][gc,task     ] GC(718) Using 2 workers of 2 for marking
[125.762s][info][gc,marking  ] GC(718) Concurrent Mark From Roots 10.350ms
[125.762s][info][gc,marking  ] GC(718) Concurrent Preclean
[125.762s][info][gc,marking  ] GC(718) Concurrent Preclean 0.114ms
[125.763s][info][gc,start    ] GC(718) Pause Remark
[125.765s][info][gc          ] GC(718) Pause Remark 57M->57M(184M) 2.433ms
[125.766s][info][gc,cpu      ] GC(718) User=0.00s Sys=0.00s Real=0.00s
[125.766s][info][gc,marking  ] GC(718) Concurrent Mark 13.838ms
[125.766s][info][gc,marking  ] GC(718) Concurrent Rebuild Remembered Sets
[125.771s][info][gc,marking  ] GC(718) Concurrent Rebuild Remembered Sets 4.730ms
[125.771s][info][gc,start    ] GC(718) Pause Cleanup
[125.771s][info][gc          ] GC(718) Pause Cleanup 58M->58M(184M) 0.164ms
[125.771s][info][gc,cpu      ] GC(718) User=0.00s Sys=0.00s Real=0.00s
[125.771s][info][gc,marking  ] GC(718) Concurrent Cleanup for Next Mark
[125.771s][info][gc,marking  ] GC(718) Concurrent Cleanup for Next Mark 0.149ms
[125.771s][info][gc          ] GC(718) Concurrent Mark Cycle 20.083ms
[126.279s][info][gc,start    ] GC(719) Pause Young (Prepare Mixed) (G1 Preventive Collection)
[126.280s][info][gc,task     ] GC(719) Using 6 workers of 6 for evacuation
[126.281s][info][gc,phases   ] GC(719)   Pre Evacuate Collection Set: 0.2ms
[126.281s][info][gc,phases   ] GC(719)   Merge Heap Roots: 0.1ms
[126.281s][info][gc,phases   ] GC(719)   Evacuate Collection Set: 0.6ms
[126.281s][info][gc,phases   ] GC(719)   Post Evacuate Collection Set: 0.7ms
[126.281s][info][gc,phases   ] GC(719)   Other: 0.3ms
[126.281s][info][gc,heap     ] GC(719) Eden regions: 65->0(7)
[126.281s][info][gc,heap     ] GC(719) Survivor regions: 1->2(14)
[126.281s][info][gc,heap     ] GC(719) Old regions: 40->40
[126.281s][info][gc,heap     ] GC(719) Archive regions: 0->0
[126.281s][info][gc,heap     ] GC(719) Humongous regions: 76->8
[126.281s][info][gc,metaspace] GC(719) Metaspace: 37308K(37632K)->37308K(37632K) NonClass: 33304K(33472K)->33304K(33472K) Class: 4003K(4160K)->4003K(4160K)
[126.281s][info][gc          ] GC(719) Pause Young (Prepare Mixed) (G1 Preventive Collection) 180M->48M(184M) 1.870ms
[126.281s][info][gc,cpu      ] GC(719) User=0.00s Sys=0.00s Real=0.00s
[126.374s][info][gc,start    ] GC(720) Pause Young (Mixed) (G1 Evacuation Pause)
[126.374s][info][gc,task     ] GC(720) Using 6 workers of 6 for evacuation
[126.376s][info][gc,phases   ] GC(720)   Pre Evacuate Collection Set: 0.1ms
[126.376s][info][gc,phases   ] GC(720)   Merge Heap Roots: 0.0ms
[126.376s][info][gc,phases   ] GC(720)   Evacuate Collection Set: 1.0ms
[126.376s][info][gc,phases   ] GC(720)   Post Evacuate Collection Set: 0.7ms
[126.376s][info][gc,phases   ] GC(720)   Other: 0.4ms
[126.376s][info][gc,heap     ] GC(720) Eden regions: 7->0(109)
[126.376s][info][gc,heap     ] GC(720) Survivor regions: 2->1(2)
[126.376s][info][gc,heap     ] GC(720) Old regions: 40->40
[126.376s][info][gc,heap     ] GC(720) Archive regions: 0->0
[126.376s][info][gc,heap     ] GC(720) Humongous regions: 20->8
[126.376s][info][gc,metaspace] GC(720) Metaspace: 37308K(37632K)->37308K(37632K) NonClass: 33304K(33472K)->33304K(33472K) Class: 4003K(4160K)->4003K(4160K)
[126.376s][info][gc          ] GC(720) Pause Young (Mixed) (G1 Evacuation Pause) 67M->47M(184M) 2.153ms
[126.376s][info][gc,cpu      ] GC(720) User=0.00s Sys=0.00s Real=0.00s
[126.464s][info][gc,start    ] GC(721) Pause Young (Concurrent Start) (G1 Humongous Allocation)
[126.464s][info][gc,task     ] GC(721) Using 6 workers of 6 for evacuation
[126.466s][info][gc,phases   ] GC(721)   Pre Evacuate Collection Set: 0.1ms
[126.466s][info][gc,phases   ] GC(721)   Merge Heap Roots: 0.0ms
[126.466s][info][gc,phases   ] GC(721)   Evacuate Collection Set: 0.8ms
[126.466s][info][gc,phases   ] GC(721)   Post Evacuate Collection Set: 0.7ms
[126.466s][info][gc,phases   ] GC(721)   Other: 0.3ms
[126.466s][info][gc,heap     ] GC(721) Eden regions: 12->0(109)
[126.466s][info][gc,heap     ] GC(721) Survivor regions: 1->1(14)
[126.466s][info][gc,heap     ] GC(721) Old regions: 40->40
[126.466s][info][gc,heap     ] GC(721) Archive regions: 0->0
[126.466s][info][gc,heap     ] GC(721) Humongous regions: 8->4
[126.466s][info][gc,metaspace] GC(721) Metaspace: 37308K(37632K)->37308K(37632K) NonClass: 33304K(33472K)->33304K(33472K) Class: 4003K(4160K)->4003K(4160K)
[126.466s][info][gc          ] GC(721) Pause Young (Concurrent Start) (G1 Humongous Allocation) 59M->43M(184M) 1.996ms
[126.466s][info][gc,cpu      ] GC(721) User=0.00s Sys=0.00s Real=0.00s
[126.467s][info][gc          ] GC(722) Concurrent Mark Cycle
[126.467s][info][gc,marking  ] GC(722) Concurrent Clear Claimed Marks
[126.467s][info][gc,marking  ] GC(722) Concurrent Clear Claimed Marks 0.025ms
[126.467s][info][gc,marking  ] GC(722) Concurrent Scan Root Regions
[126.467s][info][gc,marking  ] GC(722) Concurrent Scan Root Regions 0.607ms
[126.467s][info][gc,marking  ] GC(722) Concurrent Mark
[126.467s][info][gc,marking  ] GC(722) Concurrent Mark From Roots
[126.467s][info][gc,task     ] GC(722) Using 2 workers of 2 for marking
[126.478s][info][gc,marking  ] GC(722) Concurrent Mark From Roots 10.955ms
[126.478s][info][gc,marking  ] GC(722) Concurrent Preclean
[126.478s][info][gc,marking  ] GC(722) Concurrent Preclean 0.130ms
[126.479s][info][gc,start    ] GC(722) Pause Remark
[126.483s][info][gc          ] GC(722) Pause Remark 57M->57M(184M) 4.784ms
[126.484s][info][gc,cpu      ] GC(722) User=0.00s Sys=0.00s Real=0.00s
[126.484s][info][gc,marking  ] GC(722) Concurrent Mark 16.494ms
[126.484s][info][gc,marking  ] GC(722) Concurrent Rebuild Remembered Sets
[126.489s][info][gc,marking  ] GC(722) Concurrent Rebuild Remembered Sets 4.963ms
[126.489s][info][gc,start    ] GC(722) Pause Cleanup
[126.489s][info][gc          ] GC(722) Pause Cleanup 58M->58M(184M) 0.114ms
[126.489s][info][gc,cpu      ] GC(722) User=0.02s Sys=0.00s Real=0.00s
[126.489s][info][gc,marking  ] GC(722) Concurrent Cleanup for Next Mark
[126.489s][info][gc,marking  ] GC(722) Concurrent Cleanup for Next Mark 0.112ms
[126.490s][info][gc          ] GC(722) Concurrent Mark Cycle 22.946ms
[127.005s][info][gc,start    ] GC(723) Pause Young (Prepare Mixed) (G1 Preventive Collection)
[127.005s][info][gc,task     ] GC(723) Using 6 workers of 6 for evacuation
[127.007s][info][gc,phases   ] GC(723)   Pre Evacuate Collection Set: 0.2ms
[127.007s][info][gc,phases   ] GC(723)   Merge Heap Roots: 0.1ms
[127.007s][info][gc,phases   ] GC(723)   Evacuate Collection Set: 0.8ms
[127.007s][info][gc,phases   ] GC(723)   Post Evacuate Collection Set: 0.6ms
[127.007s][info][gc,phases   ] GC(723)   Other: 0.3ms
[127.007s][info][gc,heap     ] GC(723) Eden regions: 65->0(6)
[127.007s][info][gc,heap     ] GC(723) Survivor regions: 1->3(14)
[127.007s][info][gc,heap     ] GC(723) Old regions: 40->40
[127.007s][info][gc,heap     ] GC(723) Archive regions: 0->0
[127.007s][info][gc,heap     ] GC(723) Humongous regions: 76->4
[127.007s][info][gc,metaspace] GC(723) Metaspace: 37310K(37632K)->37310K(37632K) NonClass: 33306K(33472K)->33306K(33472K) Class: 4003K(4160K)->4003K(4160K)
[127.007s][info][gc          ] GC(723) Pause Young (Prepare Mixed) (G1 Preventive Collection) 180M->45M(185M) 2.080ms
[127.007s][info][gc,cpu      ] GC(723) User=0.00s Sys=0.00s Real=0.00s
[127.086s][info][gc,start    ] GC(724) Pause Young (Mixed) (G1 Evacuation Pause)
[127.086s][info][gc,task     ] GC(724) Using 6 workers of 6 for evacuation
[127.087s][info][gc,phases   ] GC(724)   Pre Evacuate Collection Set: 0.2ms
[127.087s][info][gc,phases   ] GC(724)   Merge Heap Roots: 0.1ms
[127.087s][info][gc,phases   ] GC(724)   Evacuate Collection Set: 0.7ms
[127.087s][info][gc,phases   ] GC(724)   Post Evacuate Collection Set: 0.6ms
[127.087s][info][gc,phases   ] GC(724)   Other: 0.4ms
[127.087s][info][gc,heap     ] GC(724) Eden regions: 6->0(110)
[127.087s][info][gc,heap     ] GC(724) Survivor regions: 3->1(2)
[127.087s][info][gc,heap     ] GC(724) Old regions: 40->40
[127.087s][info][gc,heap     ] GC(724) Archive regions: 0->0
[127.087s][info][gc,heap     ] GC(724) Humongous regions: 16->8
[127.087s][info][gc,metaspace] GC(724) Metaspace: 37310K(37632K)->37310K(37632K) NonClass: 33306K(33472K)->33306K(33472K) Class: 4003K(4160K)->4003K(4160K)
[127.087s][info][gc          ] GC(724) Pause Young (Mixed) (G1 Evacuation Pause) 63M->47M(185M) 1.861ms
[127.088s][info][gc,cpu      ] GC(724) User=0.00s Sys=0.00s Real=0.00s
[127.183s][info][gc,start    ] GC(725) Pause Young (Concurrent Start) (G1 Humongous Allocation)
[127.183s][info][gc,task     ] GC(725) Using 6 workers of 6 for evacuation
[127.186s][info][gc,phases   ] GC(725)   Pre Evacuate Collection Set: 0.4ms
[127.186s][info][gc,phases   ] GC(725)   Merge Heap Roots: 0.0ms
[127.186s][info][gc,phases   ] GC(725)   Evacuate Collection Set: 0.8ms
[127.186s][info][gc,phases   ] GC(725)   Post Evacuate Collection Set: 0.6ms
[127.186s][info][gc,phases   ] GC(725)   Other: 0.6ms
[127.186s][info][gc,heap     ] GC(725) Eden regions: 13->0(110)
[127.186s][info][gc,heap     ] GC(725) Survivor regions: 1->1(14)
[127.186s][info][gc,heap     ] GC(725) Old regions: 40->40
[127.186s][info][gc,heap     ] GC(725) Archive regions: 0->0
[127.186s][info][gc,heap     ] GC(725) Humongous regions: 8->4
[127.186s][info][gc,metaspace] GC(725) Metaspace: 37310K(37632K)->37310K(37632K) NonClass: 33306K(33472K)->33306K(33472K) Class: 4003K(4160K)->4003K(4160K)
[127.186s][info][gc          ] GC(725) Pause Young (Concurrent Start) (G1 Humongous Allocation) 60M->43M(185M) 2.256ms
[127.186s][info][gc,cpu      ] GC(725) User=0.00s Sys=0.00s Real=0.00s
[127.186s][info][gc          ] GC(726) Concurrent Mark Cycle
[127.186s][info][gc,marking  ] GC(726) Concurrent Clear Claimed Marks
[127.186s][info][gc,marking  ] GC(726) Concurrent Clear Claimed Marks 0.029ms
[127.186s][info][gc,marking  ] GC(726) Concurrent Scan Root Regions
[127.187s][info][gc,marking  ] GC(726) Concurrent Scan Root Regions 0.679ms
[127.187s][info][gc,marking  ] GC(726) Concurrent Mark
[127.187s][info][gc,marking  ] GC(726) Concurrent Mark From Roots
[127.187s][info][gc,task     ] GC(726) Using 2 workers of 2 for marking
[127.198s][info][gc,marking  ] GC(726) Concurrent Mark From Roots 11.174ms
[127.198s][info][gc,marking  ] GC(726) Concurrent Preclean
[127.198s][info][gc,marking  ] GC(726) Concurrent Preclean 0.142ms
[127.198s][info][gc,start    ] GC(726) Pause Remark
[127.201s][info][gc          ] GC(726) Pause Remark 57M->57M(185M) 2.939ms
[127.201s][info][gc,cpu      ] GC(726) User=0.00s Sys=0.00s Real=0.00s
[127.202s][info][gc,marking  ] GC(726) Concurrent Mark 14.930ms
[127.202s][info][gc,marking  ] GC(726) Concurrent Rebuild Remembered Sets
[127.206s][info][gc,marking  ] GC(726) Concurrent Rebuild Remembered Sets 4.545ms
[127.207s][info][gc,start    ] GC(726) Pause Cleanup
[127.207s][info][gc          ] GC(726) Pause Cleanup 58M->58M(185M) 0.177ms
[127.207s][info][gc,cpu      ] GC(726) User=0.00s Sys=0.00s Real=0.00s
[127.207s][info][gc,marking  ] GC(726) Concurrent Cleanup for Next Mark
[127.207s][info][gc,marking  ] GC(726) Concurrent Cleanup for Next Mark 0.125ms
[127.207s][info][gc          ] GC(726) Concurrent Mark Cycle 21.471ms
[127.780s][info][gc,start    ] GC(727) Pause Young (Prepare Mixed) (GCLocker Initiated GC)
[127.780s][info][gc,task     ] GC(727) Using 6 workers of 6 for evacuation
[127.782s][info][gc,phases   ] GC(727)   Pre Evacuate Collection Set: 0.1ms
[127.782s][info][gc,phases   ] GC(727)   Merge Heap Roots: 0.1ms
[127.782s][info][gc,phases   ] GC(727)   Evacuate Collection Set: 0.6ms
[127.782s][info][gc,phases   ] GC(727)   Post Evacuate Collection Set: 0.6ms
[127.782s][info][gc,phases   ] GC(727)   Other: 0.3ms
[127.782s][info][gc,heap     ] GC(727) Eden regions: 66->0(7)
[127.782s][info][gc,heap     ] GC(727) Survivor regions: 1->2(14)
[127.782s][info][gc,heap     ] GC(727) Old regions: 40->40
[127.782s][info][gc,heap     ] GC(727) Archive regions: 0->0
[127.782s][info][gc,heap     ] GC(727) Humongous regions: 76->4
[127.782s][info][gc,metaspace] GC(727) Metaspace: 37310K(37632K)->37310K(37632K) NonClass: 33306K(33472K)->33306K(33472K) Class: 4003K(4160K)->4003K(4160K)
[127.782s][info][gc          ] GC(727) Pause Young (Prepare Mixed) (GCLocker Initiated GC) 181M->44M(185M) 1.730ms
[127.782s][info][gc,cpu      ] GC(727) User=0.00s Sys=0.00s Real=0.00s
[127.862s][info][gc,start    ] GC(728) Pause Young (Mixed) (GCLocker Initiated GC)
[127.862s][info][gc,task     ] GC(728) Using 6 workers of 6 for evacuation
[127.864s][info][gc,phases   ] GC(728)   Pre Evacuate Collection Set: 0.2ms
[127.864s][info][gc,phases   ] GC(728)   Merge Heap Roots: 0.1ms
[127.864s][info][gc,phases   ] GC(728)   Evacuate Collection Set: 0.6ms
[127.864s][info][gc,phases   ] GC(728)   Post Evacuate Collection Set: 0.5ms
[127.864s][info][gc,phases   ] GC(728)   Other: 0.3ms
[127.864s][info][gc,heap     ] GC(728) Eden regions: 7->0(110)
[127.864s][info][gc,heap     ] GC(728) Survivor regions: 2->1(2)
[127.864s][info][gc,heap     ] GC(728) Old regions: 40->40
[127.864s][info][gc,heap     ] GC(728) Archive regions: 0->0
[127.864s][info][gc,heap     ] GC(728) Humongous regions: 16->8
[127.864s][info][gc,metaspace] GC(728) Metaspace: 37310K(37632K)->37310K(37632K) NonClass: 33306K(33472K)->33306K(33472K) Class: 4003K(4160K)->4003K(4160K)
[127.864s][info][gc          ] GC(728) Pause Young (Mixed) (GCLocker Initiated GC) 63M->47M(185M) 1.595ms
[127.864s][info][gc,cpu      ] GC(728) User=0.00s Sys=0.00s Real=0.00s
[127.948s][info][gc,start    ] GC(729) Pause Young (Concurrent Start) (GCLocker Initiated GC)
[127.948s][info][gc,task     ] GC(729) Using 6 workers of 6 for evacuation
[127.950s][info][gc,phases   ] GC(729)   Pre Evacuate Collection Set: 0.2ms
[127.950s][info][gc,phases   ] GC(729)   Merge Heap Roots: 0.1ms
[127.950s][info][gc,phases   ] GC(729)   Evacuate Collection Set: 0.8ms
[127.950s][info][gc,phases   ] GC(729)   Post Evacuate Collection Set: 0.7ms
[127.950s][info][gc,phases   ] GC(729)   Other: 0.3ms
[127.950s][info][gc,heap     ] GC(729) Eden regions: 12->0(110)
[127.950s][info][gc,heap     ] GC(729) Survivor regions: 1->1(14)
[127.950s][info][gc,heap     ] GC(729) Old regions: 40->40
[127.950s][info][gc,heap     ] GC(729) Archive regions: 0->0
[127.950s][info][gc,heap     ] GC(729) Humongous regions: 8->4
[127.950s][info][gc,metaspace] GC(729) Metaspace: 37310K(37632K)->37310K(37632K) NonClass: 33306K(33472K)->33306K(33472K) Class: 4003K(4160K)->4003K(4160K)
[127.950s][info][gc          ] GC(729) Pause Young (Concurrent Start) (GCLocker Initiated GC) 59M->43M(185M) 2.101ms
[127.951s][info][gc,cpu      ] GC(729) User=0.00s Sys=0.00s Real=0.00s
[127.951s][info][gc          ] GC(730) Concurrent Mark Cycle
[127.951s][info][gc,marking  ] GC(730) Concurrent Clear Claimed Marks
[127.951s][info][gc,marking  ] GC(730) Concurrent Clear Claimed Marks 0.022ms
[127.951s][info][gc,marking  ] GC(730) Concurrent Scan Root Regions
[127.951s][info][gc,marking  ] GC(730) Concurrent Scan Root Regions 0.539ms
[127.951s][info][gc,marking  ] GC(730) Concurrent Mark
[127.951s][info][gc,marking  ] GC(730) Concurrent Mark From Roots
[127.951s][info][gc,task     ] GC(730) Using 2 workers of 2 for marking
[127.963s][info][gc,marking  ] GC(730) Concurrent Mark From Roots 11.868ms
[127.963s][info][gc,marking  ] GC(730) Concurrent Preclean
[127.963s][info][gc,marking  ] GC(730) Concurrent Preclean 0.146ms
[127.964s][info][gc,start    ] GC(730) Pause Remark
[127.967s][info][gc          ] GC(730) Pause Remark 57M->57M(185M) 2.945ms
[127.967s][info][gc,cpu      ] GC(730) User=0.00s Sys=0.00s Real=0.00s
[127.967s][info][gc,marking  ] GC(730) Concurrent Mark 15.608ms
[127.967s][info][gc,marking  ] GC(730) Concurrent Rebuild Remembered Sets
[127.971s][info][gc,marking  ] GC(730) Concurrent Rebuild Remembered Sets 4.529ms
[127.972s][info][gc,start    ] GC(730) Pause Cleanup
[127.972s][info][gc          ] GC(730) Pause Cleanup 58M->58M(185M) 0.149ms
[127.972s][info][gc,cpu      ] GC(730) User=0.00s Sys=0.00s Real=0.00s
[127.972s][info][gc,marking  ] GC(730) Concurrent Cleanup for Next Mark
[127.972s][info][gc,marking  ] GC(730) Concurrent Cleanup for Next Mark 0.113ms
[127.972s][info][gc          ] GC(730) Concurrent Mark Cycle 21.684ms
[128.576s][info][gc,start    ] GC(731) Pause Young (Prepare Mixed) (GCLocker Initiated GC)
[128.576s][info][gc,task     ] GC(731) Using 6 workers of 6 for evacuation
[128.577s][info][gc,phases   ] GC(731)   Pre Evacuate Collection Set: 0.1ms
[128.577s][info][gc,phases   ] GC(731)   Merge Heap Roots: 0.1ms
[128.577s][info][gc,phases   ] GC(731)   Evacuate Collection Set: 0.8ms
[128.577s][info][gc,phases   ] GC(731)   Post Evacuate Collection Set: 0.6ms
[128.577s][info][gc,phases   ] GC(731)   Other: 0.3ms
[128.577s][info][gc,heap     ] GC(731) Eden regions: 66->0(8)
[128.577s][info][gc,heap     ] GC(731) Survivor regions: 1->1(14)
[128.577s][info][gc,heap     ] GC(731) Old regions: 40->40
[128.577s][info][gc,heap     ] GC(731) Archive regions: 0->0
[128.577s][info][gc,heap     ] GC(731) Humongous regions: 88->8
[128.577s][info][gc,metaspace] GC(731) Metaspace: 37312K(37632K)->37312K(37632K) NonClass: 33308K(33472K)->33308K(33472K) Class: 4003K(4160K)->4003K(4160K)
[128.577s][info][gc          ] GC(731) Pause Young (Prepare Mixed) (GCLocker Initiated GC) 193M->48M(197M) 1.828ms
[128.578s][info][gc,cpu      ] GC(731) User=0.00s Sys=0.00s Real=0.00s
[128.595s][info][gc,start    ] GC(732) Pause Young (Mixed) (GCLocker Initiated GC)
[128.595s][info][gc,task     ] GC(732) Using 6 workers of 6 for evacuation
[128.597s][info][gc,phases   ] GC(732)   Pre Evacuate Collection Set: 0.2ms
[128.597s][info][gc,phases   ] GC(732)   Merge Heap Roots: 0.1ms
[128.597s][info][gc,phases   ] GC(732)   Evacuate Collection Set: 0.6ms
[128.597s][info][gc,phases   ] GC(732)   Post Evacuate Collection Set: 0.7ms
[128.597s][info][gc,phases   ] GC(732)   Other: 0.3ms
[128.597s][info][gc,heap     ] GC(732) Eden regions: 9->0(116)
[128.597s][info][gc,heap     ] GC(732) Survivor regions: 1->2(2)
[128.597s][info][gc,heap     ] GC(732) Old regions: 40->40
[128.597s][info][gc,heap     ] GC(732) Archive regions: 0->0
[128.597s][info][gc,heap     ] GC(732) Humongous regions: 8->4
[128.597s][info][gc,metaspace] GC(732) Metaspace: 37312K(37632K)->37312K(37632K) NonClass: 33308K(33472K)->33308K(33472K) Class: 4003K(4160K)->4003K(4160K)
[128.597s][info][gc          ] GC(732) Pause Young (Mixed) (GCLocker Initiated GC) 57M->44M(197M) 1.767ms
[128.597s][info][gc,cpu      ] GC(732) User=0.00s Sys=0.00s Real=0.00s
[128.774s][info][gc,start    ] GC(733) Pause Young (Concurrent Start) (GCLocker Initiated GC)
[128.774s][info][gc,task     ] GC(733) Using 6 workers of 6 for evacuation
[128.776s][info][gc,phases   ] GC(733)   Pre Evacuate Collection Set: 0.2ms
[128.776s][info][gc,phases   ] GC(733)   Merge Heap Roots: 0.1ms
[128.776s][info][gc,phases   ] GC(733)   Evacuate Collection Set: 0.9ms
[128.776s][info][gc,phases   ] GC(733)   Post Evacuate Collection Set: 0.6ms
[128.776s][info][gc,phases   ] GC(733)   Other: 0.3ms
[128.776s][info][gc,heap     ] GC(733) Eden regions: 17->0(117)
[128.776s][info][gc,heap     ] GC(733) Survivor regions: 2->1(15)
[128.776s][info][gc,heap     ] GC(733) Old regions: 40->40
[128.776s][info][gc,heap     ] GC(733) Archive regions: 0->0
[128.776s][info][gc,heap     ] GC(733) Humongous regions: 20->8
[128.776s][info][gc,metaspace] GC(733) Metaspace: 37312K(37632K)->37312K(37632K) NonClass: 33308K(33472K)->33308K(33472K) Class: 4003K(4160K)->4003K(4160K)
[128.776s][info][gc          ] GC(733) Pause Young (Concurrent Start) (GCLocker Initiated GC) 77M->48M(197M) 2.049ms
[128.776s][info][gc,cpu      ] GC(733) User=0.00s Sys=0.00s Real=0.00s
[128.776s][info][gc          ] GC(734) Concurrent Mark Cycle
[128.776s][info][gc,marking  ] GC(734) Concurrent Clear Claimed Marks
[128.776s][info][gc,marking  ] GC(734) Concurrent Clear Claimed Marks 0.026ms
[128.776s][info][gc,marking  ] GC(734) Concurrent Scan Root Regions
[128.777s][info][gc,marking  ] GC(734) Concurrent Scan Root Regions 0.552ms
[128.777s][info][gc,marking  ] GC(734) Concurrent Mark
[128.777s][info][gc,marking  ] GC(734) Concurrent Mark From Roots
[128.777s][info][gc,task     ] GC(734) Using 2 workers of 2 for marking
[128.788s][info][gc,marking  ] GC(734) Concurrent Mark From Roots 11.584ms
[128.788s][info][gc,marking  ] GC(734) Concurrent Preclean
[128.789s][info][gc,marking  ] GC(734) Concurrent Preclean 0.142ms
[128.789s][info][gc,start    ] GC(734) Pause Remark
[128.792s][info][gc          ] GC(734) Pause Remark 57M->57M(197M) 2.839ms
[128.792s][info][gc,cpu      ] GC(734) User=0.00s Sys=0.00s Real=0.00s
[128.792s][info][gc,marking  ] GC(734) Concurrent Mark 15.201ms
[128.792s][info][gc,marking  ] GC(734) Concurrent Rebuild Remembered Sets
[128.797s][info][gc,marking  ] GC(734) Concurrent Rebuild Remembered Sets 5.276ms
[128.798s][info][gc,start    ] GC(734) Pause Cleanup
[128.798s][info][gc          ] GC(734) Pause Cleanup 58M->58M(197M) 0.116ms
[128.798s][info][gc,cpu      ] GC(734) User=0.00s Sys=0.00s Real=0.00s
[128.798s][info][gc,marking  ] GC(734) Concurrent Cleanup for Next Mark
[128.798s][info][gc,marking  ] GC(734) Concurrent Cleanup for Next Mark 0.192ms
[128.798s][info][gc          ] GC(734) Concurrent Mark Cycle 21.949ms
[129.412s][info][gc,start    ] GC(735) Pause Young (Prepare Mixed) (GCLocker Initiated GC)
[129.412s][info][gc,task     ] GC(735) Using 6 workers of 6 for evacuation
[129.414s][info][gc,phases   ] GC(735)   Pre Evacuate Collection Set: 0.1ms
[129.414s][info][gc,phases   ] GC(735)   Merge Heap Roots: 0.1ms
[129.414s][info][gc,phases   ] GC(735)   Evacuate Collection Set: 0.7ms
[129.414s][info][gc,phases   ] GC(735)   Post Evacuate Collection Set: 0.6ms
[129.414s][info][gc,phases   ] GC(735)   Other: 0.3ms
[129.414s][info][gc,heap     ] GC(735) Eden regions: 71->0(7)
[129.414s][info][gc,heap     ] GC(735) Survivor regions: 1->2(15)
[129.414s][info][gc,heap     ] GC(735) Old regions: 40->40
[129.414s][info][gc,heap     ] GC(735) Archive regions: 0->0
[129.414s][info][gc,heap     ] GC(735) Humongous regions: 80->8
[129.414s][info][gc,metaspace] GC(735) Metaspace: 37312K(37632K)->37312K(37632K) NonClass: 33308K(33472K)->33308K(33472K) Class: 4003K(4160K)->4003K(4160K)
[129.414s][info][gc          ] GC(735) Pause Young (Prepare Mixed) (GCLocker Initiated GC) 190M->48M(197M) 1.888ms
[129.414s][info][gc,cpu      ] GC(735) User=0.00s Sys=0.00s Real=0.00s
[129.441s][info][gc,start    ] GC(736) Pause Young (Mixed) (GCLocker Initiated GC)
[129.441s][info][gc,task     ] GC(736) Using 6 workers of 6 for evacuation
[129.443s][info][gc,phases   ] GC(736)   Pre Evacuate Collection Set: 0.1ms
[129.443s][info][gc,phases   ] GC(736)   Merge Heap Roots: 0.1ms
[129.443s][info][gc,phases   ] GC(736)   Evacuate Collection Set: 0.5ms
[129.443s][info][gc,phases   ] GC(736)   Post Evacuate Collection Set: 0.4ms
[129.443s][info][gc,phases   ] GC(736)   Other: 0.3ms
[129.443s][info][gc,heap     ] GC(736) Eden regions: 7->0(116)
[129.443s][info][gc,heap     ] GC(736) Survivor regions: 2->2(2)
[129.443s][info][gc,heap     ] GC(736) Old regions: 40->40
[129.443s][info][gc,heap     ] GC(736) Archive regions: 0->0
[129.443s][info][gc,heap     ] GC(736) Humongous regions: 16->4
[129.443s][info][gc,metaspace] GC(736) Metaspace: 37312K(37632K)->37312K(37632K) NonClass: 33308K(33472K)->33308K(33472K) Class: 4003K(4160K)->4003K(4160K)
[129.443s][info][gc          ] GC(736) Pause Young (Mixed) (GCLocker Initiated GC) 63M->44M(197M) 1.402ms
[129.443s][info][gc,cpu      ] GC(736) User=0.02s Sys=0.00s Real=0.00s
[129.713s][info][gc,start    ] GC(737) Pause Young (Concurrent Start) (GCLocker Initiated GC)
[129.714s][info][gc,task     ] GC(737) Using 6 workers of 6 for evacuation
[129.715s][info][gc,phases   ] GC(737)   Pre Evacuate Collection Set: 0.2ms
[129.715s][info][gc,phases   ] GC(737)   Merge Heap Roots: 0.1ms
[129.715s][info][gc,phases   ] GC(737)   Evacuate Collection Set: 0.8ms
[129.715s][info][gc,phases   ] GC(737)   Post Evacuate Collection Set: 0.6ms
[129.715s][info][gc,phases   ] GC(737)   Other: 0.3ms
[129.715s][info][gc,heap     ] GC(737) Eden regions: 23->0(117)
[129.715s][info][gc,heap     ] GC(737) Survivor regions: 2->1(15)
[129.715s][info][gc,heap     ] GC(737) Old regions: 40->40
[129.715s][info][gc,heap     ] GC(737) Archive regions: 0->0
[129.715s][info][gc,heap     ] GC(737) Humongous regions: 28->4
[129.715s][info][gc,metaspace] GC(737) Metaspace: 37313K(37632K)->37313K(37632K) NonClass: 33309K(33472K)->33309K(33472K) Class: 4003K(4160K)->4003K(4160K)
[129.715s][info][gc          ] GC(737) Pause Young (Concurrent Start) (GCLocker Initiated GC) 91M->44M(197M) 1.964ms
[129.716s][info][gc,cpu      ] GC(737) User=0.00s Sys=0.00s Real=0.00s
[129.716s][info][gc          ] GC(738) Concurrent Mark Cycle
[129.716s][info][gc,marking  ] GC(738) Concurrent Clear Claimed Marks
[129.716s][info][gc,marking  ] GC(738) Concurrent Clear Claimed Marks 0.042ms
[129.716s][info][gc,marking  ] GC(738) Concurrent Scan Root Regions
[129.716s][info][gc,marking  ] GC(738) Concurrent Scan Root Regions 0.631ms
[129.716s][info][gc,marking  ] GC(738) Concurrent Mark
[129.716s][info][gc,marking  ] GC(738) Concurrent Mark From Roots
[129.716s][info][gc,task     ] GC(738) Using 2 workers of 2 for marking
[129.727s][info][gc,marking  ] GC(738) Concurrent Mark From Roots 10.893ms
[129.727s][info][gc,marking  ] GC(738) Concurrent Preclean
[129.727s][info][gc,marking  ] GC(738) Concurrent Preclean 0.201ms
[129.728s][info][gc,start    ] GC(738) Pause Remark
[129.730s][info][gc          ] GC(738) Pause Remark 57M->57M(197M) 2.388ms
[129.730s][info][gc,cpu      ] GC(738) User=0.00s Sys=0.00s Real=0.00s
[129.731s][info][gc,marking  ] GC(738) Concurrent Mark 14.197ms
[129.731s][info][gc,marking  ] GC(738) Concurrent Rebuild Remembered Sets
[129.736s][info][gc,marking  ] GC(738) Concurrent Rebuild Remembered Sets 5.393ms
[129.736s][info][gc,start    ] GC(738) Pause Cleanup
[129.736s][info][gc          ] GC(738) Pause Cleanup 58M->58M(197M) 0.144ms
[129.737s][info][gc,cpu      ] GC(738) User=0.00s Sys=0.00s Real=0.00s
[129.737s][info][gc,marking  ] GC(738) Concurrent Cleanup for Next Mark
[129.737s][info][gc,marking  ] GC(738) Concurrent Cleanup for Next Mark 0.218ms
[129.737s][info][gc          ] GC(738) Concurrent Mark Cycle 21.339ms
[130.328s][info][gc,start    ] GC(739) Pause Young (Prepare Mixed) (GCLocker Initiated GC)
[130.328s][info][gc,task     ] GC(739) Using 6 workers of 6 for evacuation
[130.330s][info][gc,phases   ] GC(739)   Pre Evacuate Collection Set: 0.2ms
[130.330s][info][gc,phases   ] GC(739)   Merge Heap Roots: 0.1ms
[130.330s][info][gc,phases   ] GC(739)   Evacuate Collection Set: 0.6ms
[130.330s][info][gc,phases   ] GC(739)   Post Evacuate Collection Set: 0.7ms
[130.330s][info][gc,phases   ] GC(739)   Other: 0.3ms
[130.330s][info][gc,heap     ] GC(739) Eden regions: 70->0(7)
[130.330s][info][gc,heap     ] GC(739) Survivor regions: 1->2(15)
[130.330s][info][gc,heap     ] GC(739) Old regions: 40->40
[130.330s][info][gc,heap     ] GC(739) Archive regions: 0->0
[130.330s][info][gc,heap     ] GC(739) Humongous regions: 80->8
[130.330s][info][gc,metaspace] GC(739) Metaspace: 37313K(37632K)->37313K(37632K) NonClass: 33309K(33472K)->33309K(33472K) Class: 4003K(4160K)->4003K(4160K)
[130.330s][info][gc          ] GC(739) Pause Young (Prepare Mixed) (GCLocker Initiated GC) 190M->49M(197M) 1.894ms
[130.330s][info][gc,cpu      ] GC(739) User=0.00s Sys=0.00s Real=0.00s
[130.357s][info][gc,start    ] GC(740) Pause Young (Mixed) (G1 Evacuation Pause)
[130.357s][info][gc,task     ] GC(740) Using 6 workers of 6 for evacuation
[130.359s][info][gc,phases   ] GC(740)   Pre Evacuate Collection Set: 0.2ms
[130.359s][info][gc,phases   ] GC(740)   Merge Heap Roots: 0.0ms
[130.359s][info][gc,phases   ] GC(740)   Evacuate Collection Set: 0.8ms
[130.359s][info][gc,phases   ] GC(740)   Post Evacuate Collection Set: 0.7ms
[130.359s][info][gc,phases   ] GC(740)   Other: 0.4ms
[130.359s][info][gc,heap     ] GC(740) Eden regions: 7->0(116)
[130.359s][info][gc,heap     ] GC(740) Survivor regions: 2->2(2)
[130.359s][info][gc,heap     ] GC(740) Old regions: 40->41
[130.359s][info][gc,heap     ] GC(740) Archive regions: 0->0
[130.359s][info][gc,heap     ] GC(740) Humongous regions: 16->4
[130.359s][info][gc,metaspace] GC(740) Metaspace: 37313K(37632K)->37313K(37632K) NonClass: 33309K(33472K)->33309K(33472K) Class: 4003K(4160K)->4003K(4160K)
[130.359s][info][gc          ] GC(740) Pause Young (Mixed) (G1 Evacuation Pause) 64M->45M(197M) 2.127ms
[130.359s][info][gc,cpu      ] GC(740) User=0.00s Sys=0.00s Real=0.00s
[130.644s][info][gc,start    ] GC(741) Pause Young (Concurrent Start) (GCLocker Initiated GC)
[130.644s][info][gc,task     ] GC(741) Using 6 workers of 6 for evacuation
[130.645s][info][gc,phases   ] GC(741)   Pre Evacuate Collection Set: 0.1ms
[130.645s][info][gc,phases   ] GC(741)   Merge Heap Roots: 0.0ms
[130.645s][info][gc,phases   ] GC(741)   Evacuate Collection Set: 0.7ms
[130.645s][info][gc,phases   ] GC(741)   Post Evacuate Collection Set: 0.5ms
[130.645s][info][gc,phases   ] GC(741)   Other: 0.3ms
[130.645s][info][gc,heap     ] GC(741) Eden regions: 29->0(117)
[130.645s][info][gc,heap     ] GC(741) Survivor regions: 2->1(15)
[130.645s][info][gc,heap     ] GC(741) Old regions: 41->41
[130.645s][info][gc,heap     ] GC(741) Archive regions: 0->0
[130.645s][info][gc,heap     ] GC(741) Humongous regions: 32->8
[130.645s][info][gc,metaspace] GC(741) Metaspace: 37313K(37632K)->37313K(37632K) NonClass: 33309K(33472K)->33309K(33472K) Class: 4003K(4160K)->4003K(4160K)
[130.645s][info][gc          ] GC(741) Pause Young (Concurrent Start) (GCLocker Initiated GC) 101M->48M(197M) 1.640ms
[130.645s][info][gc,cpu      ] GC(741) User=0.00s Sys=0.00s Real=0.00s
[130.645s][info][gc          ] GC(742) Concurrent Mark Cycle
[130.645s][info][gc,marking  ] GC(742) Concurrent Clear Claimed Marks
[130.645s][info][gc,marking  ] GC(742) Concurrent Clear Claimed Marks 0.022ms
[130.646s][info][gc,marking  ] GC(742) Concurrent Scan Root Regions
[130.646s][info][gc,marking  ] GC(742) Concurrent Scan Root Regions 0.567ms
[130.646s][info][gc,marking  ] GC(742) Concurrent Mark
[130.646s][info][gc,marking  ] GC(742) Concurrent Mark From Roots
[130.646s][info][gc,task     ] GC(742) Using 2 workers of 2 for marking
[130.657s][info][gc,marking  ] GC(742) Concurrent Mark From Roots 10.935ms
[130.657s][info][gc,marking  ] GC(742) Concurrent Preclean
[130.657s][info][gc,marking  ] GC(742) Concurrent Preclean 0.192ms
[130.658s][info][gc,start    ] GC(742) Pause Remark
[130.660s][info][gc          ] GC(742) Pause Remark 58M->58M(197M) 2.446ms
[130.660s][info][gc,cpu      ] GC(742) User=0.00s Sys=0.00s Real=0.00s
[130.660s][info][gc,marking  ] GC(742) Concurrent Mark 14.153ms
[130.660s][info][gc,marking  ] GC(742) Concurrent Rebuild Remembered Sets
[130.665s][info][gc,marking  ] GC(742) Concurrent Rebuild Remembered Sets 4.908ms
[130.665s][info][gc,start    ] GC(742) Pause Cleanup
[130.665s][info][gc          ] GC(742) Pause Cleanup 59M->59M(197M) 0.073ms
[130.666s][info][gc,cpu      ] GC(742) User=0.00s Sys=0.00s Real=0.00s
[130.666s][info][gc,marking  ] GC(742) Concurrent Cleanup for Next Mark
[130.666s][info][gc,marking  ] GC(742) Concurrent Cleanup for Next Mark 0.113ms
[130.666s][info][gc          ] GC(742) Concurrent Mark Cycle 20.342ms
[131.260s][info][gc,start    ] GC(743) Pause Young (Prepare Mixed) (GCLocker Initiated GC)
[131.260s][info][gc,task     ] GC(743) Using 6 workers of 6 for evacuation
[131.262s][info][gc,phases   ] GC(743)   Pre Evacuate Collection Set: 0.2ms
[131.262s][info][gc,phases   ] GC(743)   Merge Heap Roots: 0.1ms
[131.262s][info][gc,phases   ] GC(743)   Evacuate Collection Set: 0.7ms
[131.262s][info][gc,phases   ] GC(743)   Post Evacuate Collection Set: 0.7ms
[131.262s][info][gc,phases   ] GC(743)   Other: 0.3ms
[131.262s][info][gc,heap     ] GC(743) Eden regions: 71->0(7)
[131.262s][info][gc,heap     ] GC(743) Survivor regions: 1->2(15)
[131.262s][info][gc,heap     ] GC(743) Old regions: 41->41
[131.262s][info][gc,heap     ] GC(743) Archive regions: 0->0
[131.262s][info][gc,heap     ] GC(743) Humongous regions: 80->8
[131.262s][info][gc,metaspace] GC(743) Metaspace: 37319K(37632K)->37319K(37632K) NonClass: 33315K(33472K)->33315K(33472K) Class: 4003K(4160K)->4003K(4160K)
[131.262s][info][gc          ] GC(743) Pause Young (Prepare Mixed) (GCLocker Initiated GC) 191M->49M(197M) 1.954ms
[131.263s][info][gc,cpu      ] GC(743) User=0.00s Sys=0.00s Real=0.00s
[131.290s][info][gc,start    ] GC(744) Pause Young (Mixed) (GCLocker Initiated GC)
[131.290s][info][gc,task     ] GC(744) Using 6 workers of 6 for evacuation
[131.292s][info][gc,phases   ] GC(744)   Pre Evacuate Collection Set: 0.1ms
[131.292s][info][gc,phases   ] GC(744)   Merge Heap Roots: 0.1ms
[131.292s][info][gc,phases   ] GC(744)   Evacuate Collection Set: 0.7ms
[131.292s][info][gc,phases   ] GC(744)   Post Evacuate Collection Set: 0.7ms
[131.292s][info][gc,phases   ] GC(744)   Other: 0.4ms
[131.292s][info][gc,heap     ] GC(744) Eden regions: 8->0(116)
[131.292s][info][gc,heap     ] GC(744) Survivor regions: 2->2(2)
[131.292s][info][gc,heap     ] GC(744) Old regions: 41->41
[131.292s][info][gc,heap     ] GC(744) Archive regions: 0->0
[131.292s][info][gc,heap     ] GC(744) Humongous regions: 16->4
[131.292s][info][gc,metaspace] GC(744) Metaspace: 37319K(37632K)->37319K(37632K) NonClass: 33315K(33472K)->33315K(33472K) Class: 4003K(4160K)->4003K(4160K)
[131.292s][info][gc          ] GC(744) Pause Young (Mixed) (GCLocker Initiated GC) 65M->46M(197M) 1.977ms
[131.292s][info][gc,cpu      ] GC(744) User=0.00s Sys=0.00s Real=0.00s
[131.668s][info][gc,start    ] GC(745) Pause Young (Concurrent Start) (G1 Humongous Allocation)
[131.668s][info][gc,task     ] GC(745) Using 6 workers of 6 for evacuation
[131.670s][info][gc,phases   ] GC(745)   Pre Evacuate Collection Set: 0.1ms
[131.670s][info][gc,phases   ] GC(745)   Merge Heap Roots: 0.0ms
[131.670s][info][gc,phases   ] GC(745)   Evacuate Collection Set: 0.9ms
[131.670s][info][gc,phases   ] GC(745)   Post Evacuate Collection Set: 0.5ms
[131.670s][info][gc,phases   ] GC(745)   Other: 0.3ms
[131.670s][info][gc,heap     ] GC(745) Eden regions: 41->0(117)
[131.670s][info][gc,heap     ] GC(745) Survivor regions: 2->1(15)
[131.670s][info][gc,heap     ] GC(745) Old regions: 41->41
[131.670s][info][gc,heap     ] GC(745) Archive regions: 0->0
[131.670s][info][gc,heap     ] GC(745) Humongous regions: 40->4
[131.670s][info][gc,metaspace] GC(745) Metaspace: 37319K(37632K)->37319K(37632K) NonClass: 33315K(33472K)->33315K(33472K) Class: 4003K(4160K)->4003K(4160K)
[131.670s][info][gc          ] GC(745) Pause Young (Concurrent Start) (G1 Humongous Allocation) 122M->45M(197M) 1.860ms
[131.670s][info][gc,cpu      ] GC(745) User=0.00s Sys=0.00s Real=0.00s
[131.670s][info][gc          ] GC(746) Concurrent Undo Cycle
[131.670s][info][gc,marking  ] GC(746) Concurrent Cleanup for Next Mark
[131.670s][info][gc,marking  ] GC(746) Concurrent Cleanup for Next Mark 0.141ms
[131.670s][info][gc          ] GC(746) Concurrent Undo Cycle 0.192ms
[131.673s][info][gc,start    ] GC(747) Pause Young (Concurrent Start) (GCLocker Initiated GC)
[131.673s][info][gc,task     ] GC(747) Using 6 workers of 6 for evacuation
[131.675s][info][gc,phases   ] GC(747)   Pre Evacuate Collection Set: 0.4ms
[131.675s][info][gc,phases   ] GC(747)   Merge Heap Roots: 0.0ms
[131.675s][info][gc,phases   ] GC(747)   Evacuate Collection Set: 0.8ms
[131.675s][info][gc,phases   ] GC(747)   Post Evacuate Collection Set: 0.5ms
[131.675s][info][gc,phases   ] GC(747)   Other: 0.4ms
[131.675s][info][gc,heap     ] GC(747) Eden regions: 1->0(117)
[131.675s][info][gc,heap     ] GC(747) Survivor regions: 1->1(15)
[131.675s][info][gc,heap     ] GC(747) Old regions: 41->41
[131.675s][info][gc,heap     ] GC(747) Archive regions: 0->0
[131.675s][info][gc,heap     ] GC(747) Humongous regions: 8->8
[131.675s][info][gc,metaspace] GC(747) Metaspace: 37319K(37632K)->37319K(37632K) NonClass: 33315K(33472K)->33315K(33472K) Class: 4003K(4160K)->4003K(4160K)
[131.675s][info][gc          ] GC(747) Pause Young (Concurrent Start) (GCLocker Initiated GC) 49M->49M(197M) 2.338ms
[131.676s][info][gc,cpu      ] GC(747) User=0.00s Sys=0.00s Real=0.00s
[131.676s][info][gc          ] GC(748) Concurrent Mark Cycle
[131.676s][info][gc,marking  ] GC(748) Concurrent Clear Claimed Marks
[131.676s][info][gc,marking  ] GC(748) Concurrent Clear Claimed Marks 0.035ms
[131.676s][info][gc,marking  ] GC(748) Concurrent Scan Root Regions
[131.677s][info][gc,marking  ] GC(748) Concurrent Scan Root Regions 0.875ms
[131.677s][info][gc,marking  ] GC(748) Concurrent Mark
[131.677s][info][gc,marking  ] GC(748) Concurrent Mark From Roots
[131.677s][info][gc,task     ] GC(748) Using 2 workers of 2 for marking
[131.687s][info][gc,marking  ] GC(748) Concurrent Mark From Roots 10.361ms
[131.687s][info][gc,marking  ] GC(748) Concurrent Preclean
[131.687s][info][gc,marking  ] GC(748) Concurrent Preclean 0.160ms
[131.687s][info][gc,start    ] GC(748) Pause Remark
[131.690s][info][gc          ] GC(748) Pause Remark 59M->59M(197M) 2.392ms
[131.690s][info][gc,cpu      ] GC(748) User=0.00s Sys=0.00s Real=0.00s
[131.691s][info][gc,marking  ] GC(748) Concurrent Mark 14.737ms
[131.691s][info][gc,marking  ] GC(748) Concurrent Rebuild Remembered Sets
[131.697s][info][gc,marking  ] GC(748) Concurrent Rebuild Remembered Sets 5.148ms
[131.697s][info][gc,start    ] GC(748) Pause Cleanup
[131.697s][info][gc          ] GC(748) Pause Cleanup 60M->60M(197M) 0.094ms
[131.697s][info][gc,cpu      ] GC(748) User=0.00s Sys=0.00s Real=0.00s
[131.697s][info][gc,marking  ] GC(748) Concurrent Cleanup for Next Mark
[131.697s][info][gc,marking  ] GC(748) Concurrent Cleanup for Next Mark 0.136ms
[131.697s][info][gc          ] GC(748) Concurrent Mark Cycle 21.670ms
[132.293s][info][gc,start    ] GC(749) Pause Young (Prepare Mixed) (GCLocker Initiated GC)
[132.293s][info][gc,task     ] GC(749) Using 6 workers of 6 for evacuation
[132.295s][info][gc,phases   ] GC(749)   Pre Evacuate Collection Set: 0.2ms
[132.295s][info][gc,phases   ] GC(749)   Merge Heap Roots: 0.1ms
[132.295s][info][gc,phases   ] GC(749)   Evacuate Collection Set: 0.6ms
[132.295s][info][gc,phases   ] GC(749)   Post Evacuate Collection Set: 0.7ms
[132.295s][info][gc,phases   ] GC(749)   Other: 0.3ms
[132.295s][info][gc,heap     ] GC(749) Eden regions: 71->0(7)
[132.295s][info][gc,heap     ] GC(749) Survivor regions: 1->2(15)
[132.295s][info][gc,heap     ] GC(749) Old regions: 41->41
[132.295s][info][gc,heap     ] GC(749) Archive regions: 0->0
[132.295s][info][gc,heap     ] GC(749) Humongous regions: 80->8
[132.295s][info][gc,metaspace] GC(749) Metaspace: 37323K(37632K)->37323K(37632K) NonClass: 33320K(33472K)->33320K(33472K) Class: 4003K(4160K)->4003K(4160K)
[132.295s][info][gc          ] GC(749) Pause Young (Prepare Mixed) (GCLocker Initiated GC) 191M->49M(197M) 1.848ms
[132.295s][info][gc,cpu      ] GC(749) User=0.00s Sys=0.00s Real=0.00s
[132.322s][info][gc,start    ] GC(750) Pause Young (Mixed) (GCLocker Initiated GC)
[132.322s][info][gc,task     ] GC(750) Using 6 workers of 6 for evacuation
[132.324s][info][gc,phases   ] GC(750)   Pre Evacuate Collection Set: 0.1ms
[132.324s][info][gc,phases   ] GC(750)   Merge Heap Roots: 0.1ms
[132.324s][info][gc,phases   ] GC(750)   Evacuate Collection Set: 0.7ms
[132.324s][info][gc,phases   ] GC(750)   Post Evacuate Collection Set: 0.8ms
[132.324s][info][gc,phases   ] GC(750)   Other: 0.3ms
[132.324s][info][gc,heap     ] GC(750) Eden regions: 7->0(116)
[132.324s][info][gc,heap     ] GC(750) Survivor regions: 2->2(2)
[132.324s][info][gc,heap     ] GC(750) Old regions: 41->41
[132.324s][info][gc,heap     ] GC(750) Archive regions: 0->0
[132.324s][info][gc,heap     ] GC(750) Humongous regions: 16->4
[132.324s][info][gc,metaspace] GC(750) Metaspace: 37323K(37632K)->37323K(37632K) NonClass: 33320K(33472K)->33320K(33472K) Class: 4003K(4160K)->4003K(4160K)
[132.324s][info][gc          ] GC(750) Pause Young (Mixed) (GCLocker Initiated GC) 64M->45M(197M) 1.964ms
[132.324s][info][gc,cpu      ] GC(750) User=0.00s Sys=0.00s Real=0.00s
[132.398s][info][gc,start    ] GC(751) Pause Young (Concurrent Start) (GCLocker Initiated GC)
[132.398s][info][gc,task     ] GC(751) Using 6 workers of 6 for evacuation
[132.400s][info][gc,phases   ] GC(751)   Pre Evacuate Collection Set: 0.2ms
[132.400s][info][gc,phases   ] GC(751)   Merge Heap Roots: 0.1ms
[132.400s][info][gc,phases   ] GC(751)   Evacuate Collection Set: 0.8ms
[132.400s][info][gc,phases   ] GC(751)   Post Evacuate Collection Set: 0.5ms
[132.400s][info][gc,phases   ] GC(751)   Other: 0.3ms
[132.400s][info][gc,heap     ] GC(751) Eden regions: 6->0(117)
[132.400s][info][gc,heap     ] GC(751) Survivor regions: 2->1(15)
[132.400s][info][gc,heap     ] GC(751) Old regions: 41->41
[132.400s][info][gc,heap     ] GC(751) Archive regions: 0->0
[132.400s][info][gc,heap     ] GC(751) Humongous regions: 4->4
[132.400s][info][gc,metaspace] GC(751) Metaspace: 37323K(37632K)->37323K(37632K) NonClass: 33320K(33472K)->33320K(33472K) Class: 4003K(4160K)->4003K(4160K)
[132.400s][info][gc          ] GC(751) Pause Young (Concurrent Start) (GCLocker Initiated GC) 51M->45M(197M) 1.750ms
[132.400s][info][gc,cpu      ] GC(751) User=0.00s Sys=0.00s Real=0.00s
[132.400s][info][gc          ] GC(752) Concurrent Mark Cycle
[132.400s][info][gc,marking  ] GC(752) Concurrent Clear Claimed Marks
[132.400s][info][gc,marking  ] GC(752) Concurrent Clear Claimed Marks 0.016ms
[132.400s][info][gc,marking  ] GC(752) Concurrent Scan Root Regions
[132.400s][info][gc,marking  ] GC(752) Concurrent Scan Root Regions 0.467ms
[132.400s][info][gc,marking  ] GC(752) Concurrent Mark
[132.400s][info][gc,marking  ] GC(752) Concurrent Mark From Roots
[132.400s][info][gc,task     ] GC(752) Using 2 workers of 2 for marking
[132.411s][info][gc,marking  ] GC(752) Concurrent Mark From Roots 10.644ms
[132.411s][info][gc,marking  ] GC(752) Concurrent Preclean
[132.411s][info][gc,marking  ] GC(752) Concurrent Preclean 0.176ms
[132.411s][info][gc,start    ] GC(752) Pause Remark
[132.416s][info][gc          ] GC(752) Pause Remark 59M->59M(197M) 4.573ms
[132.416s][info][gc,cpu      ] GC(752) User=0.00s Sys=0.00s Real=0.01s
[132.416s][info][gc,marking  ] GC(752) Concurrent Mark 16.015ms
[132.416s][info][gc,marking  ] GC(752) Concurrent Rebuild Remembered Sets
[132.421s][info][gc,marking  ] GC(752) Concurrent Rebuild Remembered Sets 4.426ms
[132.421s][info][gc,start    ] GC(752) Pause Cleanup
[132.421s][info][gc          ] GC(752) Pause Cleanup 60M->60M(197M) 0.141ms
[132.421s][info][gc,cpu      ] GC(752) User=0.00s Sys=0.00s Real=0.00s
[132.421s][info][gc,marking  ] GC(752) Concurrent Cleanup for Next Mark
[132.422s][info][gc,marking  ] GC(752) Concurrent Cleanup for Next Mark 0.128ms
[132.422s][info][gc          ] GC(752) Concurrent Mark Cycle 21.771ms
[133.014s][info][gc,start    ] GC(753) Pause Young (Prepare Mixed) (GCLocker Initiated GC)
[133.014s][info][gc,task     ] GC(753) Using 6 workers of 6 for evacuation
[133.016s][info][gc,phases   ] GC(753)   Pre Evacuate Collection Set: 0.2ms
[133.016s][info][gc,phases   ] GC(753)   Merge Heap Roots: 0.1ms
[133.016s][info][gc,phases   ] GC(753)   Evacuate Collection Set: 0.7ms
[133.016s][info][gc,phases   ] GC(753)   Post Evacuate Collection Set: 0.7ms
[133.016s][info][gc,phases   ] GC(753)   Other: 0.3ms
[133.016s][info][gc,heap     ] GC(753) Eden regions: 67->0(7)
[133.016s][info][gc,heap     ] GC(753) Survivor regions: 1->2(15)
[133.016s][info][gc,heap     ] GC(753) Old regions: 41->41
[133.016s][info][gc,heap     ] GC(753) Archive regions: 0->0
[133.016s][info][gc,heap     ] GC(753) Humongous regions: 84->8
[133.016s][info][gc,metaspace] GC(753) Metaspace: 37324K(37632K)->37324K(37632K) NonClass: 33320K(33472K)->33320K(33472K) Class: 4003K(4160K)->4003K(4160K)
[133.016s][info][gc          ] GC(753) Pause Young (Prepare Mixed) (GCLocker Initiated GC) 191M->49M(197M) 1.948ms
[133.016s][info][gc,cpu      ] GC(753) User=0.00s Sys=0.00s Real=0.00s
[133.032s][info][gc,start    ] GC(754) Pause Young (Mixed) (GCLocker Initiated GC)
[133.032s][info][gc,task     ] GC(754) Using 6 workers of 6 for evacuation
[133.033s][info][gc,phases   ] GC(754)   Pre Evacuate Collection Set: 0.2ms
[133.033s][info][gc,phases   ] GC(754)   Merge Heap Roots: 0.1ms
[133.033s][info][gc,phases   ] GC(754)   Evacuate Collection Set: 0.7ms
[133.033s][info][gc,phases   ] GC(754)   Post Evacuate Collection Set: 0.5ms
[133.033s][info][gc,phases   ] GC(754)   Other: 0.3ms
[133.033s][info][gc,heap     ] GC(754) Eden regions: 7->0(117)
[133.033s][info][gc,heap     ] GC(754) Survivor regions: 2->1(2)
[133.033s][info][gc,heap     ] GC(754) Old regions: 41->41
[133.033s][info][gc,heap     ] GC(754) Archive regions: 0->0
[133.033s][info][gc,heap     ] GC(754) Humongous regions: 12->8
[133.033s][info][gc,metaspace] GC(754) Metaspace: 37324K(37632K)->37324K(37632K) NonClass: 33320K(33472K)->33320K(33472K) Class: 4003K(4160K)->4003K(4160K)
[133.033s][info][gc          ] GC(754) Pause Young (Mixed) (GCLocker Initiated GC) 60M->49M(197M) 1.744ms
[133.034s][info][gc,cpu      ] GC(754) User=0.00s Sys=0.00s Real=0.00s
[133.121s][info][gc,start    ] GC(755) Pause Young (Concurrent Start) (GCLocker Initiated GC)
[133.121s][info][gc,task     ] GC(755) Using 6 workers of 6 for evacuation
[133.122s][info][gc,phases   ] GC(755)   Pre Evacuate Collection Set: 0.2ms
[133.122s][info][gc,phases   ] GC(755)   Merge Heap Roots: 0.1ms
[133.122s][info][gc,phases   ] GC(755)   Evacuate Collection Set: 0.7ms
[133.122s][info][gc,phases   ] GC(755)   Post Evacuate Collection Set: 0.6ms
[133.122s][info][gc,phases   ] GC(755)   Other: 0.3ms
[133.122s][info][gc,heap     ] GC(755) Eden regions: 7->0(117)
[133.122s][info][gc,heap     ] GC(755) Survivor regions: 1->1(15)
[133.122s][info][gc,heap     ] GC(755) Old regions: 41->41
[133.122s][info][gc,heap     ] GC(755) Archive regions: 0->0
[133.122s][info][gc,heap     ] GC(755) Humongous regions: 8->4
[133.122s][info][gc,metaspace] GC(755) Metaspace: 37324K(37632K)->37324K(37632K) NonClass: 33320K(33472K)->33320K(33472K) Class: 4003K(4160K)->4003K(4160K)
[133.122s][info][gc          ] GC(755) Pause Young (Concurrent Start) (GCLocker Initiated GC) 56M->45M(197M) 1.948ms
[133.123s][info][gc,cpu      ] GC(755) User=0.00s Sys=0.00s Real=0.00s
[133.123s][info][gc          ] GC(756) Concurrent Mark Cycle
[133.123s][info][gc,marking  ] GC(756) Concurrent Clear Claimed Marks
[133.123s][info][gc,marking  ] GC(756) Concurrent Clear Claimed Marks 0.029ms
[133.123s][info][gc,marking  ] GC(756) Concurrent Scan Root Regions
[133.124s][info][gc,marking  ] GC(756) Concurrent Scan Root Regions 0.975ms
[133.124s][info][gc,marking  ] GC(756) Concurrent Mark
[133.124s][info][gc,marking  ] GC(756) Concurrent Mark From Roots
[133.124s][info][gc,task     ] GC(756) Using 2 workers of 2 for marking
[133.134s][info][gc,marking  ] GC(756) Concurrent Mark From Roots 10.176ms
[133.134s][info][gc,marking  ] GC(756) Concurrent Preclean
[133.134s][info][gc,marking  ] GC(756) Concurrent Preclean 0.107ms
[133.134s][info][gc,start    ] GC(756) Pause Remark
[133.140s][info][gc          ] GC(756) Pause Remark 58M->58M(197M) 5.154ms
[133.140s][info][gc,cpu      ] GC(756) User=0.00s Sys=0.00s Real=0.01s
[133.140s][info][gc,marking  ] GC(756) Concurrent Mark 16.106ms
[133.140s][info][gc,marking  ] GC(756) Concurrent Rebuild Remembered Sets
[133.145s][info][gc,marking  ] GC(756) Concurrent Rebuild Remembered Sets 4.697ms
[133.145s][info][gc,start    ] GC(756) Pause Cleanup
[133.145s][info][gc          ] GC(756) Pause Cleanup 59M->59M(197M) 0.153ms
[133.145s][info][gc,cpu      ] GC(756) User=0.00s Sys=0.00s Real=0.00s
[133.145s][info][gc,marking  ] GC(756) Concurrent Cleanup for Next Mark
[133.146s][info][gc,marking  ] GC(756) Concurrent Cleanup for Next Mark 0.158ms
[133.146s][info][gc          ] GC(756) Concurrent Mark Cycle 22.864ms
[133.734s][info][gc,start    ] GC(757) Pause Young (Prepare Mixed) (GCLocker Initiated GC)
[133.734s][info][gc,task     ] GC(757) Using 6 workers of 6 for evacuation
[133.736s][info][gc,phases   ] GC(757)   Pre Evacuate Collection Set: 0.2ms
[133.736s][info][gc,phases   ] GC(757)   Merge Heap Roots: 0.1ms
[133.736s][info][gc,phases   ] GC(757)   Evacuate Collection Set: 0.7ms
[133.736s][info][gc,phases   ] GC(757)   Post Evacuate Collection Set: 0.7ms
[133.736s][info][gc,phases   ] GC(757)   Other: 0.3ms
[133.736s][info][gc,heap     ] GC(757) Eden regions: 71->0(7)
[133.736s][info][gc,heap     ] GC(757) Survivor regions: 1->2(15)
[133.736s][info][gc,heap     ] GC(757) Old regions: 41->41
[133.736s][info][gc,heap     ] GC(757) Archive regions: 0->0
[133.736s][info][gc,heap     ] GC(757) Humongous regions: 80->8
[133.736s][info][gc,metaspace] GC(757) Metaspace: 37325K(37632K)->37325K(37632K) NonClass: 33321K(33472K)->33321K(33472K) Class: 4003K(4160K)->4003K(4160K)
[133.736s][info][gc          ] GC(757) Pause Young (Prepare Mixed) (GCLocker Initiated GC) 191M->50M(197M) 1.987ms
[133.736s][info][gc,cpu      ] GC(757) User=0.00s Sys=0.00s Real=0.00s
[133.764s][info][gc,start    ] GC(758) Pause Young (Mixed) (GCLocker Initiated GC)
[133.764s][info][gc,task     ] GC(758) Using 6 workers of 6 for evacuation
[133.766s][info][gc,phases   ] GC(758)   Pre Evacuate Collection Set: 0.2ms
[133.766s][info][gc,phases   ] GC(758)   Merge Heap Roots: 0.1ms
[133.766s][info][gc,phases   ] GC(758)   Evacuate Collection Set: 0.7ms
[133.766s][info][gc,phases   ] GC(758)   Post Evacuate Collection Set: 0.9ms
[133.766s][info][gc,phases   ] GC(758)   Other: 0.3ms
[133.766s][info][gc,heap     ] GC(758) Eden regions: 8->0(116)
[133.766s][info][gc,heap     ] GC(758) Survivor regions: 2->2(2)
[133.766s][info][gc,heap     ] GC(758) Old regions: 41->41
[133.767s][info][gc,heap     ] GC(758) Archive regions: 0->0
[133.767s][info][gc,heap     ] GC(758) Humongous regions: 16->4
[133.767s][info][gc,metaspace] GC(758) Metaspace: 37325K(37632K)->37325K(37632K) NonClass: 33321K(33472K)->33321K(33472K) Class: 4003K(4160K)->4003K(4160K)
[133.767s][info][gc          ] GC(758) Pause Young (Mixed) (GCLocker Initiated GC) 65M->46M(197M) 2.235ms
[133.767s][info][gc,cpu      ] GC(758) User=0.00s Sys=0.00s Real=0.00s
[133.839s][info][gc,start    ] GC(759) Pause Young (Concurrent Start) (G1 Humongous Allocation)
[133.840s][info][gc,task     ] GC(759) Using 6 workers of 6 for evacuation
[133.841s][info][gc,phases   ] GC(759)   Pre Evacuate Collection Set: 0.2ms
[133.841s][info][gc,phases   ] GC(759)   Merge Heap Roots: 0.1ms
[133.841s][info][gc,phases   ] GC(759)   Evacuate Collection Set: 1.0ms
[133.841s][info][gc,phases   ] GC(759)   Post Evacuate Collection Set: 0.5ms
[133.841s][info][gc,phases   ] GC(759)   Other: 0.3ms
[133.842s][info][gc,heap     ] GC(759) Eden regions: 7->0(117)
[133.842s][info][gc,heap     ] GC(759) Survivor regions: 2->1(15)
[133.842s][info][gc,heap     ] GC(759) Old regions: 41->41
[133.842s][info][gc,heap     ] GC(759) Archive regions: 0->0
[133.842s][info][gc,heap     ] GC(759) Humongous regions: 4->4
[133.842s][info][gc,metaspace] GC(759) Metaspace: 37325K(37632K)->37325K(37632K) NonClass: 33321K(33472K)->33321K(33472K) Class: 4003K(4160K)->4003K(4160K)
[133.842s][info][gc          ] GC(759) Pause Young (Concurrent Start) (G1 Humongous Allocation) 52M->45M(197M) 2.079ms
[133.842s][info][gc,cpu      ] GC(759) User=0.00s Sys=0.00s Real=0.00s
[133.842s][info][gc          ] GC(760) Concurrent Mark Cycle
[133.842s][info][gc,marking  ] GC(760) Concurrent Clear Claimed Marks
[133.842s][info][gc,marking  ] GC(760) Concurrent Clear Claimed Marks 0.028ms
[133.842s][info][gc,marking  ] GC(760) Concurrent Scan Root Regions
[133.843s][info][gc,marking  ] GC(760) Concurrent Scan Root Regions 0.642ms
[133.843s][info][gc,marking  ] GC(760) Concurrent Mark
[133.843s][info][gc,marking  ] GC(760) Concurrent Mark From Roots
[133.843s][info][gc,task     ] GC(760) Using 2 workers of 2 for marking
[133.854s][info][gc,marking  ] GC(760) Concurrent Mark From Roots 11.454ms
[133.854s][info][gc,marking  ] GC(760) Concurrent Preclean
[133.854s][info][gc,marking  ] GC(760) Concurrent Preclean 0.150ms
[133.855s][info][gc,start    ] GC(760) Pause Remark
[133.857s][info][gc          ] GC(760) Pause Remark 58M->58M(197M) 2.856ms
[133.858s][info][gc,cpu      ] GC(760) User=0.00s Sys=0.00s Real=0.00s
[133.858s][info][gc,marking  ] GC(760) Concurrent Mark 15.482ms
[133.858s][info][gc,marking  ] GC(760) Concurrent Rebuild Remembered Sets
[133.863s][info][gc,marking  ] GC(760) Concurrent Rebuild Remembered Sets 4.843ms
[133.863s][info][gc,start    ] GC(760) Pause Cleanup
[133.863s][info][gc          ] GC(760) Pause Cleanup 59M->59M(197M) 0.143ms
[133.864s][info][gc,cpu      ] GC(760) User=0.00s Sys=0.00s Real=0.00s
[133.864s][info][gc,marking  ] GC(760) Concurrent Cleanup for Next Mark
[133.864s][info][gc,marking  ] GC(760) Concurrent Cleanup for Next Mark 0.182ms
[133.864s][info][gc          ] GC(760) Concurrent Mark Cycle 22.091ms
[134.472s][info][gc,start    ] GC(761) Pause Young (Prepare Mixed) (GCLocker Initiated GC)
[134.472s][info][gc,task     ] GC(761) Using 6 workers of 6 for evacuation
[134.474s][info][gc,phases   ] GC(761)   Pre Evacuate Collection Set: 0.1ms
[134.474s][info][gc,phases   ] GC(761)   Merge Heap Roots: 0.1ms
[134.474s][info][gc,phases   ] GC(761)   Evacuate Collection Set: 0.7ms
[134.474s][info][gc,phases   ] GC(761)   Post Evacuate Collection Set: 0.7ms
[134.474s][info][gc,phases   ] GC(761)   Other: 0.3ms
[134.474s][info][gc,heap     ] GC(761) Eden regions: 70->0(7)
[134.474s][info][gc,heap     ] GC(761) Survivor regions: 1->2(15)
[134.474s][info][gc,heap     ] GC(761) Old regions: 41->41
[134.474s][info][gc,heap     ] GC(761) Archive regions: 0->0
[134.474s][info][gc,heap     ] GC(761) Humongous regions: 80->8
[134.474s][info][gc,metaspace] GC(761) Metaspace: 37325K(37632K)->37325K(37632K) NonClass: 33321K(33472K)->33321K(33472K) Class: 4003K(4160K)->4003K(4160K)
[134.474s][info][gc          ] GC(761) Pause Young (Prepare Mixed) (GCLocker Initiated GC) 191M->50M(197M) 2.022ms
[134.474s][info][gc,cpu      ] GC(761) User=0.02s Sys=0.00s Real=0.00s
[134.502s][info][gc,start    ] GC(762) Pause Young (Mixed) (GCLocker Initiated GC)
[134.503s][info][gc,task     ] GC(762) Using 6 workers of 6 for evacuation
[134.504s][info][gc,phases   ] GC(762)   Pre Evacuate Collection Set: 0.1ms
[134.504s][info][gc,phases   ] GC(762)   Merge Heap Roots: 0.1ms
[134.504s][info][gc,phases   ] GC(762)   Evacuate Collection Set: 0.7ms
[134.504s][info][gc,phases   ] GC(762)   Post Evacuate Collection Set: 0.6ms
[134.504s][info][gc,phases   ] GC(762)   Other: 0.3ms
[134.504s][info][gc,heap     ] GC(762) Eden regions: 8->0(116)
[134.504s][info][gc,heap     ] GC(762) Survivor regions: 2->2(2)
[134.504s][info][gc,heap     ] GC(762) Old regions: 41->41
[134.504s][info][gc,heap     ] GC(762) Archive regions: 0->0
[134.504s][info][gc,heap     ] GC(762) Humongous regions: 16->4
[134.504s][info][gc,metaspace] GC(762) Metaspace: 37325K(37632K)->37325K(37632K) NonClass: 33321K(33472K)->33321K(33472K) Class: 4003K(4160K)->4003K(4160K)
[134.504s][info][gc          ] GC(762) Pause Young (Mixed) (GCLocker Initiated GC) 65M->46M(197M) 1.792ms
[134.504s][info][gc,cpu      ] GC(762) User=0.00s Sys=0.00s Real=0.00s
[134.578s][info][gc,start    ] GC(763) Pause Young (Concurrent Start) (G1 Humongous Allocation)
[134.578s][info][gc,task     ] GC(763) Using 6 workers of 6 for evacuation
[134.580s][info][gc,phases   ] GC(763)   Pre Evacuate Collection Set: 0.2ms
[134.580s][info][gc,phases   ] GC(763)   Merge Heap Roots: 0.0ms
[134.580s][info][gc,phases   ] GC(763)   Evacuate Collection Set: 0.8ms
[134.580s][info][gc,phases   ] GC(763)   Post Evacuate Collection Set: 0.5ms
[134.580s][info][gc,phases   ] GC(763)   Other: 0.3ms
[134.580s][info][gc,heap     ] GC(763) Eden regions: 7->0(128)
[134.580s][info][gc,heap     ] GC(763) Survivor regions: 2->1(15)
[134.580s][info][gc,heap     ] GC(763) Old regions: 41->41
[134.580s][info][gc,heap     ] GC(763) Archive regions: 0->0
[134.580s][info][gc,heap     ] GC(763) Humongous regions: 4->4
[134.580s][info][gc,metaspace] GC(763) Metaspace: 37325K(37632K)->37325K(37632K) NonClass: 33321K(33472K)->33321K(33472K) Class: 4003K(4160K)->4003K(4160K)
[134.580s][info][gc          ] GC(763) Pause Young (Concurrent Start) (G1 Humongous Allocation) 53M->45M(216M) 1.805ms
[134.580s][info][gc,cpu      ] GC(763) User=0.00s Sys=0.00s Real=0.00s
[134.580s][info][gc          ] GC(764) Concurrent Undo Cycle
[134.580s][info][gc,marking  ] GC(764) Concurrent Cleanup for Next Mark
[134.581s][info][gc,marking  ] GC(764) Concurrent Cleanup for Next Mark 0.208ms
[134.581s][info][gc          ] GC(764) Concurrent Undo Cycle 0.273ms
[134.583s][info][gc,start    ] GC(765) Pause Young (Concurrent Start) (G1 Humongous Allocation)
[134.583s][info][gc,task     ] GC(765) Using 6 workers of 6 for evacuation
[134.584s][info][gc,phases   ] GC(765)   Pre Evacuate Collection Set: 0.2ms
[134.584s][info][gc,phases   ] GC(765)   Merge Heap Roots: 0.0ms
[134.584s][info][gc,phases   ] GC(765)   Evacuate Collection Set: 0.8ms
[134.584s][info][gc,phases   ] GC(765)   Post Evacuate Collection Set: 0.5ms
[134.584s][info][gc,phases   ] GC(765)   Other: 0.3ms
[134.584s][info][gc,heap     ] GC(765) Eden regions: 0->0(128)
[134.584s][info][gc,heap     ] GC(765) Survivor regions: 1->1(17)
[134.584s][info][gc,heap     ] GC(765) Old regions: 41->41
[134.584s][info][gc,heap     ] GC(765) Archive regions: 0->0
[134.584s][info][gc,heap     ] GC(765) Humongous regions: 8->8
[134.584s][info][gc,metaspace] GC(765) Metaspace: 37325K(37632K)->37325K(37632K) NonClass: 33321K(33472K)->33321K(33472K) Class: 4003K(4160K)->4003K(4160K)
[134.584s][info][gc          ] GC(765) Pause Young (Concurrent Start) (G1 Humongous Allocation) 49M->49M(216M) 1.850ms
[134.585s][info][gc,cpu      ] GC(765) User=0.02s Sys=0.00s Real=0.00s
[134.585s][info][gc          ] GC(766) Concurrent Mark Cycle
[134.585s][info][gc,marking  ] GC(766) Concurrent Clear Claimed Marks
[134.585s][info][gc,marking  ] GC(766) Concurrent Clear Claimed Marks 0.032ms
[134.585s][info][gc,marking  ] GC(766) Concurrent Scan Root Regions
[134.585s][info][gc,marking  ] GC(766) Concurrent Scan Root Regions 0.612ms
[134.585s][info][gc,marking  ] GC(766) Concurrent Mark
[134.585s][info][gc,marking  ] GC(766) Concurrent Mark From Roots
[134.585s][info][gc,task     ] GC(766) Using 2 workers of 2 for marking
[134.596s][info][gc,marking  ] GC(766) Concurrent Mark From Roots 10.731ms
[134.596s][info][gc,marking  ] GC(766) Concurrent Preclean
[134.596s][info][gc,marking  ] GC(766) Concurrent Preclean 0.163ms
[134.597s][info][gc,start    ] GC(766) Pause Remark
[134.599s][info][gc          ] GC(766) Pause Remark 58M->58M(200M) 2.252ms
[134.599s][info][gc,cpu      ] GC(766) User=0.03s Sys=0.00s Real=0.00s
[134.599s][info][gc,marking  ] GC(766) Concurrent Mark 13.742ms
[134.599s][info][gc,marking  ] GC(766) Concurrent Rebuild Remembered Sets
[134.604s][info][gc,marking  ] GC(766) Concurrent Rebuild Remembered Sets 5.158ms
[134.605s][info][gc,start    ] GC(766) Pause Cleanup
[134.605s][info][gc          ] GC(766) Pause Cleanup 59M->59M(200M) 0.082ms
[134.605s][info][gc,cpu      ] GC(766) User=0.00s Sys=0.00s Real=0.00s
[134.605s][info][gc,marking  ] GC(766) Concurrent Cleanup for Next Mark
[134.605s][info][gc,marking  ] GC(766) Concurrent Cleanup for Next Mark 0.120ms
[134.605s][info][gc          ] GC(766) Concurrent Mark Cycle 20.383ms
[135.200s][info][gc,start    ] GC(767) Pause Young (Prepare Mixed) (G1 Preventive Collection)
[135.200s][info][gc,task     ] GC(767) Using 6 workers of 6 for evacuation
[135.201s][info][gc,phases   ] GC(767)   Pre Evacuate Collection Set: 0.1ms
[135.201s][info][gc,phases   ] GC(767)   Merge Heap Roots: 0.0ms
[135.201s][info][gc,phases   ] GC(767)   Evacuate Collection Set: 0.6ms
[135.201s][info][gc,phases   ] GC(767)   Post Evacuate Collection Set: 0.5ms
[135.201s][info][gc,phases   ] GC(767)   Other: 0.3ms
[135.201s][info][gc,heap     ] GC(767) Eden regions: 72->0(8)
[135.201s][info][gc,heap     ] GC(767) Survivor regions: 1->2(15)
[135.201s][info][gc,heap     ] GC(767) Old regions: 41->41
[135.201s][info][gc,heap     ] GC(767) Archive regions: 0->0
[135.201s][info][gc,heap     ] GC(767) Humongous regions: 80->8
[135.201s][info][gc,metaspace] GC(767) Metaspace: 37328K(37632K)->37328K(37632K) NonClass: 33324K(33472K)->33324K(33472K) Class: 4003K(4160K)->4003K(4160K)
[135.201s][info][gc          ] GC(767) Pause Young (Prepare Mixed) (G1 Preventive Collection) 193M->50M(200M) 1.580ms
[135.201s][info][gc,cpu      ] GC(767) User=0.00s Sys=0.00s Real=0.00s
[135.231s][info][gc,start    ] GC(768) Pause Young (Mixed) (GCLocker Initiated GC)
[135.231s][info][gc,task     ] GC(768) Using 6 workers of 6 for evacuation
[135.233s][info][gc,phases   ] GC(768)   Pre Evacuate Collection Set: 0.1ms
[135.233s][info][gc,phases   ] GC(768)   Merge Heap Roots: 0.1ms
[135.233s][info][gc,phases   ] GC(768)   Evacuate Collection Set: 0.6ms
[135.233s][info][gc,phases   ] GC(768)   Post Evacuate Collection Set: 0.4ms
[135.233s][info][gc,phases   ] GC(768)   Other: 0.3ms
[135.233s][info][gc,heap     ] GC(768) Eden regions: 9->0(119)
[135.233s][info][gc,heap     ] GC(768) Survivor regions: 2->1(2)
[135.233s][info][gc,heap     ] GC(768) Old regions: 41->42
[135.233s][info][gc,heap     ] GC(768) Archive regions: 0->0
[135.233s][info][gc,heap     ] GC(768) Humongous regions: 16->4
[135.233s][info][gc,metaspace] GC(768) Metaspace: 37328K(37632K)->37328K(37632K) NonClass: 33324K(33472K)->33324K(33472K) Class: 4003K(4160K)->4003K(4160K)
[135.233s][info][gc          ] GC(768) Pause Young (Mixed) (GCLocker Initiated GC) 66M->45M(200M) 1.550ms
[135.233s][info][gc,cpu      ] GC(768) User=0.00s Sys=0.00s Real=0.00s
[135.306s][info][gc,start    ] GC(769) Pause Young (Concurrent Start) (GCLocker Initiated GC)
[135.306s][info][gc,task     ] GC(769) Using 6 workers of 6 for evacuation
[135.308s][info][gc,phases   ] GC(769)   Pre Evacuate Collection Set: 0.2ms
[135.308s][info][gc,phases   ] GC(769)   Merge Heap Roots: 0.1ms
[135.308s][info][gc,phases   ] GC(769)   Evacuate Collection Set: 1.0ms
[135.308s][info][gc,phases   ] GC(769)   Post Evacuate Collection Set: 0.6ms
[135.308s][info][gc,phases   ] GC(769)   Other: 0.3ms
[135.308s][info][gc,heap     ] GC(769) Eden regions: 1->0(119)
[135.308s][info][gc,heap     ] GC(769) Survivor regions: 1->1(15)
[135.308s][info][gc,heap     ] GC(769) Old regions: 42->42
[135.308s][info][gc,heap     ] GC(769) Archive regions: 0->0
[135.308s][info][gc,heap     ] GC(769) Humongous regions: 4->4
[135.308s][info][gc,metaspace] GC(769) Metaspace: 37328K(37632K)->37328K(37632K) NonClass: 33324K(33472K)->33324K(33472K) Class: 4003K(4160K)->4003K(4160K)
[135.308s][info][gc          ] GC(769) Pause Young (Concurrent Start) (GCLocker Initiated GC) 46M->45M(200M) 2.086ms
[135.308s][info][gc,cpu      ] GC(769) User=0.00s Sys=0.00s Real=0.00s
[135.308s][info][gc          ] GC(770) Concurrent Mark Cycle
[135.308s][info][gc,marking  ] GC(770) Concurrent Clear Claimed Marks
[135.308s][info][gc,marking  ] GC(770) Concurrent Clear Claimed Marks 0.023ms
[135.308s][info][gc,marking  ] GC(770) Concurrent Scan Root Regions
[135.309s][info][gc,marking  ] GC(770) Concurrent Scan Root Regions 0.522ms
[135.309s][info][gc,marking  ] GC(770) Concurrent Mark
[135.309s][info][gc,marking  ] GC(770) Concurrent Mark From Roots
[135.309s][info][gc,task     ] GC(770) Using 2 workers of 2 for marking
[135.318s][info][gc,marking  ] GC(770) Concurrent Mark From Roots 9.615ms
[135.319s][info][gc,marking  ] GC(770) Concurrent Preclean
[135.319s][info][gc,marking  ] GC(770) Concurrent Preclean 0.200ms
[135.319s][info][gc,start    ] GC(770) Pause Remark
[135.323s][info][gc          ] GC(770) Pause Remark 61M->61M(200M) 4.103ms
[135.323s][info][gc,cpu      ] GC(770) User=0.00s Sys=0.00s Real=0.01s
[135.325s][info][gc,marking  ] GC(770) Concurrent Mark 15.769ms
[135.325s][info][gc,marking  ] GC(770) Concurrent Rebuild Remembered Sets
[135.330s][info][gc,marking  ] GC(770) Concurrent Rebuild Remembered Sets 5.382ms
[135.331s][info][gc,start    ] GC(770) Pause Cleanup
[135.331s][info][gc          ] GC(770) Pause Cleanup 64M->64M(200M) 0.156ms
[135.331s][info][gc,cpu      ] GC(770) User=0.00s Sys=0.00s Real=0.00s
[135.331s][info][gc,marking  ] GC(770) Concurrent Cleanup for Next Mark
[135.331s][info][gc,marking  ] GC(770) Concurrent Cleanup for Next Mark 0.122ms
[135.331s][info][gc          ] GC(770) Concurrent Mark Cycle 22.981ms
[135.926s][info][gc,start    ] GC(771) Pause Young (Prepare Mixed) (GCLocker Initiated GC)
[135.926s][info][gc,task     ] GC(771) Using 6 workers of 6 for evacuation
[135.928s][info][gc,phases   ] GC(771)   Pre Evacuate Collection Set: 0.2ms
[135.928s][info][gc,phases   ] GC(771)   Merge Heap Roots: 0.1ms
[135.928s][info][gc,phases   ] GC(771)   Evacuate Collection Set: 0.8ms
[135.928s][info][gc,phases   ] GC(771)   Post Evacuate Collection Set: 0.8ms
[135.928s][info][gc,phases   ] GC(771)   Other: 0.3ms
[135.928s][info][gc,heap     ] GC(771) Eden regions: 71->0(8)
[135.928s][info][gc,heap     ] GC(771) Survivor regions: 1->2(15)
[135.928s][info][gc,heap     ] GC(771) Old regions: 42->42
[135.928s][info][gc,heap     ] GC(771) Archive regions: 0->0
[135.928s][info][gc,heap     ] GC(771) Humongous regions: 88->8
[135.928s][info][gc,metaspace] GC(771) Metaspace: 37328K(37632K)->37328K(37632K) NonClass: 33324K(33472K)->33324K(33472K) Class: 4003K(4160K)->4003K(4160K)
[135.928s][info][gc          ] GC(771) Pause Young (Prepare Mixed) (GCLocker Initiated GC) 200M->50M(204M) 2.209ms
[135.928s][info][gc,cpu      ] GC(771) User=0.02s Sys=0.00s Real=0.00s
[136.030s][info][gc,start    ] GC(772) Pause Young (Mixed) (GCLocker Initiated GC)
[136.030s][info][gc,task     ] GC(772) Using 6 workers of 6 for evacuation
[136.032s][info][gc,phases   ] GC(772)   Pre Evacuate Collection Set: 0.1ms
[136.032s][info][gc,phases   ] GC(772)   Merge Heap Roots: 0.1ms
[136.032s][info][gc,phases   ] GC(772)   Evacuate Collection Set: 0.7ms
[136.032s][info][gc,phases   ] GC(772)   Post Evacuate Collection Set: 0.6ms
[136.032s][info][gc,phases   ] GC(772)   Other: 0.3ms
[136.032s][info][gc,heap     ] GC(772) Eden regions: 8->0(121)
[136.032s][info][gc,heap     ] GC(772) Survivor regions: 2->1(2)
[136.032s][info][gc,heap     ] GC(772) Old regions: 42->42
[136.032s][info][gc,heap     ] GC(772) Archive regions: 0->0
[136.032s][info][gc,heap     ] GC(772) Humongous regions: 20->8
[136.032s][info][gc,metaspace] GC(772) Metaspace: 37328K(37632K)->37328K(37632K) NonClass: 33324K(33472K)->33324K(33472K) Class: 4003K(4160K)->4003K(4160K)
[136.032s][info][gc          ] GC(772) Pause Young (Mixed) (GCLocker Initiated GC) 70M->49M(204M) 1.740ms
[136.032s][info][gc,cpu      ] GC(772) User=0.00s Sys=0.00s Real=0.00s
[136.128s][info][gc,start    ] GC(773) Pause Young (Concurrent Start) (GCLocker Initiated GC)
[136.128s][info][gc,task     ] GC(773) Using 6 workers of 6 for evacuation
[136.130s][info][gc,phases   ] GC(773)   Pre Evacuate Collection Set: 0.1ms
[136.130s][info][gc,phases   ] GC(773)   Merge Heap Roots: 0.0ms
[136.130s][info][gc,phases   ] GC(773)   Evacuate Collection Set: 0.8ms
[136.130s][info][gc,phases   ] GC(773)   Post Evacuate Collection Set: 0.6ms
[136.130s][info][gc,phases   ] GC(773)   Other: 0.3ms
[136.130s][info][gc,heap     ] GC(773) Eden regions: 13->0(121)
[136.130s][info][gc,heap     ] GC(773) Survivor regions: 1->1(16)
[136.130s][info][gc,heap     ] GC(773) Old regions: 42->42
[136.130s][info][gc,heap     ] GC(773) Archive regions: 0->0
[136.130s][info][gc,heap     ] GC(773) Humongous regions: 8->4
[136.130s][info][gc,metaspace] GC(773) Metaspace: 37328K(37632K)->37328K(37632K) NonClass: 33324K(33472K)->33324K(33472K) Class: 4003K(4160K)->4003K(4160K)
[136.130s][info][gc          ] GC(773) Pause Young (Concurrent Start) (GCLocker Initiated GC) 62M->45M(204M) 1.886ms
[136.130s][info][gc,cpu      ] GC(773) User=0.03s Sys=0.00s Real=0.00s
[136.130s][info][gc          ] GC(774) Concurrent Mark Cycle
[136.130s][info][gc,marking  ] GC(774) Concurrent Clear Claimed Marks
[136.130s][info][gc,marking  ] GC(774) Concurrent Clear Claimed Marks 0.021ms
[136.130s][info][gc,marking  ] GC(774) Concurrent Scan Root Regions
[136.131s][info][gc,marking  ] GC(774) Concurrent Scan Root Regions 0.513ms
[136.131s][info][gc,marking  ] GC(774) Concurrent Mark
[136.131s][info][gc,marking  ] GC(774) Concurrent Mark From Roots
[136.131s][info][gc,task     ] GC(774) Using 2 workers of 2 for marking
[136.140s][info][gc,marking  ] GC(774) Concurrent Mark From Roots 9.550ms
[136.140s][info][gc,marking  ] GC(774) Concurrent Preclean
[136.141s][info][gc,marking  ] GC(774) Concurrent Preclean 0.145ms
[136.141s][info][gc,start    ] GC(774) Pause Remark
[136.145s][info][gc          ] GC(774) Pause Remark 59M->59M(204M) 3.625ms
[136.145s][info][gc,cpu      ] GC(774) User=0.00s Sys=0.00s Real=0.00s
[136.145s][info][gc,marking  ] GC(774) Concurrent Mark 14.020ms
[136.145s][info][gc,marking  ] GC(774) Concurrent Rebuild Remembered Sets
[136.150s][info][gc,marking  ] GC(774) Concurrent Rebuild Remembered Sets 4.625ms
[136.150s][info][gc,start    ] GC(774) Pause Cleanup
[136.150s][info][gc          ] GC(774) Pause Cleanup 60M->60M(204M) 0.145ms
[136.150s][info][gc,cpu      ] GC(774) User=0.00s Sys=0.00s Real=0.00s
[136.150s][info][gc,marking  ] GC(774) Concurrent Cleanup for Next Mark
[136.150s][info][gc,marking  ] GC(774) Concurrent Cleanup for Next Mark 0.144ms
[136.150s][info][gc          ] GC(774) Concurrent Mark Cycle 20.124ms
[136.771s][info][gc,start    ] GC(775) Pause Young (Prepare Mixed) (GCLocker Initiated GC)
[136.771s][info][gc,task     ] GC(775) Using 6 workers of 6 for evacuation
[136.773s][info][gc,phases   ] GC(775)   Pre Evacuate Collection Set: 0.2ms
[136.773s][info][gc,phases   ] GC(775)   Merge Heap Roots: 0.1ms
[136.773s][info][gc,phases   ] GC(775)   Evacuate Collection Set: 0.6ms
[136.773s][info][gc,phases   ] GC(775)   Post Evacuate Collection Set: 0.7ms
[136.773s][info][gc,phases   ] GC(775)   Other: 0.3ms
[136.773s][info][gc,heap     ] GC(775) Eden regions: 71->0(8)
[136.773s][info][gc,heap     ] GC(775) Survivor regions: 1->2(16)
[136.773s][info][gc,heap     ] GC(775) Old regions: 42->42
[136.773s][info][gc,heap     ] GC(775) Archive regions: 0->0
[136.773s][info][gc,heap     ] GC(775) Humongous regions: 88->4
[136.773s][info][gc,metaspace] GC(775) Metaspace: 37328K(37632K)->37328K(37632K) NonClass: 33324K(33472K)->33324K(33472K) Class: 4003K(4160K)->4003K(4160K)
[136.773s][info][gc          ] GC(775) Pause Young (Prepare Mixed) (GCLocker Initiated GC) 200M->47M(204M) 1.855ms
[136.773s][info][gc,cpu      ] GC(775) User=0.00s Sys=0.00s Real=0.00s
[136.852s][info][gc,start    ] GC(776) Pause Young (Mixed) (GCLocker Initiated GC)
[136.852s][info][gc,task     ] GC(776) Using 6 workers of 6 for evacuation
[136.854s][info][gc,phases   ] GC(776)   Pre Evacuate Collection Set: 0.3ms
[136.854s][info][gc,phases   ] GC(776)   Merge Heap Roots: 0.1ms
[136.854s][info][gc,phases   ] GC(776)   Evacuate Collection Set: 0.6ms
[136.854s][info][gc,phases   ] GC(776)   Post Evacuate Collection Set: 0.5ms
[136.854s][info][gc,phases   ] GC(776)   Other: 0.3ms
[136.854s][info][gc,heap     ] GC(776) Eden regions: 9->0(121)
[136.854s][info][gc,heap     ] GC(776) Survivor regions: 2->1(2)
[136.854s][info][gc,heap     ] GC(776) Old regions: 42->43
[136.854s][info][gc,heap     ] GC(776) Archive regions: 0->0
[136.854s][info][gc,heap     ] GC(776) Humongous regions: 16->8
[136.854s][info][gc,metaspace] GC(776) Metaspace: 37328K(37632K)->37328K(37632K) NonClass: 33324K(33472K)->33324K(33472K) Class: 4003K(4160K)->4003K(4160K)
[136.854s][info][gc          ] GC(776) Pause Young (Mixed) (GCLocker Initiated GC) 67M->50M(204M) 1.736ms
[136.854s][info][gc,cpu      ] GC(776) User=0.00s Sys=0.00s Real=0.00s
[136.954s][info][gc,start    ] GC(777) Pause Young (Concurrent Start) (GCLocker Initiated GC)
[136.954s][info][gc,task     ] GC(777) Using 6 workers of 6 for evacuation
[136.956s][info][gc,phases   ] GC(777)   Pre Evacuate Collection Set: 0.2ms
[136.956s][info][gc,phases   ] GC(777)   Merge Heap Roots: 0.1ms
[136.956s][info][gc,phases   ] GC(777)   Evacuate Collection Set: 0.7ms
[136.956s][info][gc,phases   ] GC(777)   Post Evacuate Collection Set: 0.6ms
[136.956s][info][gc,phases   ] GC(777)   Other: 0.3ms
[136.956s][info][gc,heap     ] GC(777) Eden regions: 9->0(121)
[136.956s][info][gc,heap     ] GC(777) Survivor regions: 1->1(16)
[136.956s][info][gc,heap     ] GC(777) Old regions: 43->43
[136.956s][info][gc,heap     ] GC(777) Archive regions: 0->0
[136.956s][info][gc,heap     ] GC(777) Humongous regions: 8->4
[136.956s][info][gc,metaspace] GC(777) Metaspace: 37328K(37632K)->37328K(37632K) NonClass: 33324K(33472K)->33324K(33472K) Class: 4003K(4160K)->4003K(4160K)
[136.956s][info][gc          ] GC(777) Pause Young (Concurrent Start) (GCLocker Initiated GC) 58M->46M(204M) 1.934ms
[136.956s][info][gc,cpu      ] GC(777) User=0.00s Sys=0.00s Real=0.00s
[136.956s][info][gc          ] GC(778) Concurrent Mark Cycle
[136.956s][info][gc,marking  ] GC(778) Concurrent Clear Claimed Marks
[136.956s][info][gc,marking  ] GC(778) Concurrent Clear Claimed Marks 0.018ms
[136.956s][info][gc,marking  ] GC(778) Concurrent Scan Root Regions
[136.956s][info][gc,marking  ] GC(778) Concurrent Scan Root Regions 0.520ms
[136.956s][info][gc,marking  ] GC(778) Concurrent Mark
[136.956s][info][gc,marking  ] GC(778) Concurrent Mark From Roots
[136.956s][info][gc,task     ] GC(778) Using 2 workers of 2 for marking
[136.966s][info][gc,marking  ] GC(778) Concurrent Mark From Roots 10.013ms
[136.966s][info][gc,marking  ] GC(778) Concurrent Preclean
[136.967s][info][gc,marking  ] GC(778) Concurrent Preclean 0.159ms
[136.967s][info][gc,start    ] GC(778) Pause Remark
[136.972s][info][gc          ] GC(778) Pause Remark 59M->59M(204M) 5.140ms
[136.972s][info][gc,cpu      ] GC(778) User=0.00s Sys=0.00s Real=0.01s
[136.972s][info][gc,marking  ] GC(778) Concurrent Mark 15.921ms
[136.972s][info][gc,marking  ] GC(778) Concurrent Rebuild Remembered Sets
[136.977s][info][gc,marking  ] GC(778) Concurrent Rebuild Remembered Sets 5.049ms
[136.978s][info][gc,start    ] GC(778) Pause Cleanup
[136.978s][info][gc          ] GC(778) Pause Cleanup 60M->60M(204M) 0.149ms
[136.978s][info][gc,cpu      ] GC(778) User=0.00s Sys=0.00s Real=0.00s
[136.978s][info][gc,marking  ] GC(778) Concurrent Cleanup for Next Mark
[136.978s][info][gc,marking  ] GC(778) Concurrent Cleanup for Next Mark 0.182ms
[136.978s][info][gc          ] GC(778) Concurrent Mark Cycle 22.559ms
[137.574s][info][gc,start    ] GC(779) Pause Young (Prepare Mixed) (GCLocker Initiated GC)
[137.574s][info][gc,task     ] GC(779) Using 6 workers of 6 for evacuation
[137.576s][info][gc,phases   ] GC(779)   Pre Evacuate Collection Set: 0.2ms
[137.576s][info][gc,phases   ] GC(779)   Merge Heap Roots: 0.1ms
[137.576s][info][gc,phases   ] GC(779)   Evacuate Collection Set: 0.8ms
[137.576s][info][gc,phases   ] GC(779)   Post Evacuate Collection Set: 0.6ms
[137.576s][info][gc,phases   ] GC(779)   Other: 0.4ms
[137.576s][info][gc,heap     ] GC(779) Eden regions: 71->0(9)
[137.576s][info][gc,heap     ] GC(779) Survivor regions: 1->1(16)
[137.576s][info][gc,heap     ] GC(779) Old regions: 43->43
[137.576s][info][gc,heap     ] GC(779) Archive regions: 0->0
[137.576s][info][gc,heap     ] GC(779) Humongous regions: 84->8
[137.576s][info][gc,metaspace] GC(779) Metaspace: 37329K(37632K)->37329K(37632K) NonClass: 33325K(33472K)->33325K(33472K) Class: 4003K(4160K)->4003K(4160K)
[137.576s][info][gc          ] GC(779) Pause Young (Prepare Mixed) (GCLocker Initiated GC) 197M->50M(204M) 1.976ms
[137.576s][info][gc,cpu      ] GC(779) User=0.00s Sys=0.00s Real=0.00s
[137.609s][info][gc,start    ] GC(780) Pause Young (Mixed) (GCLocker Initiated GC)
[137.609s][info][gc,task     ] GC(780) Using 6 workers of 6 for evacuation
[137.611s][info][gc,phases   ] GC(780)   Pre Evacuate Collection Set: 0.2ms
[137.611s][info][gc,phases   ] GC(780)   Merge Heap Roots: 0.0ms
[137.611s][info][gc,phases   ] GC(780)   Evacuate Collection Set: 0.7ms
[137.611s][info][gc,phases   ] GC(780)   Post Evacuate Collection Set: 0.7ms
[137.611s][info][gc,phases   ] GC(780)   Other: 0.4ms
[137.611s][info][gc,heap     ] GC(780) Eden regions: 9->0(121)
[137.611s][info][gc,heap     ] GC(780) Survivor regions: 1->1(2)
[137.611s][info][gc,heap     ] GC(780) Old regions: 43->42
[137.611s][info][gc,heap     ] GC(780) Archive regions: 0->0
[137.611s][info][gc,heap     ] GC(780) Humongous regions: 12->4
[137.611s][info][gc,metaspace] GC(780) Metaspace: 37329K(37632K)->37329K(37632K) NonClass: 33325K(33472K)->33325K(33472K) Class: 4003K(4160K)->4003K(4160K)
[137.611s][info][gc          ] GC(780) Pause Young (Mixed) (GCLocker Initiated GC) 63M->46M(204M) 1.895ms
[137.611s][info][gc,cpu      ] GC(780) User=0.00s Sys=0.00s Real=0.00s
[137.677s][info][gc,start    ] GC(781) Pause Young (Concurrent Start) (GCLocker Initiated GC)
[137.677s][info][gc,task     ] GC(781) Using 6 workers of 6 for evacuation
[137.679s][info][gc,phases   ] GC(781)   Pre Evacuate Collection Set: 0.1ms
[137.679s][info][gc,phases   ] GC(781)   Merge Heap Roots: 0.1ms
[137.679s][info][gc,phases   ] GC(781)   Evacuate Collection Set: 0.8ms
[137.679s][info][gc,phases   ] GC(781)   Post Evacuate Collection Set: 0.5ms
[137.679s][info][gc,phases   ] GC(781)   Other: 0.3ms
[137.679s][info][gc,heap     ] GC(781) Eden regions: 6->0(121)
[137.679s][info][gc,heap     ] GC(781) Survivor regions: 1->1(16)
[137.679s][info][gc,heap     ] GC(781) Old regions: 42->42
[137.679s][info][gc,heap     ] GC(781) Archive regions: 0->0
[137.679s][info][gc,heap     ] GC(781) Humongous regions: 4->4
[137.679s][info][gc,metaspace] GC(781) Metaspace: 37329K(37632K)->37329K(37632K) NonClass: 33325K(33472K)->33325K(33472K) Class: 4003K(4160K)->4003K(4160K)
[137.679s][info][gc          ] GC(781) Pause Young (Concurrent Start) (GCLocker Initiated GC) 52M->46M(204M) 1.804ms
[137.679s][info][gc,cpu      ] GC(781) User=0.00s Sys=0.00s Real=0.00s
[137.679s][info][gc          ] GC(782) Concurrent Mark Cycle
[137.679s][info][gc,marking  ] GC(782) Concurrent Clear Claimed Marks
[137.679s][info][gc,marking  ] GC(782) Concurrent Clear Claimed Marks 0.021ms
[137.679s][info][gc,marking  ] GC(782) Concurrent Scan Root Regions
[137.680s][info][gc,marking  ] GC(782) Concurrent Scan Root Regions 0.425ms
[137.680s][info][gc,marking  ] GC(782) Concurrent Mark
[137.680s][info][gc,marking  ] GC(782) Concurrent Mark From Roots
[137.680s][info][gc,task     ] GC(782) Using 2 workers of 2 for marking
[137.689s][info][gc,marking  ] GC(782) Concurrent Mark From Roots 9.503ms
[137.689s][info][gc,marking  ] GC(782) Concurrent Preclean
[137.689s][info][gc,marking  ] GC(782) Concurrent Preclean 0.124ms
[137.690s][info][gc,start    ] GC(782) Pause Remark
[137.692s][info][gc          ] GC(782) Pause Remark 59M->59M(204M) 2.392ms
[137.692s][info][gc,cpu      ] GC(782) User=0.00s Sys=0.00s Real=0.00s
[137.692s][info][gc,marking  ] GC(782) Concurrent Mark 12.709ms
[137.692s][info][gc,marking  ] GC(782) Concurrent Rebuild Remembered Sets
[137.697s][info][gc,marking  ] GC(782) Concurrent Rebuild Remembered Sets 5.035ms
[137.698s][info][gc,start    ] GC(782) Pause Cleanup
[137.698s][info][gc          ] GC(782) Pause Cleanup 60M->60M(204M) 0.110ms
[137.698s][info][gc,cpu      ] GC(782) User=0.00s Sys=0.00s Real=0.00s
[137.698s][info][gc,marking  ] GC(782) Concurrent Cleanup for Next Mark
[137.698s][info][gc,marking  ] GC(782) Concurrent Cleanup for Next Mark 0.105ms
[137.698s][info][gc          ] GC(782) Concurrent Mark Cycle 18.998ms
[138.334s][info][gc,start    ] GC(783) Pause Young (Prepare Mixed) (G1 Preventive Collection)
[138.334s][info][gc,task     ] GC(783) Using 6 workers of 6 for evacuation
[138.336s][info][gc,phases   ] GC(783)   Pre Evacuate Collection Set: 0.1ms
[138.336s][info][gc,phases   ] GC(783)   Merge Heap Roots: 0.1ms
[138.336s][info][gc,phases   ] GC(783)   Evacuate Collection Set: 0.7ms
[138.336s][info][gc,phases   ] GC(783)   Post Evacuate Collection Set: 0.5ms
[138.336s][info][gc,phases   ] GC(783)   Other: 0.3ms
[138.336s][info][gc,heap     ] GC(783) Eden regions: 71->0(8)
[138.336s][info][gc,heap     ] GC(783) Survivor regions: 1->2(16)
[138.336s][info][gc,heap     ] GC(783) Old regions: 42->42
[138.336s][info][gc,heap     ] GC(783) Archive regions: 0->0
[138.336s][info][gc,heap     ] GC(783) Humongous regions: 88->4
[138.336s][info][gc,metaspace] GC(783) Metaspace: 37329K(37632K)->37329K(37632K) NonClass: 33325K(33472K)->33325K(33472K) Class: 4003K(4160K)->4003K(4160K)
[138.336s][info][gc          ] GC(783) Pause Young (Prepare Mixed) (G1 Preventive Collection) 200M->47M(204M) 1.731ms
[138.336s][info][gc,cpu      ] GC(783) User=0.00s Sys=0.00s Real=0.00s
[138.421s][info][gc,start    ] GC(784) Pause Young (Mixed) (GCLocker Initiated GC)
[138.421s][info][gc,task     ] GC(784) Using 6 workers of 6 for evacuation
[138.422s][info][gc,phases   ] GC(784)   Pre Evacuate Collection Set: 0.2ms
[138.422s][info][gc,phases   ] GC(784)   Merge Heap Roots: 0.1ms
[138.422s][info][gc,phases   ] GC(784)   Evacuate Collection Set: 0.7ms
[138.422s][info][gc,phases   ] GC(784)   Post Evacuate Collection Set: 0.6ms
[138.422s][info][gc,phases   ] GC(784)   Other: 0.3ms
[138.422s][info][gc,heap     ] GC(784) Eden regions: 8->0(121)
[138.422s][info][gc,heap     ] GC(784) Survivor regions: 2->1(2)
[138.422s][info][gc,heap     ] GC(784) Old regions: 42->43
[138.422s][info][gc,heap     ] GC(784) Archive regions: 0->0
[138.422s][info][gc,heap     ] GC(784) Humongous regions: 16->8
[138.422s][info][gc,metaspace] GC(784) Metaspace: 37329K(37632K)->37329K(37632K) NonClass: 33325K(33472K)->33325K(33472K) Class: 4003K(4160K)->4003K(4160K)
[138.422s][info][gc          ] GC(784) Pause Young (Mixed) (GCLocker Initiated GC) 67M->50M(204M) 1.871ms
[138.423s][info][gc,cpu      ] GC(784) User=0.00s Sys=0.00s Real=0.00s
[138.512s][info][gc,start    ] GC(785) Pause Young (Concurrent Start) (G1 Humongous Allocation)
[138.513s][info][gc,task     ] GC(785) Using 6 workers of 6 for evacuation
[138.514s][info][gc,phases   ] GC(785)   Pre Evacuate Collection Set: 0.2ms
[138.515s][info][gc,phases   ] GC(785)   Merge Heap Roots: 0.1ms
[138.515s][info][gc,phases   ] GC(785)   Evacuate Collection Set: 0.9ms
[138.515s][info][gc,phases   ] GC(785)   Post Evacuate Collection Set: 0.7ms
[138.515s][info][gc,phases   ] GC(785)   Other: 0.3ms
[138.515s][info][gc,heap     ] GC(785) Eden regions: 8->0(121)
[138.515s][info][gc,heap     ] GC(785) Survivor regions: 1->1(16)
[138.515s][info][gc,heap     ] GC(785) Old regions: 43->43
[138.515s][info][gc,heap     ] GC(785) Archive regions: 0->0
[138.515s][info][gc,heap     ] GC(785) Humongous regions: 8->4
[138.515s][info][gc,metaspace] GC(785) Metaspace: 37329K(37632K)->37329K(37632K) NonClass: 33325K(33472K)->33325K(33472K) Class: 4003K(4160K)->4003K(4160K)
[138.515s][info][gc          ] GC(785) Pause Young (Concurrent Start) (G1 Humongous Allocation) 57M->46M(204M) 2.129ms
[138.515s][info][gc,cpu      ] GC(785) User=0.00s Sys=0.00s Real=0.00s
[138.515s][info][gc          ] GC(786) Concurrent Mark Cycle
[138.515s][info][gc,marking  ] GC(786) Concurrent Clear Claimed Marks
[138.515s][info][gc,marking  ] GC(786) Concurrent Clear Claimed Marks 0.020ms
[138.515s][info][gc,marking  ] GC(786) Concurrent Scan Root Regions
[138.515s][info][gc,marking  ] GC(786) Concurrent Scan Root Regions 0.539ms
[138.515s][info][gc,marking  ] GC(786) Concurrent Mark
[138.515s][info][gc,marking  ] GC(786) Concurrent Mark From Roots
[138.515s][info][gc,task     ] GC(786) Using 2 workers of 2 for marking
[138.526s][info][gc,marking  ] GC(786) Concurrent Mark From Roots 10.613ms
[138.526s][info][gc,marking  ] GC(786) Concurrent Preclean
[138.526s][info][gc,marking  ] GC(786) Concurrent Preclean 0.165ms
[138.527s][info][gc,start    ] GC(786) Pause Remark
[138.531s][info][gc          ] GC(786) Pause Remark 60M->60M(204M) 4.910ms
[138.532s][info][gc,cpu      ] GC(786) User=0.00s Sys=0.00s Real=0.01s
[138.532s][info][gc,marking  ] GC(786) Concurrent Mark 16.372ms
[138.532s][info][gc,marking  ] GC(786) Concurrent Rebuild Remembered Sets
[138.536s][info][gc,marking  ] GC(786) Concurrent Rebuild Remembered Sets 4.578ms
[138.537s][info][gc,start    ] GC(786) Pause Cleanup
[138.537s][info][gc          ] GC(786) Pause Cleanup 61M->61M(204M) 0.112ms
[138.537s][info][gc,cpu      ] GC(786) User=0.00s Sys=0.00s Real=0.00s
[138.537s][info][gc,marking  ] GC(786) Concurrent Cleanup for Next Mark
[138.537s][info][gc,marking  ] GC(786) Concurrent Cleanup for Next Mark 0.143ms
[138.537s][info][gc          ] GC(786) Concurrent Mark Cycle 22.443ms
[139.158s][info][gc,start    ] GC(787) Pause Young (Prepare Mixed) (G1 Preventive Collection)
[139.159s][info][gc,task     ] GC(787) Using 6 workers of 6 for evacuation
[139.160s][info][gc,phases   ] GC(787)   Pre Evacuate Collection Set: 0.2ms
[139.160s][info][gc,phases   ] GC(787)   Merge Heap Roots: 0.0ms
[139.160s][info][gc,phases   ] GC(787)   Evacuate Collection Set: 0.6ms
[139.160s][info][gc,phases   ] GC(787)   Post Evacuate Collection Set: 0.7ms
[139.160s][info][gc,phases   ] GC(787)   Other: 0.3ms
[139.160s][info][gc,heap     ] GC(787) Eden regions: 72->0(9)
[139.160s][info][gc,heap     ] GC(787) Survivor regions: 1->1(16)
[139.160s][info][gc,heap     ] GC(787) Old regions: 43->43
[139.160s][info][gc,heap     ] GC(787) Archive regions: 0->0
[139.160s][info][gc,heap     ] GC(787) Humongous regions: 84->8
[139.160s][info][gc,metaspace] GC(787) Metaspace: 37329K(37632K)->37329K(37632K) NonClass: 33325K(33472K)->33325K(33472K) Class: 4003K(4160K)->4003K(4160K)
[139.160s][info][gc          ] GC(787) Pause Young (Prepare Mixed) (G1 Preventive Collection) 198M->51M(204M) 1.798ms
[139.160s][info][gc,cpu      ] GC(787) User=0.00s Sys=0.00s Real=0.00s
[139.268s][info][gc,start    ] GC(788) Pause Young (Mixed) (G1 Evacuation Pause)
[139.268s][info][gc,task     ] GC(788) Using 6 workers of 6 for evacuation
[139.269s][info][gc,phases   ] GC(788)   Pre Evacuate Collection Set: 0.2ms
[139.269s][info][gc,phases   ] GC(788)   Merge Heap Roots: 0.1ms
[139.269s][info][gc,phases   ] GC(788)   Evacuate Collection Set: 0.6ms
[139.269s][info][gc,phases   ] GC(788)   Post Evacuate Collection Set: 0.5ms
[139.269s][info][gc,phases   ] GC(788)   Other: 0.3ms
[139.269s][info][gc,heap     ] GC(788) Eden regions: 9->0(121)
[139.269s][info][gc,heap     ] GC(788) Survivor regions: 1->1(2)
[139.269s][info][gc,heap     ] GC(788) Old regions: 43->43
[139.269s][info][gc,heap     ] GC(788) Archive regions: 0->0
[139.269s][info][gc,heap     ] GC(788) Humongous regions: 24->8
[139.269s][info][gc,metaspace] GC(788) Metaspace: 37329K(37632K)->37329K(37632K) NonClass: 33325K(33472K)->33325K(33472K) Class: 4003K(4160K)->4003K(4160K)
[139.269s][info][gc          ] GC(788) Pause Young (Mixed) (G1 Evacuation Pause) 76M->50M(204M) 1.629ms
[139.270s][info][gc,cpu      ] GC(788) User=0.00s Sys=0.00s Real=0.00s
[139.361s][info][gc,start    ] GC(789) Pause Young (Concurrent Start) (G1 Humongous Allocation)
[139.361s][info][gc,task     ] GC(789) Using 6 workers of 6 for evacuation
[139.363s][info][gc,phases   ] GC(789)   Pre Evacuate Collection Set: 0.2ms
[139.363s][info][gc,phases   ] GC(789)   Merge Heap Roots: 0.1ms
[139.363s][info][gc,phases   ] GC(789)   Evacuate Collection Set: 0.8ms
[139.363s][info][gc,phases   ] GC(789)   Post Evacuate Collection Set: 0.7ms
[139.363s][info][gc,phases   ] GC(789)   Other: 0.3ms
[139.363s][info][gc,heap     ] GC(789) Eden regions: 13->0(121)
[139.363s][info][gc,heap     ] GC(789) Survivor regions: 1->1(16)
[139.363s][info][gc,heap     ] GC(789) Old regions: 43->43
[139.363s][info][gc,heap     ] GC(789) Archive regions: 0->0
[139.363s][info][gc,heap     ] GC(789) Humongous regions: 8->4
[139.363s][info][gc,metaspace] GC(789) Metaspace: 37329K(37632K)->37329K(37632K) NonClass: 33325K(33472K)->33325K(33472K) Class: 4003K(4160K)->4003K(4160K)
[139.363s][info][gc          ] GC(789) Pause Young (Concurrent Start) (G1 Humongous Allocation) 63M->46M(204M) 2.018ms
[139.363s][info][gc,cpu      ] GC(789) User=0.00s Sys=0.00s Real=0.00s
[139.363s][info][gc          ] GC(790) Concurrent Mark Cycle
[139.363s][info][gc,marking  ] GC(790) Concurrent Clear Claimed Marks
[139.363s][info][gc,marking  ] GC(790) Concurrent Clear Claimed Marks 0.016ms
[139.363s][info][gc,marking  ] GC(790) Concurrent Scan Root Regions
[139.364s][info][gc,marking  ] GC(790) Concurrent Scan Root Regions 0.574ms
[139.364s][info][gc,marking  ] GC(790) Concurrent Mark
[139.364s][info][gc,marking  ] GC(790) Concurrent Mark From Roots
[139.364s][info][gc,task     ] GC(790) Using 2 workers of 2 for marking
[139.373s][info][gc,marking  ] GC(790) Concurrent Mark From Roots 9.591ms
[139.373s][info][gc,marking  ] GC(790) Concurrent Preclean
[139.374s][info][gc,marking  ] GC(790) Concurrent Preclean 0.178ms
[139.374s][info][gc,start    ] GC(790) Pause Remark
[139.376s][info][gc          ] GC(790) Pause Remark 60M->60M(204M) 2.419ms
[139.377s][info][gc,cpu      ] GC(790) User=0.00s Sys=0.00s Real=0.00s
[139.377s][info][gc,marking  ] GC(790) Concurrent Mark 12.980ms
[139.377s][info][gc,marking  ] GC(790) Concurrent Rebuild Remembered Sets
[139.382s][info][gc,marking  ] GC(790) Concurrent Rebuild Remembered Sets 5.460ms
[139.383s][info][gc,start    ] GC(790) Pause Cleanup
[139.383s][info][gc          ] GC(790) Pause Cleanup 61M->61M(204M) 0.156ms
[139.383s][info][gc,cpu      ] GC(790) User=0.00s Sys=0.00s Real=0.00s
[139.383s][info][gc,marking  ] GC(790) Concurrent Cleanup for Next Mark
[139.383s][info][gc,marking  ] GC(790) Concurrent Cleanup for Next Mark 0.159ms
[139.383s][info][gc          ] GC(790) Concurrent Mark Cycle 20.057ms
[139.979s][info][gc,start    ] GC(791) Pause Young (Prepare Mixed) (G1 Preventive Collection)
[139.979s][info][gc,task     ] GC(791) Using 6 workers of 6 for evacuation
[139.980s][info][gc,phases   ] GC(791)   Pre Evacuate Collection Set: 0.1ms
[139.980s][info][gc,phases   ] GC(791)   Merge Heap Roots: 0.0ms
[139.980s][info][gc,phases   ] GC(791)   Evacuate Collection Set: 0.6ms
[139.980s][info][gc,phases   ] GC(791)   Post Evacuate Collection Set: 0.4ms
[139.980s][info][gc,phases   ] GC(791)   Other: 0.3ms
[139.980s][info][gc,heap     ] GC(791) Eden regions: 71->0(8)
[139.980s][info][gc,heap     ] GC(791) Survivor regions: 1->2(16)
[139.980s][info][gc,heap     ] GC(791) Old regions: 43->43
[139.980s][info][gc,heap     ] GC(791) Archive regions: 0->0
[139.980s][info][gc,heap     ] GC(791) Humongous regions: 84->8
[139.980s][info][gc,metaspace] GC(791) Metaspace: 37329K(37632K)->37329K(37632K) NonClass: 33325K(33472K)->33325K(33472K) Class: 4003K(4160K)->4003K(4160K)
[139.980s][info][gc          ] GC(791) Pause Young (Prepare Mixed) (G1 Preventive Collection) 197M->51M(204M) 1.517ms
[139.981s][info][gc,cpu      ] GC(791) User=0.00s Sys=0.00s Real=0.00s
[140.008s][info][gc,start    ] GC(792) Pause Young (Mixed) (G1 Evacuation Pause)
[140.008s][info][gc,task     ] GC(792) Using 6 workers of 6 for evacuation
[140.010s][info][gc,phases   ] GC(792)   Pre Evacuate Collection Set: 0.2ms
[140.010s][info][gc,phases   ] GC(792)   Merge Heap Roots: 0.0ms
[140.010s][info][gc,phases   ] GC(792)   Evacuate Collection Set: 0.7ms
[140.010s][info][gc,phases   ] GC(792)   Post Evacuate Collection Set: 0.5ms
[140.010s][info][gc,phases   ] GC(792)   Other: 0.4ms
[140.010s][info][gc,heap     ] GC(792) Eden regions: 8->0(120)
[140.010s][info][gc,heap     ] GC(792) Survivor regions: 2->2(2)
[140.010s][info][gc,heap     ] GC(792) Old regions: 43->43
[140.010s][info][gc,heap     ] GC(792) Archive regions: 0->0
[140.010s][info][gc,heap     ] GC(792) Humongous regions: 12->4
[140.010s][info][gc,metaspace] GC(792) Metaspace: 37329K(37632K)->37329K(37632K) NonClass: 33325K(33472K)->33325K(33472K) Class: 4003K(4160K)->4003K(4160K)
[140.010s][info][gc          ] GC(792) Pause Young (Mixed) (G1 Evacuation Pause) 63M->47M(204M) 1.779ms
[140.010s][info][gc,cpu      ] GC(792) User=0.00s Sys=0.00s Real=0.00s
[140.083s][info][gc,start    ] GC(793) Pause Young (Concurrent Start) (G1 Humongous Allocation)
[140.083s][info][gc,task     ] GC(793) Using 6 workers of 6 for evacuation
[140.084s][info][gc,phases   ] GC(793)   Pre Evacuate Collection Set: 0.1ms
[140.084s][info][gc,phases   ] GC(793)   Merge Heap Roots: 0.1ms
[140.084s][info][gc,phases   ] GC(793)   Evacuate Collection Set: 0.7ms
[140.084s][info][gc,phases   ] GC(793)   Post Evacuate Collection Set: 0.4ms
[140.084s][info][gc,phases   ] GC(793)   Other: 0.3ms
[140.084s][info][gc,heap     ] GC(793) Eden regions: 1->0(121)
[140.084s][info][gc,heap     ] GC(793) Survivor regions: 2->1(16)
[140.084s][info][gc,heap     ] GC(793) Old regions: 43->43
[140.084s][info][gc,heap     ] GC(793) Archive regions: 0->0
[140.084s][info][gc,heap     ] GC(793) Humongous regions: 4->4
[140.084s][info][gc,metaspace] GC(793) Metaspace: 37329K(37632K)->37329K(37632K) NonClass: 33325K(33472K)->33325K(33472K) Class: 4003K(4160K)->4003K(4160K)
[140.084s][info][gc          ] GC(793) Pause Young (Concurrent Start) (G1 Humongous Allocation) 48M->46M(204M) 1.648ms
[140.085s][info][gc,cpu      ] GC(793) User=0.00s Sys=0.00s Real=0.00s
[140.085s][info][gc          ] GC(794) Concurrent Mark Cycle
[140.085s][info][gc,marking  ] GC(794) Concurrent Clear Claimed Marks
[140.085s][info][gc,marking  ] GC(794) Concurrent Clear Claimed Marks 0.025ms
[140.085s][info][gc,marking  ] GC(794) Concurrent Scan Root Regions
[140.085s][info][gc,marking  ] GC(794) Concurrent Scan Root Regions 0.636ms
[140.085s][info][gc,marking  ] GC(794) Concurrent Mark
[140.085s][info][gc,marking  ] GC(794) Concurrent Mark From Roots
[140.085s][info][gc,task     ] GC(794) Using 2 workers of 2 for marking
[140.096s][info][gc,marking  ] GC(794) Concurrent Mark From Roots 10.622ms
[140.096s][info][gc,marking  ] GC(794) Concurrent Preclean
[140.096s][info][gc,marking  ] GC(794) Concurrent Preclean 0.180ms
[140.097s][info][gc,start    ] GC(794) Pause Remark
[140.100s][info][gc          ] GC(794) Pause Remark 64M->64M(204M) 3.746ms
[140.101s][info][gc,cpu      ] GC(794) User=0.09s Sys=0.00s Real=0.00s
[140.101s][info][gc,marking  ] GC(794) Concurrent Mark 15.624ms
[140.101s][info][gc,marking  ] GC(794) Concurrent Rebuild Remembered Sets
[140.106s][info][gc,marking  ] GC(794) Concurrent Rebuild Remembered Sets 5.328ms
[140.107s][info][gc,start    ] GC(794) Pause Cleanup
[140.107s][info][gc          ] GC(794) Pause Cleanup 65M->65M(204M) 0.129ms
[140.107s][info][gc,cpu      ] GC(794) User=0.00s Sys=0.00s Real=0.00s
[140.107s][info][gc,marking  ] GC(794) Concurrent Cleanup for Next Mark
[140.108s][info][gc,marking  ] GC(794) Concurrent Cleanup for Next Mark 0.136ms
[140.108s][info][gc          ] GC(794) Concurrent Mark Cycle 22.933ms
[140.711s][info][gc,start    ] GC(795) Pause Young (Prepare Mixed) (G1 Preventive Collection)
[140.711s][info][gc,task     ] GC(795) Using 6 workers of 6 for evacuation
[140.713s][info][gc,phases   ] GC(795)   Pre Evacuate Collection Set: 0.2ms
[140.713s][info][gc,phases   ] GC(795)   Merge Heap Roots: 0.1ms
[140.713s][info][gc,phases   ] GC(795)   Evacuate Collection Set: 0.7ms
[140.713s][info][gc,phases   ] GC(795)   Post Evacuate Collection Set: 0.7ms
[140.713s][info][gc,phases   ] GC(795)   Other: 0.3ms
[140.713s][info][gc,heap     ] GC(795) Eden regions: 71->0(8)
[140.713s][info][gc,heap     ] GC(795) Survivor regions: 1->2(16)
[140.713s][info][gc,heap     ] GC(795) Old regions: 43->43
[140.713s][info][gc,heap     ] GC(795) Archive regions: 0->0
[140.713s][info][gc,heap     ] GC(795) Humongous regions: 84->8
[140.713s][info][gc,metaspace] GC(795) Metaspace: 37329K(37632K)->37329K(37632K) NonClass: 33325K(33472K)->33325K(33472K) Class: 4003K(4160K)->4003K(4160K)
[140.713s][info][gc          ] GC(795) Pause Young (Prepare Mixed) (G1 Preventive Collection) 197M->51M(204M) 1.937ms
[140.713s][info][gc,cpu      ] GC(795) User=0.00s Sys=0.00s Real=0.00s
[140.739s][info][gc,start    ] GC(796) Pause Young (Mixed) (G1 Evacuation Pause)
[140.739s][info][gc,task     ] GC(796) Using 6 workers of 6 for evacuation
[140.741s][info][gc,phases   ] GC(796)   Pre Evacuate Collection Set: 0.2ms
[140.741s][info][gc,phases   ] GC(796)   Merge Heap Roots: 0.1ms
[140.741s][info][gc,phases   ] GC(796)   Evacuate Collection Set: 0.7ms
[140.741s][info][gc,phases   ] GC(796)   Post Evacuate Collection Set: 0.7ms
[140.741s][info][gc,phases   ] GC(796)   Other: 0.3ms
[140.741s][info][gc,heap     ] GC(796) Eden regions: 8->0(120)
[140.741s][info][gc,heap     ] GC(796) Survivor regions: 2->2(2)
[140.741s][info][gc,heap     ] GC(796) Old regions: 43->43
[140.741s][info][gc,heap     ] GC(796) Archive regions: 0->0
[140.741s][info][gc,heap     ] GC(796) Humongous regions: 12->4
[140.741s][info][gc,metaspace] GC(796) Metaspace: 37329K(37632K)->37329K(37632K) NonClass: 33325K(33472K)->33325K(33472K) Class: 4003K(4160K)->4003K(4160K)
[140.741s][info][gc          ] GC(796) Pause Young (Mixed) (G1 Evacuation Pause) 63M->47M(204M) 2.175ms
[140.741s][info][gc,cpu      ] GC(796) User=0.03s Sys=0.00s Real=0.00s
[140.815s][info][gc,start    ] GC(797) Pause Young (Concurrent Start) (G1 Humongous Allocation)
[140.815s][info][gc,task     ] GC(797) Using 6 workers of 6 for evacuation
[140.817s][info][gc,phases   ] GC(797)   Pre Evacuate Collection Set: 0.2ms
[140.817s][info][gc,phases   ] GC(797)   Merge Heap Roots: 0.1ms
[140.817s][info][gc,phases   ] GC(797)   Evacuate Collection Set: 0.8ms
[140.817s][info][gc,phases   ] GC(797)   Post Evacuate Collection Set: 0.6ms
[140.817s][info][gc,phases   ] GC(797)   Other: 0.3ms
[140.817s][info][gc,heap     ] GC(797) Eden regions: 2->0(121)
[140.817s][info][gc,heap     ] GC(797) Survivor regions: 2->1(16)
[140.817s][info][gc,heap     ] GC(797) Old regions: 43->43
[140.817s][info][gc,heap     ] GC(797) Archive regions: 0->0
[140.817s][info][gc,heap     ] GC(797) Humongous regions: 8->8
[140.817s][info][gc,metaspace] GC(797) Metaspace: 37329K(37632K)->37329K(37632K) NonClass: 33325K(33472K)->33325K(33472K) Class: 4003K(4160K)->4003K(4160K)
[140.817s][info][gc          ] GC(797) Pause Young (Concurrent Start) (G1 Humongous Allocation) 52M->50M(204M) 1.901ms
[140.817s][info][gc,cpu      ] GC(797) User=0.02s Sys=0.00s Real=0.00s
[140.817s][info][gc          ] GC(798) Concurrent Undo Cycle
[140.817s][info][gc,marking  ] GC(798) Concurrent Cleanup for Next Mark
[140.818s][info][gc,marking  ] GC(798) Concurrent Cleanup for Next Mark 0.134ms
[140.818s][info][gc          ] GC(798) Concurrent Undo Cycle 0.189ms
[140.818s][info][gc,start    ] GC(799) Pause Young (Concurrent Start) (G1 Humongous Allocation)
[140.818s][info][gc,task     ] GC(799) Using 6 workers of 6 for evacuation
[140.820s][info][gc,phases   ] GC(799)   Pre Evacuate Collection Set: 0.2ms
[140.820s][info][gc,phases   ] GC(799)   Merge Heap Roots: 0.1ms
[140.820s][info][gc,phases   ] GC(799)   Evacuate Collection Set: 1.0ms
[140.820s][info][gc,phases   ] GC(799)   Post Evacuate Collection Set: 0.6ms
[140.820s][info][gc,phases   ] GC(799)   Other: 0.2ms
[140.820s][info][gc,heap     ] GC(799) Eden regions: 1->0(97)
[140.820s][info][gc,heap     ] GC(799) Survivor regions: 1->1(16)
[140.820s][info][gc,heap     ] GC(799) Old regions: 43->43
[140.820s][info][gc,heap     ] GC(799) Archive regions: 0->0
[140.820s][info][gc,heap     ] GC(799) Humongous regions: 12->8
[140.820s][info][gc,metaspace] GC(799) Metaspace: 37329K(37632K)->37329K(37632K) NonClass: 33325K(33472K)->33325K(33472K) Class: 4003K(4160K)->4003K(4160K)
[140.820s][info][gc          ] GC(799) Pause Young (Concurrent Start) (G1 Humongous Allocation) 55M->50M(204M) 2.101ms
[140.820s][info][gc,cpu      ] GC(799) User=0.00s Sys=0.00s Real=0.00s
[140.821s][info][gc          ] GC(800) Concurrent Mark Cycle
[140.821s][info][gc,marking  ] GC(800) Concurrent Clear Claimed Marks
[140.821s][info][gc,marking  ] GC(800) Concurrent Clear Claimed Marks 0.018ms
[140.821s][info][gc,marking  ] GC(800) Concurrent Scan Root Regions
[140.821s][info][gc,marking  ] GC(800) Concurrent Scan Root Regions 0.605ms
[140.821s][info][gc,marking  ] GC(800) Concurrent Mark
[140.821s][info][gc,marking  ] GC(800) Concurrent Mark From Roots
[140.821s][info][gc,task     ] GC(800) Using 2 workers of 2 for marking
[140.832s][info][gc,marking  ] GC(800) Concurrent Mark From Roots 10.347ms
[140.832s][info][gc,marking  ] GC(800) Concurrent Preclean
[140.832s][info][gc,marking  ] GC(800) Concurrent Preclean 0.169ms
[140.832s][info][gc,start    ] GC(800) Pause Remark
[140.837s][info][gc          ] GC(800) Pause Remark 60M->60M(204M) 4.774ms
[140.837s][info][gc,cpu      ] GC(800) User=0.00s Sys=0.00s Real=0.01s
[140.837s][info][gc,marking  ] GC(800) Concurrent Mark 15.984ms
[140.837s][info][gc,marking  ] GC(800) Concurrent Rebuild Remembered Sets
[140.842s][info][gc,marking  ] GC(800) Concurrent Rebuild Remembered Sets 4.877ms
[140.842s][info][gc,start    ] GC(800) Pause Cleanup
[140.843s][info][gc          ] GC(800) Pause Cleanup 62M->62M(204M) 0.115ms
[140.843s][info][gc,cpu      ] GC(800) User=0.00s Sys=0.00s Real=0.00s
[140.843s][info][gc,marking  ] GC(800) Concurrent Cleanup for Next Mark
[140.843s][info][gc,marking  ] GC(800) Concurrent Cleanup for Next Mark 0.164ms
[140.843s][info][gc          ] GC(800) Concurrent Mark Cycle 22.433ms
[141.434s][info][gc,start    ] GC(801) Pause Young (Prepare Mixed) (G1 Preventive Collection)
[141.434s][info][gc,task     ] GC(801) Using 6 workers of 6 for evacuation
[141.437s][info][gc,phases   ] GC(801)   Pre Evacuate Collection Set: 0.2ms
[141.437s][info][gc,phases   ] GC(801)   Merge Heap Roots: 0.1ms
[141.437s][info][gc,phases   ] GC(801)   Evacuate Collection Set: 0.8ms
[141.437s][info][gc,phases   ] GC(801)   Post Evacuate Collection Set: 0.8ms
[141.437s][info][gc,phases   ] GC(801)   Other: 0.3ms
[141.437s][info][gc,heap     ] GC(801) Eden regions: 71->0(8)
[141.437s][info][gc,heap     ] GC(801) Survivor regions: 1->2(13)
[141.437s][info][gc,heap     ] GC(801) Old regions: 43->43
[141.437s][info][gc,heap     ] GC(801) Archive regions: 0->0
[141.437s][info][gc,heap     ] GC(801) Humongous regions: 76->8
[141.437s][info][gc,metaspace] GC(801) Metaspace: 37329K(37632K)->37329K(37632K) NonClass: 33325K(33472K)->33325K(33472K) Class: 4003K(4160K)->4003K(4160K)
[141.437s][info][gc          ] GC(801) Pause Young (Prepare Mixed) (G1 Preventive Collection) 189M->51M(204M) 2.237ms
[141.437s][info][gc,cpu      ] GC(801) User=0.00s Sys=0.00s Real=0.00s
[141.460s][info][gc,start    ] GC(802) Pause Young (Mixed) (G1 Evacuation Pause)
[141.460s][info][gc,task     ] GC(802) Using 6 workers of 6 for evacuation
[141.462s][info][gc,phases   ] GC(802)   Pre Evacuate Collection Set: 0.2ms
[141.462s][info][gc,phases   ] GC(802)   Merge Heap Roots: 0.1ms
[141.462s][info][gc,phases   ] GC(802)   Evacuate Collection Set: 1.1ms
[141.462s][info][gc,phases   ] GC(802)   Post Evacuate Collection Set: 0.6ms
[141.462s][info][gc,phases   ] GC(802)   Other: 0.4ms
[141.462s][info][gc,heap     ] GC(802) Eden regions: 8->0(102)
[141.462s][info][gc,heap     ] GC(802) Survivor regions: 2->1(2)
[141.462s][info][gc,heap     ] GC(802) Old regions: 43->43
[141.462s][info][gc,heap     ] GC(802) Archive regions: 0->0
[141.462s][info][gc,heap     ] GC(802) Humongous regions: 16->8
[141.462s][info][gc,metaspace] GC(802) Metaspace: 37329K(37632K)->37329K(37632K) NonClass: 33325K(33472K)->33325K(33472K) Class: 4003K(4160K)->4003K(4160K)
[141.462s][info][gc          ] GC(802) Pause Young (Mixed) (G1 Evacuation Pause) 67M->50M(204M) 2.273ms
[141.462s][info][gc,cpu      ] GC(802) User=0.00s Sys=0.00s Real=0.00s
[141.665s][info][gc,start    ] GC(803) Pause Young (Concurrent Start) (G1 Humongous Allocation)
[141.665s][info][gc,task     ] GC(803) Using 6 workers of 6 for evacuation
[141.667s][info][gc,phases   ] GC(803)   Pre Evacuate Collection Set: 0.2ms
[141.667s][info][gc,phases   ] GC(803)   Merge Heap Roots: 0.1ms
[141.667s][info][gc,phases   ] GC(803)   Evacuate Collection Set: 0.8ms
[141.667s][info][gc,phases   ] GC(803)   Post Evacuate Collection Set: 0.7ms
[141.667s][info][gc,phases   ] GC(803)   Other: 0.3ms
[141.667s][info][gc,heap     ] GC(803) Eden regions: 19->0(105)
[141.667s][info][gc,heap     ] GC(803) Survivor regions: 1->1(13)
[141.667s][info][gc,heap     ] GC(803) Old regions: 43->43
[141.667s][info][gc,heap     ] GC(803) Archive regions: 0->0
[141.667s][info][gc,heap     ] GC(803) Humongous regions: 20->4
[141.667s][info][gc,metaspace] GC(803) Metaspace: 37329K(37632K)->37329K(37632K) NonClass: 33325K(33472K)->33325K(33472K) Class: 4003K(4160K)->4003K(4160K)
[141.667s][info][gc          ] GC(803) Pause Young (Concurrent Start) (G1 Humongous Allocation) 81M->46M(204M) 2.035ms
[141.667s][info][gc,cpu      ] GC(803) User=0.00s Sys=0.00s Real=0.00s
[141.667s][info][gc          ] GC(804) Concurrent Undo Cycle
[141.667s][info][gc,marking  ] GC(804) Concurrent Cleanup for Next Mark
[141.667s][info][gc,marking  ] GC(804) Concurrent Cleanup for Next Mark 0.158ms
[141.667s][info][gc          ] GC(804) Concurrent Undo Cycle 0.210ms
[141.669s][info][gc,start    ] GC(805) Pause Young (Concurrent Start) (G1 Humongous Allocation)
[141.669s][info][gc,task     ] GC(805) Using 6 workers of 6 for evacuation
[141.671s][info][gc,phases   ] GC(805)   Pre Evacuate Collection Set: 0.2ms
[141.671s][info][gc,phases   ] GC(805)   Merge Heap Roots: 0.1ms
[141.671s][info][gc,phases   ] GC(805)   Evacuate Collection Set: 0.7ms
[141.671s][info][gc,phases   ] GC(805)   Post Evacuate Collection Set: 0.5ms
[141.671s][info][gc,phases   ] GC(805)   Other: 0.3ms
[141.671s][info][gc,heap     ] GC(805) Eden regions: 1->0(107)
[141.671s][info][gc,heap     ] GC(805) Survivor regions: 1->1(14)
[141.671s][info][gc,heap     ] GC(805) Old regions: 43->43
[141.671s][info][gc,heap     ] GC(805) Archive regions: 0->0
[141.671s][info][gc,heap     ] GC(805) Humongous regions: 8->8
[141.671s][info][gc,metaspace] GC(805) Metaspace: 37329K(37632K)->37329K(37632K) NonClass: 33325K(33472K)->33325K(33472K) Class: 4003K(4160K)->4003K(4160K)
[141.671s][info][gc          ] GC(805) Pause Young (Concurrent Start) (G1 Humongous Allocation) 50M->50M(204M) 1.713ms
[141.671s][info][gc,cpu      ] GC(805) User=0.00s Sys=0.00s Real=0.00s
[141.671s][info][gc          ] GC(806) Concurrent Mark Cycle
[141.671s][info][gc,marking  ] GC(806) Concurrent Clear Claimed Marks
[141.671s][info][gc,marking  ] GC(806) Concurrent Clear Claimed Marks 0.015ms
[141.671s][info][gc,marking  ] GC(806) Concurrent Scan Root Regions
[141.672s][info][gc,marking  ] GC(806) Concurrent Scan Root Regions 0.487ms
[141.672s][info][gc,marking  ] GC(806) Concurrent Mark
[141.672s][info][gc,marking  ] GC(806) Concurrent Mark From Roots
[141.672s][info][gc,task     ] GC(806) Using 2 workers of 2 for marking
[141.682s][info][gc,marking  ] GC(806) Concurrent Mark From Roots 10.777ms
[141.682s][info][gc,marking  ] GC(806) Concurrent Preclean
[141.683s][info][gc,marking  ] GC(806) Concurrent Preclean 0.377ms
[141.683s][info][gc,start    ] GC(806) Pause Remark
[141.686s][info][gc          ] GC(806) Pause Remark 60M->60M(204M) 2.423ms
[141.686s][info][gc,cpu      ] GC(806) User=0.00s Sys=0.00s Real=0.00s
[141.686s][info][gc,marking  ] GC(806) Concurrent Mark 14.643ms
[141.686s][info][gc,marking  ] GC(806) Concurrent Rebuild Remembered Sets
[141.691s][info][gc,marking  ] GC(806) Concurrent Rebuild Remembered Sets 4.751ms
[141.691s][info][gc,start    ] GC(806) Pause Cleanup
[141.692s][info][gc          ] GC(806) Pause Cleanup 61M->61M(204M) 0.156ms
[141.692s][info][gc,cpu      ] GC(806) User=0.00s Sys=0.00s Real=0.00s
[141.692s][info][gc,marking  ] GC(806) Concurrent Cleanup for Next Mark
[141.692s][info][gc,marking  ] GC(806) Concurrent Cleanup for Next Mark 0.163ms
[141.692s][info][gc          ] GC(806) Concurrent Mark Cycle 21.011ms
[142.284s][info][gc,start    ] GC(807) Pause Young (Prepare Mixed) (G1 Preventive Collection)
[142.284s][info][gc,task     ] GC(807) Using 6 workers of 6 for evacuation
[142.286s][info][gc,phases   ] GC(807)   Pre Evacuate Collection Set: 0.2ms
[142.286s][info][gc,phases   ] GC(807)   Merge Heap Roots: 0.1ms
[142.286s][info][gc,phases   ] GC(807)   Evacuate Collection Set: 0.8ms
[142.286s][info][gc,phases   ] GC(807)   Post Evacuate Collection Set: 0.8ms
[142.286s][info][gc,phases   ] GC(807)   Other: 0.3ms
[142.286s][info][gc,heap     ] GC(807) Eden regions: 72->0(8)
[142.286s][info][gc,heap     ] GC(807) Survivor regions: 1->2(14)
[142.287s][info][gc,heap     ] GC(807) Old regions: 43->43
[142.287s][info][gc,heap     ] GC(807) Archive regions: 0->0
[142.287s][info][gc,heap     ] GC(807) Humongous regions: 76->4
[142.287s][info][gc,metaspace] GC(807) Metaspace: 37336K(37696K)->37336K(37696K) NonClass: 33332K(33536K)->33332K(33536K) Class: 4004K(4160K)->4004K(4160K)
[142.287s][info][gc          ] GC(807) Pause Young (Prepare Mixed) (G1 Preventive Collection) 190M->47M(204M) 2.239ms
[142.287s][info][gc,cpu      ] GC(807) User=0.00s Sys=0.00s Real=0.00s
[142.317s][info][gc,start    ] GC(808) Pause Young (Mixed) (G1 Evacuation Pause)
[142.317s][info][gc,task     ] GC(808) Using 6 workers of 6 for evacuation
[142.319s][info][gc,phases   ] GC(808)   Pre Evacuate Collection Set: 0.2ms
[142.319s][info][gc,phases   ] GC(808)   Merge Heap Roots: 0.1ms
[142.319s][info][gc,phases   ] GC(808)   Evacuate Collection Set: 0.7ms
[142.319s][info][gc,phases   ] GC(808)   Post Evacuate Collection Set: 0.8ms
[142.319s][info][gc,phases   ] GC(808)   Other: 0.3ms
[142.319s][info][gc,heap     ] GC(808) Eden regions: 8->0(112)
[142.319s][info][gc,heap     ] GC(808) Survivor regions: 2->2(2)
[142.319s][info][gc,heap     ] GC(808) Old regions: 43->43
[142.319s][info][gc,heap     ] GC(808) Archive regions: 0->0
[142.319s][info][gc,heap     ] GC(808) Humongous regions: 16->4
[142.319s][info][gc,metaspace] GC(808) Metaspace: 37336K(37696K)->37336K(37696K) NonClass: 33332K(33536K)->33332K(33536K) Class: 4004K(4160K)->4004K(4160K)
[142.319s][info][gc          ] GC(808) Pause Young (Mixed) (G1 Evacuation Pause) 67M->48M(204M) 2.073ms
[142.319s][info][gc,cpu      ] GC(808) User=0.00s Sys=0.02s Real=0.00s
[142.393s][info][gc,start    ] GC(809) Pause Young (Concurrent Start) (G1 Humongous Allocation)
[142.393s][info][gc,task     ] GC(809) Using 6 workers of 6 for evacuation
[142.395s][info][gc,phases   ] GC(809)   Pre Evacuate Collection Set: 0.2ms
[142.395s][info][gc,phases   ] GC(809)   Merge Heap Roots: 0.1ms
[142.395s][info][gc,phases   ] GC(809)   Evacuate Collection Set: 0.8ms
[142.395s][info][gc,phases   ] GC(809)   Post Evacuate Collection Set: 0.6ms
[142.395s][info][gc,phases   ] GC(809)   Other: 0.3ms
[142.395s][info][gc,heap     ] GC(809) Eden regions: 6->0(117)
[142.395s][info][gc,heap     ] GC(809) Survivor regions: 2->1(15)
[142.395s][info][gc,heap     ] GC(809) Old regions: 43->43
[142.395s][info][gc,heap     ] GC(809) Archive regions: 0->0
[142.395s][info][gc,heap     ] GC(809) Humongous regions: 4->4
[142.395s][info][gc,metaspace] GC(809) Metaspace: 37337K(37696K)->37337K(37696K) NonClass: 33333K(33536K)->33333K(33536K) Class: 4004K(4160K)->4004K(4160K)
[142.395s][info][gc          ] GC(809) Pause Young (Concurrent Start) (G1 Humongous Allocation) 53M->46M(204M) 2.060ms
[142.395s][info][gc,cpu      ] GC(809) User=0.00s Sys=0.00s Real=0.00s
[142.395s][info][gc          ] GC(810) Concurrent Mark Cycle
[142.395s][info][gc,marking  ] GC(810) Concurrent Clear Claimed Marks
[142.395s][info][gc,marking  ] GC(810) Concurrent Clear Claimed Marks 0.027ms
[142.395s][info][gc,marking  ] GC(810) Concurrent Scan Root Regions
[142.396s][info][gc,marking  ] GC(810) Concurrent Scan Root Regions 0.685ms
[142.396s][info][gc,marking  ] GC(810) Concurrent Mark
[142.396s][info][gc,marking  ] GC(810) Concurrent Mark From Roots
[142.396s][info][gc,task     ] GC(810) Using 2 workers of 2 for marking
[142.409s][info][gc,marking  ] GC(810) Concurrent Mark From Roots 13.024ms
[142.409s][info][gc,marking  ] GC(810) Concurrent Preclean
[142.409s][info][gc,marking  ] GC(810) Concurrent Preclean 0.214ms
[142.409s][info][gc,start    ] GC(810) Pause Remark
[142.412s][info][gc          ] GC(810) Pause Remark 60M->60M(204M) 2.865ms
[142.413s][info][gc,cpu      ] GC(810) User=0.09s Sys=0.00s Real=0.00s
[142.413s][info][gc,marking  ] GC(810) Concurrent Mark 16.892ms
[142.413s][info][gc,marking  ] GC(810) Concurrent Rebuild Remembered Sets
[142.418s][info][gc,marking  ] GC(810) Concurrent Rebuild Remembered Sets 5.505ms
[142.419s][info][gc,start    ] GC(810) Pause Cleanup
[142.419s][info][gc          ] GC(810) Pause Cleanup 61M->61M(204M) 0.148ms
[142.419s][info][gc,cpu      ] GC(810) User=0.00s Sys=0.00s Real=0.00s
[142.419s][info][gc,marking  ] GC(810) Concurrent Cleanup for Next Mark
[142.419s][info][gc,marking  ] GC(810) Concurrent Cleanup for Next Mark 0.163ms
[142.419s][info][gc          ] GC(810) Concurrent Mark Cycle 24.183ms
[143.023s][info][gc,start    ] GC(811) Pause Young (Prepare Mixed) (GCLocker Initiated GC)
[143.023s][info][gc,task     ] GC(811) Using 6 workers of 6 for evacuation
[143.025s][info][gc,phases   ] GC(811)   Pre Evacuate Collection Set: 0.2ms
[143.025s][info][gc,phases   ] GC(811)   Merge Heap Roots: 0.1ms
[143.025s][info][gc,phases   ] GC(811)   Evacuate Collection Set: 0.7ms
[143.025s][info][gc,phases   ] GC(811)   Post Evacuate Collection Set: 0.6ms
[143.025s][info][gc,phases   ] GC(811)   Other: 0.3ms
[143.025s][info][gc,heap     ] GC(811) Eden regions: 66->0(8)
[143.025s][info][gc,heap     ] GC(811) Survivor regions: 1->2(15)
[143.025s][info][gc,heap     ] GC(811) Old regions: 43->43
[143.025s][info][gc,heap     ] GC(811) Archive regions: 0->0
[143.025s][info][gc,heap     ] GC(811) Humongous regions: 88->8
[143.025s][info][gc,metaspace] GC(811) Metaspace: 37337K(37696K)->37337K(37696K) NonClass: 33333K(33536K)->33333K(33536K) Class: 4004K(4160K)->4004K(4160K)
[143.025s][info][gc          ] GC(811) Pause Young (Prepare Mixed) (GCLocker Initiated GC) 196M->51M(204M) 1.930ms
[143.025s][info][gc,cpu      ] GC(811) User=0.00s Sys=0.00s Real=0.00s
[143.047s][info][gc,start    ] GC(812) Pause Young (Mixed) (G1 Evacuation Pause)
[143.048s][info][gc,task     ] GC(812) Using 6 workers of 6 for evacuation
[143.049s][info][gc,phases   ] GC(812)   Pre Evacuate Collection Set: 0.2ms
[143.049s][info][gc,phases   ] GC(812)   Merge Heap Roots: 0.1ms
[143.049s][info][gc,phases   ] GC(812)   Evacuate Collection Set: 0.8ms
[143.049s][info][gc,phases   ] GC(812)   Post Evacuate Collection Set: 0.6ms
[143.049s][info][gc,phases   ] GC(812)   Other: 0.3ms
[143.049s][info][gc,heap     ] GC(812) Eden regions: 8->0(116)
[143.049s][info][gc,heap     ] GC(812) Survivor regions: 2->1(2)
[143.049s][info][gc,heap     ] GC(812) Old regions: 43->43
[143.049s][info][gc,heap     ] GC(812) Archive regions: 0->0
[143.049s][info][gc,heap     ] GC(812) Humongous regions: 8->8
[143.049s][info][gc,metaspace] GC(812) Metaspace: 37337K(37696K)->37337K(37696K) NonClass: 33333K(33536K)->33333K(33536K) Class: 4004K(4160K)->4004K(4160K)
[143.049s][info][gc          ] GC(812) Pause Young (Mixed) (G1 Evacuation Pause) 59M->50M(204M) 1.968ms
[143.050s][info][gc,cpu      ] GC(812) User=0.00s Sys=0.00s Real=0.00s
[143.127s][info][gc,start    ] GC(813) Pause Young (Concurrent Start) (G1 Humongous Allocation)
[143.127s][info][gc,task     ] GC(813) Using 6 workers of 6 for evacuation
[143.129s][info][gc,phases   ] GC(813)   Pre Evacuate Collection Set: 0.2ms
[143.129s][info][gc,phases   ] GC(813)   Merge Heap Roots: 0.1ms
[143.129s][info][gc,phases   ] GC(813)   Evacuate Collection Set: 0.8ms
[143.129s][info][gc,phases   ] GC(813)   Post Evacuate Collection Set: 0.8ms
[143.129s][info][gc,phases   ] GC(813)   Other: 0.3ms
[143.129s][info][gc,heap     ] GC(813) Eden regions: 6->0(114)
[143.129s][info][gc,heap     ] GC(813) Survivor regions: 1->1(15)
[143.129s][info][gc,heap     ] GC(813) Old regions: 43->43
[143.129s][info][gc,heap     ] GC(813) Archive regions: 0->0
[143.129s][info][gc,heap     ] GC(813) Humongous regions: 8->4
[143.129s][info][gc,metaspace] GC(813) Metaspace: 37337K(37696K)->37337K(37696K) NonClass: 33333K(33536K)->33333K(33536K) Class: 4004K(4160K)->4004K(4160K)
[143.129s][info][gc          ] GC(813) Pause Young (Concurrent Start) (G1 Humongous Allocation) 56M->47M(204M) 2.237ms
[143.129s][info][gc,cpu      ] GC(813) User=0.00s Sys=0.00s Real=0.00s
[143.129s][info][gc          ] GC(814) Concurrent Mark Cycle
[143.129s][info][gc,marking  ] GC(814) Concurrent Clear Claimed Marks
[143.129s][info][gc,marking  ] GC(814) Concurrent Clear Claimed Marks 0.014ms
[143.129s][info][gc,marking  ] GC(814) Concurrent Scan Root Regions
[143.130s][info][gc,marking  ] GC(814) Concurrent Scan Root Regions 0.577ms
[143.130s][info][gc,marking  ] GC(814) Concurrent Mark
[143.130s][info][gc,marking  ] GC(814) Concurrent Mark From Roots
[143.130s][info][gc,task     ] GC(814) Using 2 workers of 2 for marking
[143.140s][info][gc,marking  ] GC(814) Concurrent Mark From Roots 9.650ms
[143.140s][info][gc,marking  ] GC(814) Concurrent Preclean
[143.140s][info][gc,marking  ] GC(814) Concurrent Preclean 0.119ms
[143.140s][info][gc,start    ] GC(814) Pause Remark
[143.144s][info][gc          ] GC(814) Pause Remark 60M->60M(204M) 4.203ms
[143.145s][info][gc,cpu      ] GC(814) User=0.00s Sys=0.00s Real=0.00s
[143.145s][info][gc,marking  ] GC(814) Concurrent Mark 14.775ms
[143.145s][info][gc,marking  ] GC(814) Concurrent Rebuild Remembered Sets
[143.150s][info][gc,marking  ] GC(814) Concurrent Rebuild Remembered Sets 4.635ms
[143.150s][info][gc,start    ] GC(814) Pause Cleanup
[143.150s][info][gc          ] GC(814) Pause Cleanup 61M->61M(204M) 0.124ms
[143.150s][info][gc,cpu      ] GC(814) User=0.00s Sys=0.00s Real=0.00s
[143.150s][info][gc,marking  ] GC(814) Concurrent Cleanup for Next Mark
[143.150s][info][gc,marking  ] GC(814) Concurrent Cleanup for Next Mark 0.163ms
[143.150s][info][gc          ] GC(814) Concurrent Mark Cycle 21.031ms
[143.756s][info][gc,start    ] GC(815) Pause Young (Prepare Mixed) (G1 Preventive Collection)
[143.756s][info][gc,task     ] GC(815) Using 6 workers of 6 for evacuation
[143.758s][info][gc,phases   ] GC(815)   Pre Evacuate Collection Set: 0.2ms
[143.758s][info][gc,phases   ] GC(815)   Merge Heap Roots: 0.1ms
[143.758s][info][gc,phases   ] GC(815)   Evacuate Collection Set: 0.8ms
[143.758s][info][gc,phases   ] GC(815)   Post Evacuate Collection Set: 0.9ms
[143.758s][info][gc,phases   ] GC(815)   Other: 0.3ms
[143.758s][info][gc,heap     ] GC(815) Eden regions: 65->0(8)
[143.758s][info][gc,heap     ] GC(815) Survivor regions: 1->2(15)
[143.758s][info][gc,heap     ] GC(815) Old regions: 43->43
[143.758s][info][gc,heap     ] GC(815) Archive regions: 0->0
[143.758s][info][gc,heap     ] GC(815) Humongous regions: 88->8
[143.758s][info][gc,metaspace] GC(815) Metaspace: 37337K(37696K)->37337K(37696K) NonClass: 33333K(33536K)->33333K(33536K) Class: 4004K(4160K)->4004K(4160K)
[143.758s][info][gc          ] GC(815) Pause Young (Prepare Mixed) (G1 Preventive Collection) 196M->51M(204M) 2.254ms
[143.758s][info][gc,cpu      ] GC(815) User=0.00s Sys=0.00s Real=0.00s
[143.783s][info][gc,start    ] GC(816) Pause Young (Mixed) (G1 Evacuation Pause)
[143.783s][info][gc,task     ] GC(816) Using 6 workers of 6 for evacuation
[143.785s][info][gc,phases   ] GC(816)   Pre Evacuate Collection Set: 0.2ms
[143.785s][info][gc,phases   ] GC(816)   Merge Heap Roots: 0.1ms
[143.785s][info][gc,phases   ] GC(816)   Evacuate Collection Set: 0.7ms
[143.785s][info][gc,phases   ] GC(816)   Post Evacuate Collection Set: 0.8ms
[143.785s][info][gc,phases   ] GC(816)   Other: 0.3ms
[143.785s][info][gc,heap     ] GC(816) Eden regions: 8->0(115)
[143.785s][info][gc,heap     ] GC(816) Survivor regions: 2->2(2)
[143.785s][info][gc,heap     ] GC(816) Old regions: 43->43
[143.785s][info][gc,heap     ] GC(816) Archive regions: 0->0
[143.785s][info][gc,heap     ] GC(816) Humongous regions: 8->4
[143.785s][info][gc,metaspace] GC(816) Metaspace: 37337K(37696K)->37337K(37696K) NonClass: 33333K(33536K)->33333K(33536K) Class: 4004K(4160K)->4004K(4160K)
[143.785s][info][gc          ] GC(816) Pause Young (Mixed) (G1 Evacuation Pause) 59M->48M(204M) 1.963ms
[143.785s][info][gc,cpu      ] GC(816) User=0.00s Sys=0.00s Real=0.00s
[143.857s][info][gc,start    ] GC(817) Pause Young (Concurrent Start) (G1 Humongous Allocation)
[143.857s][info][gc,task     ] GC(817) Using 6 workers of 6 for evacuation
[143.859s][info][gc,phases   ] GC(817)   Pre Evacuate Collection Set: 0.2ms
[143.859s][info][gc,phases   ] GC(817)   Merge Heap Roots: 0.0ms
[143.859s][info][gc,phases   ] GC(817)   Evacuate Collection Set: 0.9ms
[143.859s][info][gc,phases   ] GC(817)   Post Evacuate Collection Set: 0.6ms
[143.859s][info][gc,phases   ] GC(817)   Other: 0.4ms
[143.859s][info][gc,heap     ] GC(817) Eden regions: 1->0(119)
[143.859s][info][gc,heap     ] GC(817) Survivor regions: 2->1(15)
[143.859s][info][gc,heap     ] GC(817) Old regions: 43->43
[143.859s][info][gc,heap     ] GC(817) Archive regions: 0->0
[143.859s][info][gc,heap     ] GC(817) Humongous regions: 4->4
[143.859s][info][gc,metaspace] GC(817) Metaspace: 37337K(37696K)->37337K(37696K) NonClass: 33333K(33536K)->33333K(33536K) Class: 4004K(4160K)->4004K(4160K)
[143.859s][info][gc          ] GC(817) Pause Young (Concurrent Start) (G1 Humongous Allocation) 49M->47M(204M) 2.102ms
[143.859s][info][gc,cpu      ] GC(817) User=0.00s Sys=0.00s Real=0.00s
[143.859s][info][gc          ] GC(818) Concurrent Mark Cycle
[143.859s][info][gc,marking  ] GC(818) Concurrent Clear Claimed Marks
[143.859s][info][gc,marking  ] GC(818) Concurrent Clear Claimed Marks 0.029ms
[143.859s][info][gc,marking  ] GC(818) Concurrent Scan Root Regions
[143.860s][info][gc,marking  ] GC(818) Concurrent Scan Root Regions 0.558ms
[143.860s][info][gc,marking  ] GC(818) Concurrent Mark
[143.860s][info][gc,marking  ] GC(818) Concurrent Mark From Roots
[143.860s][info][gc,task     ] GC(818) Using 2 workers of 2 for marking
[143.870s][info][gc,marking  ] GC(818) Concurrent Mark From Roots 10.021ms
[143.870s][info][gc,marking  ] GC(818) Concurrent Preclean
[143.870s][info][gc,marking  ] GC(818) Concurrent Preclean 0.119ms
[143.870s][info][gc,start    ] GC(818) Pause Remark
[143.873s][info][gc          ] GC(818) Pause Remark 60M->60M(204M) 2.261ms
[143.873s][info][gc,cpu      ] GC(818) User=0.00s Sys=0.00s Real=0.00s
[143.873s][info][gc,marking  ] GC(818) Concurrent Mark 13.151ms
[143.873s][info][gc,marking  ] GC(818) Concurrent Rebuild Remembered Sets
[143.878s][info][gc,marking  ] GC(818) Concurrent Rebuild Remembered Sets 5.274ms
[143.879s][info][gc,start    ] GC(818) Pause Cleanup
[143.879s][info][gc          ] GC(818) Pause Cleanup 61M->61M(204M) 0.168ms
[143.879s][info][gc,cpu      ] GC(818) User=0.00s Sys=0.00s Real=0.00s
[143.879s][info][gc,marking  ] GC(818) Concurrent Cleanup for Next Mark
[143.879s][info][gc,marking  ] GC(818) Concurrent Cleanup for Next Mark 0.165ms
[143.879s][info][gc          ] GC(818) Concurrent Mark Cycle 20.089ms
[144.486s][info][gc,start    ] GC(819) Pause Young (Prepare Mixed) (G1 Preventive Collection)
[144.486s][info][gc,task     ] GC(819) Using 6 workers of 6 for evacuation
[144.488s][info][gc,phases   ] GC(819)   Pre Evacuate Collection Set: 0.2ms
[144.488s][info][gc,phases   ] GC(819)   Merge Heap Roots: 0.1ms
[144.488s][info][gc,phases   ] GC(819)   Evacuate Collection Set: 0.7ms
[144.488s][info][gc,phases   ] GC(819)   Post Evacuate Collection Set: 0.8ms
[144.488s][info][gc,phases   ] GC(819)   Other: 0.3ms
[144.488s][info][gc,heap     ] GC(819) Eden regions: 71->0(8)
[144.488s][info][gc,heap     ] GC(819) Survivor regions: 1->2(15)
[144.488s][info][gc,heap     ] GC(819) Old regions: 43->43
[144.488s][info][gc,heap     ] GC(819) Archive regions: 0->0
[144.488s][info][gc,heap     ] GC(819) Humongous regions: 84->8
[144.488s][info][gc,metaspace] GC(819) Metaspace: 37337K(37696K)->37337K(37696K) NonClass: 33333K(33536K)->33333K(33536K) Class: 4004K(4160K)->4004K(4160K)
[144.488s][info][gc          ] GC(819) Pause Young (Prepare Mixed) (G1 Preventive Collection) 197M->51M(204M) 2.131ms
[144.488s][info][gc,cpu      ] GC(819) User=0.00s Sys=0.00s Real=0.00s
[144.514s][info][gc,start    ] GC(820) Pause Young (Mixed) (G1 Evacuation Pause)
[144.514s][info][gc,task     ] GC(820) Using 6 workers of 6 for evacuation
[144.516s][info][gc,phases   ] GC(820)   Pre Evacuate Collection Set: 0.2ms
[144.516s][info][gc,phases   ] GC(820)   Merge Heap Roots: 0.1ms
[144.516s][info][gc,phases   ] GC(820)   Evacuate Collection Set: 0.8ms
[144.516s][info][gc,phases   ] GC(820)   Post Evacuate Collection Set: 0.8ms
[144.516s][info][gc,phases   ] GC(820)   Other: 0.3ms
[144.516s][info][gc,heap     ] GC(820) Eden regions: 8->0(120)
[144.516s][info][gc,heap     ] GC(820) Survivor regions: 2->2(2)
[144.516s][info][gc,heap     ] GC(820) Old regions: 43->43
[144.516s][info][gc,heap     ] GC(820) Archive regions: 0->0
[144.516s][info][gc,heap     ] GC(820) Humongous regions: 12->4
[144.516s][info][gc,metaspace] GC(820) Metaspace: 37337K(37696K)->37337K(37696K) NonClass: 33333K(33536K)->33333K(33536K) Class: 4004K(4160K)->4004K(4160K)
[144.516s][info][gc          ] GC(820) Pause Young (Mixed) (G1 Evacuation Pause) 63M->48M(204M) 2.308ms
[144.517s][info][gc,cpu      ] GC(820) User=0.00s Sys=0.00s Real=0.00s
[144.590s][info][gc,start    ] GC(821) Pause Young (Concurrent Start) (G1 Humongous Allocation)
[144.590s][info][gc,task     ] GC(821) Using 6 workers of 6 for evacuation
[144.592s][info][gc,phases   ] GC(821)   Pre Evacuate Collection Set: 0.2ms
[144.592s][info][gc,phases   ] GC(821)   Merge Heap Roots: 0.0ms
[144.593s][info][gc,phases   ] GC(821)   Evacuate Collection Set: 1.0ms
[144.593s][info][gc,phases   ] GC(821)   Post Evacuate Collection Set: 0.6ms
[144.593s][info][gc,phases   ] GC(821)   Other: 0.4ms
[144.593s][info][gc,heap     ] GC(821) Eden regions: 7->0(121)
[144.593s][info][gc,heap     ] GC(821) Survivor regions: 2->1(16)
[144.593s][info][gc,heap     ] GC(821) Old regions: 43->43
[144.593s][info][gc,heap     ] GC(821) Archive regions: 0->0
[144.593s][info][gc,heap     ] GC(821) Humongous regions: 4->4
[144.593s][info][gc,metaspace] GC(821) Metaspace: 37337K(37696K)->37337K(37696K) NonClass: 33333K(33536K)->33333K(33536K) Class: 4004K(4160K)->4004K(4160K)
[144.593s][info][gc          ] GC(821) Pause Young (Concurrent Start) (G1 Humongous Allocation) 54M->47M(204M) 2.234ms
[144.593s][info][gc,cpu      ] GC(821) User=0.00s Sys=0.00s Real=0.00s
[144.593s][info][gc          ] GC(822) Concurrent Mark Cycle
[144.593s][info][gc,marking  ] GC(822) Concurrent Clear Claimed Marks
[144.593s][info][gc,marking  ] GC(822) Concurrent Clear Claimed Marks 0.031ms
[144.593s][info][gc,marking  ] GC(822) Concurrent Scan Root Regions
[144.594s][info][gc,marking  ] GC(822) Concurrent Scan Root Regions 0.625ms
[144.594s][info][gc,marking  ] GC(822) Concurrent Mark
[144.594s][info][gc,marking  ] GC(822) Concurrent Mark From Roots
[144.594s][info][gc,task     ] GC(822) Using 2 workers of 2 for marking
[144.606s][info][gc,marking  ] GC(822) Concurrent Mark From Roots 11.928ms
[144.606s][info][gc,marking  ] GC(822) Concurrent Preclean
[144.606s][info][gc,marking  ] GC(822) Concurrent Preclean 0.173ms
[144.606s][info][gc,start    ] GC(822) Pause Remark
[144.609s][info][gc          ] GC(822) Pause Remark 60M->60M(204M) 2.829ms
[144.609s][info][gc,cpu      ] GC(822) User=0.00s Sys=0.00s Real=0.00s
[144.609s][info][gc,marking  ] GC(822) Concurrent Mark 15.723ms
[144.609s][info][gc,marking  ] GC(822) Concurrent Rebuild Remembered Sets
[144.614s][info][gc,marking  ] GC(822) Concurrent Rebuild Remembered Sets 5.100ms
[144.615s][info][gc,start    ] GC(822) Pause Cleanup
[144.615s][info][gc          ] GC(822) Pause Cleanup 61M->61M(204M) 0.113ms
[144.615s][info][gc,cpu      ] GC(822) User=0.00s Sys=0.00s Real=0.00s
[144.615s][info][gc,marking  ] GC(822) Concurrent Cleanup for Next Mark
[144.615s][info][gc,marking  ] GC(822) Concurrent Cleanup for Next Mark 0.166ms
[144.615s][info][gc          ] GC(822) Concurrent Mark Cycle 22.512ms
[145.219s][info][gc,start    ] GC(823) Pause Young (Prepare Mixed) (G1 Preventive Collection)
[145.219s][info][gc,task     ] GC(823) Using 6 workers of 6 for evacuation
[145.221s][info][gc,phases   ] GC(823)   Pre Evacuate Collection Set: 0.2ms
[145.221s][info][gc,phases   ] GC(823)   Merge Heap Roots: 0.0ms
[145.221s][info][gc,phases   ] GC(823)   Evacuate Collection Set: 0.7ms
[145.221s][info][gc,phases   ] GC(823)   Post Evacuate Collection Set: 0.8ms
[145.221s][info][gc,phases   ] GC(823)   Other: 0.4ms
[145.221s][info][gc,heap     ] GC(823) Eden regions: 71->0(8)
[145.221s][info][gc,heap     ] GC(823) Survivor regions: 1->2(16)
[145.221s][info][gc,heap     ] GC(823) Old regions: 43->43
[145.221s][info][gc,heap     ] GC(823) Archive regions: 0->0
[145.221s][info][gc,heap     ] GC(823) Humongous regions: 84->8
[145.221s][info][gc,metaspace] GC(823) Metaspace: 37337K(37696K)->37337K(37696K) NonClass: 33333K(33536K)->33333K(33536K) Class: 4004K(4160K)->4004K(4160K)
[145.221s][info][gc          ] GC(823) Pause Young (Prepare Mixed) (G1 Preventive Collection) 197M->51M(204M) 2.187ms
[145.221s][info][gc,cpu      ] GC(823) User=0.00s Sys=0.00s Real=0.00s
[145.250s][info][gc,start    ] GC(824) Pause Young (Mixed) (G1 Evacuation Pause)
[145.250s][info][gc,task     ] GC(824) Using 6 workers of 6 for evacuation
[145.252s][info][gc,phases   ] GC(824)   Pre Evacuate Collection Set: 0.2ms
[145.252s][info][gc,phases   ] GC(824)   Merge Heap Roots: 0.1ms
[145.252s][info][gc,phases   ] GC(824)   Evacuate Collection Set: 0.7ms
[145.252s][info][gc,phases   ] GC(824)   Post Evacuate Collection Set: 0.7ms
[145.252s][info][gc,phases   ] GC(824)   Other: 0.3ms
[145.252s][info][gc,heap     ] GC(824) Eden regions: 8->0(120)
[145.252s][info][gc,heap     ] GC(824) Survivor regions: 2->2(2)
[145.252s][info][gc,heap     ] GC(824) Old regions: 43->43
[145.252s][info][gc,heap     ] GC(824) Archive regions: 0->0
[145.252s][info][gc,heap     ] GC(824) Humongous regions: 12->4
[145.252s][info][gc,metaspace] GC(824) Metaspace: 37337K(37696K)->37337K(37696K) NonClass: 33333K(33536K)->33333K(33536K) Class: 4004K(4160K)->4004K(4160K)
[145.252s][info][gc          ] GC(824) Pause Young (Mixed) (G1 Evacuation Pause) 63M->48M(204M) 1.946ms
[145.252s][info][gc,cpu      ] GC(824) User=0.00s Sys=0.00s Real=0.00s
[145.325s][info][gc,start    ] GC(825) Pause Young (Concurrent Start) (G1 Humongous Allocation)
[145.325s][info][gc,task     ] GC(825) Using 6 workers of 6 for evacuation
[145.327s][info][gc,phases   ] GC(825)   Pre Evacuate Collection Set: 0.3ms
[145.327s][info][gc,phases   ] GC(825)   Merge Heap Roots: 0.1ms
[145.327s][info][gc,phases   ] GC(825)   Evacuate Collection Set: 0.7ms
[145.327s][info][gc,phases   ] GC(825)   Post Evacuate Collection Set: 0.6ms
[145.327s][info][gc,phases   ] GC(825)   Other: 0.3ms
[145.327s][info][gc,heap     ] GC(825) Eden regions: 5->0(132)
[145.327s][info][gc,heap     ] GC(825) Survivor regions: 2->1(16)
[145.327s][info][gc,heap     ] GC(825) Old regions: 43->43
[145.327s][info][gc,heap     ] GC(825) Archive regions: 0->0
[145.327s][info][gc,heap     ] GC(825) Humongous regions: 4->4
[145.327s][info][gc,metaspace] GC(825) Metaspace: 37337K(37696K)->37337K(37696K) NonClass: 33333K(33536K)->33333K(33536K) Class: 4004K(4160K)->4004K(4160K)
[145.327s][info][gc          ] GC(825) Pause Young (Concurrent Start) (G1 Humongous Allocation) 53M->47M(222M) 1.964ms
[145.327s][info][gc,cpu      ] GC(825) User=0.00s Sys=0.00s Real=0.00s
[145.327s][info][gc          ] GC(826) Concurrent Mark Cycle
[145.327s][info][gc,marking  ] GC(826) Concurrent Clear Claimed Marks
[145.327s][info][gc,marking  ] GC(826) Concurrent Clear Claimed Marks 0.020ms
[145.327s][info][gc,marking  ] GC(826) Concurrent Scan Root Regions
[145.328s][info][gc,marking  ] GC(826) Concurrent Scan Root Regions 0.550ms
[145.328s][info][gc,marking  ] GC(826) Concurrent Mark
[145.328s][info][gc,marking  ] GC(826) Concurrent Mark From Roots
[145.328s][info][gc,task     ] GC(826) Using 2 workers of 2 for marking
[145.338s][info][gc,marking  ] GC(826) Concurrent Mark From Roots 10.344ms
[145.338s][info][gc,marking  ] GC(826) Concurrent Preclean
[145.339s][info][gc,marking  ] GC(826) Concurrent Preclean 0.136ms
[145.339s][info][gc,start    ] GC(826) Pause Remark
[145.344s][info][gc          ] GC(826) Pause Remark 61M->61M(210M) 4.931ms
[145.344s][info][gc,cpu      ] GC(826) User=0.00s Sys=0.00s Real=0.01s
[145.344s][info][gc,marking  ] GC(826) Concurrent Mark 16.101ms
[145.344s][info][gc,marking  ] GC(826) Concurrent Rebuild Remembered Sets
[145.349s][info][gc,marking  ] GC(826) Concurrent Rebuild Remembered Sets 5.151ms
[145.350s][info][gc,start    ] GC(826) Pause Cleanup
[145.350s][info][gc          ] GC(826) Pause Cleanup 62M->62M(210M) 0.119ms
[145.350s][info][gc,cpu      ] GC(826) User=0.00s Sys=0.00s Real=0.00s
[145.350s][info][gc,marking  ] GC(826) Concurrent Cleanup for Next Mark
[145.350s][info][gc,marking  ] GC(826) Concurrent Cleanup for Next Mark 0.173ms
[145.350s][info][gc          ] GC(826) Concurrent Mark Cycle 22.968ms
[146.092s][info][gc,start    ] GC(827) Pause Young (Prepare Mixed) (G1 Preventive Collection)
[146.092s][info][gc,task     ] GC(827) Using 6 workers of 6 for evacuation
[146.094s][info][gc,phases   ] GC(827)   Pre Evacuate Collection Set: 0.2ms
[146.094s][info][gc,phases   ] GC(827)   Merge Heap Roots: 0.1ms
[146.094s][info][gc,phases   ] GC(827)   Evacuate Collection Set: 0.7ms
[146.094s][info][gc,phases   ] GC(827)   Post Evacuate Collection Set: 0.7ms
[146.094s][info][gc,phases   ] GC(827)   Other: 0.3ms
[146.094s][info][gc,heap     ] GC(827) Eden regions: 75->0(8)
[146.094s][info][gc,heap     ] GC(827) Survivor regions: 1->3(16)
[146.094s][info][gc,heap     ] GC(827) Old regions: 43->43
[146.094s][info][gc,heap     ] GC(827) Archive regions: 0->0
[146.094s][info][gc,heap     ] GC(827) Humongous regions: 100->4
[146.094s][info][gc,metaspace] GC(827) Metaspace: 37337K(37696K)->37337K(37696K) NonClass: 33333K(33536K)->33333K(33536K) Class: 4004K(4160K)->4004K(4160K)
[146.094s][info][gc          ] GC(827) Pause Young (Prepare Mixed) (G1 Preventive Collection) 217M->48M(222M) 2.065ms
[146.094s][info][gc,cpu      ] GC(827) User=0.00s Sys=0.00s Real=0.00s
[146.195s][info][gc,start    ] GC(828) Pause Young (Mixed) (G1 Evacuation Pause)
[146.195s][info][gc,task     ] GC(828) Using 6 workers of 6 for evacuation
[146.196s][info][gc,phases   ] GC(828)   Pre Evacuate Collection Set: 0.2ms
[146.196s][info][gc,phases   ] GC(828)   Merge Heap Roots: 0.1ms
[146.196s][info][gc,phases   ] GC(828)   Evacuate Collection Set: 0.6ms
[146.196s][info][gc,phases   ] GC(828)   Post Evacuate Collection Set: 0.6ms
[146.196s][info][gc,phases   ] GC(828)   Other: 0.3ms
[146.196s][info][gc,heap     ] GC(828) Eden regions: 8->0(132)
[146.196s][info][gc,heap     ] GC(828) Survivor regions: 3->1(2)
[146.196s][info][gc,heap     ] GC(828) Old regions: 43->44
[146.196s][info][gc,heap     ] GC(828) Archive regions: 0->0
[146.196s][info][gc,heap     ] GC(828) Humongous regions: 16->4
[146.196s][info][gc,metaspace] GC(828) Metaspace: 37337K(37696K)->37337K(37696K) NonClass: 33333K(33536K)->33333K(33536K) Class: 4004K(4160K)->4004K(4160K)
[146.196s][info][gc          ] GC(828) Pause Young (Mixed) (G1 Evacuation Pause) 68M->47M(222M) 1.711ms
[146.197s][info][gc,cpu      ] GC(828) User=0.00s Sys=0.00s Real=0.00s
[146.269s][info][gc,start    ] GC(829) Pause Young (Concurrent Start) (G1 Humongous Allocation)
[146.269s][info][gc,task     ] GC(829) Using 6 workers of 6 for evacuation
[146.271s][info][gc,phases   ] GC(829)   Pre Evacuate Collection Set: 0.2ms
[146.271s][info][gc,phases   ] GC(829)   Merge Heap Roots: 0.0ms
[146.271s][info][gc,phases   ] GC(829)   Evacuate Collection Set: 0.8ms
[146.271s][info][gc,phases   ] GC(829)   Post Evacuate Collection Set: 0.4ms
[146.271s][info][gc,phases   ] GC(829)   Other: 0.3ms
[146.271s][info][gc,heap     ] GC(829) Eden regions: 8->0(132)
[146.271s][info][gc,heap     ] GC(829) Survivor regions: 1->1(17)
[146.271s][info][gc,heap     ] GC(829) Old regions: 44->44
[146.271s][info][gc,heap     ] GC(829) Archive regions: 0->0
[146.271s][info][gc,heap     ] GC(829) Humongous regions: 4->4
[146.271s][info][gc,metaspace] GC(829) Metaspace: 37337K(37696K)->37337K(37696K) NonClass: 33333K(33536K)->33333K(33536K) Class: 4004K(4160K)->4004K(4160K)
[146.271s][info][gc          ] GC(829) Pause Young (Concurrent Start) (G1 Humongous Allocation) 55M->47M(222M) 1.692ms
[146.271s][info][gc,cpu      ] GC(829) User=0.00s Sys=0.02s Real=0.00s
[146.271s][info][gc          ] GC(830) Concurrent Undo Cycle
[146.271s][info][gc,marking  ] GC(830) Concurrent Cleanup for Next Mark
[146.271s][info][gc,marking  ] GC(830) Concurrent Cleanup for Next Mark 0.293ms
[146.271s][info][gc          ] GC(830) Concurrent Undo Cycle 0.366ms
[146.273s][info][gc,start    ] GC(831) Pause Young (Concurrent Start) (G1 Humongous Allocation)
[146.273s][info][gc,task     ] GC(831) Using 6 workers of 6 for evacuation
[146.275s][info][gc,phases   ] GC(831)   Pre Evacuate Collection Set: 0.2ms
[146.275s][info][gc,phases   ] GC(831)   Merge Heap Roots: 0.1ms
[146.275s][info][gc,phases   ] GC(831)   Evacuate Collection Set: 0.9ms
[146.275s][info][gc,phases   ] GC(831)   Post Evacuate Collection Set: 0.6ms
[146.275s][info][gc,phases   ] GC(831)   Other: 0.4ms
[146.275s][info][gc,heap     ] GC(831) Eden regions: 0->0(132)
[146.275s][info][gc,heap     ] GC(831) Survivor regions: 1->1(17)
[146.275s][info][gc,heap     ] GC(831) Old regions: 44->44
[146.275s][info][gc,heap     ] GC(831) Archive regions: 0->0
[146.275s][info][gc,heap     ] GC(831) Humongous regions: 8->8
[146.275s][info][gc,metaspace] GC(831) Metaspace: 37337K(37696K)->37337K(37696K) NonClass: 33333K(33536K)->33333K(33536K) Class: 4004K(4160K)->4004K(4160K)
[146.275s][info][gc          ] GC(831) Pause Young (Concurrent Start) (G1 Humongous Allocation) 51M->51M(222M) 2.145ms
[146.275s][info][gc,cpu      ] GC(831) User=0.00s Sys=0.00s Real=0.00s
[146.275s][info][gc          ] GC(832) Concurrent Mark Cycle
[146.276s][info][gc,marking  ] GC(832) Concurrent Clear Claimed Marks
[146.276s][info][gc,marking  ] GC(832) Concurrent Clear Claimed Marks 0.027ms
[146.276s][info][gc,marking  ] GC(832) Concurrent Scan Root Regions
[146.276s][info][gc,marking  ] GC(832) Concurrent Scan Root Regions 0.583ms
[146.276s][info][gc,marking  ] GC(832) Concurrent Mark
[146.276s][info][gc,marking  ] GC(832) Concurrent Mark From Roots
[146.276s][info][gc,task     ] GC(832) Using 2 workers of 2 for marking
[146.286s][info][gc,marking  ] GC(832) Concurrent Mark From Roots 10.156ms
[146.286s][info][gc,marking  ] GC(832) Concurrent Preclean
[146.287s][info][gc,marking  ] GC(832) Concurrent Preclean 0.173ms
[146.287s][info][gc,start    ] GC(832) Pause Remark
[146.289s][info][gc          ] GC(832) Pause Remark 62M->62M(214M) 2.653ms
[146.290s][info][gc,cpu      ] GC(832) User=0.00s Sys=0.00s Real=0.00s
[146.290s][info][gc,marking  ] GC(832) Concurrent Mark 13.635ms
[146.290s][info][gc,marking  ] GC(832) Concurrent Rebuild Remembered Sets
[146.295s][info][gc,marking  ] GC(832) Concurrent Rebuild Remembered Sets 5.152ms
[146.295s][info][gc,start    ] GC(832) Pause Cleanup
[146.296s][info][gc          ] GC(832) Pause Cleanup 62M->62M(214M) 0.152ms
[146.296s][info][gc,cpu      ] GC(832) User=0.00s Sys=0.00s Real=0.00s
[146.296s][info][gc,marking  ] GC(832) Concurrent Cleanup for Next Mark
[146.296s][info][gc,marking  ] GC(832) Concurrent Cleanup for Next Mark 0.175ms
[146.296s][info][gc          ] GC(832) Concurrent Mark Cycle 20.488ms
[146.934s][info][gc,start    ] GC(833) Pause Young (Prepare Mixed) (G1 Preventive Collection)
[146.934s][info][gc,task     ] GC(833) Using 6 workers of 6 for evacuation
[146.936s][info][gc,phases   ] GC(833)   Pre Evacuate Collection Set: 0.2ms
[146.936s][info][gc,phases   ] GC(833)   Merge Heap Roots: 0.1ms
[146.936s][info][gc,phases   ] GC(833)   Evacuate Collection Set: 0.6ms
[146.936s][info][gc,phases   ] GC(833)   Post Evacuate Collection Set: 0.7ms
[146.936s][info][gc,phases   ] GC(833)   Other: 0.4ms
[146.936s][info][gc,heap     ] GC(833) Eden regions: 78->0(8)
[146.936s][info][gc,heap     ] GC(833) Survivor regions: 1->2(16)
[146.936s][info][gc,heap     ] GC(833) Old regions: 44->44
[146.936s][info][gc,heap     ] GC(833) Archive regions: 0->0
[146.936s][info][gc,heap     ] GC(833) Humongous regions: 88->4
[146.936s][info][gc,metaspace] GC(833) Metaspace: 37337K(37696K)->37337K(37696K) NonClass: 33333K(33536K)->33333K(33536K) Class: 4004K(4160K)->4004K(4160K)
[146.936s][info][gc          ] GC(833) Pause Young (Prepare Mixed) (G1 Preventive Collection) 209M->48M(214M) 1.994ms
[146.936s][info][gc,cpu      ] GC(833) User=0.00s Sys=0.00s Real=0.00s
[147.019s][info][gc,start    ] GC(834) Pause Young (Mixed) (G1 Evacuation Pause)
[147.019s][info][gc,task     ] GC(834) Using 6 workers of 6 for evacuation
[147.021s][info][gc,phases   ] GC(834)   Pre Evacuate Collection Set: 0.1ms
[147.021s][info][gc,phases   ] GC(834)   Merge Heap Roots: 0.0ms
[147.021s][info][gc,phases   ] GC(834)   Evacuate Collection Set: 0.7ms
[147.021s][info][gc,phases   ] GC(834)   Post Evacuate Collection Set: 0.5ms
[147.021s][info][gc,phases   ] GC(834)   Other: 0.3ms
[147.021s][info][gc,heap     ] GC(834) Eden regions: 8->0(126)
[147.021s][info][gc,heap     ] GC(834) Survivor regions: 2->2(2)
[147.021s][info][gc,heap     ] GC(834) Old regions: 44->44
[147.021s][info][gc,heap     ] GC(834) Archive regions: 0->0
[147.021s][info][gc,heap     ] GC(834) Humongous regions: 16->4
[147.021s][info][gc,metaspace] GC(834) Metaspace: 37337K(37696K)->37337K(37696K) NonClass: 33333K(33536K)->33333K(33536K) Class: 4004K(4160K)->4004K(4160K)
[147.021s][info][gc          ] GC(834) Pause Young (Mixed) (G1 Evacuation Pause) 68M->48M(214M) 1.629ms
[147.021s][info][gc,cpu      ] GC(834) User=0.02s Sys=0.00s Real=0.00s
[147.095s][info][gc,start    ] GC(835) Pause Young (Concurrent Start) (G1 Humongous Allocation)
[147.095s][info][gc,task     ] GC(835) Using 6 workers of 6 for evacuation
[147.097s][info][gc,phases   ] GC(835)   Pre Evacuate Collection Set: 0.2ms
[147.097s][info][gc,phases   ] GC(835)   Merge Heap Roots: 0.1ms
[147.097s][info][gc,phases   ] GC(835)   Evacuate Collection Set: 0.8ms
[147.097s][info][gc,phases   ] GC(835)   Post Evacuate Collection Set: 0.5ms
[147.097s][info][gc,phases   ] GC(835)   Other: 0.3ms
[147.097s][info][gc,heap     ] GC(835) Eden regions: 7->0(127)
[147.097s][info][gc,heap     ] GC(835) Survivor regions: 2->1(16)
[147.097s][info][gc,heap     ] GC(835) Old regions: 44->44
[147.097s][info][gc,heap     ] GC(835) Archive regions: 0->0
[147.097s][info][gc,heap     ] GC(835) Humongous regions: 4->4
[147.097s][info][gc,metaspace] GC(835) Metaspace: 37337K(37696K)->37337K(37696K) NonClass: 33333K(33536K)->33333K(33536K) Class: 4004K(4160K)->4004K(4160K)
[147.097s][info][gc          ] GC(835) Pause Young (Concurrent Start) (G1 Humongous Allocation) 54M->47M(214M) 1.881ms
[147.097s][info][gc,cpu      ] GC(835) User=0.00s Sys=0.00s Real=0.00s
[147.097s][info][gc          ] GC(836) Concurrent Mark Cycle
[147.097s][info][gc,marking  ] GC(836) Concurrent Clear Claimed Marks
[147.097s][info][gc,marking  ] GC(836) Concurrent Clear Claimed Marks 0.015ms
[147.097s][info][gc,marking  ] GC(836) Concurrent Scan Root Regions
[147.097s][info][gc,marking  ] GC(836) Concurrent Scan Root Regions 0.487ms
[147.097s][info][gc,marking  ] GC(836) Concurrent Mark
[147.097s][info][gc,marking  ] GC(836) Concurrent Mark From Roots
[147.097s][info][gc,task     ] GC(836) Using 2 workers of 2 for marking
[147.107s][info][gc,marking  ] GC(836) Concurrent Mark From Roots 9.995ms
[147.108s][info][gc,marking  ] GC(836) Concurrent Preclean
[147.108s][info][gc,marking  ] GC(836) Concurrent Preclean 0.243ms
[147.108s][info][gc,start    ] GC(836) Pause Remark
[147.110s][info][gc          ] GC(836) Pause Remark 61M->61M(210M) 2.368ms
[147.111s][info][gc,cpu      ] GC(836) User=0.00s Sys=0.00s Real=0.00s
[147.111s][info][gc,marking  ] GC(836) Concurrent Mark 13.408ms
[147.111s][info][gc,marking  ] GC(836) Concurrent Rebuild Remembered Sets
[147.117s][info][gc,marking  ] GC(836) Concurrent Rebuild Remembered Sets 6.182ms
[147.117s][info][gc,start    ] GC(836) Pause Cleanup
[147.118s][info][gc          ] GC(836) Pause Cleanup 62M->62M(210M) 0.119ms
[147.118s][info][gc,cpu      ] GC(836) User=0.00s Sys=0.00s Real=0.00s
[147.118s][info][gc,marking  ] GC(836) Concurrent Cleanup for Next Mark
[147.118s][info][gc,marking  ] GC(836) Concurrent Cleanup for Next Mark 0.168ms
[147.118s][info][gc          ] GC(836) Concurrent Mark Cycle 21.162ms
[147.757s][info][gc,start    ] GC(837) Pause Young (Prepare Mixed) (G1 Preventive Collection)
[147.757s][info][gc,task     ] GC(837) Using 6 workers of 6 for evacuation
[147.758s][info][gc,phases   ] GC(837)   Pre Evacuate Collection Set: 0.2ms
[147.758s][info][gc,phases   ] GC(837)   Merge Heap Roots: 0.1ms
[147.758s][info][gc,phases   ] GC(837)   Evacuate Collection Set: 0.8ms
[147.758s][info][gc,phases   ] GC(837)   Post Evacuate Collection Set: 0.6ms
[147.758s][info][gc,phases   ] GC(837)   Other: 0.3ms
[147.758s][info][gc,heap     ] GC(837) Eden regions: 74->0(8)
[147.758s][info][gc,heap     ] GC(837) Survivor regions: 1->2(16)
[147.758s][info][gc,heap     ] GC(837) Old regions: 44->44
[147.758s][info][gc,heap     ] GC(837) Archive regions: 0->0
[147.758s][info][gc,heap     ] GC(837) Humongous regions: 88->8
[147.758s][info][gc,metaspace] GC(837) Metaspace: 37337K(37696K)->37337K(37696K) NonClass: 33333K(33536K)->33333K(33536K) Class: 4004K(4160K)->4004K(4160K)
[147.759s][info][gc          ] GC(837) Pause Young (Prepare Mixed) (G1 Preventive Collection) 205M->52M(210M) 1.971ms
[147.759s][info][gc,cpu      ] GC(837) User=0.00s Sys=0.00s Real=0.00s
[147.821s][info][gc,start    ] GC(838) Pause Young (Mixed) (G1 Evacuation Pause)
[147.821s][info][gc,task     ] GC(838) Using 6 workers of 6 for evacuation
[147.822s][info][gc,phases   ] GC(838)   Pre Evacuate Collection Set: 0.2ms
[147.822s][info][gc,phases   ] GC(838)   Merge Heap Roots: 0.1ms
[147.822s][info][gc,phases   ] GC(838)   Evacuate Collection Set: 0.7ms
[147.822s][info][gc,phases   ] GC(838)   Post Evacuate Collection Set: 0.6ms
[147.822s][info][gc,phases   ] GC(838)   Other: 0.3ms
[147.822s][info][gc,heap     ] GC(838) Eden regions: 8->0(124)
[147.822s][info][gc,heap     ] GC(838) Survivor regions: 2->2(2)
[147.822s][info][gc,heap     ] GC(838) Old regions: 44->44
[147.822s][info][gc,heap     ] GC(838) Archive regions: 0->0
[147.822s][info][gc,heap     ] GC(838) Humongous regions: 8->4
[147.822s][info][gc,metaspace] GC(838) Metaspace: 37337K(37696K)->37337K(37696K) NonClass: 33333K(33536K)->33333K(33536K) Class: 4004K(4160K)->4004K(4160K)
[147.822s][info][gc          ] GC(838) Pause Young (Mixed) (G1 Evacuation Pause) 60M->49M(210M) 1.762ms
[147.822s][info][gc,cpu      ] GC(838) User=0.00s Sys=0.00s Real=0.00s
[147.837s][info][gc,start    ] GC(839) Pause Young (Concurrent Start) (G1 Humongous Allocation)
[147.837s][info][gc,task     ] GC(839) Using 6 workers of 6 for evacuation
[147.838s][info][gc,phases   ] GC(839)   Pre Evacuate Collection Set: 0.2ms
[147.839s][info][gc,phases   ] GC(839)   Merge Heap Roots: 0.1ms
[147.839s][info][gc,phases   ] GC(839)   Evacuate Collection Set: 0.7ms
[147.839s][info][gc,phases   ] GC(839)   Post Evacuate Collection Set: 0.6ms
[147.839s][info][gc,phases   ] GC(839)   Other: 0.3ms
[147.839s][info][gc,heap     ] GC(839) Eden regions: 3->0(125)
[147.839s][info][gc,heap     ] GC(839) Survivor regions: 2->1(16)
[147.839s][info][gc,heap     ] GC(839) Old regions: 44->44
[147.839s][info][gc,heap     ] GC(839) Archive regions: 0->0
[147.839s][info][gc,heap     ] GC(839) Humongous regions: 4->4
[147.839s][info][gc,metaspace] GC(839) Metaspace: 37337K(37696K)->37337K(37696K) NonClass: 33333K(33536K)->33333K(33536K) Class: 4004K(4160K)->4004K(4160K)
[147.839s][info][gc          ] GC(839) Pause Young (Concurrent Start) (G1 Humongous Allocation) 51M->47M(210M) 1.829ms
[147.839s][info][gc,cpu      ] GC(839) User=0.00s Sys=0.00s Real=0.00s
[147.839s][info][gc          ] GC(840) Concurrent Mark Cycle
[147.839s][info][gc,marking  ] GC(840) Concurrent Clear Claimed Marks
[147.839s][info][gc,marking  ] GC(840) Concurrent Clear Claimed Marks 0.039ms
[147.839s][info][gc,marking  ] GC(840) Concurrent Scan Root Regions
[147.839s][info][gc,marking  ] GC(840) Concurrent Scan Root Regions 0.547ms
[147.839s][info][gc,marking  ] GC(840) Concurrent Mark
[147.839s][info][gc,marking  ] GC(840) Concurrent Mark From Roots
[147.839s][info][gc,task     ] GC(840) Using 2 workers of 2 for marking
[147.850s][info][gc,marking  ] GC(840) Concurrent Mark From Roots 10.332ms
[147.850s][info][gc,marking  ] GC(840) Concurrent Preclean
[147.850s][info][gc,marking  ] GC(840) Concurrent Preclean 0.181ms
[147.850s][info][gc,start    ] GC(840) Pause Remark
[147.855s][info][gc          ] GC(840) Pause Remark 62M->62M(210M) 4.648ms
[147.855s][info][gc,cpu      ] GC(840) User=0.00s Sys=0.00s Real=0.00s
[147.855s][info][gc,marking  ] GC(840) Concurrent Mark 15.851ms
[147.855s][info][gc,marking  ] GC(840) Concurrent Rebuild Remembered Sets
[147.861s][info][gc,marking  ] GC(840) Concurrent Rebuild Remembered Sets 5.441ms
[147.861s][info][gc,start    ] GC(840) Pause Cleanup
[147.861s][info][gc          ] GC(840) Pause Cleanup 63M->63M(210M) 0.138ms
[147.861s][info][gc,cpu      ] GC(840) User=0.00s Sys=0.00s Real=0.00s
[147.862s][info][gc,marking  ] GC(840) Concurrent Cleanup for Next Mark
[147.862s][info][gc,marking  ] GC(840) Concurrent Cleanup for Next Mark 0.108ms
[147.862s][info][gc          ] GC(840) Concurrent Mark Cycle 22.850ms
[148.468s][info][gc,start    ] GC(841) Pause Young (Prepare Mixed) (G1 Preventive Collection)
[148.469s][info][gc,task     ] GC(841) Using 6 workers of 6 for evacuation
[148.470s][info][gc,phases   ] GC(841)   Pre Evacuate Collection Set: 0.2ms
[148.470s][info][gc,phases   ] GC(841)   Merge Heap Roots: 0.1ms
[148.470s][info][gc,phases   ] GC(841)   Evacuate Collection Set: 0.7ms
[148.470s][info][gc,phases   ] GC(841)   Post Evacuate Collection Set: 0.7ms
[148.470s][info][gc,phases   ] GC(841)   Other: 0.3ms
[148.470s][info][gc,heap     ] GC(841) Eden regions: 74->0(8)
[148.470s][info][gc,heap     ] GC(841) Survivor regions: 1->2(16)
[148.470s][info][gc,heap     ] GC(841) Old regions: 44->44
[148.470s][info][gc,heap     ] GC(841) Archive regions: 0->0
[148.470s][info][gc,heap     ] GC(841) Humongous regions: 88->8
[148.470s][info][gc,metaspace] GC(841) Metaspace: 37337K(37696K)->37337K(37696K) NonClass: 33333K(33536K)->33333K(33536K) Class: 4004K(4160K)->4004K(4160K)
[148.470s][info][gc          ] GC(841) Pause Young (Prepare Mixed) (G1 Preventive Collection) 205M->52M(210M) 1.985ms
[148.471s][info][gc,cpu      ] GC(841) User=0.00s Sys=0.00s Real=0.00s
[148.562s][info][gc,start    ] GC(842) Pause Young (Mixed) (GCLocker Initiated GC)
[148.563s][info][gc,task     ] GC(842) Using 6 workers of 6 for evacuation
[148.565s][info][gc,phases   ] GC(842)   Pre Evacuate Collection Set: 0.2ms
[148.565s][info][gc,phases   ] GC(842)   Merge Heap Roots: 0.1ms
[148.565s][info][gc,phases   ] GC(842)   Evacuate Collection Set: 0.9ms
[148.565s][info][gc,phases   ] GC(842)   Post Evacuate Collection Set: 0.7ms
[148.565s][info][gc,phases   ] GC(842)   Other: 0.3ms
[148.565s][info][gc,heap     ] GC(842) Eden regions: 8->0(124)
[148.565s][info][gc,heap     ] GC(842) Survivor regions: 2->2(2)
[148.565s][info][gc,heap     ] GC(842) Old regions: 44->44
[148.565s][info][gc,heap     ] GC(842) Archive regions: 0->0
[148.565s][info][gc,heap     ] GC(842) Humongous regions: 20->8
[148.565s][info][gc,metaspace] GC(842) Metaspace: 37337K(37696K)->37337K(37696K) NonClass: 33333K(33536K)->33333K(33536K) Class: 4004K(4160K)->4004K(4160K)
[148.565s][info][gc          ] GC(842) Pause Young (Mixed) (GCLocker Initiated GC) 72M->52M(210M) 2.143ms
[148.565s][info][gc,cpu      ] GC(842) User=0.00s Sys=0.00s Real=0.00s
[148.662s][info][gc,start    ] GC(843) Pause Young (Concurrent Start) (G1 Humongous Allocation)
[148.662s][info][gc,task     ] GC(843) Using 6 workers of 6 for evacuation
[148.664s][info][gc,phases   ] GC(843)   Pre Evacuate Collection Set: 0.2ms
[148.664s][info][gc,phases   ] GC(843)   Merge Heap Roots: 0.1ms
[148.664s][info][gc,phases   ] GC(843)   Evacuate Collection Set: 0.8ms
[148.664s][info][gc,phases   ] GC(843)   Post Evacuate Collection Set: 0.7ms
[148.664s][info][gc,phases   ] GC(843)   Other: 0.4ms
[148.664s][info][gc,heap     ] GC(843) Eden regions: 11->0(125)
[148.664s][info][gc,heap     ] GC(843) Survivor regions: 2->1(16)
[148.664s][info][gc,heap     ] GC(843) Old regions: 44->44
[148.664s][info][gc,heap     ] GC(843) Archive regions: 0->0
[148.664s][info][gc,heap     ] GC(843) Humongous regions: 8->4
[148.664s][info][gc,metaspace] GC(843) Metaspace: 37337K(37696K)->37337K(37696K) NonClass: 33333K(33536K)->33333K(33536K) Class: 4004K(4160K)->4004K(4160K)
[148.664s][info][gc          ] GC(843) Pause Young (Concurrent Start) (G1 Humongous Allocation) 63M->48M(210M) 2.143ms
[148.664s][info][gc,cpu      ] GC(843) User=0.00s Sys=0.00s Real=0.00s
[148.664s][info][gc          ] GC(844) Concurrent Mark Cycle
[148.664s][info][gc,marking  ] GC(844) Concurrent Clear Claimed Marks
[148.664s][info][gc,marking  ] GC(844) Concurrent Clear Claimed Marks 0.021ms
[148.664s][info][gc,marking  ] GC(844) Concurrent Scan Root Regions
[148.665s][info][gc,marking  ] GC(844) Concurrent Scan Root Regions 0.658ms
[148.665s][info][gc,marking  ] GC(844) Concurrent Mark
[148.665s][info][gc,marking  ] GC(844) Concurrent Mark From Roots
[148.665s][info][gc,task     ] GC(844) Using 2 workers of 2 for marking
[148.675s][info][gc,marking  ] GC(844) Concurrent Mark From Roots 9.748ms
[148.675s][info][gc,marking  ] GC(844) Concurrent Preclean
[148.675s][info][gc,marking  ] GC(844) Concurrent Preclean 0.165ms
[148.675s][info][gc,start    ] GC(844) Pause Remark
[148.680s][info][gc          ] GC(844) Pause Remark 61M->61M(210M) 4.579ms
[148.680s][info][gc,cpu      ] GC(844) User=0.09s Sys=0.00s Real=0.00s
[148.680s][info][gc,marking  ] GC(844) Concurrent Mark 15.304ms
[148.680s][info][gc,marking  ] GC(844) Concurrent Rebuild Remembered Sets
[148.685s][info][gc,marking  ] GC(844) Concurrent Rebuild Remembered Sets 4.727ms
[148.686s][info][gc,start    ] GC(844) Pause Cleanup
[148.686s][info][gc          ] GC(844) Pause Cleanup 62M->62M(210M) 0.140ms
[148.686s][info][gc,cpu      ] GC(844) User=0.00s Sys=0.00s Real=0.00s
[148.686s][info][gc,marking  ] GC(844) Concurrent Cleanup for Next Mark
[148.686s][info][gc,marking  ] GC(844) Concurrent Cleanup for Next Mark 0.176ms
[148.686s][info][gc          ] GC(844) Concurrent Mark Cycle 21.761ms
[149.409s][info][gc,start    ] GC(845) Pause Young (Prepare Mixed) (G1 Preventive Collection)
[149.409s][info][gc,task     ] GC(845) Using 6 workers of 6 for evacuation
[149.410s][info][gc,phases   ] GC(845)   Pre Evacuate Collection Set: 0.1ms
[149.410s][info][gc,phases   ] GC(845)   Merge Heap Roots: 0.1ms
[149.411s][info][gc,phases   ] GC(845)   Evacuate Collection Set: 0.6ms
[149.411s][info][gc,phases   ] GC(845)   Post Evacuate Collection Set: 0.6ms
[149.411s][info][gc,phases   ] GC(845)   Other: 0.3ms
[149.411s][info][gc,heap     ] GC(845) Eden regions: 73->0(8)
[149.411s][info][gc,heap     ] GC(845) Survivor regions: 1->2(16)
[149.411s][info][gc,heap     ] GC(845) Old regions: 44->44
[149.411s][info][gc,heap     ] GC(845) Archive regions: 0->0
[149.411s][info][gc,heap     ] GC(845) Humongous regions: 88->4
[149.411s][info][gc,metaspace] GC(845) Metaspace: 37337K(37696K)->37337K(37696K) NonClass: 33333K(33536K)->33333K(33536K) Class: 4004K(4160K)->4004K(4160K)
[149.411s][info][gc          ] GC(845) Pause Young (Prepare Mixed) (G1 Preventive Collection) 204M->48M(210M) 1.720ms
[149.411s][info][gc,cpu      ] GC(845) User=0.00s Sys=0.00s Real=0.00s
[149.439s][info][gc,start    ] GC(846) Pause Young (Mixed) (G1 Evacuation Pause)
[149.439s][info][gc,task     ] GC(846) Using 6 workers of 6 for evacuation
[149.441s][info][gc,phases   ] GC(846)   Pre Evacuate Collection Set: 0.2ms
[149.441s][info][gc,phases   ] GC(846)   Merge Heap Roots: 0.1ms
[149.441s][info][gc,phases   ] GC(846)   Evacuate Collection Set: 0.7ms
[149.441s][info][gc,phases   ] GC(846)   Post Evacuate Collection Set: 0.9ms
[149.441s][info][gc,phases   ] GC(846)   Other: 0.3ms
[149.441s][info][gc,heap     ] GC(846) Eden regions: 8->0(124)
[149.441s][info][gc,heap     ] GC(846) Survivor regions: 2->2(2)
[149.441s][info][gc,heap     ] GC(846) Old regions: 44->45
[149.441s][info][gc,heap     ] GC(846) Archive regions: 0->0
[149.441s][info][gc,heap     ] GC(846) Humongous regions: 16->4
[149.441s][info][gc,metaspace] GC(846) Metaspace: 37337K(37696K)->37337K(37696K) NonClass: 33333K(33536K)->33333K(33536K) Class: 4004K(4160K)->4004K(4160K)
[149.441s][info][gc          ] GC(846) Pause Young (Mixed) (G1 Evacuation Pause) 68M->49M(210M) 2.333ms
[149.441s][info][gc,cpu      ] GC(846) User=0.00s Sys=0.00s Real=0.00s
[149.515s][info][gc,start    ] GC(847) Pause Young (Concurrent Start) (G1 Humongous Allocation)
[149.515s][info][gc,task     ] GC(847) Using 6 workers of 6 for evacuation
[149.517s][info][gc,phases   ] GC(847)   Pre Evacuate Collection Set: 0.3ms
[149.517s][info][gc,phases   ] GC(847)   Merge Heap Roots: 0.1ms
[149.517s][info][gc,phases   ] GC(847)   Evacuate Collection Set: 1.0ms
[149.517s][info][gc,phases   ] GC(847)   Post Evacuate Collection Set: 0.5ms
[149.517s][info][gc,phases   ] GC(847)   Other: 0.4ms
[149.517s][info][gc,heap     ] GC(847) Eden regions: 7->0(125)
[149.517s][info][gc,heap     ] GC(847) Survivor regions: 2->1(16)
[149.517s][info][gc,heap     ] GC(847) Old regions: 45->45
[149.517s][info][gc,heap     ] GC(847) Archive regions: 0->0
[149.517s][info][gc,heap     ] GC(847) Humongous regions: 4->4
[149.517s][info][gc,metaspace] GC(847) Metaspace: 37337K(37696K)->37337K(37696K) NonClass: 33333K(33536K)->33333K(33536K) Class: 4004K(4160K)->4004K(4160K)
[149.517s][info][gc          ] GC(847) Pause Young (Concurrent Start) (G1 Humongous Allocation) 55M->48M(210M) 2.200ms
[149.517s][info][gc,cpu      ] GC(847) User=0.00s Sys=0.00s Real=0.00s
[149.518s][info][gc          ] GC(848) Concurrent Mark Cycle
[149.518s][info][gc,marking  ] GC(848) Concurrent Clear Claimed Marks
[149.518s][info][gc,marking  ] GC(848) Concurrent Clear Claimed Marks 0.027ms
[149.518s][info][gc,marking  ] GC(848) Concurrent Scan Root Regions
[149.518s][info][gc,marking  ] GC(848) Concurrent Scan Root Regions 0.611ms
[149.518s][info][gc,marking  ] GC(848) Concurrent Mark
[149.518s][info][gc,marking  ] GC(848) Concurrent Mark From Roots
[149.518s][info][gc,task     ] GC(848) Using 2 workers of 2 for marking
[149.529s][info][gc,marking  ] GC(848) Concurrent Mark From Roots 10.424ms
[149.529s][info][gc,marking  ] GC(848) Concurrent Preclean
[149.529s][info][gc,marking  ] GC(848) Concurrent Preclean 0.153ms
[149.529s][info][gc,start    ] GC(848) Pause Remark
[149.531s][info][gc          ] GC(848) Pause Remark 61M->61M(210M) 2.233ms
[149.532s][info][gc,cpu      ] GC(848) User=0.00s Sys=0.00s Real=0.00s
[149.532s][info][gc,marking  ] GC(848) Concurrent Mark 13.574ms
[149.532s][info][gc,marking  ] GC(848) Concurrent Rebuild Remembered Sets
[149.538s][info][gc,marking  ] GC(848) Concurrent Rebuild Remembered Sets 5.674ms
[149.538s][info][gc,start    ] GC(848) Pause Cleanup
[149.538s][info][gc          ] GC(848) Pause Cleanup 63M->63M(210M) 0.154ms
[149.538s][info][gc,cpu      ] GC(848) User=0.00s Sys=0.00s Real=0.00s
[149.538s][info][gc,marking  ] GC(848) Concurrent Cleanup for Next Mark
[149.538s][info][gc,marking  ] GC(848) Concurrent Cleanup for Next Mark 0.174ms
[149.538s][info][gc          ] GC(848) Concurrent Mark Cycle 20.905ms
[150.178s][info][gc,start    ] GC(849) Pause Young (Prepare Mixed) (GCLocker Initiated GC)
[150.178s][info][gc,task     ] GC(849) Using 6 workers of 6 for evacuation
[150.180s][info][gc,phases   ] GC(849)   Pre Evacuate Collection Set: 0.3ms
[150.180s][info][gc,phases   ] GC(849)   Merge Heap Roots: 0.1ms
[150.180s][info][gc,phases   ] GC(849)   Evacuate Collection Set: 0.7ms
[150.180s][info][gc,phases   ] GC(849)   Post Evacuate Collection Set: 0.7ms
[150.180s][info][gc,phases   ] GC(849)   Other: 0.3ms
[150.180s][info][gc,heap     ] GC(849) Eden regions: 73->0(8)
[150.180s][info][gc,heap     ] GC(849) Survivor regions: 1->2(16)
[150.180s][info][gc,heap     ] GC(849) Old regions: 45->45
[150.180s][info][gc,heap     ] GC(849) Archive regions: 0->0
[150.180s][info][gc,heap     ] GC(849) Humongous regions: 88->8
[150.180s][info][gc,metaspace] GC(849) Metaspace: 37340K(37696K)->37340K(37696K) NonClass: 33336K(33536K)->33336K(33536K) Class: 4004K(4160K)->4004K(4160K)
[150.180s][info][gc          ] GC(849) Pause Young (Prepare Mixed) (GCLocker Initiated GC) 205M->53M(210M) 2.125ms
[150.180s][info][gc,cpu      ] GC(849) User=0.00s Sys=0.00s Real=0.00s
[150.279s][info][gc,start    ] GC(850) Pause Young (Mixed) (G1 Evacuation Pause)
[150.279s][info][gc,task     ] GC(850) Using 6 workers of 6 for evacuation
[150.280s][info][gc,phases   ] GC(850)   Pre Evacuate Collection Set: 0.2ms
[150.280s][info][gc,phases   ] GC(850)   Merge Heap Roots: 0.1ms
[150.280s][info][gc,phases   ] GC(850)   Evacuate Collection Set: 0.5ms
[150.280s][info][gc,phases   ] GC(850)   Post Evacuate Collection Set: 0.7ms
[150.280s][info][gc,phases   ] GC(850)   Other: 0.3ms
[150.280s][info][gc,heap     ] GC(850) Eden regions: 8->0(125)
[150.280s][info][gc,heap     ] GC(850) Survivor regions: 2->1(2)
[150.280s][info][gc,heap     ] GC(850) Old regions: 45->45
[150.280s][info][gc,heap     ] GC(850) Archive regions: 0->0
[150.280s][info][gc,heap     ] GC(850) Humongous regions: 20->8
[150.280s][info][gc,metaspace] GC(850) Metaspace: 37340K(37696K)->37340K(37696K) NonClass: 33336K(33536K)->33336K(33536K) Class: 4004K(4160K)->4004K(4160K)
[150.280s][info][gc          ] GC(850) Pause Young (Mixed) (G1 Evacuation Pause) 73M->52M(210M) 1.718ms
[150.280s][info][gc,cpu      ] GC(850) User=0.00s Sys=0.00s Real=0.00s
[150.371s][info][gc,start    ] GC(851) Pause Young (Concurrent Start) (G1 Humongous Allocation)
[150.371s][info][gc,task     ] GC(851) Using 6 workers of 6 for evacuation
[150.373s][info][gc,phases   ] GC(851)   Pre Evacuate Collection Set: 0.2ms
[150.373s][info][gc,phases   ] GC(851)   Merge Heap Roots: 0.1ms
[150.373s][info][gc,phases   ] GC(851)   Evacuate Collection Set: 0.8ms
[150.373s][info][gc,phases   ] GC(851)   Post Evacuate Collection Set: 0.7ms
[150.373s][info][gc,phases   ] GC(851)   Other: 0.3ms
[150.373s][info][gc,heap     ] GC(851) Eden regions: 13->0(125)
[150.373s][info][gc,heap     ] GC(851) Survivor regions: 1->1(16)
[150.373s][info][gc,heap     ] GC(851) Old regions: 45->45
[150.373s][info][gc,heap     ] GC(851) Archive regions: 0->0
[150.373s][info][gc,heap     ] GC(851) Humongous regions: 8->4
[150.373s][info][gc,metaspace] GC(851) Metaspace: 37340K(37696K)->37340K(37696K) NonClass: 33336K(33536K)->33336K(33536K) Class: 4004K(4160K)->4004K(4160K)
[150.373s][info][gc          ] GC(851) Pause Young (Concurrent Start) (G1 Humongous Allocation) 64M->48M(210M) 2.057ms
[150.373s][info][gc,cpu      ] GC(851) User=0.00s Sys=0.00s Real=0.00s
[150.373s][info][gc          ] GC(852) Concurrent Mark Cycle
[150.373s][info][gc,marking  ] GC(852) Concurrent Clear Claimed Marks
[150.373s][info][gc,marking  ] GC(852) Concurrent Clear Claimed Marks 0.015ms
[150.373s][info][gc,marking  ] GC(852) Concurrent Scan Root Regions
[150.374s][info][gc,marking  ] GC(852) Concurrent Scan Root Regions 0.535ms
[150.374s][info][gc,marking  ] GC(852) Concurrent Mark
[150.374s][info][gc,marking  ] GC(852) Concurrent Mark From Roots
[150.374s][info][gc,task     ] GC(852) Using 2 workers of 2 for marking
[150.384s][info][gc,marking  ] GC(852) Concurrent Mark From Roots 10.179ms
[150.384s][info][gc,marking  ] GC(852) Concurrent Preclean
[150.384s][info][gc,marking  ] GC(852) Concurrent Preclean 0.115ms
[150.384s][info][gc,start    ] GC(852) Pause Remark
[150.389s][info][gc          ] GC(852) Pause Remark 62M->62M(210M) 4.684ms
[150.389s][info][gc,cpu      ] GC(852) User=0.00s Sys=0.00s Real=0.00s
[150.389s][info][gc,marking  ] GC(852) Concurrent Mark 15.629ms
[150.389s][info][gc,marking  ] GC(852) Concurrent Rebuild Remembered Sets
[150.394s][info][gc,marking  ] GC(852) Concurrent Rebuild Remembered Sets 4.869ms
[150.394s][info][gc,start    ] GC(852) Pause Cleanup
[150.395s][info][gc          ] GC(852) Pause Cleanup 63M->63M(210M) 0.147ms
[150.395s][info][gc,cpu      ] GC(852) User=0.00s Sys=0.00s Real=0.00s
[150.395s][info][gc,marking  ] GC(852) Concurrent Cleanup for Next Mark
[150.395s][info][gc,marking  ] GC(852) Concurrent Cleanup for Next Mark 0.177ms
[150.395s][info][gc          ] GC(852) Concurrent Mark Cycle 22.089ms
[151.010s][info][gc,start    ] GC(853) Pause Young (Prepare Mixed) (G1 Preventive Collection)
[151.010s][info][gc,task     ] GC(853) Using 6 workers of 6 for evacuation
[151.012s][info][gc,phases   ] GC(853)   Pre Evacuate Collection Set: 0.2ms
[151.012s][info][gc,phases   ] GC(853)   Merge Heap Roots: 0.1ms
[151.012s][info][gc,phases   ] GC(853)   Evacuate Collection Set: 0.8ms
[151.012s][info][gc,phases   ] GC(853)   Post Evacuate Collection Set: 0.9ms
[151.012s][info][gc,phases   ] GC(853)   Other: 0.3ms
[151.012s][info][gc,heap     ] GC(853) Eden regions: 74->0(8)
[151.012s][info][gc,heap     ] GC(853) Survivor regions: 1->2(16)
[151.012s][info][gc,heap     ] GC(853) Old regions: 45->45
[151.012s][info][gc,heap     ] GC(853) Archive regions: 0->0
[151.012s][info][gc,heap     ] GC(853) Humongous regions: 88->8
[151.012s][info][gc,metaspace] GC(853) Metaspace: 37340K(37696K)->37340K(37696K) NonClass: 33336K(33536K)->33336K(33536K) Class: 4004K(4160K)->4004K(4160K)
[151.012s][info][gc          ] GC(853) Pause Young (Prepare Mixed) (G1 Preventive Collection) 206M->53M(210M) 2.266ms
[151.012s][info][gc,cpu      ] GC(853) User=0.00s Sys=0.00s Real=0.00s
[151.094s][info][gc,start    ] GC(854) Pause Young (Mixed) (G1 Evacuation Pause)
[151.094s][info][gc,task     ] GC(854) Using 6 workers of 6 for evacuation
[151.096s][info][gc,phases   ] GC(854)   Pre Evacuate Collection Set: 0.2ms
[151.096s][info][gc,phases   ] GC(854)   Merge Heap Roots: 0.1ms
[151.096s][info][gc,phases   ] GC(854)   Evacuate Collection Set: 0.8ms
[151.096s][info][gc,phases   ] GC(854)   Post Evacuate Collection Set: 0.7ms
[151.096s][info][gc,phases   ] GC(854)   Other: 0.3ms
[151.096s][info][gc,heap     ] GC(854) Eden regions: 8->0(124)
[151.096s][info][gc,heap     ] GC(854) Survivor regions: 2->2(2)
[151.096s][info][gc,heap     ] GC(854) Old regions: 45->45
[151.096s][info][gc,heap     ] GC(854) Archive regions: 0->0
[151.096s][info][gc,heap     ] GC(854) Humongous regions: 12->8
[151.096s][info][gc,metaspace] GC(854) Metaspace: 37340K(37696K)->37340K(37696K) NonClass: 33336K(33536K)->33336K(33536K) Class: 4004K(4160K)->4004K(4160K)
[151.096s][info][gc          ] GC(854) Pause Young (Mixed) (G1 Evacuation Pause) 64M->53M(210M) 2.094ms
[151.096s][info][gc,cpu      ] GC(854) User=0.00s Sys=0.00s Real=0.00s
[151.097s][info][gc,start    ] GC(855) Pause Young (Concurrent Start) (G1 Humongous Allocation)
[151.097s][info][gc,task     ] GC(855) Using 6 workers of 6 for evacuation
[151.099s][info][gc,phases   ] GC(855)   Pre Evacuate Collection Set: 0.2ms
[151.099s][info][gc,phases   ] GC(855)   Merge Heap Roots: 0.1ms
[151.099s][info][gc,phases   ] GC(855)   Evacuate Collection Set: 0.8ms
[151.099s][info][gc,phases   ] GC(855)   Post Evacuate Collection Set: 0.6ms
[151.099s][info][gc,phases   ] GC(855)   Other: 0.2ms
[151.099s][info][gc,heap     ] GC(855) Eden regions: 1->0(76)
[151.099s][info][gc,heap     ] GC(855) Survivor regions: 2->2(16)
[151.099s][info][gc,heap     ] GC(855) Old regions: 45->45
[151.099s][info][gc,heap     ] GC(855) Archive regions: 0->0
[151.099s][info][gc,heap     ] GC(855) Humongous regions: 8->8
[151.099s][info][gc,metaspace] GC(855) Metaspace: 37340K(37696K)->37340K(37696K) NonClass: 33336K(33536K)->33336K(33536K) Class: 4004K(4160K)->4004K(4160K)
[151.099s][info][gc          ] GC(855) Pause Young (Concurrent Start) (G1 Humongous Allocation) 54M->53M(210M) 1.993ms
[151.099s][info][gc,cpu      ] GC(855) User=0.02s Sys=0.00s Real=0.00s
[151.099s][info][gc          ] GC(856) Concurrent Mark Cycle
[151.099s][info][gc,marking  ] GC(856) Concurrent Clear Claimed Marks
[151.099s][info][gc,marking  ] GC(856) Concurrent Clear Claimed Marks 0.025ms
[151.099s][info][gc,marking  ] GC(856) Concurrent Scan Root Regions
[151.100s][info][gc,marking  ] GC(856) Concurrent Scan Root Regions 0.626ms
[151.100s][info][gc,marking  ] GC(856) Concurrent Mark
[151.100s][info][gc,marking  ] GC(856) Concurrent Mark From Roots
[151.100s][info][gc,task     ] GC(856) Using 2 workers of 2 for marking
[151.110s][info][gc,marking  ] GC(856) Concurrent Mark From Roots 10.644ms
[151.110s][info][gc,marking  ] GC(856) Concurrent Preclean
[151.111s][info][gc,marking  ] GC(856) Concurrent Preclean 0.295ms
[151.111s][info][gc,start    ] GC(856) Pause Remark
[151.114s][info][gc          ] GC(856) Pause Remark 64M->64M(210M) 2.594ms
[151.114s][info][gc,cpu      ] GC(856) User=0.00s Sys=0.00s Real=0.00s
[151.114s][info][gc,marking  ] GC(856) Concurrent Mark 14.434ms
[151.114s][info][gc,marking  ] GC(856) Concurrent Rebuild Remembered Sets
[151.120s][info][gc,marking  ] GC(856) Concurrent Rebuild Remembered Sets 5.612ms
[151.120s][info][gc,start    ] GC(856) Pause Cleanup
[151.120s][info][gc          ] GC(856) Pause Cleanup 65M->65M(210M) 0.151ms
[151.120s][info][gc,cpu      ] GC(856) User=0.00s Sys=0.00s Real=0.00s
[151.120s][info][gc,marking  ] GC(856) Concurrent Cleanup for Next Mark
[151.121s][info][gc,marking  ] GC(856) Concurrent Cleanup for Next Mark 0.158ms
[151.121s][info][gc          ] GC(856) Concurrent Mark Cycle 21.718ms
[151.633s][info][gc,start    ] GC(857) Pause Young (Prepare Mixed) (G1 Preventive Collection)
[151.633s][info][gc,task     ] GC(857) Using 6 workers of 6 for evacuation
[151.635s][info][gc,phases   ] GC(857)   Pre Evacuate Collection Set: 0.2ms
[151.635s][info][gc,phases   ] GC(857)   Merge Heap Roots: 0.1ms
[151.635s][info][gc,phases   ] GC(857)   Evacuate Collection Set: 0.7ms
[151.635s][info][gc,phases   ] GC(857)   Post Evacuate Collection Set: 0.8ms
[151.635s][info][gc,phases   ] GC(857)   Other: 0.3ms
[151.635s][info][gc,heap     ] GC(857) Eden regions: 62->0(8)
[151.635s][info][gc,heap     ] GC(857) Survivor regions: 2->2(10)
[151.635s][info][gc,heap     ] GC(857) Old regions: 45->45
[151.635s][info][gc,heap     ] GC(857) Archive regions: 0->0
[151.635s][info][gc,heap     ] GC(857) Humongous regions: 76->8
[151.635s][info][gc,metaspace] GC(857) Metaspace: 37340K(37696K)->37340K(37696K) NonClass: 33336K(33536K)->33336K(33536K) Class: 4004K(4160K)->4004K(4160K)
[151.635s][info][gc          ] GC(857) Pause Young (Prepare Mixed) (G1 Preventive Collection) 183M->53M(210M) 2.014ms
[151.635s][info][gc,cpu      ] GC(857) User=0.00s Sys=0.00s Real=0.00s
[151.706s][info][gc,start    ] GC(858) Pause Young (Mixed) (G1 Evacuation Pause)
[151.706s][info][gc,task     ] GC(858) Using 6 workers of 6 for evacuation
[151.708s][info][gc,phases   ] GC(858)   Pre Evacuate Collection Set: 0.2ms
[151.709s][info][gc,phases   ] GC(858)   Merge Heap Roots: 0.1ms
[151.709s][info][gc,phases   ] GC(858)   Evacuate Collection Set: 0.9ms
[151.709s][info][gc,phases   ] GC(858)   Post Evacuate Collection Set: 0.8ms
[151.709s][info][gc,phases   ] GC(858)   Other: 0.3ms
[151.709s][info][gc,heap     ] GC(858) Eden regions: 8->0(86)
[151.709s][info][gc,heap     ] GC(858) Survivor regions: 2->2(2)
[151.709s][info][gc,heap     ] GC(858) Old regions: 45->45
[151.709s][info][gc,heap     ] GC(858) Archive regions: 0->0
[151.709s][info][gc,heap     ] GC(858) Humongous regions: 8->4
[151.709s][info][gc,metaspace] GC(858) Metaspace: 37340K(37696K)->37340K(37696K) NonClass: 33336K(33536K)->33336K(33536K) Class: 4004K(4160K)->4004K(4160K)
[151.709s][info][gc          ] GC(858) Pause Young (Mixed) (G1 Evacuation Pause) 60M->48M(210M) 2.375ms
[151.709s][info][gc,cpu      ] GC(858) User=0.00s Sys=0.00s Real=0.00s
[151.715s][info][gc,start    ] GC(859) Pause Young (Concurrent Start) (G1 Humongous Allocation)
[151.715s][info][gc,task     ] GC(859) Using 6 workers of 6 for evacuation
[151.716s][info][gc,phases   ] GC(859)   Pre Evacuate Collection Set: 0.2ms
[151.716s][info][gc,phases   ] GC(859)   Merge Heap Roots: 0.1ms
[151.716s][info][gc,phases   ] GC(859)   Evacuate Collection Set: 0.7ms
[151.716s][info][gc,phases   ] GC(859)   Post Evacuate Collection Set: 0.5ms
[151.716s][info][gc,phases   ] GC(859)   Other: 0.3ms
[151.716s][info][gc,heap     ] GC(859) Eden regions: 3->0(94)
[151.716s][info][gc,heap     ] GC(859) Survivor regions: 2->1(11)
[151.716s][info][gc,heap     ] GC(859) Old regions: 45->45
[151.717s][info][gc,heap     ] GC(859) Archive regions: 0->0
[151.717s][info][gc,heap     ] GC(859) Humongous regions: 4->4
[151.717s][info][gc,metaspace] GC(859) Metaspace: 37340K(37696K)->37340K(37696K) NonClass: 33336K(33536K)->33336K(33536K) Class: 4004K(4160K)->4004K(4160K)
[151.717s][info][gc          ] GC(859) Pause Young (Concurrent Start) (G1 Humongous Allocation) 51M->48M(210M) 1.758ms
[151.717s][info][gc,cpu      ] GC(859) User=0.00s Sys=0.00s Real=0.00s
[151.717s][info][gc          ] GC(860) Concurrent Mark Cycle
[151.717s][info][gc,marking  ] GC(860) Concurrent Clear Claimed Marks
[151.717s][info][gc,marking  ] GC(860) Concurrent Clear Claimed Marks 0.016ms
[151.717s][info][gc,marking  ] GC(860) Concurrent Scan Root Regions
[151.717s][info][gc,marking  ] GC(860) Concurrent Scan Root Regions 0.591ms
[151.717s][info][gc,marking  ] GC(860) Concurrent Mark
[151.717s][info][gc,marking  ] GC(860) Concurrent Mark From Roots
[151.717s][info][gc,task     ] GC(860) Using 2 workers of 2 for marking
[151.730s][info][gc,marking  ] GC(860) Concurrent Mark From Roots 12.287ms
[151.730s][info][gc,marking  ] GC(860) Concurrent Preclean
[151.730s][info][gc,marking  ] GC(860) Concurrent Preclean 0.196ms
[151.730s][info][gc,start    ] GC(860) Pause Remark
[151.733s][info][gc          ] GC(860) Pause Remark 62M->62M(210M) 2.595ms
[151.733s][info][gc,cpu      ] GC(860) User=0.00s Sys=0.00s Real=0.00s
[151.733s][info][gc,marking  ] GC(860) Concurrent Mark 15.797ms
[151.733s][info][gc,marking  ] GC(860) Concurrent Rebuild Remembered Sets
[151.738s][info][gc,marking  ] GC(860) Concurrent Rebuild Remembered Sets 4.649ms
[151.738s][info][gc,start    ] GC(860) Pause Cleanup
[151.738s][info][gc          ] GC(860) Pause Cleanup 63M->63M(210M) 0.153ms
[151.739s][info][gc,cpu      ] GC(860) User=0.00s Sys=0.00s Real=0.00s
[151.739s][info][gc,marking  ] GC(860) Concurrent Cleanup for Next Mark
[151.739s][info][gc,marking  ] GC(860) Concurrent Cleanup for Next Mark 0.166ms
[151.739s][info][gc          ] GC(860) Concurrent Mark Cycle 22.102ms
[152.350s][info][gc,start    ] GC(861) Pause Young (Prepare Mixed) (G1 Preventive Collection)
[152.350s][info][gc,task     ] GC(861) Using 6 workers of 6 for evacuation
[152.352s][info][gc,phases   ] GC(861)   Pre Evacuate Collection Set: 0.2ms
[152.353s][info][gc,phases   ] GC(861)   Merge Heap Roots: 0.1ms
[152.353s][info][gc,phases   ] GC(861)   Evacuate Collection Set: 0.8ms
[152.353s][info][gc,phases   ] GC(861)   Post Evacuate Collection Set: 1.0ms
[152.353s][info][gc,phases   ] GC(861)   Other: 0.5ms
[152.353s][info][gc,heap     ] GC(861) Eden regions: 66->0(8)
[152.353s][info][gc,heap     ] GC(861) Survivor regions: 1->2(12)
[152.353s][info][gc,heap     ] GC(861) Old regions: 45->45
[152.353s][info][gc,heap     ] GC(861) Archive regions: 0->0
[152.353s][info][gc,heap     ] GC(861) Humongous regions: 80->8
[152.353s][info][gc,metaspace] GC(861) Metaspace: 37342K(37696K)->37342K(37696K) NonClass: 33337K(33536K)->33337K(33536K) Class: 4004K(4160K)->4004K(4160K)
[152.353s][info][gc          ] GC(861) Pause Young (Prepare Mixed) (G1 Preventive Collection) 190M->53M(210M) 2.676ms
[152.353s][info][gc,cpu      ] GC(861) User=0.00s Sys=0.00s Real=0.00s
[152.381s][info][gc,start    ] GC(862) Pause Young (Mixed) (G1 Evacuation Pause)
[152.381s][info][gc,task     ] GC(862) Using 6 workers of 6 for evacuation
[152.383s][info][gc,phases   ] GC(862)   Pre Evacuate Collection Set: 0.2ms
[152.383s][info][gc,phases   ] GC(862)   Merge Heap Roots: 0.1ms
[152.383s][info][gc,phases   ] GC(862)   Evacuate Collection Set: 0.7ms
[152.383s][info][gc,phases   ] GC(862)   Post Evacuate Collection Set: 0.6ms
[152.383s][info][gc,phases   ] GC(862)   Other: 0.4ms
[152.383s][info][gc,heap     ] GC(862) Eden regions: 8->0(100)
[152.383s][info][gc,heap     ] GC(862) Survivor regions: 2->2(2)
[152.383s][info][gc,heap     ] GC(862) Old regions: 45->45
[152.383s][info][gc,heap     ] GC(862) Archive regions: 0->0
[152.383s][info][gc,heap     ] GC(862) Humongous regions: 16->4
[152.383s][info][gc,metaspace] GC(862) Metaspace: 37342K(37696K)->37342K(37696K) NonClass: 33337K(33536K)->33337K(33536K) Class: 4004K(4160K)->4004K(4160K)
[152.383s][info][gc          ] GC(862) Pause Young (Mixed) (G1 Evacuation Pause) 68M->49M(210M) 1.897ms
[152.384s][info][gc,cpu      ] GC(862) User=0.00s Sys=0.00s Real=0.00s
[152.456s][info][gc,start    ] GC(863) Pause Young (Concurrent Start) (G1 Humongous Allocation)
[152.456s][info][gc,task     ] GC(863) Using 6 workers of 6 for evacuation
[152.458s][info][gc,phases   ] GC(863)   Pre Evacuate Collection Set: 0.2ms
[152.458s][info][gc,phases   ] GC(863)   Merge Heap Roots: 0.1ms
[152.458s][info][gc,phases   ] GC(863)   Evacuate Collection Set: 0.9ms
[152.458s][info][gc,phases   ] GC(863)   Post Evacuate Collection Set: 0.7ms
[152.458s][info][gc,phases   ] GC(863)   Other: 0.3ms
[152.458s][info][gc,heap     ] GC(863) Eden regions: 6->0(106)
[152.458s][info][gc,heap     ] GC(863) Survivor regions: 2->1(13)
[152.458s][info][gc,heap     ] GC(863) Old regions: 45->45
[152.458s][info][gc,heap     ] GC(863) Archive regions: 0->0
[152.458s][info][gc,heap     ] GC(863) Humongous regions: 4->4
[152.458s][info][gc,metaspace] GC(863) Metaspace: 37342K(37696K)->37342K(37696K) NonClass: 33337K(33536K)->33337K(33536K) Class: 4004K(4160K)->4004K(4160K)
[152.458s][info][gc          ] GC(863) Pause Young (Concurrent Start) (G1 Humongous Allocation) 55M->48M(210M) 2.132ms
[152.458s][info][gc,cpu      ] GC(863) User=0.02s Sys=0.00s Real=0.00s
[152.458s][info][gc          ] GC(864) Concurrent Mark Cycle
[152.458s][info][gc,marking  ] GC(864) Concurrent Clear Claimed Marks
[152.458s][info][gc,marking  ] GC(864) Concurrent Clear Claimed Marks 0.027ms
[152.458s][info][gc,marking  ] GC(864) Concurrent Scan Root Regions
[152.459s][info][gc,marking  ] GC(864) Concurrent Scan Root Regions 0.528ms
[152.459s][info][gc,marking  ] GC(864) Concurrent Mark
[152.459s][info][gc,marking  ] GC(864) Concurrent Mark From Roots
[152.459s][info][gc,task     ] GC(864) Using 2 workers of 2 for marking
[152.469s][info][gc,marking  ] GC(864) Concurrent Mark From Roots 10.387ms
[152.469s][info][gc,marking  ] GC(864) Concurrent Preclean
[152.469s][info][gc,marking  ] GC(864) Concurrent Preclean 0.151ms
[152.470s][info][gc,start    ] GC(864) Pause Remark
[152.473s][info][gc          ] GC(864) Pause Remark 62M->62M(210M) 3.479ms
[152.473s][info][gc,cpu      ] GC(864) User=0.00s Sys=0.00s Real=0.00s
[152.474s][info][gc,marking  ] GC(864) Concurrent Mark 14.774ms
[152.474s][info][gc,marking  ] GC(864) Concurrent Rebuild Remembered Sets
[152.480s][info][gc,marking  ] GC(864) Concurrent Rebuild Remembered Sets 5.802ms
[152.480s][info][gc,start    ] GC(864) Pause Cleanup
[152.480s][info][gc          ] GC(864) Pause Cleanup 63M->63M(210M) 0.202ms
[152.481s][info][gc,cpu      ] GC(864) User=0.00s Sys=0.00s Real=0.00s
[152.481s][info][gc,marking  ] GC(864) Concurrent Cleanup for Next Mark
[152.481s][info][gc,marking  ] GC(864) Concurrent Cleanup for Next Mark 0.118ms
[152.481s][info][gc          ] GC(864) Concurrent Mark Cycle 22.769ms
[153.082s][info][gc,start    ] GC(865) Pause Young (Prepare Mixed) (G1 Preventive Collection)
[153.082s][info][gc,task     ] GC(865) Using 6 workers of 6 for evacuation
[153.084s][info][gc,phases   ] GC(865)   Pre Evacuate Collection Set: 0.2ms
[153.084s][info][gc,phases   ] GC(865)   Merge Heap Roots: 0.1ms
[153.084s][info][gc,phases   ] GC(865)   Evacuate Collection Set: 0.7ms
[153.084s][info][gc,phases   ] GC(865)   Post Evacuate Collection Set: 0.7ms
[153.084s][info][gc,phases   ] GC(865)   Other: 0.3ms
[153.084s][info][gc,heap     ] GC(865) Eden regions: 66->0(8)
[153.084s][info][gc,heap     ] GC(865) Survivor regions: 1->2(14)
[153.084s][info][gc,heap     ] GC(865) Old regions: 45->45
[153.084s][info][gc,heap     ] GC(865) Archive regions: 0->0
[153.084s][info][gc,heap     ] GC(865) Humongous regions: 88->8
[153.084s][info][gc,metaspace] GC(865) Metaspace: 37344K(37696K)->37344K(37696K) NonClass: 33340K(33536K)->33340K(33536K) Class: 4004K(4160K)->4004K(4160K)
[153.084s][info][gc          ] GC(865) Pause Young (Prepare Mixed) (G1 Preventive Collection) 198M->53M(210M) 1.989ms
[153.084s][info][gc,cpu      ] GC(865) User=0.09s Sys=0.00s Real=0.00s
[153.161s][info][gc,start    ] GC(866) Pause Young (Mixed) (G1 Evacuation Pause)
[153.161s][info][gc,task     ] GC(866) Using 6 workers of 6 for evacuation
[153.163s][info][gc,phases   ] GC(866)   Pre Evacuate Collection Set: 0.2ms
[153.163s][info][gc,phases   ] GC(866)   Merge Heap Roots: 0.1ms
[153.163s][info][gc,phases   ] GC(866)   Evacuate Collection Set: 0.6ms
[153.163s][info][gc,phases   ] GC(866)   Post Evacuate Collection Set: 0.6ms
[153.163s][info][gc,phases   ] GC(866)   Other: 0.3ms
[153.163s][info][gc,heap     ] GC(866) Eden regions: 8->0(111)
[153.163s][info][gc,heap     ] GC(866) Survivor regions: 2->1(2)
[153.163s][info][gc,heap     ] GC(866) Old regions: 45->45
[153.163s][info][gc,heap     ] GC(866) Archive regions: 0->0
[153.163s][info][gc,heap     ] GC(866) Humongous regions: 8->4
[153.163s][info][gc,metaspace] GC(866) Metaspace: 37344K(37696K)->37344K(37696K) NonClass: 33340K(33536K)->33340K(33536K) Class: 4004K(4160K)->4004K(4160K)
[153.163s][info][gc          ] GC(866) Pause Young (Mixed) (G1 Evacuation Pause) 61M->48M(210M) 1.775ms
[153.163s][info][gc,cpu      ] GC(866) User=0.00s Sys=0.00s Real=0.00s
[153.176s][info][gc,start    ] GC(867) Pause Young (Concurrent Start) (G1 Humongous Allocation)
[153.176s][info][gc,task     ] GC(867) Using 6 workers of 6 for evacuation
[153.178s][info][gc,phases   ] GC(867)   Pre Evacuate Collection Set: 0.2ms
[153.178s][info][gc,phases   ] GC(867)   Merge Heap Roots: 0.1ms
[153.178s][info][gc,phases   ] GC(867)   Evacuate Collection Set: 0.7ms
[153.178s][info][gc,phases   ] GC(867)   Post Evacuate Collection Set: 0.5ms
[153.178s][info][gc,phases   ] GC(867)   Other: 0.3ms
[153.178s][info][gc,heap     ] GC(867) Eden regions: 4->0(113)
[153.178s][info][gc,heap     ] GC(867) Survivor regions: 1->1(14)
[153.178s][info][gc,heap     ] GC(867) Old regions: 45->45
[153.178s][info][gc,heap     ] GC(867) Archive regions: 0->0
[153.178s][info][gc,heap     ] GC(867) Humongous regions: 8->8
[153.178s][info][gc,metaspace] GC(867) Metaspace: 37344K(37696K)->37344K(37696K) NonClass: 33340K(33536K)->33340K(33536K) Class: 4004K(4160K)->4004K(4160K)
[153.178s][info][gc          ] GC(867) Pause Young (Concurrent Start) (G1 Humongous Allocation) 56M->52M(210M) 1.807ms
[153.178s][info][gc,cpu      ] GC(867) User=0.03s Sys=0.00s Real=0.00s
[153.178s][info][gc          ] GC(868) Concurrent Undo Cycle
[153.178s][info][gc,marking  ] GC(868) Concurrent Cleanup for Next Mark
[153.178s][info][gc,marking  ] GC(868) Concurrent Cleanup for Next Mark 0.178ms
[153.178s][info][gc          ] GC(868) Concurrent Undo Cycle 0.235ms
[153.179s][info][gc,start    ] GC(869) Pause Young (Concurrent Start) (G1 Humongous Allocation)
[153.179s][info][gc,task     ] GC(869) Using 6 workers of 6 for evacuation
[153.181s][info][gc,phases   ] GC(869)   Pre Evacuate Collection Set: 0.2ms
[153.181s][info][gc,phases   ] GC(869)   Merge Heap Roots: 0.1ms
[153.181s][info][gc,phases   ] GC(869)   Evacuate Collection Set: 0.9ms
[153.181s][info][gc,phases   ] GC(869)   Post Evacuate Collection Set: 0.6ms
[153.181s][info][gc,phases   ] GC(869)   Other: 0.3ms
[153.181s][info][gc,heap     ] GC(869) Eden regions: 1->0(116)
[153.181s][info][gc,heap     ] GC(869) Survivor regions: 1->1(15)
[153.181s][info][gc,heap     ] GC(869) Old regions: 45->45
[153.181s][info][gc,heap     ] GC(869) Archive regions: 0->0
[153.181s][info][gc,heap     ] GC(869) Humongous regions: 12->8
[153.181s][info][gc,metaspace] GC(869) Metaspace: 37344K(37696K)->37344K(37696K) NonClass: 33340K(33536K)->33340K(33536K) Class: 4004K(4160K)->4004K(4160K)
[153.181s][info][gc          ] GC(869) Pause Young (Concurrent Start) (G1 Humongous Allocation) 57M->52M(210M) 1.933ms
[153.181s][info][gc,cpu      ] GC(869) User=0.00s Sys=0.00s Real=0.00s
[153.181s][info][gc          ] GC(870) Concurrent Mark Cycle
[153.181s][info][gc,marking  ] GC(870) Concurrent Clear Claimed Marks
[153.181s][info][gc,marking  ] GC(870) Concurrent Clear Claimed Marks 0.027ms
[153.181s][info][gc,marking  ] GC(870) Concurrent Scan Root Regions
[153.182s][info][gc,marking  ] GC(870) Concurrent Scan Root Regions 0.653ms
[153.182s][info][gc,marking  ] GC(870) Concurrent Mark
[153.182s][info][gc,marking  ] GC(870) Concurrent Mark From Roots
[153.182s][info][gc,task     ] GC(870) Using 2 workers of 2 for marking
[153.192s][info][gc,marking  ] GC(870) Concurrent Mark From Roots 10.227ms
[153.192s][info][gc,marking  ] GC(870) Concurrent Preclean
[153.192s][info][gc,marking  ] GC(870) Concurrent Preclean 0.180ms
[153.193s][info][gc,start    ] GC(870) Pause Remark
[153.196s][info][gc          ] GC(870) Pause Remark 59M->59M(204M) 2.880ms
[153.196s][info][gc,cpu      ] GC(870) User=0.00s Sys=0.02s Real=0.00s
[153.196s][info][gc,marking  ] GC(870) Concurrent Mark 14.220ms
[153.196s][info][gc,marking  ] GC(870) Concurrent Rebuild Remembered Sets
[153.201s][info][gc,marking  ] GC(870) Concurrent Rebuild Remembered Sets 4.697ms
[153.201s][info][gc,start    ] GC(870) Pause Cleanup
[153.201s][info][gc          ] GC(870) Pause Cleanup 60M->60M(204M) 0.140ms
[153.201s][info][gc,cpu      ] GC(870) User=0.00s Sys=0.00s Real=0.00s
[153.202s][info][gc,marking  ] GC(870) Concurrent Cleanup for Next Mark
[153.202s][info][gc,marking  ] GC(870) Concurrent Cleanup for Next Mark 0.196ms
[153.202s][info][gc          ] GC(870) Concurrent Mark Cycle 20.629ms
[153.798s][info][gc,start    ] GC(871) Pause Young (Prepare Mixed) (G1 Preventive Collection)
[153.798s][info][gc,task     ] GC(871) Using 6 workers of 6 for evacuation
[153.800s][info][gc,phases   ] GC(871)   Pre Evacuate Collection Set: 0.2ms
[153.800s][info][gc,phases   ] GC(871)   Merge Heap Roots: 0.1ms
[153.800s][info][gc,phases   ] GC(871)   Evacuate Collection Set: 0.6ms
[153.800s][info][gc,phases   ] GC(871)   Post Evacuate Collection Set: 0.8ms
[153.800s][info][gc,phases   ] GC(871)   Other: 0.3ms
[153.800s][info][gc,heap     ] GC(871) Eden regions: 73->0(8)
[153.800s][info][gc,heap     ] GC(871) Survivor regions: 1->2(15)
[153.800s][info][gc,heap     ] GC(871) Old regions: 45->45
[153.800s][info][gc,heap     ] GC(871) Archive regions: 0->0
[153.800s][info][gc,heap     ] GC(871) Humongous regions: 76->8
[153.800s][info][gc,metaspace] GC(871) Metaspace: 37344K(37696K)->37344K(37696K) NonClass: 33340K(33536K)->33340K(33536K) Class: 4004K(4160K)->4004K(4160K)
[153.800s][info][gc          ] GC(871) Pause Young (Prepare Mixed) (G1 Preventive Collection) 193M->53M(204M) 1.955ms
[153.800s][info][gc,cpu      ] GC(871) User=0.00s Sys=0.00s Real=0.00s
[153.829s][info][gc,start    ] GC(872) Pause Young (Mixed) (G1 Evacuation Pause)
[153.829s][info][gc,task     ] GC(872) Using 6 workers of 6 for evacuation
[153.831s][info][gc,phases   ] GC(872)   Pre Evacuate Collection Set: 0.2ms
[153.831s][info][gc,phases   ] GC(872)   Merge Heap Roots: 0.1ms
[153.831s][info][gc,phases   ] GC(872)   Evacuate Collection Set: 0.7ms
[153.831s][info][gc,phases   ] GC(872)   Post Evacuate Collection Set: 0.8ms
[153.831s][info][gc,phases   ] GC(872)   Other: 0.3ms
[153.831s][info][gc,heap     ] GC(872) Eden regions: 8->0(115)
[153.831s][info][gc,heap     ] GC(872) Survivor regions: 2->2(2)
[153.831s][info][gc,heap     ] GC(872) Old regions: 45->45
[153.831s][info][gc,heap     ] GC(872) Archive regions: 0->0
[153.831s][info][gc,heap     ] GC(872) Humongous regions: 16->4
[153.831s][info][gc,metaspace] GC(872) Metaspace: 37344K(37696K)->37344K(37696K) NonClass: 33340K(33536K)->33340K(33536K) Class: 4004K(4160K)->4004K(4160K)
[153.831s][info][gc          ] GC(872) Pause Young (Mixed) (G1 Evacuation Pause) 69M->50M(204M) 1.968ms
[153.831s][info][gc,cpu      ] GC(872) User=0.00s Sys=0.00s Real=0.00s
[153.904s][info][gc,start    ] GC(873) Pause Young (Concurrent Start) (G1 Humongous Allocation)
[153.904s][info][gc,task     ] GC(873) Using 6 workers of 6 for evacuation
[153.906s][info][gc,phases   ] GC(873)   Pre Evacuate Collection Set: 0.2ms
[153.906s][info][gc,phases   ] GC(873)   Merge Heap Roots: 0.1ms
[153.906s][info][gc,phases   ] GC(873)   Evacuate Collection Set: 0.8ms
[153.906s][info][gc,phases   ] GC(873)   Post Evacuate Collection Set: 0.6ms
[153.906s][info][gc,phases   ] GC(873)   Other: 0.3ms
[153.906s][info][gc,heap     ] GC(873) Eden regions: 1->0(119)
[153.906s][info][gc,heap     ] GC(873) Survivor regions: 2->1(15)
[153.906s][info][gc,heap     ] GC(873) Old regions: 45->45
[153.906s][info][gc,heap     ] GC(873) Archive regions: 0->0
[153.906s][info][gc,heap     ] GC(873) Humongous regions: 4->4
[153.906s][info][gc,metaspace] GC(873) Metaspace: 37344K(37696K)->37344K(37696K) NonClass: 33340K(33536K)->33340K(33536K) Class: 4004K(4160K)->4004K(4160K)
[153.906s][info][gc          ] GC(873) Pause Young (Concurrent Start) (G1 Humongous Allocation) 51M->48M(204M) 1.909ms
[153.906s][info][gc,cpu      ] GC(873) User=0.00s Sys=0.00s Real=0.00s
[153.906s][info][gc          ] GC(874) Concurrent Undo Cycle
[153.906s][info][gc,marking  ] GC(874) Concurrent Cleanup for Next Mark
[153.907s][info][gc,marking  ] GC(874) Concurrent Cleanup for Next Mark 0.142ms
[153.907s][info][gc          ] GC(874) Concurrent Undo Cycle 0.197ms
[153.909s][info][gc,start    ] GC(875) Pause Young (Concurrent Start) (G1 Humongous Allocation)
[153.909s][info][gc,task     ] GC(875) Using 6 workers of 6 for evacuation
[153.911s][info][gc,phases   ] GC(875)   Pre Evacuate Collection Set: 0.2ms
[153.911s][info][gc,phases   ] GC(875)   Merge Heap Roots: 0.0ms
[153.911s][info][gc,phases   ] GC(875)   Evacuate Collection Set: 1.0ms
[153.911s][info][gc,phases   ] GC(875)   Post Evacuate Collection Set: 0.6ms
[153.911s][info][gc,phases   ] GC(875)   Other: 0.3ms
[153.911s][info][gc,heap     ] GC(875) Eden regions: 1->0(118)
[153.911s][info][gc,heap     ] GC(875) Survivor regions: 1->1(15)
[153.911s][info][gc,heap     ] GC(875) Old regions: 45->45
[153.911s][info][gc,heap     ] GC(875) Archive regions: 0->0
[153.911s][info][gc,heap     ] GC(875) Humongous regions: 8->8
[153.911s][info][gc,metaspace] GC(875) Metaspace: 37344K(37696K)->37344K(37696K) NonClass: 33340K(33536K)->33340K(33536K) Class: 4004K(4160K)->4004K(4160K)
[153.911s][info][gc          ] GC(875) Pause Young (Concurrent Start) (G1 Humongous Allocation) 52M->52M(204M) 2.160ms
[153.912s][info][gc,cpu      ] GC(875) User=0.02s Sys=0.00s Real=0.00s
[153.912s][info][gc          ] GC(876) Concurrent Mark Cycle
[153.912s][info][gc,marking  ] GC(876) Concurrent Clear Claimed Marks
[153.912s][info][gc,marking  ] GC(876) Concurrent Clear Claimed Marks 0.023ms
[153.912s][info][gc,marking  ] GC(876) Concurrent Scan Root Regions
[153.912s][info][gc,marking  ] GC(876) Concurrent Scan Root Regions 0.559ms
[153.912s][info][gc,marking  ] GC(876) Concurrent Mark
[153.912s][info][gc,marking  ] GC(876) Concurrent Mark From Roots
[153.912s][info][gc,task     ] GC(876) Using 2 workers of 2 for marking
[153.923s][info][gc,marking  ] GC(876) Concurrent Mark From Roots 10.567ms
[153.923s][info][gc,marking  ] GC(876) Concurrent Preclean
[153.923s][info][gc,marking  ] GC(876) Concurrent Preclean 0.113ms
[153.923s][info][gc,start    ] GC(876) Pause Remark
[153.926s][info][gc          ] GC(876) Pause Remark 62M->62M(204M) 2.928ms
[153.926s][info][gc,cpu      ] GC(876) User=0.02s Sys=0.00s Real=0.00s
[153.927s][info][gc,marking  ] GC(876) Concurrent Mark 14.374ms
[153.927s][info][gc,marking  ] GC(876) Concurrent Rebuild Remembered Sets
[153.932s][info][gc,marking  ] GC(876) Concurrent Rebuild Remembered Sets 5.156ms
[153.932s][info][gc,start    ] GC(876) Pause Cleanup
[153.932s][info][gc          ] GC(876) Pause Cleanup 63M->63M(204M) 0.076ms
[153.932s][info][gc,cpu      ] GC(876) User=0.00s Sys=0.00s Real=0.00s
[153.933s][info][gc,marking  ] GC(876) Concurrent Cleanup for Next Mark
[153.933s][info][gc,marking  ] GC(876) Concurrent Cleanup for Next Mark 0.162ms
[153.933s][info][gc          ] GC(876) Concurrent Mark Cycle 21.118ms
[154.525s][info][gc,start    ] GC(877) Pause Young (Prepare Mixed) (G1 Preventive Collection)
[154.525s][info][gc,task     ] GC(877) Using 6 workers of 6 for evacuation
[154.527s][info][gc,phases   ] GC(877)   Pre Evacuate Collection Set: 0.2ms
[154.527s][info][gc,phases   ] GC(877)   Merge Heap Roots: 0.1ms
[154.527s][info][gc,phases   ] GC(877)   Evacuate Collection Set: 0.7ms
[154.527s][info][gc,phases   ] GC(877)   Post Evacuate Collection Set: 0.7ms
[154.527s][info][gc,phases   ] GC(877)   Other: 0.3ms
[154.527s][info][gc,heap     ] GC(877) Eden regions: 72->0(8)
[154.527s][info][gc,heap     ] GC(877) Survivor regions: 1->2(15)
[154.527s][info][gc,heap     ] GC(877) Old regions: 45->45
[154.527s][info][gc,heap     ] GC(877) Archive regions: 0->0
[154.527s][info][gc,heap     ] GC(877) Humongous regions: 80->8
[154.527s][info][gc,metaspace] GC(877) Metaspace: 37344K(37696K)->37344K(37696K) NonClass: 33340K(33536K)->33340K(33536K) Class: 4004K(4160K)->4004K(4160K)
[154.527s][info][gc          ] GC(877) Pause Young (Prepare Mixed) (G1 Preventive Collection) 196M->53M(204M) 2.038ms
[154.527s][info][gc,cpu      ] GC(877) User=0.00s Sys=0.00s Real=0.00s
[154.554s][info][gc,start    ] GC(878) Pause Young (Mixed) (G1 Evacuation Pause)
[154.554s][info][gc,task     ] GC(878) Using 6 workers of 6 for evacuation
[154.556s][info][gc,phases   ] GC(878)   Pre Evacuate Collection Set: 0.2ms
[154.556s][info][gc,phases   ] GC(878)   Merge Heap Roots: 0.1ms
[154.556s][info][gc,phases   ] GC(878)   Evacuate Collection Set: 0.9ms
[154.556s][info][gc,phases   ] GC(878)   Post Evacuate Collection Set: 0.7ms
[154.556s][info][gc,phases   ] GC(878)   Other: 0.3ms
[154.556s][info][gc,heap     ] GC(878) Eden regions: 8->0(120)
[154.556s][info][gc,heap     ] GC(878) Survivor regions: 2->2(2)
[154.556s][info][gc,heap     ] GC(878) Old regions: 45->45
[154.556s][info][gc,heap     ] GC(878) Archive regions: 0->0
[154.556s][info][gc,heap     ] GC(878) Humongous regions: 16->4
[154.556s][info][gc,metaspace] GC(878) Metaspace: 37344K(37696K)->37344K(37696K) NonClass: 33340K(33536K)->33340K(33536K) Class: 4004K(4160K)->4004K(4160K)
[154.556s][info][gc          ] GC(878) Pause Young (Mixed) (G1 Evacuation Pause) 69M->50M(204M) 2.082ms
[154.556s][info][gc,cpu      ] GC(878) User=0.00s Sys=0.00s Real=0.00s
[154.629s][info][gc,start    ] GC(879) Pause Young (Concurrent Start) (G1 Humongous Allocation)
[154.629s][info][gc,task     ] GC(879) Using 6 workers of 6 for evacuation
[154.631s][info][gc,phases   ] GC(879)   Pre Evacuate Collection Set: 0.2ms
[154.631s][info][gc,phases   ] GC(879)   Merge Heap Roots: 0.1ms
[154.631s][info][gc,phases   ] GC(879)   Evacuate Collection Set: 0.7ms
[154.631s][info][gc,phases   ] GC(879)   Post Evacuate Collection Set: 0.5ms
[154.631s][info][gc,phases   ] GC(879)   Other: 0.3ms
[154.631s][info][gc,heap     ] GC(879) Eden regions: 7->0(121)
[154.631s][info][gc,heap     ] GC(879) Survivor regions: 2->1(16)
[154.631s][info][gc,heap     ] GC(879) Old regions: 45->45
[154.631s][info][gc,heap     ] GC(879) Archive regions: 0->0
[154.631s][info][gc,heap     ] GC(879) Humongous regions: 4->4
[154.631s][info][gc,metaspace] GC(879) Metaspace: 37344K(37696K)->37344K(37696K) NonClass: 33340K(33536K)->33340K(33536K) Class: 4004K(4160K)->4004K(4160K)
[154.631s][info][gc          ] GC(879) Pause Young (Concurrent Start) (G1 Humongous Allocation) 56M->48M(204M) 1.730ms
[154.631s][info][gc,cpu      ] GC(879) User=0.09s Sys=0.00s Real=0.00s
[154.631s][info][gc          ] GC(880) Concurrent Mark Cycle
[154.631s][info][gc,marking  ] GC(880) Concurrent Clear Claimed Marks
[154.631s][info][gc,marking  ] GC(880) Concurrent Clear Claimed Marks 0.019ms
[154.631s][info][gc,marking  ] GC(880) Concurrent Scan Root Regions
[154.632s][info][gc,marking  ] GC(880) Concurrent Scan Root Regions 0.496ms
[154.632s][info][gc,marking  ] GC(880) Concurrent Mark
[154.632s][info][gc,marking  ] GC(880) Concurrent Mark From Roots
[154.632s][info][gc,task     ] GC(880) Using 2 workers of 2 for marking
[154.642s][info][gc,marking  ] GC(880) Concurrent Mark From Roots 10.618ms
[154.642s][info][gc,marking  ] GC(880) Concurrent Preclean
[154.643s][info][gc,marking  ] GC(880) Concurrent Preclean 0.212ms
[154.643s][info][gc,start    ] GC(880) Pause Remark
[154.647s][info][gc          ] GC(880) Pause Remark 62M->62M(204M) 3.858ms
[154.647s][info][gc,cpu      ] GC(880) User=0.09s Sys=0.00s Real=0.00s
[154.647s][info][gc,marking  ] GC(880) Concurrent Mark 15.465ms
[154.647s][info][gc,marking  ] GC(880) Concurrent Rebuild Remembered Sets
[154.653s][info][gc,marking  ] GC(880) Concurrent Rebuild Remembered Sets 5.579ms
[154.654s][info][gc,start    ] GC(880) Pause Cleanup
[154.654s][info][gc          ] GC(880) Pause Cleanup 63M->63M(204M) 0.192ms
[154.654s][info][gc,cpu      ] GC(880) User=0.00s Sys=0.00s Real=0.00s
[154.654s][info][gc,marking  ] GC(880) Concurrent Cleanup for Next Mark
[154.654s][info][gc,marking  ] GC(880) Concurrent Cleanup for Next Mark 0.167ms
[154.654s][info][gc          ] GC(880) Concurrent Mark Cycle 23.215ms
[155.272s][info][gc,start    ] GC(881) Pause Young (Prepare Mixed) (G1 Preventive Collection)
[155.272s][info][gc,task     ] GC(881) Using 6 workers of 6 for evacuation
[155.274s][info][gc,phases   ] GC(881)   Pre Evacuate Collection Set: 0.2ms
[155.274s][info][gc,phases   ] GC(881)   Merge Heap Roots: 0.1ms
[155.274s][info][gc,phases   ] GC(881)   Evacuate Collection Set: 0.7ms
[155.274s][info][gc,phases   ] GC(881)   Post Evacuate Collection Set: 0.6ms
[155.274s][info][gc,phases   ] GC(881)   Other: 0.3ms
[155.274s][info][gc,heap     ] GC(881) Eden regions: 72->0(8)
[155.274s][info][gc,heap     ] GC(881) Survivor regions: 1->2(16)
[155.274s][info][gc,heap     ] GC(881) Old regions: 45->45
[155.274s][info][gc,heap     ] GC(881) Archive regions: 0->0
[155.274s][info][gc,heap     ] GC(881) Humongous regions: 80->8
[155.274s][info][gc,metaspace] GC(881) Metaspace: 37344K(37696K)->37344K(37696K) NonClass: 33340K(33536K)->33340K(33536K) Class: 4004K(4160K)->4004K(4160K)
[155.274s][info][gc          ] GC(881) Pause Young (Prepare Mixed) (G1 Preventive Collection) 196M->53M(204M) 1.768ms
[155.274s][info][gc,cpu      ] GC(881) User=0.00s Sys=0.00s Real=0.00s
[155.305s][info][gc,start    ] GC(882) Pause Young (Mixed) (G1 Evacuation Pause)
[155.305s][info][gc,task     ] GC(882) Using 6 workers of 6 for evacuation
[155.307s][info][gc,phases   ] GC(882)   Pre Evacuate Collection Set: 0.1ms
[155.307s][info][gc,phases   ] GC(882)   Merge Heap Roots: 0.1ms
[155.307s][info][gc,phases   ] GC(882)   Evacuate Collection Set: 0.6ms
[155.307s][info][gc,phases   ] GC(882)   Post Evacuate Collection Set: 0.6ms
[155.307s][info][gc,phases   ] GC(882)   Other: 0.3ms
[155.307s][info][gc,heap     ] GC(882) Eden regions: 8->0(120)
[155.307s][info][gc,heap     ] GC(882) Survivor regions: 2->2(2)
[155.307s][info][gc,heap     ] GC(882) Old regions: 45->45
[155.307s][info][gc,heap     ] GC(882) Archive regions: 0->0
[155.307s][info][gc,heap     ] GC(882) Humongous regions: 16->4
[155.307s][info][gc,metaspace] GC(882) Metaspace: 37344K(37696K)->37344K(37696K) NonClass: 33340K(33536K)->33340K(33536K) Class: 4004K(4160K)->4004K(4160K)
[155.307s][info][gc          ] GC(882) Pause Young (Mixed) (G1 Evacuation Pause) 69M->50M(204M) 1.726ms
[155.307s][info][gc,cpu      ] GC(882) User=0.00s Sys=0.00s Real=0.00s
[155.380s][info][gc,start    ] GC(883) Pause Young (Concurrent Start) (G1 Humongous Allocation)
[155.380s][info][gc,task     ] GC(883) Using 6 workers of 6 for evacuation
[155.382s][info][gc,phases   ] GC(883)   Pre Evacuate Collection Set: 0.2ms
[155.382s][info][gc,phases   ] GC(883)   Merge Heap Roots: 0.1ms
[155.382s][info][gc,phases   ] GC(883)   Evacuate Collection Set: 1.0ms
[155.382s][info][gc,phases   ] GC(883)   Post Evacuate Collection Set: 0.6ms
[155.382s][info][gc,phases   ] GC(883)   Other: 0.4ms
[155.382s][info][gc,heap     ] GC(883) Eden regions: 7->0(121)
[155.382s][info][gc,heap     ] GC(883) Survivor regions: 2->1(16)
[155.382s][info][gc,heap     ] GC(883) Old regions: 45->45
[155.382s][info][gc,heap     ] GC(883) Archive regions: 0->0
[155.382s][info][gc,heap     ] GC(883) Humongous regions: 4->4
[155.382s][info][gc,metaspace] GC(883) Metaspace: 37344K(37696K)->37344K(37696K) NonClass: 33340K(33536K)->33340K(33536K) Class: 4004K(4160K)->4004K(4160K)
[155.382s][info][gc          ] GC(883) Pause Young (Concurrent Start) (G1 Humongous Allocation) 56M->48M(204M) 2.264ms
[155.383s][info][gc,cpu      ] GC(883) User=0.00s Sys=0.00s Real=0.00s
[155.383s][info][gc          ] GC(884) Concurrent Mark Cycle
[155.383s][info][gc,marking  ] GC(884) Concurrent Clear Claimed Marks
[155.383s][info][gc,marking  ] GC(884) Concurrent Clear Claimed Marks 0.036ms
[155.383s][info][gc,marking  ] GC(884) Concurrent Scan Root Regions
[155.383s][info][gc,marking  ] GC(884) Concurrent Scan Root Regions 0.597ms
[155.383s][info][gc,marking  ] GC(884) Concurrent Mark
[155.383s][info][gc,marking  ] GC(884) Concurrent Mark From Roots
[155.383s][info][gc,task     ] GC(884) Using 2 workers of 2 for marking
[155.397s][info][gc,marking  ] GC(884) Concurrent Mark From Roots 13.314ms
[155.397s][info][gc,marking  ] GC(884) Concurrent Preclean
[155.397s][info][gc,marking  ] GC(884) Concurrent Preclean 0.193ms
[155.397s][info][gc,start    ] GC(884) Pause Remark
[155.401s][info][gc          ] GC(884) Pause Remark 62M->62M(204M) 3.380ms
[155.401s][info][gc,cpu      ] GC(884) User=0.00s Sys=0.00s Real=0.00s
[155.401s][info][gc,marking  ] GC(884) Concurrent Mark 17.650ms
[155.401s][info][gc,marking  ] GC(884) Concurrent Rebuild Remembered Sets
[155.406s][info][gc,marking  ] GC(884) Concurrent Rebuild Remembered Sets 4.846ms
[155.406s][info][gc,start    ] GC(884) Pause Cleanup
[155.406s][info][gc          ] GC(884) Pause Cleanup 63M->63M(204M) 0.144ms
[155.407s][info][gc,cpu      ] GC(884) User=0.00s Sys=0.00s Real=0.00s
[155.407s][info][gc,marking  ] GC(884) Concurrent Cleanup for Next Mark
[155.407s][info][gc,marking  ] GC(884) Concurrent Cleanup for Next Mark 0.257ms
[155.407s][info][gc          ] GC(884) Concurrent Mark Cycle 24.353ms
[156.015s][info][gc,start    ] GC(885) Pause Young (Prepare Mixed) (G1 Preventive Collection)
[156.016s][info][gc,task     ] GC(885) Using 6 workers of 6 for evacuation
[156.017s][info][gc,phases   ] GC(885)   Pre Evacuate Collection Set: 0.1ms
[156.017s][info][gc,phases   ] GC(885)   Merge Heap Roots: 0.0ms
[156.017s][info][gc,phases   ] GC(885)   Evacuate Collection Set: 0.8ms
[156.017s][info][gc,phases   ] GC(885)   Post Evacuate Collection Set: 0.6ms
[156.017s][info][gc,phases   ] GC(885)   Other: 0.4ms
[156.017s][info][gc,heap     ] GC(885) Eden regions: 70->0(8)
[156.017s][info][gc,heap     ] GC(885) Survivor regions: 1->2(16)
[156.017s][info][gc,heap     ] GC(885) Old regions: 45->45
[156.017s][info][gc,heap     ] GC(885) Archive regions: 0->0
[156.017s][info][gc,heap     ] GC(885) Humongous regions: 84->8
[156.017s][info][gc,metaspace] GC(885) Metaspace: 37344K(37696K)->37344K(37696K) NonClass: 33340K(33536K)->33340K(33536K) Class: 4004K(4160K)->4004K(4160K)
[156.017s][info][gc          ] GC(885) Pause Young (Prepare Mixed) (G1 Preventive Collection) 198M->53M(204M) 1.891ms
[156.018s][info][gc,cpu      ] GC(885) User=0.00s Sys=0.00s Real=0.00s
[156.047s][info][gc,start    ] GC(886) Pause Young (Mixed) (G1 Evacuation Pause)
[156.047s][info][gc,task     ] GC(886) Using 6 workers of 6 for evacuation
[156.049s][info][gc,phases   ] GC(886)   Pre Evacuate Collection Set: 0.2ms
[156.049s][info][gc,phases   ] GC(886)   Merge Heap Roots: 0.1ms
[156.049s][info][gc,phases   ] GC(886)   Evacuate Collection Set: 0.8ms
[156.049s][info][gc,phases   ] GC(886)   Post Evacuate Collection Set: 0.7ms
[156.049s][info][gc,phases   ] GC(886)   Other: 0.3ms
[156.049s][info][gc,heap     ] GC(886) Eden regions: 8->0(120)
[156.049s][info][gc,heap     ] GC(886) Survivor regions: 2->2(2)
[156.049s][info][gc,heap     ] GC(886) Old regions: 45->45
[156.049s][info][gc,heap     ] GC(886) Archive regions: 0->0
[156.049s][info][gc,heap     ] GC(886) Humongous regions: 12->4
[156.049s][info][gc,metaspace] GC(886) Metaspace: 37344K(37696K)->37344K(37696K) NonClass: 33340K(33536K)->33340K(33536K) Class: 4004K(4160K)->4004K(4160K)
[156.049s][info][gc          ] GC(886) Pause Young (Mixed) (G1 Evacuation Pause) 65M->49M(204M) 2.194ms
[156.049s][info][gc,cpu      ] GC(886) User=0.00s Sys=0.00s Real=0.00s
[156.122s][info][gc,start    ] GC(887) Pause Young (Concurrent Start) (G1 Humongous Allocation)
[156.122s][info][gc,task     ] GC(887) Using 6 workers of 6 for evacuation
[156.124s][info][gc,phases   ] GC(887)   Pre Evacuate Collection Set: 0.2ms
[156.124s][info][gc,phases   ] GC(887)   Merge Heap Roots: 0.1ms
[156.124s][info][gc,phases   ] GC(887)   Evacuate Collection Set: 0.8ms
[156.124s][info][gc,phases   ] GC(887)   Post Evacuate Collection Set: 0.5ms
[156.124s][info][gc,phases   ] GC(887)   Other: 0.3ms
[156.124s][info][gc,heap     ] GC(887) Eden regions: 1->0(121)
[156.124s][info][gc,heap     ] GC(887) Survivor regions: 2->1(16)
[156.124s][info][gc,heap     ] GC(887) Old regions: 45->45
[156.124s][info][gc,heap     ] GC(887) Archive regions: 0->0
[156.124s][info][gc,heap     ] GC(887) Humongous regions: 4->4
[156.124s][info][gc,metaspace] GC(887) Metaspace: 37344K(37696K)->37344K(37696K) NonClass: 33340K(33536K)->33340K(33536K) Class: 4004K(4160K)->4004K(4160K)
[156.124s][info][gc          ] GC(887) Pause Young (Concurrent Start) (G1 Humongous Allocation) 50M->48M(204M) 1.804ms
[156.124s][info][gc,cpu      ] GC(887) User=0.00s Sys=0.00s Real=0.00s
[156.124s][info][gc          ] GC(888) Concurrent Mark Cycle
[156.124s][info][gc,marking  ] GC(888) Concurrent Clear Claimed Marks
[156.124s][info][gc,marking  ] GC(888) Concurrent Clear Claimed Marks 0.025ms
[156.124s][info][gc,marking  ] GC(888) Concurrent Scan Root Regions
[156.125s][info][gc,marking  ] GC(888) Concurrent Scan Root Regions 0.679ms
[156.125s][info][gc,marking  ] GC(888) Concurrent Mark
[156.125s][info][gc,marking  ] GC(888) Concurrent Mark From Roots
[156.125s][info][gc,task     ] GC(888) Using 2 workers of 2 for marking
[156.135s][info][gc,marking  ] GC(888) Concurrent Mark From Roots 9.908ms
[156.135s][info][gc,marking  ] GC(888) Concurrent Preclean
[156.135s][info][gc,marking  ] GC(888) Concurrent Preclean 0.210ms
[156.135s][info][gc,start    ] GC(888) Pause Remark
[156.140s][info][gc          ] GC(888) Pause Remark 62M->62M(204M) 4.421ms
[156.140s][info][gc,cpu      ] GC(888) User=0.00s Sys=0.00s Real=0.01s
[156.140s][info][gc,marking  ] GC(888) Concurrent Mark 15.226ms
[156.140s][info][gc,marking  ] GC(888) Concurrent Rebuild Remembered Sets
[156.145s][info][gc,marking  ] GC(888) Concurrent Rebuild Remembered Sets 5.211ms
[156.146s][info][gc,start    ] GC(888) Pause Cleanup
[156.146s][info][gc          ] GC(888) Pause Cleanup 67M->67M(204M) 0.187ms
[156.146s][info][gc,cpu      ] GC(888) User=0.00s Sys=0.00s Real=0.00s
[156.146s][info][gc,marking  ] GC(888) Concurrent Cleanup for Next Mark
[156.146s][info][gc,marking  ] GC(888) Concurrent Cleanup for Next Mark 0.162ms
[156.146s][info][gc          ] GC(888) Concurrent Mark Cycle 22.262ms
[156.755s][info][gc,start    ] GC(889) Pause Young (Prepare Mixed) (GCLocker Initiated GC)
[156.755s][info][gc,task     ] GC(889) Using 6 workers of 6 for evacuation
[156.756s][info][gc,phases   ] GC(889)   Pre Evacuate Collection Set: 0.1ms
[156.757s][info][gc,phases   ] GC(889)   Merge Heap Roots: 0.1ms
[156.757s][info][gc,phases   ] GC(889)   Evacuate Collection Set: 0.8ms
[156.757s][info][gc,phases   ] GC(889)   Post Evacuate Collection Set: 0.5ms
[156.757s][info][gc,phases   ] GC(889)   Other: 0.3ms
[156.757s][info][gc,heap     ] GC(889) Eden regions: 75->0(7)
[156.757s][info][gc,heap     ] GC(889) Survivor regions: 1->3(16)
[156.757s][info][gc,heap     ] GC(889) Old regions: 45->45
[156.757s][info][gc,heap     ] GC(889) Archive regions: 0->0
[156.757s][info][gc,heap     ] GC(889) Humongous regions: 88->8
[156.757s][info][gc,metaspace] GC(889) Metaspace: 37346K(37696K)->37346K(37696K) NonClass: 33341K(33536K)->33341K(33536K) Class: 4004K(4160K)->4004K(4160K)
[156.757s][info][gc          ] GC(889) Pause Young (Prepare Mixed) (GCLocker Initiated GC) 207M->54M(212M) 1.783ms
[156.757s][info][gc,cpu      ] GC(889) User=0.00s Sys=0.02s Real=0.00s
[156.774s][info][gc,start    ] GC(890) Pause Young (Mixed) (G1 Evacuation Pause)
[156.774s][info][gc,task     ] GC(890) Using 6 workers of 6 for evacuation
[156.776s][info][gc,phases   ] GC(890)   Pre Evacuate Collection Set: 0.2ms
[156.776s][info][gc,phases   ] GC(890)   Merge Heap Roots: 0.0ms
[156.776s][info][gc,phases   ] GC(890)   Evacuate Collection Set: 0.9ms
[156.776s][info][gc,phases   ] GC(890)   Post Evacuate Collection Set: 0.5ms
[156.776s][info][gc,phases   ] GC(890)   Other: 0.4ms
[156.776s][info][gc,heap     ] GC(890) Eden regions: 7->0(126)
[156.776s][info][gc,heap     ] GC(890) Survivor regions: 3->1(2)
[156.776s][info][gc,heap     ] GC(890) Old regions: 45->46
[156.776s][info][gc,heap     ] GC(890) Archive regions: 0->0
[156.776s][info][gc,heap     ] GC(890) Humongous regions: 8->4
[156.776s][info][gc,metaspace] GC(890) Metaspace: 37346K(37696K)->37346K(37696K) NonClass: 33341K(33536K)->33341K(33536K) Class: 4004K(4160K)->4004K(4160K)
[156.776s][info][gc          ] GC(890) Pause Young (Mixed) (G1 Evacuation Pause) 61M->49M(212M) 1.918ms
[156.776s][info][gc,cpu      ] GC(890) User=0.00s Sys=0.00s Real=0.00s
[156.848s][info][gc,start    ] GC(891) Pause Young (Concurrent Start) (G1 Humongous Allocation)
[156.848s][info][gc,task     ] GC(891) Using 6 workers of 6 for evacuation
[156.850s][info][gc,phases   ] GC(891)   Pre Evacuate Collection Set: 0.1ms
[156.850s][info][gc,phases   ] GC(891)   Merge Heap Roots: 0.0ms
[156.850s][info][gc,phases   ] GC(891)   Evacuate Collection Set: 0.8ms
[156.850s][info][gc,phases   ] GC(891)   Post Evacuate Collection Set: 0.5ms
[156.850s][info][gc,phases   ] GC(891)   Other: 0.3ms
[156.850s][info][gc,heap     ] GC(891) Eden regions: 2->0(126)
[156.850s][info][gc,heap     ] GC(891) Survivor regions: 1->1(16)
[156.850s][info][gc,heap     ] GC(891) Old regions: 46->46
[156.850s][info][gc,heap     ] GC(891) Archive regions: 0->0
[156.850s][info][gc,heap     ] GC(891) Humongous regions: 4->4
[156.850s][info][gc,metaspace] GC(891) Metaspace: 37346K(37696K)->37346K(37696K) NonClass: 33341K(33536K)->33341K(33536K) Class: 4004K(4160K)->4004K(4160K)
[156.850s][info][gc          ] GC(891) Pause Young (Concurrent Start) (G1 Humongous Allocation) 51M->49M(212M) 1.659ms
[156.850s][info][gc,cpu      ] GC(891) User=0.06s Sys=0.02s Real=0.00s
[156.850s][info][gc          ] GC(892) Concurrent Mark Cycle
[156.850s][info][gc,marking  ] GC(892) Concurrent Clear Claimed Marks
[156.850s][info][gc,marking  ] GC(892) Concurrent Clear Claimed Marks 0.016ms
[156.850s][info][gc,marking  ] GC(892) Concurrent Scan Root Regions
[156.851s][info][gc,marking  ] GC(892) Concurrent Scan Root Regions 0.392ms
[156.851s][info][gc,marking  ] GC(892) Concurrent Mark
[156.851s][info][gc,marking  ] GC(892) Concurrent Mark From Roots
[156.851s][info][gc,task     ] GC(892) Using 2 workers of 2 for marking
[156.861s][info][gc,marking  ] GC(892) Concurrent Mark From Roots 10.034ms
[156.861s][info][gc,marking  ] GC(892) Concurrent Preclean
[156.861s][info][gc,marking  ] GC(892) Concurrent Preclean 0.146ms
[156.861s][info][gc,start    ] GC(892) Pause Remark
[156.866s][info][gc          ] GC(892) Pause Remark 62M->62M(212M) 4.956ms
[156.866s][info][gc,cpu      ] GC(892) User=0.02s Sys=0.00s Real=0.01s
[156.866s][info][gc,marking  ] GC(892) Concurrent Mark 15.797ms
[156.866s][info][gc,marking  ] GC(892) Concurrent Rebuild Remembered Sets
[156.871s][info][gc,marking  ] GC(892) Concurrent Rebuild Remembered Sets 4.566ms
[156.871s][info][gc,start    ] GC(892) Pause Cleanup
[156.872s][info][gc          ] GC(892) Pause Cleanup 63M->63M(212M) 0.144ms
[156.872s][info][gc,cpu      ] GC(892) User=0.00s Sys=0.00s Real=0.00s
[156.872s][info][gc,marking  ] GC(892) Concurrent Cleanup for Next Mark
[156.872s][info][gc,marking  ] GC(892) Concurrent Cleanup for Next Mark 0.197ms
[156.872s][info][gc          ] GC(892) Concurrent Mark Cycle 21.827ms
[157.489s][info][gc,start    ] GC(893) Pause Young (Prepare Mixed) (G1 Preventive Collection)
[157.489s][info][gc,task     ] GC(893) Using 6 workers of 6 for evacuation
[157.490s][info][gc,phases   ] GC(893)   Pre Evacuate Collection Set: 0.1ms
[157.490s][info][gc,phases   ] GC(893)   Merge Heap Roots: 0.1ms
[157.490s][info][gc,phases   ] GC(893)   Evacuate Collection Set: 0.6ms
[157.490s][info][gc,phases   ] GC(893)   Post Evacuate Collection Set: 0.7ms
[157.490s][info][gc,phases   ] GC(893)   Other: 0.3ms
[157.490s][info][gc,heap     ] GC(893) Eden regions: 77->0(8)
[157.490s][info][gc,heap     ] GC(893) Survivor regions: 1->2(16)
[157.490s][info][gc,heap     ] GC(893) Old regions: 46->46
[157.490s][info][gc,heap     ] GC(893) Archive regions: 0->0
[157.490s][info][gc,heap     ] GC(893) Humongous regions: 88->4
[157.490s][info][gc,metaspace] GC(893) Metaspace: 37356K(37696K)->37356K(37696K) NonClass: 33352K(33536K)->33352K(33536K) Class: 4004K(4160K)->4004K(4160K)
[157.490s][info][gc          ] GC(893) Pause Young (Prepare Mixed) (G1 Preventive Collection) 210M->50M(216M) 1.688ms
[157.491s][info][gc,cpu      ] GC(893) User=0.09s Sys=0.00s Real=0.00s
[157.580s][info][gc,start    ] GC(894) Pause Young (Mixed) (G1 Evacuation Pause)
[157.580s][info][gc,task     ] GC(894) Using 6 workers of 6 for evacuation
[157.583s][info][gc,phases   ] GC(894)   Pre Evacuate Collection Set: 0.3ms
[157.583s][info][gc,phases   ] GC(894)   Merge Heap Roots: 0.2ms
[157.583s][info][gc,phases   ] GC(894)   Evacuate Collection Set: 0.9ms
[157.583s][info][gc,phases   ] GC(894)   Post Evacuate Collection Set: 0.7ms
[157.583s][info][gc,phases   ] GC(894)   Other: 0.4ms
[157.583s][info][gc,heap     ] GC(894) Eden regions: 8->0(128)
[157.583s][info][gc,heap     ] GC(894) Survivor regions: 2->1(2)
[157.583s][info][gc,heap     ] GC(894) Old regions: 46->46
[157.583s][info][gc,heap     ] GC(894) Archive regions: 0->0
[157.583s][info][gc,heap     ] GC(894) Humongous regions: 16->8
[157.583s][info][gc,metaspace] GC(894) Metaspace: 37356K(37696K)->37356K(37696K) NonClass: 33352K(33536K)->33352K(33536K) Class: 4004K(4160K)->4004K(4160K)
[157.583s][info][gc          ] GC(894) Pause Young (Mixed) (G1 Evacuation Pause) 70M->53M(216M) 2.631ms
[157.583s][info][gc,cpu      ] GC(894) User=0.00s Sys=0.00s Real=0.00s
[157.680s][info][gc,start    ] GC(895) Pause Young (Concurrent Start) (G1 Humongous Allocation)
[157.680s][info][gc,task     ] GC(895) Using 6 workers of 6 for evacuation
[157.686s][info][gc,phases   ] GC(895)   Pre Evacuate Collection Set: 0.4ms
[157.686s][info][gc,phases   ] GC(895)   Merge Heap Roots: 0.2ms
[157.686s][info][gc,phases   ] GC(895)   Evacuate Collection Set: 3.0ms
[157.686s][info][gc,phases   ] GC(895)   Post Evacuate Collection Set: 1.7ms
[157.686s][info][gc,phases   ] GC(895)   Other: 0.8ms
[157.686s][info][gc,heap     ] GC(895) Eden regions: 9->0(128)
[157.686s][info][gc,heap     ] GC(895) Survivor regions: 1->1(17)
[157.686s][info][gc,heap     ] GC(895) Old regions: 46->46
[157.686s][info][gc,heap     ] GC(895) Archive regions: 0->0
[157.686s][info][gc,heap     ] GC(895) Humongous regions: 8->4
[157.686s][info][gc,metaspace] GC(895) Metaspace: 37356K(37696K)->37356K(37696K) NonClass: 33352K(33536K)->33352K(33536K) Class: 4004K(4160K)->4004K(4160K)
[157.686s][info][gc          ] GC(895) Pause Young (Concurrent Start) (G1 Humongous Allocation) 61M->49M(216M) 6.351ms
[157.687s][info][gc,cpu      ] GC(895) User=0.00s Sys=0.00s Real=0.01s
[157.687s][info][gc          ] GC(896) Concurrent Mark Cycle
[157.687s][info][gc,marking  ] GC(896) Concurrent Clear Claimed Marks
[157.687s][info][gc,marking  ] GC(896) Concurrent Clear Claimed Marks 0.074ms
[157.687s][info][gc,marking  ] GC(896) Concurrent Scan Root Regions
[157.688s][info][gc,marking  ] GC(896) Concurrent Scan Root Regions 1.240ms
[157.688s][info][gc,marking  ] GC(896) Concurrent Mark
[157.689s][info][gc,marking  ] GC(896) Concurrent Mark From Roots
[157.689s][info][gc,task     ] GC(896) Using 2 workers of 2 for marking
[157.713s][info][gc,marking  ] GC(896) Concurrent Mark From Roots 24.436ms
[157.713s][info][gc,marking  ] GC(896) Concurrent Preclean
[157.713s][info][gc,marking  ] GC(896) Concurrent Preclean 0.234ms
[157.714s][info][gc,start    ] GC(896) Pause Remark
[157.717s][info][gc          ] GC(896) Pause Remark 67M->67M(216M) 3.136ms
[157.717s][info][gc,cpu      ] GC(896) User=0.00s Sys=0.00s Real=0.00s
[157.717s][info][gc,marking  ] GC(896) Concurrent Mark 28.735ms
[157.717s][info][gc,marking  ] GC(896) Concurrent Rebuild Remembered Sets
[157.724s][info][gc,marking  ] GC(896) Concurrent Rebuild Remembered Sets 6.420ms
[157.724s][info][gc,start    ] GC(896) Pause Cleanup
[157.724s][info][gc          ] GC(896) Pause Cleanup 69M->69M(216M) 0.186ms
[157.724s][info][gc,cpu      ] GC(896) User=0.00s Sys=0.00s Real=0.00s
[157.725s][info][gc,marking  ] GC(896) Concurrent Cleanup for Next Mark
[157.725s][info][gc,marking  ] GC(896) Concurrent Cleanup for Next Mark 0.198ms
[157.725s][info][gc          ] GC(896) Concurrent Mark Cycle 38.059ms
[158.388s][info][gc,start    ] GC(897) Pause Young (Prepare Mixed) (GCLocker Initiated GC)
[158.388s][info][gc,task     ] GC(897) Using 6 workers of 6 for evacuation
[158.390s][info][gc,phases   ] GC(897)   Pre Evacuate Collection Set: 0.1ms
[158.390s][info][gc,phases   ] GC(897)   Merge Heap Roots: 0.1ms
[158.390s][info][gc,phases   ] GC(897)   Evacuate Collection Set: 0.8ms
[158.390s][info][gc,phases   ] GC(897)   Post Evacuate Collection Set: 0.7ms
[158.390s][info][gc,phases   ] GC(897)   Other: 0.3ms
[158.390s][info][gc,heap     ] GC(897) Eden regions: 82->0(9)
[158.390s][info][gc,heap     ] GC(897) Survivor regions: 1->2(17)
[158.390s][info][gc,heap     ] GC(897) Old regions: 46->46
[158.390s][info][gc,heap     ] GC(897) Archive regions: 0->0
[158.390s][info][gc,heap     ] GC(897) Humongous regions: 88->4
[158.390s][info][gc,metaspace] GC(897) Metaspace: 37356K(37696K)->37356K(37696K) NonClass: 33352K(33536K)->33352K(33536K) Class: 4004K(4160K)->4004K(4160K)
[158.390s][info][gc          ] GC(897) Pause Young (Prepare Mixed) (GCLocker Initiated GC) 215M->51M(220M) 1.950ms
[158.390s][info][gc,cpu      ] GC(897) User=0.00s Sys=0.00s Real=0.00s
[158.492s][info][gc,start    ] GC(898) Pause Young (Mixed) (GCLocker Initiated GC)
[158.492s][info][gc,task     ] GC(898) Using 6 workers of 6 for evacuation
[158.494s][info][gc,phases   ] GC(898)   Pre Evacuate Collection Set: 0.2ms
[158.494s][info][gc,phases   ] GC(898)   Merge Heap Roots: 0.1ms
[158.494s][info][gc,phases   ] GC(898)   Evacuate Collection Set: 0.8ms
[158.494s][info][gc,phases   ] GC(898)   Post Evacuate Collection Set: 0.7ms
[158.494s][info][gc,phases   ] GC(898)   Other: 0.3ms
[158.494s][info][gc,heap     ] GC(898) Eden regions: 10->0(130)
[158.494s][info][gc,heap     ] GC(898) Survivor regions: 2->2(2)
[158.494s][info][gc,heap     ] GC(898) Old regions: 46->46
[158.494s][info][gc,heap     ] GC(898) Archive regions: 0->0
[158.494s][info][gc,heap     ] GC(898) Humongous regions: 16->4
[158.494s][info][gc,metaspace] GC(898) Metaspace: 37356K(37696K)->37356K(37696K) NonClass: 33352K(33536K)->33352K(33536K) Class: 4004K(4160K)->4004K(4160K)
[158.494s][info][gc          ] GC(898) Pause Young (Mixed) (GCLocker Initiated GC) 72M->50M(220M) 2.046ms
[158.494s][info][gc,cpu      ] GC(898) User=0.00s Sys=0.00s Real=0.00s
[158.666s][info][gc,start    ] GC(899) Pause Young (Concurrent Start) (GCLocker Initiated GC)
[158.666s][info][gc,task     ] GC(899) Using 6 workers of 6 for evacuation
[158.668s][info][gc,phases   ] GC(899)   Pre Evacuate Collection Set: 0.2ms
[158.668s][info][gc,phases   ] GC(899)   Merge Heap Roots: 0.1ms
[158.668s][info][gc,phases   ] GC(899)   Evacuate Collection Set: 0.7ms
[158.668s][info][gc,phases   ] GC(899)   Post Evacuate Collection Set: 0.6ms
[158.668s][info][gc,phases   ] GC(899)   Other: 0.3ms
[158.668s][info][gc,heap     ] GC(899) Eden regions: 16->0(131)
[158.668s][info][gc,heap     ] GC(899) Survivor regions: 2->1(17)
[158.668s][info][gc,heap     ] GC(899) Old regions: 46->46
[158.668s][info][gc,heap     ] GC(899) Archive regions: 0->0
[158.668s][info][gc,heap     ] GC(899) Humongous regions: 16->4
[158.668s][info][gc,metaspace] GC(899) Metaspace: 37356K(37696K)->37356K(37696K) NonClass: 33352K(33536K)->33352K(33536K) Class: 4004K(4160K)->4004K(4160K)
[158.668s][info][gc          ] GC(899) Pause Young (Concurrent Start) (GCLocker Initiated GC) 78M->49M(220M) 1.991ms
[158.668s][info][gc,cpu      ] GC(899) User=0.00s Sys=0.00s Real=0.00s
[158.668s][info][gc          ] GC(900) Concurrent Mark Cycle
[158.668s][info][gc,marking  ] GC(900) Concurrent Clear Claimed Marks
[158.668s][info][gc,marking  ] GC(900) Concurrent Clear Claimed Marks 0.015ms
[158.668s][info][gc,marking  ] GC(900) Concurrent Scan Root Regions
[158.669s][info][gc,marking  ] GC(900) Concurrent Scan Root Regions 0.561ms
[158.669s][info][gc,marking  ] GC(900) Concurrent Mark
[158.669s][info][gc,marking  ] GC(900) Concurrent Mark From Roots
[158.669s][info][gc,task     ] GC(900) Using 2 workers of 2 for marking
[158.680s][info][gc,marking  ] GC(900) Concurrent Mark From Roots 10.607ms
[158.680s][info][gc,marking  ] GC(900) Concurrent Preclean
[158.680s][info][gc,marking  ] GC(900) Concurrent Preclean 0.163ms
[158.680s][info][gc,start    ] GC(900) Pause Remark
[158.685s][info][gc          ] GC(900) Pause Remark 67M->67M(220M) 5.100ms
[158.685s][info][gc,cpu      ] GC(900) User=0.00s Sys=0.00s Real=0.01s
[158.686s][info][gc,marking  ] GC(900) Concurrent Mark 16.597ms
[158.686s][info][gc,marking  ] GC(900) Concurrent Rebuild Remembered Sets
[158.690s][info][gc,marking  ] GC(900) Concurrent Rebuild Remembered Sets 4.645ms
[158.691s][info][gc,start    ] GC(900) Pause Cleanup
[158.691s][info][gc          ] GC(900) Pause Cleanup 68M->68M(220M) 0.258ms
[158.691s][info][gc,cpu      ] GC(900) User=0.00s Sys=0.00s Real=0.00s
[158.691s][info][gc,marking  ] GC(900) Concurrent Cleanup for Next Mark
[158.691s][info][gc,marking  ] GC(900) Concurrent Cleanup for Next Mark 0.162ms
[158.691s][info][gc          ] GC(900) Concurrent Mark Cycle 23.011ms
[159.395s][info][gc,start    ] GC(901) Pause Young (Prepare Mixed) (GCLocker Initiated GC)
[159.395s][info][gc,task     ] GC(901) Using 6 workers of 6 for evacuation
[159.397s][info][gc,phases   ] GC(901)   Pre Evacuate Collection Set: 0.2ms
[159.397s][info][gc,phases   ] GC(901)   Merge Heap Roots: 0.1ms
[159.397s][info][gc,phases   ] GC(901)   Evacuate Collection Set: 0.7ms
[159.397s][info][gc,phases   ] GC(901)   Post Evacuate Collection Set: 0.7ms
[159.397s][info][gc,phases   ] GC(901)   Other: 0.3ms
[159.397s][info][gc,heap     ] GC(901) Eden regions: 82->0(9)
[159.397s][info][gc,heap     ] GC(901) Survivor regions: 1->2(17)
[159.397s][info][gc,heap     ] GC(901) Old regions: 46->46
[159.397s][info][gc,heap     ] GC(901) Archive regions: 0->0
[159.397s][info][gc,heap     ] GC(901) Humongous regions: 100->8
[159.397s][info][gc,metaspace] GC(901) Metaspace: 37356K(37696K)->37356K(37696K) NonClass: 33352K(33536K)->33352K(33536K) Class: 4004K(4160K)->4004K(4160K)
[159.397s][info][gc          ] GC(901) Pause Young (Prepare Mixed) (GCLocker Initiated GC) 227M->54M(232M) 1.815ms
[159.397s][info][gc,cpu      ] GC(901) User=0.02s Sys=0.00s Real=0.00s
[159.422s][info][gc,start    ] GC(902) Pause Young (Mixed) (GCLocker Initiated GC)
[159.422s][info][gc,task     ] GC(902) Using 6 workers of 6 for evacuation
[159.423s][info][gc,phases   ] GC(902)   Pre Evacuate Collection Set: 0.2ms
[159.423s][info][gc,phases   ] GC(902)   Merge Heap Roots: 0.1ms
[159.423s][info][gc,phases   ] GC(902)   Evacuate Collection Set: 0.7ms
[159.423s][info][gc,phases   ] GC(902)   Post Evacuate Collection Set: 0.5ms
[159.423s][info][gc,phases   ] GC(902)   Other: 0.3ms
[159.423s][info][gc,heap     ] GC(902) Eden regions: 10->0(138)
[159.423s][info][gc,heap     ] GC(902) Survivor regions: 2->1(2)
[159.423s][info][gc,heap     ] GC(902) Old regions: 46->46
[159.423s][info][gc,heap     ] GC(902) Archive regions: 0->0
[159.423s][info][gc,heap     ] GC(902) Humongous regions: 8->4
[159.423s][info][gc,metaspace] GC(902) Metaspace: 37356K(37696K)->37356K(37696K) NonClass: 33352K(33536K)->33352K(33536K) Class: 4004K(4160K)->4004K(4160K)
[159.423s][info][gc          ] GC(902) Pause Young (Mixed) (GCLocker Initiated GC) 63M->50M(232M) 1.712ms
[159.424s][info][gc,cpu      ] GC(902) User=0.00s Sys=0.00s Real=0.00s
[159.699s][info][gc,start    ] GC(903) Pause Young (Concurrent Start) (GCLocker Initiated GC)
[159.699s][info][gc,task     ] GC(903) Using 6 workers of 6 for evacuation
[159.701s][info][gc,phases   ] GC(903)   Pre Evacuate Collection Set: 0.3ms
[159.701s][info][gc,phases   ] GC(903)   Merge Heap Roots: 0.1ms
[159.701s][info][gc,phases   ] GC(903)   Evacuate Collection Set: 0.8ms
[159.701s][info][gc,phases   ] GC(903)   Post Evacuate Collection Set: 0.7ms
[159.701s][info][gc,phases   ] GC(903)   Other: 0.4ms
[159.701s][info][gc,heap     ] GC(903) Eden regions: 22->0(138)
[159.701s][info][gc,heap     ] GC(903) Survivor regions: 1->1(18)
[159.701s][info][gc,heap     ] GC(903) Old regions: 46->46
[159.701s][info][gc,heap     ] GC(903) Archive regions: 0->0
[159.701s][info][gc,heap     ] GC(903) Humongous regions: 36->8
[159.701s][info][gc,metaspace] GC(903) Metaspace: 37356K(37696K)->37356K(37696K) NonClass: 33352K(33536K)->33352K(33536K) Class: 4004K(4160K)->4004K(4160K)
[159.701s][info][gc          ] GC(903) Pause Young (Concurrent Start) (GCLocker Initiated GC) 103M->54M(232M) 2.119ms
[159.701s][info][gc,cpu      ] GC(903) User=0.00s Sys=0.00s Real=0.00s
[159.701s][info][gc          ] GC(904) Concurrent Mark Cycle
[159.701s][info][gc,marking  ] GC(904) Concurrent Clear Claimed Marks
[159.701s][info][gc,marking  ] GC(904) Concurrent Clear Claimed Marks 0.018ms
[159.701s][info][gc,marking  ] GC(904) Concurrent Scan Root Regions
[159.702s][info][gc,marking  ] GC(904) Concurrent Scan Root Regions 0.571ms
[159.702s][info][gc,marking  ] GC(904) Concurrent Mark
[159.702s][info][gc,marking  ] GC(904) Concurrent Mark From Roots
[159.702s][info][gc,task     ] GC(904) Using 2 workers of 2 for marking
[159.712s][info][gc,marking  ] GC(904) Concurrent Mark From Roots 10.234ms
[159.712s][info][gc,marking  ] GC(904) Concurrent Preclean
[159.712s][info][gc,marking  ] GC(904) Concurrent Preclean 0.163ms
[159.712s][info][gc,start    ] GC(904) Pause Remark
[159.717s][info][gc          ] GC(904) Pause Remark 64M->64M(217M) 4.755ms
[159.717s][info][gc,cpu      ] GC(904) User=0.00s Sys=0.00s Real=0.01s
[159.717s][info][gc,marking  ] GC(904) Concurrent Mark 15.785ms
[159.717s][info][gc,marking  ] GC(904) Concurrent Rebuild Remembered Sets
[159.722s][info][gc,marking  ] GC(904) Concurrent Rebuild Remembered Sets 4.770ms
[159.723s][info][gc,start    ] GC(904) Pause Cleanup
[159.723s][info][gc          ] GC(904) Pause Cleanup 66M->66M(217M) 0.135ms
[159.723s][info][gc,cpu      ] GC(904) User=0.00s Sys=0.00s Real=0.00s
[159.723s][info][gc,marking  ] GC(904) Concurrent Cleanup for Next Mark
[159.723s][info][gc,marking  ] GC(904) Concurrent Cleanup for Next Mark 0.187ms
[159.723s][info][gc          ] GC(904) Concurrent Mark Cycle 22.175ms
[160.382s][info][gc,start    ] GC(905) Pause Young (Prepare Mixed) (GCLocker Initiated GC)
[160.382s][info][gc,task     ] GC(905) Using 6 workers of 6 for evacuation
[160.384s][info][gc,phases   ] GC(905)   Pre Evacuate Collection Set: 0.2ms
[160.384s][info][gc,phases   ] GC(905)   Merge Heap Roots: 0.1ms
[160.384s][info][gc,phases   ] GC(905)   Evacuate Collection Set: 0.6ms
[160.384s][info][gc,phases   ] GC(905)   Post Evacuate Collection Set: 0.6ms
[160.384s][info][gc,phases   ] GC(905)   Other: 0.3ms
[160.384s][info][gc,heap     ] GC(905) Eden regions: 83->0(8)
[160.384s][info][gc,heap     ] GC(905) Survivor regions: 1->2(17)
[160.384s][info][gc,heap     ] GC(905) Old regions: 46->46
[160.384s][info][gc,heap     ] GC(905) Archive regions: 0->0
[160.384s][info][gc,heap     ] GC(905) Humongous regions: 84->4
[160.384s][info][gc,metaspace] GC(905) Metaspace: 37356K(37696K)->37356K(37696K) NonClass: 33352K(33536K)->33352K(33536K) Class: 4004K(4160K)->4004K(4160K)
[160.384s][info][gc          ] GC(905) Pause Young (Prepare Mixed) (GCLocker Initiated GC) 213M->51M(217M) 1.748ms
[160.384s][info][gc,cpu      ] GC(905) User=0.00s Sys=0.00s Real=0.00s
[160.438s][info][gc,start    ] GC(906) Pause Young (Mixed) (GCLocker Initiated GC)
[160.438s][info][gc,task     ] GC(906) Using 6 workers of 6 for evacuation
[160.440s][info][gc,phases   ] GC(906)   Pre Evacuate Collection Set: 0.1ms
[160.440s][info][gc,phases   ] GC(906)   Merge Heap Roots: 0.1ms
[160.440s][info][gc,phases   ] GC(906)   Evacuate Collection Set: 0.7ms
[160.440s][info][gc,phases   ] GC(906)   Post Evacuate Collection Set: 0.6ms
[160.440s][info][gc,phases   ] GC(906)   Other: 0.3ms
[160.440s][info][gc,heap     ] GC(906) Eden regions: 9->0(129)
[160.440s][info][gc,heap     ] GC(906) Survivor regions: 2->1(2)
[160.440s][info][gc,heap     ] GC(906) Old regions: 46->47
[160.440s][info][gc,heap     ] GC(906) Archive regions: 0->0
[160.440s][info][gc,heap     ] GC(906) Humongous regions: 16->4
[160.440s][info][gc,metaspace] GC(906) Metaspace: 37356K(37696K)->37356K(37696K) NonClass: 33352K(33536K)->33352K(33536K) Class: 4004K(4160K)->4004K(4160K)
[160.440s][info][gc          ] GC(906) Pause Young (Mixed) (GCLocker Initiated GC) 71M->50M(217M) 1.831ms
[160.440s][info][gc,cpu      ] GC(906) User=0.00s Sys=0.00s Real=0.00s
[160.714s][info][gc,start    ] GC(907) Pause Young (Concurrent Start) (GCLocker Initiated GC)
[160.714s][info][gc,task     ] GC(907) Using 6 workers of 6 for evacuation
[160.716s][info][gc,phases   ] GC(907)   Pre Evacuate Collection Set: 0.1ms
[160.716s][info][gc,phases   ] GC(907)   Merge Heap Roots: 0.1ms
[160.716s][info][gc,phases   ] GC(907)   Evacuate Collection Set: 0.8ms
[160.716s][info][gc,phases   ] GC(907)   Post Evacuate Collection Set: 0.5ms
[160.716s][info][gc,phases   ] GC(907)   Other: 0.3ms
[160.716s][info][gc,heap     ] GC(907) Eden regions: 28->0(129)
[160.716s][info][gc,heap     ] GC(907) Survivor regions: 1->1(17)
[160.716s][info][gc,heap     ] GC(907) Old regions: 47->47
[160.716s][info][gc,heap     ] GC(907) Archive regions: 0->0
[160.716s][info][gc,heap     ] GC(907) Humongous regions: 28->4
[160.716s][info][gc,metaspace] GC(907) Metaspace: 37356K(37696K)->37356K(37696K) NonClass: 33352K(33536K)->33352K(33536K) Class: 4004K(4160K)->4004K(4160K)
[160.716s][info][gc          ] GC(907) Pause Young (Concurrent Start) (GCLocker Initiated GC) 101M->50M(217M) 1.720ms
[160.716s][info][gc,cpu      ] GC(907) User=0.00s Sys=0.00s Real=0.00s
[160.716s][info][gc          ] GC(908) Concurrent Mark Cycle
[160.716s][info][gc,marking  ] GC(908) Concurrent Clear Claimed Marks
[160.716s][info][gc,marking  ] GC(908) Concurrent Clear Claimed Marks 0.019ms
[160.716s][info][gc,marking  ] GC(908) Concurrent Scan Root Regions
[160.716s][info][gc,marking  ] GC(908) Concurrent Scan Root Regions 0.534ms
[160.717s][info][gc,marking  ] GC(908) Concurrent Mark
[160.717s][info][gc,marking  ] GC(908) Concurrent Mark From Roots
[160.717s][info][gc,task     ] GC(908) Using 2 workers of 2 for marking
[160.727s][info][gc,marking  ] GC(908) Concurrent Mark From Roots 10.958ms
[160.728s][info][gc,marking  ] GC(908) Concurrent Preclean
[160.728s][info][gc,marking  ] GC(908) Concurrent Preclean 0.248ms
[160.728s][info][gc,start    ] GC(908) Pause Remark
[160.731s][info][gc          ] GC(908) Pause Remark 64M->64M(217M) 3.036ms
[160.731s][info][gc,cpu      ] GC(908) User=0.00s Sys=0.00s Real=0.00s
[160.732s][info][gc,marking  ] GC(908) Concurrent Mark 14.989ms
[160.732s][info][gc,marking  ] GC(908) Concurrent Rebuild Remembered Sets
[160.737s][info][gc,marking  ] GC(908) Concurrent Rebuild Remembered Sets 5.276ms
[160.737s][info][gc,start    ] GC(908) Pause Cleanup
[160.737s][info][gc          ] GC(908) Pause Cleanup 68M->68M(217M) 0.108ms
[160.737s][info][gc,cpu      ] GC(908) User=0.00s Sys=0.00s Real=0.00s
[160.738s][info][gc,marking  ] GC(908) Concurrent Cleanup for Next Mark
[160.738s][info][gc,marking  ] GC(908) Concurrent Cleanup for Next Mark 0.140ms
[160.738s][info][gc          ] GC(908) Concurrent Mark Cycle 21.839ms
[161.434s][info][gc,start    ] GC(909) Pause Young (Prepare Mixed) (GCLocker Initiated GC)
[161.434s][info][gc,task     ] GC(909) Using 6 workers of 6 for evacuation
[161.436s][info][gc,phases   ] GC(909)   Pre Evacuate Collection Set: 0.2ms
[161.436s][info][gc,phases   ] GC(909)   Merge Heap Roots: 0.1ms
[161.436s][info][gc,phases   ] GC(909)   Evacuate Collection Set: 0.6ms
[161.436s][info][gc,phases   ] GC(909)   Post Evacuate Collection Set: 0.6ms
[161.436s][info][gc,phases   ] GC(909)   Other: 0.3ms
[161.436s][info][gc,heap     ] GC(909) Eden regions: 78->0(9)
[161.436s][info][gc,heap     ] GC(909) Survivor regions: 1->2(17)
[161.436s][info][gc,heap     ] GC(909) Old regions: 47->47
[161.436s][info][gc,heap     ] GC(909) Archive regions: 0->0
[161.436s][info][gc,heap     ] GC(909) Humongous regions: 100->8
[161.436s][info][gc,metaspace] GC(909) Metaspace: 37356K(37696K)->37356K(37696K) NonClass: 33352K(33536K)->33352K(33536K) Class: 4004K(4160K)->4004K(4160K)
[161.436s][info][gc          ] GC(909) Pause Young (Prepare Mixed) (GCLocker Initiated GC) 224M->55M(229M) 1.717ms
[161.436s][info][gc,cpu      ] GC(909) User=0.00s Sys=0.00s Real=0.00s
[161.459s][info][gc,start    ] GC(910) Pause Young (Mixed) (G1 Evacuation Pause)
[161.459s][info][gc,task     ] GC(910) Using 6 workers of 6 for evacuation
[161.461s][info][gc,phases   ] GC(910)   Pre Evacuate Collection Set: 0.2ms
[161.461s][info][gc,phases   ] GC(910)   Merge Heap Roots: 0.1ms
[161.461s][info][gc,phases   ] GC(910)   Evacuate Collection Set: 0.9ms
[161.461s][info][gc,phases   ] GC(910)   Post Evacuate Collection Set: 0.5ms
[161.461s][info][gc,phases   ] GC(910)   Other: 0.3ms
[161.461s][info][gc,heap     ] GC(910) Eden regions: 9->0(136)
[161.461s][info][gc,heap     ] GC(910) Survivor regions: 2->1(2)
[161.461s][info][gc,heap     ] GC(910) Old regions: 47->47
[161.461s][info][gc,heap     ] GC(910) Archive regions: 0->0
[161.461s][info][gc,heap     ] GC(910) Humongous regions: 8->8
[161.461s][info][gc,metaspace] GC(910) Metaspace: 37356K(37696K)->37356K(37696K) NonClass: 33352K(33536K)->33352K(33536K) Class: 4004K(4160K)->4004K(4160K)
[161.461s][info][gc          ] GC(910) Pause Young (Mixed) (G1 Evacuation Pause) 64M->54M(229M) 1.954ms
[161.461s][info][gc,cpu      ] GC(910) User=0.00s Sys=0.00s Real=0.00s
[161.836s][info][gc,start    ] GC(911) Pause Young (Concurrent Start) (GCLocker Initiated GC)
[161.836s][info][gc,task     ] GC(911) Using 6 workers of 6 for evacuation
[161.838s][info][gc,phases   ] GC(911)   Pre Evacuate Collection Set: 0.2ms
[161.839s][info][gc,phases   ] GC(911)   Merge Heap Roots: 0.1ms
[161.839s][info][gc,phases   ] GC(911)   Evacuate Collection Set: 0.8ms
[161.839s][info][gc,phases   ] GC(911)   Post Evacuate Collection Set: 0.9ms
[161.839s][info][gc,phases   ] GC(911)   Other: 0.3ms
[161.839s][info][gc,heap     ] GC(911) Eden regions: 34->0(134)
[161.839s][info][gc,heap     ] GC(911) Survivor regions: 1->2(18)
[161.839s][info][gc,heap     ] GC(911) Old regions: 47->47
[161.839s][info][gc,heap     ] GC(911) Archive regions: 0->0
[161.839s][info][gc,heap     ] GC(911) Humongous regions: 44->4
[161.839s][info][gc,metaspace] GC(911) Metaspace: 37356K(37696K)->37356K(37696K) NonClass: 33352K(33536K)->33352K(33536K) Class: 4004K(4160K)->4004K(4160K)
[161.839s][info][gc          ] GC(911) Pause Young (Concurrent Start) (GCLocker Initiated GC) 123M->51M(229M) 2.337ms
[161.839s][info][gc,cpu      ] GC(911) User=0.00s Sys=0.00s Real=0.00s
[161.839s][info][gc          ] GC(912) Concurrent Mark Cycle
[161.839s][info][gc,marking  ] GC(912) Concurrent Clear Claimed Marks
[161.839s][info][gc,marking  ] GC(912) Concurrent Clear Claimed Marks 0.015ms
[161.839s][info][gc,marking  ] GC(912) Concurrent Scan Root Regions
[161.839s][info][gc,marking  ] GC(912) Concurrent Scan Root Regions 0.607ms
[161.840s][info][gc,marking  ] GC(912) Concurrent Mark
[161.840s][info][gc,marking  ] GC(912) Concurrent Mark From Roots
[161.840s][info][gc,task     ] GC(912) Using 2 workers of 2 for marking
[161.850s][info][gc,marking  ] GC(912) Concurrent Mark From Roots 10.592ms
[161.850s][info][gc,marking  ] GC(912) Concurrent Preclean
[161.850s][info][gc,marking  ] GC(912) Concurrent Preclean 0.123ms
[161.851s][info][gc,start    ] GC(912) Pause Remark
[161.856s][info][gc          ] GC(912) Pause Remark 65M->65M(224M) 5.297ms
[161.856s][info][gc,cpu      ] GC(912) User=0.00s Sys=0.00s Real=0.01s
[161.856s][info][gc,marking  ] GC(912) Concurrent Mark 16.682ms
[161.856s][info][gc,marking  ] GC(912) Concurrent Rebuild Remembered Sets
[161.861s][info][gc,marking  ] GC(912) Concurrent Rebuild Remembered Sets 5.024ms
[161.862s][info][gc,start    ] GC(912) Pause Cleanup
[161.862s][info][gc          ] GC(912) Pause Cleanup 65M->65M(224M) 0.168ms
[161.862s][info][gc,cpu      ] GC(912) User=0.00s Sys=0.00s Real=0.00s
[161.862s][info][gc,marking  ] GC(912) Concurrent Cleanup for Next Mark
[161.862s][info][gc,marking  ] GC(912) Concurrent Cleanup for Next Mark 0.272ms
[161.862s][info][gc          ] GC(912) Concurrent Mark Cycle 23.599ms
[162.552s][info][gc,start    ] GC(913) Pause Young (Prepare Mixed) (GCLocker Initiated GC)
[162.552s][info][gc,task     ] GC(913) Using 6 workers of 6 for evacuation
[162.554s][info][gc,phases   ] GC(913)   Pre Evacuate Collection Set: 0.2ms
[162.554s][info][gc,phases   ] GC(913)   Merge Heap Roots: 0.1ms
[162.554s][info][gc,phases   ] GC(913)   Evacuate Collection Set: 0.7ms
[162.554s][info][gc,phases   ] GC(913)   Post Evacuate Collection Set: 0.7ms
[162.554s][info][gc,phases   ] GC(913)   Other: 0.3ms
[162.554s][info][gc,heap     ] GC(913) Eden regions: 79->0(9)
[162.554s][info][gc,heap     ] GC(913) Survivor regions: 2->2(17)
[162.554s][info][gc,heap     ] GC(913) Old regions: 47->47
[162.554s][info][gc,heap     ] GC(913) Archive regions: 0->0
[162.554s][info][gc,heap     ] GC(913) Humongous regions: 88->4
[162.554s][info][gc,metaspace] GC(913) Metaspace: 37357K(37696K)->37357K(37696K) NonClass: 33353K(33536K)->33353K(33536K) Class: 4004K(4160K)->4004K(4160K)
[162.554s][info][gc          ] GC(913) Pause Young (Prepare Mixed) (GCLocker Initiated GC) 214M->51M(224M) 1.964ms
[162.554s][info][gc,cpu      ] GC(913) User=0.00s Sys=0.00s Real=0.00s
[162.610s][info][gc,start    ] GC(914) Pause Young (Mixed) (GCLocker Initiated GC)
[162.610s][info][gc,task     ] GC(914) Using 6 workers of 6 for evacuation
[162.611s][info][gc,phases   ] GC(914)   Pre Evacuate Collection Set: 0.2ms
[162.611s][info][gc,phases   ] GC(914)   Merge Heap Roots: 0.1ms
[162.611s][info][gc,phases   ] GC(914)   Evacuate Collection Set: 0.6ms
[162.611s][info][gc,phases   ] GC(914)   Post Evacuate Collection Set: 0.7ms
[162.611s][info][gc,phases   ] GC(914)   Other: 0.3ms
[162.611s][info][gc,heap     ] GC(914) Eden regions: 10->0(132)
[162.611s][info][gc,heap     ] GC(914) Survivor regions: 2->1(2)
[162.611s][info][gc,heap     ] GC(914) Old regions: 47->48
[162.611s][info][gc,heap     ] GC(914) Archive regions: 0->0
[162.611s][info][gc,heap     ] GC(914) Humongous regions: 16->4
[162.611s][info][gc,metaspace] GC(914) Metaspace: 37357K(37696K)->37357K(37696K) NonClass: 33353K(33536K)->33353K(33536K) Class: 4004K(4160K)->4004K(4160K)
[162.611s][info][gc          ] GC(914) Pause Young (Mixed) (GCLocker Initiated GC) 73M->51M(224M) 1.824ms
[162.612s][info][gc,cpu      ] GC(914) User=0.00s Sys=0.00s Real=0.00s
[162.963s][info][gc,start    ] GC(915) Pause Young (Concurrent Start) (G1 Humongous Allocation)
[162.963s][info][gc,task     ] GC(915) Using 6 workers of 6 for evacuation
[162.965s][info][gc,phases   ] GC(915)   Pre Evacuate Collection Set: 0.2ms
[162.965s][info][gc,phases   ] GC(915)   Merge Heap Roots: 0.1ms
[162.965s][info][gc,phases   ] GC(915)   Evacuate Collection Set: 0.7ms
[162.965s][info][gc,phases   ] GC(915)   Post Evacuate Collection Set: 0.7ms
[162.965s][info][gc,phases   ] GC(915)   Other: 0.3ms
[162.965s][info][gc,heap     ] GC(915) Eden regions: 33->0(131)
[162.965s][info][gc,heap     ] GC(915) Survivor regions: 1->1(17)
[162.965s][info][gc,heap     ] GC(915) Old regions: 48->48
[162.965s][info][gc,heap     ] GC(915) Archive regions: 0->0
[162.965s][info][gc,heap     ] GC(915) Humongous regions: 48->8
[162.965s][info][gc,metaspace] GC(915) Metaspace: 37357K(37696K)->37357K(37696K) NonClass: 33353K(33536K)->33353K(33536K) Class: 4004K(4160K)->4004K(4160K)
[162.965s][info][gc          ] GC(915) Pause Young (Concurrent Start) (G1 Humongous Allocation) 128M->55M(224M) 2.049ms
[162.965s][info][gc,cpu      ] GC(915) User=0.00s Sys=0.00s Real=0.00s
[162.965s][info][gc          ] GC(916) Concurrent Undo Cycle
[162.965s][info][gc,marking  ] GC(916) Concurrent Cleanup for Next Mark
[162.965s][info][gc,marking  ] GC(916) Concurrent Cleanup for Next Mark 0.184ms
[162.965s][info][gc          ] GC(916) Concurrent Undo Cycle 0.241ms
[163.065s][info][gc,start    ] GC(917) Pause Young (Concurrent Start) (GCLocker Initiated GC)
[163.065s][info][gc,task     ] GC(917) Using 6 workers of 6 for evacuation
[163.067s][info][gc,phases   ] GC(917)   Pre Evacuate Collection Set: 0.2ms
[163.067s][info][gc,phases   ] GC(917)   Merge Heap Roots: 0.1ms
[163.067s][info][gc,phases   ] GC(917)   Evacuate Collection Set: 0.7ms
[163.067s][info][gc,phases   ] GC(917)   Post Evacuate Collection Set: 0.6ms
[163.067s][info][gc,phases   ] GC(917)   Other: 0.3ms
[163.067s][info][gc,heap     ] GC(917) Eden regions: 14->0(133)
[163.067s][info][gc,heap     ] GC(917) Survivor regions: 1->1(17)
[163.067s][info][gc,heap     ] GC(917) Old regions: 48->48
[163.067s][info][gc,heap     ] GC(917) Archive regions: 0->0
[163.067s][info][gc,heap     ] GC(917) Humongous regions: 12->4
[163.067s][info][gc,metaspace] GC(917) Metaspace: 37357K(37696K)->37357K(37696K) NonClass: 33353K(33536K)->33353K(33536K) Class: 4004K(4160K)->4004K(4160K)
[163.067s][info][gc          ] GC(917) Pause Young (Concurrent Start) (GCLocker Initiated GC) 73M->51M(224M) 1.886ms
[163.067s][info][gc,cpu      ] GC(917) User=0.00s Sys=0.00s Real=0.00s
[163.067s][info][gc          ] GC(918) Concurrent Mark Cycle
[163.067s][info][gc,marking  ] GC(918) Concurrent Clear Claimed Marks
[163.067s][info][gc,marking  ] GC(918) Concurrent Clear Claimed Marks 0.020ms
[163.067s][info][gc,marking  ] GC(918) Concurrent Scan Root Regions
[163.068s][info][gc,marking  ] GC(918) Concurrent Scan Root Regions 0.490ms
[163.068s][info][gc,marking  ] GC(918) Concurrent Mark
[163.068s][info][gc,marking  ] GC(918) Concurrent Mark From Roots
[163.068s][info][gc,task     ] GC(918) Using 2 workers of 2 for marking
[163.079s][info][gc,marking  ] GC(918) Concurrent Mark From Roots 11.142ms
[163.079s][info][gc,marking  ] GC(918) Concurrent Preclean
[163.079s][info][gc,marking  ] GC(918) Concurrent Preclean 0.254ms
[163.080s][info][gc,start    ] GC(918) Pause Remark
[163.082s][info][gc          ] GC(918) Pause Remark 65M->65M(224M) 2.252ms
[163.082s][info][gc,cpu      ] GC(918) User=0.00s Sys=0.00s Real=0.00s
[163.083s][info][gc,marking  ] GC(918) Concurrent Mark 14.740ms
[163.083s][info][gc,marking  ] GC(918) Concurrent Rebuild Remembered Sets
[163.088s][info][gc,marking  ] GC(918) Concurrent Rebuild Remembered Sets 5.320ms
[163.088s][info][gc,start    ] GC(918) Pause Cleanup
[163.088s][info][gc          ] GC(918) Pause Cleanup 66M->66M(224M) 0.151ms
[163.089s][info][gc,cpu      ] GC(918) User=0.00s Sys=0.00s Real=0.00s
[163.089s][info][gc,marking  ] GC(918) Concurrent Cleanup for Next Mark
[163.089s][info][gc,marking  ] GC(918) Concurrent Cleanup for Next Mark 0.201ms
[163.089s][info][gc          ] GC(918) Concurrent Mark Cycle 21.626ms
[163.778s][info][gc,start    ] GC(919) Pause Young (Prepare Mixed) (GCLocker Initiated GC)
[163.778s][info][gc,task     ] GC(919) Using 6 workers of 6 for evacuation
[163.781s][info][gc,phases   ] GC(919)   Pre Evacuate Collection Set: 0.3ms
[163.781s][info][gc,phases   ] GC(919)   Merge Heap Roots: 0.1ms
[163.781s][info][gc,phases   ] GC(919)   Evacuate Collection Set: 0.6ms
[163.781s][info][gc,phases   ] GC(919)   Post Evacuate Collection Set: 1.0ms
[163.781s][info][gc,phases   ] GC(919)   Other: 0.6ms
[163.781s][info][gc,heap     ] GC(919) Eden regions: 80->0(9)
[163.781s][info][gc,heap     ] GC(919) Survivor regions: 1->2(17)
[163.781s][info][gc,heap     ] GC(919) Old regions: 48->48
[163.781s][info][gc,heap     ] GC(919) Archive regions: 0->0
[163.781s][info][gc,heap     ] GC(919) Humongous regions: 88->4
[163.781s][info][gc,metaspace] GC(919) Metaspace: 37361K(37696K)->37361K(37696K) NonClass: 33356K(33536K)->33356K(33536K) Class: 4004K(4160K)->4004K(4160K)
[163.781s][info][gc          ] GC(919) Pause Young (Prepare Mixed) (GCLocker Initiated GC) 214M->52M(224M) 2.367ms
[163.781s][info][gc,cpu      ] GC(919) User=0.00s Sys=0.00s Real=0.00s
[163.809s][info][gc,start    ] GC(920) Pause Young (Mixed) (GCLocker Initiated GC)
[163.809s][info][gc,task     ] GC(920) Using 6 workers of 6 for evacuation
[163.810s][info][gc,phases   ] GC(920)   Pre Evacuate Collection Set: 0.3ms
[163.811s][info][gc,phases   ] GC(920)   Merge Heap Roots: 0.1ms
[163.811s][info][gc,phases   ] GC(920)   Evacuate Collection Set: 0.6ms
[163.811s][info][gc,phases   ] GC(920)   Post Evacuate Collection Set: 0.6ms
[163.811s][info][gc,phases   ] GC(920)   Other: 0.4ms
[163.811s][info][gc,heap     ] GC(920) Eden regions: 10->0(133)
[163.811s][info][gc,heap     ] GC(920) Survivor regions: 2->1(2)
[163.811s][info][gc,heap     ] GC(920) Old regions: 48->48
[163.811s][info][gc,heap     ] GC(920) Archive regions: 0->0
[163.811s][info][gc,heap     ] GC(920) Humongous regions: 16->4
[163.811s][info][gc,metaspace] GC(920) Metaspace: 37361K(37696K)->37361K(37696K) NonClass: 33356K(33536K)->33356K(33536K) Class: 4004K(4160K)->4004K(4160K)
[163.811s][info][gc          ] GC(920) Pause Young (Mixed) (GCLocker Initiated GC) 73M->52M(224M) 1.948ms
[163.811s][info][gc,cpu      ] GC(920) User=0.00s Sys=0.00s Real=0.00s
[164.288s][info][gc,start    ] GC(921) Pause Young (Concurrent Start) (G1 Humongous Allocation)
[164.288s][info][gc,task     ] GC(921) Using 6 workers of 6 for evacuation
[164.290s][info][gc,phases   ] GC(921)   Pre Evacuate Collection Set: 0.2ms
[164.290s][info][gc,phases   ] GC(921)   Merge Heap Roots: 0.1ms
[164.290s][info][gc,phases   ] GC(921)   Evacuate Collection Set: 0.8ms
[164.290s][info][gc,phases   ] GC(921)   Post Evacuate Collection Set: 0.6ms
[164.290s][info][gc,phases   ] GC(921)   Other: 0.3ms
[164.290s][info][gc,heap     ] GC(921) Eden regions: 53->0(132)
[164.290s][info][gc,heap     ] GC(921) Survivor regions: 1->2(17)
[164.290s][info][gc,heap     ] GC(921) Old regions: 48->48
[164.290s][info][gc,heap     ] GC(921) Archive regions: 0->0
[164.290s][info][gc,heap     ] GC(921) Humongous regions: 56->8
[164.290s][info][gc,metaspace] GC(921) Metaspace: 37361K(37696K)->37361K(37696K) NonClass: 33356K(33536K)->33356K(33536K) Class: 4004K(4160K)->4004K(4160K)
[164.290s][info][gc          ] GC(921) Pause Young (Concurrent Start) (G1 Humongous Allocation) 156M->56M(224M) 1.881ms
[164.290s][info][gc,cpu      ] GC(921) User=0.00s Sys=0.00s Real=0.00s
[164.290s][info][gc          ] GC(922) Concurrent Undo Cycle
[164.290s][info][gc,marking  ] GC(922) Concurrent Cleanup for Next Mark
[164.290s][info][gc,marking  ] GC(922) Concurrent Cleanup for Next Mark 0.257ms
[164.290s][info][gc          ] GC(922) Concurrent Undo Cycle 0.327ms
[164.292s][info][gc,start    ] GC(923) Pause Young (Concurrent Start) (GCLocker Initiated GC)
[164.292s][info][gc,task     ] GC(923) Using 6 workers of 6 for evacuation
[164.294s][info][gc,phases   ] GC(923)   Pre Evacuate Collection Set: 0.1ms
[164.294s][info][gc,phases   ] GC(923)   Merge Heap Roots: 0.1ms
[164.294s][info][gc,phases   ] GC(923)   Evacuate Collection Set: 0.8ms
[164.294s][info][gc,phases   ] GC(923)   Post Evacuate Collection Set: 0.4ms
[164.294s][info][gc,phases   ] GC(923)   Other: 0.3ms
[164.294s][info][gc,heap     ] GC(923) Eden regions: 1->0(133)
[164.294s][info][gc,heap     ] GC(923) Survivor regions: 2->1(17)
[164.294s][info][gc,heap     ] GC(923) Old regions: 48->48
[164.294s][info][gc,heap     ] GC(923) Archive regions: 0->0
[164.294s][info][gc,heap     ] GC(923) Humongous regions: 12->8
[164.294s][info][gc,metaspace] GC(923) Metaspace: 37361K(37696K)->37361K(37696K) NonClass: 33356K(33536K)->33356K(33536K) Class: 4004K(4160K)->4004K(4160K)
[164.294s][info][gc          ] GC(923) Pause Young (Concurrent Start) (GCLocker Initiated GC) 60M->56M(224M) 1.729ms
[164.294s][info][gc,cpu      ] GC(923) User=0.00s Sys=0.00s Real=0.00s
[164.294s][info][gc          ] GC(924) Concurrent Mark Cycle
[164.294s][info][gc,marking  ] GC(924) Concurrent Clear Claimed Marks
[164.294s][info][gc,marking  ] GC(924) Concurrent Clear Claimed Marks 0.022ms
[164.294s][info][gc,marking  ] GC(924) Concurrent Scan Root Regions
[164.295s][info][gc,marking  ] GC(924) Concurrent Scan Root Regions 0.532ms
[164.295s][info][gc,marking  ] GC(924) Concurrent Mark
[164.295s][info][gc,marking  ] GC(924) Concurrent Mark From Roots
[164.295s][info][gc,task     ] GC(924) Using 2 workers of 2 for marking
[164.305s][info][gc,marking  ] GC(924) Concurrent Mark From Roots 9.994ms
[164.305s][info][gc,marking  ] GC(924) Concurrent Preclean
[164.305s][info][gc,marking  ] GC(924) Concurrent Preclean 0.150ms
[164.305s][info][gc,start    ] GC(924) Pause Remark
[164.308s][info][gc          ] GC(924) Pause Remark 62M->62M(210M) 2.642ms
[164.308s][info][gc,cpu      ] GC(924) User=0.00s Sys=0.00s Real=0.00s
[164.308s][info][gc,marking  ] GC(924) Concurrent Mark 13.451ms
[164.308s][info][gc,marking  ] GC(924) Concurrent Rebuild Remembered Sets
[164.313s][info][gc,marking  ] GC(924) Concurrent Rebuild Remembered Sets 4.869ms
[164.313s][info][gc,start    ] GC(924) Pause Cleanup
[164.313s][info][gc          ] GC(924) Pause Cleanup 62M->62M(210M) 0.093ms
[164.313s][info][gc,cpu      ] GC(924) User=0.00s Sys=0.00s Real=0.00s
[164.314s][info][gc,marking  ] GC(924) Concurrent Cleanup for Next Mark
[164.314s][info][gc,marking  ] GC(924) Concurrent Cleanup for Next Mark 0.113ms
[164.314s][info][gc          ] GC(924) Concurrent Mark Cycle 19.750ms
[164.919s][info][gc,start    ] GC(925) Pause Young (Prepare Mixed) (G1 Preventive Collection)
[164.919s][info][gc,task     ] GC(925) Using 6 workers of 6 for evacuation
[164.921s][info][gc,phases   ] GC(925)   Pre Evacuate Collection Set: 0.2ms
[164.921s][info][gc,phases   ] GC(925)   Merge Heap Roots: 0.0ms
[164.921s][info][gc,phases   ] GC(925)   Evacuate Collection Set: 0.6ms
[164.921s][info][gc,phases   ] GC(925)   Post Evacuate Collection Set: 0.6ms
[164.921s][info][gc,phases   ] GC(925)   Other: 0.3ms
[164.921s][info][gc,heap     ] GC(925) Eden regions: 74->0(8)
[164.921s][info][gc,heap     ] GC(925) Survivor regions: 1->2(16)
[164.921s][info][gc,heap     ] GC(925) Old regions: 48->48
[164.921s][info][gc,heap     ] GC(925) Archive regions: 0->0
[164.921s][info][gc,heap     ] GC(925) Humongous regions: 84->8
[164.921s][info][gc,metaspace] GC(925) Metaspace: 37363K(37696K)->37363K(37696K) NonClass: 33358K(33536K)->33358K(33536K) Class: 4004K(4160K)->4004K(4160K)
[164.921s][info][gc          ] GC(925) Pause Young (Prepare Mixed) (G1 Preventive Collection) 206M->56M(210M) 1.782ms
[164.921s][info][gc,cpu      ] GC(925) User=0.00s Sys=0.00s Real=0.00s
[165.022s][info][gc,start    ] GC(926) Pause Young (Mixed) (GCLocker Initiated GC)
[165.022s][info][gc,task     ] GC(926) Using 6 workers of 6 for evacuation
[165.024s][info][gc,phases   ] GC(926)   Pre Evacuate Collection Set: 0.2ms
[165.024s][info][gc,phases   ] GC(926)   Merge Heap Roots: 0.1ms
[165.024s][info][gc,phases   ] GC(926)   Evacuate Collection Set: 0.8ms
[165.024s][info][gc,phases   ] GC(926)   Post Evacuate Collection Set: 0.8ms
[165.024s][info][gc,phases   ] GC(926)   Other: 0.3ms
[165.024s][info][gc,heap     ] GC(926) Eden regions: 9->0(125)
[165.025s][info][gc,heap     ] GC(926) Survivor regions: 2->1(2)
[165.025s][info][gc,heap     ] GC(926) Old regions: 48->48
[165.025s][info][gc,heap     ] GC(926) Archive regions: 0->0
[165.025s][info][gc,heap     ] GC(926) Humongous regions: 20->8
[165.025s][info][gc,metaspace] GC(926) Metaspace: 37363K(37696K)->37363K(37696K) NonClass: 33358K(33536K)->33358K(33536K) Class: 4004K(4160K)->4004K(4160K)
[165.025s][info][gc          ] GC(926) Pause Young (Mixed) (GCLocker Initiated GC) 76M->55M(210M) 2.312ms
[165.025s][info][gc,cpu      ] GC(926) User=0.00s Sys=0.00s Real=0.00s
[165.410s][info][gc,start    ] GC(927) Pause Young (Concurrent Start) (G1 Humongous Allocation)
[165.410s][info][gc,task     ] GC(927) Using 6 workers of 6 for evacuation
[165.412s][info][gc,phases   ] GC(927)   Pre Evacuate Collection Set: 0.2ms
[165.412s][info][gc,phases   ] GC(927)   Merge Heap Roots: 0.1ms
[165.412s][info][gc,phases   ] GC(927)   Evacuate Collection Set: 1.0ms
[165.412s][info][gc,phases   ] GC(927)   Post Evacuate Collection Set: 0.7ms
[165.412s][info][gc,phases   ] GC(927)   Other: 0.3ms
[165.412s][info][gc,heap     ] GC(927) Eden regions: 46->0(124)
[165.412s][info][gc,heap     ] GC(927) Survivor regions: 1->2(16)
[165.412s][info][gc,heap     ] GC(927) Old regions: 48->48
[165.412s][info][gc,heap     ] GC(927) Archive regions: 0->0
[165.412s][info][gc,heap     ] GC(927) Humongous regions: 52->8
[165.412s][info][gc,metaspace] GC(927) Metaspace: 37369K(37696K)->37369K(37696K) NonClass: 33365K(33536K)->33365K(33536K) Class: 4004K(4160K)->4004K(4160K)
[165.412s][info][gc          ] GC(927) Pause Young (Concurrent Start) (G1 Humongous Allocation) 145M->56M(210M) 2.223ms
[165.413s][info][gc,cpu      ] GC(927) User=0.08s Sys=0.00s Real=0.00s
[165.413s][info][gc          ] GC(928) Concurrent Undo Cycle
[165.413s][info][gc,marking  ] GC(928) Concurrent Cleanup for Next Mark
[165.413s][info][gc,marking  ] GC(928) Concurrent Cleanup for Next Mark 0.150ms
[165.413s][info][gc          ] GC(928) Concurrent Undo Cycle 0.210ms
[165.515s][info][gc,start    ] GC(929) Pause Young (Concurrent Start) (GCLocker Initiated GC)
[165.515s][info][gc,task     ] GC(929) Using 6 workers of 6 for evacuation
[165.517s][info][gc,phases   ] GC(929)   Pre Evacuate Collection Set: 0.2ms
[165.517s][info][gc,phases   ] GC(929)   Merge Heap Roots: 0.1ms
[165.517s][info][gc,phases   ] GC(929)   Evacuate Collection Set: 0.8ms
[165.517s][info][gc,phases   ] GC(929)   Post Evacuate Collection Set: 0.7ms
[165.517s][info][gc,phases   ] GC(929)   Other: 0.3ms
[165.517s][info][gc,heap     ] GC(929) Eden regions: 14->0(125)
[165.517s][info][gc,heap     ] GC(929) Survivor regions: 2->1(16)
[165.517s][info][gc,heap     ] GC(929) Old regions: 48->48
[165.517s][info][gc,heap     ] GC(929) Archive regions: 0->0
[165.517s][info][gc,heap     ] GC(929) Humongous regions: 12->4
[165.517s][info][gc,metaspace] GC(929) Metaspace: 37369K(37696K)->37369K(37696K) NonClass: 33365K(33536K)->33365K(33536K) Class: 4004K(4160K)->4004K(4160K)
[165.517s][info][gc          ] GC(929) Pause Young (Concurrent Start) (GCLocker Initiated GC) 73M->52M(210M) 1.910ms
[165.517s][info][gc,cpu      ] GC(929) User=0.00s Sys=0.00s Real=0.00s
[165.517s][info][gc          ] GC(930) Concurrent Mark Cycle
[165.517s][info][gc,marking  ] GC(930) Concurrent Clear Claimed Marks
[165.517s][info][gc,marking  ] GC(930) Concurrent Clear Claimed Marks 0.023ms
[165.517s][info][gc,marking  ] GC(930) Concurrent Scan Root Regions
[165.518s][info][gc,marking  ] GC(930) Concurrent Scan Root Regions 0.616ms
[165.518s][info][gc,marking  ] GC(930) Concurrent Mark
[165.518s][info][gc,marking  ] GC(930) Concurrent Mark From Roots
[165.518s][info][gc,task     ] GC(930) Using 2 workers of 2 for marking
[165.529s][info][gc,marking  ] GC(930) Concurrent Mark From Roots 11.656ms
[165.529s][info][gc,marking  ] GC(930) Concurrent Preclean
[165.530s][info][gc,marking  ] GC(930) Concurrent Preclean 0.237ms
[165.530s][info][gc,start    ] GC(930) Pause Remark
[165.534s][info][gc          ] GC(930) Pause Remark 65M->65M(210M) 3.583ms
[165.534s][info][gc,cpu      ] GC(930) User=0.00s Sys=0.00s Real=0.00s
[165.535s][info][gc,marking  ] GC(930) Concurrent Mark 17.345ms
[165.535s][info][gc,marking  ] GC(930) Concurrent Rebuild Remembered Sets
[165.541s][info][gc,marking  ] GC(930) Concurrent Rebuild Remembered Sets 5.736ms
[165.541s][info][gc,start    ] GC(930) Pause Cleanup
[165.541s][info][gc          ] GC(930) Pause Cleanup 67M->67M(210M) 0.191ms
[165.541s][info][gc,cpu      ] GC(930) User=0.00s Sys=0.00s Real=0.00s
[165.542s][info][gc,marking  ] GC(930) Concurrent Cleanup for Next Mark
[165.543s][info][gc,marking  ] GC(930) Concurrent Cleanup for Next Mark 0.222ms
[165.543s][info][gc          ] GC(930) Concurrent Mark Cycle 25.841ms
[166.135s][info][gc,start    ] GC(931) Pause Young (Prepare Mixed) (GCLocker Initiated GC)
[166.135s][info][gc,task     ] GC(931) Using 6 workers of 6 for evacuation
[166.137s][info][gc,phases   ] GC(931)   Pre Evacuate Collection Set: 0.2ms
[166.137s][info][gc,phases   ] GC(931)   Merge Heap Roots: 0.0ms
[166.137s][info][gc,phases   ] GC(931)   Evacuate Collection Set: 0.6ms
[166.137s][info][gc,phases   ] GC(931)   Post Evacuate Collection Set: 0.5ms
[166.137s][info][gc,phases   ] GC(931)   Other: 0.3ms
[166.137s][info][gc,heap     ] GC(931) Eden regions: 71->0(8)
[166.137s][info][gc,heap     ] GC(931) Survivor regions: 1->2(16)
[166.137s][info][gc,heap     ] GC(931) Old regions: 48->48
[166.137s][info][gc,heap     ] GC(931) Archive regions: 0->0
[166.137s][info][gc,heap     ] GC(931) Humongous regions: 84->8
[166.137s][info][gc,metaspace] GC(931) Metaspace: 37371K(37696K)->37371K(37696K) NonClass: 33367K(33536K)->33367K(33536K) Class: 4004K(4160K)->4004K(4160K)
[166.137s][info][gc          ] GC(931) Pause Young (Prepare Mixed) (GCLocker Initiated GC) 202M->56M(210M) 1.616ms
[166.137s][info][gc,cpu      ] GC(931) User=0.00s Sys=0.00s Real=0.00s
[166.167s][info][gc,start    ] GC(932) Pause Young (Mixed) (GCLocker Initiated GC)
[166.167s][info][gc,task     ] GC(932) Using 6 workers of 6 for evacuation
[166.168s][info][gc,phases   ] GC(932)   Pre Evacuate Collection Set: 0.1ms
[166.168s][info][gc,phases   ] GC(932)   Merge Heap Roots: 0.1ms
[166.168s][info][gc,phases   ] GC(932)   Evacuate Collection Set: 0.8ms
[166.168s][info][gc,phases   ] GC(932)   Post Evacuate Collection Set: 0.6ms
[166.168s][info][gc,phases   ] GC(932)   Other: 0.3ms
[166.168s][info][gc,heap     ] GC(932) Eden regions: 9->0(124)
[166.168s][info][gc,heap     ] GC(932) Survivor regions: 2->2(2)
[166.168s][info][gc,heap     ] GC(932) Old regions: 48->48
[166.168s][info][gc,heap     ] GC(932) Archive regions: 0->0
[166.169s][info][gc,heap     ] GC(932) Humongous regions: 12->4
[166.169s][info][gc,metaspace] GC(932) Metaspace: 37371K(37696K)->37371K(37696K) NonClass: 33367K(33536K)->33367K(33536K) Class: 4004K(4160K)->4004K(4160K)
[166.169s][info][gc          ] GC(932) Pause Young (Mixed) (GCLocker Initiated GC) 69M->53M(210M) 1.915ms
[166.169s][info][gc,cpu      ] GC(932) User=0.00s Sys=0.00s Real=0.00s
[166.745s][info][gc,start    ] GC(933) Pause Young (Concurrent Start) (GCLocker Initiated GC)
[166.745s][info][gc,task     ] GC(933) Using 6 workers of 6 for evacuation
[166.747s][info][gc,phases   ] GC(933)   Pre Evacuate Collection Set: 0.2ms
[166.747s][info][gc,phases   ] GC(933)   Merge Heap Roots: 0.1ms
[166.747s][info][gc,phases   ] GC(933)   Evacuate Collection Set: 0.8ms
[166.747s][info][gc,phases   ] GC(933)   Post Evacuate Collection Set: 0.7ms
[166.747s][info][gc,phases   ] GC(933)   Other: 0.3ms
[166.747s][info][gc,heap     ] GC(933) Eden regions: 62->0(124)
[166.747s][info][gc,heap     ] GC(933) Survivor regions: 2->2(16)
[166.747s][info][gc,heap     ] GC(933) Old regions: 48->48
[166.747s][info][gc,heap     ] GC(933) Archive regions: 0->0
[166.747s][info][gc,heap     ] GC(933) Humongous regions: 64->4
[166.747s][info][gc,metaspace] GC(933) Metaspace: 37371K(37696K)->37371K(37696K) NonClass: 33367K(33536K)->33367K(33536K) Class: 4004K(4160K)->4004K(4160K)
[166.747s][info][gc          ] GC(933) Pause Young (Concurrent Start) (GCLocker Initiated GC) 175M->52M(210M) 2.049ms
[166.747s][info][gc,cpu      ] GC(933) User=0.00s Sys=0.00s Real=0.00s
[166.747s][info][gc          ] GC(934) Concurrent Mark Cycle
[166.747s][info][gc,marking  ] GC(934) Concurrent Clear Claimed Marks
[166.747s][info][gc,marking  ] GC(934) Concurrent Clear Claimed Marks 0.019ms
[166.747s][info][gc,marking  ] GC(934) Concurrent Scan Root Regions
[166.748s][info][gc,marking  ] GC(934) Concurrent Scan Root Regions 0.515ms
[166.748s][info][gc,marking  ] GC(934) Concurrent Mark
[166.748s][info][gc,marking  ] GC(934) Concurrent Mark From Roots
[166.748s][info][gc,task     ] GC(934) Using 2 workers of 2 for marking
[166.758s][info][gc,marking  ] GC(934) Concurrent Mark From Roots 10.193ms
[166.758s][info][gc,marking  ] GC(934) Concurrent Preclean
[166.758s][info][gc,marking  ] GC(934) Concurrent Preclean 0.197ms
[166.759s][info][gc,start    ] GC(934) Pause Remark
[166.763s][info][gc          ] GC(934) Pause Remark 65M->65M(210M) 4.307ms
[166.763s][info][gc,cpu      ] GC(934) User=0.00s Sys=0.00s Real=0.00s
[166.763s][info][gc,marking  ] GC(934) Concurrent Mark 15.392ms
[166.763s][info][gc,marking  ] GC(934) Concurrent Rebuild Remembered Sets
[166.768s][info][gc,marking  ] GC(934) Concurrent Rebuild Remembered Sets 4.705ms
[166.768s][info][gc,start    ] GC(934) Pause Cleanup
[166.768s][info][gc          ] GC(934) Pause Cleanup 66M->66M(210M) 0.151ms
[166.769s][info][gc,cpu      ] GC(934) User=0.00s Sys=0.00s Real=0.00s
[166.769s][info][gc,marking  ] GC(934) Concurrent Cleanup for Next Mark
[166.769s][info][gc,marking  ] GC(934) Concurrent Cleanup for Next Mark 0.149ms
[166.769s][info][gc          ] GC(934) Concurrent Mark Cycle 21.622ms
[167.379s][info][gc,start    ] GC(935) Pause Young (Prepare Mixed) (GCLocker Initiated GC)
[167.379s][info][gc,task     ] GC(935) Using 6 workers of 6 for evacuation
[167.380s][info][gc,phases   ] GC(935)   Pre Evacuate Collection Set: 0.2ms
[167.381s][info][gc,phases   ] GC(935)   Merge Heap Roots: 0.1ms
[167.381s][info][gc,phases   ] GC(935)   Evacuate Collection Set: 0.6ms
[167.381s][info][gc,phases   ] GC(935)   Post Evacuate Collection Set: 0.7ms
[167.381s][info][gc,phases   ] GC(935)   Other: 0.3ms
[167.381s][info][gc,heap     ] GC(935) Eden regions: 69->0(8)
[167.381s][info][gc,heap     ] GC(935) Survivor regions: 2->2(16)
[167.381s][info][gc,heap     ] GC(935) Old regions: 48->48
[167.381s][info][gc,heap     ] GC(935) Archive regions: 0->0
[167.381s][info][gc,heap     ] GC(935) Humongous regions: 88->8
[167.381s][info][gc,metaspace] GC(935) Metaspace: 37371K(37696K)->37371K(37696K) NonClass: 33367K(33536K)->33367K(33536K) Class: 4004K(4160K)->4004K(4160K)
[167.381s][info][gc          ] GC(935) Pause Young (Prepare Mixed) (GCLocker Initiated GC) 205M->56M(210M) 1.913ms
[167.381s][info][gc,cpu      ] GC(935) User=0.02s Sys=0.00s Real=0.00s
[167.391s][info][gc,start    ] GC(936) Pause Young (Mixed) (GCLocker Initiated GC)
[167.391s][info][gc,task     ] GC(936) Using 6 workers of 6 for evacuation
[167.393s][info][gc,phases   ] GC(936)   Pre Evacuate Collection Set: 0.2ms
[167.393s][info][gc,phases   ] GC(936)   Merge Heap Roots: 0.1ms
[167.393s][info][gc,phases   ] GC(936)   Evacuate Collection Set: 1.1ms
[167.393s][info][gc,phases   ] GC(936)   Post Evacuate Collection Set: 0.7ms
[167.393s][info][gc,phases   ] GC(936)   Other: 0.3ms
[167.393s][info][gc,heap     ] GC(936) Eden regions: 9->0(124)
[167.393s][info][gc,heap     ] GC(936) Survivor regions: 2->2(2)
[167.393s][info][gc,heap     ] GC(936) Old regions: 48->48
[167.393s][info][gc,heap     ] GC(936) Archive regions: 0->0
[167.393s][info][gc,heap     ] GC(936) Humongous regions: 8->4
[167.393s][info][gc,metaspace] GC(936) Metaspace: 37371K(37696K)->37371K(37696K) NonClass: 33367K(33536K)->33367K(33536K) Class: 4004K(4160K)->4004K(4160K)
[167.393s][info][gc          ] GC(936) Pause Young (Mixed) (GCLocker Initiated GC) 65M->53M(210M) 2.365ms
[167.393s][info][gc,cpu      ] GC(936) User=0.00s Sys=0.00s Real=0.00s
[167.974s][info][gc,start    ] GC(937) Pause Young (Concurrent Start) (G1 Humongous Allocation)
[167.974s][info][gc,task     ] GC(937) Using 6 workers of 6 for evacuation
[167.977s][info][gc,phases   ] GC(937)   Pre Evacuate Collection Set: 0.2ms
[167.977s][info][gc,phases   ] GC(937)   Merge Heap Roots: 0.1ms
[167.977s][info][gc,phases   ] GC(937)   Evacuate Collection Set: 0.8ms
[167.977s][info][gc,phases   ] GC(937)   Post Evacuate Collection Set: 0.7ms
[167.977s][info][gc,phases   ] GC(937)   Other: 0.7ms
[167.977s][info][gc,heap     ] GC(937) Eden regions: 59->0(124)
[167.977s][info][gc,heap     ] GC(937) Survivor regions: 2->1(16)
[167.977s][info][gc,heap     ] GC(937) Old regions: 48->48
[167.977s][info][gc,heap     ] GC(937) Archive regions: 0->0
[167.977s][info][gc,heap     ] GC(937) Humongous regions: 68->8
[167.977s][info][gc,metaspace] GC(937) Metaspace: 37371K(37696K)->37371K(37696K) NonClass: 33367K(33536K)->33367K(33536K) Class: 4004K(4160K)->4004K(4160K)
[167.977s][info][gc          ] GC(937) Pause Young (Concurrent Start) (G1 Humongous Allocation) 175M->56M(210M) 2.466ms
[167.977s][info][gc,cpu      ] GC(937) User=0.00s Sys=0.00s Real=0.00s
[167.977s][info][gc          ] GC(938) Concurrent Undo Cycle
[167.977s][info][gc,marking  ] GC(938) Concurrent Cleanup for Next Mark
[167.978s][info][gc,marking  ] GC(938) Concurrent Cleanup for Next Mark 0.382ms
[167.978s][info][gc          ] GC(938) Concurrent Undo Cycle 0.464ms
[167.979s][info][gc,start    ] GC(939) Pause Young (Concurrent Start) (G1 Humongous Allocation)
[167.979s][info][gc,task     ] GC(939) Using 6 workers of 6 for evacuation
[167.981s][info][gc,phases   ] GC(939)   Pre Evacuate Collection Set: 0.2ms
[167.981s][info][gc,phases   ] GC(939)   Merge Heap Roots: 0.0ms
[167.981s][info][gc,phases   ] GC(939)   Evacuate Collection Set: 0.9ms
[167.981s][info][gc,phases   ] GC(939)   Post Evacuate Collection Set: 0.6ms
[167.981s][info][gc,phases   ] GC(939)   Other: 0.4ms
[167.981s][info][gc,heap     ] GC(939) Eden regions: 1->0(125)
[167.981s][info][gc,heap     ] GC(939) Survivor regions: 1->1(16)
[167.981s][info][gc,heap     ] GC(939) Old regions: 48->48
[167.981s][info][gc,heap     ] GC(939) Archive regions: 0->0
[167.981s][info][gc,heap     ] GC(939) Humongous regions: 12->8
[167.981s][info][gc,metaspace] GC(939) Metaspace: 37371K(37696K)->37371K(37696K) NonClass: 33367K(33536K)->33367K(33536K) Class: 4004K(4160K)->4004K(4160K)
[167.981s][info][gc          ] GC(939) Pause Young (Concurrent Start) (G1 Humongous Allocation) 60M->56M(210M) 2.022ms
[167.981s][info][gc,cpu      ] GC(939) User=0.00s Sys=0.00s Real=0.00s
[167.982s][info][gc          ] GC(940) Concurrent Mark Cycle
[167.982s][info][gc,marking  ] GC(940) Concurrent Clear Claimed Marks
[167.982s][info][gc,marking  ] GC(940) Concurrent Clear Claimed Marks 0.035ms
[167.982s][info][gc,marking  ] GC(940) Concurrent Scan Root Regions
[167.982s][info][gc,marking  ] GC(940) Concurrent Scan Root Regions 0.590ms
[167.982s][info][gc,marking  ] GC(940) Concurrent Mark
[167.982s][info][gc,marking  ] GC(940) Concurrent Mark From Roots
[167.982s][info][gc,task     ] GC(940) Using 2 workers of 2 for marking
[167.993s][info][gc,marking  ] GC(940) Concurrent Mark From Roots 10.274ms
[167.993s][info][gc,marking  ] GC(940) Concurrent Preclean
[167.993s][info][gc,marking  ] GC(940) Concurrent Preclean 0.200ms
[167.993s][info][gc,start    ] GC(940) Pause Remark
[167.998s][info][gc          ] GC(940) Pause Remark 62M->62M(210M) 5.097ms
[167.998s][info][gc,cpu      ] GC(940) User=0.00s Sys=0.00s Real=0.01s
[167.999s][info][gc,marking  ] GC(940) Concurrent Mark 16.270ms
[167.999s][info][gc,marking  ] GC(940) Concurrent Rebuild Remembered Sets
[168.004s][info][gc,marking  ] GC(940) Concurrent Rebuild Remembered Sets 4.977ms
[168.004s][info][gc,start    ] GC(940) Pause Cleanup
[168.004s][info][gc          ] GC(940) Pause Cleanup 67M->67M(210M) 0.168ms
[168.004s][info][gc,cpu      ] GC(940) User=0.00s Sys=0.00s Real=0.00s
[168.004s][info][gc,marking  ] GC(940) Concurrent Cleanup for Next Mark
[168.004s][info][gc,marking  ] GC(940) Concurrent Cleanup for Next Mark 0.151ms
[168.004s][info][gc          ] GC(940) Concurrent Mark Cycle 22.882ms
[168.678s][info][gc,start    ] GC(941) Pause Young (Prepare Mixed) (G1 Preventive Collection)
[168.678s][info][gc,task     ] GC(941) Using 6 workers of 6 for evacuation
[168.680s][info][gc,phases   ] GC(941)   Pre Evacuate Collection Set: 0.2ms
[168.680s][info][gc,phases   ] GC(941)   Merge Heap Roots: 0.1ms
[168.680s][info][gc,phases   ] GC(941)   Evacuate Collection Set: 0.8ms
[168.680s][info][gc,phases   ] GC(941)   Post Evacuate Collection Set: 0.8ms
[168.680s][info][gc,phases   ] GC(941)   Other: 0.3ms
[168.680s][info][gc,heap     ] GC(941) Eden regions: 74->0(8)
[168.680s][info][gc,heap     ] GC(941) Survivor regions: 1->2(16)
[168.680s][info][gc,heap     ] GC(941) Old regions: 48->48
[168.680s][info][gc,heap     ] GC(941) Archive regions: 0->0
[168.680s][info][gc,heap     ] GC(941) Humongous regions: 84->4
[168.680s][info][gc,metaspace] GC(941) Metaspace: 37371K(37696K)->37371K(37696K) NonClass: 33367K(33536K)->33367K(33536K) Class: 4004K(4160K)->4004K(4160K)
[168.680s][info][gc          ] GC(941) Pause Young (Prepare Mixed) (G1 Preventive Collection) 205M->53M(210M) 2.081ms
[168.680s][info][gc,cpu      ] GC(941) User=0.00s Sys=0.00s Real=0.00s
[168.728s][info][gc,start    ] GC(942) Pause Young (Mixed) (G1 Evacuation Pause)
[168.728s][info][gc,task     ] GC(942) Using 6 workers of 6 for evacuation
[168.729s][info][gc,phases   ] GC(942)   Pre Evacuate Collection Set: 0.1ms
[168.729s][info][gc,phases   ] GC(942)   Merge Heap Roots: 0.1ms
[168.729s][info][gc,phases   ] GC(942)   Evacuate Collection Set: 0.6ms
[168.729s][info][gc,phases   ] GC(942)   Post Evacuate Collection Set: 0.7ms
[168.729s][info][gc,phases   ] GC(942)   Other: 0.3ms
[168.729s][info][gc,heap     ] GC(942) Eden regions: 8->0(125)
[168.729s][info][gc,heap     ] GC(942) Survivor regions: 2->1(2)
[168.729s][info][gc,heap     ] GC(942) Old regions: 48->49
[168.729s][info][gc,heap     ] GC(942) Archive regions: 0->0
[168.729s][info][gc,heap     ] GC(942) Humongous regions: 16->4
[168.729s][info][gc,metaspace] GC(942) Metaspace: 37371K(37696K)->37371K(37696K) NonClass: 33367K(33536K)->33367K(33536K) Class: 4004K(4160K)->4004K(4160K)
[168.729s][info][gc          ] GC(942) Pause Young (Mixed) (G1 Evacuation Pause) 73M->52M(210M) 1.729ms
[168.730s][info][gc,cpu      ] GC(942) User=0.00s Sys=0.00s Real=0.00s
[169.350s][info][gc,start    ] GC(943) Pause Young (Concurrent Start) (G1 Humongous Allocation)
[169.350s][info][gc,task     ] GC(943) Using 6 workers of 6 for evacuation
[169.352s][info][gc,phases   ] GC(943)   Pre Evacuate Collection Set: 0.2ms
[169.352s][info][gc,phases   ] GC(943)   Merge Heap Roots: 0.1ms
[169.353s][info][gc,phases   ] GC(943)   Evacuate Collection Set: 1.2ms
[169.353s][info][gc,phases   ] GC(943)   Post Evacuate Collection Set: 0.9ms
[169.353s][info][gc,phases   ] GC(943)   Other: 0.5ms
[169.353s][info][gc,heap     ] GC(943) Eden regions: 64->0(124)
[169.353s][info][gc,heap     ] GC(943) Survivor regions: 1->1(16)
[169.353s][info][gc,heap     ] GC(943) Old regions: 49->49
[169.353s][info][gc,heap     ] GC(943) Archive regions: 0->0
[169.353s][info][gc,heap     ] GC(943) Humongous regions: 72->8
[169.353s][info][gc,metaspace] GC(943) Metaspace: 37371K(37696K)->37371K(37696K) NonClass: 33367K(33536K)->33367K(33536K) Class: 4004K(4160K)->4004K(4160K)
[169.353s][info][gc          ] GC(943) Pause Young (Concurrent Start) (G1 Humongous Allocation) 184M->56M(210M) 2.836ms
[169.353s][info][gc,cpu      ] GC(943) User=0.00s Sys=0.00s Real=0.00s
[169.353s][info][gc          ] GC(944) Concurrent Undo Cycle
[169.353s][info][gc,marking  ] GC(944) Concurrent Cleanup for Next Mark
[169.353s][info][gc,marking  ] GC(944) Concurrent Cleanup for Next Mark 0.183ms
[169.353s][info][gc          ] GC(944) Concurrent Undo Cycle 0.273ms
[169.459s][info][gc,start    ] GC(945) Pause Young (Concurrent Start) (G1 Humongous Allocation)
[169.459s][info][gc,task     ] GC(945) Using 6 workers of 6 for evacuation
[169.460s][info][gc,phases   ] GC(945)   Pre Evacuate Collection Set: 0.2ms
[169.461s][info][gc,phases   ] GC(945)   Merge Heap Roots: 0.1ms
[169.461s][info][gc,phases   ] GC(945)   Evacuate Collection Set: 0.7ms
[169.461s][info][gc,phases   ] GC(945)   Post Evacuate Collection Set: 0.7ms
[169.461s][info][gc,phases   ] GC(945)   Other: 0.3ms
[169.461s][info][gc,heap     ] GC(945) Eden regions: 10->0(125)
[169.461s][info][gc,heap     ] GC(945) Survivor regions: 1->1(16)
[169.461s][info][gc,heap     ] GC(945) Old regions: 49->49
[169.461s][info][gc,heap     ] GC(945) Archive regions: 0->0
[169.461s][info][gc,heap     ] GC(945) Humongous regions: 12->4
[169.461s][info][gc,metaspace] GC(945) Metaspace: 37371K(37696K)->37371K(37696K) NonClass: 33367K(33536K)->33367K(33536K) Class: 4004K(4160K)->4004K(4160K)
[169.461s][info][gc          ] GC(945) Pause Young (Concurrent Start) (G1 Humongous Allocation) 70M->52M(210M) 2.003ms
[169.461s][info][gc,cpu      ] GC(945) User=0.00s Sys=0.00s Real=0.00s
[169.461s][info][gc          ] GC(946) Concurrent Mark Cycle
[169.461s][info][gc,marking  ] GC(946) Concurrent Clear Claimed Marks
[169.461s][info][gc,marking  ] GC(946) Concurrent Clear Claimed Marks 0.017ms
[169.461s][info][gc,marking  ] GC(946) Concurrent Scan Root Regions
[169.461s][info][gc,marking  ] GC(946) Concurrent Scan Root Regions 0.538ms
[169.461s][info][gc,marking  ] GC(946) Concurrent Mark
[169.461s][info][gc,marking  ] GC(946) Concurrent Mark From Roots
[169.461s][info][gc,task     ] GC(946) Using 2 workers of 2 for marking
[169.471s][info][gc,marking  ] GC(946) Concurrent Mark From Roots 9.620ms
[169.471s][info][gc,marking  ] GC(946) Concurrent Preclean
[169.471s][info][gc,marking  ] GC(946) Concurrent Preclean 0.116ms
[169.472s][info][gc,start    ] GC(946) Pause Remark
[169.476s][info][gc          ] GC(946) Pause Remark 66M->66M(210M) 4.913ms
[169.477s][info][gc,cpu      ] GC(946) User=0.00s Sys=0.00s Real=0.00s
[169.477s][info][gc,marking  ] GC(946) Concurrent Mark 15.390ms
[169.477s][info][gc,marking  ] GC(946) Concurrent Rebuild Remembered Sets
[169.482s][info][gc,marking  ] GC(946) Concurrent Rebuild Remembered Sets 4.761ms
[169.482s][info][gc,start    ] GC(946) Pause Cleanup
[169.482s][info][gc          ] GC(946) Pause Cleanup 67M->67M(210M) 0.135ms
[169.482s][info][gc,cpu      ] GC(946) User=0.00s Sys=0.00s Real=0.00s
[169.482s][info][gc,marking  ] GC(946) Concurrent Cleanup for Next Mark
[169.483s][info][gc,marking  ] GC(946) Concurrent Cleanup for Next Mark 0.165ms
[169.483s][info][gc          ] GC(946) Concurrent Mark Cycle 21.737ms
[170.080s][info][gc,start    ] GC(947) Pause Young (Prepare Mixed) (G1 Preventive Collection)
[170.080s][info][gc,task     ] GC(947) Using 6 workers of 6 for evacuation
[170.082s][info][gc,phases   ] GC(947)   Pre Evacuate Collection Set: 0.2ms
[170.082s][info][gc,phases   ] GC(947)   Merge Heap Roots: 0.1ms
[170.082s][info][gc,phases   ] GC(947)   Evacuate Collection Set: 0.6ms
[170.082s][info][gc,phases   ] GC(947)   Post Evacuate Collection Set: 0.7ms
[170.082s][info][gc,phases   ] GC(947)   Other: 0.3ms
[170.082s][info][gc,heap     ] GC(947) Eden regions: 72->0(8)
[170.082s][info][gc,heap     ] GC(947) Survivor regions: 1->2(16)
[170.082s][info][gc,heap     ] GC(947) Old regions: 49->49
[170.082s][info][gc,heap     ] GC(947) Archive regions: 0->0
[170.082s][info][gc,heap     ] GC(947) Humongous regions: 84->8
[170.082s][info][gc,metaspace] GC(947) Metaspace: 37372K(37696K)->37372K(37696K) NonClass: 33367K(33536K)->33367K(33536K) Class: 4004K(4160K)->4004K(4160K)
[170.082s][info][gc          ] GC(947) Pause Young (Prepare Mixed) (G1 Preventive Collection) 204M->57M(210M) 1.845ms
[170.082s][info][gc,cpu      ] GC(947) User=0.00s Sys=0.00s Real=0.00s
[170.105s][info][gc,start    ] GC(948) Pause Young (Mixed) (G1 Evacuation Pause)
[170.105s][info][gc,task     ] GC(948) Using 6 workers of 6 for evacuation
[170.107s][info][gc,phases   ] GC(948)   Pre Evacuate Collection Set: 0.2ms
[170.107s][info][gc,phases   ] GC(948)   Merge Heap Roots: 0.1ms
[170.107s][info][gc,phases   ] GC(948)   Evacuate Collection Set: 0.7ms
[170.107s][info][gc,phases   ] GC(948)   Post Evacuate Collection Set: 0.7ms
[170.107s][info][gc,phases   ] GC(948)   Other: 0.3ms
[170.107s][info][gc,heap     ] GC(948) Eden regions: 8->0(124)
[170.107s][info][gc,heap     ] GC(948) Survivor regions: 2->1(2)
[170.107s][info][gc,heap     ] GC(948) Old regions: 49->48
[170.107s][info][gc,heap     ] GC(948) Archive regions: 0->0
[170.107s][info][gc,heap     ] GC(948) Humongous regions: 12->8
[170.107s][info][gc,metaspace] GC(948) Metaspace: 37372K(37696K)->37372K(37696K) NonClass: 33367K(33536K)->33367K(33536K) Class: 4004K(4160K)->4004K(4160K)
[170.107s][info][gc          ] GC(948) Pause Young (Mixed) (G1 Evacuation Pause) 69M->56M(210M) 1.975ms
[170.107s][info][gc,cpu      ] GC(948) User=0.00s Sys=0.00s Real=0.00s
[170.788s][info][gc,start    ] GC(949) Pause Young (Concurrent Start) (G1 Humongous Allocation)
[170.788s][info][gc,task     ] GC(949) Using 6 workers of 6 for evacuation
[170.790s][info][gc,phases   ] GC(949)   Pre Evacuate Collection Set: 0.2ms
[170.790s][info][gc,phases   ] GC(949)   Merge Heap Roots: 0.1ms
[170.790s][info][gc,phases   ] GC(949)   Evacuate Collection Set: 0.8ms
[170.790s][info][gc,phases   ] GC(949)   Post Evacuate Collection Set: 0.7ms
[170.790s][info][gc,phases   ] GC(949)   Other: 0.3ms
[170.790s][info][gc,heap     ] GC(949) Eden regions: 76->0(122)
[170.790s][info][gc,heap     ] GC(949) Survivor regions: 1->2(16)
[170.790s][info][gc,heap     ] GC(949) Old regions: 48->48
[170.790s][info][gc,heap     ] GC(949) Archive regions: 0->0
[170.790s][info][gc,heap     ] GC(949) Humongous regions: 80->4
[170.790s][info][gc,metaspace] GC(949) Metaspace: 37374K(37696K)->37374K(37696K) NonClass: 33370K(33536K)->33370K(33536K) Class: 4004K(4160K)->4004K(4160K)
[170.790s][info][gc          ] GC(949) Pause Young (Concurrent Start) (G1 Humongous Allocation) 203M->53M(210M) 2.106ms
[170.790s][info][gc,cpu      ] GC(949) User=0.00s Sys=0.00s Real=0.00s
[170.790s][info][gc          ] GC(950) Concurrent Undo Cycle
[170.790s][info][gc,marking  ] GC(950) Concurrent Cleanup for Next Mark
[170.790s][info][gc,marking  ] GC(950) Concurrent Cleanup for Next Mark 0.154ms
[170.790s][info][gc          ] GC(950) Concurrent Undo Cycle 0.203ms
[170.793s][info][gc,start    ] GC(951) Pause Young (Concurrent Start) (G1 Humongous Allocation)
[170.793s][info][gc,task     ] GC(951) Using 6 workers of 6 for evacuation
[170.794s][info][gc,phases   ] GC(951)   Pre Evacuate Collection Set: 0.1ms
[170.794s][info][gc,phases   ] GC(951)   Merge Heap Roots: 0.1ms
[170.794s][info][gc,phases   ] GC(951)   Evacuate Collection Set: 0.8ms
[170.794s][info][gc,phases   ] GC(951)   Post Evacuate Collection Set: 0.5ms
[170.794s][info][gc,phases   ] GC(951)   Other: 0.4ms
[170.794s][info][gc,heap     ] GC(951) Eden regions: 1->0(122)
[170.794s][info][gc,heap     ] GC(951) Survivor regions: 2->1(16)
[170.795s][info][gc,heap     ] GC(951) Old regions: 48->48
[170.795s][info][gc,heap     ] GC(951) Archive regions: 0->0
[170.795s][info][gc,heap     ] GC(951) Humongous regions: 8->8
[170.795s][info][gc,metaspace] GC(951) Metaspace: 37374K(37696K)->37374K(37696K) NonClass: 33370K(33536K)->33370K(33536K) Class: 4004K(4160K)->4004K(4160K)
[170.795s][info][gc          ] GC(951) Pause Young (Concurrent Start) (G1 Humongous Allocation) 57M->56M(210M) 1.909ms
[170.795s][info][gc,cpu      ] GC(951) User=0.00s Sys=0.00s Real=0.00s
[170.795s][info][gc          ] GC(952) Concurrent Mark Cycle
[170.795s][info][gc,marking  ] GC(952) Concurrent Clear Claimed Marks
[170.795s][info][gc,marking  ] GC(952) Concurrent Clear Claimed Marks 0.033ms
[170.795s][info][gc,marking  ] GC(952) Concurrent Scan Root Regions
[170.796s][info][gc,marking  ] GC(952) Concurrent Scan Root Regions 0.783ms
[170.796s][info][gc,marking  ] GC(952) Concurrent Mark
[170.796s][info][gc,marking  ] GC(952) Concurrent Mark From Roots
[170.796s][info][gc,task     ] GC(952) Using 2 workers of 2 for marking
[170.807s][info][gc,marking  ] GC(952) Concurrent Mark From Roots 10.815ms
[170.807s][info][gc,marking  ] GC(952) Concurrent Preclean
[170.807s][info][gc,marking  ] GC(952) Concurrent Preclean 0.110ms
[170.807s][info][gc,start    ] GC(952) Pause Remark
[170.810s][info][gc          ] GC(952) Pause Remark 66M->66M(210M) 2.635ms
[170.810s][info][gc,cpu      ] GC(952) User=0.00s Sys=0.00s Real=0.00s
[170.810s][info][gc,marking  ] GC(952) Concurrent Mark 14.358ms
[170.810s][info][gc,marking  ] GC(952) Concurrent Rebuild Remembered Sets
[170.815s][info][gc,marking  ] GC(952) Concurrent Rebuild Remembered Sets 5.156ms
[170.816s][info][gc,start    ] GC(952) Pause Cleanup
[170.816s][info][gc          ] GC(952) Pause Cleanup 67M->67M(210M) 0.159ms
[170.816s][info][gc,cpu      ] GC(952) User=0.00s Sys=0.00s Real=0.00s
[170.816s][info][gc,marking  ] GC(952) Concurrent Cleanup for Next Mark
[170.816s][info][gc,marking  ] GC(952) Concurrent Cleanup for Next Mark 0.164ms
[170.816s][info][gc          ] GC(952) Concurrent Mark Cycle 21.398ms
[171.452s][info][gc,start    ] GC(953) Pause Young (Prepare Mixed) (G1 Preventive Collection)
[171.452s][info][gc,task     ] GC(953) Using 6 workers of 6 for evacuation
[171.454s][info][gc,phases   ] GC(953)   Pre Evacuate Collection Set: 0.2ms
[171.454s][info][gc,phases   ] GC(953)   Merge Heap Roots: 0.1ms
[171.454s][info][gc,phases   ] GC(953)   Evacuate Collection Set: 0.7ms
[171.454s][info][gc,phases   ] GC(953)   Post Evacuate Collection Set: 0.8ms
[171.454s][info][gc,phases   ] GC(953)   Other: 0.3ms
[171.454s][info][gc,heap     ] GC(953) Eden regions: 74->0(8)
[171.454s][info][gc,heap     ] GC(953) Survivor regions: 1->2(16)
[171.454s][info][gc,heap     ] GC(953) Old regions: 48->48
[171.454s][info][gc,heap     ] GC(953) Archive regions: 0->0
[171.454s][info][gc,heap     ] GC(953) Humongous regions: 88->4
[171.454s][info][gc,metaspace] GC(953) Metaspace: 37374K(37696K)->37374K(37696K) NonClass: 33370K(33536K)->33370K(33536K) Class: 4004K(4160K)->4004K(4160K)
[171.454s][info][gc          ] GC(953) Pause Young (Prepare Mixed) (G1 Preventive Collection) 210M->53M(214M) 2.077ms
[171.455s][info][gc,cpu      ] GC(953) User=0.00s Sys=0.00s Real=0.00s
[171.533s][info][gc,start    ] GC(954) Pause Young (Mixed) (G1 Evacuation Pause)
[171.533s][info][gc,task     ] GC(954) Using 6 workers of 6 for evacuation
[171.535s][info][gc,phases   ] GC(954)   Pre Evacuate Collection Set: 0.2ms
[171.535s][info][gc,phases   ] GC(954)   Merge Heap Roots: 0.1ms
[171.535s][info][gc,phases   ] GC(954)   Evacuate Collection Set: 0.6ms
[171.535s][info][gc,phases   ] GC(954)   Post Evacuate Collection Set: 0.5ms
[171.535s][info][gc,phases   ] GC(954)   Other: 0.3ms
[171.535s][info][gc,heap     ] GC(954) Eden regions: 8->0(125)
[171.535s][info][gc,heap     ] GC(954) Survivor regions: 2->1(2)
[171.535s][info][gc,heap     ] GC(954) Old regions: 48->49
[171.535s][info][gc,heap     ] GC(954) Archive regions: 0->0
[171.535s][info][gc,heap     ] GC(954) Humongous regions: 16->8
[171.535s][info][gc,metaspace] GC(954) Metaspace: 37374K(37696K)->37374K(37696K) NonClass: 33370K(33536K)->33370K(33536K) Class: 4004K(4160K)->4004K(4160K)
[171.535s][info][gc          ] GC(954) Pause Young (Mixed) (G1 Evacuation Pause) 73M->56M(214M) 1.645ms
[171.535s][info][gc,cpu      ] GC(954) User=0.00s Sys=0.00s Real=0.00s
[171.631s][info][gc,start    ] GC(955) Pause Young (Concurrent Start) (G1 Humongous Allocation)
[171.631s][info][gc,task     ] GC(955) Using 6 workers of 6 for evacuation
[171.633s][info][gc,phases   ] GC(955)   Pre Evacuate Collection Set: 0.2ms
[171.633s][info][gc,phases   ] GC(955)   Merge Heap Roots: 0.1ms
[171.633s][info][gc,phases   ] GC(955)   Evacuate Collection Set: 0.7ms
[171.633s][info][gc,phases   ] GC(955)   Post Evacuate Collection Set: 0.7ms
[171.633s][info][gc,phases   ] GC(955)   Other: 0.3ms
[171.633s][info][gc,heap     ] GC(955) Eden regions: 10->0(127)
[171.633s][info][gc,heap     ] GC(955) Survivor regions: 1->1(16)
[171.633s][info][gc,heap     ] GC(955) Old regions: 49->49
[171.633s][info][gc,heap     ] GC(955) Archive regions: 0->0
[171.633s][info][gc,heap     ] GC(955) Humongous regions: 8->4
[171.633s][info][gc,metaspace] GC(955) Metaspace: 37374K(37696K)->37374K(37696K) NonClass: 33370K(33536K)->33370K(33536K) Class: 4004K(4160K)->4004K(4160K)
[171.633s][info][gc          ] GC(955) Pause Young (Concurrent Start) (G1 Humongous Allocation) 66M->52M(214M) 1.965ms
[171.633s][info][gc,cpu      ] GC(955) User=0.00s Sys=0.00s Real=0.00s
[171.633s][info][gc          ] GC(956) Concurrent Mark Cycle
[171.633s][info][gc,marking  ] GC(956) Concurrent Clear Claimed Marks
[171.633s][info][gc,marking  ] GC(956) Concurrent Clear Claimed Marks 0.015ms
[171.633s][info][gc,marking  ] GC(956) Concurrent Scan Root Regions
[171.633s][info][gc,marking  ] GC(956) Concurrent Scan Root Regions 0.492ms
[171.634s][info][gc,marking  ] GC(956) Concurrent Mark
[171.634s][info][gc,marking  ] GC(956) Concurrent Mark From Roots
[171.634s][info][gc,task     ] GC(956) Using 2 workers of 2 for marking
[171.645s][info][gc,marking  ] GC(956) Concurrent Mark From Roots 11.147ms
[171.645s][info][gc,marking  ] GC(956) Concurrent Preclean
[171.645s][info][gc,marking  ] GC(956) Concurrent Preclean 0.178ms
[171.645s][info][gc,start    ] GC(956) Pause Remark
[171.650s][info][gc          ] GC(956) Pause Remark 66M->66M(214M) 5.025ms
[171.650s][info][gc,cpu      ] GC(956) User=0.00s Sys=0.02s Real=0.00s
[171.651s][info][gc,marking  ] GC(956) Concurrent Mark 17.074ms
[171.651s][info][gc,marking  ] GC(956) Concurrent Rebuild Remembered Sets
[171.656s][info][gc,marking  ] GC(956) Concurrent Rebuild Remembered Sets 5.024ms
[171.656s][info][gc,start    ] GC(956) Pause Cleanup
[171.656s][info][gc          ] GC(956) Pause Cleanup 67M->67M(214M) 0.156ms
[171.656s][info][gc,cpu      ] GC(956) User=0.00s Sys=0.00s Real=0.00s
[171.656s][info][gc,marking  ] GC(956) Concurrent Cleanup for Next Mark
[171.657s][info][gc,marking  ] GC(956) Concurrent Cleanup for Next Mark 0.184ms
[171.657s][info][gc          ] GC(956) Concurrent Mark Cycle 23.665ms
[172.369s][info][gc,start    ] GC(957) Pause Young (Prepare Mixed) (G1 Preventive Collection)
[172.369s][info][gc,task     ] GC(957) Using 6 workers of 6 for evacuation
[172.371s][info][gc,phases   ] GC(957)   Pre Evacuate Collection Set: 0.2ms
[172.371s][info][gc,phases   ] GC(957)   Merge Heap Roots: 0.1ms
[172.371s][info][gc,phases   ] GC(957)   Evacuate Collection Set: 0.6ms
[172.371s][info][gc,phases   ] GC(957)   Post Evacuate Collection Set: 0.8ms
[172.371s][info][gc,phases   ] GC(957)   Other: 0.3ms
[172.371s][info][gc,heap     ] GC(957) Eden regions: 74->0(9)
[172.371s][info][gc,heap     ] GC(957) Survivor regions: 1->2(16)
[172.371s][info][gc,heap     ] GC(957) Old regions: 49->49
[172.371s][info][gc,heap     ] GC(957) Archive regions: 0->0
[172.371s][info][gc,heap     ] GC(957) Humongous regions: 100->8
[172.371s][info][gc,metaspace] GC(957) Metaspace: 37374K(37696K)->37374K(37696K) NonClass: 33370K(33536K)->33370K(33536K) Class: 4004K(4160K)->4004K(4160K)
[172.371s][info][gc          ] GC(957) Pause Young (Prepare Mixed) (G1 Preventive Collection) 222M->57M(226M) 1.969ms
[172.371s][info][gc,cpu      ] GC(957) User=0.00s Sys=0.00s Real=0.00s
[172.413s][info][gc,start    ] GC(958) Pause Young (Mixed) (G1 Evacuation Pause)
[172.413s][info][gc,task     ] GC(958) Using 6 workers of 6 for evacuation
[172.415s][info][gc,phases   ] GC(958)   Pre Evacuate Collection Set: 0.1ms
[172.415s][info][gc,phases   ] GC(958)   Merge Heap Roots: 0.1ms
[172.415s][info][gc,phases   ] GC(958)   Evacuate Collection Set: 0.8ms
[172.415s][info][gc,phases   ] GC(958)   Post Evacuate Collection Set: 0.7ms
[172.415s][info][gc,phases   ] GC(958)   Other: 0.3ms
[172.415s][info][gc,heap     ] GC(958) Eden regions: 9->0(134)
[172.415s][info][gc,heap     ] GC(958) Survivor regions: 2->1(2)
[172.415s][info][gc,heap     ] GC(958) Old regions: 49->49
[172.415s][info][gc,heap     ] GC(958) Archive regions: 0->0
[172.415s][info][gc,heap     ] GC(958) Humongous regions: 8->4
[172.415s][info][gc,metaspace] GC(958) Metaspace: 37374K(37696K)->37374K(37696K) NonClass: 33370K(33536K)->33370K(33536K) Class: 4004K(4160K)->4004K(4160K)
[172.415s][info][gc          ] GC(958) Pause Young (Mixed) (G1 Evacuation Pause) 66M->53M(226M) 2.012ms
[172.415s][info][gc,cpu      ] GC(958) User=0.00s Sys=0.00s Real=0.00s
[172.466s][info][gc,start    ] GC(959) Pause Young (Concurrent Start) (G1 Humongous Allocation)
[172.466s][info][gc,task     ] GC(959) Using 6 workers of 6 for evacuation
[172.468s][info][gc,phases   ] GC(959)   Pre Evacuate Collection Set: 0.2ms
[172.468s][info][gc,phases   ] GC(959)   Merge Heap Roots: 0.1ms
[172.468s][info][gc,phases   ] GC(959)   Evacuate Collection Set: 0.8ms
[172.468s][info][gc,phases   ] GC(959)   Post Evacuate Collection Set: 0.5ms
[172.468s][info][gc,phases   ] GC(959)   Other: 0.3ms
[172.468s][info][gc,heap     ] GC(959) Eden regions: 5->0(134)
[172.468s][info][gc,heap     ] GC(959) Survivor regions: 1->1(17)
[172.468s][info][gc,heap     ] GC(959) Old regions: 49->49
[172.468s][info][gc,heap     ] GC(959) Archive regions: 0->0
[172.468s][info][gc,heap     ] GC(959) Humongous regions: 4->4
[172.468s][info][gc,metaspace] GC(959) Metaspace: 37374K(37696K)->37374K(37696K) NonClass: 33370K(33536K)->33370K(33536K) Class: 4004K(4160K)->4004K(4160K)
[172.468s][info][gc          ] GC(959) Pause Young (Concurrent Start) (G1 Humongous Allocation) 57M->53M(226M) 1.926ms
[172.468s][info][gc,cpu      ] GC(959) User=0.00s Sys=0.00s Real=0.00s
[172.468s][info][gc          ] GC(960) Concurrent Undo Cycle
[172.469s][info][gc,marking  ] GC(960) Concurrent Cleanup for Next Mark
[172.469s][info][gc,marking  ] GC(960) Concurrent Cleanup for Next Mark 0.243ms
[172.469s][info][gc          ] GC(960) Concurrent Undo Cycle 0.298ms
[172.471s][info][gc,start    ] GC(961) Pause Young (Concurrent Start) (G1 Humongous Allocation)
[172.471s][info][gc,task     ] GC(961) Using 6 workers of 6 for evacuation
[172.472s][info][gc,phases   ] GC(961)   Pre Evacuate Collection Set: 0.2ms
[172.472s][info][gc,phases   ] GC(961)   Merge Heap Roots: 0.1ms
[172.472s][info][gc,phases   ] GC(961)   Evacuate Collection Set: 0.8ms
[172.472s][info][gc,phases   ] GC(961)   Post Evacuate Collection Set: 0.6ms
[172.472s][info][gc,phases   ] GC(961)   Other: 0.3ms
[172.472s][info][gc,heap     ] GC(961) Eden regions: 0->0(134)
[172.472s][info][gc,heap     ] GC(961) Survivor regions: 1->1(17)
[172.472s][info][gc,heap     ] GC(961) Old regions: 49->49
[172.472s][info][gc,heap     ] GC(961) Archive regions: 0->0
[172.472s][info][gc,heap     ] GC(961) Humongous regions: 8->8
[172.472s][info][gc,metaspace] GC(961) Metaspace: 37374K(37696K)->37374K(37696K) NonClass: 33370K(33536K)->33370K(33536K) Class: 4004K(4160K)->4004K(4160K)
[172.472s][info][gc          ] GC(961) Pause Young (Concurrent Start) (G1 Humongous Allocation) 57M->57M(226M) 1.859ms
[172.473s][info][gc,cpu      ] GC(961) User=0.00s Sys=0.00s Real=0.00s
[172.473s][info][gc          ] GC(962) Concurrent Mark Cycle
[172.473s][info][gc,marking  ] GC(962) Concurrent Clear Claimed Marks
[172.473s][info][gc,marking  ] GC(962) Concurrent Clear Claimed Marks 0.020ms
[172.473s][info][gc,marking  ] GC(962) Concurrent Scan Root Regions
[172.473s][info][gc,marking  ] GC(962) Concurrent Scan Root Regions 0.566ms
[172.473s][info][gc,marking  ] GC(962) Concurrent Mark
[172.473s][info][gc,marking  ] GC(962) Concurrent Mark From Roots
[172.473s][info][gc,task     ] GC(962) Using 2 workers of 2 for marking
[172.485s][info][gc,marking  ] GC(962) Concurrent Mark From Roots 11.227ms
[172.485s][info][gc,marking  ] GC(962) Concurrent Preclean
[172.485s][info][gc,marking  ] GC(962) Concurrent Preclean 0.120ms
[172.485s][info][gc,start    ] GC(962) Pause Remark
[172.490s][info][gc          ] GC(962) Pause Remark 67M->67M(226M) 5.151ms
[172.490s][info][gc,cpu      ] GC(962) User=0.00s Sys=0.00s Real=0.00s
[172.490s][info][gc,marking  ] GC(962) Concurrent Mark 17.164ms
[172.490s][info][gc,marking  ] GC(962) Concurrent Rebuild Remembered Sets
[172.495s][info][gc,marking  ] GC(962) Concurrent Rebuild Remembered Sets 4.904ms
[172.496s][info][gc,start    ] GC(962) Pause Cleanup
[172.496s][info][gc          ] GC(962) Pause Cleanup 68M->68M(226M) 0.137ms
[172.496s][info][gc,cpu      ] GC(962) User=0.00s Sys=0.00s Real=0.00s
[172.496s][info][gc,marking  ] GC(962) Concurrent Cleanup for Next Mark
[172.496s][info][gc,marking  ] GC(962) Concurrent Cleanup for Next Mark 0.221ms
[172.496s][info][gc          ] GC(962) Concurrent Mark Cycle 23.832ms
[173.203s][info][gc,start    ] GC(963) Pause Young (Prepare Mixed) (G1 Preventive Collection)
[173.204s][info][gc,task     ] GC(963) Using 6 workers of 6 for evacuation
[173.205s][info][gc,phases   ] GC(963)   Pre Evacuate Collection Set: 0.2ms
[173.205s][info][gc,phases   ] GC(963)   Merge Heap Roots: 0.1ms
[173.205s][info][gc,phases   ] GC(963)   Evacuate Collection Set: 0.6ms
[173.205s][info][gc,phases   ] GC(963)   Post Evacuate Collection Set: 0.6ms
[173.205s][info][gc,phases   ] GC(963)   Other: 0.4ms
[173.205s][info][gc,heap     ] GC(963) Eden regions: 79->0(9)
[173.205s][info][gc,heap     ] GC(963) Survivor regions: 1->2(17)
[173.205s][info][gc,heap     ] GC(963) Old regions: 49->49
[173.205s][info][gc,heap     ] GC(963) Archive regions: 0->0
[173.205s][info][gc,heap     ] GC(963) Humongous regions: 92->8
[173.205s][info][gc,metaspace] GC(963) Metaspace: 37374K(37696K)->37374K(37696K) NonClass: 33370K(33536K)->33370K(33536K) Class: 4004K(4160K)->4004K(4160K)
[173.205s][info][gc          ] GC(963) Pause Young (Prepare Mixed) (G1 Preventive Collection) 219M->57M(226M) 1.868ms
[173.205s][info][gc,cpu      ] GC(963) User=0.00s Sys=0.00s Real=0.00s
[173.274s][info][gc,start    ] GC(964) Pause Young (Mixed) (G1 Evacuation Pause)
[173.274s][info][gc,task     ] GC(964) Using 6 workers of 6 for evacuation
[173.276s][info][gc,phases   ] GC(964)   Pre Evacuate Collection Set: 0.2ms
[173.276s][info][gc,phases   ] GC(964)   Merge Heap Roots: 0.2ms
[173.276s][info][gc,phases   ] GC(964)   Evacuate Collection Set: 0.8ms
[173.276s][info][gc,phases   ] GC(964)   Post Evacuate Collection Set: 0.7ms
[173.276s][info][gc,phases   ] GC(964)   Other: 0.3ms
[173.276s][info][gc,heap     ] GC(964) Eden regions: 9->0(134)
[173.276s][info][gc,heap     ] GC(964) Survivor regions: 2->1(2)
[173.276s][info][gc,heap     ] GC(964) Old regions: 49->49
[173.276s][info][gc,heap     ] GC(964) Archive regions: 0->0
[173.276s][info][gc,heap     ] GC(964) Humongous regions: 16->4
[173.276s][info][gc,metaspace] GC(964) Metaspace: 37374K(37696K)->37374K(37696K) NonClass: 33370K(33536K)->33370K(33536K) Class: 4004K(4160K)->4004K(4160K)
[173.276s][info][gc          ] GC(964) Pause Young (Mixed) (G1 Evacuation Pause) 74M->53M(226M) 2.144ms
[173.276s][info][gc,cpu      ] GC(964) User=0.00s Sys=0.00s Real=0.00s
[173.304s][info][gc,start    ] GC(965) Pause Young (Concurrent Start) (G1 Humongous Allocation)
[173.304s][info][gc,task     ] GC(965) Using 6 workers of 6 for evacuation
[173.305s][info][gc,phases   ] GC(965)   Pre Evacuate Collection Set: 0.2ms
[173.305s][info][gc,phases   ] GC(965)   Merge Heap Roots: 0.1ms
[173.305s][info][gc,phases   ] GC(965)   Evacuate Collection Set: 0.8ms
[173.305s][info][gc,phases   ] GC(965)   Post Evacuate Collection Set: 0.5ms
[173.305s][info][gc,phases   ] GC(965)   Other: 0.3ms
[173.305s][info][gc,heap     ] GC(965) Eden regions: 5->0(134)
[173.305s][info][gc,heap     ] GC(965) Survivor regions: 1->1(17)
[173.305s][info][gc,heap     ] GC(965) Old regions: 49->49
[173.305s][info][gc,heap     ] GC(965) Archive regions: 0->0
[173.305s][info][gc,heap     ] GC(965) Humongous regions: 4->4
[173.305s][info][gc,metaspace] GC(965) Metaspace: 37374K(37696K)->37374K(37696K) NonClass: 33370K(33536K)->33370K(33536K) Class: 4004K(4160K)->4004K(4160K)
[173.305s][info][gc          ] GC(965) Pause Young (Concurrent Start) (G1 Humongous Allocation) 58M->53M(226M) 1.913ms
[173.306s][info][gc,cpu      ] GC(965) User=0.00s Sys=0.00s Real=0.00s
[173.306s][info][gc          ] GC(966) Concurrent Mark Cycle
[173.306s][info][gc,marking  ] GC(966) Concurrent Clear Claimed Marks
[173.306s][info][gc,marking  ] GC(966) Concurrent Clear Claimed Marks 0.021ms
[173.306s][info][gc,marking  ] GC(966) Concurrent Scan Root Regions
[173.306s][info][gc,marking  ] GC(966) Concurrent Scan Root Regions 0.488ms
[173.306s][info][gc,marking  ] GC(966) Concurrent Mark
[173.306s][info][gc,marking  ] GC(966) Concurrent Mark From Roots
[173.306s][info][gc,task     ] GC(966) Using 2 workers of 2 for marking
[173.317s][info][gc,marking  ] GC(966) Concurrent Mark From Roots 10.959ms
[173.317s][info][gc,marking  ] GC(966) Concurrent Preclean
[173.317s][info][gc,marking  ] GC(966) Concurrent Preclean 0.197ms
[173.318s][info][gc,start    ] GC(966) Pause Remark
[173.322s][info][gc          ] GC(966) Pause Remark 67M->67M(226M) 4.651ms
[173.323s][info][gc,cpu      ] GC(966) User=0.00s Sys=0.00s Real=0.00s
[173.323s][info][gc,marking  ] GC(966) Concurrent Mark 16.530ms
[173.323s][info][gc,marking  ] GC(966) Concurrent Rebuild Remembered Sets
[173.328s][info][gc,marking  ] GC(966) Concurrent Rebuild Remembered Sets 5.688ms
[173.329s][info][gc,start    ] GC(966) Pause Cleanup
[173.329s][info][gc          ] GC(966) Pause Cleanup 68M->68M(226M) 0.158ms
[173.329s][info][gc,cpu      ] GC(966) User=0.00s Sys=0.00s Real=0.00s
[173.329s][info][gc,marking  ] GC(966) Concurrent Cleanup for Next Mark
[173.329s][info][gc,marking  ] GC(966) Concurrent Cleanup for Next Mark 0.119ms
[173.329s][info][gc          ] GC(966) Concurrent Mark Cycle 23.725ms
[174.087s][info][gc,start    ] GC(967) Pause Young (Prepare Mixed) (GCLocker Initiated GC)
[174.088s][info][gc,task     ] GC(967) Using 6 workers of 6 for evacuation
[174.090s][info][gc,phases   ] GC(967)   Pre Evacuate Collection Set: 0.2ms
[174.090s][info][gc,phases   ] GC(967)   Merge Heap Roots: 0.1ms
[174.090s][info][gc,phases   ] GC(967)   Evacuate Collection Set: 0.9ms
[174.090s][info][gc,phases   ] GC(967)   Post Evacuate Collection Set: 0.9ms
[174.090s][info][gc,phases   ] GC(967)   Other: 0.3ms
[174.090s][info][gc,heap     ] GC(967) Eden regions: 74->0(9)
[174.090s][info][gc,heap     ] GC(967) Survivor regions: 1->2(17)
[174.090s][info][gc,heap     ] GC(967) Old regions: 49->49
[174.090s][info][gc,heap     ] GC(967) Archive regions: 0->0
[174.090s][info][gc,heap     ] GC(967) Humongous regions: 100->8
[174.090s][info][gc,metaspace] GC(967) Metaspace: 37376K(37696K)->37376K(37696K) NonClass: 33371K(33536K)->33371K(33536K) Class: 4004K(4160K)->4004K(4160K)
[174.090s][info][gc          ] GC(967) Pause Young (Prepare Mixed) (GCLocker Initiated GC) 222M->58M(226M) 2.438ms
[174.090s][info][gc,cpu      ] GC(967) User=0.00s Sys=0.00s Real=0.00s
[174.187s][info][gc,start    ] GC(968) Pause Young (Mixed) (G1 Evacuation Pause)
[174.187s][info][gc,task     ] GC(968) Using 6 workers of 6 for evacuation
[174.189s][info][gc,phases   ] GC(968)   Pre Evacuate Collection Set: 0.2ms
[174.189s][info][gc,phases   ] GC(968)   Merge Heap Roots: 0.1ms
[174.189s][info][gc,phases   ] GC(968)   Evacuate Collection Set: 0.7ms
[174.189s][info][gc,phases   ] GC(968)   Post Evacuate Collection Set: 0.5ms
[174.189s][info][gc,phases   ] GC(968)   Other: 0.3ms
[174.189s][info][gc,heap     ] GC(968) Eden regions: 9->0(134)
[174.189s][info][gc,heap     ] GC(968) Survivor regions: 2->1(2)
[174.189s][info][gc,heap     ] GC(968) Old regions: 49->50
[174.189s][info][gc,heap     ] GC(968) Archive regions: 0->0
[174.189s][info][gc,heap     ] GC(968) Humongous regions: 20->8
[174.189s][info][gc,metaspace] GC(968) Metaspace: 37376K(37696K)->37376K(37696K) NonClass: 33371K(33536K)->33371K(33536K) Class: 4004K(4160K)->4004K(4160K)
[174.189s][info][gc          ] GC(968) Pause Young (Mixed) (G1 Evacuation Pause) 79M->57M(226M) 1.778ms
[174.189s][info][gc,cpu      ] GC(968) User=0.00s Sys=0.00s Real=0.00s
[174.282s][info][gc,start    ] GC(969) Pause Young (Concurrent Start) (G1 Humongous Allocation)
[174.282s][info][gc,task     ] GC(969) Using 6 workers of 6 for evacuation
[174.283s][info][gc,phases   ] GC(969)   Pre Evacuate Collection Set: 0.2ms
[174.284s][info][gc,phases   ] GC(969)   Merge Heap Roots: 0.1ms
[174.284s][info][gc,phases   ] GC(969)   Evacuate Collection Set: 0.8ms
[174.284s][info][gc,phases   ] GC(969)   Post Evacuate Collection Set: 0.6ms
[174.284s][info][gc,phases   ] GC(969)   Other: 0.3ms
[174.284s][info][gc,heap     ] GC(969) Eden regions: 13->0(134)
[174.284s][info][gc,heap     ] GC(969) Survivor regions: 1->1(17)
[174.284s][info][gc,heap     ] GC(969) Old regions: 50->50
[174.284s][info][gc,heap     ] GC(969) Archive regions: 0->0
[174.284s][info][gc,heap     ] GC(969) Humongous regions: 8->4
[174.284s][info][gc,metaspace] GC(969) Metaspace: 37376K(37696K)->37376K(37696K) NonClass: 33371K(33536K)->33371K(33536K) Class: 4004K(4160K)->4004K(4160K)
[174.284s][info][gc          ] GC(969) Pause Young (Concurrent Start) (G1 Humongous Allocation) 69M->53M(226M) 1.999ms
[174.284s][info][gc,cpu      ] GC(969) User=0.00s Sys=0.00s Real=0.00s
[174.284s][info][gc          ] GC(970) Concurrent Mark Cycle
[174.284s][info][gc,marking  ] GC(970) Concurrent Clear Claimed Marks
[174.284s][info][gc,marking  ] GC(970) Concurrent Clear Claimed Marks 0.023ms
[174.284s][info][gc,marking  ] GC(970) Concurrent Scan Root Regions
[174.285s][info][gc,marking  ] GC(970) Concurrent Scan Root Regions 0.685ms
[174.285s][info][gc,marking  ] GC(970) Concurrent Mark
[174.285s][info][gc,marking  ] GC(970) Concurrent Mark From Roots
[174.285s][info][gc,task     ] GC(970) Using 2 workers of 2 for marking
[174.296s][info][gc,marking  ] GC(970) Concurrent Mark From Roots 11.104ms
[174.296s][info][gc,marking  ] GC(970) Concurrent Preclean
[174.296s][info][gc,marking  ] GC(970) Concurrent Preclean 0.179ms
[174.296s][info][gc,start    ] GC(970) Pause Remark
[174.299s][info][gc          ] GC(970) Pause Remark 67M->67M(226M) 3.278ms
[174.300s][info][gc,cpu      ] GC(970) User=0.00s Sys=0.00s Real=0.00s
[174.300s][info][gc,marking  ] GC(970) Concurrent Mark 15.246ms
[174.300s][info][gc,marking  ] GC(970) Concurrent Rebuild Remembered Sets
[174.305s][info][gc,marking  ] GC(970) Concurrent Rebuild Remembered Sets 5.146ms
[174.305s][info][gc,start    ] GC(970) Pause Cleanup
[174.305s][info][gc          ] GC(970) Pause Cleanup 68M->68M(226M) 0.094ms
[174.306s][info][gc,cpu      ] GC(970) User=0.00s Sys=0.00s Real=0.00s
[174.307s][info][gc,marking  ] GC(970) Concurrent Cleanup for Next Mark
[174.308s][info][gc,marking  ] GC(970) Concurrent Cleanup for Next Mark 0.821ms
[174.308s][info][gc          ] GC(970) Concurrent Mark Cycle 24.577ms
[175.012s][info][gc,start    ] GC(971) Pause Young (Prepare Mixed) (G1 Preventive Collection)
[175.012s][info][gc,task     ] GC(971) Using 6 workers of 6 for evacuation
[175.014s][info][gc,phases   ] GC(971)   Pre Evacuate Collection Set: 0.2ms
[175.014s][info][gc,phases   ] GC(971)   Merge Heap Roots: 0.1ms
[175.014s][info][gc,phases   ] GC(971)   Evacuate Collection Set: 0.6ms
[175.014s][info][gc,phases   ] GC(971)   Post Evacuate Collection Set: 0.7ms
[175.014s][info][gc,phases   ] GC(971)   Other: 0.3ms
[175.014s][info][gc,heap     ] GC(971) Eden regions: 81->0(9)
[175.014s][info][gc,heap     ] GC(971) Survivor regions: 1->2(17)
[175.014s][info][gc,heap     ] GC(971) Old regions: 50->50
[175.014s][info][gc,heap     ] GC(971) Archive regions: 0->0
[175.014s][info][gc,heap     ] GC(971) Humongous regions: 100->8
[175.014s][info][gc,metaspace] GC(971) Metaspace: 37376K(37696K)->37376K(37696K) NonClass: 33372K(33536K)->33372K(33536K) Class: 4004K(4160K)->4004K(4160K)
[175.014s][info][gc          ] GC(971) Pause Young (Prepare Mixed) (G1 Preventive Collection) 230M->58M(234M) 1.929ms
[175.015s][info][gc,cpu      ] GC(971) User=0.00s Sys=0.00s Real=0.00s
[175.072s][info][gc,start    ] GC(972) Pause Young (Mixed) (G1 Evacuation Pause)
[175.072s][info][gc,task     ] GC(972) Using 6 workers of 6 for evacuation
[175.073s][info][gc,phases   ] GC(972)   Pre Evacuate Collection Set: 0.2ms
[175.073s][info][gc,phases   ] GC(972)   Merge Heap Roots: 0.1ms
[175.073s][info][gc,phases   ] GC(972)   Evacuate Collection Set: 0.6ms
[175.073s][info][gc,phases   ] GC(972)   Post Evacuate Collection Set: 0.6ms
[175.073s][info][gc,phases   ] GC(972)   Other: 0.3ms
[175.073s][info][gc,heap     ] GC(972) Eden regions: 9->0(138)
[175.073s][info][gc,heap     ] GC(972) Survivor regions: 2->2(2)
[175.073s][info][gc,heap     ] GC(972) Old regions: 50->49
[175.074s][info][gc,heap     ] GC(972) Archive regions: 0->0
[175.074s][info][gc,heap     ] GC(972) Humongous regions: 8->4
[175.074s][info][gc,metaspace] GC(972) Metaspace: 37376K(37696K)->37376K(37696K) NonClass: 33372K(33536K)->33372K(33536K) Class: 4004K(4160K)->4004K(4160K)
[175.074s][info][gc          ] GC(972) Pause Young (Mixed) (G1 Evacuation Pause) 67M->54M(234M) 1.769ms
[175.074s][info][gc,cpu      ] GC(972) User=0.00s Sys=0.00s Real=0.00s
[175.102s][info][gc,start    ] GC(973) Pause Young (Concurrent Start) (G1 Humongous Allocation)
[175.102s][info][gc,task     ] GC(973) Using 6 workers of 6 for evacuation
[175.104s][info][gc,phases   ] GC(973)   Pre Evacuate Collection Set: 0.2ms
[175.104s][info][gc,phases   ] GC(973)   Merge Heap Roots: 0.1ms
[175.104s][info][gc,phases   ] GC(973)   Evacuate Collection Set: 0.8ms
[175.104s][info][gc,phases   ] GC(973)   Post Evacuate Collection Set: 0.5ms
[175.104s][info][gc,phases   ] GC(973)   Other: 0.3ms
[175.104s][info][gc,heap     ] GC(973) Eden regions: 3->0(139)
[175.104s][info][gc,heap     ] GC(973) Survivor regions: 2->1(18)
[175.104s][info][gc,heap     ] GC(973) Old regions: 49->49
[175.104s][info][gc,heap     ] GC(973) Archive regions: 0->0
[175.104s][info][gc,heap     ] GC(973) Humongous regions: 4->4
[175.104s][info][gc,metaspace] GC(973) Metaspace: 37376K(37696K)->37376K(37696K) NonClass: 33372K(33536K)->33372K(33536K) Class: 4004K(4160K)->4004K(4160K)
[175.104s][info][gc          ] GC(973) Pause Young (Concurrent Start) (G1 Humongous Allocation) 57M->53M(234M) 1.858ms
[175.104s][info][gc,cpu      ] GC(973) User=0.00s Sys=0.00s Real=0.00s
[175.104s][info][gc          ] GC(974) Concurrent Mark Cycle
[175.104s][info][gc,marking  ] GC(974) Concurrent Clear Claimed Marks
[175.104s][info][gc,marking  ] GC(974) Concurrent Clear Claimed Marks 0.018ms
[175.104s][info][gc,marking  ] GC(974) Concurrent Scan Root Regions
[175.105s][info][gc,marking  ] GC(974) Concurrent Scan Root Regions 0.648ms
[175.105s][info][gc,marking  ] GC(974) Concurrent Mark
[175.105s][info][gc,marking  ] GC(974) Concurrent Mark From Roots
[175.105s][info][gc,task     ] GC(974) Using 2 workers of 2 for marking
[175.117s][info][gc,marking  ] GC(974) Concurrent Mark From Roots 12.102ms
[175.117s][info][gc,marking  ] GC(974) Concurrent Preclean
[175.117s][info][gc,marking  ] GC(974) Concurrent Preclean 0.197ms
[175.117s][info][gc,start    ] GC(974) Pause Remark
[175.122s][info][gc          ] GC(974) Pause Remark 67M->67M(230M) 4.327ms
[175.122s][info][gc,cpu      ] GC(974) User=0.00s Sys=0.00s Real=0.00s
[175.122s][info][gc,marking  ] GC(974) Concurrent Mark 17.501ms
[175.122s][info][gc,marking  ] GC(974) Concurrent Rebuild Remembered Sets
[175.127s][info][gc,marking  ] GC(974) Concurrent Rebuild Remembered Sets 4.962ms
[175.127s][info][gc,start    ] GC(974) Pause Cleanup
[175.128s][info][gc          ] GC(974) Pause Cleanup 68M->68M(230M) 0.115ms
[175.128s][info][gc,cpu      ] GC(974) User=0.00s Sys=0.00s Real=0.00s
[175.128s][info][gc,marking  ] GC(974) Concurrent Cleanup for Next Mark
[175.128s][info][gc,marking  ] GC(974) Concurrent Cleanup for Next Mark 0.190ms
[175.128s][info][gc          ] GC(974) Concurrent Mark Cycle 24.175ms
[175.816s][info][gc,start    ] GC(975) Pause Young (Prepare Mixed) (G1 Preventive Collection)
[175.816s][info][gc,task     ] GC(975) Using 6 workers of 6 for evacuation
[175.818s][info][gc,phases   ] GC(975)   Pre Evacuate Collection Set: 0.2ms
[175.818s][info][gc,phases   ] GC(975)   Merge Heap Roots: 0.1ms
[175.818s][info][gc,phases   ] GC(975)   Evacuate Collection Set: 0.7ms
[175.818s][info][gc,phases   ] GC(975)   Post Evacuate Collection Set: 0.8ms
[175.818s][info][gc,phases   ] GC(975)   Other: 0.3ms
[175.818s][info][gc,heap     ] GC(975) Eden regions: 80->0(9)
[175.818s][info][gc,heap     ] GC(975) Survivor regions: 1->2(18)
[175.818s][info][gc,heap     ] GC(975) Old regions: 49->49
[175.818s][info][gc,heap     ] GC(975) Archive regions: 0->0
[175.818s][info][gc,heap     ] GC(975) Humongous regions: 96->8
[175.818s][info][gc,metaspace] GC(975) Metaspace: 37377K(37696K)->37377K(37696K) NonClass: 33373K(33536K)->33373K(33536K) Class: 4004K(4160K)->4004K(4160K)
[175.818s][info][gc          ] GC(975) Pause Young (Prepare Mixed) (G1 Preventive Collection) 225M->58M(230M) 2.015ms
[175.819s][info][gc,cpu      ] GC(975) User=0.09s Sys=0.00s Real=0.00s
[175.845s][info][gc,start    ] GC(976) Pause Young (Mixed) (G1 Evacuation Pause)
[175.845s][info][gc,task     ] GC(976) Using 6 workers of 6 for evacuation
[175.847s][info][gc,phases   ] GC(976)   Pre Evacuate Collection Set: 0.2ms
[175.847s][info][gc,phases   ] GC(976)   Merge Heap Roots: 0.1ms
[175.847s][info][gc,phases   ] GC(976)   Evacuate Collection Set: 0.7ms
[175.847s][info][gc,phases   ] GC(976)   Post Evacuate Collection Set: 0.6ms
[175.847s][info][gc,phases   ] GC(976)   Other: 0.3ms
[175.847s][info][gc,heap     ] GC(976) Eden regions: 9->0(137)
[175.847s][info][gc,heap     ] GC(976) Survivor regions: 2->1(2)
[175.847s][info][gc,heap     ] GC(976) Old regions: 49->50
[175.847s][info][gc,heap     ] GC(976) Archive regions: 0->0
[175.847s][info][gc,heap     ] GC(976) Humongous regions: 12->8
[175.847s][info][gc,metaspace] GC(976) Metaspace: 37377K(37696K)->37377K(37696K) NonClass: 33373K(33536K)->33373K(33536K) Class: 4004K(4160K)->4004K(4160K)
[175.847s][info][gc          ] GC(976) Pause Young (Mixed) (G1 Evacuation Pause) 71M->57M(230M) 1.888ms
[175.847s][info][gc,cpu      ] GC(976) User=0.00s Sys=0.00s Real=0.00s
[175.921s][info][gc,start    ] GC(977) Pause Young (Concurrent Start) (G1 Humongous Allocation)
[175.921s][info][gc,task     ] GC(977) Using 6 workers of 6 for evacuation
[175.923s][info][gc,phases   ] GC(977)   Pre Evacuate Collection Set: 0.2ms
[175.923s][info][gc,phases   ] GC(977)   Merge Heap Roots: 0.1ms
[175.923s][info][gc,phases   ] GC(977)   Evacuate Collection Set: 0.7ms
[175.923s][info][gc,phases   ] GC(977)   Post Evacuate Collection Set: 0.7ms
[175.923s][info][gc,phases   ] GC(977)   Other: 0.3ms
[175.923s][info][gc,heap     ] GC(977) Eden regions: 5->0(132)
[175.923s][info][gc,heap     ] GC(977) Survivor regions: 1->1(18)
[175.923s][info][gc,heap     ] GC(977) Old regions: 50->50
[175.923s][info][gc,heap     ] GC(977) Archive regions: 0->0
[175.923s][info][gc,heap     ] GC(977) Humongous regions: 8->4
[175.923s][info][gc,metaspace] GC(977) Metaspace: 37377K(37696K)->37377K(37696K) NonClass: 33373K(33536K)->33373K(33536K) Class: 4004K(4160K)->4004K(4160K)
[175.923s][info][gc          ] GC(977) Pause Young (Concurrent Start) (G1 Humongous Allocation) 62M->53M(230M) 1.963ms
[175.923s][info][gc,cpu      ] GC(977) User=0.00s Sys=0.00s Real=0.00s
[175.923s][info][gc          ] GC(978) Concurrent Mark Cycle
[175.923s][info][gc,marking  ] GC(978) Concurrent Clear Claimed Marks
[175.923s][info][gc,marking  ] GC(978) Concurrent Clear Claimed Marks 0.014ms
[175.923s][info][gc,marking  ] GC(978) Concurrent Scan Root Regions
[175.923s][info][gc,marking  ] GC(978) Concurrent Scan Root Regions 0.542ms
[175.924s][info][gc,marking  ] GC(978) Concurrent Mark
[175.924s][info][gc,marking  ] GC(978) Concurrent Mark From Roots
[175.924s][info][gc,task     ] GC(978) Using 2 workers of 2 for marking
[175.934s][info][gc,marking  ] GC(978) Concurrent Mark From Roots 10.286ms
[175.934s][info][gc,marking  ] GC(978) Concurrent Preclean
[175.934s][info][gc,marking  ] GC(978) Concurrent Preclean 0.123ms
[175.934s][info][gc,start    ] GC(978) Pause Remark
[175.937s][info][gc          ] GC(978) Pause Remark 67M->67M(230M) 2.232ms
[175.937s][info][gc,cpu      ] GC(978) User=0.00s Sys=0.00s Real=0.00s
[175.937s][info][gc,marking  ] GC(978) Concurrent Mark 13.332ms
[175.937s][info][gc,marking  ] GC(978) Concurrent Rebuild Remembered Sets
[175.942s][info][gc,marking  ] GC(978) Concurrent Rebuild Remembered Sets 4.974ms
[175.942s][info][gc,start    ] GC(978) Pause Cleanup
[175.942s][info][gc          ] GC(978) Pause Cleanup 68M->68M(230M) 0.157ms
[175.943s][info][gc,cpu      ] GC(978) User=0.02s Sys=0.02s Real=0.00s
[175.943s][info][gc,marking  ] GC(978) Concurrent Cleanup for Next Mark
[175.943s][info][gc,marking  ] GC(978) Concurrent Cleanup for Next Mark 0.196ms
[175.943s][info][gc          ] GC(978) Concurrent Mark Cycle 19.970ms
[176.665s][info][gc,start    ] GC(979) Pause Young (Prepare Mixed) (G1 Preventive Collection)
[176.665s][info][gc,task     ] GC(979) Using 6 workers of 6 for evacuation
[176.667s][info][gc,phases   ] GC(979)   Pre Evacuate Collection Set: 0.2ms
[176.667s][info][gc,phases   ] GC(979)   Merge Heap Roots: 0.1ms
[176.667s][info][gc,phases   ] GC(979)   Evacuate Collection Set: 0.6ms
[176.667s][info][gc,phases   ] GC(979)   Post Evacuate Collection Set: 0.8ms
[176.667s][info][gc,phases   ] GC(979)   Other: 0.3ms
[176.667s][info][gc,heap     ] GC(979) Eden regions: 84->0(9)
[176.667s][info][gc,heap     ] GC(979) Survivor regions: 1->2(17)
[176.667s][info][gc,heap     ] GC(979) Old regions: 50->50
[176.667s][info][gc,heap     ] GC(979) Archive regions: 0->0
[176.667s][info][gc,heap     ] GC(979) Humongous regions: 88->4
[176.667s][info][gc,metaspace] GC(979) Metaspace: 37377K(37696K)->37377K(37696K) NonClass: 33373K(33536K)->33373K(33536K) Class: 4004K(4160K)->4004K(4160K)
[176.667s][info][gc          ] GC(979) Pause Young (Prepare Mixed) (G1 Preventive Collection) 221M->54M(230M) 1.988ms
[176.667s][info][gc,cpu      ] GC(979) User=0.00s Sys=0.00s Real=0.00s
[176.781s][info][gc,start    ] GC(980) Pause Young (Mixed) (G1 Evacuation Pause)
[176.781s][info][gc,task     ] GC(980) Using 6 workers of 6 for evacuation
[176.783s][info][gc,phases   ] GC(980)   Pre Evacuate Collection Set: 0.2ms
[176.783s][info][gc,phases   ] GC(980)   Merge Heap Roots: 0.1ms
[176.783s][info][gc,phases   ] GC(980)   Evacuate Collection Set: 0.7ms
[176.783s][info][gc,phases   ] GC(980)   Post Evacuate Collection Set: 0.8ms
[176.783s][info][gc,phases   ] GC(980)   Other: 0.4ms
[176.783s][info][gc,heap     ] GC(980) Eden regions: 9->0(132)
[176.783s][info][gc,heap     ] GC(980) Survivor regions: 2->1(2)
[176.783s][info][gc,heap     ] GC(980) Old regions: 50->50
[176.783s][info][gc,heap     ] GC(980) Archive regions: 0->0
[176.783s][info][gc,heap     ] GC(980) Humongous regions: 28->8
[176.783s][info][gc,metaspace] GC(980) Metaspace: 37377K(37696K)->37377K(37696K) NonClass: 33373K(33536K)->33373K(33536K) Class: 4004K(4160K)->4004K(4160K)
[176.783s][info][gc          ] GC(980) Pause Young (Mixed) (G1 Evacuation Pause) 87M->57M(230M) 2.242ms
[176.783s][info][gc,cpu      ] GC(980) User=0.00s Sys=0.00s Real=0.00s
[176.888s][info][gc,start    ] GC(981) Pause Young (Concurrent Start) (G1 Humongous Allocation)
[176.888s][info][gc,task     ] GC(981) Using 6 workers of 6 for evacuation
[176.890s][info][gc,phases   ] GC(981)   Pre Evacuate Collection Set: 0.2ms
[176.890s][info][gc,phases   ] GC(981)   Merge Heap Roots: 0.1ms
[176.890s][info][gc,phases   ] GC(981)   Evacuate Collection Set: 0.8ms
[176.890s][info][gc,phases   ] GC(981)   Post Evacuate Collection Set: 0.9ms
[176.890s][info][gc,phases   ] GC(981)   Other: 0.4ms
[176.890s][info][gc,heap     ] GC(981) Eden regions: 14->0(137)
[176.890s][info][gc,heap     ] GC(981) Survivor regions: 1->1(17)
[176.890s][info][gc,heap     ] GC(981) Old regions: 50->50
[176.890s][info][gc,heap     ] GC(981) Archive regions: 0->0
[176.890s][info][gc,heap     ] GC(981) Humongous regions: 8->4
[176.890s][info][gc,metaspace] GC(981) Metaspace: 37377K(37696K)->37377K(37696K) NonClass: 33373K(33536K)->33373K(33536K) Class: 4004K(4160K)->4004K(4160K)
[176.890s][info][gc          ] GC(981) Pause Young (Concurrent Start) (G1 Humongous Allocation) 70M->53M(230M) 2.398ms
[176.890s][info][gc,cpu      ] GC(981) User=0.00s Sys=0.00s Real=0.00s
[176.890s][info][gc          ] GC(982) Concurrent Mark Cycle
[176.890s][info][gc,marking  ] GC(982) Concurrent Clear Claimed Marks
[176.890s][info][gc,marking  ] GC(982) Concurrent Clear Claimed Marks 0.024ms
[176.890s][info][gc,marking  ] GC(982) Concurrent Scan Root Regions
[176.892s][info][gc,marking  ] GC(982) Concurrent Scan Root Regions 1.607ms
[176.892s][info][gc,marking  ] GC(982) Concurrent Mark
[176.892s][info][gc,marking  ] GC(982) Concurrent Mark From Roots
[176.892s][info][gc,task     ] GC(982) Using 2 workers of 2 for marking
[176.902s][info][gc,marking  ] GC(982) Concurrent Mark From Roots 10.141ms
[176.902s][info][gc,marking  ] GC(982) Concurrent Preclean
[176.902s][info][gc,marking  ] GC(982) Concurrent Preclean 0.121ms
[176.903s][info][gc,start    ] GC(982) Pause Remark
[176.907s][info][gc          ] GC(982) Pause Remark 67M->67M(230M) 4.097ms
[176.907s][info][gc,cpu      ] GC(982) User=0.00s Sys=0.00s Real=0.00s
[176.907s][info][gc,marking  ] GC(982) Concurrent Mark 15.091ms
[176.907s][info][gc,marking  ] GC(982) Concurrent Rebuild Remembered Sets
[176.913s][info][gc,marking  ] GC(982) Concurrent Rebuild Remembered Sets 5.240ms
[176.913s][info][gc,start    ] GC(982) Pause Cleanup
[176.913s][info][gc          ] GC(982) Pause Cleanup 68M->68M(230M) 0.186ms
[176.913s][info][gc,cpu      ] GC(982) User=0.00s Sys=0.00s Real=0.00s
[176.913s][info][gc,marking  ] GC(982) Concurrent Cleanup for Next Mark
[176.914s][info][gc,marking  ] GC(982) Concurrent Cleanup for Next Mark 0.188ms
[176.914s][info][gc          ] GC(982) Concurrent Mark Cycle 23.242ms
[177.659s][info][gc,start    ] GC(983) Pause Young (Prepare Mixed) (G1 Preventive Collection)
[177.659s][info][gc,task     ] GC(983) Using 6 workers of 6 for evacuation
[177.661s][info][gc,phases   ] GC(983)   Pre Evacuate Collection Set: 0.2ms
[177.661s][info][gc,phases   ] GC(983)   Merge Heap Roots: 0.1ms
[177.661s][info][gc,phases   ] GC(983)   Evacuate Collection Set: 0.7ms
[177.661s][info][gc,phases   ] GC(983)   Post Evacuate Collection Set: 0.7ms
[177.661s][info][gc,phases   ] GC(983)   Other: 0.3ms
[177.661s][info][gc,heap     ] GC(983) Eden regions: 84->0(9)
[177.661s][info][gc,heap     ] GC(983) Survivor regions: 1->2(18)
[177.661s][info][gc,heap     ] GC(983) Old regions: 50->50
[177.661s][info][gc,heap     ] GC(983) Archive regions: 0->0
[177.661s][info][gc,heap     ] GC(983) Humongous regions: 88->4
[177.661s][info][gc,metaspace] GC(983) Metaspace: 37377K(37696K)->37377K(37696K) NonClass: 33373K(33536K)->33373K(33536K) Class: 4004K(4160K)->4004K(4160K)
[177.661s][info][gc          ] GC(983) Pause Young (Prepare Mixed) (G1 Preventive Collection) 221M->54M(230M) 2.033ms
[177.662s][info][gc,cpu      ] GC(983) User=0.05s Sys=0.00s Real=0.00s
[177.767s][info][gc,start    ] GC(984) Pause Young (Mixed) (G1 Evacuation Pause)
[177.767s][info][gc,task     ] GC(984) Using 6 workers of 6 for evacuation
[177.768s][info][gc,phases   ] GC(984)   Pre Evacuate Collection Set: 0.2ms
[177.768s][info][gc,phases   ] GC(984)   Merge Heap Roots: 0.1ms
[177.768s][info][gc,phases   ] GC(984)   Evacuate Collection Set: 0.7ms
[177.768s][info][gc,phases   ] GC(984)   Post Evacuate Collection Set: 0.7ms
[177.768s][info][gc,phases   ] GC(984)   Other: 0.3ms
[177.768s][info][gc,heap     ] GC(984) Eden regions: 9->0(136)
[177.769s][info][gc,heap     ] GC(984) Survivor regions: 2->1(2)
[177.769s][info][gc,heap     ] GC(984) Old regions: 50->50
[177.769s][info][gc,heap     ] GC(984) Archive regions: 0->0
[177.769s][info][gc,heap     ] GC(984) Humongous regions: 28->8
[177.769s][info][gc,metaspace] GC(984) Metaspace: 37377K(37696K)->37377K(37696K) NonClass: 33373K(33536K)->33373K(33536K) Class: 4004K(4160K)->4004K(4160K)
[177.769s][info][gc          ] GC(984) Pause Young (Mixed) (G1 Evacuation Pause) 87M->57M(230M) 1.890ms
[177.769s][info][gc,cpu      ] GC(984) User=0.00s Sys=0.00s Real=0.00s
[177.863s][info][gc,start    ] GC(985) Pause Young (Concurrent Start) (G1 Humongous Allocation)
[177.863s][info][gc,task     ] GC(985) Using 6 workers of 6 for evacuation
[177.865s][info][gc,phases   ] GC(985)   Pre Evacuate Collection Set: 0.2ms
[177.865s][info][gc,phases   ] GC(985)   Merge Heap Roots: 0.1ms
[177.865s][info][gc,phases   ] GC(985)   Evacuate Collection Set: 0.8ms
[177.865s][info][gc,phases   ] GC(985)   Post Evacuate Collection Set: 0.8ms
[177.865s][info][gc,phases   ] GC(985)   Other: 0.3ms
[177.865s][info][gc,heap     ] GC(985) Eden regions: 14->0(137)
[177.865s][info][gc,heap     ] GC(985) Survivor regions: 1->1(18)
[177.865s][info][gc,heap     ] GC(985) Old regions: 50->50
[177.865s][info][gc,heap     ] GC(985) Archive regions: 0->0
[177.865s][info][gc,heap     ] GC(985) Humongous regions: 8->4
[177.865s][info][gc,metaspace] GC(985) Metaspace: 37377K(37696K)->37377K(37696K) NonClass: 33373K(33536K)->33373K(33536K) Class: 4004K(4160K)->4004K(4160K)
[177.865s][info][gc          ] GC(985) Pause Young (Concurrent Start) (G1 Humongous Allocation) 71M->54M(230M) 2.112ms
[177.865s][info][gc,cpu      ] GC(985) User=0.02s Sys=0.00s Real=0.00s
[177.865s][info][gc          ] GC(986) Concurrent Mark Cycle
[177.865s][info][gc,marking  ] GC(986) Concurrent Clear Claimed Marks
[177.865s][info][gc,marking  ] GC(986) Concurrent Clear Claimed Marks 0.056ms
[177.865s][info][gc,marking  ] GC(986) Concurrent Scan Root Regions
[177.866s][info][gc,marking  ] GC(986) Concurrent Scan Root Regions 0.752ms
[177.866s][info][gc,marking  ] GC(986) Concurrent Mark
[177.866s][info][gc,marking  ] GC(986) Concurrent Mark From Roots
[177.866s][info][gc,task     ] GC(986) Using 2 workers of 2 for marking
[177.878s][info][gc,marking  ] GC(986) Concurrent Mark From Roots 11.876ms
[177.878s][info][gc,marking  ] GC(986) Concurrent Preclean
[177.878s][info][gc,marking  ] GC(986) Concurrent Preclean 0.205ms
[177.879s][info][gc,start    ] GC(986) Pause Remark
[177.884s][info][gc          ] GC(986) Pause Remark 68M->68M(230M) 5.084ms
[177.884s][info][gc,cpu      ] GC(986) User=0.09s Sys=0.00s Real=0.00s
[177.884s][info][gc,marking  ] GC(986) Concurrent Mark 17.867ms
[177.884s][info][gc,marking  ] GC(986) Concurrent Rebuild Remembered Sets
[177.889s][info][gc,marking  ] GC(986) Concurrent Rebuild Remembered Sets 4.951ms
[177.889s][info][gc,start    ] GC(986) Pause Cleanup
[177.889s][info][gc          ] GC(986) Pause Cleanup 68M->68M(230M) 0.127ms
[177.890s][info][gc,cpu      ] GC(986) User=0.00s Sys=0.00s Real=0.00s
[177.890s][info][gc,marking  ] GC(986) Concurrent Cleanup for Next Mark
[177.890s][info][gc,marking  ] GC(986) Concurrent Cleanup for Next Mark 0.171ms
[177.890s][info][gc          ] GC(986) Concurrent Mark Cycle 24.738ms
[178.579s][info][gc,start    ] GC(987) Pause Young (Prepare Mixed) (G1 Preventive Collection)
[178.579s][info][gc,task     ] GC(987) Using 6 workers of 6 for evacuation
[178.581s][info][gc,phases   ] GC(987)   Pre Evacuate Collection Set: 0.2ms
[178.581s][info][gc,phases   ] GC(987)   Merge Heap Roots: 0.1ms
[178.581s][info][gc,phases   ] GC(987)   Evacuate Collection Set: 0.8ms
[178.581s][info][gc,phases   ] GC(987)   Post Evacuate Collection Set: 0.8ms
[178.581s][info][gc,phases   ] GC(987)   Other: 0.3ms
[178.581s][info][gc,heap     ] GC(987) Eden regions: 79->0(9)
[178.581s][info][gc,heap     ] GC(987) Survivor regions: 1->2(18)
[178.581s][info][gc,heap     ] GC(987) Old regions: 50->50
[178.581s][info][gc,heap     ] GC(987) Archive regions: 0->0
[178.581s][info][gc,heap     ] GC(987) Humongous regions: 96->8
[178.581s][info][gc,metaspace] GC(987) Metaspace: 37377K(37696K)->37377K(37696K) NonClass: 33373K(33536K)->33373K(33536K) Class: 4004K(4160K)->4004K(4160K)
[178.581s][info][gc          ] GC(987) Pause Young (Prepare Mixed) (G1 Preventive Collection) 224M->58M(230M) 2.171ms
[178.581s][info][gc,cpu      ] GC(987) User=0.00s Sys=0.00s Real=0.00s
[178.686s][info][gc,start    ] GC(988) Pause Young (Mixed) (GCLocker Initiated GC)
[178.686s][info][gc,task     ] GC(988) Using 6 workers of 6 for evacuation
[178.688s][info][gc,phases   ] GC(988)   Pre Evacuate Collection Set: 0.2ms
[178.688s][info][gc,phases   ] GC(988)   Merge Heap Roots: 0.1ms
[178.688s][info][gc,phases   ] GC(988)   Evacuate Collection Set: 0.8ms
[178.688s][info][gc,phases   ] GC(988)   Post Evacuate Collection Set: 0.7ms
[178.688s][info][gc,phases   ] GC(988)   Other: 0.3ms
[178.688s][info][gc,heap     ] GC(988) Eden regions: 9->0(137)
[178.688s][info][gc,heap     ] GC(988) Survivor regions: 2->1(2)
[178.688s][info][gc,heap     ] GC(988) Old regions: 50->51
[178.688s][info][gc,heap     ] GC(988) Archive regions: 0->0
[178.688s][info][gc,heap     ] GC(988) Humongous regions: 24->8
[178.688s][info][gc,metaspace] GC(988) Metaspace: 37377K(37696K)->37377K(37696K) NonClass: 33373K(33536K)->33373K(33536K) Class: 4004K(4160K)->4004K(4160K)
[178.688s][info][gc          ] GC(988) Pause Young (Mixed) (GCLocker Initiated GC) 83M->58M(230M) 2.132ms
[178.688s][info][gc,cpu      ] GC(988) User=0.00s Sys=0.00s Real=0.00s
[178.785s][info][gc,start    ] GC(989) Pause Young (Concurrent Start) (G1 Humongous Allocation)
[178.785s][info][gc,task     ] GC(989) Using 6 workers of 6 for evacuation
[178.787s][info][gc,phases   ] GC(989)   Pre Evacuate Collection Set: 0.2ms
[178.787s][info][gc,phases   ] GC(989)   Merge Heap Roots: 0.1ms
[178.787s][info][gc,phases   ] GC(989)   Evacuate Collection Set: 0.8ms
[178.787s][info][gc,phases   ] GC(989)   Post Evacuate Collection Set: 0.7ms
[178.787s][info][gc,phases   ] GC(989)   Other: 0.4ms
[178.787s][info][gc,heap     ] GC(989) Eden regions: 13->0(137)
[178.787s][info][gc,heap     ] GC(989) Survivor regions: 1->1(18)
[178.787s][info][gc,heap     ] GC(989) Old regions: 51->51
[178.787s][info][gc,heap     ] GC(989) Archive regions: 0->0
[178.787s][info][gc,heap     ] GC(989) Humongous regions: 8->4
[178.787s][info][gc,metaspace] GC(989) Metaspace: 37377K(37696K)->37377K(37696K) NonClass: 33373K(33536K)->33373K(33536K) Class: 4004K(4160K)->4004K(4160K)
[178.787s][info][gc          ] GC(989) Pause Young (Concurrent Start) (G1 Humongous Allocation) 70M->54M(230M) 2.080ms
[178.787s][info][gc,cpu      ] GC(989) User=0.05s Sys=0.00s Real=0.00s
[178.788s][info][gc          ] GC(990) Concurrent Mark Cycle
[178.788s][info][gc,marking  ] GC(990) Concurrent Clear Claimed Marks
[178.788s][info][gc,marking  ] GC(990) Concurrent Clear Claimed Marks 0.023ms
[178.788s][info][gc,marking  ] GC(990) Concurrent Scan Root Regions
[178.788s][info][gc,marking  ] GC(990) Concurrent Scan Root Regions 0.489ms
[178.788s][info][gc,marking  ] GC(990) Concurrent Mark
[178.788s][info][gc,marking  ] GC(990) Concurrent Mark From Roots
[178.788s][info][gc,task     ] GC(990) Using 2 workers of 2 for marking
[178.799s][info][gc,marking  ] GC(990) Concurrent Mark From Roots 10.820ms
[178.799s][info][gc,marking  ] GC(990) Concurrent Preclean
[178.799s][info][gc,marking  ] GC(990) Concurrent Preclean 0.182ms
[178.800s][info][gc,start    ] GC(990) Pause Remark
[178.804s][info][gc          ] GC(990) Pause Remark 67M->67M(230M) 4.714ms
[178.804s][info][gc,cpu      ] GC(990) User=0.03s Sys=0.00s Real=0.01s
[178.805s][info][gc,marking  ] GC(990) Concurrent Mark 16.454ms
[178.805s][info][gc,marking  ] GC(990) Concurrent Rebuild Remembered Sets
[178.810s][info][gc,marking  ] GC(990) Concurrent Rebuild Remembered Sets 5.052ms
[178.810s][info][gc,start    ] GC(990) Pause Cleanup
[178.810s][info][gc          ] GC(990) Pause Cleanup 68M->68M(230M) 0.146ms
[178.810s][info][gc,cpu      ] GC(990) User=0.00s Sys=0.00s Real=0.00s
[178.810s][info][gc,marking  ] GC(990) Concurrent Cleanup for Next Mark
[178.811s][info][gc,marking  ] GC(990) Concurrent Cleanup for Next Mark 0.116ms
[178.811s][info][gc          ] GC(990) Concurrent Mark Cycle 23.051ms
[179.533s][info][gc,start    ] GC(991) Pause Young (Prepare Mixed) (G1 Preventive Collection)
[179.533s][info][gc,task     ] GC(991) Using 6 workers of 6 for evacuation
[179.535s][info][gc,phases   ] GC(991)   Pre Evacuate Collection Set: 0.2ms
[179.535s][info][gc,phases   ] GC(991)   Merge Heap Roots: 0.1ms
[179.535s][info][gc,phases   ] GC(991)   Evacuate Collection Set: 0.6ms
[179.535s][info][gc,phases   ] GC(991)   Post Evacuate Collection Set: 0.8ms
[179.535s][info][gc,phases   ] GC(991)   Other: 0.3ms
[179.535s][info][gc,heap     ] GC(991) Eden regions: 84->0(9)
[179.535s][info][gc,heap     ] GC(991) Survivor regions: 1->2(18)
[179.535s][info][gc,heap     ] GC(991) Old regions: 51->51
[179.535s][info][gc,heap     ] GC(991) Archive regions: 0->0
[179.535s][info][gc,heap     ] GC(991) Humongous regions: 88->4
[179.535s][info][gc,metaspace] GC(991) Metaspace: 37377K(37696K)->37377K(37696K) NonClass: 33373K(33536K)->33373K(33536K) Class: 4004K(4160K)->4004K(4160K)
[179.535s][info][gc          ] GC(991) Pause Young (Prepare Mixed) (G1 Preventive Collection) 221M->54M(230M) 2.102ms
[179.535s][info][gc,cpu      ] GC(991) User=0.00s Sys=0.00s Real=0.00s
[179.643s][info][gc,start    ] GC(992) Pause Young (Mixed) (GCLocker Initiated GC)
[179.643s][info][gc,task     ] GC(992) Using 6 workers of 6 for evacuation
[179.645s][info][gc,phases   ] GC(992)   Pre Evacuate Collection Set: 0.2ms
[179.645s][info][gc,phases   ] GC(992)   Merge Heap Roots: 0.1ms
[179.645s][info][gc,phases   ] GC(992)   Evacuate Collection Set: 0.6ms
[179.645s][info][gc,phases   ] GC(992)   Post Evacuate Collection Set: 0.7ms
[179.645s][info][gc,phases   ] GC(992)   Other: 0.3ms
[179.645s][info][gc,heap     ] GC(992) Eden regions: 9->0(137)
[179.645s][info][gc,heap     ] GC(992) Survivor regions: 2->1(2)
[179.645s][info][gc,heap     ] GC(992) Old regions: 51->50
[179.645s][info][gc,heap     ] GC(992) Archive regions: 0->0
[179.645s][info][gc,heap     ] GC(992) Humongous regions: 28->8
[179.645s][info][gc,metaspace] GC(992) Metaspace: 37377K(37696K)->37377K(37696K) NonClass: 33373K(33536K)->33373K(33536K) Class: 4004K(4160K)->4004K(4160K)
[179.645s][info][gc          ] GC(992) Pause Young (Mixed) (GCLocker Initiated GC) 87M->58M(230M) 1.834ms
[179.645s][info][gc,cpu      ] GC(992) User=0.00s Sys=0.00s Real=0.00s
[179.738s][info][gc,start    ] GC(993) Pause Young (Concurrent Start) (G1 Humongous Allocation)
[179.738s][info][gc,task     ] GC(993) Using 6 workers of 6 for evacuation
[179.740s][info][gc,phases   ] GC(993)   Pre Evacuate Collection Set: 0.2ms
[179.740s][info][gc,phases   ] GC(993)   Merge Heap Roots: 0.1ms
[179.740s][info][gc,phases   ] GC(993)   Evacuate Collection Set: 0.7ms
[179.740s][info][gc,phases   ] GC(993)   Post Evacuate Collection Set: 0.7ms
[179.740s][info][gc,phases   ] GC(993)   Other: 0.3ms
[179.740s][info][gc,heap     ] GC(993) Eden regions: 14->0(137)
[179.740s][info][gc,heap     ] GC(993) Survivor regions: 1->1(18)
[179.740s][info][gc,heap     ] GC(993) Old regions: 50->50
[179.740s][info][gc,heap     ] GC(993) Archive regions: 0->0
[179.740s][info][gc,heap     ] GC(993) Humongous regions: 8->4
[179.740s][info][gc,metaspace] GC(993) Metaspace: 37377K(37696K)->37377K(37696K) NonClass: 33373K(33536K)->33373K(33536K) Class: 4004K(4160K)->4004K(4160K)
[179.740s][info][gc          ] GC(993) Pause Young (Concurrent Start) (G1 Humongous Allocation) 71M->54M(230M) 2.042ms
[179.740s][info][gc,cpu      ] GC(993) User=0.02s Sys=0.00s Real=0.00s
[179.740s][info][gc          ] GC(994) Concurrent Mark Cycle
[179.740s][info][gc,marking  ] GC(994) Concurrent Clear Claimed Marks
[179.740s][info][gc,marking  ] GC(994) Concurrent Clear Claimed Marks 0.017ms
[179.740s][info][gc,marking  ] GC(994) Concurrent Scan Root Regions
[179.741s][info][gc,marking  ] GC(994) Concurrent Scan Root Regions 0.533ms
[179.741s][info][gc,marking  ] GC(994) Concurrent Mark
[179.741s][info][gc,marking  ] GC(994) Concurrent Mark From Roots
[179.741s][info][gc,task     ] GC(994) Using 2 workers of 2 for marking
[179.753s][info][gc,marking  ] GC(994) Concurrent Mark From Roots 12.316ms
[179.753s][info][gc,marking  ] GC(994) Concurrent Preclean
[179.753s][info][gc,marking  ] GC(994) Concurrent Preclean 0.126ms
[179.754s][info][gc,start    ] GC(994) Pause Remark
[179.759s][info][gc          ] GC(994) Pause Remark 68M->68M(230M) 4.910ms
[179.759s][info][gc,cpu      ] GC(994) User=0.09s Sys=0.00s Real=0.00s
[179.759s][info][gc,marking  ] GC(994) Concurrent Mark 18.083ms
[179.759s][info][gc,marking  ] GC(994) Concurrent Rebuild Remembered Sets
[179.764s][info][gc,marking  ] GC(994) Concurrent Rebuild Remembered Sets 4.817ms
[179.764s][info][gc,start    ] GC(994) Pause Cleanup
[179.764s][info][gc          ] GC(994) Pause Cleanup 69M->69M(230M) 0.165ms
[179.765s][info][gc,cpu      ] GC(994) User=0.00s Sys=0.00s Real=0.00s
[179.765s][info][gc,marking  ] GC(994) Concurrent Cleanup for Next Mark
[179.765s][info][gc,marking  ] GC(994) Concurrent Cleanup for Next Mark 0.170ms
[179.765s][info][gc          ] GC(994) Concurrent Mark Cycle 24.476ms
[180.477s][info][gc,start    ] GC(995) Pause Young (Prepare Mixed) (G1 Preventive Collection)
[180.477s][info][gc,task     ] GC(995) Using 6 workers of 6 for evacuation
[180.479s][info][gc,phases   ] GC(995)   Pre Evacuate Collection Set: 0.2ms
[180.479s][info][gc,phases   ] GC(995)   Merge Heap Roots: 0.1ms
[180.479s][info][gc,phases   ] GC(995)   Evacuate Collection Set: 0.7ms
[180.479s][info][gc,phases   ] GC(995)   Post Evacuate Collection Set: 0.7ms
[180.479s][info][gc,phases   ] GC(995)   Other: 0.3ms
[180.479s][info][gc,heap     ] GC(995) Eden regions: 81->0(9)
[180.479s][info][gc,heap     ] GC(995) Survivor regions: 1->2(18)
[180.479s][info][gc,heap     ] GC(995) Old regions: 50->50
[180.479s][info][gc,heap     ] GC(995) Archive regions: 0->0
[180.479s][info][gc,heap     ] GC(995) Humongous regions: 100->8
[180.479s][info][gc,metaspace] GC(995) Metaspace: 37377K(37696K)->37377K(37696K) NonClass: 33373K(33536K)->33373K(33536K) Class: 4004K(4160K)->4004K(4160K)
[180.479s][info][gc          ] GC(995) Pause Young (Prepare Mixed) (G1 Preventive Collection) 231M->59M(234M) 2.022ms
[180.480s][info][gc,cpu      ] GC(995) User=0.00s Sys=0.00s Real=0.00s
[180.517s][info][gc,start    ] GC(996) Pause Young (Mixed) (G1 Evacuation Pause)
[180.517s][info][gc,task     ] GC(996) Using 6 workers of 6 for evacuation
[180.519s][info][gc,phases   ] GC(996)   Pre Evacuate Collection Set: 0.2ms
[180.519s][info][gc,phases   ] GC(996)   Merge Heap Roots: 0.1ms
[180.519s][info][gc,phases   ] GC(996)   Evacuate Collection Set: 0.7ms
[180.519s][info][gc,phases   ] GC(996)   Post Evacuate Collection Set: 0.9ms
[180.519s][info][gc,phases   ] GC(996)   Other: 0.4ms
[180.519s][info][gc,heap     ] GC(996) Eden regions: 9->0(138)
[180.519s][info][gc,heap     ] GC(996) Survivor regions: 2->2(2)
[180.519s][info][gc,heap     ] GC(996) Old regions: 50->50
[180.519s][info][gc,heap     ] GC(996) Archive regions: 0->0
[180.519s][info][gc,heap     ] GC(996) Humongous regions: 8->4
[180.519s][info][gc,metaspace] GC(996) Metaspace: 37377K(37696K)->37377K(37696K) NonClass: 33373K(33536K)->33373K(33536K) Class: 4004K(4160K)->4004K(4160K)
[180.519s][info][gc          ] GC(996) Pause Young (Mixed) (G1 Evacuation Pause) 68M->55M(234M) 2.222ms
[180.519s][info][gc,cpu      ] GC(996) User=0.00s Sys=0.00s Real=0.00s
[180.568s][info][gc,start    ] GC(997) Pause Young (Concurrent Start) (G1 Humongous Allocation)
[180.568s][info][gc,task     ] GC(997) Using 6 workers of 6 for evacuation
[180.570s][info][gc,phases   ] GC(997)   Pre Evacuate Collection Set: 0.2ms
[180.570s][info][gc,phases   ] GC(997)   Merge Heap Roots: 0.2ms
[180.570s][info][gc,phases   ] GC(997)   Evacuate Collection Set: 0.8ms
[180.570s][info][gc,phases   ] GC(997)   Post Evacuate Collection Set: 0.6ms
[180.570s][info][gc,phases   ] GC(997)   Other: 0.3ms
[180.570s][info][gc,heap     ] GC(997) Eden regions: 4->0(139)
[180.570s][info][gc,heap     ] GC(997) Survivor regions: 2->1(18)
[180.570s][info][gc,heap     ] GC(997) Old regions: 50->50
[180.570s][info][gc,heap     ] GC(997) Archive regions: 0->0
[180.570s][info][gc,heap     ] GC(997) Humongous regions: 12->8
[180.570s][info][gc,metaspace] GC(997) Metaspace: 37377K(37696K)->37377K(37696K) NonClass: 33373K(33536K)->33373K(33536K) Class: 4004K(4160K)->4004K(4160K)
[180.570s][info][gc          ] GC(997) Pause Young (Concurrent Start) (G1 Humongous Allocation) 66M->58M(234M) 2.103ms
[180.570s][info][gc,cpu      ] GC(997) User=0.00s Sys=0.00s Real=0.00s
[180.570s][info][gc          ] GC(998) Concurrent Undo Cycle
[180.571s][info][gc,marking  ] GC(998) Concurrent Cleanup for Next Mark
[180.571s][info][gc,marking  ] GC(998) Concurrent Cleanup for Next Mark 0.239ms
[180.571s][info][gc          ] GC(998) Concurrent Undo Cycle 0.299ms
[180.669s][info][gc,start    ] GC(999) Pause Young (Concurrent Start) (G1 Humongous Allocation)
[180.669s][info][gc,task     ] GC(999) Using 6 workers of 6 for evacuation
[180.671s][info][gc,phases   ] GC(999)   Pre Evacuate Collection Set: 0.2ms
[180.671s][info][gc,phases   ] GC(999)   Merge Heap Roots: 0.1ms
[180.671s][info][gc,phases   ] GC(999)   Evacuate Collection Set: 0.8ms
[180.671s][info][gc,phases   ] GC(999)   Post Evacuate Collection Set: 0.7ms
[180.671s][info][gc,phases   ] GC(999)   Other: 0.3ms
[180.671s][info][gc,heap     ] GC(999) Eden regions: 9->0(139)
[180.671s][info][gc,heap     ] GC(999) Survivor regions: 1->1(18)
[180.671s][info][gc,heap     ] GC(999) Old regions: 50->50
[180.671s][info][gc,heap     ] GC(999) Archive regions: 0->0
[180.671s][info][gc,heap     ] GC(999) Humongous regions: 12->4
[180.671s][info][gc,metaspace] GC(999) Metaspace: 37377K(37696K)->37377K(37696K) NonClass: 33373K(33536K)->33373K(33536K) Class: 4004K(4160K)->4004K(4160K)
[180.671s][info][gc          ] GC(999) Pause Young (Concurrent Start) (G1 Humongous Allocation) 71M->54M(234M) 2.179ms
[180.671s][info][gc,cpu      ] GC(999) User=0.00s Sys=0.00s Real=0.00s
[180.671s][info][gc          ] GC(1000) Concurrent Mark Cycle
[180.671s][info][gc,marking  ] GC(1000) Concurrent Clear Claimed Marks
[180.671s][info][gc,marking  ] GC(1000) Concurrent Clear Claimed Marks 0.021ms
[180.671s][info][gc,marking  ] GC(1000) Concurrent Scan Root Regions
[180.672s][info][gc,marking  ] GC(1000) Concurrent Scan Root Regions 0.505ms
[180.672s][info][gc,marking  ] GC(1000) Concurrent Mark
[180.672s][info][gc,marking  ] GC(1000) Concurrent Mark From Roots
[180.672s][info][gc,task     ] GC(1000) Using 2 workers of 2 for marking
[180.684s][info][gc,marking  ] GC(1000) Concurrent Mark From Roots 12.411ms
[180.684s][info][gc,marking  ] GC(1000) Concurrent Preclean
[180.685s][info][gc,marking  ] GC(1000) Concurrent Preclean 0.133ms
[180.685s][info][gc,start    ] GC(1000) Pause Remark
[180.688s][info][gc          ] GC(1000) Pause Remark 68M->68M(230M) 2.689ms
[180.688s][info][gc,cpu      ] GC(1000) User=0.00s Sys=0.00s Real=0.00s
[180.688s][info][gc,marking  ] GC(1000) Concurrent Mark 16.021ms
[180.688s][info][gc,marking  ] GC(1000) Concurrent Rebuild Remembered Sets
[180.694s][info][gc,marking  ] GC(1000) Concurrent Rebuild Remembered Sets 5.555ms
[180.694s][info][gc,start    ] GC(1000) Pause Cleanup
[180.694s][info][gc          ] GC(1000) Pause Cleanup 69M->69M(230M) 0.172ms
[180.694s][info][gc,cpu      ] GC(1000) User=0.00s Sys=0.00s Real=0.00s
[180.694s][info][gc,marking  ] GC(1000) Concurrent Cleanup for Next Mark
[180.695s][info][gc,marking  ] GC(1000) Concurrent Cleanup for Next Mark 0.192ms
[180.695s][info][gc          ] GC(1000) Concurrent Mark Cycle 23.355ms
[181.415s][info][gc,start    ] GC(1001) Pause Young (Prepare Mixed) (G1 Preventive Collection)
[181.415s][info][gc,task     ] GC(1001) Using 6 workers of 6 for evacuation
[181.416s][info][gc,phases   ] GC(1001)   Pre Evacuate Collection Set: 0.2ms
[181.416s][info][gc,phases   ] GC(1001)   Merge Heap Roots: 0.1ms
[181.416s][info][gc,phases   ] GC(1001)   Evacuate Collection Set: 0.6ms
[181.416s][info][gc,phases   ] GC(1001)   Post Evacuate Collection Set: 0.6ms
[181.416s][info][gc,phases   ] GC(1001)   Other: 0.3ms
[181.416s][info][gc,heap     ] GC(1001) Eden regions: 84->0(9)
[181.416s][info][gc,heap     ] GC(1001) Survivor regions: 1->2(18)
[181.416s][info][gc,heap     ] GC(1001) Old regions: 50->50
[181.416s][info][gc,heap     ] GC(1001) Archive regions: 0->0
[181.416s][info][gc,heap     ] GC(1001) Humongous regions: 100->4
[181.416s][info][gc,metaspace] GC(1001) Metaspace: 37377K(37696K)->37377K(37696K) NonClass: 33373K(33536K)->33373K(33536K) Class: 4004K(4160K)->4004K(4160K)
[181.416s][info][gc          ] GC(1001) Pause Young (Prepare Mixed) (G1 Preventive Collection) 234M->55M(238M) 1.805ms
[181.417s][info][gc,cpu      ] GC(1001) User=0.00s Sys=0.00s Real=0.00s
[181.505s][info][gc,start    ] GC(1002) Pause Young (Mixed) (G1 Evacuation Pause)
[181.505s][info][gc,task     ] GC(1002) Using 6 workers of 6 for evacuation
[181.506s][info][gc,phases   ] GC(1002)   Pre Evacuate Collection Set: 0.1ms
[181.506s][info][gc,phases   ] GC(1002)   Merge Heap Roots: 0.1ms
[181.506s][info][gc,phases   ] GC(1002)   Evacuate Collection Set: 0.7ms
[181.506s][info][gc,phases   ] GC(1002)   Post Evacuate Collection Set: 0.5ms
[181.506s][info][gc,phases   ] GC(1002)   Other: 0.3ms
[181.506s][info][gc,heap     ] GC(1002) Eden regions: 9->0(141)
[181.506s][info][gc,heap     ] GC(1002) Survivor regions: 2->1(2)
[181.506s][info][gc,heap     ] GC(1002) Old regions: 50->51
[181.506s][info][gc,heap     ] GC(1002) Archive regions: 0->0
[181.506s][info][gc,heap     ] GC(1002) Humongous regions: 16->8
[181.506s][info][gc,metaspace] GC(1002) Metaspace: 37377K(37696K)->37377K(37696K) NonClass: 33373K(33536K)->33373K(33536K) Class: 4004K(4160K)->4004K(4160K)
[181.506s][info][gc          ] GC(1002) Pause Young (Mixed) (G1 Evacuation Pause) 76M->58M(238M) 1.641ms
[181.507s][info][gc,cpu      ] GC(1002) User=0.00s Sys=0.00s Real=0.00s
[181.699s][info][gc,start    ] GC(1003) Pause Young (Concurrent Start) (G1 Humongous Allocation)
[181.699s][info][gc,task     ] GC(1003) Using 6 workers of 6 for evacuation
[181.700s][info][gc,phases   ] GC(1003)   Pre Evacuate Collection Set: 0.1ms
[181.700s][info][gc,phases   ] GC(1003)   Merge Heap Roots: 0.0ms
[181.700s][info][gc,phases   ] GC(1003)   Evacuate Collection Set: 0.7ms
[181.700s][info][gc,phases   ] GC(1003)   Post Evacuate Collection Set: 0.5ms
[181.700s][info][gc,phases   ] GC(1003)   Other: 0.3ms
[181.701s][info][gc,heap     ] GC(1003) Eden regions: 21->0(141)
[181.701s][info][gc,heap     ] GC(1003) Survivor regions: 1->1(18)
[181.701s][info][gc,heap     ] GC(1003) Old regions: 51->51
[181.701s][info][gc,heap     ] GC(1003) Archive regions: 0->0
[181.701s][info][gc,heap     ] GC(1003) Humongous regions: 24->8
[181.701s][info][gc,metaspace] GC(1003) Metaspace: 37377K(37696K)->37377K(37696K) NonClass: 33373K(33536K)->33373K(33536K) Class: 4004K(4160K)->4004K(4160K)
[181.701s][info][gc          ] GC(1003) Pause Young (Concurrent Start) (G1 Humongous Allocation) 95M->58M(238M) 1.646ms
[181.701s][info][gc,cpu      ] GC(1003) User=0.00s Sys=0.00s Real=0.00s
[181.701s][info][gc          ] GC(1004) Concurrent Undo Cycle
[181.701s][info][gc,marking  ] GC(1004) Concurrent Cleanup for Next Mark
[181.701s][info][gc,marking  ] GC(1004) Concurrent Cleanup for Next Mark 0.168ms
[181.701s][info][gc          ] GC(1004) Concurrent Undo Cycle 0.223ms
[181.702s][info][gc,start    ] GC(1005) Pause Young (Concurrent Start) (G1 Humongous Allocation)
[181.702s][info][gc,task     ] GC(1005) Using 6 workers of 6 for evacuation
[181.704s][info][gc,phases   ] GC(1005)   Pre Evacuate Collection Set: 0.1ms
[181.704s][info][gc,phases   ] GC(1005)   Merge Heap Roots: 0.0ms
[181.704s][info][gc,phases   ] GC(1005)   Evacuate Collection Set: 0.8ms
[181.704s][info][gc,phases   ] GC(1005)   Post Evacuate Collection Set: 0.5ms
[181.704s][info][gc,phases   ] GC(1005)   Other: 0.3ms
[181.704s][info][gc,heap     ] GC(1005) Eden regions: 1->0(141)
[181.704s][info][gc,heap     ] GC(1005) Survivor regions: 1->1(18)
[181.704s][info][gc,heap     ] GC(1005) Old regions: 51->51
[181.704s][info][gc,heap     ] GC(1005) Archive regions: 0->0
[181.704s][info][gc,heap     ] GC(1005) Humongous regions: 12->8
[181.704s][info][gc,metaspace] GC(1005) Metaspace: 37377K(37696K)->37377K(37696K) NonClass: 33373K(33536K)->33373K(33536K) Class: 4004K(4160K)->4004K(4160K)
[181.704s][info][gc          ] GC(1005) Pause Young (Concurrent Start) (G1 Humongous Allocation) 63M->58M(238M) 1.750ms
[181.704s][info][gc,cpu      ] GC(1005) User=0.00s Sys=0.00s Real=0.00s
[181.704s][info][gc          ] GC(1006) Concurrent Mark Cycle
[181.704s][info][gc,marking  ] GC(1006) Concurrent Clear Claimed Marks
[181.704s][info][gc,marking  ] GC(1006) Concurrent Clear Claimed Marks 0.028ms
[181.704s][info][gc,marking  ] GC(1006) Concurrent Scan Root Regions
[181.705s][info][gc,marking  ] GC(1006) Concurrent Scan Root Regions 0.693ms
[181.705s][info][gc,marking  ] GC(1006) Concurrent Mark
[181.705s][info][gc,marking  ] GC(1006) Concurrent Mark From Roots
[181.705s][info][gc,task     ] GC(1006) Using 2 workers of 2 for marking
[181.716s][info][gc,marking  ] GC(1006) Concurrent Mark From Roots 11.557ms
[181.716s][info][gc,marking  ] GC(1006) Concurrent Preclean
[181.717s][info][gc,marking  ] GC(1006) Concurrent Preclean 0.255ms
[181.717s][info][gc,start    ] GC(1006) Pause Remark
[181.719s][info][gc          ] GC(1006) Pause Remark 65M->65M(224M) 2.472ms
[181.720s][info][gc,cpu      ] GC(1006) User=0.00s Sys=0.00s Real=0.00s
[181.720s][info][gc,marking  ] GC(1006) Concurrent Mark 15.192ms
[181.720s][info][gc,marking  ] GC(1006) Concurrent Rebuild Remembered Sets
[181.726s][info][gc,marking  ] GC(1006) Concurrent Rebuild Remembered Sets 6.420ms
[181.727s][info][gc,start    ] GC(1006) Pause Cleanup
[181.727s][info][gc          ] GC(1006) Pause Cleanup 66M->66M(224M) 0.107ms
[181.727s][info][gc,cpu      ] GC(1006) User=0.00s Sys=0.00s Real=0.00s
[181.727s][info][gc,marking  ] GC(1006) Concurrent Cleanup for Next Mark
[181.727s][info][gc,marking  ] GC(1006) Concurrent Cleanup for Next Mark 0.200ms
[181.727s][info][gc          ] GC(1006) Concurrent Mark Cycle 23.583ms
[182.433s][info][gc,start    ] GC(1007) Pause Young (Prepare Mixed) (G1 Preventive Collection)
[182.433s][info][gc,task     ] GC(1007) Using 6 workers of 6 for evacuation
[182.435s][info][gc,phases   ] GC(1007)   Pre Evacuate Collection Set: 0.2ms
[182.435s][info][gc,phases   ] GC(1007)   Merge Heap Roots: 0.1ms
[182.435s][info][gc,phases   ] GC(1007)   Evacuate Collection Set: 0.7ms
[182.435s][info][gc,phases   ] GC(1007)   Post Evacuate Collection Set: 0.7ms
[182.435s][info][gc,phases   ] GC(1007)   Other: 0.3ms
[182.435s][info][gc,heap     ] GC(1007) Eden regions: 75->0(9)
[182.435s][info][gc,heap     ] GC(1007) Survivor regions: 1->2(17)
[182.435s][info][gc,heap     ] GC(1007) Old regions: 51->51
[182.435s][info][gc,heap     ] GC(1007) Archive regions: 0->0
[182.435s][info][gc,heap     ] GC(1007) Humongous regions: 92->8
[182.435s][info][gc,metaspace] GC(1007) Metaspace: 37381K(37696K)->37381K(37696K) NonClass: 33376K(33536K)->33376K(33536K) Class: 4004K(4160K)->4004K(4160K)
[182.435s][info][gc          ] GC(1007) Pause Young (Prepare Mixed) (G1 Preventive Collection) 217M->59M(224M) 1.881ms
[182.435s][info][gc,cpu      ] GC(1007) User=0.00s Sys=0.00s Real=0.00s
[182.529s][info][gc,start    ] GC(1008) Pause Young (Mixed) (G1 Evacuation Pause)
[182.529s][info][gc,task     ] GC(1008) Using 6 workers of 6 for evacuation
[182.531s][info][gc,phases   ] GC(1008)   Pre Evacuate Collection Set: 0.2ms
[182.531s][info][gc,phases   ] GC(1008)   Merge Heap Roots: 0.1ms
[182.531s][info][gc,phases   ] GC(1008)   Evacuate Collection Set: 0.6ms
[182.531s][info][gc,phases   ] GC(1008)   Post Evacuate Collection Set: 0.6ms
[182.531s][info][gc,phases   ] GC(1008)   Other: 0.3ms
[182.531s][info][gc,heap     ] GC(1008) Eden regions: 9->0(133)
[182.531s][info][gc,heap     ] GC(1008) Survivor regions: 2->1(2)
[182.531s][info][gc,heap     ] GC(1008) Old regions: 51->51
[182.531s][info][gc,heap     ] GC(1008) Archive regions: 0->0
[182.531s][info][gc,heap     ] GC(1008) Humongous regions: 12->4
[182.531s][info][gc,metaspace] GC(1008) Metaspace: 37381K(37696K)->37381K(37696K) NonClass: 33376K(33536K)->33376K(33536K) Class: 4004K(4160K)->4004K(4160K)
[182.531s][info][gc          ] GC(1008) Pause Young (Mixed) (G1 Evacuation Pause) 72M->55M(224M) 1.751ms
[182.531s][info][gc,cpu      ] GC(1008) User=0.00s Sys=0.00s Real=0.00s
[182.637s][info][gc,start    ] GC(1009) Pause Young (Concurrent Start) (G1 Humongous Allocation)
[182.637s][info][gc,task     ] GC(1009) Using 6 workers of 6 for evacuation
[182.638s][info][gc,phases   ] GC(1009)   Pre Evacuate Collection Set: 0.2ms
[182.638s][info][gc,phases   ] GC(1009)   Merge Heap Roots: 0.1ms
[182.638s][info][gc,phases   ] GC(1009)   Evacuate Collection Set: 0.7ms
[182.638s][info][gc,phases   ] GC(1009)   Post Evacuate Collection Set: 0.5ms
[182.638s][info][gc,phases   ] GC(1009)   Other: 0.3ms
[182.638s][info][gc,heap     ] GC(1009) Eden regions: 14->0(133)
[182.638s][info][gc,heap     ] GC(1009) Survivor regions: 1->1(17)
[182.638s][info][gc,heap     ] GC(1009) Old regions: 51->51
[182.638s][info][gc,heap     ] GC(1009) Archive regions: 0->0
[182.638s][info][gc,heap     ] GC(1009) Humongous regions: 24->8
[182.638s][info][gc,metaspace] GC(1009) Metaspace: 37381K(37696K)->37381K(37696K) NonClass: 33376K(33536K)->33376K(33536K) Class: 4004K(4160K)->4004K(4160K)
[182.638s][info][gc          ] GC(1009) Pause Young (Concurrent Start) (G1 Humongous Allocation) 88M->59M(224M) 1.685ms
[182.639s][info][gc,cpu      ] GC(1009) User=0.00s Sys=0.00s Real=0.00s
[182.639s][info][gc          ] GC(1010) Concurrent Undo Cycle
[182.639s][info][gc,marking  ] GC(1010) Concurrent Cleanup for Next Mark
[182.639s][info][gc,marking  ] GC(1010) Concurrent Cleanup for Next Mark 0.199ms
[182.639s][info][gc          ] GC(1010) Concurrent Undo Cycle 0.266ms
[182.738s][info][gc,start    ] GC(1011) Pause Young (Concurrent Start) (G1 Humongous Allocation)
[182.738s][info][gc,task     ] GC(1011) Using 6 workers of 6 for evacuation
[182.740s][info][gc,phases   ] GC(1011)   Pre Evacuate Collection Set: 0.2ms
[182.740s][info][gc,phases   ] GC(1011)   Merge Heap Roots: 0.1ms
[182.740s][info][gc,phases   ] GC(1011)   Evacuate Collection Set: 0.8ms
[182.740s][info][gc,phases   ] GC(1011)   Post Evacuate Collection Set: 0.7ms
[182.740s][info][gc,phases   ] GC(1011)   Other: 0.3ms
[182.740s][info][gc,heap     ] GC(1011) Eden regions: 14->0(133)
[182.740s][info][gc,heap     ] GC(1011) Survivor regions: 1->1(17)
[182.740s][info][gc,heap     ] GC(1011) Old regions: 51->51
[182.740s][info][gc,heap     ] GC(1011) Archive regions: 0->0
[182.740s][info][gc,heap     ] GC(1011) Humongous regions: 12->4
[182.740s][info][gc,metaspace] GC(1011) Metaspace: 37381K(37696K)->37381K(37696K) NonClass: 33376K(33536K)->33376K(33536K) Class: 4004K(4160K)->4004K(4160K)
[182.740s][info][gc          ] GC(1011) Pause Young (Concurrent Start) (G1 Humongous Allocation) 77M->55M(224M) 2.131ms
[182.740s][info][gc,cpu      ] GC(1011) User=0.00s Sys=0.00s Real=0.00s
[182.740s][info][gc          ] GC(1012) Concurrent Mark Cycle
[182.740s][info][gc,marking  ] GC(1012) Concurrent Clear Claimed Marks
[182.740s][info][gc,marking  ] GC(1012) Concurrent Clear Claimed Marks 0.042ms
[182.740s][info][gc,marking  ] GC(1012) Concurrent Scan Root Regions
[182.741s][info][gc,marking  ] GC(1012) Concurrent Scan Root Regions 1.033ms
[182.741s][info][gc,marking  ] GC(1012) Concurrent Mark
[182.741s][info][gc,marking  ] GC(1012) Concurrent Mark From Roots
[182.741s][info][gc,task     ] GC(1012) Using 2 workers of 2 for marking
[182.752s][info][gc,marking  ] GC(1012) Concurrent Mark From Roots 10.818ms
[182.752s][info][gc,marking  ] GC(1012) Concurrent Preclean
[182.752s][info][gc,marking  ] GC(1012) Concurrent Preclean 0.168ms
[182.753s][info][gc,start    ] GC(1012) Pause Remark
[182.756s][info][gc          ] GC(1012) Pause Remark 68M->68M(224M) 3.262ms
[182.756s][info][gc,cpu      ] GC(1012) User=0.09s Sys=0.00s Real=0.00s
[182.756s][info][gc,marking  ] GC(1012) Concurrent Mark 14.987ms
[182.756s][info][gc,marking  ] GC(1012) Concurrent Rebuild Remembered Sets
[182.762s][info][gc,marking  ] GC(1012) Concurrent Rebuild Remembered Sets 5.282ms
[182.762s][info][gc,start    ] GC(1012) Pause Cleanup
[182.762s][info][gc          ] GC(1012) Pause Cleanup 69M->69M(224M) 0.125ms
[182.762s][info][gc,cpu      ] GC(1012) User=0.00s Sys=0.00s Real=0.00s
[182.763s][info][gc,marking  ] GC(1012) Concurrent Cleanup for Next Mark
[182.763s][info][gc,marking  ] GC(1012) Concurrent Cleanup for Next Mark 0.170ms
[182.763s][info][gc          ] GC(1012) Concurrent Mark Cycle 22.421ms
[183.472s][info][gc,start    ] GC(1013) Pause Young (Prepare Mixed) (G1 Preventive Collection)
[183.472s][info][gc,task     ] GC(1013) Using 6 workers of 6 for evacuation
[183.474s][info][gc,phases   ] GC(1013)   Pre Evacuate Collection Set: 0.2ms
[183.474s][info][gc,phases   ] GC(1013)   Merge Heap Roots: 0.1ms
[183.474s][info][gc,phases   ] GC(1013)   Evacuate Collection Set: 0.8ms
[183.474s][info][gc,phases   ] GC(1013)   Post Evacuate Collection Set: 0.8ms
[183.474s][info][gc,phases   ] GC(1013)   Other: 0.3ms
[183.474s][info][gc,heap     ] GC(1013) Eden regions: 79->0(9)
[183.475s][info][gc,heap     ] GC(1013) Survivor regions: 1->2(17)
[183.475s][info][gc,heap     ] GC(1013) Old regions: 51->51
[183.475s][info][gc,heap     ] GC(1013) Archive regions: 0->0
[183.475s][info][gc,heap     ] GC(1013) Humongous regions: 88->4
[183.475s][info][gc,metaspace] GC(1013) Metaspace: 37381K(37696K)->37381K(37696K) NonClass: 33377K(33536K)->33377K(33536K) Class: 4004K(4160K)->4004K(4160K)
[183.475s][info][gc          ] GC(1013) Pause Young (Prepare Mixed) (G1 Preventive Collection) 217M->55M(224M) 2.154ms
[183.475s][info][gc,cpu      ] GC(1013) User=0.00s Sys=0.00s Real=0.00s
[183.529s][info][gc,start    ] GC(1014) Pause Young (Mixed) (G1 Evacuation Pause)
[183.529s][info][gc,task     ] GC(1014) Using 6 workers of 6 for evacuation
[183.531s][info][gc,phases   ] GC(1014)   Pre Evacuate Collection Set: 0.2ms
[183.531s][info][gc,phases   ] GC(1014)   Merge Heap Roots: 0.0ms
[183.531s][info][gc,phases   ] GC(1014)   Evacuate Collection Set: 0.6ms
[183.531s][info][gc,phases   ] GC(1014)   Post Evacuate Collection Set: 0.8ms
[183.531s][info][gc,phases   ] GC(1014)   Other: 0.3ms
[183.531s][info][gc,heap     ] GC(1014) Eden regions: 9->0(133)
[183.531s][info][gc,heap     ] GC(1014) Survivor regions: 2->1(2)
[183.531s][info][gc,heap     ] GC(1014) Old regions: 51->51
[183.531s][info][gc,heap     ] GC(1014) Archive regions: 0->0
[183.531s][info][gc,heap     ] GC(1014) Humongous regions: 16->4
[183.531s][info][gc,metaspace] GC(1014) Metaspace: 37381K(37696K)->37381K(37696K) NonClass: 33377K(33536K)->33377K(33536K) Class: 4004K(4160K)->4004K(4160K)
[183.531s][info][gc          ] GC(1014) Pause Young (Mixed) (G1 Evacuation Pause) 76M->55M(224M) 1.938ms
[183.531s][info][gc,cpu      ] GC(1014) User=0.00s Sys=0.00s Real=0.00s
[183.777s][info][gc,start    ] GC(1015) Pause Young (Concurrent Start) (G1 Humongous Allocation)
[183.777s][info][gc,task     ] GC(1015) Using 6 workers of 6 for evacuation
[183.779s][info][gc,phases   ] GC(1015)   Pre Evacuate Collection Set: 0.2ms
[183.779s][info][gc,phases   ] GC(1015)   Merge Heap Roots: 0.1ms
[183.779s][info][gc,phases   ] GC(1015)   Evacuate Collection Set: 0.8ms
[183.779s][info][gc,phases   ] GC(1015)   Post Evacuate Collection Set: 0.8ms
[183.779s][info][gc,phases   ] GC(1015)   Other: 0.3ms
[183.779s][info][gc,heap     ] GC(1015) Eden regions: 27->0(133)
[183.779s][info][gc,heap     ] GC(1015) Survivor regions: 1->1(17)
[183.779s][info][gc,heap     ] GC(1015) Old regions: 51->51
[183.779s][info][gc,heap     ] GC(1015) Archive regions: 0->0
[183.779s][info][gc,heap     ] GC(1015) Humongous regions: 36->8
[183.779s][info][gc,metaspace] GC(1015) Metaspace: 37381K(37696K)->37381K(37696K) NonClass: 33377K(33536K)->33377K(33536K) Class: 4004K(4160K)->4004K(4160K)
[183.779s][info][gc          ] GC(1015) Pause Young (Concurrent Start) (G1 Humongous Allocation) 114M->59M(224M) 2.135ms
[183.780s][info][gc,cpu      ] GC(1015) User=0.00s Sys=0.00s Real=0.00s
[183.780s][info][gc          ] GC(1016) Concurrent Undo Cycle
[183.780s][info][gc,marking  ] GC(1016) Concurrent Cleanup for Next Mark
[183.780s][info][gc,marking  ] GC(1016) Concurrent Cleanup for Next Mark 0.121ms
[183.780s][info][gc          ] GC(1016) Concurrent Undo Cycle 0.177ms
[183.880s][info][gc,start    ] GC(1017) Pause Young (Concurrent Start) (G1 Humongous Allocation)
[183.880s][info][gc,task     ] GC(1017) Using 6 workers of 6 for evacuation
[183.884s][info][gc,phases   ] GC(1017)   Pre Evacuate Collection Set: 0.3ms
[183.884s][info][gc,phases   ] GC(1017)   Merge Heap Roots: 0.1ms
[183.884s][info][gc,phases   ] GC(1017)   Evacuate Collection Set: 1.9ms
[183.884s][info][gc,phases   ] GC(1017)   Post Evacuate Collection Set: 1.0ms
[183.884s][info][gc,phases   ] GC(1017)   Other: 0.7ms
[183.884s][info][gc,heap     ] GC(1017) Eden regions: 14->0(133)
[183.884s][info][gc,heap     ] GC(1017) Survivor regions: 1->1(17)
[183.884s][info][gc,heap     ] GC(1017) Old regions: 51->51
[183.884s][info][gc,heap     ] GC(1017) Archive regions: 0->0
[183.884s][info][gc,heap     ] GC(1017) Humongous regions: 12->4
[183.884s][info][gc,metaspace] GC(1017) Metaspace: 37381K(37696K)->37381K(37696K) NonClass: 33377K(33536K)->33377K(33536K) Class: 4004K(4160K)->4004K(4160K)
[183.884s][info][gc          ] GC(1017) Pause Young (Concurrent Start) (G1 Humongous Allocation) 76M->55M(224M) 3.965ms
[183.884s][info][gc,cpu      ] GC(1017) User=0.00s Sys=0.02s Real=0.00s
[183.884s][info][gc          ] GC(1018) Concurrent Mark Cycle
[183.884s][info][gc,marking  ] GC(1018) Concurrent Clear Claimed Marks
[183.884s][info][gc,marking  ] GC(1018) Concurrent Clear Claimed Marks 0.046ms
[183.884s][info][gc,marking  ] GC(1018) Concurrent Scan Root Regions
[183.885s][info][gc,marking  ] GC(1018) Concurrent Scan Root Regions 0.859ms
[183.885s][info][gc,marking  ] GC(1018) Concurrent Mark
[183.885s][info][gc,marking  ] GC(1018) Concurrent Mark From Roots
[183.885s][info][gc,task     ] GC(1018) Using 2 workers of 2 for marking
[183.904s][info][gc,marking  ] GC(1018) Concurrent Mark From Roots 18.074ms
[183.904s][info][gc,marking  ] GC(1018) Concurrent Preclean
[183.904s][info][gc,marking  ] GC(1018) Concurrent Preclean 0.197ms
[183.904s][info][gc,start    ] GC(1018) Pause Remark
[183.908s][info][gc          ] GC(1018) Pause Remark 69M->69M(224M) 3.452ms
[183.908s][info][gc,cpu      ] GC(1018) User=0.00s Sys=0.00s Real=0.00s
[183.908s][info][gc,marking  ] GC(1018) Concurrent Mark 22.831ms
[183.908s][info][gc,marking  ] GC(1018) Concurrent Rebuild Remembered Sets
[183.914s][info][gc,marking  ] GC(1018) Concurrent Rebuild Remembered Sets 6.034ms
[183.915s][info][gc,start    ] GC(1018) Pause Cleanup
[183.915s][info][gc          ] GC(1018) Pause Cleanup 70M->70M(224M) 0.228ms
[183.915s][info][gc,cpu      ] GC(1018) User=0.00s Sys=0.00s Real=0.00s
[183.915s][info][gc,marking  ] GC(1018) Concurrent Cleanup for Next Mark
[183.915s][info][gc,marking  ] GC(1018) Concurrent Cleanup for Next Mark 0.118ms
[183.915s][info][gc          ] GC(1018) Concurrent Mark Cycle 30.953ms
[184.629s][info][gc,start    ] GC(1019) Pause Young (Prepare Mixed) (G1 Preventive Collection)
[184.629s][info][gc,task     ] GC(1019) Using 6 workers of 6 for evacuation
[184.631s][info][gc,phases   ] GC(1019)   Pre Evacuate Collection Set: 0.2ms
[184.631s][info][gc,phases   ] GC(1019)   Merge Heap Roots: 0.1ms
[184.631s][info][gc,phases   ] GC(1019)   Evacuate Collection Set: 0.6ms
[184.631s][info][gc,phases   ] GC(1019)   Post Evacuate Collection Set: 0.7ms
[184.631s][info][gc,phases   ] GC(1019)   Other: 0.3ms
[184.631s][info][gc,heap     ] GC(1019) Eden regions: 80->0(9)
[184.631s][info][gc,heap     ] GC(1019) Survivor regions: 1->2(17)
[184.631s][info][gc,heap     ] GC(1019) Old regions: 51->51
[184.631s][info][gc,heap     ] GC(1019) Archive regions: 0->0
[184.631s][info][gc,heap     ] GC(1019) Humongous regions: 88->4
[184.631s][info][gc,metaspace] GC(1019) Metaspace: 37382K(37696K)->37382K(37696K) NonClass: 33377K(33536K)->33377K(33536K) Class: 4004K(4160K)->4004K(4160K)
[184.631s][info][gc          ] GC(1019) Pause Young (Prepare Mixed) (G1 Preventive Collection) 219M->56M(224M) 1.859ms
[184.631s][info][gc,cpu      ] GC(1019) User=0.09s Sys=0.00s Real=0.00s
[184.667s][info][gc,start    ] GC(1020) Pause Young (Mixed) (G1 Evacuation Pause)
[184.667s][info][gc,task     ] GC(1020) Using 6 workers of 6 for evacuation
[184.669s][info][gc,phases   ] GC(1020)   Pre Evacuate Collection Set: 0.2ms
[184.669s][info][gc,phases   ] GC(1020)   Merge Heap Roots: 0.1ms
[184.669s][info][gc,phases   ] GC(1020)   Evacuate Collection Set: 0.6ms
[184.669s][info][gc,phases   ] GC(1020)   Post Evacuate Collection Set: 0.6ms
[184.669s][info][gc,phases   ] GC(1020)   Other: 0.3ms
[184.669s][info][gc,heap     ] GC(1020) Eden regions: 9->0(133)
[184.669s][info][gc,heap     ] GC(1020) Survivor regions: 2->1(2)
[184.669s][info][gc,heap     ] GC(1020) Old regions: 51->52
[184.669s][info][gc,heap     ] GC(1020) Archive regions: 0->0
[184.669s][info][gc,heap     ] GC(1020) Humongous regions: 16->4
[184.669s][info][gc,metaspace] GC(1020) Metaspace: 37382K(37696K)->37382K(37696K) NonClass: 33377K(33536K)->33377K(33536K) Class: 4004K(4160K)->4004K(4160K)
[184.669s][info][gc          ] GC(1020) Pause Young (Mixed) (G1 Evacuation Pause) 77M->55M(224M) 1.656ms
[184.669s][info][gc,cpu      ] GC(1020) User=0.00s Sys=0.00s Real=0.00s
[185.032s][info][gc,start    ] GC(1021) Pause Young (Concurrent Start) (G1 Humongous Allocation)
[185.032s][info][gc,task     ] GC(1021) Using 6 workers of 6 for evacuation
[185.034s][info][gc,phases   ] GC(1021)   Pre Evacuate Collection Set: 0.2ms
[185.034s][info][gc,phases   ] GC(1021)   Merge Heap Roots: 0.1ms
[185.034s][info][gc,phases   ] GC(1021)   Evacuate Collection Set: 0.8ms
[185.034s][info][gc,phases   ] GC(1021)   Post Evacuate Collection Set: 0.7ms
[185.034s][info][gc,phases   ] GC(1021)   Other: 0.4ms
[185.034s][info][gc,heap     ] GC(1021) Eden regions: 40->0(133)
[185.034s][info][gc,heap     ] GC(1021) Survivor regions: 1->1(17)
[185.034s][info][gc,heap     ] GC(1021) Old regions: 52->52
[185.034s][info][gc,heap     ] GC(1021) Archive regions: 0->0
[185.034s][info][gc,heap     ] GC(1021) Humongous regions: 44->8
[185.034s][info][gc,metaspace] GC(1021) Metaspace: 37382K(37696K)->37382K(37696K) NonClass: 33378K(33536K)->33378K(33536K) Class: 4004K(4160K)->4004K(4160K)
[185.034s][info][gc          ] GC(1021) Pause Young (Concurrent Start) (G1 Humongous Allocation) 135M->59M(224M) 2.096ms
[185.034s][info][gc,cpu      ] GC(1021) User=0.00s Sys=0.00s Real=0.00s
[185.034s][info][gc          ] GC(1022) Concurrent Undo Cycle
[185.034s][info][gc,marking  ] GC(1022) Concurrent Cleanup for Next Mark
[185.034s][info][gc,marking  ] GC(1022) Concurrent Cleanup for Next Mark 0.195ms
[185.034s][info][gc          ] GC(1022) Concurrent Undo Cycle 0.257ms
[185.035s][info][gc,start    ] GC(1023) Pause Young (Concurrent Start) (G1 Humongous Allocation)
[185.035s][info][gc,task     ] GC(1023) Using 6 workers of 6 for evacuation
[185.037s][info][gc,phases   ] GC(1023)   Pre Evacuate Collection Set: 0.1ms
[185.037s][info][gc,phases   ] GC(1023)   Merge Heap Roots: 0.0ms
[185.037s][info][gc,phases   ] GC(1023)   Evacuate Collection Set: 0.7ms
[185.037s][info][gc,phases   ] GC(1023)   Post Evacuate Collection Set: 0.5ms
[185.037s][info][gc,phases   ] GC(1023)   Other: 0.4ms
[185.037s][info][gc,heap     ] GC(1023) Eden regions: 1->0(133)
[185.037s][info][gc,heap     ] GC(1023) Survivor regions: 1->1(17)
[185.037s][info][gc,heap     ] GC(1023) Old regions: 52->52
[185.037s][info][gc,heap     ] GC(1023) Archive regions: 0->0
[185.037s][info][gc,heap     ] GC(1023) Humongous regions: 12->8
[185.037s][info][gc,metaspace] GC(1023) Metaspace: 37382K(37696K)->37382K(37696K) NonClass: 33378K(33536K)->33378K(33536K) Class: 4004K(4160K)->4004K(4160K)
[185.037s][info][gc          ] GC(1023) Pause Young (Concurrent Start) (G1 Humongous Allocation) 64M->59M(224M) 1.696ms
[185.037s][info][gc,cpu      ] GC(1023) User=0.09s Sys=0.00s Real=0.00s
[185.037s][info][gc          ] GC(1024) Concurrent Mark Cycle
[185.037s][info][gc,marking  ] GC(1024) Concurrent Clear Claimed Marks
[185.037s][info][gc,marking  ] GC(1024) Concurrent Clear Claimed Marks 0.032ms
[185.037s][info][gc,marking  ] GC(1024) Concurrent Scan Root Regions
[185.038s][info][gc,marking  ] GC(1024) Concurrent Scan Root Regions 0.821ms
[185.038s][info][gc,marking  ] GC(1024) Concurrent Mark
[185.038s][info][gc,marking  ] GC(1024) Concurrent Mark From Roots
[185.038s][info][gc,task     ] GC(1024) Using 2 workers of 2 for marking
[185.049s][info][gc,marking  ] GC(1024) Concurrent Mark From Roots 11.213ms
[185.049s][info][gc,marking  ] GC(1024) Concurrent Preclean
[185.049s][info][gc,marking  ] GC(1024) Concurrent Preclean 0.163ms
[185.050s][info][gc,start    ] GC(1024) Pause Remark
[185.055s][info][gc          ] GC(1024) Pause Remark 66M->66M(224M) 4.779ms
[185.055s][info][gc,cpu      ] GC(1024) User=0.00s Sys=0.00s Real=0.00s
[185.055s][info][gc,marking  ] GC(1024) Concurrent Mark 16.877ms
[185.055s][info][gc,marking  ] GC(1024) Concurrent Rebuild Remembered Sets
[185.061s][info][gc,marking  ] GC(1024) Concurrent Rebuild Remembered Sets 5.918ms
[185.061s][info][gc,start    ] GC(1024) Pause Cleanup
[185.061s][info][gc          ] GC(1024) Pause Cleanup 67M->67M(224M) 0.112ms
[185.061s][info][gc,cpu      ] GC(1024) User=0.00s Sys=0.00s Real=0.00s
[185.062s][info][gc,marking  ] GC(1024) Concurrent Cleanup for Next Mark
[185.062s][info][gc,marking  ] GC(1024) Concurrent Cleanup for Next Mark 0.115ms
[185.062s][info][gc          ] GC(1024) Concurrent Mark Cycle 24.667ms
[185.754s][info][gc,start    ] GC(1025) Pause Young (Prepare Mixed) (GCLocker Initiated GC)
[185.754s][info][gc,task     ] GC(1025) Using 6 workers of 6 for evacuation
[185.756s][info][gc,phases   ] GC(1025)   Pre Evacuate Collection Set: 0.2ms
[185.756s][info][gc,phases   ] GC(1025)   Merge Heap Roots: 0.0ms
[185.756s][info][gc,phases   ] GC(1025)   Evacuate Collection Set: 0.6ms
[185.756s][info][gc,phases   ] GC(1025)   Post Evacuate Collection Set: 0.6ms
[185.756s][info][gc,phases   ] GC(1025)   Other: 0.3ms
[185.756s][info][gc,heap     ] GC(1025) Eden regions: 85->0(9)
[185.756s][info][gc,heap     ] GC(1025) Survivor regions: 1->2(17)
[185.756s][info][gc,heap     ] GC(1025) Old regions: 52->52
[185.756s][info][gc,heap     ] GC(1025) Archive regions: 0->0
[185.756s][info][gc,heap     ] GC(1025) Humongous regions: 96->8
[185.756s][info][gc,metaspace] GC(1025) Metaspace: 37382K(37696K)->37382K(37696K) NonClass: 33378K(33536K)->33378K(33536K) Class: 4004K(4160K)->4004K(4160K)
[185.756s][info][gc          ] GC(1025) Pause Young (Prepare Mixed) (GCLocker Initiated GC) 232M->60M(236M) 1.706ms
[185.756s][info][gc,cpu      ] GC(1025) User=0.00s Sys=0.02s Real=0.00s
[185.862s][info][gc,start    ] GC(1026) Pause Young (Mixed) (G1 Evacuation Pause)
[185.862s][info][gc,task     ] GC(1026) Using 6 workers of 6 for evacuation
[185.864s][info][gc,phases   ] GC(1026)   Pre Evacuate Collection Set: 0.1ms
[185.864s][info][gc,phases   ] GC(1026)   Merge Heap Roots: 0.1ms
[185.864s][info][gc,phases   ] GC(1026)   Evacuate Collection Set: 0.7ms
[185.864s][info][gc,phases   ] GC(1026)   Post Evacuate Collection Set: 0.5ms
[185.864s][info][gc,phases   ] GC(1026)   Other: 0.4ms
[185.864s][info][gc,heap     ] GC(1026) Eden regions: 9->0(140)
[185.864s][info][gc,heap     ] GC(1026) Survivor regions: 2->1(2)
[185.864s][info][gc,heap     ] GC(1026) Old regions: 52->52
[185.864s][info][gc,heap     ] GC(1026) Archive regions: 0->0
[185.864s][info][gc,heap     ] GC(1026) Humongous regions: 20->8
[185.864s][info][gc,metaspace] GC(1026) Metaspace: 37382K(37696K)->37382K(37696K) NonClass: 33378K(33536K)->33378K(33536K) Class: 4004K(4160K)->4004K(4160K)
[185.864s][info][gc          ] GC(1026) Pause Young (Mixed) (G1 Evacuation Pause) 81M->59M(236M) 1.737ms
[185.864s][info][gc,cpu      ] GC(1026) User=0.00s Sys=0.00s Real=0.00s
[186.460s][info][gc,start    ] GC(1027) Pause Young (Concurrent Start) (G1 Humongous Allocation)
[186.460s][info][gc,task     ] GC(1027) Using 6 workers of 6 for evacuation
[186.462s][info][gc,phases   ] GC(1027)   Pre Evacuate Collection Set: 0.2ms
[186.462s][info][gc,phases   ] GC(1027)   Merge Heap Roots: 0.1ms
[186.462s][info][gc,phases   ] GC(1027)   Evacuate Collection Set: 0.8ms
[186.462s][info][gc,phases   ] GC(1027)   Post Evacuate Collection Set: 0.9ms
[186.462s][info][gc,phases   ] GC(1027)   Other: 0.3ms
[186.462s][info][gc,heap     ] GC(1027) Eden regions: 70->0(140)
[186.462s][info][gc,heap     ] GC(1027) Survivor regions: 1->1(18)
[186.462s][info][gc,heap     ] GC(1027) Old regions: 52->52
[186.462s][info][gc,heap     ] GC(1027) Archive regions: 0->0
[186.462s][info][gc,heap     ] GC(1027) Humongous regions: 68->4
[186.462s][info][gc,metaspace] GC(1027) Metaspace: 37382K(37696K)->37382K(37696K) NonClass: 33378K(33536K)->33378K(33536K) Class: 4004K(4160K)->4004K(4160K)
[186.462s][info][gc          ] GC(1027) Pause Young (Concurrent Start) (G1 Humongous Allocation) 189M->56M(236M) 2.340ms
[186.462s][info][gc,cpu      ] GC(1027) User=0.00s Sys=0.00s Real=0.00s
[186.462s][info][gc          ] GC(1028) Concurrent Undo Cycle
[186.462s][info][gc,marking  ] GC(1028) Concurrent Cleanup for Next Mark
[186.463s][info][gc,marking  ] GC(1028) Concurrent Cleanup for Next Mark 0.251ms
[186.463s][info][gc          ] GC(1028) Concurrent Undo Cycle 0.308ms
[186.465s][info][gc,start    ] GC(1029) Pause Young (Concurrent Start) (G1 Humongous Allocation)
[186.465s][info][gc,task     ] GC(1029) Using 6 workers of 6 for evacuation
[186.466s][info][gc,phases   ] GC(1029)   Pre Evacuate Collection Set: 0.2ms
[186.466s][info][gc,phases   ] GC(1029)   Merge Heap Roots: 0.1ms
[186.466s][info][gc,phases   ] GC(1029)   Evacuate Collection Set: 0.7ms
[186.466s][info][gc,phases   ] GC(1029)   Post Evacuate Collection Set: 0.5ms
[186.466s][info][gc,phases   ] GC(1029)   Other: 0.3ms
[186.466s][info][gc,heap     ] GC(1029) Eden regions: 1->0(140)
[186.466s][info][gc,heap     ] GC(1029) Survivor regions: 1->1(18)
[186.466s][info][gc,heap     ] GC(1029) Old regions: 52->52
[186.466s][info][gc,heap     ] GC(1029) Archive regions: 0->0
[186.466s][info][gc,heap     ] GC(1029) Humongous regions: 8->8
[186.466s][info][gc,metaspace] GC(1029) Metaspace: 37382K(37696K)->37382K(37696K) NonClass: 33378K(33536K)->33378K(33536K) Class: 4004K(4160K)->4004K(4160K)
[186.466s][info][gc          ] GC(1029) Pause Young (Concurrent Start) (G1 Humongous Allocation) 60M->60M(236M) 1.782ms
[186.467s][info][gc,cpu      ] GC(1029) User=0.00s Sys=0.00s Real=0.00s
[186.467s][info][gc          ] GC(1030) Concurrent Mark Cycle
[186.467s][info][gc,marking  ] GC(1030) Concurrent Clear Claimed Marks
[186.467s][info][gc,marking  ] GC(1030) Concurrent Clear Claimed Marks 0.016ms
[186.467s][info][gc,marking  ] GC(1030) Concurrent Scan Root Regions
[186.467s][info][gc,marking  ] GC(1030) Concurrent Scan Root Regions 0.494ms
[186.467s][info][gc,marking  ] GC(1030) Concurrent Mark
[186.467s][info][gc,marking  ] GC(1030) Concurrent Mark From Roots
[186.467s][info][gc,task     ] GC(1030) Using 2 workers of 2 for marking
[186.477s][info][gc,marking  ] GC(1030) Concurrent Mark From Roots 10.060ms
[186.477s][info][gc,marking  ] GC(1030) Concurrent Preclean
[186.478s][info][gc,marking  ] GC(1030) Concurrent Preclean 0.208ms
[186.478s][info][gc,start    ] GC(1030) Pause Remark
[186.482s][info][gc          ] GC(1030) Pause Remark 70M->70M(236M) 4.498ms
[186.483s][info][gc,cpu      ] GC(1030) User=0.00s Sys=0.00s Real=0.00s
[186.483s][info][gc,marking  ] GC(1030) Concurrent Mark 15.509ms
[186.483s][info][gc,marking  ] GC(1030) Concurrent Rebuild Remembered Sets
[186.488s][info][gc,marking  ] GC(1030) Concurrent Rebuild Remembered Sets 4.792ms
[186.488s][info][gc,start    ] GC(1030) Pause Cleanup
[186.488s][info][gc          ] GC(1030) Pause Cleanup 71M->71M(236M) 0.147ms
[186.488s][info][gc,cpu      ] GC(1030) User=0.00s Sys=0.00s Real=0.00s
[186.488s][info][gc,marking  ] GC(1030) Concurrent Cleanup for Next Mark
[186.489s][info][gc,marking  ] GC(1030) Concurrent Cleanup for Next Mark 0.217ms
[186.489s][info][gc          ] GC(1030) Concurrent Mark Cycle 21.883ms
[187.212s][info][gc,start    ] GC(1031) Pause Young (Prepare Mixed) (G1 Preventive Collection)
[187.212s][info][gc,task     ] GC(1031) Using 6 workers of 6 for evacuation
[187.214s][info][gc,phases   ] GC(1031)   Pre Evacuate Collection Set: 0.2ms
[187.214s][info][gc,phases   ] GC(1031)   Merge Heap Roots: 0.1ms
[187.214s][info][gc,phases   ] GC(1031)   Evacuate Collection Set: 0.7ms
[187.214s][info][gc,phases   ] GC(1031)   Post Evacuate Collection Set: 0.7ms
[187.214s][info][gc,phases   ] GC(1031)   Other: 0.3ms
[187.214s][info][gc,heap     ] GC(1031) Eden regions: 89->0(10)
[187.214s][info][gc,heap     ] GC(1031) Survivor regions: 1->2(18)
[187.214s][info][gc,heap     ] GC(1031) Old regions: 52->52
[187.214s][info][gc,heap     ] GC(1031) Archive regions: 0->0
[187.214s][info][gc,heap     ] GC(1031) Humongous regions: 100->4
[187.214s][info][gc,metaspace] GC(1031) Metaspace: 37393K(37696K)->37393K(37696K) NonClass: 33388K(33536K)->33388K(33536K) Class: 4004K(4160K)->4004K(4160K)
[187.214s][info][gc          ] GC(1031) Pause Young (Prepare Mixed) (G1 Preventive Collection) 241M->57M(244M) 1.943ms
[187.214s][info][gc,cpu      ] GC(1031) User=0.00s Sys=0.00s Real=0.00s
[187.308s][info][gc,start    ] GC(1032) Pause Young (Mixed) (GCLocker Initiated GC)
[187.308s][info][gc,task     ] GC(1032) Using 6 workers of 6 for evacuation
[187.310s][info][gc,phases   ] GC(1032)   Pre Evacuate Collection Set: 0.2ms
[187.310s][info][gc,phases   ] GC(1032)   Merge Heap Roots: 0.3ms
[187.310s][info][gc,phases   ] GC(1032)   Evacuate Collection Set: 1.1ms
[187.310s][info][gc,phases   ] GC(1032)   Post Evacuate Collection Set: 0.7ms
[187.310s][info][gc,phases   ] GC(1032)   Other: 0.4ms
[187.310s][info][gc,heap     ] GC(1032) Eden regions: 10->0(145)
[187.310s][info][gc,heap     ] GC(1032) Survivor regions: 2->1(2)
[187.310s][info][gc,heap     ] GC(1032) Old regions: 52->53
[187.310s][info][gc,heap     ] GC(1032) Archive regions: 0->0
[187.310s][info][gc,heap     ] GC(1032) Humongous regions: 16->8
[187.310s][info][gc,metaspace] GC(1032) Metaspace: 37393K(37696K)->37393K(37696K) NonClass: 33388K(33536K)->33388K(33536K) Class: 4004K(4160K)->4004K(4160K)
[187.310s][info][gc          ] GC(1032) Pause Young (Mixed) (GCLocker Initiated GC) 79M->61M(244M) 2.607ms
[187.310s][info][gc,cpu      ] GC(1032) User=0.00s Sys=0.00s Real=0.00s
[187.393s][info][gc,start    ] GC(1033) Pause Young (Concurrent Start) (G1 Humongous Allocation)
[187.393s][info][gc,task     ] GC(1033) Using 6 workers of 6 for evacuation
[187.395s][info][gc,phases   ] GC(1033)   Pre Evacuate Collection Set: 0.2ms
[187.395s][info][gc,phases   ] GC(1033)   Merge Heap Roots: 0.1ms
[187.395s][info][gc,phases   ] GC(1033)   Evacuate Collection Set: 1.1ms
[187.395s][info][gc,phases   ] GC(1033)   Post Evacuate Collection Set: 0.7ms
[187.395s][info][gc,phases   ] GC(1033)   Other: 0.4ms
[187.395s][info][gc,heap     ] GC(1033) Eden regions: 8->0(145)
[187.395s][info][gc,heap     ] GC(1033) Survivor regions: 1->1(19)
[187.395s][info][gc,heap     ] GC(1033) Old regions: 53->53
[187.395s][info][gc,heap     ] GC(1033) Archive regions: 0->0
[187.395s][info][gc,heap     ] GC(1033) Humongous regions: 8->4
[187.395s][info][gc,metaspace] GC(1033) Metaspace: 37393K(37696K)->37393K(37696K) NonClass: 33388K(33536K)->33388K(33536K) Class: 4004K(4160K)->4004K(4160K)
[187.395s][info][gc          ] GC(1033) Pause Young (Concurrent Start) (G1 Humongous Allocation) 68M->56M(244M) 2.441ms
[187.396s][info][gc,cpu      ] GC(1033) User=0.02s Sys=0.00s Real=0.00s
[187.396s][info][gc          ] GC(1034) Concurrent Mark Cycle
[187.396s][info][gc,marking  ] GC(1034) Concurrent Clear Claimed Marks
[187.396s][info][gc,marking  ] GC(1034) Concurrent Clear Claimed Marks 0.028ms
[187.396s][info][gc,marking  ] GC(1034) Concurrent Scan Root Regions
[187.396s][info][gc,marking  ] GC(1034) Concurrent Scan Root Regions 0.559ms
[187.396s][info][gc,marking  ] GC(1034) Concurrent Mark
[187.396s][info][gc,marking  ] GC(1034) Concurrent Mark From Roots
[187.396s][info][gc,task     ] GC(1034) Using 2 workers of 2 for marking
[187.407s][info][gc,marking  ] GC(1034) Concurrent Mark From Roots 11.075ms
[187.407s][info][gc,marking  ] GC(1034) Concurrent Preclean
[187.408s][info][gc,marking  ] GC(1034) Concurrent Preclean 0.191ms
[187.408s][info][gc,start    ] GC(1034) Pause Remark
[187.414s][info][gc          ] GC(1034) Pause Remark 69M->69M(240M) 5.969ms
[187.414s][info][gc,cpu      ] GC(1034) User=0.02s Sys=0.02s Real=0.01s
[187.414s][info][gc,marking  ] GC(1034) Concurrent Mark 17.959ms
[187.414s][info][gc,marking  ] GC(1034) Concurrent Rebuild Remembered Sets
[187.419s][info][gc,marking  ] GC(1034) Concurrent Rebuild Remembered Sets 4.724ms
[187.419s][info][gc,start    ] GC(1034) Pause Cleanup
[187.419s][info][gc          ] GC(1034) Pause Cleanup 70M->70M(240M) 0.115ms
[187.420s][info][gc,cpu      ] GC(1034) User=0.00s Sys=0.00s Real=0.00s
[187.420s][info][gc,marking  ] GC(1034) Concurrent Cleanup for Next Mark
[187.420s][info][gc,marking  ] GC(1034) Concurrent Cleanup for Next Mark 0.155ms
[187.420s][info][gc          ] GC(1034) Concurrent Mark Cycle 24.174ms
[188.156s][info][gc,start    ] GC(1035) Pause Young (Prepare Mixed) (G1 Preventive Collection)
[188.156s][info][gc,task     ] GC(1035) Using 6 workers of 6 for evacuation
[188.158s][info][gc,phases   ] GC(1035)   Pre Evacuate Collection Set: 0.2ms
[188.158s][info][gc,phases   ] GC(1035)   Merge Heap Roots: 0.1ms
[188.158s][info][gc,phases   ] GC(1035)   Evacuate Collection Set: 0.7ms
[188.158s][info][gc,phases   ] GC(1035)   Post Evacuate Collection Set: 0.7ms
[188.158s][info][gc,phases   ] GC(1035)   Other: 0.3ms
[188.158s][info][gc,heap     ] GC(1035) Eden regions: 84->0(10)
[188.158s][info][gc,heap     ] GC(1035) Survivor regions: 1->2(18)
[188.158s][info][gc,heap     ] GC(1035) Old regions: 53->53
[188.158s][info][gc,heap     ] GC(1035) Archive regions: 0->0
[188.158s][info][gc,heap     ] GC(1035) Humongous regions: 100->4
[188.158s][info][gc,metaspace] GC(1035) Metaspace: 37396K(37696K)->37396K(37696K) NonClass: 33391K(33536K)->33391K(33536K) Class: 4004K(4160K)->4004K(4160K)
[188.158s][info][gc          ] GC(1035) Pause Young (Prepare Mixed) (G1 Preventive Collection) 236M->57M(240M) 1.934ms
[188.158s][info][gc,cpu      ] GC(1035) User=0.00s Sys=0.00s Real=0.00s
[188.249s][info][gc,start    ] GC(1036) Pause Young (Mixed) (G1 Evacuation Pause)
[188.249s][info][gc,task     ] GC(1036) Using 6 workers of 6 for evacuation
[188.250s][info][gc,phases   ] GC(1036)   Pre Evacuate Collection Set: 0.2ms
[188.250s][info][gc,phases   ] GC(1036)   Merge Heap Roots: 0.1ms
[188.250s][info][gc,phases   ] GC(1036)   Evacuate Collection Set: 0.7ms
[188.250s][info][gc,phases   ] GC(1036)   Post Evacuate Collection Set: 0.5ms
[188.250s][info][gc,phases   ] GC(1036)   Other: 0.3ms
[188.250s][info][gc,heap     ] GC(1036) Eden regions: 10->0(143)
[188.250s][info][gc,heap     ] GC(1036) Survivor regions: 2->1(2)
[188.250s][info][gc,heap     ] GC(1036) Old regions: 53->53
[188.250s][info][gc,heap     ] GC(1036) Archive regions: 0->0
[188.250s][info][gc,heap     ] GC(1036) Humongous regions: 16->8
[188.250s][info][gc,metaspace] GC(1036) Metaspace: 37396K(37696K)->37396K(37696K) NonClass: 33391K(33536K)->33391K(33536K) Class: 4004K(4160K)->4004K(4160K)
[188.250s][info][gc          ] GC(1036) Pause Young (Mixed) (G1 Evacuation Pause) 79M->60M(240M) 1.775ms
[188.250s][info][gc,cpu      ] GC(1036) User=0.00s Sys=0.00s Real=0.00s
[188.335s][info][gc,start    ] GC(1037) Pause Young (Concurrent Start) (G1 Humongous Allocation)
[188.335s][info][gc,task     ] GC(1037) Using 6 workers of 6 for evacuation
[188.339s][info][gc,phases   ] GC(1037)   Pre Evacuate Collection Set: 0.3ms
[188.339s][info][gc,phases   ] GC(1037)   Merge Heap Roots: 0.1ms
[188.339s][info][gc,phases   ] GC(1037)   Evacuate Collection Set: 1.8ms
[188.339s][info][gc,phases   ] GC(1037)   Post Evacuate Collection Set: 1.3ms
[188.339s][info][gc,phases   ] GC(1037)   Other: 0.7ms
[188.339s][info][gc,heap     ] GC(1037) Eden regions: 10->0(143)
[188.339s][info][gc,heap     ] GC(1037) Survivor regions: 1->1(18)
[188.339s][info][gc,heap     ] GC(1037) Old regions: 53->53
[188.339s][info][gc,heap     ] GC(1037) Archive regions: 0->0
[188.339s][info][gc,heap     ] GC(1037) Humongous regions: 8->4
[188.339s][info][gc,metaspace] GC(1037) Metaspace: 37396K(37696K)->37396K(37696K) NonClass: 33391K(33536K)->33391K(33536K) Class: 4004K(4160K)->4004K(4160K)
[188.339s][info][gc          ] GC(1037) Pause Young (Concurrent Start) (G1 Humongous Allocation) 70M->56M(240M) 4.311ms
[188.340s][info][gc,cpu      ] GC(1037) User=0.00s Sys=0.00s Real=0.00s
[188.340s][info][gc          ] GC(1038) Concurrent Mark Cycle
[188.340s][info][gc,marking  ] GC(1038) Concurrent Clear Claimed Marks
[188.340s][info][gc,marking  ] GC(1038) Concurrent Clear Claimed Marks 0.051ms
[188.340s][info][gc,marking  ] GC(1038) Concurrent Scan Root Regions
[188.341s][info][gc,marking  ] GC(1038) Concurrent Scan Root Regions 0.969ms
[188.341s][info][gc,marking  ] GC(1038) Concurrent Mark
[188.341s][info][gc,marking  ] GC(1038) Concurrent Mark From Roots
[188.341s][info][gc,task     ] GC(1038) Using 2 workers of 2 for marking
[188.361s][info][gc,marking  ] GC(1038) Concurrent Mark From Roots 19.921ms
[188.361s][info][gc,marking  ] GC(1038) Concurrent Preclean
[188.361s][info][gc,marking  ] GC(1038) Concurrent Preclean 0.254ms
[188.362s][info][gc,start    ] GC(1038) Pause Remark
[188.366s][info][gc          ] GC(1038) Pause Remark 71M->71M(240M) 3.939ms
[188.366s][info][gc,cpu      ] GC(1038) User=0.05s Sys=0.00s Real=0.01s
[188.366s][info][gc,marking  ] GC(1038) Concurrent Mark 25.427ms
[188.366s][info][gc,marking  ] GC(1038) Concurrent Rebuild Remembered Sets
[188.373s][info][gc,marking  ] GC(1038) Concurrent Rebuild Remembered Sets 6.591ms
[188.373s][info][gc,start    ] GC(1038) Pause Cleanup
[188.374s][info][gc          ] GC(1038) Pause Cleanup 72M->72M(240M) 0.152ms
[188.374s][info][gc,cpu      ] GC(1038) User=0.00s Sys=0.00s Real=0.00s
[188.374s][info][gc,marking  ] GC(1038) Concurrent Cleanup for Next Mark
[188.374s][info][gc,marking  ] GC(1038) Concurrent Cleanup for Next Mark 0.177ms
[188.374s][info][gc          ] GC(1038) Concurrent Mark Cycle 34.258ms
[189.141s][info][gc,start    ] GC(1039) Pause Young (Prepare Mixed) (GCLocker Initiated GC)
[189.141s][info][gc,task     ] GC(1039) Using 6 workers of 6 for evacuation
[189.143s][info][gc,phases   ] GC(1039)   Pre Evacuate Collection Set: 0.2ms
[189.143s][info][gc,phases   ] GC(1039)   Merge Heap Roots: 0.1ms
[189.143s][info][gc,phases   ] GC(1039)   Evacuate Collection Set: 0.8ms
[189.143s][info][gc,phases   ] GC(1039)   Post Evacuate Collection Set: 0.6ms
[189.143s][info][gc,phases   ] GC(1039)   Other: 0.3ms
[189.143s][info][gc,heap     ] GC(1039) Eden regions: 84->0(10)
[189.143s][info][gc,heap     ] GC(1039) Survivor regions: 1->2(18)
[189.143s][info][gc,heap     ] GC(1039) Old regions: 53->53
[189.143s][info][gc,heap     ] GC(1039) Archive regions: 0->0
[189.143s][info][gc,heap     ] GC(1039) Humongous regions: 100->8
[189.143s][info][gc,metaspace] GC(1039) Metaspace: 37398K(37696K)->37398K(37696K) NonClass: 33393K(33536K)->33393K(33536K) Class: 4004K(4160K)->4004K(4160K)
[189.143s][info][gc          ] GC(1039) Pause Young (Prepare Mixed) (GCLocker Initiated GC) 236M->61M(240M) 2.060ms
[189.143s][info][gc,cpu      ] GC(1039) User=0.00s Sys=0.00s Real=0.00s
[189.231s][info][gc,start    ] GC(1040) Pause Young (Mixed) (GCLocker Initiated GC)
[189.231s][info][gc,task     ] GC(1040) Using 6 workers of 6 for evacuation
[189.232s][info][gc,phases   ] GC(1040)   Pre Evacuate Collection Set: 0.1ms
[189.232s][info][gc,phases   ] GC(1040)   Merge Heap Roots: 0.1ms
[189.232s][info][gc,phases   ] GC(1040)   Evacuate Collection Set: 0.6ms
[189.232s][info][gc,phases   ] GC(1040)   Post Evacuate Collection Set: 0.4ms
[189.232s][info][gc,phases   ] GC(1040)   Other: 0.4ms
[189.232s][info][gc,heap     ] GC(1040) Eden regions: 11->0(143)
[189.232s][info][gc,heap     ] GC(1040) Survivor regions: 2->1(2)
[189.232s][info][gc,heap     ] GC(1040) Old regions: 53->53
[189.232s][info][gc,heap     ] GC(1040) Archive regions: 0->0
[189.232s][info][gc,heap     ] GC(1040) Humongous regions: 20->8
[189.232s][info][gc,metaspace] GC(1040) Metaspace: 37398K(37696K)->37398K(37696K) NonClass: 33393K(33536K)->33393K(33536K) Class: 4004K(4160K)->4004K(4160K)
[189.232s][info][gc          ] GC(1040) Pause Young (Mixed) (GCLocker Initiated GC) 83M->60M(240M) 1.459ms
[189.233s][info][gc,cpu      ] GC(1040) User=0.00s Sys=0.00s Real=0.00s
[189.329s][info][gc,start    ] GC(1041) Pause Young (Concurrent Start) (GCLocker Initiated GC)
[189.329s][info][gc,task     ] GC(1041) Using 6 workers of 6 for evacuation
[189.331s][info][gc,phases   ] GC(1041)   Pre Evacuate Collection Set: 0.1ms
[189.331s][info][gc,phases   ] GC(1041)   Merge Heap Roots: 0.0ms
[189.331s][info][gc,phases   ] GC(1041)   Evacuate Collection Set: 0.8ms
[189.331s][info][gc,phases   ] GC(1041)   Post Evacuate Collection Set: 0.4ms
[189.331s][info][gc,phases   ] GC(1041)   Other: 0.3ms
[189.331s][info][gc,heap     ] GC(1041) Eden regions: 8->0(143)
[189.331s][info][gc,heap     ] GC(1041) Survivor regions: 1->1(18)
[189.331s][info][gc,heap     ] GC(1041) Old regions: 53->53
[189.331s][info][gc,heap     ] GC(1041) Archive regions: 0->0
[189.331s][info][gc,heap     ] GC(1041) Humongous regions: 8->4
[189.331s][info][gc,metaspace] GC(1041) Metaspace: 37398K(37696K)->37398K(37696K) NonClass: 33393K(33536K)->33393K(33536K) Class: 4004K(4160K)->4004K(4160K)
[189.331s][info][gc          ] GC(1041) Pause Young (Concurrent Start) (GCLocker Initiated GC) 68M->56M(240M) 1.694ms
[189.331s][info][gc,cpu      ] GC(1041) User=0.00s Sys=0.00s Real=0.00s
[189.331s][info][gc          ] GC(1042) Concurrent Mark Cycle
[189.331s][info][gc,marking  ] GC(1042) Concurrent Clear Claimed Marks
[189.331s][info][gc,marking  ] GC(1042) Concurrent Clear Claimed Marks 0.026ms
[189.331s][info][gc,marking  ] GC(1042) Concurrent Scan Root Regions
[189.332s][info][gc,marking  ] GC(1042) Concurrent Scan Root Regions 0.574ms
[189.332s][info][gc,marking  ] GC(1042) Concurrent Mark
[189.332s][info][gc,marking  ] GC(1042) Concurrent Mark From Roots
[189.332s][info][gc,task     ] GC(1042) Using 2 workers of 2 for marking
[189.343s][info][gc,marking  ] GC(1042) Concurrent Mark From Roots 11.729ms
[189.344s][info][gc,marking  ] GC(1042) Concurrent Preclean
[189.344s][info][gc,marking  ] GC(1042) Concurrent Preclean 0.225ms
[189.344s][info][gc,start    ] GC(1042) Pause Remark
[189.347s][info][gc          ] GC(1042) Pause Remark 70M->70M(240M) 2.764ms
[189.347s][info][gc,cpu      ] GC(1042) User=0.00s Sys=0.00s Real=0.00s
[189.347s][info][gc,marking  ] GC(1042) Concurrent Mark 15.481ms
[189.347s][info][gc,marking  ] GC(1042) Concurrent Rebuild Remembered Sets
[189.352s][info][gc,marking  ] GC(1042) Concurrent Rebuild Remembered Sets 5.205ms
[189.353s][info][gc,start    ] GC(1042) Pause Cleanup
[189.353s][info][gc          ] GC(1042) Pause Cleanup 71M->71M(240M) 0.093ms
[189.353s][info][gc,cpu      ] GC(1042) User=0.00s Sys=0.00s Real=0.00s
[189.353s][info][gc,marking  ] GC(1042) Concurrent Cleanup for Next Mark
[189.353s][info][gc,marking  ] GC(1042) Concurrent Cleanup for Next Mark 0.127ms
[189.353s][info][gc          ] GC(1042) Concurrent Mark Cycle 22.108ms
[190.113s][info][gc,start    ] GC(1043) Pause Young (Prepare Mixed) (GCLocker Initiated GC)
[190.113s][info][gc,task     ] GC(1043) Using 6 workers of 6 for evacuation
[190.115s][info][gc,phases   ] GC(1043)   Pre Evacuate Collection Set: 0.2ms
[190.115s][info][gc,phases   ] GC(1043)   Merge Heap Roots: 0.1ms
[190.115s][info][gc,phases   ] GC(1043)   Evacuate Collection Set: 0.8ms
[190.115s][info][gc,phases   ] GC(1043)   Post Evacuate Collection Set: 0.7ms
[190.115s][info][gc,phases   ] GC(1043)   Other: 0.3ms
[190.115s][info][gc,heap     ] GC(1043) Eden regions: 84->0(10)
[190.115s][info][gc,heap     ] GC(1043) Survivor regions: 1->2(18)
[190.115s][info][gc,heap     ] GC(1043) Old regions: 53->53
[190.115s][info][gc,heap     ] GC(1043) Archive regions: 0->0
[190.115s][info][gc,heap     ] GC(1043) Humongous regions: 100->4
[190.115s][info][gc,metaspace] GC(1043) Metaspace: 37398K(37696K)->37398K(37696K) NonClass: 33393K(33536K)->33393K(33536K) Class: 4004K(4160K)->4004K(4160K)
[190.115s][info][gc          ] GC(1043) Pause Young (Prepare Mixed) (GCLocker Initiated GC) 236M->58M(240M) 2.106ms
[190.115s][info][gc,cpu      ] GC(1043) User=0.05s Sys=0.00s Real=0.00s
[190.171s][info][gc,start    ] GC(1044) Pause Young (Mixed) (GCLocker Initiated GC)
[190.172s][info][gc,task     ] GC(1044) Using 6 workers of 6 for evacuation
[190.173s][info][gc,phases   ] GC(1044)   Pre Evacuate Collection Set: 0.2ms
[190.173s][info][gc,phases   ] GC(1044)   Merge Heap Roots: 0.1ms
[190.173s][info][gc,phases   ] GC(1044)   Evacuate Collection Set: 0.6ms
[190.173s][info][gc,phases   ] GC(1044)   Post Evacuate Collection Set: 0.7ms
[190.173s][info][gc,phases   ] GC(1044)   Other: 0.3ms
[190.173s][info][gc,heap     ] GC(1044) Eden regions: 11->0(143)
[190.173s][info][gc,heap     ] GC(1044) Survivor regions: 2->1(2)
[190.173s][info][gc,heap     ] GC(1044) Old regions: 53->53
[190.173s][info][gc,heap     ] GC(1044) Archive regions: 0->0
[190.173s][info][gc,heap     ] GC(1044) Humongous regions: 16->4
[190.173s][info][gc,metaspace] GC(1044) Metaspace: 37401K(37696K)->37401K(37696K) NonClass: 33396K(33536K)->33396K(33536K) Class: 4004K(4160K)->4004K(4160K)
[190.173s][info][gc          ] GC(1044) Pause Young (Mixed) (GCLocker Initiated GC) 81M->57M(240M) 1.827ms
[190.173s][info][gc,cpu      ] GC(1044) User=0.00s Sys=0.00s Real=0.00s
[190.243s][info][gc,start    ] GC(1045) Pause Young (Concurrent Start) (GCLocker Initiated GC)
[190.243s][info][gc,task     ] GC(1045) Using 6 workers of 6 for evacuation
[190.245s][info][gc,phases   ] GC(1045)   Pre Evacuate Collection Set: 0.2ms
[190.245s][info][gc,phases   ] GC(1045)   Merge Heap Roots: 0.1ms
[190.245s][info][gc,phases   ] GC(1045)   Evacuate Collection Set: 0.7ms
[190.245s][info][gc,phases   ] GC(1045)   Post Evacuate Collection Set: 0.5ms
[190.245s][info][gc,phases   ] GC(1045)   Other: 0.3ms
[190.245s][info][gc,heap     ] GC(1045) Eden regions: 1->0(143)
[190.245s][info][gc,heap     ] GC(1045) Survivor regions: 1->1(18)
[190.245s][info][gc,heap     ] GC(1045) Old regions: 53->53
[190.245s][info][gc,heap     ] GC(1045) Archive regions: 0->0
[190.245s][info][gc,heap     ] GC(1045) Humongous regions: 4->4
[190.245s][info][gc,metaspace] GC(1045) Metaspace: 37401K(37696K)->37401K(37696K) NonClass: 33396K(33536K)->33396K(33536K) Class: 4004K(4160K)->4004K(4160K)
[190.245s][info][gc          ] GC(1045) Pause Young (Concurrent Start) (GCLocker Initiated GC) 57M->56M(240M) 1.776ms
[190.245s][info][gc,cpu      ] GC(1045) User=0.00s Sys=0.00s Real=0.00s
[190.245s][info][gc          ] GC(1046) Concurrent Mark Cycle
[190.245s][info][gc,marking  ] GC(1046) Concurrent Clear Claimed Marks
[190.245s][info][gc,marking  ] GC(1046) Concurrent Clear Claimed Marks 0.017ms
[190.245s][info][gc,marking  ] GC(1046) Concurrent Scan Root Regions
[190.246s][info][gc,marking  ] GC(1046) Concurrent Scan Root Regions 0.429ms
[190.246s][info][gc,marking  ] GC(1046) Concurrent Mark
[190.246s][info][gc,marking  ] GC(1046) Concurrent Mark From Roots
[190.246s][info][gc,task     ] GC(1046) Using 2 workers of 2 for marking
[190.256s][info][gc,marking  ] GC(1046) Concurrent Mark From Roots 10.015ms
[190.256s][info][gc,marking  ] GC(1046) Concurrent Preclean
[190.256s][info][gc,marking  ] GC(1046) Concurrent Preclean 0.141ms
[190.256s][info][gc,start    ] GC(1046) Pause Remark
[190.261s][info][gc          ] GC(1046) Pause Remark 70M->70M(240M) 4.525ms
[190.261s][info][gc,cpu      ] GC(1046) User=0.00s Sys=0.00s Real=0.01s
[190.261s][info][gc,marking  ] GC(1046) Concurrent Mark 15.425ms
[190.261s][info][gc,marking  ] GC(1046) Concurrent Rebuild Remembered Sets
[190.266s][info][gc,marking  ] GC(1046) Concurrent Rebuild Remembered Sets 5.160ms
[190.267s][info][gc,start    ] GC(1046) Pause Cleanup
[190.267s][info][gc          ] GC(1046) Pause Cleanup 71M->71M(240M) 0.154ms
[190.267s][info][gc,cpu      ] GC(1046) User=0.00s Sys=0.00s Real=0.00s
[190.267s][info][gc,marking  ] GC(1046) Concurrent Cleanup for Next Mark
[190.267s][info][gc,marking  ] GC(1046) Concurrent Cleanup for Next Mark 0.181ms
[190.267s][info][gc          ] GC(1046) Concurrent Mark Cycle 22.078ms
[190.964s][info][gc,start    ] GC(1047) Pause Young (Prepare Mixed) (GCLocker Initiated GC)
[190.965s][info][gc,task     ] GC(1047) Using 6 workers of 6 for evacuation
[190.966s][info][gc,phases   ] GC(1047)   Pre Evacuate Collection Set: 0.2ms
[190.966s][info][gc,phases   ] GC(1047)   Merge Heap Roots: 0.1ms
[190.966s][info][gc,phases   ] GC(1047)   Evacuate Collection Set: 0.7ms
[190.966s][info][gc,phases   ] GC(1047)   Post Evacuate Collection Set: 0.7ms
[190.966s][info][gc,phases   ] GC(1047)   Other: 0.3ms
[190.966s][info][gc,heap     ] GC(1047) Eden regions: 84->0(10)
[190.966s][info][gc,heap     ] GC(1047) Survivor regions: 1->2(18)
[190.966s][info][gc,heap     ] GC(1047) Old regions: 53->53
[190.966s][info][gc,heap     ] GC(1047) Archive regions: 0->0
[190.966s][info][gc,heap     ] GC(1047) Humongous regions: 100->8
[190.966s][info][gc,metaspace] GC(1047) Metaspace: 37401K(37696K)->37401K(37696K) NonClass: 33396K(33536K)->33396K(33536K) Class: 4004K(4160K)->4004K(4160K)
[190.966s][info][gc          ] GC(1047) Pause Young (Prepare Mixed) (GCLocker Initiated GC) 236M->62M(240M) 2.011ms
[190.967s][info][gc,cpu      ] GC(1047) User=0.00s Sys=0.00s Real=0.00s
[191.076s][info][gc,start    ] GC(1048) Pause Young (Mixed) (GCLocker Initiated GC)
[191.076s][info][gc,task     ] GC(1048) Using 6 workers of 6 for evacuation
[191.077s][info][gc,phases   ] GC(1048)   Pre Evacuate Collection Set: 0.2ms
[191.077s][info][gc,phases   ] GC(1048)   Merge Heap Roots: 0.1ms
[191.077s][info][gc,phases   ] GC(1048)   Evacuate Collection Set: 0.7ms
[191.077s][info][gc,phases   ] GC(1048)   Post Evacuate Collection Set: 0.6ms
[191.077s][info][gc,phases   ] GC(1048)   Other: 0.3ms
[191.077s][info][gc,heap     ] GC(1048) Eden regions: 11->0(143)
[191.077s][info][gc,heap     ] GC(1048) Survivor regions: 2->1(2)
[191.078s][info][gc,heap     ] GC(1048) Old regions: 53->54
[191.078s][info][gc,heap     ] GC(1048) Archive regions: 0->0
[191.078s][info][gc,heap     ] GC(1048) Humongous regions: 20->8
[191.078s][info][gc,metaspace] GC(1048) Metaspace: 37401K(37696K)->37401K(37696K) NonClass: 33396K(33536K)->33396K(33536K) Class: 4004K(4160K)->4004K(4160K)
[191.078s][info][gc          ] GC(1048) Pause Young (Mixed) (GCLocker Initiated GC) 84M->61M(240M) 1.894ms
[191.078s][info][gc,cpu      ] GC(1048) User=0.00s Sys=0.00s Real=0.00s
[191.160s][info][gc,start    ] GC(1049) Pause Young (Concurrent Start) (GCLocker Initiated GC)
[191.160s][info][gc,task     ] GC(1049) Using 6 workers of 6 for evacuation
[191.162s][info][gc,phases   ] GC(1049)   Pre Evacuate Collection Set: 0.2ms
[191.162s][info][gc,phases   ] GC(1049)   Merge Heap Roots: 0.1ms
[191.162s][info][gc,phases   ] GC(1049)   Evacuate Collection Set: 0.8ms
[191.162s][info][gc,phases   ] GC(1049)   Post Evacuate Collection Set: 0.7ms
[191.162s][info][gc,phases   ] GC(1049)   Other: 0.4ms
[191.162s][info][gc,heap     ] GC(1049) Eden regions: 12->0(143)
[191.162s][info][gc,heap     ] GC(1049) Survivor regions: 1->1(18)
[191.162s][info][gc,heap     ] GC(1049) Old regions: 54->54
[191.162s][info][gc,heap     ] GC(1049) Archive regions: 0->0
[191.162s][info][gc,heap     ] GC(1049) Humongous regions: 8->4
[191.162s][info][gc,metaspace] GC(1049) Metaspace: 37401K(37696K)->37401K(37696K) NonClass: 33396K(33536K)->33396K(33536K) Class: 4004K(4160K)->4004K(4160K)
[191.162s][info][gc          ] GC(1049) Pause Young (Concurrent Start) (GCLocker Initiated GC) 72M->57M(240M) 2.126ms
[191.162s][info][gc,cpu      ] GC(1049) User=0.00s Sys=0.00s Real=0.00s
[191.162s][info][gc          ] GC(1050) Concurrent Mark Cycle
[191.162s][info][gc,marking  ] GC(1050) Concurrent Clear Claimed Marks
[191.163s][info][gc,marking  ] GC(1050) Concurrent Clear Claimed Marks 0.029ms
[191.163s][info][gc,marking  ] GC(1050) Concurrent Scan Root Regions
[191.163s][info][gc,marking  ] GC(1050) Concurrent Scan Root Regions 0.517ms
[191.163s][info][gc,marking  ] GC(1050) Concurrent Mark
[191.163s][info][gc,marking  ] GC(1050) Concurrent Mark From Roots
[191.163s][info][gc,task     ] GC(1050) Using 2 workers of 2 for marking
[191.174s][info][gc,marking  ] GC(1050) Concurrent Mark From Roots 10.931ms
[191.174s][info][gc,marking  ] GC(1050) Concurrent Preclean
[191.174s][info][gc,marking  ] GC(1050) Concurrent Preclean 0.158ms
[191.175s][info][gc,start    ] GC(1050) Pause Remark
[191.177s][info][gc          ] GC(1050) Pause Remark 70M->70M(240M) 2.529ms
[191.177s][info][gc,cpu      ] GC(1050) User=0.08s Sys=0.00s Real=0.00s
[191.177s][info][gc,marking  ] GC(1050) Concurrent Mark 14.387ms
[191.177s][info][gc,marking  ] GC(1050) Concurrent Rebuild Remembered Sets
[191.183s][info][gc,marking  ] GC(1050) Concurrent Rebuild Remembered Sets 5.349ms
[191.183s][info][gc,start    ] GC(1050) Pause Cleanup
[191.183s][info][gc          ] GC(1050) Pause Cleanup 71M->71M(240M) 0.128ms
[191.183s][info][gc,cpu      ] GC(1050) User=0.00s Sys=0.00s Real=0.00s
[191.184s][info][gc,marking  ] GC(1050) Concurrent Cleanup for Next Mark
[191.184s][info][gc,marking  ] GC(1050) Concurrent Cleanup for Next Mark 0.150ms
[191.184s][info][gc          ] GC(1050) Concurrent Mark Cycle 21.300ms
[191.897s][info][gc,start    ] GC(1051) Pause Young (Prepare Mixed) (GCLocker Initiated GC)
[191.897s][info][gc,task     ] GC(1051) Using 6 workers of 6 for evacuation
[191.899s][info][gc,phases   ] GC(1051)   Pre Evacuate Collection Set: 0.2ms
[191.899s][info][gc,phases   ] GC(1051)   Merge Heap Roots: 0.1ms
[191.899s][info][gc,phases   ] GC(1051)   Evacuate Collection Set: 0.8ms
[191.899s][info][gc,phases   ] GC(1051)   Post Evacuate Collection Set: 0.7ms
[191.899s][info][gc,phases   ] GC(1051)   Other: 0.3ms
[191.899s][info][gc,heap     ] GC(1051) Eden regions: 83->0(10)
[191.899s][info][gc,heap     ] GC(1051) Survivor regions: 1->2(18)
[191.899s][info][gc,heap     ] GC(1051) Old regions: 54->54
[191.899s][info][gc,heap     ] GC(1051) Archive regions: 0->0
[191.899s][info][gc,heap     ] GC(1051) Humongous regions: 100->8
[191.899s][info][gc,metaspace] GC(1051) Metaspace: 37404K(37696K)->37404K(37696K) NonClass: 33399K(33536K)->33399K(33536K) Class: 4004K(4160K)->4004K(4160K)
[191.899s][info][gc          ] GC(1051) Pause Young (Prepare Mixed) (GCLocker Initiated GC) 236M->62M(240M) 1.991ms
[191.899s][info][gc,cpu      ] GC(1051) User=0.00s Sys=0.00s Real=0.00s
[192.004s][info][gc,start    ] GC(1052) Pause Young (Mixed) (GCLocker Initiated GC)
[192.004s][info][gc,task     ] GC(1052) Using 6 workers of 6 for evacuation
[192.006s][info][gc,phases   ] GC(1052)   Pre Evacuate Collection Set: 0.2ms
[192.006s][info][gc,phases   ] GC(1052)   Merge Heap Roots: 0.0ms
[192.006s][info][gc,phases   ] GC(1052)   Evacuate Collection Set: 1.0ms
[192.006s][info][gc,phases   ] GC(1052)   Post Evacuate Collection Set: 0.5ms
[192.006s][info][gc,phases   ] GC(1052)   Other: 0.3ms
[192.006s][info][gc,heap     ] GC(1052) Eden regions: 11->0(143)
[192.006s][info][gc,heap     ] GC(1052) Survivor regions: 2->1(2)
[192.006s][info][gc,heap     ] GC(1052) Old regions: 54->54
[192.006s][info][gc,heap     ] GC(1052) Archive regions: 0->0
[192.006s][info][gc,heap     ] GC(1052) Humongous regions: 20->4
[192.006s][info][gc,metaspace] GC(1052) Metaspace: 37404K(37696K)->37404K(37696K) NonClass: 33399K(33536K)->33399K(33536K) Class: 4004K(4160K)->4004K(4160K)
[192.006s][info][gc          ] GC(1052) Pause Young (Mixed) (GCLocker Initiated GC) 84M->58M(240M) 1.933ms
[192.006s][info][gc,cpu      ] GC(1052) User=0.02s Sys=0.00s Real=0.00s
[192.083s][info][gc,start    ] GC(1053) Pause Young (Concurrent Start) (G1 Humongous Allocation)
[192.083s][info][gc,task     ] GC(1053) Using 6 workers of 6 for evacuation
[192.085s][info][gc,phases   ] GC(1053)   Pre Evacuate Collection Set: 0.2ms
[192.085s][info][gc,phases   ] GC(1053)   Merge Heap Roots: 0.1ms
[192.085s][info][gc,phases   ] GC(1053)   Evacuate Collection Set: 0.7ms
[192.085s][info][gc,phases   ] GC(1053)   Post Evacuate Collection Set: 0.5ms
[192.085s][info][gc,phases   ] GC(1053)   Other: 0.4ms
[192.085s][info][gc,heap     ] GC(1053) Eden regions: 8->0(143)
[192.085s][info][gc,heap     ] GC(1053) Survivor regions: 1->1(18)
[192.085s][info][gc,heap     ] GC(1053) Old regions: 54->54
[192.085s][info][gc,heap     ] GC(1053) Archive regions: 0->0
[192.085s][info][gc,heap     ] GC(1053) Humongous regions: 12->8
[192.085s][info][gc,metaspace] GC(1053) Metaspace: 37404K(37696K)->37404K(37696K) NonClass: 33399K(33536K)->33399K(33536K) Class: 4004K(4160K)->4004K(4160K)
[192.085s][info][gc          ] GC(1053) Pause Young (Concurrent Start) (G1 Humongous Allocation) 73M->61M(240M) 1.786ms
[192.085s][info][gc,cpu      ] GC(1053) User=0.03s Sys=0.00s Real=0.00s
[192.085s][info][gc          ] GC(1054) Concurrent Undo Cycle
[192.085s][info][gc,marking  ] GC(1054) Concurrent Cleanup for Next Mark
[192.085s][info][gc,marking  ] GC(1054) Concurrent Cleanup for Next Mark 0.148ms
[192.085s][info][gc          ] GC(1054) Concurrent Undo Cycle 0.360ms
[192.186s][info][gc,start    ] GC(1055) Pause Young (Concurrent Start) (GCLocker Initiated GC)
[192.186s][info][gc,task     ] GC(1055) Using 6 workers of 6 for evacuation
[192.188s][info][gc,phases   ] GC(1055)   Pre Evacuate Collection Set: 0.2ms
[192.188s][info][gc,phases   ] GC(1055)   Merge Heap Roots: 0.1ms
[192.188s][info][gc,phases   ] GC(1055)   Evacuate Collection Set: 0.8ms
[192.188s][info][gc,phases   ] GC(1055)   Post Evacuate Collection Set: 0.6ms
[192.188s][info][gc,phases   ] GC(1055)   Other: 0.3ms
[192.188s][info][gc,heap     ] GC(1055) Eden regions: 15->0(143)
[192.188s][info][gc,heap     ] GC(1055) Survivor regions: 1->1(18)
[192.188s][info][gc,heap     ] GC(1055) Old regions: 54->54
[192.188s][info][gc,heap     ] GC(1055) Archive regions: 0->0
[192.188s][info][gc,heap     ] GC(1055) Humongous regions: 12->4
[192.188s][info][gc,metaspace] GC(1055) Metaspace: 37406K(37696K)->37406K(37696K) NonClass: 33401K(33536K)->33401K(33536K) Class: 4004K(4160K)->4004K(4160K)
[192.188s][info][gc          ] GC(1055) Pause Young (Concurrent Start) (GCLocker Initiated GC) 80M->57M(240M) 1.848ms
[192.188s][info][gc,cpu      ] GC(1055) User=0.00s Sys=0.00s Real=0.00s
[192.188s][info][gc          ] GC(1056) Concurrent Mark Cycle
[192.188s][info][gc,marking  ] GC(1056) Concurrent Clear Claimed Marks
[192.188s][info][gc,marking  ] GC(1056) Concurrent Clear Claimed Marks 0.023ms
[192.188s][info][gc,marking  ] GC(1056) Concurrent Scan Root Regions
[192.189s][info][gc,marking  ] GC(1056) Concurrent Scan Root Regions 0.616ms
[192.189s][info][gc,marking  ] GC(1056) Concurrent Mark
[192.189s][info][gc,marking  ] GC(1056) Concurrent Mark From Roots
[192.189s][info][gc,task     ] GC(1056) Using 2 workers of 2 for marking
[192.201s][info][gc,marking  ] GC(1056) Concurrent Mark From Roots 12.161ms
[192.201s][info][gc,marking  ] GC(1056) Concurrent Preclean
[192.201s][info][gc,marking  ] GC(1056) Concurrent Preclean 0.202ms
[192.202s][info][gc,start    ] GC(1056) Pause Remark
[192.205s][info][gc          ] GC(1056) Pause Remark 71M->71M(240M) 3.552ms
[192.205s][info][gc,cpu      ] GC(1056) User=0.00s Sys=0.00s Real=0.00s
[192.206s][info][gc,marking  ] GC(1056) Concurrent Mark 16.630ms
[192.206s][info][gc,marking  ] GC(1056) Concurrent Rebuild Remembered Sets
[192.212s][info][gc,marking  ] GC(1056) Concurrent Rebuild Remembered Sets 6.232ms
[192.212s][info][gc,start    ] GC(1056) Pause Cleanup
[192.212s][info][gc          ] GC(1056) Pause Cleanup 72M->72M(240M) 0.123ms
[192.212s][info][gc,cpu      ] GC(1056) User=0.00s Sys=0.00s Real=0.00s
[192.212s][info][gc,marking  ] GC(1056) Concurrent Cleanup for Next Mark
[192.213s][info][gc,marking  ] GC(1056) Concurrent Cleanup for Next Mark 0.120ms
[192.213s][info][gc          ] GC(1056) Concurrent Mark Cycle 24.458ms
[192.938s][info][gc,start    ] GC(1057) Pause Young (Prepare Mixed) (GCLocker Initiated GC)
[192.938s][info][gc,task     ] GC(1057) Using 6 workers of 6 for evacuation
[192.939s][info][gc,phases   ] GC(1057)   Pre Evacuate Collection Set: 0.2ms
[192.940s][info][gc,phases   ] GC(1057)   Merge Heap Roots: 0.1ms
[192.940s][info][gc,phases   ] GC(1057)   Evacuate Collection Set: 0.6ms
[192.940s][info][gc,phases   ] GC(1057)   Post Evacuate Collection Set: 0.6ms
[192.940s][info][gc,phases   ] GC(1057)   Other: 0.3ms
[192.940s][info][gc,heap     ] GC(1057) Eden regions: 90->0(10)
[192.940s][info][gc,heap     ] GC(1057) Survivor regions: 1->2(18)
[192.940s][info][gc,heap     ] GC(1057) Old regions: 54->54
[192.940s][info][gc,heap     ] GC(1057) Archive regions: 0->0
[192.940s][info][gc,heap     ] GC(1057) Humongous regions: 100->4
[192.940s][info][gc,metaspace] GC(1057) Metaspace: 37410K(37696K)->37410K(37696K) NonClass: 33405K(33536K)->33405K(33536K) Class: 4004K(4160K)->4004K(4160K)
[192.940s][info][gc          ] GC(1057) Pause Young (Prepare Mixed) (GCLocker Initiated GC) 243M->58M(248M) 1.801ms
[192.940s][info][gc,cpu      ] GC(1057) User=0.00s Sys=0.00s Real=0.00s
[193.033s][info][gc,start    ] GC(1058) Pause Young (Mixed) (GCLocker Initiated GC)
[193.033s][info][gc,task     ] GC(1058) Using 6 workers of 6 for evacuation
[193.035s][info][gc,phases   ] GC(1058)   Pre Evacuate Collection Set: 0.2ms
[193.035s][info][gc,phases   ] GC(1058)   Merge Heap Roots: 0.1ms
[193.035s][info][gc,phases   ] GC(1058)   Evacuate Collection Set: 0.7ms
[193.035s][info][gc,phases   ] GC(1058)   Post Evacuate Collection Set: 0.6ms
[193.035s][info][gc,phases   ] GC(1058)   Other: 0.3ms
[193.035s][info][gc,heap     ] GC(1058) Eden regions: 10->0(147)
[193.035s][info][gc,heap     ] GC(1058) Survivor regions: 2->1(2)
[193.035s][info][gc,heap     ] GC(1058) Old regions: 54->54
[193.035s][info][gc,heap     ] GC(1058) Archive regions: 0->0
[193.035s][info][gc,heap     ] GC(1058) Humongous regions: 16->8
[193.035s][info][gc,metaspace] GC(1058) Metaspace: 37410K(37696K)->37410K(37696K) NonClass: 33405K(33536K)->33405K(33536K) Class: 4004K(4160K)->4004K(4160K)
[193.035s][info][gc          ] GC(1058) Pause Young (Mixed) (GCLocker Initiated GC) 80M->61M(248M) 1.946ms
[193.035s][info][gc,cpu      ] GC(1058) User=0.00s Sys=0.00s Real=0.00s
[193.318s][info][gc,start    ] GC(1059) Pause Young (Concurrent Start) (G1 Humongous Allocation)
[193.318s][info][gc,task     ] GC(1059) Using 6 workers of 6 for evacuation
[193.320s][info][gc,phases   ] GC(1059)   Pre Evacuate Collection Set: 0.2ms
[193.320s][info][gc,phases   ] GC(1059)   Merge Heap Roots: 0.1ms
[193.320s][info][gc,phases   ] GC(1059)   Evacuate Collection Set: 0.8ms
[193.320s][info][gc,phases   ] GC(1059)   Post Evacuate Collection Set: 0.6ms
[193.320s][info][gc,phases   ] GC(1059)   Other: 0.3ms
[193.320s][info][gc,heap     ] GC(1059) Eden regions: 29->0(147)
[193.320s][info][gc,heap     ] GC(1059) Survivor regions: 1->1(19)
[193.320s][info][gc,heap     ] GC(1059) Old regions: 54->54
[193.320s][info][gc,heap     ] GC(1059) Archive regions: 0->0
[193.320s][info][gc,heap     ] GC(1059) Humongous regions: 32->4
[193.320s][info][gc,metaspace] GC(1059) Metaspace: 37410K(37696K)->37410K(37696K) NonClass: 33405K(33536K)->33405K(33536K) Class: 4004K(4160K)->4004K(4160K)
[193.320s][info][gc          ] GC(1059) Pause Young (Concurrent Start) (G1 Humongous Allocation) 113M->57M(248M) 1.881ms
[193.320s][info][gc,cpu      ] GC(1059) User=0.00s Sys=0.00s Real=0.00s
[193.320s][info][gc          ] GC(1060) Concurrent Undo Cycle
[193.320s][info][gc,marking  ] GC(1060) Concurrent Cleanup for Next Mark
[193.320s][info][gc,marking  ] GC(1060) Concurrent Cleanup for Next Mark 0.192ms
[193.320s][info][gc          ] GC(1060) Concurrent Undo Cycle 0.253ms
[193.323s][info][gc,start    ] GC(1061) Pause Young (Concurrent Start) (G1 Humongous Allocation)
[193.323s][info][gc,task     ] GC(1061) Using 6 workers of 6 for evacuation
[193.324s][info][gc,phases   ] GC(1061)   Pre Evacuate Collection Set: 0.2ms
[193.324s][info][gc,phases   ] GC(1061)   Merge Heap Roots: 0.1ms
[193.324s][info][gc,phases   ] GC(1061)   Evacuate Collection Set: 0.7ms
[193.324s][info][gc,phases   ] GC(1061)   Post Evacuate Collection Set: 0.4ms
[193.324s][info][gc,phases   ] GC(1061)   Other: 0.3ms
[193.324s][info][gc,heap     ] GC(1061) Eden regions: 1->0(147)
[193.324s][info][gc,heap     ] GC(1061) Survivor regions: 1->1(19)
[193.324s][info][gc,heap     ] GC(1061) Old regions: 54->54
[193.324s][info][gc,heap     ] GC(1061) Archive regions: 0->0
[193.324s][info][gc,heap     ] GC(1061) Humongous regions: 8->8
[193.324s][info][gc,metaspace] GC(1061) Metaspace: 37410K(37696K)->37410K(37696K) NonClass: 33405K(33536K)->33405K(33536K) Class: 4004K(4160K)->4004K(4160K)
[193.324s][info][gc          ] GC(1061) Pause Young (Concurrent Start) (G1 Humongous Allocation) 61M->61M(248M) 1.653ms
[193.324s][info][gc,cpu      ] GC(1061) User=0.00s Sys=0.00s Real=0.00s
[193.324s][info][gc          ] GC(1062) Concurrent Mark Cycle
[193.324s][info][gc,marking  ] GC(1062) Concurrent Clear Claimed Marks
[193.325s][info][gc,marking  ] GC(1062) Concurrent Clear Claimed Marks 0.020ms
[193.325s][info][gc,marking  ] GC(1062) Concurrent Scan Root Regions
[193.325s][info][gc,marking  ] GC(1062) Concurrent Scan Root Regions 0.569ms
[193.325s][info][gc,marking  ] GC(1062) Concurrent Mark
[193.325s][info][gc,marking  ] GC(1062) Concurrent Mark From Roots
[193.325s][info][gc,task     ] GC(1062) Using 2 workers of 2 for marking
[193.336s][info][gc,marking  ] GC(1062) Concurrent Mark From Roots 11.057ms
[193.336s][info][gc,marking  ] GC(1062) Concurrent Preclean
[193.337s][info][gc,marking  ] GC(1062) Concurrent Preclean 0.295ms
[193.337s][info][gc,start    ] GC(1062) Pause Remark
[193.339s][info][gc          ] GC(1062) Pause Remark 75M->75M(248M) 2.667ms
[193.340s][info][gc,cpu      ] GC(1062) User=0.00s Sys=0.00s Real=0.00s
[193.340s][info][gc,marking  ] GC(1062) Concurrent Mark 15.244ms
[193.340s][info][gc,marking  ] GC(1062) Concurrent Rebuild Remembered Sets
[193.346s][info][gc,marking  ] GC(1062) Concurrent Rebuild Remembered Sets 5.853ms
[193.347s][info][gc,start    ] GC(1062) Pause Cleanup
[193.347s][info][gc          ] GC(1062) Pause Cleanup 77M->77M(248M) 0.143ms
[193.347s][info][gc,cpu      ] GC(1062) User=0.00s Sys=0.00s Real=0.00s
[193.347s][info][gc,marking  ] GC(1062) Concurrent Cleanup for Next Mark
[193.347s][info][gc,marking  ] GC(1062) Concurrent Cleanup for Next Mark 0.162ms
[193.347s][info][gc          ] GC(1062) Concurrent Mark Cycle 22.714ms
[194.063s][info][gc,start    ] GC(1063) Pause Young (Prepare Mixed) (GCLocker Initiated GC)
[194.063s][info][gc,task     ] GC(1063) Using 6 workers of 6 for evacuation
[194.065s][info][gc,phases   ] GC(1063)   Pre Evacuate Collection Set: 0.1ms
[194.065s][info][gc,phases   ] GC(1063)   Merge Heap Roots: 0.1ms
[194.065s][info][gc,phases   ] GC(1063)   Evacuate Collection Set: 0.7ms
[194.065s][info][gc,phases   ] GC(1063)   Post Evacuate Collection Set: 0.5ms
[194.065s][info][gc,phases   ] GC(1063)   Other: 0.3ms
[194.065s][info][gc,heap     ] GC(1063) Eden regions: 91->0(9)
[194.065s][info][gc,heap     ] GC(1063) Survivor regions: 1->3(19)
[194.065s][info][gc,heap     ] GC(1063) Old regions: 54->54
[194.065s][info][gc,heap     ] GC(1063) Archive regions: 0->0
[194.065s][info][gc,heap     ] GC(1063) Humongous regions: 100->4
[194.065s][info][gc,metaspace] GC(1063) Metaspace: 37410K(37696K)->37410K(37696K) NonClass: 33405K(33536K)->33405K(33536K) Class: 4004K(4160K)->4004K(4160K)
[194.065s][info][gc          ] GC(1063) Pause Young (Prepare Mixed) (GCLocker Initiated GC) 244M->59M(249M) 1.680ms
[194.065s][info][gc,cpu      ] GC(1063) User=0.00s Sys=0.00s Real=0.00s
[194.166s][info][gc,start    ] GC(1064) Pause Young (Mixed) (GCLocker Initiated GC)
[194.166s][info][gc,task     ] GC(1064) Using 6 workers of 6 for evacuation
[194.168s][info][gc,phases   ] GC(1064)   Pre Evacuate Collection Set: 0.2ms
[194.168s][info][gc,phases   ] GC(1064)   Merge Heap Roots: 0.1ms
[194.168s][info][gc,phases   ] GC(1064)   Evacuate Collection Set: 0.7ms
[194.168s][info][gc,phases   ] GC(1064)   Post Evacuate Collection Set: 0.5ms
[194.168s][info][gc,phases   ] GC(1064)   Other: 0.2ms
[194.168s][info][gc,heap     ] GC(1064) Eden regions: 9->0(148)
[194.168s][info][gc,heap     ] GC(1064) Survivor regions: 3->1(2)
[194.168s][info][gc,heap     ] GC(1064) Old regions: 54->54
[194.168s][info][gc,heap     ] GC(1064) Archive regions: 0->0
[194.168s][info][gc,heap     ] GC(1064) Humongous regions: 16->8
[194.168s][info][gc,metaspace] GC(1064) Metaspace: 37410K(37696K)->37410K(37696K) NonClass: 33405K(33536K)->33405K(33536K) Class: 4004K(4160K)->4004K(4160K)
[194.168s][info][gc          ] GC(1064) Pause Young (Mixed) (GCLocker Initiated GC) 80M->61M(249M) 1.844ms
[194.168s][info][gc,cpu      ] GC(1064) User=0.00s Sys=0.00s Real=0.00s
[194.246s][info][gc,start    ] GC(1065) Pause Young (Concurrent Start) (GCLocker Initiated GC)
[194.246s][info][gc,task     ] GC(1065) Using 6 workers of 6 for evacuation
[194.247s][info][gc,phases   ] GC(1065)   Pre Evacuate Collection Set: 0.1ms
[194.247s][info][gc,phases   ] GC(1065)   Merge Heap Roots: 0.0ms
[194.247s][info][gc,phases   ] GC(1065)   Evacuate Collection Set: 0.6ms
[194.247s][info][gc,phases   ] GC(1065)   Post Evacuate Collection Set: 0.4ms
[194.247s][info][gc,phases   ] GC(1065)   Other: 0.3ms
[194.247s][info][gc,heap     ] GC(1065) Eden regions: 6->0(144)
[194.247s][info][gc,heap     ] GC(1065) Survivor regions: 1->1(19)
[194.247s][info][gc,heap     ] GC(1065) Old regions: 54->54
[194.247s][info][gc,heap     ] GC(1065) Archive regions: 0->0
[194.247s][info][gc,heap     ] GC(1065) Humongous regions: 8->4
[194.247s][info][gc,metaspace] GC(1065) Metaspace: 37410K(37696K)->37410K(37696K) NonClass: 33405K(33536K)->33405K(33536K) Class: 4004K(4160K)->4004K(4160K)
[194.247s][info][gc          ] GC(1065) Pause Young (Concurrent Start) (GCLocker Initiated GC) 67M->57M(249M) 1.507ms
[194.248s][info][gc,cpu      ] GC(1065) User=0.00s Sys=0.00s Real=0.00s
[194.248s][info][gc          ] GC(1066) Concurrent Mark Cycle
[194.248s][info][gc,marking  ] GC(1066) Concurrent Clear Claimed Marks
[194.248s][info][gc,marking  ] GC(1066) Concurrent Clear Claimed Marks 0.022ms
[194.248s][info][gc,marking  ] GC(1066) Concurrent Scan Root Regions
[194.248s][info][gc,marking  ] GC(1066) Concurrent Scan Root Regions 0.483ms
[194.248s][info][gc,marking  ] GC(1066) Concurrent Mark
[194.248s][info][gc,marking  ] GC(1066) Concurrent Mark From Roots
[194.248s][info][gc,task     ] GC(1066) Using 2 workers of 2 for marking
[194.260s][info][gc,marking  ] GC(1066) Concurrent Mark From Roots 11.788ms
[194.260s][info][gc,marking  ] GC(1066) Concurrent Preclean
[194.260s][info][gc,marking  ] GC(1066) Concurrent Preclean 0.223ms
[194.261s][info][gc,start    ] GC(1066) Pause Remark
[194.263s][info][gc          ] GC(1066) Pause Remark 70M->70M(240M) 2.170ms
[194.263s][info][gc,cpu      ] GC(1066) User=0.00s Sys=0.00s Real=0.00s
[194.263s][info][gc,marking  ] GC(1066) Concurrent Mark 14.852ms
[194.263s][info][gc,marking  ] GC(1066) Concurrent Rebuild Remembered Sets
[194.268s][info][gc,marking  ] GC(1066) Concurrent Rebuild Remembered Sets 4.963ms
[194.268s][info][gc,start    ] GC(1066) Pause Cleanup
[194.268s][info][gc          ] GC(1066) Pause Cleanup 71M->71M(240M) 0.086ms
[194.269s][info][gc,cpu      ] GC(1066) User=0.00s Sys=0.00s Real=0.00s
[194.269s][info][gc,marking  ] GC(1066) Concurrent Cleanup for Next Mark
[194.269s][info][gc,marking  ] GC(1066) Concurrent Cleanup for Next Mark 0.125ms
[194.269s][info][gc          ] GC(1066) Concurrent Mark Cycle 21.149ms
[194.968s][info][gc,start    ] GC(1067) Pause Young (Prepare Mixed) (GCLocker Initiated GC)
[194.968s][info][gc,task     ] GC(1067) Using 6 workers of 6 for evacuation
[194.970s][info][gc,phases   ] GC(1067)   Pre Evacuate Collection Set: 0.2ms
[194.970s][info][gc,phases   ] GC(1067)   Merge Heap Roots: 0.1ms
[194.970s][info][gc,phases   ] GC(1067)   Evacuate Collection Set: 0.8ms
[194.970s][info][gc,phases   ] GC(1067)   Post Evacuate Collection Set: 0.7ms
[194.970s][info][gc,phases   ] GC(1067)   Other: 0.5ms
[194.970s][info][gc,heap     ] GC(1067) Eden regions: 84->0(10)
[194.970s][info][gc,heap     ] GC(1067) Survivor regions: 1->2(18)
[194.970s][info][gc,heap     ] GC(1067) Old regions: 54->54
[194.970s][info][gc,heap     ] GC(1067) Archive regions: 0->0
[194.970s][info][gc,heap     ] GC(1067) Humongous regions: 92->8
[194.970s][info][gc,metaspace] GC(1067) Metaspace: 37411K(37696K)->37411K(37696K) NonClass: 33406K(33536K)->33406K(33536K) Class: 4004K(4160K)->4004K(4160K)
[194.970s][info][gc          ] GC(1067) Pause Young (Prepare Mixed) (GCLocker Initiated GC) 229M->62M(240M) 2.088ms
[194.970s][info][gc,cpu      ] GC(1067) User=0.00s Sys=0.00s Real=0.00s
[195.084s][info][gc,start    ] GC(1068) Pause Young (Mixed) (GCLocker Initiated GC)
[195.084s][info][gc,task     ] GC(1068) Using 6 workers of 6 for evacuation
[195.086s][info][gc,phases   ] GC(1068)   Pre Evacuate Collection Set: 0.1ms
[195.086s][info][gc,phases   ] GC(1068)   Merge Heap Roots: 0.1ms
[195.086s][info][gc,phases   ] GC(1068)   Evacuate Collection Set: 0.8ms
[195.086s][info][gc,phases   ] GC(1068)   Post Evacuate Collection Set: 0.6ms
[195.086s][info][gc,phases   ] GC(1068)   Other: 0.3ms
[195.086s][info][gc,heap     ] GC(1068) Eden regions: 11->0(136)
[195.086s][info][gc,heap     ] GC(1068) Survivor regions: 2->1(2)
[195.086s][info][gc,heap     ] GC(1068) Old regions: 54->54
[195.086s][info][gc,heap     ] GC(1068) Archive regions: 0->0
[195.086s][info][gc,heap     ] GC(1068) Humongous regions: 28->8
[195.086s][info][gc,metaspace] GC(1068) Metaspace: 37411K(37696K)->37411K(37696K) NonClass: 33406K(33536K)->33406K(33536K) Class: 4004K(4160K)->4004K(4160K)
[195.086s][info][gc          ] GC(1068) Pause Young (Mixed) (GCLocker Initiated GC) 92M->61M(240M) 1.872ms
[195.086s][info][gc,cpu      ] GC(1068) User=0.00s Sys=0.00s Real=0.00s
[195.175s][info][gc,start    ] GC(1069) Pause Young (Concurrent Start) (GCLocker Initiated GC)
[195.175s][info][gc,task     ] GC(1069) Using 6 workers of 6 for evacuation
[195.177s][info][gc,phases   ] GC(1069)   Pre Evacuate Collection Set: 0.2ms
[195.177s][info][gc,phases   ] GC(1069)   Merge Heap Roots: 0.0ms
[195.177s][info][gc,phases   ] GC(1069)   Evacuate Collection Set: 0.8ms
[195.177s][info][gc,phases   ] GC(1069)   Post Evacuate Collection Set: 0.6ms
[195.177s][info][gc,phases   ] GC(1069)   Other: 0.4ms
[195.177s][info][gc,heap     ] GC(1069) Eden regions: 12->0(143)
[195.177s][info][gc,heap     ] GC(1069) Survivor regions: 1->1(18)
[195.177s][info][gc,heap     ] GC(1069) Old regions: 54->54
[195.177s][info][gc,heap     ] GC(1069) Archive regions: 0->0
[195.177s][info][gc,heap     ] GC(1069) Humongous regions: 8->4
[195.177s][info][gc,metaspace] GC(1069) Metaspace: 37411K(37696K)->37411K(37696K) NonClass: 33406K(33536K)->33406K(33536K) Class: 4004K(4160K)->4004K(4160K)
[195.177s][info][gc          ] GC(1069) Pause Young (Concurrent Start) (GCLocker Initiated GC) 73M->58M(240M) 1.963ms
[195.177s][info][gc,cpu      ] GC(1069) User=0.02s Sys=0.00s Real=0.00s
[195.177s][info][gc          ] GC(1070) Concurrent Mark Cycle
[195.177s][info][gc,marking  ] GC(1070) Concurrent Clear Claimed Marks
[195.177s][info][gc,marking  ] GC(1070) Concurrent Clear Claimed Marks 0.025ms
[195.177s][info][gc,marking  ] GC(1070) Concurrent Scan Root Regions
[195.178s][info][gc,marking  ] GC(1070) Concurrent Scan Root Regions 0.528ms
[195.178s][info][gc,marking  ] GC(1070) Concurrent Mark
[195.178s][info][gc,marking  ] GC(1070) Concurrent Mark From Roots
[195.178s][info][gc,task     ] GC(1070) Using 2 workers of 2 for marking
[195.189s][info][gc,marking  ] GC(1070) Concurrent Mark From Roots 10.981ms
[195.189s][info][gc,marking  ] GC(1070) Concurrent Preclean
[195.189s][info][gc,marking  ] GC(1070) Concurrent Preclean 0.194ms
[195.190s][info][gc,start    ] GC(1070) Pause Remark
[195.193s][info][gc          ] GC(1070) Pause Remark 72M->72M(240M) 3.040ms
[195.193s][info][gc,cpu      ] GC(1070) User=0.03s Sys=0.02s Real=0.00s
[195.193s][info][gc,marking  ] GC(1070) Concurrent Mark 15.188ms
[195.193s][info][gc,marking  ] GC(1070) Concurrent Rebuild Remembered Sets
[195.198s][info][gc,marking  ] GC(1070) Concurrent Rebuild Remembered Sets 4.983ms
[195.199s][info][gc,start    ] GC(1070) Pause Cleanup
[195.199s][info][gc          ] GC(1070) Pause Cleanup 73M->73M(240M) 0.096ms
[195.199s][info][gc,cpu      ] GC(1070) User=0.00s Sys=0.00s Real=0.00s
[195.199s][info][gc,marking  ] GC(1070) Concurrent Cleanup for Next Mark
[195.199s][info][gc,marking  ] GC(1070) Concurrent Cleanup for Next Mark 0.124ms
[195.199s][info][gc          ] GC(1070) Concurrent Mark Cycle 21.736ms
[195.911s][info][gc,start    ] GC(1071) Pause Young (Prepare Mixed) (GCLocker Initiated GC)
[195.911s][info][gc,task     ] GC(1071) Using 6 workers of 6 for evacuation
[195.913s][info][gc,phases   ] GC(1071)   Pre Evacuate Collection Set: 0.2ms
[195.913s][info][gc,phases   ] GC(1071)   Merge Heap Roots: 0.1ms
[195.913s][info][gc,phases   ] GC(1071)   Evacuate Collection Set: 0.7ms
[195.913s][info][gc,phases   ] GC(1071)   Post Evacuate Collection Set: 0.6ms
[195.913s][info][gc,phases   ] GC(1071)   Other: 0.3ms
[195.913s][info][gc,heap     ] GC(1071) Eden regions: 81->0(10)
[195.913s][info][gc,heap     ] GC(1071) Survivor regions: 1->2(18)
[195.913s][info][gc,heap     ] GC(1071) Old regions: 54->54
[195.913s][info][gc,heap     ] GC(1071) Archive regions: 0->0
[195.913s][info][gc,heap     ] GC(1071) Humongous regions: 100->8
[195.913s][info][gc,metaspace] GC(1071) Metaspace: 37412K(37696K)->37412K(37696K) NonClass: 33407K(33536K)->33407K(33536K) Class: 4004K(4160K)->4004K(4160K)
[195.913s][info][gc          ] GC(1071) Pause Young (Prepare Mixed) (GCLocker Initiated GC) 235M->62M(240M) 1.864ms
[195.913s][info][gc,cpu      ] GC(1071) User=0.00s Sys=0.02s Real=0.00s
[196.021s][info][gc,start    ] GC(1072) Pause Young (Mixed) (GCLocker Initiated GC)
[196.021s][info][gc,task     ] GC(1072) Using 6 workers of 6 for evacuation
[196.023s][info][gc,phases   ] GC(1072)   Pre Evacuate Collection Set: 0.2ms
[196.023s][info][gc,phases   ] GC(1072)   Merge Heap Roots: 0.1ms
[196.023s][info][gc,phases   ] GC(1072)   Evacuate Collection Set: 0.6ms
[196.023s][info][gc,phases   ] GC(1072)   Post Evacuate Collection Set: 0.7ms
[196.023s][info][gc,phases   ] GC(1072)   Other: 0.3ms
[196.023s][info][gc,heap     ] GC(1072) Eden regions: 10->0(143)
[196.023s][info][gc,heap     ] GC(1072) Survivor regions: 2->1(2)
[196.023s][info][gc,heap     ] GC(1072) Old regions: 54->55
[196.023s][info][gc,heap     ] GC(1072) Archive regions: 0->0
[196.023s][info][gc,heap     ] GC(1072) Humongous regions: 20->4
[196.023s][info][gc,metaspace] GC(1072) Metaspace: 37412K(37696K)->37412K(37696K) NonClass: 33407K(33536K)->33407K(33536K) Class: 4004K(4160K)->4004K(4160K)
[196.023s][info][gc          ] GC(1072) Pause Young (Mixed) (GCLocker Initiated GC) 84M->58M(240M) 1.901ms
[196.023s][info][gc,cpu      ] GC(1072) User=0.00s Sys=0.00s Real=0.00s
[196.097s][info][gc,start    ] GC(1073) Pause Young (Concurrent Start) (GCLocker Initiated GC)
[196.097s][info][gc,task     ] GC(1073) Using 6 workers of 6 for evacuation
[196.099s][info][gc,phases   ] GC(1073)   Pre Evacuate Collection Set: 0.2ms
[196.099s][info][gc,phases   ] GC(1073)   Merge Heap Roots: 0.1ms
[196.099s][info][gc,phases   ] GC(1073)   Evacuate Collection Set: 0.8ms
[196.099s][info][gc,phases   ] GC(1073)   Post Evacuate Collection Set: 0.6ms
[196.099s][info][gc,phases   ] GC(1073)   Other: 0.3ms
[196.099s][info][gc,heap     ] GC(1073) Eden regions: 4->0(143)
[196.099s][info][gc,heap     ] GC(1073) Survivor regions: 1->1(18)
[196.099s][info][gc,heap     ] GC(1073) Old regions: 55->55
[196.099s][info][gc,heap     ] GC(1073) Archive regions: 0->0
[196.099s][info][gc,heap     ] GC(1073) Humongous regions: 4->4
[196.099s][info][gc,metaspace] GC(1073) Metaspace: 37412K(37696K)->37412K(37696K) NonClass: 33407K(33536K)->33407K(33536K) Class: 4004K(4160K)->4004K(4160K)
[196.099s][info][gc          ] GC(1073) Pause Young (Concurrent Start) (GCLocker Initiated GC) 62M->58M(240M) 1.963ms
[196.099s][info][gc,cpu      ] GC(1073) User=0.02s Sys=0.00s Real=0.00s
[196.099s][info][gc          ] GC(1074) Concurrent Mark Cycle
[196.099s][info][gc,marking  ] GC(1074) Concurrent Clear Claimed Marks
[196.099s][info][gc,marking  ] GC(1074) Concurrent Clear Claimed Marks 0.022ms
[196.099s][info][gc,marking  ] GC(1074) Concurrent Scan Root Regions
[196.099s][info][gc,marking  ] GC(1074) Concurrent Scan Root Regions 0.378ms
[196.099s][info][gc,marking  ] GC(1074) Concurrent Mark
[196.100s][info][gc,marking  ] GC(1074) Concurrent Mark From Roots
[196.100s][info][gc,task     ] GC(1074) Using 2 workers of 2 for marking
[196.110s][info][gc,marking  ] GC(1074) Concurrent Mark From Roots 10.934ms
[196.110s][info][gc,marking  ] GC(1074) Concurrent Preclean
[196.111s][info][gc,marking  ] GC(1074) Concurrent Preclean 0.164ms
[196.111s][info][gc,start    ] GC(1074) Pause Remark
[196.114s][info][gc          ] GC(1074) Pause Remark 71M->71M(240M) 2.628ms
[196.114s][info][gc,cpu      ] GC(1074) User=0.00s Sys=0.00s Real=0.00s
[196.114s][info][gc,marking  ] GC(1074) Concurrent Mark 14.412ms
[196.114s][info][gc,marking  ] GC(1074) Concurrent Rebuild Remembered Sets
[196.119s][info][gc,marking  ] GC(1074) Concurrent Rebuild Remembered Sets 4.955ms
[196.119s][info][gc,start    ] GC(1074) Pause Cleanup
[196.119s][info][gc          ] GC(1074) Pause Cleanup 72M->72M(240M) 0.173ms
[196.120s][info][gc,cpu      ] GC(1074) User=0.00s Sys=0.00s Real=0.00s
[196.120s][info][gc,marking  ] GC(1074) Concurrent Cleanup for Next Mark
[196.120s][info][gc,marking  ] GC(1074) Concurrent Cleanup for Next Mark 0.178ms
[196.120s][info][gc          ] GC(1074) Concurrent Mark Cycle 20.820ms
[196.829s][info][gc,start    ] GC(1075) Pause Young (Prepare Mixed) (GCLocker Initiated GC)
[196.829s][info][gc,task     ] GC(1075) Using 6 workers of 6 for evacuation
[196.830s][info][gc,phases   ] GC(1075)   Pre Evacuate Collection Set: 0.2ms
[196.830s][info][gc,phases   ] GC(1075)   Merge Heap Roots: 0.1ms
[196.830s][info][gc,phases   ] GC(1075)   Evacuate Collection Set: 0.6ms
[196.830s][info][gc,phases   ] GC(1075)   Post Evacuate Collection Set: 0.7ms
[196.830s][info][gc,phases   ] GC(1075)   Other: 0.3ms
[196.830s][info][gc,heap     ] GC(1075) Eden regions: 81->0(10)
[196.830s][info][gc,heap     ] GC(1075) Survivor regions: 1->2(18)
[196.830s][info][gc,heap     ] GC(1075) Old regions: 55->55
[196.830s][info][gc,heap     ] GC(1075) Archive regions: 0->0
[196.830s][info][gc,heap     ] GC(1075) Humongous regions: 100->8
[196.830s][info][gc,metaspace] GC(1075) Metaspace: 37413K(37696K)->37413K(37696K) NonClass: 33409K(33536K)->33409K(33536K) Class: 4004K(4160K)->4004K(4160K)
[196.830s][info][gc          ] GC(1075) Pause Young (Prepare Mixed) (GCLocker Initiated GC) 235M->63M(240M) 1.850ms
[196.831s][info][gc,cpu      ] GC(1075) User=0.00s Sys=0.00s Real=0.00s
[196.897s][info][gc,start    ] GC(1076) Pause Young (Mixed) (GCLocker Initiated GC)
[196.897s][info][gc,task     ] GC(1076) Using 6 workers of 6 for evacuation
[196.898s][info][gc,phases   ] GC(1076)   Pre Evacuate Collection Set: 0.2ms
[196.898s][info][gc,phases   ] GC(1076)   Merge Heap Roots: 0.1ms
[196.898s][info][gc,phases   ] GC(1076)   Evacuate Collection Set: 0.5ms
[196.898s][info][gc,phases   ] GC(1076)   Post Evacuate Collection Set: 0.7ms
[196.898s][info][gc,phases   ] GC(1076)   Other: 0.3ms
[196.898s][info][gc,heap     ] GC(1076) Eden regions: 11->0(143)
[196.898s][info][gc,heap     ] GC(1076) Survivor regions: 2->1(2)
[196.898s][info][gc,heap     ] GC(1076) Old regions: 55->55
[196.898s][info][gc,heap     ] GC(1076) Archive regions: 0->0
[196.898s][info][gc,heap     ] GC(1076) Humongous regions: 8->4
[196.898s][info][gc,metaspace] GC(1076) Metaspace: 37413K(37696K)->37413K(37696K) NonClass: 33409K(33536K)->33409K(33536K) Class: 4004K(4160K)->4004K(4160K)
[196.898s][info][gc          ] GC(1076) Pause Young (Mixed) (GCLocker Initiated GC) 73M->58M(240M) 1.739ms
[196.898s][info][gc,cpu      ] GC(1076) User=0.00s Sys=0.00s Real=0.00s
[196.919s][info][gc,start    ] GC(1077) Pause Young (Concurrent Start) (GCLocker Initiated GC)
[196.919s][info][gc,task     ] GC(1077) Using 6 workers of 6 for evacuation
[196.921s][info][gc,phases   ] GC(1077)   Pre Evacuate Collection Set: 0.2ms
[196.921s][info][gc,phases   ] GC(1077)   Merge Heap Roots: 0.1ms
[196.921s][info][gc,phases   ] GC(1077)   Evacuate Collection Set: 0.7ms
[196.921s][info][gc,phases   ] GC(1077)   Post Evacuate Collection Set: 0.6ms
[196.921s][info][gc,phases   ] GC(1077)   Other: 0.3ms
[196.921s][info][gc,heap     ] GC(1077) Eden regions: 2->0(143)
[196.921s][info][gc,heap     ] GC(1077) Survivor regions: 1->1(18)
[196.921s][info][gc,heap     ] GC(1077) Old regions: 55->55
[196.921s][info][gc,heap     ] GC(1077) Archive regions: 0->0
[196.921s][info][gc,heap     ] GC(1077) Humongous regions: 4->4
[196.921s][info][gc,metaspace] GC(1077) Metaspace: 37413K(37696K)->37413K(37696K) NonClass: 33409K(33536K)->33409K(33536K) Class: 4004K(4160K)->4004K(4160K)
[196.921s][info][gc          ] GC(1077) Pause Young (Concurrent Start) (GCLocker Initiated GC) 60M->58M(240M) 1.918ms
[196.921s][info][gc,cpu      ] GC(1077) User=0.00s Sys=0.00s Real=0.00s
[196.921s][info][gc          ] GC(1078) Concurrent Mark Cycle
[196.921s][info][gc,marking  ] GC(1078) Concurrent Clear Claimed Marks
[196.921s][info][gc,marking  ] GC(1078) Concurrent Clear Claimed Marks 0.025ms
[196.921s][info][gc,marking  ] GC(1078) Concurrent Scan Root Regions
[196.922s][info][gc,marking  ] GC(1078) Concurrent Scan Root Regions 0.633ms
[196.922s][info][gc,marking  ] GC(1078) Concurrent Mark
[196.922s][info][gc,marking  ] GC(1078) Concurrent Mark From Roots
[196.922s][info][gc,task     ] GC(1078) Using 2 workers of 2 for marking
[196.934s][info][gc,marking  ] GC(1078) Concurrent Mark From Roots 12.377ms
[196.934s][info][gc,marking  ] GC(1078) Concurrent Preclean
[196.935s][info][gc,marking  ] GC(1078) Concurrent Preclean 0.170ms
[196.935s][info][gc,start    ] GC(1078) Pause Remark
[196.938s][info][gc          ] GC(1078) Pause Remark 72M->72M(240M) 3.313ms
[196.938s][info][gc,cpu      ] GC(1078) User=0.00s Sys=0.00s Real=0.00s
[196.939s][info][gc,marking  ] GC(1078) Concurrent Mark 16.598ms
[196.939s][info][gc,marking  ] GC(1078) Concurrent Rebuild Remembered Sets
[196.944s][info][gc,marking  ] GC(1078) Concurrent Rebuild Remembered Sets 5.507ms
[196.945s][info][gc,start    ] GC(1078) Pause Cleanup
[196.945s][info][gc          ] GC(1078) Pause Cleanup 73M->73M(240M) 0.097ms
[196.945s][info][gc,cpu      ] GC(1078) User=0.00s Sys=0.00s Real=0.00s
[196.945s][info][gc,marking  ] GC(1078) Concurrent Cleanup for Next Mark
[196.945s][info][gc,marking  ] GC(1078) Concurrent Cleanup for Next Mark 0.187ms
[196.945s][info][gc          ] GC(1078) Concurrent Mark Cycle 23.867ms
[197.640s][info][gc,start    ] GC(1079) Pause Young (Prepare Mixed) (GCLocker Initiated GC)
[197.640s][info][gc,task     ] GC(1079) Using 6 workers of 6 for evacuation
[197.642s][info][gc,phases   ] GC(1079)   Pre Evacuate Collection Set: 0.2ms
[197.642s][info][gc,phases   ] GC(1079)   Merge Heap Roots: 0.1ms
[197.642s][info][gc,phases   ] GC(1079)   Evacuate Collection Set: 0.7ms
[197.642s][info][gc,phases   ] GC(1079)   Post Evacuate Collection Set: 0.7ms
[197.642s][info][gc,phases   ] GC(1079)   Other: 0.3ms
[197.642s][info][gc,heap     ] GC(1079) Eden regions: 80->0(10)
[197.642s][info][gc,heap     ] GC(1079) Survivor regions: 1->2(18)
[197.642s][info][gc,heap     ] GC(1079) Old regions: 55->55
[197.642s][info][gc,heap     ] GC(1079) Archive regions: 0->0
[197.642s][info][gc,heap     ] GC(1079) Humongous regions: 100->8
[197.642s][info][gc,metaspace] GC(1079) Metaspace: 37424K(37696K)->37424K(37696K) NonClass: 33420K(33536K)->33420K(33536K) Class: 4004K(4160K)->4004K(4160K)
[197.642s][info][gc          ] GC(1079) Pause Young (Prepare Mixed) (GCLocker Initiated GC) 234M->63M(240M) 1.922ms
[197.642s][info][gc,cpu      ] GC(1079) User=0.00s Sys=0.00s Real=0.00s
[197.700s][info][gc,start    ] GC(1080) Pause Young (Mixed) (GCLocker Initiated GC)
[197.700s][info][gc,task     ] GC(1080) Using 6 workers of 6 for evacuation
[197.701s][info][gc,phases   ] GC(1080)   Pre Evacuate Collection Set: 0.2ms
[197.701s][info][gc,phases   ] GC(1080)   Merge Heap Roots: 0.1ms
[197.701s][info][gc,phases   ] GC(1080)   Evacuate Collection Set: 0.8ms
[197.701s][info][gc,phases   ] GC(1080)   Post Evacuate Collection Set: 0.5ms
[197.701s][info][gc,phases   ] GC(1080)   Other: 0.3ms
[197.701s][info][gc,heap     ] GC(1080) Eden regions: 11->0(142)
[197.701s][info][gc,heap     ] GC(1080) Survivor regions: 2->2(2)
[197.701s][info][gc,heap     ] GC(1080) Old regions: 55->54
[197.701s][info][gc,heap     ] GC(1080) Archive regions: 0->0
[197.701s][info][gc,heap     ] GC(1080) Humongous regions: 8->4
[197.701s][info][gc,metaspace] GC(1080) Metaspace: 37424K(37696K)->37424K(37696K) NonClass: 33420K(33536K)->33420K(33536K) Class: 4004K(4160K)->4004K(4160K)
[197.701s][info][gc          ] GC(1080) Pause Young (Mixed) (GCLocker Initiated GC) 73M->59M(240M) 1.804ms
[197.702s][info][gc,cpu      ] GC(1080) User=0.00s Sys=0.00s Real=0.00s
[197.739s][info][gc,start    ] GC(1081) Pause Young (Concurrent Start) (G1 Humongous Allocation)
[197.739s][info][gc,task     ] GC(1081) Using 6 workers of 6 for evacuation
[197.741s][info][gc,phases   ] GC(1081)   Pre Evacuate Collection Set: 0.2ms
[197.741s][info][gc,phases   ] GC(1081)   Merge Heap Roots: 0.1ms
[197.741s][info][gc,phases   ] GC(1081)   Evacuate Collection Set: 0.7ms
[197.741s][info][gc,phases   ] GC(1081)   Post Evacuate Collection Set: 0.4ms
[197.741s][info][gc,phases   ] GC(1081)   Other: 0.3ms
[197.741s][info][gc,heap     ] GC(1081) Eden regions: 3->0(143)
[197.741s][info][gc,heap     ] GC(1081) Survivor regions: 2->1(18)
[197.741s][info][gc,heap     ] GC(1081) Old regions: 54->54
[197.741s][info][gc,heap     ] GC(1081) Archive regions: 0->0
[197.741s][info][gc,heap     ] GC(1081) Humongous regions: 4->4
[197.741s][info][gc,metaspace] GC(1081) Metaspace: 37424K(37696K)->37424K(37696K) NonClass: 33420K(33536K)->33420K(33536K) Class: 4004K(4160K)->4004K(4160K)
[197.741s][info][gc          ] GC(1081) Pause Young (Concurrent Start) (G1 Humongous Allocation) 62M->58M(240M) 1.589ms
[197.741s][info][gc,cpu      ] GC(1081) User=0.00s Sys=0.00s Real=0.00s
[197.741s][info][gc          ] GC(1082) Concurrent Mark Cycle
[197.741s][info][gc,marking  ] GC(1082) Concurrent Clear Claimed Marks
[197.741s][info][gc,marking  ] GC(1082) Concurrent Clear Claimed Marks 0.024ms
[197.741s][info][gc,marking  ] GC(1082) Concurrent Scan Root Regions
[197.742s][info][gc,marking  ] GC(1082) Concurrent Scan Root Regions 0.483ms
[197.742s][info][gc,marking  ] GC(1082) Concurrent Mark
[197.742s][info][gc,marking  ] GC(1082) Concurrent Mark From Roots
[197.742s][info][gc,task     ] GC(1082) Using 2 workers of 2 for marking
[197.756s][info][gc,marking  ] GC(1082) Concurrent Mark From Roots 13.935ms
[197.756s][info][gc,marking  ] GC(1082) Concurrent Preclean
[197.756s][info][gc,marking  ] GC(1082) Concurrent Preclean 0.200ms
[197.756s][info][gc,start    ] GC(1082) Pause Remark
[197.759s][info][gc          ] GC(1082) Pause Remark 71M->71M(240M) 2.655ms
[197.759s][info][gc,cpu      ] GC(1082) User=0.00s Sys=0.00s Real=0.00s
[197.759s][info][gc,marking  ] GC(1082) Concurrent Mark 17.873ms
[197.759s][info][gc,marking  ] GC(1082) Concurrent Rebuild Remembered Sets
[197.765s][info][gc,marking  ] GC(1082) Concurrent Rebuild Remembered Sets 5.436ms
[197.765s][info][gc,start    ] GC(1082) Pause Cleanup
[197.765s][info][gc          ] GC(1082) Pause Cleanup 72M->72M(240M) 0.153ms
[197.766s][info][gc,cpu      ] GC(1082) User=0.00s Sys=0.00s Real=0.00s
[197.766s][info][gc,marking  ] GC(1082) Concurrent Cleanup for Next Mark
[197.766s][info][gc,marking  ] GC(1082) Concurrent Cleanup for Next Mark 0.165ms
[197.766s][info][gc          ] GC(1082) Concurrent Mark Cycle 24.839ms
[198.562s][info][gc,start    ] GC(1083) Pause Young (Prepare Mixed) (G1 Preventive Collection)
[198.562s][info][gc,task     ] GC(1083) Using 6 workers of 6 for evacuation
[198.564s][info][gc,phases   ] GC(1083)   Pre Evacuate Collection Set: 0.1ms
[198.564s][info][gc,phases   ] GC(1083)   Merge Heap Roots: 0.1ms
[198.564s][info][gc,phases   ] GC(1083)   Evacuate Collection Set: 0.7ms
[198.564s][info][gc,phases   ] GC(1083)   Post Evacuate Collection Set: 0.6ms
[198.564s][info][gc,phases   ] GC(1083)   Other: 0.3ms
[198.564s][info][gc,heap     ] GC(1083) Eden regions: 76->0(10)
[198.564s][info][gc,heap     ] GC(1083) Survivor regions: 1->2(18)
[198.564s][info][gc,heap     ] GC(1083) Old regions: 54->54
[198.564s][info][gc,heap     ] GC(1083) Archive regions: 0->0
[198.564s][info][gc,heap     ] GC(1083) Humongous regions: 104->8
[198.564s][info][gc,metaspace] GC(1083) Metaspace: 37425K(37696K)->37425K(37696K) NonClass: 33420K(33536K)->33420K(33536K) Class: 4004K(4160K)->4004K(4160K)
[198.564s][info][gc          ] GC(1083) Pause Young (Prepare Mixed) (G1 Preventive Collection) 233M->63M(240M) 1.835ms
[198.564s][info][gc,cpu      ] GC(1083) User=0.00s Sys=0.00s Real=0.00s
[198.627s][info][gc,start    ] GC(1084) Pause Young (Mixed) (G1 Evacuation Pause)
[198.627s][info][gc,task     ] GC(1084) Using 6 workers of 6 for evacuation
[198.628s][info][gc,phases   ] GC(1084)   Pre Evacuate Collection Set: 0.1ms
[198.628s][info][gc,phases   ] GC(1084)   Merge Heap Roots: 0.0ms
[198.628s][info][gc,phases   ] GC(1084)   Evacuate Collection Set: 0.7ms
[198.628s][info][gc,phases   ] GC(1084)   Post Evacuate Collection Set: 0.7ms
[198.628s][info][gc,phases   ] GC(1084)   Other: 0.3ms
[198.628s][info][gc,heap     ] GC(1084) Eden regions: 10->0(143)
[198.628s][info][gc,heap     ] GC(1084) Survivor regions: 2->1(2)
[198.628s][info][gc,heap     ] GC(1084) Old regions: 54->55
[198.628s][info][gc,heap     ] GC(1084) Archive regions: 0->0
[198.628s][info][gc,heap     ] GC(1084) Humongous regions: 16->4
[198.628s][info][gc,metaspace] GC(1084) Metaspace: 37425K(37696K)->37425K(37696K) NonClass: 33420K(33536K)->33420K(33536K) Class: 4004K(4160K)->4004K(4160K)
[198.628s][info][gc          ] GC(1084) Pause Young (Mixed) (G1 Evacuation Pause) 81M->58M(240M) 1.853ms
[198.629s][info][gc,cpu      ] GC(1084) User=0.00s Sys=0.00s Real=0.00s
[198.664s][info][gc,start    ] GC(1085) Pause Young (Concurrent Start) (G1 Humongous Allocation)
[198.664s][info][gc,task     ] GC(1085) Using 6 workers of 6 for evacuation
[198.666s][info][gc,phases   ] GC(1085)   Pre Evacuate Collection Set: 0.2ms
[198.666s][info][gc,phases   ] GC(1085)   Merge Heap Roots: 0.1ms
[198.666s][info][gc,phases   ] GC(1085)   Evacuate Collection Set: 0.9ms
[198.666s][info][gc,phases   ] GC(1085)   Post Evacuate Collection Set: 0.6ms
[198.666s][info][gc,phases   ] GC(1085)   Other: 0.4ms
[198.666s][info][gc,heap     ] GC(1085) Eden regions: 4->0(143)
[198.666s][info][gc,heap     ] GC(1085) Survivor regions: 1->1(18)
[198.666s][info][gc,heap     ] GC(1085) Old regions: 55->55
[198.666s][info][gc,heap     ] GC(1085) Archive regions: 0->0
[198.666s][info][gc,heap     ] GC(1085) Humongous regions: 4->4
[198.666s][info][gc,metaspace] GC(1085) Metaspace: 37425K(37696K)->37425K(37696K) NonClass: 33420K(33536K)->33420K(33536K) Class: 4004K(4160K)->4004K(4160K)
[198.666s][info][gc          ] GC(1085) Pause Young (Concurrent Start) (G1 Humongous Allocation) 62M->58M(240M) 2.125ms
[198.666s][info][gc,cpu      ] GC(1085) User=0.00s Sys=0.00s Real=0.00s
[198.666s][info][gc          ] GC(1086) Concurrent Undo Cycle
[198.666s][info][gc,marking  ] GC(1086) Concurrent Cleanup for Next Mark
[198.666s][info][gc,marking  ] GC(1086) Concurrent Cleanup for Next Mark 0.134ms
[198.666s][info][gc          ] GC(1086) Concurrent Undo Cycle 0.185ms
[198.669s][info][gc,start    ] GC(1087) Pause Young (Concurrent Start) (G1 Humongous Allocation)
[198.669s][info][gc,task     ] GC(1087) Using 6 workers of 6 for evacuation
[198.671s][info][gc,phases   ] GC(1087)   Pre Evacuate Collection Set: 0.2ms
[198.671s][info][gc,phases   ] GC(1087)   Merge Heap Roots: 0.1ms
[198.671s][info][gc,phases   ] GC(1087)   Evacuate Collection Set: 0.7ms
[198.671s][info][gc,phases   ] GC(1087)   Post Evacuate Collection Set: 0.5ms
[198.671s][info][gc,phases   ] GC(1087)   Other: 0.3ms
[198.671s][info][gc,heap     ] GC(1087) Eden regions: 1->0(141)
[198.671s][info][gc,heap     ] GC(1087) Survivor regions: 1->1(18)
[198.671s][info][gc,heap     ] GC(1087) Old regions: 55->55
[198.671s][info][gc,heap     ] GC(1087) Archive regions: 0->0
[198.671s][info][gc,heap     ] GC(1087) Humongous regions: 8->8
[198.671s][info][gc,metaspace] GC(1087) Metaspace: 37425K(37696K)->37425K(37696K) NonClass: 33420K(33536K)->33420K(33536K) Class: 4004K(4160K)->4004K(4160K)
[198.671s][info][gc          ] GC(1087) Pause Young (Concurrent Start) (G1 Humongous Allocation) 62M->62M(240M) 1.862ms
[198.671s][info][gc,cpu      ] GC(1087) User=0.00s Sys=0.00s Real=0.00s
[198.671s][info][gc          ] GC(1088) Concurrent Mark Cycle
[198.671s][info][gc,marking  ] GC(1088) Concurrent Clear Claimed Marks
[198.671s][info][gc,marking  ] GC(1088) Concurrent Clear Claimed Marks 0.020ms
[198.671s][info][gc,marking  ] GC(1088) Concurrent Scan Root Regions
[198.672s][info][gc,marking  ] GC(1088) Concurrent Scan Root Regions 0.535ms
[198.672s][info][gc,marking  ] GC(1088) Concurrent Mark
[198.672s][info][gc,marking  ] GC(1088) Concurrent Mark From Roots
[198.672s][info][gc,task     ] GC(1088) Using 2 workers of 2 for marking
[198.683s][info][gc,marking  ] GC(1088) Concurrent Mark From Roots 11.296ms
[198.683s][info][gc,marking  ] GC(1088) Concurrent Preclean
[198.683s][info][gc,marking  ] GC(1088) Concurrent Preclean 0.234ms
[198.684s][info][gc,start    ] GC(1088) Pause Remark
[198.687s][info][gc          ] GC(1088) Pause Remark 73M->73M(240M) 2.766ms
[198.687s][info][gc,cpu      ] GC(1088) User=0.00s Sys=0.00s Real=0.00s
[198.687s][info][gc,marking  ] GC(1088) Concurrent Mark 15.320ms
[198.687s][info][gc,marking  ] GC(1088) Concurrent Rebuild Remembered Sets
[198.693s][info][gc,marking  ] GC(1088) Concurrent Rebuild Remembered Sets 6.364ms
[198.694s][info][gc,start    ] GC(1088) Pause Cleanup
[198.694s][info][gc          ] GC(1088) Pause Cleanup 74M->74M(240M) 0.145ms
[198.694s][info][gc,cpu      ] GC(1088) User=0.00s Sys=0.00s Real=0.00s
[198.694s][info][gc,marking  ] GC(1088) Concurrent Cleanup for Next Mark
[198.695s][info][gc,marking  ] GC(1088) Concurrent Cleanup for Next Mark 0.182ms
[198.695s][info][gc          ] GC(1088) Concurrent Mark Cycle 23.464ms
[199.399s][info][gc,start    ] GC(1089) Pause Young (Prepare Mixed) (G1 Preventive Collection)
[199.399s][info][gc,task     ] GC(1089) Using 6 workers of 6 for evacuation
[199.403s][info][gc,phases   ] GC(1089)   Pre Evacuate Collection Set: 0.3ms
[199.403s][info][gc,phases   ] GC(1089)   Merge Heap Roots: 0.2ms
[199.403s][info][gc,phases   ] GC(1089)   Evacuate Collection Set: 1.5ms
[199.403s][info][gc,phases   ] GC(1089)   Post Evacuate Collection Set: 1.2ms
[199.403s][info][gc,phases   ] GC(1089)   Other: 0.7ms
[199.403s][info][gc,heap     ] GC(1089) Eden regions: 81->0(10)
[199.403s][info][gc,heap     ] GC(1089) Survivor regions: 1->2(18)
[199.403s][info][gc,heap     ] GC(1089) Old regions: 55->55
[199.403s][info][gc,heap     ] GC(1089) Archive regions: 0->0
[199.403s][info][gc,heap     ] GC(1089) Humongous regions: 96->8
[199.403s][info][gc,metaspace] GC(1089) Metaspace: 37425K(37696K)->37425K(37696K) NonClass: 33420K(33536K)->33420K(33536K) Class: 4004K(4160K)->4004K(4160K)
[199.403s][info][gc          ] GC(1089) Pause Young (Prepare Mixed) (G1 Preventive Collection) 231M->63M(240M) 3.906ms
[199.403s][info][gc,cpu      ] GC(1089) User=0.00s Sys=0.00s Real=0.00s
[199.443s][info][gc,start    ] GC(1090) Pause Young (Mixed) (G1 Evacuation Pause)
[199.443s][info][gc,task     ] GC(1090) Using 6 workers of 6 for evacuation
[199.444s][info][gc,phases   ] GC(1090)   Pre Evacuate Collection Set: 0.2ms
[199.444s][info][gc,phases   ] GC(1090)   Merge Heap Roots: 0.1ms
[199.444s][info][gc,phases   ] GC(1090)   Evacuate Collection Set: 0.7ms
[199.444s][info][gc,phases   ] GC(1090)   Post Evacuate Collection Set: 0.7ms
[199.444s][info][gc,phases   ] GC(1090)   Other: 0.3ms
[199.444s][info][gc,heap     ] GC(1090) Eden regions: 10->0(143)
[199.444s][info][gc,heap     ] GC(1090) Survivor regions: 2->1(2)
[199.444s][info][gc,heap     ] GC(1090) Old regions: 55->55
[199.444s][info][gc,heap     ] GC(1090) Archive regions: 0->0
[199.444s][info][gc,heap     ] GC(1090) Humongous regions: 12->4
[199.444s][info][gc,metaspace] GC(1090) Metaspace: 37425K(37696K)->37425K(37696K) NonClass: 33420K(33536K)->33420K(33536K) Class: 4004K(4160K)->4004K(4160K)
[199.444s][info][gc          ] GC(1090) Pause Young (Mixed) (G1 Evacuation Pause) 77M->58M(240M) 1.893ms
[199.445s][info][gc,cpu      ] GC(1090) User=0.00s Sys=0.00s Real=0.00s
[199.519s][info][gc,start    ] GC(1091) Pause Young (Concurrent Start) (G1 Humongous Allocation)
[199.519s][info][gc,task     ] GC(1091) Using 6 workers of 6 for evacuation
[199.520s][info][gc,phases   ] GC(1091)   Pre Evacuate Collection Set: 0.2ms
[199.520s][info][gc,phases   ] GC(1091)   Merge Heap Roots: 0.1ms
[199.520s][info][gc,phases   ] GC(1091)   Evacuate Collection Set: 0.8ms
[199.520s][info][gc,phases   ] GC(1091)   Post Evacuate Collection Set: 0.5ms
[199.520s][info][gc,phases   ] GC(1091)   Other: 0.3ms
[199.521s][info][gc,heap     ] GC(1091) Eden regions: 4->0(143)
[199.521s][info][gc,heap     ] GC(1091) Survivor regions: 1->1(18)
[199.521s][info][gc,heap     ] GC(1091) Old regions: 55->55
[199.521s][info][gc,heap     ] GC(1091) Archive regions: 0->0
[199.521s][info][gc,heap     ] GC(1091) Humongous regions: 4->4
[199.521s][info][gc,metaspace] GC(1091) Metaspace: 37425K(37696K)->37425K(37696K) NonClass: 33420K(33536K)->33420K(33536K) Class: 4004K(4160K)->4004K(4160K)
[199.521s][info][gc          ] GC(1091) Pause Young (Concurrent Start) (G1 Humongous Allocation) 61M->58M(240M) 1.867ms
[199.521s][info][gc,cpu      ] GC(1091) User=0.00s Sys=0.00s Real=0.00s
[199.521s][info][gc          ] GC(1092) Concurrent Mark Cycle
[199.521s][info][gc,marking  ] GC(1092) Concurrent Clear Claimed Marks
[199.521s][info][gc,marking  ] GC(1092) Concurrent Clear Claimed Marks 0.016ms
[199.521s][info][gc,marking  ] GC(1092) Concurrent Scan Root Regions
[199.521s][info][gc,marking  ] GC(1092) Concurrent Scan Root Regions 0.460ms
[199.521s][info][gc,marking  ] GC(1092) Concurrent Mark
[199.521s][info][gc,marking  ] GC(1092) Concurrent Mark From Roots
[199.521s][info][gc,task     ] GC(1092) Using 2 workers of 2 for marking
[199.533s][info][gc,marking  ] GC(1092) Concurrent Mark From Roots 12.006ms
[199.533s][info][gc,marking  ] GC(1092) Concurrent Preclean
[199.534s][info][gc,marking  ] GC(1092) Concurrent Preclean 0.219ms
[199.534s][info][gc,start    ] GC(1092) Pause Remark
[199.539s][info][gc          ] GC(1092) Pause Remark 72M->72M(240M) 4.707ms
[199.539s][info][gc,cpu      ] GC(1092) User=0.00s Sys=0.00s Real=0.00s
[199.539s][info][gc,marking  ] GC(1092) Concurrent Mark 17.671ms
[199.539s][info][gc,marking  ] GC(1092) Concurrent Rebuild Remembered Sets
[199.544s][info][gc,marking  ] GC(1092) Concurrent Rebuild Remembered Sets 4.975ms
[199.544s][info][gc,start    ] GC(1092) Pause Cleanup
[199.544s][info][gc          ] GC(1092) Pause Cleanup 72M->72M(240M) 0.149ms
[199.545s][info][gc,cpu      ] GC(1092) User=0.00s Sys=0.00s Real=0.00s
[199.545s][info][gc,marking  ] GC(1092) Concurrent Cleanup for Next Mark
[199.545s][info][gc,marking  ] GC(1092) Concurrent Cleanup for Next Mark 0.189ms
[199.545s][info][gc          ] GC(1092) Concurrent Mark Cycle 24.140ms
[200.253s][info][gc,start    ] GC(1093) Pause Young (Prepare Mixed) (G1 Preventive Collection)
[200.253s][info][gc,task     ] GC(1093) Using 6 workers of 6 for evacuation
[200.254s][info][gc,phases   ] GC(1093)   Pre Evacuate Collection Set: 0.2ms
[200.254s][info][gc,phases   ] GC(1093)   Merge Heap Roots: 0.1ms
[200.254s][info][gc,phases   ] GC(1093)   Evacuate Collection Set: 0.7ms
[200.255s][info][gc,phases   ] GC(1093)   Post Evacuate Collection Set: 0.7ms
[200.255s][info][gc,phases   ] GC(1093)   Other: 0.3ms
[200.255s][info][gc,heap     ] GC(1093) Eden regions: 81->0(10)
[200.255s][info][gc,heap     ] GC(1093) Survivor regions: 1->2(18)
[200.255s][info][gc,heap     ] GC(1093) Old regions: 55->55
[200.255s][info][gc,heap     ] GC(1093) Archive regions: 0->0
[200.255s][info][gc,heap     ] GC(1093) Humongous regions: 100->8
[200.255s][info][gc,metaspace] GC(1093) Metaspace: 37425K(37696K)->37425K(37696K) NonClass: 33420K(33536K)->33420K(33536K) Class: 4004K(4160K)->4004K(4160K)
[200.255s][info][gc          ] GC(1093) Pause Young (Prepare Mixed) (G1 Preventive Collection) 235M->63M(240M) 1.994ms
[200.255s][info][gc,cpu      ] GC(1093) User=0.02s Sys=0.00s Real=0.00s
[200.365s][info][gc,start    ] GC(1094) Pause Young (Mixed) (G1 Evacuation Pause)
[200.365s][info][gc,task     ] GC(1094) Using 6 workers of 6 for evacuation
[200.366s][info][gc,phases   ] GC(1094)   Pre Evacuate Collection Set: 0.2ms
[200.366s][info][gc,phases   ] GC(1094)   Merge Heap Roots: 0.1ms
[200.366s][info][gc,phases   ] GC(1094)   Evacuate Collection Set: 0.6ms
[200.366s][info][gc,phases   ] GC(1094)   Post Evacuate Collection Set: 0.5ms
[200.366s][info][gc,phases   ] GC(1094)   Other: 0.3ms
[200.366s][info][gc,heap     ] GC(1094) Eden regions: 10->0(143)
[200.366s][info][gc,heap     ] GC(1094) Survivor regions: 2->1(2)
[200.366s][info][gc,heap     ] GC(1094) Old regions: 55->55
[200.366s][info][gc,heap     ] GC(1094) Archive regions: 0->0
[200.366s][info][gc,heap     ] GC(1094) Humongous regions: 20->8
[200.366s][info][gc,metaspace] GC(1094) Metaspace: 37425K(37696K)->37425K(37696K) NonClass: 33420K(33536K)->33420K(33536K) Class: 4004K(4160K)->4004K(4160K)
[200.366s][info][gc          ] GC(1094) Pause Young (Mixed) (G1 Evacuation Pause) 85M->62M(240M) 1.669ms
[200.367s][info][gc,cpu      ] GC(1094) User=0.00s Sys=0.00s Real=0.00s
[200.442s][info][gc,start    ] GC(1095) Pause Young (Concurrent Start) (G1 Humongous Allocation)
[200.442s][info][gc,task     ] GC(1095) Using 6 workers of 6 for evacuation
[200.444s][info][gc,phases   ] GC(1095)   Pre Evacuate Collection Set: 0.2ms
[200.444s][info][gc,phases   ] GC(1095)   Merge Heap Roots: 0.0ms
[200.444s][info][gc,phases   ] GC(1095)   Evacuate Collection Set: 0.8ms
[200.444s][info][gc,phases   ] GC(1095)   Post Evacuate Collection Set: 0.6ms
[200.444s][info][gc,phases   ] GC(1095)   Other: 0.4ms
[200.444s][info][gc,heap     ] GC(1095) Eden regions: 10->0(136)
[200.444s][info][gc,heap     ] GC(1095) Survivor regions: 1->1(18)
[200.444s][info][gc,heap     ] GC(1095) Old regions: 55->55
[200.444s][info][gc,heap     ] GC(1095) Archive regions: 0->0
[200.444s][info][gc,heap     ] GC(1095) Humongous regions: 8->4
[200.444s][info][gc,metaspace] GC(1095) Metaspace: 37426K(37696K)->37426K(37696K) NonClass: 33422K(33536K)->33422K(33536K) Class: 4004K(4160K)->4004K(4160K)
[200.444s][info][gc          ] GC(1095) Pause Young (Concurrent Start) (G1 Humongous Allocation) 72M->58M(240M) 2.055ms
[200.444s][info][gc,cpu      ] GC(1095) User=0.03s Sys=0.00s Real=0.00s
[200.444s][info][gc          ] GC(1096) Concurrent Mark Cycle
[200.444s][info][gc,marking  ] GC(1096) Concurrent Clear Claimed Marks
[200.444s][info][gc,marking  ] GC(1096) Concurrent Clear Claimed Marks 0.027ms
[200.444s][info][gc,marking  ] GC(1096) Concurrent Scan Root Regions
[200.445s][info][gc,marking  ] GC(1096) Concurrent Scan Root Regions 0.670ms
[200.445s][info][gc,marking  ] GC(1096) Concurrent Mark
[200.445s][info][gc,marking  ] GC(1096) Concurrent Mark From Roots
[200.445s][info][gc,task     ] GC(1096) Using 2 workers of 2 for marking
[200.455s][info][gc,marking  ] GC(1096) Concurrent Mark From Roots 10.623ms
[200.455s][info][gc,marking  ] GC(1096) Concurrent Preclean
[200.456s][info][gc,marking  ] GC(1096) Concurrent Preclean 0.142ms
[200.456s][info][gc,start    ] GC(1096) Pause Remark
[200.460s][info][gc          ] GC(1096) Pause Remark 73M->73M(240M) 3.655ms
[200.460s][info][gc,cpu      ] GC(1096) User=0.02s Sys=0.00s Real=0.00s
[200.460s][info][gc,marking  ] GC(1096) Concurrent Mark 15.399ms
[200.460s][info][gc,marking  ] GC(1096) Concurrent Rebuild Remembered Sets
[200.465s][info][gc,marking  ] GC(1096) Concurrent Rebuild Remembered Sets 4.962ms
[200.465s][info][gc,start    ] GC(1096) Pause Cleanup
[200.465s][info][gc          ] GC(1096) Pause Cleanup 73M->73M(240M) 0.102ms
[200.466s][info][gc,cpu      ] GC(1096) User=0.00s Sys=0.00s Real=0.00s
[200.466s][info][gc,marking  ] GC(1096) Concurrent Cleanup for Next Mark
[200.466s][info][gc,marking  ] GC(1096) Concurrent Cleanup for Next Mark 0.184ms
[200.466s][info][gc          ] GC(1096) Concurrent Mark Cycle 22.039ms
[201.264s][info][gc,start    ] GC(1097) Pause Young (Prepare Mixed) (G1 Preventive Collection)
[201.264s][info][gc,task     ] GC(1097) Using 6 workers of 6 for evacuation
[201.265s][info][gc,phases   ] GC(1097)   Pre Evacuate Collection Set: 0.2ms
[201.265s][info][gc,phases   ] GC(1097)   Merge Heap Roots: 0.1ms
[201.265s][info][gc,phases   ] GC(1097)   Evacuate Collection Set: 0.6ms
[201.265s][info][gc,phases   ] GC(1097)   Post Evacuate Collection Set: 0.6ms
[201.265s][info][gc,phases   ] GC(1097)   Other: 0.3ms
[201.265s][info][gc,heap     ] GC(1097) Eden regions: 78->0(10)
[201.265s][info][gc,heap     ] GC(1097) Survivor regions: 1->2(18)
[201.265s][info][gc,heap     ] GC(1097) Old regions: 55->55
[201.265s][info][gc,heap     ] GC(1097) Archive regions: 0->0
[201.265s][info][gc,heap     ] GC(1097) Humongous regions: 100->4
[201.265s][info][gc,metaspace] GC(1097) Metaspace: 37426K(37696K)->37426K(37696K) NonClass: 33422K(33536K)->33422K(33536K) Class: 4004K(4160K)->4004K(4160K)
[201.265s][info][gc          ] GC(1097) Pause Young (Prepare Mixed) (G1 Preventive Collection) 232M->59M(240M) 1.764ms
[201.266s][info][gc,cpu      ] GC(1097) User=0.00s Sys=0.00s Real=0.00s
[201.378s][info][gc,start    ] GC(1098) Pause Young (Mixed) (G1 Evacuation Pause)
[201.378s][info][gc,task     ] GC(1098) Using 6 workers of 6 for evacuation
[201.380s][info][gc,phases   ] GC(1098)   Pre Evacuate Collection Set: 0.2ms
[201.380s][info][gc,phases   ] GC(1098)   Merge Heap Roots: 0.1ms
[201.380s][info][gc,phases   ] GC(1098)   Evacuate Collection Set: 0.5ms
[201.380s][info][gc,phases   ] GC(1098)   Post Evacuate Collection Set: 0.6ms
[201.380s][info][gc,phases   ] GC(1098)   Other: 0.3ms
[201.380s][info][gc,heap     ] GC(1098) Eden regions: 10->0(134)
[201.380s][info][gc,heap     ] GC(1098) Survivor regions: 2->1(2)
[201.380s][info][gc,heap     ] GC(1098) Old regions: 55->56
[201.380s][info][gc,heap     ] GC(1098) Archive regions: 0->0
[201.380s][info][gc,heap     ] GC(1098) Humongous regions: 28->8
[201.380s][info][gc,metaspace] GC(1098) Metaspace: 37426K(37696K)->37426K(37696K) NonClass: 33422K(33536K)->33422K(33536K) Class: 4004K(4160K)->4004K(4160K)
[201.380s][info][gc          ] GC(1098) Pause Young (Mixed) (G1 Evacuation Pause) 93M->63M(240M) 1.681ms
[201.380s][info][gc,cpu      ] GC(1098) User=0.00s Sys=0.00s Real=0.00s
[201.469s][info][gc,start    ] GC(1099) Pause Young (Concurrent Start) (G1 Humongous Allocation)
[201.469s][info][gc,task     ] GC(1099) Using 6 workers of 6 for evacuation
[201.471s][info][gc,phases   ] GC(1099)   Pre Evacuate Collection Set: 0.3ms
[201.471s][info][gc,phases   ] GC(1099)   Merge Heap Roots: 0.1ms
[201.471s][info][gc,phases   ] GC(1099)   Evacuate Collection Set: 0.7ms
[201.471s][info][gc,phases   ] GC(1099)   Post Evacuate Collection Set: 0.7ms
[201.471s][info][gc,phases   ] GC(1099)   Other: 0.7ms
[201.471s][info][gc,heap     ] GC(1099) Eden regions: 11->0(141)
[201.471s][info][gc,heap     ] GC(1099) Survivor regions: 1->1(17)
[201.471s][info][gc,heap     ] GC(1099) Old regions: 56->56
[201.471s][info][gc,heap     ] GC(1099) Archive regions: 0->0
[201.471s][info][gc,heap     ] GC(1099) Humongous regions: 8->4
[201.471s][info][gc,metaspace] GC(1099) Metaspace: 37427K(37696K)->37427K(37696K) NonClass: 33422K(33536K)->33422K(33536K) Class: 4004K(4160K)->4004K(4160K)
[201.471s][info][gc          ] GC(1099) Pause Young (Concurrent Start) (G1 Humongous Allocation) 74M->59M(240M) 2.196ms
[201.472s][info][gc,cpu      ] GC(1099) User=0.00s Sys=0.00s Real=0.00s
[201.472s][info][gc          ] GC(1100) Concurrent Mark Cycle
[201.472s][info][gc,marking  ] GC(1100) Concurrent Clear Claimed Marks
[201.472s][info][gc,marking  ] GC(1100) Concurrent Clear Claimed Marks 0.024ms
[201.472s][info][gc,marking  ] GC(1100) Concurrent Scan Root Regions
[201.472s][info][gc,marking  ] GC(1100) Concurrent Scan Root Regions 0.540ms
[201.472s][info][gc,marking  ] GC(1100) Concurrent Mark
[201.472s][info][gc,marking  ] GC(1100) Concurrent Mark From Roots
[201.472s][info][gc,task     ] GC(1100) Using 2 workers of 2 for marking
[201.483s][info][gc,marking  ] GC(1100) Concurrent Mark From Roots 10.851ms
[201.483s][info][gc,marking  ] GC(1100) Concurrent Preclean
[201.483s][info][gc,marking  ] GC(1100) Concurrent Preclean 0.152ms
[201.484s][info][gc,start    ] GC(1100) Pause Remark
[201.488s][info][gc          ] GC(1100) Pause Remark 72M->72M(240M) 4.564ms
[201.488s][info][gc,cpu      ] GC(1100) User=0.00s Sys=0.00s Real=0.01s
[201.489s][info][gc,marking  ] GC(1100) Concurrent Mark 16.316ms
[201.489s][info][gc,marking  ] GC(1100) Concurrent Rebuild Remembered Sets
[201.494s][info][gc,marking  ] GC(1100) Concurrent Rebuild Remembered Sets 5.617ms
[201.495s][info][gc,start    ] GC(1100) Pause Cleanup
[201.495s][info][gc          ] GC(1100) Pause Cleanup 74M->74M(240M) 0.146ms
[201.495s][info][gc,cpu      ] GC(1100) User=0.00s Sys=0.00s Real=0.00s
[201.495s][info][gc,marking  ] GC(1100) Concurrent Cleanup for Next Mark
[201.495s][info][gc,marking  ] GC(1100) Concurrent Cleanup for Next Mark 0.148ms
[201.495s][info][gc          ] GC(1100) Concurrent Mark Cycle 23.496ms
[202.274s][info][gc,start    ] GC(1101) Pause Young (Prepare Mixed) (G1 Preventive Collection)
[202.274s][info][gc,task     ] GC(1101) Using 6 workers of 6 for evacuation
[202.275s][info][gc,phases   ] GC(1101)   Pre Evacuate Collection Set: 0.2ms
[202.275s][info][gc,phases   ] GC(1101)   Merge Heap Roots: 0.0ms
[202.275s][info][gc,phases   ] GC(1101)   Evacuate Collection Set: 0.7ms
[202.275s][info][gc,phases   ] GC(1101)   Post Evacuate Collection Set: 0.5ms
[202.275s][info][gc,phases   ] GC(1101)   Other: 0.3ms
[202.275s][info][gc,heap     ] GC(1101) Eden regions: 79->0(10)
[202.275s][info][gc,heap     ] GC(1101) Survivor regions: 1->2(18)
[202.275s][info][gc,heap     ] GC(1101) Old regions: 56->56
[202.275s][info][gc,heap     ] GC(1101) Archive regions: 0->0
[202.275s][info][gc,heap     ] GC(1101) Humongous regions: 100->4
[202.275s][info][gc,metaspace] GC(1101) Metaspace: 37439K(37760K)->37439K(37760K) NonClass: 33434K(33600K)->33434K(33600K) Class: 4004K(4160K)->4004K(4160K)
[202.275s][info][gc          ] GC(1101) Pause Young (Prepare Mixed) (G1 Preventive Collection) 234M->60M(240M) 1.712ms
[202.276s][info][gc,cpu      ] GC(1101) User=0.00s Sys=0.00s Real=0.00s
[202.314s][info][gc,start    ] GC(1102) Pause Young (Mixed) (G1 Evacuation Pause)
[202.314s][info][gc,task     ] GC(1102) Using 6 workers of 6 for evacuation
[202.315s][info][gc,phases   ] GC(1102)   Pre Evacuate Collection Set: 0.1ms
[202.316s][info][gc,phases   ] GC(1102)   Merge Heap Roots: 0.1ms
[202.316s][info][gc,phases   ] GC(1102)   Evacuate Collection Set: 0.7ms
[202.316s][info][gc,phases   ] GC(1102)   Post Evacuate Collection Set: 0.6ms
[202.316s][info][gc,phases   ] GC(1102)   Other: 0.3ms
[202.316s][info][gc,heap     ] GC(1102) Eden regions: 10->0(141)
[202.316s][info][gc,heap     ] GC(1102) Survivor regions: 2->1(2)
[202.316s][info][gc,heap     ] GC(1102) Old regions: 56->56
[202.316s][info][gc,heap     ] GC(1102) Archive regions: 0->0
[202.316s][info][gc,heap     ] GC(1102) Humongous regions: 16->4
[202.316s][info][gc,metaspace] GC(1102) Metaspace: 37439K(37760K)->37439K(37760K) NonClass: 33434K(33600K)->33434K(33600K) Class: 4004K(4160K)->4004K(4160K)
[202.316s][info][gc          ] GC(1102) Pause Young (Mixed) (G1 Evacuation Pause) 82M->60M(240M) 1.820ms
[202.316s][info][gc,cpu      ] GC(1102) User=0.00s Sys=0.00s Real=0.00s
[202.390s][info][gc,start    ] GC(1103) Pause Young (Concurrent Start) (G1 Humongous Allocation)
[202.390s][info][gc,task     ] GC(1103) Using 6 workers of 6 for evacuation
[202.392s][info][gc,phases   ] GC(1103)   Pre Evacuate Collection Set: 0.2ms
[202.392s][info][gc,phases   ] GC(1103)   Merge Heap Roots: 0.1ms
[202.392s][info][gc,phases   ] GC(1103)   Evacuate Collection Set: 0.8ms
[202.392s][info][gc,phases   ] GC(1103)   Post Evacuate Collection Set: 0.5ms
[202.392s][info][gc,phases   ] GC(1103)   Other: 0.3ms
[202.392s][info][gc,heap     ] GC(1103) Eden regions: 3->0(143)
[202.392s][info][gc,heap     ] GC(1103) Survivor regions: 1->1(18)
[202.392s][info][gc,heap     ] GC(1103) Old regions: 56->56
[202.392s][info][gc,heap     ] GC(1103) Archive regions: 0->0
[202.392s][info][gc,heap     ] GC(1103) Humongous regions: 4->4
[202.392s][info][gc,metaspace] GC(1103) Metaspace: 37439K(37760K)->37439K(37760K) NonClass: 33434K(33600K)->33434K(33600K) Class: 4004K(4160K)->4004K(4160K)
[202.392s][info][gc          ] GC(1103) Pause Young (Concurrent Start) (G1 Humongous Allocation) 62M->59M(240M) 1.814ms
[202.392s][info][gc,cpu      ] GC(1103) User=0.00s Sys=0.00s Real=0.00s
[202.392s][info][gc          ] GC(1104) Concurrent Mark Cycle
[202.392s][info][gc,marking  ] GC(1104) Concurrent Clear Claimed Marks
[202.392s][info][gc,marking  ] GC(1104) Concurrent Clear Claimed Marks 0.024ms
[202.392s][info][gc,marking  ] GC(1104) Concurrent Scan Root Regions
[202.393s][info][gc,marking  ] GC(1104) Concurrent Scan Root Regions 0.620ms
[202.393s][info][gc,marking  ] GC(1104) Concurrent Mark
[202.393s][info][gc,marking  ] GC(1104) Concurrent Mark From Roots
[202.393s][info][gc,task     ] GC(1104) Using 2 workers of 2 for marking
[202.406s][info][gc,marking  ] GC(1104) Concurrent Mark From Roots 12.892ms
[202.406s][info][gc,marking  ] GC(1104) Concurrent Preclean
[202.406s][info][gc,marking  ] GC(1104) Concurrent Preclean 0.162ms
[202.406s][info][gc,start    ] GC(1104) Pause Remark
[202.410s][info][gc          ] GC(1104) Pause Remark 73M->73M(240M) 3.528ms
[202.410s][info][gc,cpu      ] GC(1104) User=0.00s Sys=0.00s Real=0.00s
[202.410s][info][gc,marking  ] GC(1104) Concurrent Mark 17.365ms
[202.410s][info][gc,marking  ] GC(1104) Concurrent Rebuild Remembered Sets
[202.415s][info][gc,marking  ] GC(1104) Concurrent Rebuild Remembered Sets 5.122ms
[202.416s][info][gc,start    ] GC(1104) Pause Cleanup
[202.416s][info][gc          ] GC(1104) Pause Cleanup 74M->74M(240M) 0.118ms
[202.416s][info][gc,cpu      ] GC(1104) User=0.00s Sys=0.00s Real=0.00s
[202.416s][info][gc,marking  ] GC(1104) Concurrent Cleanup for Next Mark
[202.416s][info][gc,marking  ] GC(1104) Concurrent Cleanup for Next Mark 0.180ms
[202.416s][info][gc          ] GC(1104) Concurrent Mark Cycle 24.196ms
[203.178s][info][gc,start    ] GC(1105) Pause Young (Prepare Mixed) (G1 Preventive Collection)
[203.178s][info][gc,task     ] GC(1105) Using 6 workers of 6 for evacuation
[203.180s][info][gc,phases   ] GC(1105)   Pre Evacuate Collection Set: 0.1ms
[203.180s][info][gc,phases   ] GC(1105)   Merge Heap Roots: 0.1ms
[203.180s][info][gc,phases   ] GC(1105)   Evacuate Collection Set: 0.8ms
[203.180s][info][gc,phases   ] GC(1105)   Post Evacuate Collection Set: 0.7ms
[203.180s][info][gc,phases   ] GC(1105)   Other: 0.4ms
[203.180s][info][gc,heap     ] GC(1105) Eden regions: 79->0(10)
[203.180s][info][gc,heap     ] GC(1105) Survivor regions: 1->2(18)
[203.180s][info][gc,heap     ] GC(1105) Old regions: 56->56
[203.180s][info][gc,heap     ] GC(1105) Archive regions: 0->0
[203.180s][info][gc,heap     ] GC(1105) Humongous regions: 100->4
[203.180s][info][gc,metaspace] GC(1105) Metaspace: 37439K(37760K)->37439K(37760K) NonClass: 33434K(33600K)->33434K(33600K) Class: 4004K(4160K)->4004K(4160K)
[203.180s][info][gc          ] GC(1105) Pause Young (Prepare Mixed) (G1 Preventive Collection) 234M->60M(240M) 1.970ms
[203.180s][info][gc,cpu      ] GC(1105) User=0.00s Sys=0.00s Real=0.00s
[203.283s][info][gc,start    ] GC(1106) Pause Young (Mixed) (G1 Evacuation Pause)
[203.283s][info][gc,task     ] GC(1106) Using 6 workers of 6 for evacuation
[203.285s][info][gc,phases   ] GC(1106)   Pre Evacuate Collection Set: 0.1ms
[203.285s][info][gc,phases   ] GC(1106)   Merge Heap Roots: 0.1ms
[203.285s][info][gc,phases   ] GC(1106)   Evacuate Collection Set: 0.6ms
[203.285s][info][gc,phases   ] GC(1106)   Post Evacuate Collection Set: 0.4ms
[203.285s][info][gc,phases   ] GC(1106)   Other: 0.3ms
[203.285s][info][gc,heap     ] GC(1106) Eden regions: 10->0(143)
[203.285s][info][gc,heap     ] GC(1106) Survivor regions: 2->1(2)
[203.285s][info][gc,heap     ] GC(1106) Old regions: 56->56
[203.285s][info][gc,heap     ] GC(1106) Archive regions: 0->0
[203.285s][info][gc,heap     ] GC(1106) Humongous regions: 16->4
[203.285s][info][gc,metaspace] GC(1106) Metaspace: 37439K(37760K)->37439K(37760K) NonClass: 33434K(33600K)->33434K(33600K) Class: 4004K(4160K)->4004K(4160K)
[203.285s][info][gc          ] GC(1106) Pause Young (Mixed) (G1 Evacuation Pause) 82M->60M(240M) 1.391ms
[203.285s][info][gc,cpu      ] GC(1106) User=0.00s Sys=0.00s Real=0.00s
[203.358s][info][gc,start    ] GC(1107) Pause Young (Concurrent Start) (G1 Humongous Allocation)
[203.358s][info][gc,task     ] GC(1107) Using 6 workers of 6 for evacuation
[203.360s][info][gc,phases   ] GC(1107)   Pre Evacuate Collection Set: 0.1ms
[203.360s][info][gc,phases   ] GC(1107)   Merge Heap Roots: 0.0ms
[203.360s][info][gc,phases   ] GC(1107)   Evacuate Collection Set: 1.4ms
[203.360s][info][gc,phases   ] GC(1107)   Post Evacuate Collection Set: 0.5ms
[203.360s][info][gc,phases   ] GC(1107)   Other: 0.4ms
[203.360s][info][gc,heap     ] GC(1107) Eden regions: 7->0(143)
[203.360s][info][gc,heap     ] GC(1107) Survivor regions: 1->1(18)
[203.360s][info][gc,heap     ] GC(1107) Old regions: 56->56
[203.360s][info][gc,heap     ] GC(1107) Archive regions: 0->0
[203.360s][info][gc,heap     ] GC(1107) Humongous regions: 4->4
[203.360s][info][gc,metaspace] GC(1107) Metaspace: 37439K(37760K)->37439K(37760K) NonClass: 33434K(33600K)->33434K(33600K) Class: 4004K(4160K)->4004K(4160K)
[203.360s][info][gc          ] GC(1107) Pause Young (Concurrent Start) (G1 Humongous Allocation) 66M->59M(240M) 2.479ms
[203.360s][info][gc,cpu      ] GC(1107) User=0.00s Sys=0.00s Real=0.00s
[203.360s][info][gc          ] GC(1108) Concurrent Mark Cycle
[203.360s][info][gc,marking  ] GC(1108) Concurrent Clear Claimed Marks
[203.361s][info][gc,marking  ] GC(1108) Concurrent Clear Claimed Marks 0.025ms
[203.361s][info][gc,marking  ] GC(1108) Concurrent Scan Root Regions
[203.361s][info][gc,marking  ] GC(1108) Concurrent Scan Root Regions 0.464ms
[203.361s][info][gc,marking  ] GC(1108) Concurrent Mark
[203.361s][info][gc,marking  ] GC(1108) Concurrent Mark From Roots
[203.361s][info][gc,task     ] GC(1108) Using 2 workers of 2 for marking
[203.372s][info][gc,marking  ] GC(1108) Concurrent Mark From Roots 10.926ms
[203.372s][info][gc,marking  ] GC(1108) Concurrent Preclean
[203.372s][info][gc,marking  ] GC(1108) Concurrent Preclean 0.317ms
[203.373s][info][gc,start    ] GC(1108) Pause Remark
[203.376s][info][gc          ] GC(1108) Pause Remark 73M->73M(240M) 3.279ms
[203.377s][info][gc,cpu      ] GC(1108) User=0.00s Sys=0.00s Real=0.00s
[203.377s][info][gc,marking  ] GC(1108) Concurrent Mark 15.597ms
[203.377s][info][gc,marking  ] GC(1108) Concurrent Rebuild Remembered Sets
[203.382s][info][gc,marking  ] GC(1108) Concurrent Rebuild Remembered Sets 5.063ms
[203.382s][info][gc,start    ] GC(1108) Pause Cleanup
[203.382s][info][gc          ] GC(1108) Pause Cleanup 74M->74M(240M) 0.119ms
[203.383s][info][gc,cpu      ] GC(1108) User=0.00s Sys=0.00s Real=0.00s
[203.383s][info][gc,marking  ] GC(1108) Concurrent Cleanup for Next Mark
[203.383s][info][gc,marking  ] GC(1108) Concurrent Cleanup for Next Mark 0.177ms
[203.383s][info][gc          ] GC(1108) Concurrent Mark Cycle 22.393ms
[204.247s][info][gc,start    ] GC(1109) Pause Young (Prepare Mixed) (G1 Preventive Collection)
[204.247s][info][gc,task     ] GC(1109) Using 6 workers of 6 for evacuation
[204.248s][info][gc,phases   ] GC(1109)   Pre Evacuate Collection Set: 0.2ms
[204.248s][info][gc,phases   ] GC(1109)   Merge Heap Roots: 0.0ms
[204.248s][info][gc,phases   ] GC(1109)   Evacuate Collection Set: 0.8ms
[204.248s][info][gc,phases   ] GC(1109)   Post Evacuate Collection Set: 0.5ms
[204.248s][info][gc,phases   ] GC(1109)   Other: 0.4ms
[204.248s][info][gc,heap     ] GC(1109) Eden regions: 77->0(10)
[204.249s][info][gc,heap     ] GC(1109) Survivor regions: 1->2(18)
[204.249s][info][gc,heap     ] GC(1109) Old regions: 56->56
[204.249s][info][gc,heap     ] GC(1109) Archive regions: 0->0
[204.249s][info][gc,heap     ] GC(1109) Humongous regions: 100->4
[204.249s][info][gc,metaspace] GC(1109) Metaspace: 37440K(37760K)->37440K(37760K) NonClass: 33435K(33600K)->33435K(33600K) Class: 4004K(4160K)->4004K(4160K)
[204.249s][info][gc          ] GC(1109) Pause Young (Prepare Mixed) (G1 Preventive Collection) 232M->60M(240M) 1.894ms
[204.249s][info][gc,cpu      ] GC(1109) User=0.00s Sys=0.00s Real=0.00s
[204.378s][info][gc,start    ] GC(1110) Pause Young (Mixed) (G1 Evacuation Pause)
[204.378s][info][gc,task     ] GC(1110) Using 6 workers of 6 for evacuation
[204.380s][info][gc,phases   ] GC(1110)   Pre Evacuate Collection Set: 0.1ms
[204.380s][info][gc,phases   ] GC(1110)   Merge Heap Roots: 0.0ms
[204.380s][info][gc,phases   ] GC(1110)   Evacuate Collection Set: 0.7ms
[204.380s][info][gc,phases   ] GC(1110)   Post Evacuate Collection Set: 0.5ms
[204.380s][info][gc,phases   ] GC(1110)   Other: 0.4ms
[204.380s][info][gc,heap     ] GC(1110) Eden regions: 10->0(141)
[204.380s][info][gc,heap     ] GC(1110) Survivor regions: 2->1(2)
[204.380s][info][gc,heap     ] GC(1110) Old regions: 56->57
[204.380s][info][gc,heap     ] GC(1110) Archive regions: 0->0
[204.380s][info][gc,heap     ] GC(1110) Humongous regions: 28->8
[204.380s][info][gc,metaspace] GC(1110) Metaspace: 37440K(37760K)->37440K(37760K) NonClass: 33435K(33600K)->33435K(33600K) Class: 4004K(4160K)->4004K(4160K)
[204.380s][info][gc          ] GC(1110) Pause Young (Mixed) (G1 Evacuation Pause) 94M->64M(240M) 1.599ms
[204.380s][info][gc,cpu      ] GC(1110) User=0.02s Sys=0.00s Real=0.00s
[204.467s][info][gc,start    ] GC(1111) Pause Young (Concurrent Start) (G1 Humongous Allocation)
[204.467s][info][gc,task     ] GC(1111) Using 6 workers of 6 for evacuation
[204.468s][info][gc,phases   ] GC(1111)   Pre Evacuate Collection Set: 0.1ms
[204.468s][info][gc,phases   ] GC(1111)   Merge Heap Roots: 0.0ms
[204.468s][info][gc,phases   ] GC(1111)   Evacuate Collection Set: 0.6ms
[204.468s][info][gc,phases   ] GC(1111)   Post Evacuate Collection Set: 0.4ms
[204.468s][info][gc,phases   ] GC(1111)   Other: 0.3ms
[204.468s][info][gc,heap     ] GC(1111) Eden regions: 7->0(143)
[204.468s][info][gc,heap     ] GC(1111) Survivor regions: 1->1(18)
[204.468s][info][gc,heap     ] GC(1111) Old regions: 57->57
[204.468s][info][gc,heap     ] GC(1111) Archive regions: 0->0
[204.468s][info][gc,heap     ] GC(1111) Humongous regions: 8->4
[204.468s][info][gc,metaspace] GC(1111) Metaspace: 37440K(37760K)->37440K(37760K) NonClass: 33436K(33600K)->33436K(33600K) Class: 4004K(4160K)->4004K(4160K)
[204.468s][info][gc          ] GC(1111) Pause Young (Concurrent Start) (G1 Humongous Allocation) 70M->60M(240M) 1.407ms
[204.468s][info][gc,cpu      ] GC(1111) User=0.00s Sys=0.00s Real=0.00s
[204.468s][info][gc          ] GC(1112) Concurrent Mark Cycle
[204.468s][info][gc,marking  ] GC(1112) Concurrent Clear Claimed Marks
[204.469s][info][gc,marking  ] GC(1112) Concurrent Clear Claimed Marks 0.025ms
[204.469s][info][gc,marking  ] GC(1112) Concurrent Scan Root Regions
[204.469s][info][gc,marking  ] GC(1112) Concurrent Scan Root Regions 0.325ms
[204.469s][info][gc,marking  ] GC(1112) Concurrent Mark
[204.469s][info][gc,marking  ] GC(1112) Concurrent Mark From Roots
[204.469s][info][gc,task     ] GC(1112) Using 2 workers of 2 for marking
[204.481s][info][gc,marking  ] GC(1112) Concurrent Mark From Roots 11.882ms
[204.481s][info][gc,marking  ] GC(1112) Concurrent Preclean
[204.481s][info][gc,marking  ] GC(1112) Concurrent Preclean 0.244ms
[204.481s][info][gc,start    ] GC(1112) Pause Remark
[204.484s][info][gc          ] GC(1112) Pause Remark 75M->75M(240M) 2.241ms
[204.484s][info][gc,cpu      ] GC(1112) User=0.00s Sys=0.00s Real=0.00s
[204.484s][info][gc,marking  ] GC(1112) Concurrent Mark 15.057ms
[204.484s][info][gc,marking  ] GC(1112) Concurrent Rebuild Remembered Sets
[204.490s][info][gc,marking  ] GC(1112) Concurrent Rebuild Remembered Sets 6.149ms
[204.490s][info][gc,start    ] GC(1112) Pause Cleanup
[204.490s][info][gc          ] GC(1112) Pause Cleanup 78M->78M(240M) 0.073ms
[204.491s][info][gc,cpu      ] GC(1112) User=0.00s Sys=0.00s Real=0.00s
[204.491s][info][gc,marking  ] GC(1112) Concurrent Cleanup for Next Mark
[204.491s][info][gc,marking  ] GC(1112) Concurrent Cleanup for Next Mark 0.117ms
[204.491s][info][gc          ] GC(1112) Concurrent Mark Cycle 22.361ms
[205.293s][info][gc,start    ] GC(1113) Pause Young (Prepare Mixed) (G1 Preventive Collection)
[205.293s][info][gc,task     ] GC(1113) Using 6 workers of 6 for evacuation
[205.295s][info][gc,phases   ] GC(1113)   Pre Evacuate Collection Set: 0.2ms
[205.295s][info][gc,phases   ] GC(1113)   Merge Heap Roots: 0.1ms
[205.295s][info][gc,phases   ] GC(1113)   Evacuate Collection Set: 0.7ms
[205.295s][info][gc,phases   ] GC(1113)   Post Evacuate Collection Set: 0.8ms
[205.295s][info][gc,phases   ] GC(1113)   Other: 0.4ms
[205.295s][info][gc,heap     ] GC(1113) Eden regions: 72->0(10)
[205.295s][info][gc,heap     ] GC(1113) Survivor regions: 1->2(18)
[205.295s][info][gc,heap     ] GC(1113) Old regions: 57->57
[205.295s][info][gc,heap     ] GC(1113) Archive regions: 0->0
[205.295s][info][gc,heap     ] GC(1113) Humongous regions: 112->8
[205.295s][info][gc,metaspace] GC(1113) Metaspace: 37440K(37760K)->37440K(37760K) NonClass: 33436K(33600K)->33436K(33600K) Class: 4004K(4160K)->4004K(4160K)
[205.295s][info][gc          ] GC(1113) Pause Young (Prepare Mixed) (G1 Preventive Collection) 240M->65M(244M) 2.098ms
[205.295s][info][gc,cpu      ] GC(1113) User=0.00s Sys=0.00s Real=0.00s
[205.312s][info][gc,start    ] GC(1114) Pause Young (Mixed) (G1 Evacuation Pause)
[205.312s][info][gc,task     ] GC(1114) Using 6 workers of 6 for evacuation
[205.314s][info][gc,phases   ] GC(1114)   Pre Evacuate Collection Set: 0.2ms
[205.314s][info][gc,phases   ] GC(1114)   Merge Heap Roots: 0.1ms
[205.314s][info][gc,phases   ] GC(1114)   Evacuate Collection Set: 0.8ms
[205.314s][info][gc,phases   ] GC(1114)   Post Evacuate Collection Set: 0.6ms
[205.314s][info][gc,phases   ] GC(1114)   Other: 0.3ms
[205.314s][info][gc,heap     ] GC(1114) Eden regions: 10->0(145)
[205.314s][info][gc,heap     ] GC(1114) Survivor regions: 2->1(2)
[205.314s][info][gc,heap     ] GC(1114) Old regions: 57->57
[205.314s][info][gc,heap     ] GC(1114) Archive regions: 0->0
[205.314s][info][gc,heap     ] GC(1114) Humongous regions: 8->4
[205.314s][info][gc,metaspace] GC(1114) Metaspace: 37440K(37760K)->37440K(37760K) NonClass: 33436K(33600K)->33436K(33600K) Class: 4004K(4160K)->4004K(4160K)
[205.314s][info][gc          ] GC(1114) Pause Young (Mixed) (G1 Evacuation Pause) 74M->60M(244M) 1.952ms
[205.314s][info][gc,cpu      ] GC(1114) User=0.00s Sys=0.00s Real=0.00s
[205.387s][info][gc,start    ] GC(1115) Pause Young (Concurrent Start) (G1 Humongous Allocation)
[205.387s][info][gc,task     ] GC(1115) Using 6 workers of 6 for evacuation
[205.389s][info][gc,phases   ] GC(1115)   Pre Evacuate Collection Set: 0.2ms
[205.389s][info][gc,phases   ] GC(1115)   Merge Heap Roots: 0.1ms
[205.389s][info][gc,phases   ] GC(1115)   Evacuate Collection Set: 0.8ms
[205.389s][info][gc,phases   ] GC(1115)   Post Evacuate Collection Set: 0.5ms
[205.389s][info][gc,phases   ] GC(1115)   Other: 0.5ms
[205.389s][info][gc,heap     ] GC(1115) Eden regions: 2->0(145)
[205.389s][info][gc,heap     ] GC(1115) Survivor regions: 1->1(19)
[205.389s][info][gc,heap     ] GC(1115) Old regions: 57->57
[205.389s][info][gc,heap     ] GC(1115) Archive regions: 0->0
[205.389s][info][gc,heap     ] GC(1115) Humongous regions: 4->4
[205.389s][info][gc,metaspace] GC(1115) Metaspace: 37442K(37760K)->37442K(37760K) NonClass: 33438K(33600K)->33438K(33600K) Class: 4004K(4160K)->4004K(4160K)
[205.389s][info][gc          ] GC(1115) Pause Young (Concurrent Start) (G1 Humongous Allocation) 62M->60M(244M) 2.039ms
[205.389s][info][gc,cpu      ] GC(1115) User=0.00s Sys=0.00s Real=0.00s
[205.389s][info][gc          ] GC(1116) Concurrent Undo Cycle
[205.389s][info][gc,marking  ] GC(1116) Concurrent Cleanup for Next Mark
[205.389s][info][gc,marking  ] GC(1116) Concurrent Cleanup for Next Mark 0.209ms
[205.389s][info][gc          ] GC(1116) Concurrent Undo Cycle 0.280ms
[205.391s][info][gc,start    ] GC(1117) Pause Young (Concurrent Start) (G1 Humongous Allocation)
[205.391s][info][gc,task     ] GC(1117) Using 6 workers of 6 for evacuation
[205.393s][info][gc,phases   ] GC(1117)   Pre Evacuate Collection Set: 0.2ms
[205.393s][info][gc,phases   ] GC(1117)   Merge Heap Roots: 0.1ms
[205.393s][info][gc,phases   ] GC(1117)   Evacuate Collection Set: 1.0ms
[205.393s][info][gc,phases   ] GC(1117)   Post Evacuate Collection Set: 0.5ms
[205.393s][info][gc,phases   ] GC(1117)   Other: 0.3ms
[205.393s][info][gc,heap     ] GC(1117) Eden regions: 0->0(145)
[205.393s][info][gc,heap     ] GC(1117) Survivor regions: 1->1(19)
[205.393s][info][gc,heap     ] GC(1117) Old regions: 57->57
[205.393s][info][gc,heap     ] GC(1117) Archive regions: 0->0
[205.393s][info][gc,heap     ] GC(1117) Humongous regions: 8->8
[205.393s][info][gc,metaspace] GC(1117) Metaspace: 37442K(37760K)->37442K(37760K) NonClass: 33438K(33600K)->33438K(33600K) Class: 4004K(4160K)->4004K(4160K)
[205.393s][info][gc          ] GC(1117) Pause Young (Concurrent Start) (G1 Humongous Allocation) 64M->64M(244M) 1.932ms
[205.393s][info][gc,cpu      ] GC(1117) User=0.00s Sys=0.00s Real=0.00s
[205.393s][info][gc          ] GC(1118) Concurrent Mark Cycle
[205.393s][info][gc,marking  ] GC(1118) Concurrent Clear Claimed Marks
[205.393s][info][gc,marking  ] GC(1118) Concurrent Clear Claimed Marks 0.027ms
[205.393s][info][gc,marking  ] GC(1118) Concurrent Scan Root Regions
[205.394s][info][gc,marking  ] GC(1118) Concurrent Scan Root Regions 0.831ms
[205.394s][info][gc,marking  ] GC(1118) Concurrent Mark
[205.394s][info][gc,marking  ] GC(1118) Concurrent Mark From Roots
[205.394s][info][gc,task     ] GC(1118) Using 2 workers of 2 for marking
[205.406s][info][gc,marking  ] GC(1118) Concurrent Mark From Roots 11.160ms
[205.406s][info][gc,marking  ] GC(1118) Concurrent Preclean
[205.406s][info][gc,marking  ] GC(1118) Concurrent Preclean 0.178ms
[205.406s][info][gc,start    ] GC(1118) Pause Remark
[205.410s][info][gc          ] GC(1118) Pause Remark 74M->74M(244M) 3.565ms
[205.410s][info][gc,cpu      ] GC(1118) User=0.00s Sys=0.00s Real=0.00s
[205.410s][info][gc,marking  ] GC(1118) Concurrent Mark 15.668ms
[205.410s][info][gc,marking  ] GC(1118) Concurrent Rebuild Remembered Sets
[205.415s][info][gc,marking  ] GC(1118) Concurrent Rebuild Remembered Sets 5.344ms
[205.416s][info][gc,start    ] GC(1118) Pause Cleanup
[205.416s][info][gc          ] GC(1118) Pause Cleanup 75M->75M(244M) 0.163ms
[205.416s][info][gc,cpu      ] GC(1118) User=0.00s Sys=0.00s Real=0.00s
[205.416s][info][gc,marking  ] GC(1118) Concurrent Cleanup for Next Mark
[205.416s][info][gc,marking  ] GC(1118) Concurrent Cleanup for Next Mark 0.199ms
[205.416s][info][gc          ] GC(1118) Concurrent Mark Cycle 23.082ms
[206.236s][info][gc,start    ] GC(1119) Pause Young (Prepare Mixed) (GCLocker Initiated GC)
[206.236s][info][gc,task     ] GC(1119) Using 6 workers of 6 for evacuation
[206.237s][info][gc,phases   ] GC(1119)   Pre Evacuate Collection Set: 0.2ms
[206.237s][info][gc,phases   ] GC(1119)   Merge Heap Roots: 0.1ms
[206.237s][info][gc,phases   ] GC(1119)   Evacuate Collection Set: 0.6ms
[206.237s][info][gc,phases   ] GC(1119)   Post Evacuate Collection Set: 0.6ms
[206.237s][info][gc,phases   ] GC(1119)   Other: 0.3ms
[206.238s][info][gc,heap     ] GC(1119) Eden regions: 80->0(10)
[206.238s][info][gc,heap     ] GC(1119) Survivor regions: 1->2(19)
[206.238s][info][gc,heap     ] GC(1119) Old regions: 57->57
[206.238s][info][gc,heap     ] GC(1119) Archive regions: 0->0
[206.238s][info][gc,heap     ] GC(1119) Humongous regions: 112->8
[206.238s][info][gc,metaspace] GC(1119) Metaspace: 37442K(37760K)->37442K(37760K) NonClass: 33438K(33600K)->33438K(33600K) Class: 4004K(4160K)->4004K(4160K)
[206.238s][info][gc          ] GC(1119) Pause Young (Prepare Mixed) (GCLocker Initiated GC) 248M->65M(252M) 1.827ms
[206.238s][info][gc,cpu      ] GC(1119) User=0.00s Sys=0.00s Real=0.00s
[206.321s][info][gc,start    ] GC(1120) Pause Young (Mixed) (G1 Evacuation Pause)
[206.321s][info][gc,task     ] GC(1120) Using 6 workers of 6 for evacuation
[206.322s][info][gc,phases   ] GC(1120)   Pre Evacuate Collection Set: 0.2ms
[206.322s][info][gc,phases   ] GC(1120)   Merge Heap Roots: 0.0ms
[206.322s][info][gc,phases   ] GC(1120)   Evacuate Collection Set: 0.6ms
[206.322s][info][gc,phases   ] GC(1120)   Post Evacuate Collection Set: 0.5ms
[206.322s][info][gc,phases   ] GC(1120)   Other: 0.4ms
[206.322s][info][gc,heap     ] GC(1120) Eden regions: 10->0(150)
[206.322s][info][gc,heap     ] GC(1120) Survivor regions: 2->1(2)
[206.322s][info][gc,heap     ] GC(1120) Old regions: 57->57
[206.322s][info][gc,heap     ] GC(1120) Archive regions: 0->0
[206.322s][info][gc,heap     ] GC(1120) Humongous regions: 20->8
[206.322s][info][gc,metaspace] GC(1120) Metaspace: 37442K(37760K)->37442K(37760K) NonClass: 33438K(33600K)->33438K(33600K) Class: 4004K(4160K)->4004K(4160K)
[206.322s][info][gc          ] GC(1120) Pause Young (Mixed) (G1 Evacuation Pause) 87M->64M(252M) 1.612ms
[206.323s][info][gc,cpu      ] GC(1120) User=0.00s Sys=0.00s Real=0.00s
[206.417s][info][gc,start    ] GC(1121) Pause Young (Concurrent Start) (G1 Humongous Allocation)
[206.417s][info][gc,task     ] GC(1121) Using 6 workers of 6 for evacuation
[206.418s][info][gc,phases   ] GC(1121)   Pre Evacuate Collection Set: 0.1ms
[206.418s][info][gc,phases   ] GC(1121)   Merge Heap Roots: 0.0ms
[206.418s][info][gc,phases   ] GC(1121)   Evacuate Collection Set: 0.7ms
[206.418s][info][gc,phases   ] GC(1121)   Post Evacuate Collection Set: 0.4ms
[206.418s][info][gc,phases   ] GC(1121)   Other: 0.3ms
[206.418s][info][gc,heap     ] GC(1121) Eden regions: 8->0(150)
[206.418s][info][gc,heap     ] GC(1121) Survivor regions: 1->1(19)
[206.418s][info][gc,heap     ] GC(1121) Old regions: 57->57
[206.418s][info][gc,heap     ] GC(1121) Archive regions: 0->0
[206.418s][info][gc,heap     ] GC(1121) Humongous regions: 8->4
[206.418s][info][gc,metaspace] GC(1121) Metaspace: 37442K(37760K)->37442K(37760K) NonClass: 33438K(33600K)->33438K(33600K) Class: 4004K(4160K)->4004K(4160K)
[206.418s][info][gc          ] GC(1121) Pause Young (Concurrent Start) (G1 Humongous Allocation) 72M->60M(252M) 1.471ms
[206.418s][info][gc,cpu      ] GC(1121) User=0.00s Sys=0.00s Real=0.00s
[206.418s][info][gc          ] GC(1122) Concurrent Mark Cycle
[206.418s][info][gc,marking  ] GC(1122) Concurrent Clear Claimed Marks
[206.418s][info][gc,marking  ] GC(1122) Concurrent Clear Claimed Marks 0.048ms
[206.418s][info][gc,marking  ] GC(1122) Concurrent Scan Root Regions
[206.419s][info][gc,marking  ] GC(1122) Concurrent Scan Root Regions 0.544ms
[206.419s][info][gc,marking  ] GC(1122) Concurrent Mark
[206.419s][info][gc,marking  ] GC(1122) Concurrent Mark From Roots
[206.419s][info][gc,task     ] GC(1122) Using 2 workers of 2 for marking
[206.431s][info][gc,marking  ] GC(1122) Concurrent Mark From Roots 11.898ms
[206.431s][info][gc,marking  ] GC(1122) Concurrent Preclean
[206.431s][info][gc,marking  ] GC(1122) Concurrent Preclean 0.171ms
[206.432s][info][gc,start    ] GC(1122) Pause Remark
[206.435s][info][gc          ] GC(1122) Pause Remark 74M->74M(252M) 3.973ms
[206.436s][info][gc,cpu      ] GC(1122) User=0.00s Sys=0.00s Real=0.00s
[206.436s][info][gc,marking  ] GC(1122) Concurrent Mark 16.862ms
[206.436s][info][gc,marking  ] GC(1122) Concurrent Rebuild Remembered Sets
[206.441s][info][gc,marking  ] GC(1122) Concurrent Rebuild Remembered Sets 4.868ms
[206.441s][info][gc,start    ] GC(1122) Pause Cleanup
[206.441s][info][gc          ] GC(1122) Pause Cleanup 75M->75M(252M) 0.101ms
[206.441s][info][gc,cpu      ] GC(1122) User=0.00s Sys=0.00s Real=0.00s
[206.442s][info][gc,marking  ] GC(1122) Concurrent Cleanup for Next Mark
[206.442s][info][gc,marking  ] GC(1122) Concurrent Cleanup for Next Mark 0.149ms
[206.442s][info][gc          ] GC(1122) Concurrent Mark Cycle 23.315ms
[207.271s][info][gc,start    ] GC(1123) Pause Young (Prepare Mixed) (G1 Preventive Collection)
[207.271s][info][gc,task     ] GC(1123) Using 6 workers of 6 for evacuation
[207.273s][info][gc,phases   ] GC(1123)   Pre Evacuate Collection Set: 0.1ms
[207.273s][info][gc,phases   ] GC(1123)   Merge Heap Roots: 0.0ms
[207.273s][info][gc,phases   ] GC(1123)   Evacuate Collection Set: 0.7ms
[207.273s][info][gc,phases   ] GC(1123)   Post Evacuate Collection Set: 0.5ms
[207.273s][info][gc,phases   ] GC(1123)   Other: 0.4ms
[207.273s][info][gc,heap     ] GC(1123) Eden regions: 88->0(10)
[207.273s][info][gc,heap     ] GC(1123) Survivor regions: 1->3(19)
[207.273s][info][gc,heap     ] GC(1123) Old regions: 57->57
[207.273s][info][gc,heap     ] GC(1123) Archive regions: 0->0
[207.273s][info][gc,heap     ] GC(1123) Humongous regions: 112->4
[207.273s][info][gc,metaspace] GC(1123) Metaspace: 37442K(37760K)->37442K(37760K) NonClass: 33438K(33600K)->33438K(33600K) Class: 4004K(4160K)->4004K(4160K)
[207.273s][info][gc          ] GC(1123) Pause Young (Prepare Mixed) (G1 Preventive Collection) 256M->62M(261M) 1.814ms
[207.273s][info][gc,cpu      ] GC(1123) User=0.00s Sys=0.00s Real=0.00s
[207.375s][info][gc,start    ] GC(1124) Pause Young (Mixed) (G1 Evacuation Pause)
[207.375s][info][gc,task     ] GC(1124) Using 6 workers of 6 for evacuation
[207.377s][info][gc,phases   ] GC(1124)   Pre Evacuate Collection Set: 0.2ms
[207.377s][info][gc,phases   ] GC(1124)   Merge Heap Roots: 0.1ms
[207.377s][info][gc,phases   ] GC(1124)   Evacuate Collection Set: 1.0ms
[207.377s][info][gc,phases   ] GC(1124)   Post Evacuate Collection Set: 0.5ms
[207.377s][info][gc,phases   ] GC(1124)   Other: 0.3ms
[207.377s][info][gc,heap     ] GC(1124) Eden regions: 10->0(154)
[207.377s][info][gc,heap     ] GC(1124) Survivor regions: 3->2(2)
[207.377s][info][gc,heap     ] GC(1124) Old regions: 57->58
[207.377s][info][gc,heap     ] GC(1124) Archive regions: 0->0
[207.377s][info][gc,heap     ] GC(1124) Humongous regions: 16->4
[207.377s][info][gc,metaspace] GC(1124) Metaspace: 37442K(37760K)->37442K(37760K) NonClass: 33438K(33600K)->33438K(33600K) Class: 4004K(4160K)->4004K(4160K)
[207.377s][info][gc          ] GC(1124) Pause Young (Mixed) (G1 Evacuation Pause) 84M->62M(261M) 2.051ms
[207.377s][info][gc,cpu      ] GC(1124) User=0.00s Sys=0.00s Real=0.00s
[207.450s][info][gc,start    ] GC(1125) Pause Young (Concurrent Start) (G1 Humongous Allocation)
[207.450s][info][gc,task     ] GC(1125) Using 6 workers of 6 for evacuation
[207.452s][info][gc,phases   ] GC(1125)   Pre Evacuate Collection Set: 0.2ms
[207.452s][info][gc,phases   ] GC(1125)   Merge Heap Roots: 0.1ms
[207.452s][info][gc,phases   ] GC(1125)   Evacuate Collection Set: 0.8ms
[207.452s][info][gc,phases   ] GC(1125)   Post Evacuate Collection Set: 0.5ms
[207.452s][info][gc,phases   ] GC(1125)   Other: 0.4ms
[207.452s][info][gc,heap     ] GC(1125) Eden regions: 6->0(155)
[207.452s][info][gc,heap     ] GC(1125) Survivor regions: 2->1(20)
[207.452s][info][gc,heap     ] GC(1125) Old regions: 58->58
[207.452s][info][gc,heap     ] GC(1125) Archive regions: 0->0
[207.452s][info][gc,heap     ] GC(1125) Humongous regions: 4->4
[207.452s][info][gc,metaspace] GC(1125) Metaspace: 37442K(37760K)->37442K(37760K) NonClass: 33438K(33600K)->33438K(33600K) Class: 4004K(4160K)->4004K(4160K)
[207.452s][info][gc          ] GC(1125) Pause Young (Concurrent Start) (G1 Humongous Allocation) 67M->61M(261M) 1.840ms
[207.452s][info][gc,cpu      ] GC(1125) User=0.00s Sys=0.00s Real=0.00s
[207.452s][info][gc          ] GC(1126) Concurrent Mark Cycle
[207.452s][info][gc,marking  ] GC(1126) Concurrent Clear Claimed Marks
[207.453s][info][gc,marking  ] GC(1126) Concurrent Clear Claimed Marks 0.018ms
[207.453s][info][gc,marking  ] GC(1126) Concurrent Scan Root Regions
[207.453s][info][gc,marking  ] GC(1126) Concurrent Scan Root Regions 0.427ms
[207.453s][info][gc,marking  ] GC(1126) Concurrent Mark
[207.453s][info][gc,marking  ] GC(1126) Concurrent Mark From Roots
[207.453s][info][gc,task     ] GC(1126) Using 2 workers of 2 for marking
[207.464s][info][gc,marking  ] GC(1126) Concurrent Mark From Roots 11.039ms
[207.464s][info][gc,marking  ] GC(1126) Concurrent Preclean
[207.464s][info][gc,marking  ] GC(1126) Concurrent Preclean 0.182ms
[207.465s][info][gc,start    ] GC(1126) Pause Remark
[207.470s][info][gc          ] GC(1126) Pause Remark 75M->75M(257M) 5.128ms
[207.470s][info][gc,cpu      ] GC(1126) User=0.00s Sys=0.00s Real=0.01s
[207.470s][info][gc,marking  ] GC(1126) Concurrent Mark 17.107ms
[207.470s][info][gc,marking  ] GC(1126) Concurrent Rebuild Remembered Sets
[207.475s][info][gc,marking  ] GC(1126) Concurrent Rebuild Remembered Sets 4.797ms
[207.475s][info][gc,start    ] GC(1126) Pause Cleanup
[207.475s][info][gc          ] GC(1126) Pause Cleanup 76M->76M(257M) 0.145ms
[207.476s][info][gc,cpu      ] GC(1126) User=0.00s Sys=0.00s Real=0.00s
[207.476s][info][gc,marking  ] GC(1126) Concurrent Cleanup for Next Mark
[207.476s][info][gc,marking  ] GC(1126) Concurrent Cleanup for Next Mark 0.221ms
[207.476s][info][gc          ] GC(1126) Concurrent Mark Cycle 23.501ms
[208.326s][info][gc,start    ] GC(1127) Pause Young (Prepare Mixed) (G1 Preventive Collection)
[208.326s][info][gc,task     ] GC(1127) Using 6 workers of 6 for evacuation
[208.328s][info][gc,phases   ] GC(1127)   Pre Evacuate Collection Set: 0.2ms
[208.328s][info][gc,phases   ] GC(1127)   Merge Heap Roots: 0.1ms
[208.328s][info][gc,phases   ] GC(1127)   Evacuate Collection Set: 0.7ms
[208.328s][info][gc,phases   ] GC(1127)   Post Evacuate Collection Set: 0.6ms
[208.328s][info][gc,phases   ] GC(1127)   Other: 0.3ms
[208.328s][info][gc,heap     ] GC(1127) Eden regions: 83->0(10)
[208.328s][info][gc,heap     ] GC(1127) Survivor regions: 1->2(20)
[208.328s][info][gc,heap     ] GC(1127) Old regions: 58->58
[208.328s][info][gc,heap     ] GC(1127) Archive regions: 0->0
[208.328s][info][gc,heap     ] GC(1127) Humongous regions: 112->4
[208.328s][info][gc,metaspace] GC(1127) Metaspace: 37442K(37760K)->37442K(37760K) NonClass: 33438K(33600K)->33438K(33600K) Class: 4004K(4160K)->4004K(4160K)
[208.328s][info][gc          ] GC(1127) Pause Young (Prepare Mixed) (G1 Preventive Collection) 252M->62M(257M) 1.802ms
[208.328s][info][gc,cpu      ] GC(1127) User=0.00s Sys=0.00s Real=0.00s
[208.414s][info][gc,start    ] GC(1128) Pause Young (Mixed) (G1 Evacuation Pause)
[208.414s][info][gc,task     ] GC(1128) Using 6 workers of 6 for evacuation
[208.416s][info][gc,phases   ] GC(1128)   Pre Evacuate Collection Set: 0.1ms
[208.416s][info][gc,phases   ] GC(1128)   Merge Heap Roots: 0.1ms
[208.416s][info][gc,phases   ] GC(1128)   Evacuate Collection Set: 0.5ms
[208.416s][info][gc,phases   ] GC(1128)   Post Evacuate Collection Set: 0.5ms
[208.416s][info][gc,phases   ] GC(1128)   Other: 0.3ms
[208.416s][info][gc,heap     ] GC(1128) Eden regions: 10->0(153)
[208.416s][info][gc,heap     ] GC(1128) Survivor regions: 2->1(2)
[208.416s][info][gc,heap     ] GC(1128) Old regions: 58->58
[208.416s][info][gc,heap     ] GC(1128) Archive regions: 0->0
[208.416s][info][gc,heap     ] GC(1128) Humongous regions: 16->8
[208.416s][info][gc,metaspace] GC(1128) Metaspace: 37442K(37760K)->37442K(37760K) NonClass: 33438K(33600K)->33438K(33600K) Class: 4004K(4160K)->4004K(4160K)
[208.416s][info][gc          ] GC(1128) Pause Young (Mixed) (G1 Evacuation Pause) 84M->65M(257M) 1.500ms
[208.416s][info][gc,cpu      ] GC(1128) User=0.00s Sys=0.00s Real=0.00s
[208.506s][info][gc,start    ] GC(1129) Pause Young (Concurrent Start) (G1 Humongous Allocation)
[208.506s][info][gc,task     ] GC(1129) Using 6 workers of 6 for evacuation
[208.507s][info][gc,phases   ] GC(1129)   Pre Evacuate Collection Set: 0.2ms
[208.507s][info][gc,phases   ] GC(1129)   Merge Heap Roots: 0.1ms
[208.507s][info][gc,phases   ] GC(1129)   Evacuate Collection Set: 0.7ms
[208.507s][info][gc,phases   ] GC(1129)   Post Evacuate Collection Set: 0.5ms
[208.507s][info][gc,phases   ] GC(1129)   Other: 0.3ms
[208.507s][info][gc,heap     ] GC(1129) Eden regions: 8->0(153)
[208.507s][info][gc,heap     ] GC(1129) Survivor regions: 1->1(20)
[208.507s][info][gc,heap     ] GC(1129) Old regions: 58->58
[208.507s][info][gc,heap     ] GC(1129) Archive regions: 0->0
[208.507s][info][gc,heap     ] GC(1129) Humongous regions: 8->4
[208.507s][info][gc,metaspace] GC(1129) Metaspace: 37442K(37760K)->37442K(37760K) NonClass: 33438K(33600K)->33438K(33600K) Class: 4004K(4160K)->4004K(4160K)
[208.507s][info][gc          ] GC(1129) Pause Young (Concurrent Start) (G1 Humongous Allocation) 72M->61M(257M) 1.661ms
[208.508s][info][gc,cpu      ] GC(1129) User=0.00s Sys=0.00s Real=0.00s
[208.508s][info][gc          ] GC(1130) Concurrent Mark Cycle
[208.508s][info][gc,marking  ] GC(1130) Concurrent Clear Claimed Marks
[208.508s][info][gc,marking  ] GC(1130) Concurrent Clear Claimed Marks 0.023ms
[208.508s][info][gc,marking  ] GC(1130) Concurrent Scan Root Regions
[208.508s][info][gc,marking  ] GC(1130) Concurrent Scan Root Regions 0.711ms
[208.508s][info][gc,marking  ] GC(1130) Concurrent Mark
[208.508s][info][gc,marking  ] GC(1130) Concurrent Mark From Roots
[208.508s][info][gc,task     ] GC(1130) Using 2 workers of 2 for marking
[208.519s][info][gc,marking  ] GC(1130) Concurrent Mark From Roots 10.815ms
[208.519s][info][gc,marking  ] GC(1130) Concurrent Preclean
[208.519s][info][gc,marking  ] GC(1130) Concurrent Preclean 0.166ms
[208.520s][info][gc,start    ] GC(1130) Pause Remark
[208.523s][info][gc          ] GC(1130) Pause Remark 75M->75M(257M) 3.508ms
[208.524s][info][gc,cpu      ] GC(1130) User=0.09s Sys=0.00s Real=0.00s
[208.524s][info][gc,marking  ] GC(1130) Concurrent Mark 15.307ms
[208.524s][info][gc,marking  ] GC(1130) Concurrent Rebuild Remembered Sets
[208.530s][info][gc,marking  ] GC(1130) Concurrent Rebuild Remembered Sets 5.953ms
[208.530s][info][gc,start    ] GC(1130) Pause Cleanup
[208.530s][info][gc          ] GC(1130) Pause Cleanup 76M->76M(257M) 0.168ms
[208.530s][info][gc,cpu      ] GC(1130) User=0.00s Sys=0.00s Real=0.00s
[208.531s][info][gc,marking  ] GC(1130) Concurrent Cleanup for Next Mark
[208.531s][info][gc,marking  ] GC(1130) Concurrent Cleanup for Next Mark 0.187ms
[208.531s][info][gc          ] GC(1130) Concurrent Mark Cycle 23.152ms
[209.336s][info][gc,start    ] GC(1131) Pause Young (Prepare Mixed) (G1 Preventive Collection)
[209.336s][info][gc,task     ] GC(1131) Using 6 workers of 6 for evacuation
[209.337s][info][gc,phases   ] GC(1131)   Pre Evacuate Collection Set: 0.1ms
[209.337s][info][gc,phases   ] GC(1131)   Merge Heap Roots: 0.1ms
[209.337s][info][gc,phases   ] GC(1131)   Evacuate Collection Set: 0.7ms
[209.337s][info][gc,phases   ] GC(1131)   Post Evacuate Collection Set: 0.5ms
[209.337s][info][gc,phases   ] GC(1131)   Other: 0.3ms
[209.337s][info][gc,heap     ] GC(1131) Eden regions: 82->0(10)
[209.337s][info][gc,heap     ] GC(1131) Survivor regions: 1->2(20)
[209.337s][info][gc,heap     ] GC(1131) Old regions: 58->58
[209.337s][info][gc,heap     ] GC(1131) Archive regions: 0->0
[209.337s][info][gc,heap     ] GC(1131) Humongous regions: 112->8
[209.337s][info][gc,metaspace] GC(1131) Metaspace: 37442K(37760K)->37442K(37760K) NonClass: 33438K(33600K)->33438K(33600K) Class: 4004K(4160K)->4004K(4160K)
[209.337s][info][gc          ] GC(1131) Pause Young (Prepare Mixed) (G1 Preventive Collection) 251M->66M(257M) 1.714ms
[209.337s][info][gc,cpu      ] GC(1131) User=0.00s Sys=0.00s Real=0.00s
[209.377s][info][gc,start    ] GC(1132) Pause Young (Mixed) (G1 Evacuation Pause)
[209.377s][info][gc,task     ] GC(1132) Using 6 workers of 6 for evacuation
[209.378s][info][gc,phases   ] GC(1132)   Pre Evacuate Collection Set: 0.1ms
[209.378s][info][gc,phases   ] GC(1132)   Merge Heap Roots: 0.0ms
[209.378s][info][gc,phases   ] GC(1132)   Evacuate Collection Set: 0.6ms
[209.378s][info][gc,phases   ] GC(1132)   Post Evacuate Collection Set: 0.5ms
[209.378s][info][gc,phases   ] GC(1132)   Other: 0.4ms
[209.378s][info][gc,heap     ] GC(1132) Eden regions: 10->0(153)
[209.378s][info][gc,heap     ] GC(1132) Survivor regions: 2->1(2)
[209.378s][info][gc,heap     ] GC(1132) Old regions: 58->58
[209.378s][info][gc,heap     ] GC(1132) Archive regions: 0->0
[209.378s][info][gc,heap     ] GC(1132) Humongous regions: 8->4
[209.378s][info][gc,metaspace] GC(1132) Metaspace: 37442K(37760K)->37442K(37760K) NonClass: 33438K(33600K)->33438K(33600K) Class: 4004K(4160K)->4004K(4160K)
[209.378s][info][gc          ] GC(1132) Pause Young (Mixed) (G1 Evacuation Pause) 76M->62M(257M) 1.533ms
[209.379s][info][gc,cpu      ] GC(1132) User=0.00s Sys=0.00s Real=0.00s
[209.434s][info][gc,start    ] GC(1133) Pause Young (Concurrent Start) (G1 Humongous Allocation)
[209.434s][info][gc,task     ] GC(1133) Using 6 workers of 6 for evacuation
[209.435s][info][gc,phases   ] GC(1133)   Pre Evacuate Collection Set: 0.1ms
[209.435s][info][gc,phases   ] GC(1133)   Merge Heap Roots: 0.1ms
[209.435s][info][gc,phases   ] GC(1133)   Evacuate Collection Set: 0.7ms
[209.435s][info][gc,phases   ] GC(1133)   Post Evacuate Collection Set: 0.5ms
[209.435s][info][gc,phases   ] GC(1133)   Other: 0.4ms
[209.435s][info][gc,heap     ] GC(1133) Eden regions: 4->0(153)
[209.435s][info][gc,heap     ] GC(1133) Survivor regions: 1->1(20)
[209.435s][info][gc,heap     ] GC(1133) Old regions: 58->58
[209.436s][info][gc,heap     ] GC(1133) Archive regions: 0->0
[209.436s][info][gc,heap     ] GC(1133) Humongous regions: 4->4
[209.436s][info][gc,metaspace] GC(1133) Metaspace: 37442K(37760K)->37442K(37760K) NonClass: 33438K(33600K)->33438K(33600K) Class: 4004K(4160K)->4004K(4160K)
[209.436s][info][gc          ] GC(1133) Pause Young (Concurrent Start) (G1 Humongous Allocation) 65M->62M(257M) 1.756ms
[209.436s][info][gc,cpu      ] GC(1133) User=0.00s Sys=0.00s Real=0.00s
[209.436s][info][gc          ] GC(1134) Concurrent Mark Cycle
[209.436s][info][gc,marking  ] GC(1134) Concurrent Clear Claimed Marks
[209.436s][info][gc,marking  ] GC(1134) Concurrent Clear Claimed Marks 0.028ms
[209.436s][info][gc,marking  ] GC(1134) Concurrent Scan Root Regions
[209.436s][info][gc,marking  ] GC(1134) Concurrent Scan Root Regions 0.634ms
[209.437s][info][gc,marking  ] GC(1134) Concurrent Mark
[209.437s][info][gc,marking  ] GC(1134) Concurrent Mark From Roots
[209.437s][info][gc,task     ] GC(1134) Using 2 workers of 2 for marking
[209.448s][info][gc,marking  ] GC(1134) Concurrent Mark From Roots 11.757ms
[209.448s][info][gc,marking  ] GC(1134) Concurrent Preclean
[209.448s][info][gc,marking  ] GC(1134) Concurrent Preclean 0.177ms
[209.449s][info][gc,start    ] GC(1134) Pause Remark
[209.451s][info][gc          ] GC(1134) Pause Remark 76M->76M(257M) 2.317ms
[209.451s][info][gc,cpu      ] GC(1134) User=0.00s Sys=0.00s Real=0.00s
[209.451s][info][gc,marking  ] GC(1134) Concurrent Mark 14.983ms
[209.452s][info][gc,marking  ] GC(1134) Concurrent Rebuild Remembered Sets
[209.458s][info][gc,marking  ] GC(1134) Concurrent Rebuild Remembered Sets 6.218ms
[209.458s][info][gc,start    ] GC(1134) Pause Cleanup
[209.458s][info][gc          ] GC(1134) Pause Cleanup 77M->77M(257M) 0.107ms
[209.458s][info][gc,cpu      ] GC(1134) User=0.00s Sys=0.02s Real=0.00s
[209.458s][info][gc,marking  ] GC(1134) Concurrent Cleanup for Next Mark
[209.459s][info][gc,marking  ] GC(1134) Concurrent Cleanup for Next Mark 0.321ms
[209.459s][info][gc          ] GC(1134) Concurrent Mark Cycle 23.015ms
[210.254s][info][gc,start    ] GC(1135) Pause Young (Prepare Mixed) (G1 Preventive Collection)
[210.254s][info][gc,task     ] GC(1135) Using 6 workers of 6 for evacuation
[210.256s][info][gc,phases   ] GC(1135)   Pre Evacuate Collection Set: 0.1ms
[210.256s][info][gc,phases   ] GC(1135)   Merge Heap Roots: 0.1ms
[210.256s][info][gc,phases   ] GC(1135)   Evacuate Collection Set: 0.7ms
[210.256s][info][gc,phases   ] GC(1135)   Post Evacuate Collection Set: 0.5ms
[210.256s][info][gc,phases   ] GC(1135)   Other: 0.3ms
[210.256s][info][gc,heap     ] GC(1135) Eden regions: 84->0(10)
[210.256s][info][gc,heap     ] GC(1135) Survivor regions: 1->2(20)
[210.256s][info][gc,heap     ] GC(1135) Old regions: 58->58
[210.256s][info][gc,heap     ] GC(1135) Archive regions: 0->0
[210.256s][info][gc,heap     ] GC(1135) Humongous regions: 108->8
[210.256s][info][gc,metaspace] GC(1135) Metaspace: 37442K(37760K)->37442K(37760K) NonClass: 33438K(33600K)->33438K(33600K) Class: 4004K(4160K)->4004K(4160K)
[210.256s][info][gc          ] GC(1135) Pause Young (Prepare Mixed) (G1 Preventive Collection) 249M->66M(257M) 1.759ms
[210.256s][info][gc,cpu      ] GC(1135) User=0.08s Sys=0.00s Real=0.00s
[210.283s][info][gc,start    ] GC(1136) Pause Young (Mixed) (G1 Evacuation Pause)
[210.283s][info][gc,task     ] GC(1136) Using 6 workers of 6 for evacuation
[210.285s][info][gc,phases   ] GC(1136)   Pre Evacuate Collection Set: 0.2ms
[210.285s][info][gc,phases   ] GC(1136)   Merge Heap Roots: 0.1ms
[210.285s][info][gc,phases   ] GC(1136)   Evacuate Collection Set: 0.6ms
[210.285s][info][gc,phases   ] GC(1136)   Post Evacuate Collection Set: 0.6ms
[210.285s][info][gc,phases   ] GC(1136)   Other: 0.3ms
[210.285s][info][gc,heap     ] GC(1136) Eden regions: 10->0(153)
[210.285s][info][gc,heap     ] GC(1136) Survivor regions: 2->1(2)
[210.285s][info][gc,heap     ] GC(1136) Old regions: 58->59
[210.285s][info][gc,heap     ] GC(1136) Archive regions: 0->0
[210.285s][info][gc,heap     ] GC(1136) Humongous regions: 12->4
[210.285s][info][gc,metaspace] GC(1136) Metaspace: 37442K(37760K)->37442K(37760K) NonClass: 33438K(33600K)->33438K(33600K) Class: 4004K(4160K)->4004K(4160K)
[210.285s][info][gc          ] GC(1136) Pause Young (Mixed) (G1 Evacuation Pause) 80M->62M(257M) 1.710ms
[210.285s][info][gc,cpu      ] GC(1136) User=0.00s Sys=0.00s Real=0.00s
[210.358s][info][gc,start    ] GC(1137) Pause Young (Concurrent Start) (G1 Humongous Allocation)
[210.358s][info][gc,task     ] GC(1137) Using 6 workers of 6 for evacuation
[210.360s][info][gc,phases   ] GC(1137)   Pre Evacuate Collection Set: 0.2ms
[210.360s][info][gc,phases   ] GC(1137)   Merge Heap Roots: 0.0ms
[210.360s][info][gc,phases   ] GC(1137)   Evacuate Collection Set: 1.0ms
[210.360s][info][gc,phases   ] GC(1137)   Post Evacuate Collection Set: 0.5ms
[210.360s][info][gc,phases   ] GC(1137)   Other: 0.3ms
[210.360s][info][gc,heap     ] GC(1137) Eden regions: 4->0(151)
[210.360s][info][gc,heap     ] GC(1137) Survivor regions: 1->1(20)
[210.360s][info][gc,heap     ] GC(1137) Old regions: 59->59
[210.360s][info][gc,heap     ] GC(1137) Archive regions: 0->0
[210.360s][info][gc,heap     ] GC(1137) Humongous regions: 4->4
[210.360s][info][gc,metaspace] GC(1137) Metaspace: 37442K(37760K)->37442K(37760K) NonClass: 33438K(33600K)->33438K(33600K) Class: 4004K(4160K)->4004K(4160K)
[210.360s][info][gc          ] GC(1137) Pause Young (Concurrent Start) (G1 Humongous Allocation) 66M->62M(257M) 2.013ms
[210.360s][info][gc,cpu      ] GC(1137) User=0.00s Sys=0.00s Real=0.00s
[210.361s][info][gc          ] GC(1138) Concurrent Mark Cycle
[210.361s][info][gc,marking  ] GC(1138) Concurrent Clear Claimed Marks
[210.361s][info][gc,marking  ] GC(1138) Concurrent Clear Claimed Marks 0.025ms
[210.361s][info][gc,marking  ] GC(1138) Concurrent Scan Root Regions
[210.361s][info][gc,marking  ] GC(1138) Concurrent Scan Root Regions 0.545ms
[210.361s][info][gc,marking  ] GC(1138) Concurrent Mark
[210.361s][info][gc,marking  ] GC(1138) Concurrent Mark From Roots
[210.361s][info][gc,task     ] GC(1138) Using 2 workers of 2 for marking
[210.372s][info][gc,marking  ] GC(1138) Concurrent Mark From Roots 10.943ms
[210.372s][info][gc,marking  ] GC(1138) Concurrent Preclean
[210.372s][info][gc,marking  ] GC(1138) Concurrent Preclean 0.153ms
[210.373s][info][gc,start    ] GC(1138) Pause Remark
[210.376s][info][gc          ] GC(1138) Pause Remark 76M->76M(257M) 2.857ms
[210.376s][info][gc,cpu      ] GC(1138) User=0.00s Sys=0.00s Real=0.00s
[210.376s][info][gc,marking  ] GC(1138) Concurrent Mark 14.829ms
[210.376s][info][gc,marking  ] GC(1138) Concurrent Rebuild Remembered Sets
[210.381s][info][gc,marking  ] GC(1138) Concurrent Rebuild Remembered Sets 5.255ms
[210.382s][info][gc,start    ] GC(1138) Pause Cleanup
[210.382s][info][gc          ] GC(1138) Pause Cleanup 77M->77M(257M) 0.154ms
[210.382s][info][gc,cpu      ] GC(1138) User=0.00s Sys=0.00s Real=0.00s
[210.382s][info][gc,marking  ] GC(1138) Concurrent Cleanup for Next Mark
[210.382s][info][gc,marking  ] GC(1138) Concurrent Cleanup for Next Mark 0.188ms
[210.382s][info][gc          ] GC(1138) Concurrent Mark Cycle 21.747ms
[211.187s][info][gc,start    ] GC(1139) Pause Young (Prepare Mixed) (G1 Preventive Collection)
[211.188s][info][gc,task     ] GC(1139) Using 6 workers of 6 for evacuation
[211.189s][info][gc,phases   ] GC(1139)   Pre Evacuate Collection Set: 0.1ms
[211.189s][info][gc,phases   ] GC(1139)   Merge Heap Roots: 0.1ms
[211.189s][info][gc,phases   ] GC(1139)   Evacuate Collection Set: 0.6ms
[211.189s][info][gc,phases   ] GC(1139)   Post Evacuate Collection Set: 0.5ms
[211.189s][info][gc,phases   ] GC(1139)   Other: 0.3ms
[211.189s][info][gc,heap     ] GC(1139) Eden regions: 87->0(10)
[211.189s][info][gc,heap     ] GC(1139) Survivor regions: 1->2(19)
[211.189s][info][gc,heap     ] GC(1139) Old regions: 59->59
[211.189s][info][gc,heap     ] GC(1139) Archive regions: 0->0
[211.189s][info][gc,heap     ] GC(1139) Humongous regions: 104->8
[211.189s][info][gc,metaspace] GC(1139) Metaspace: 37442K(37760K)->37442K(37760K) NonClass: 33438K(33600K)->33438K(33600K) Class: 4004K(4160K)->4004K(4160K)
[211.189s][info][gc          ] GC(1139) Pause Young (Prepare Mixed) (G1 Preventive Collection) 248M->67M(257M) 1.600ms
[211.189s][info][gc,cpu      ] GC(1139) User=0.00s Sys=0.00s Real=0.00s
[211.247s][info][gc,start    ] GC(1140) Pause Young (Mixed) (G1 Evacuation Pause)
[211.247s][info][gc,task     ] GC(1140) Using 6 workers of 6 for evacuation
[211.248s][info][gc,phases   ] GC(1140)   Pre Evacuate Collection Set: 0.2ms
[211.248s][info][gc,phases   ] GC(1140)   Merge Heap Roots: 0.0ms
[211.248s][info][gc,phases   ] GC(1140)   Evacuate Collection Set: 0.6ms
[211.248s][info][gc,phases   ] GC(1140)   Post Evacuate Collection Set: 0.6ms
[211.248s][info][gc,phases   ] GC(1140)   Other: 0.3ms
[211.248s][info][gc,heap     ] GC(1140) Eden regions: 10->0(153)
[211.248s][info][gc,heap     ] GC(1140) Survivor regions: 2->1(2)
[211.248s][info][gc,heap     ] GC(1140) Old regions: 59->59
[211.248s][info][gc,heap     ] GC(1140) Archive regions: 0->0
[211.248s][info][gc,heap     ] GC(1140) Humongous regions: 16->4
[211.248s][info][gc,metaspace] GC(1140) Metaspace: 37442K(37760K)->37442K(37760K) NonClass: 33438K(33600K)->33438K(33600K) Class: 4004K(4160K)->4004K(4160K)
[211.248s][info][gc          ] GC(1140) Pause Young (Mixed) (G1 Evacuation Pause) 85M->63M(257M) 1.635ms
[211.248s][info][gc,cpu      ] GC(1140) User=0.00s Sys=0.00s Real=0.00s
[211.290s][info][gc,start    ] GC(1141) Pause Young (Concurrent Start) (G1 Humongous Allocation)
[211.290s][info][gc,task     ] GC(1141) Using 6 workers of 6 for evacuation
[211.292s][info][gc,phases   ] GC(1141)   Pre Evacuate Collection Set: 0.2ms
[211.292s][info][gc,phases   ] GC(1141)   Merge Heap Roots: 0.1ms
[211.292s][info][gc,phases   ] GC(1141)   Evacuate Collection Set: 0.8ms
[211.292s][info][gc,phases   ] GC(1141)   Post Evacuate Collection Set: 0.5ms
[211.292s][info][gc,phases   ] GC(1141)   Other: 0.4ms
[211.292s][info][gc,heap     ] GC(1141) Eden regions: 4->0(153)
[211.292s][info][gc,heap     ] GC(1141) Survivor regions: 1->1(20)
[211.292s][info][gc,heap     ] GC(1141) Old regions: 59->59
[211.292s][info][gc,heap     ] GC(1141) Archive regions: 0->0
[211.292s][info][gc,heap     ] GC(1141) Humongous regions: 4->4
[211.292s][info][gc,metaspace] GC(1141) Metaspace: 37442K(37760K)->37442K(37760K) NonClass: 33438K(33600K)->33438K(33600K) Class: 4004K(4160K)->4004K(4160K)
[211.292s][info][gc          ] GC(1141) Pause Young (Concurrent Start) (G1 Humongous Allocation) 67M->62M(257M) 1.979ms
[211.293s][info][gc,cpu      ] GC(1141) User=0.00s Sys=0.00s Real=0.00s
[211.293s][info][gc          ] GC(1142) Concurrent Mark Cycle
[211.293s][info][gc,marking  ] GC(1142) Concurrent Clear Claimed Marks
[211.293s][info][gc,marking  ] GC(1142) Concurrent Clear Claimed Marks 0.028ms
[211.293s][info][gc,marking  ] GC(1142) Concurrent Scan Root Regions
[211.293s][info][gc,marking  ] GC(1142) Concurrent Scan Root Regions 0.504ms
[211.293s][info][gc,marking  ] GC(1142) Concurrent Mark
[211.293s][info][gc,marking  ] GC(1142) Concurrent Mark From Roots
[211.293s][info][gc,task     ] GC(1142) Using 2 workers of 2 for marking
[211.305s][info][gc,marking  ] GC(1142) Concurrent Mark From Roots 11.323ms
[211.305s][info][gc,marking  ] GC(1142) Concurrent Preclean
[211.305s][info][gc,marking  ] GC(1142) Concurrent Preclean 0.211ms
[211.305s][info][gc,start    ] GC(1142) Pause Remark
[211.308s][info][gc          ] GC(1142) Pause Remark 76M->76M(257M) 2.554ms
[211.308s][info][gc,cpu      ] GC(1142) User=0.00s Sys=0.00s Real=0.00s
[211.308s][info][gc,marking  ] GC(1142) Concurrent Mark 14.860ms
[211.308s][info][gc,marking  ] GC(1142) Concurrent Rebuild Remembered Sets
[211.314s][info][gc,marking  ] GC(1142) Concurrent Rebuild Remembered Sets 5.770ms
[211.314s][info][gc,start    ] GC(1142) Pause Cleanup
[211.314s][info][gc          ] GC(1142) Pause Cleanup 77M->77M(257M) 0.160ms
[211.314s][info][gc,cpu      ] GC(1142) User=0.00s Sys=0.00s Real=0.00s
[211.315s][info][gc,marking  ] GC(1142) Concurrent Cleanup for Next Mark
[211.315s][info][gc,marking  ] GC(1142) Concurrent Cleanup for Next Mark 0.160ms
[211.315s][info][gc          ] GC(1142) Concurrent Mark Cycle 22.272ms
[212.113s][info][gc,start    ] GC(1143) Pause Young (Prepare Mixed) (G1 Preventive Collection)
[212.113s][info][gc,task     ] GC(1143) Using 6 workers of 6 for evacuation
[212.115s][info][gc,phases   ] GC(1143)   Pre Evacuate Collection Set: 0.2ms
[212.115s][info][gc,phases   ] GC(1143)   Merge Heap Roots: 0.1ms
[212.115s][info][gc,phases   ] GC(1143)   Evacuate Collection Set: 0.7ms
[212.115s][info][gc,phases   ] GC(1143)   Post Evacuate Collection Set: 0.7ms
[212.115s][info][gc,phases   ] GC(1143)   Other: 0.3ms
[212.115s][info][gc,heap     ] GC(1143) Eden regions: 82->0(10)
[212.115s][info][gc,heap     ] GC(1143) Survivor regions: 1->2(20)
[212.115s][info][gc,heap     ] GC(1143) Old regions: 59->59
[212.115s][info][gc,heap     ] GC(1143) Archive regions: 0->0
[212.115s][info][gc,heap     ] GC(1143) Humongous regions: 108->8
[212.115s][info][gc,metaspace] GC(1143) Metaspace: 37442K(37760K)->37442K(37760K) NonClass: 33438K(33600K)->33438K(33600K) Class: 4004K(4160K)->4004K(4160K)
[212.115s][info][gc          ] GC(1143) Pause Young (Prepare Mixed) (G1 Preventive Collection) 248M->67M(257M) 1.969ms
[212.115s][info][gc,cpu      ] GC(1143) User=0.00s Sys=0.00s Real=0.00s
[212.141s][info][gc,start    ] GC(1144) Pause Young (Mixed) (G1 Evacuation Pause)
[212.141s][info][gc,task     ] GC(1144) Using 6 workers of 6 for evacuation
[212.143s][info][gc,phases   ] GC(1144)   Pre Evacuate Collection Set: 0.2ms
[212.143s][info][gc,phases   ] GC(1144)   Merge Heap Roots: 0.1ms
[212.143s][info][gc,phases   ] GC(1144)   Evacuate Collection Set: 0.7ms
[212.143s][info][gc,phases   ] GC(1144)   Post Evacuate Collection Set: 1.0ms
[212.143s][info][gc,phases   ] GC(1144)   Other: 0.3ms
[212.143s][info][gc,heap     ] GC(1144) Eden regions: 10->0(153)
[212.143s][info][gc,heap     ] GC(1144) Survivor regions: 2->1(2)
[212.143s][info][gc,heap     ] GC(1144) Old regions: 59->59
[212.143s][info][gc,heap     ] GC(1144) Archive regions: 0->0
[212.143s][info][gc,heap     ] GC(1144) Humongous regions: 12->4
[212.143s][info][gc,metaspace] GC(1144) Metaspace: 37442K(37760K)->37442K(37760K) NonClass: 33438K(33600K)->33438K(33600K) Class: 4004K(4160K)->4004K(4160K)
[212.143s][info][gc          ] GC(1144) Pause Young (Mixed) (G1 Evacuation Pause) 81M->63M(257M) 2.260ms
[212.143s][info][gc,cpu      ] GC(1144) User=0.00s Sys=0.00s Real=0.00s
[212.218s][info][gc,start    ] GC(1145) Pause Young (Concurrent Start) (G1 Humongous Allocation)
[212.218s][info][gc,task     ] GC(1145) Using 6 workers of 6 for evacuation
[212.220s][info][gc,phases   ] GC(1145)   Pre Evacuate Collection Set: 0.2ms
[212.220s][info][gc,phases   ] GC(1145)   Merge Heap Roots: 0.1ms
[212.220s][info][gc,phases   ] GC(1145)   Evacuate Collection Set: 0.8ms
[212.220s][info][gc,phases   ] GC(1145)   Post Evacuate Collection Set: 0.5ms
[212.220s][info][gc,phases   ] GC(1145)   Other: 0.3ms
[212.220s][info][gc,heap     ] GC(1145) Eden regions: 4->0(153)
[212.220s][info][gc,heap     ] GC(1145) Survivor regions: 1->1(20)
[212.220s][info][gc,heap     ] GC(1145) Old regions: 59->59
[212.220s][info][gc,heap     ] GC(1145) Archive regions: 0->0
[212.220s][info][gc,heap     ] GC(1145) Humongous regions: 4->4
[212.220s][info][gc,metaspace] GC(1145) Metaspace: 37443K(37760K)->37443K(37760K) NonClass: 33439K(33600K)->33439K(33600K) Class: 4004K(4160K)->4004K(4160K)
[212.220s][info][gc          ] GC(1145) Pause Young (Concurrent Start) (G1 Humongous Allocation) 67M->62M(257M) 1.852ms
[212.220s][info][gc,cpu      ] GC(1145) User=0.00s Sys=0.00s Real=0.00s
[212.220s][info][gc          ] GC(1146) Concurrent Mark Cycle
[212.220s][info][gc,marking  ] GC(1146) Concurrent Clear Claimed Marks
[212.220s][info][gc,marking  ] GC(1146) Concurrent Clear Claimed Marks 0.017ms
[212.220s][info][gc,marking  ] GC(1146) Concurrent Scan Root Regions
[212.221s][info][gc,marking  ] GC(1146) Concurrent Scan Root Regions 0.477ms
[212.221s][info][gc,marking  ] GC(1146) Concurrent Mark
[212.221s][info][gc,marking  ] GC(1146) Concurrent Mark From Roots
[212.221s][info][gc,task     ] GC(1146) Using 2 workers of 2 for marking
[212.232s][info][gc,marking  ] GC(1146) Concurrent Mark From Roots 11.070ms
[212.232s][info][gc,marking  ] GC(1146) Concurrent Preclean
[212.232s][info][gc,marking  ] GC(1146) Concurrent Preclean 0.152ms
[212.232s][info][gc,start    ] GC(1146) Pause Remark
[212.236s][info][gc          ] GC(1146) Pause Remark 76M->76M(257M) 3.935ms
[212.236s][info][gc,cpu      ] GC(1146) User=0.00s Sys=0.00s Real=0.00s
[212.236s][info][gc,marking  ] GC(1146) Concurrent Mark 15.906ms
[212.236s][info][gc,marking  ] GC(1146) Concurrent Rebuild Remembered Sets
[212.241s][info][gc,marking  ] GC(1146) Concurrent Rebuild Remembered Sets 4.767ms
[212.242s][info][gc,start    ] GC(1146) Pause Cleanup
[212.242s][info][gc          ] GC(1146) Pause Cleanup 77M->77M(257M) 0.165ms
[212.242s][info][gc,cpu      ] GC(1146) User=0.00s Sys=0.00s Real=0.00s
[212.242s][info][gc,marking  ] GC(1146) Concurrent Cleanup for Next Mark
[212.242s][info][gc,marking  ] GC(1146) Concurrent Cleanup for Next Mark 0.222ms
[212.242s][info][gc          ] GC(1146) Concurrent Mark Cycle 22.262ms
[213.045s][info][gc,start    ] GC(1147) Pause Young (Prepare Mixed) (G1 Preventive Collection)
[213.045s][info][gc,task     ] GC(1147) Using 6 workers of 6 for evacuation
[213.050s][info][gc,phases   ] GC(1147)   Pre Evacuate Collection Set: 0.5ms
[213.050s][info][gc,phases   ] GC(1147)   Merge Heap Roots: 0.2ms
[213.050s][info][gc,phases   ] GC(1147)   Evacuate Collection Set: 2.3ms
[213.050s][info][gc,phases   ] GC(1147)   Post Evacuate Collection Set: 1.1ms
[213.050s][info][gc,phases   ] GC(1147)   Other: 0.8ms
[213.050s][info][gc,heap     ] GC(1147) Eden regions: 87->0(10)
[213.050s][info][gc,heap     ] GC(1147) Survivor regions: 1->2(20)
[213.050s][info][gc,heap     ] GC(1147) Old regions: 59->59
[213.050s][info][gc,heap     ] GC(1147) Archive regions: 0->0
[213.050s][info][gc,heap     ] GC(1147) Humongous regions: 104->8
[213.050s][info][gc,metaspace] GC(1147) Metaspace: 37443K(37760K)->37443K(37760K) NonClass: 33439K(33600K)->33439K(33600K) Class: 4004K(4160K)->4004K(4160K)
[213.050s][info][gc          ] GC(1147) Pause Young (Prepare Mixed) (G1 Preventive Collection) 249M->67M(257M) 5.049ms
[213.051s][info][gc,cpu      ] GC(1147) User=0.00s Sys=0.00s Real=0.01s
[213.079s][info][gc,start    ] GC(1148) Pause Young (Mixed) (G1 Evacuation Pause)
[213.079s][info][gc,task     ] GC(1148) Using 6 workers of 6 for evacuation
[213.081s][info][gc,phases   ] GC(1148)   Pre Evacuate Collection Set: 0.2ms
[213.081s][info][gc,phases   ] GC(1148)   Merge Heap Roots: 0.1ms
[213.081s][info][gc,phases   ] GC(1148)   Evacuate Collection Set: 0.5ms
[213.081s][info][gc,phases   ] GC(1148)   Post Evacuate Collection Set: 0.7ms
[213.081s][info][gc,phases   ] GC(1148)   Other: 0.3ms
[213.081s][info][gc,heap     ] GC(1148) Eden regions: 10->0(153)
[213.081s][info][gc,heap     ] GC(1148) Survivor regions: 2->1(2)
[213.081s][info][gc,heap     ] GC(1148) Old regions: 59->59
[213.081s][info][gc,heap     ] GC(1148) Archive regions: 0->0
[213.081s][info][gc,heap     ] GC(1148) Humongous regions: 16->4
[213.081s][info][gc,metaspace] GC(1148) Metaspace: 37443K(37760K)->37443K(37760K) NonClass: 33439K(33600K)->33439K(33600K) Class: 4004K(4160K)->4004K(4160K)
[213.081s][info][gc          ] GC(1148) Pause Young (Mixed) (G1 Evacuation Pause) 85M->63M(257M) 1.779ms
[213.081s][info][gc,cpu      ] GC(1148) User=0.00s Sys=0.00s Real=0.00s
[213.158s][info][gc,start    ] GC(1149) Pause Young (Concurrent Start) (G1 Humongous Allocation)
[213.158s][info][gc,task     ] GC(1149) Using 6 workers of 6 for evacuation
[213.159s][info][gc,phases   ] GC(1149)   Pre Evacuate Collection Set: 0.2ms
[213.159s][info][gc,phases   ] GC(1149)   Merge Heap Roots: 0.0ms
[213.159s][info][gc,phases   ] GC(1149)   Evacuate Collection Set: 0.8ms
[213.159s][info][gc,phases   ] GC(1149)   Post Evacuate Collection Set: 0.6ms
[213.159s][info][gc,phases   ] GC(1149)   Other: 0.4ms
[213.159s][info][gc,heap     ] GC(1149) Eden regions: 4->0(153)
[213.159s][info][gc,heap     ] GC(1149) Survivor regions: 1->1(20)
[213.159s][info][gc,heap     ] GC(1149) Old regions: 59->59
[213.159s][info][gc,heap     ] GC(1149) Archive regions: 0->0
[213.159s][info][gc,heap     ] GC(1149) Humongous regions: 8->8
[213.159s][info][gc,metaspace] GC(1149) Metaspace: 37443K(37760K)->37443K(37760K) NonClass: 33439K(33600K)->33439K(33600K) Class: 4004K(4160K)->4004K(4160K)
[213.159s][info][gc          ] GC(1149) Pause Young (Concurrent Start) (G1 Humongous Allocation) 70M->67M(257M) 1.877ms
[213.160s][info][gc,cpu      ] GC(1149) User=0.00s Sys=0.00s Real=0.00s
[213.160s][info][gc          ] GC(1150) Concurrent Undo Cycle
[213.160s][info][gc,marking  ] GC(1150) Concurrent Cleanup for Next Mark
[213.160s][info][gc,marking  ] GC(1150) Concurrent Cleanup for Next Mark 0.202ms
[213.160s][info][gc          ] GC(1150) Concurrent Undo Cycle 0.272ms
[213.161s][info][gc,start    ] GC(1151) Pause Young (Concurrent Start) (G1 Humongous Allocation)
[213.161s][info][gc,task     ] GC(1151) Using 6 workers of 6 for evacuation
[213.162s][info][gc,phases   ] GC(1151)   Pre Evacuate Collection Set: 0.3ms
[213.163s][info][gc,phases   ] GC(1151)   Merge Heap Roots: 0.1ms
[213.163s][info][gc,phases   ] GC(1151)   Evacuate Collection Set: 0.8ms
[213.163s][info][gc,phases   ] GC(1151)   Post Evacuate Collection Set: 0.5ms
[213.163s][info][gc,phases   ] GC(1151)   Other: 0.3ms
[213.163s][info][gc,heap     ] GC(1151) Eden regions: 1->0(153)
[213.163s][info][gc,heap     ] GC(1151) Survivor regions: 1->1(20)
[213.163s][info][gc,heap     ] GC(1151) Old regions: 59->59
[213.163s][info][gc,heap     ] GC(1151) Archive regions: 0->0
[213.163s][info][gc,heap     ] GC(1151) Humongous regions: 12->8
[213.163s][info][gc,metaspace] GC(1151) Metaspace: 37443K(37760K)->37443K(37760K) NonClass: 33439K(33600K)->33439K(33600K) Class: 4004K(4160K)->4004K(4160K)
[213.163s][info][gc          ] GC(1151) Pause Young (Concurrent Start) (G1 Humongous Allocation) 71M->67M(257M) 1.849ms
[213.163s][info][gc,cpu      ] GC(1151) User=0.00s Sys=0.00s Real=0.00s
[213.163s][info][gc          ] GC(1152) Concurrent Mark Cycle
[213.163s][info][gc,marking  ] GC(1152) Concurrent Clear Claimed Marks
[213.163s][info][gc,marking  ] GC(1152) Concurrent Clear Claimed Marks 0.013ms
[213.163s][info][gc,marking  ] GC(1152) Concurrent Scan Root Regions
[213.163s][info][gc,marking  ] GC(1152) Concurrent Scan Root Regions 0.487ms
[213.163s][info][gc,marking  ] GC(1152) Concurrent Mark
[213.163s][info][gc,marking  ] GC(1152) Concurrent Mark From Roots
[213.163s][info][gc,task     ] GC(1152) Using 2 workers of 2 for marking
[213.173s][info][gc,marking  ] GC(1152) Concurrent Mark From Roots 9.824ms
[213.173s][info][gc,marking  ] GC(1152) Concurrent Preclean
[213.173s][info][gc,marking  ] GC(1152) Concurrent Preclean 0.130ms
[213.174s][info][gc,start    ] GC(1152) Pause Remark
[213.177s][info][gc          ] GC(1152) Pause Remark 73M->73M(247M) 3.177ms
[213.177s][info][gc,cpu      ] GC(1152) User=0.09s Sys=0.00s Real=0.00s
[213.177s][info][gc,marking  ] GC(1152) Concurrent Mark 14.038ms
[213.177s][info][gc,marking  ] GC(1152) Concurrent Rebuild Remembered Sets
[213.183s][info][gc,marking  ] GC(1152) Concurrent Rebuild Remembered Sets 6.009ms
[213.184s][info][gc,start    ] GC(1152) Pause Cleanup
[213.184s][info][gc          ] GC(1152) Pause Cleanup 74M->74M(247M) 0.162ms
[213.184s][info][gc,cpu      ] GC(1152) User=0.00s Sys=0.00s Real=0.00s
[213.184s][info][gc,marking  ] GC(1152) Concurrent Cleanup for Next Mark
[213.184s][info][gc,marking  ] GC(1152) Concurrent Cleanup for Next Mark 0.176ms
[213.184s][info][gc          ] GC(1152) Concurrent Mark Cycle 21.654ms
[213.934s][info][gc,start    ] GC(1153) Pause Young (Prepare Mixed) (G1 Preventive Collection)
[213.934s][info][gc,task     ] GC(1153) Using 6 workers of 6 for evacuation
[213.936s][info][gc,phases   ] GC(1153)   Pre Evacuate Collection Set: 0.2ms
[213.936s][info][gc,phases   ] GC(1153)   Merge Heap Roots: 0.1ms
[213.936s][info][gc,phases   ] GC(1153)   Evacuate Collection Set: 0.7ms
[213.936s][info][gc,phases   ] GC(1153)   Post Evacuate Collection Set: 0.8ms
[213.936s][info][gc,phases   ] GC(1153)   Other: 0.3ms
[213.936s][info][gc,heap     ] GC(1153) Eden regions: 89->0(10)
[213.936s][info][gc,heap     ] GC(1153) Survivor regions: 1->2(20)
[213.936s][info][gc,heap     ] GC(1153) Old regions: 59->59
[213.936s][info][gc,heap     ] GC(1153) Archive regions: 0->0
[213.936s][info][gc,heap     ] GC(1153) Humongous regions: 96->4
[213.936s][info][gc,metaspace] GC(1153) Metaspace: 37443K(37760K)->37443K(37760K) NonClass: 33439K(33600K)->33439K(33600K) Class: 4004K(4160K)->4004K(4160K)
[213.936s][info][gc          ] GC(1153) Pause Young (Prepare Mixed) (G1 Preventive Collection) 243M->64M(247M) 2.088ms
[213.936s][info][gc,cpu      ] GC(1153) User=0.00s Sys=0.00s Real=0.00s
[214.023s][info][gc,start    ] GC(1154) Pause Young (Mixed) (G1 Evacuation Pause)
[214.023s][info][gc,task     ] GC(1154) Using 6 workers of 6 for evacuation
[214.025s][info][gc,phases   ] GC(1154)   Pre Evacuate Collection Set: 0.2ms
[214.025s][info][gc,phases   ] GC(1154)   Merge Heap Roots: 0.1ms
[214.025s][info][gc,phases   ] GC(1154)   Evacuate Collection Set: 0.6ms
[214.025s][info][gc,phases   ] GC(1154)   Post Evacuate Collection Set: 0.7ms
[214.025s][info][gc,phases   ] GC(1154)   Other: 0.4ms
[214.025s][info][gc,heap     ] GC(1154) Eden regions: 10->0(147)
[214.025s][info][gc,heap     ] GC(1154) Survivor regions: 2->1(2)
[214.025s][info][gc,heap     ] GC(1154) Old regions: 59->60
[214.025s][info][gc,heap     ] GC(1154) Archive regions: 0->0
[214.025s][info][gc,heap     ] GC(1154) Humongous regions: 16->4
[214.025s][info][gc,metaspace] GC(1154) Metaspace: 37443K(37760K)->37443K(37760K) NonClass: 33439K(33600K)->33439K(33600K) Class: 4004K(4160K)->4004K(4160K)
[214.025s][info][gc          ] GC(1154) Pause Young (Mixed) (G1 Evacuation Pause) 86M->63M(247M) 1.916ms
[214.025s][info][gc,cpu      ] GC(1154) User=0.00s Sys=0.00s Real=0.00s
[214.102s][info][gc,start    ] GC(1155) Pause Young (Concurrent Start) (G1 Humongous Allocation)
[214.102s][info][gc,task     ] GC(1155) Using 6 workers of 6 for evacuation
[214.103s][info][gc,phases   ] GC(1155)   Pre Evacuate Collection Set: 0.2ms
[214.103s][info][gc,phases   ] GC(1155)   Merge Heap Roots: 0.1ms
[214.103s][info][gc,phases   ] GC(1155)   Evacuate Collection Set: 0.7ms
[214.103s][info][gc,phases   ] GC(1155)   Post Evacuate Collection Set: 0.4ms
[214.103s][info][gc,phases   ] GC(1155)   Other: 0.4ms
[214.103s][info][gc,heap     ] GC(1155) Eden regions: 7->0(147)
[214.103s][info][gc,heap     ] GC(1155) Survivor regions: 1->1(19)
[214.103s][info][gc,heap     ] GC(1155) Old regions: 60->60
[214.103s][info][gc,heap     ] GC(1155) Archive regions: 0->0
[214.103s][info][gc,heap     ] GC(1155) Humongous regions: 12->8
[214.103s][info][gc,metaspace] GC(1155) Metaspace: 37443K(37760K)->37443K(37760K) NonClass: 33439K(33600K)->33439K(33600K) Class: 4004K(4160K)->4004K(4160K)
[214.103s][info][gc          ] GC(1155) Pause Young (Concurrent Start) (G1 Humongous Allocation) 78M->67M(247M) 1.746ms
[214.104s][info][gc,cpu      ] GC(1155) User=0.00s Sys=0.00s Real=0.00s
[214.104s][info][gc          ] GC(1156) Concurrent Undo Cycle
[214.104s][info][gc,marking  ] GC(1156) Concurrent Cleanup for Next Mark
[214.104s][info][gc,marking  ] GC(1156) Concurrent Cleanup for Next Mark 0.237ms
[214.104s][info][gc          ] GC(1156) Concurrent Undo Cycle 0.334ms
[214.203s][info][gc,start    ] GC(1157) Pause Young (Concurrent Start) (G1 Humongous Allocation)
[214.203s][info][gc,task     ] GC(1157) Using 6 workers of 6 for evacuation
[214.204s][info][gc,phases   ] GC(1157)   Pre Evacuate Collection Set: 0.2ms
[214.205s][info][gc,phases   ] GC(1157)   Merge Heap Roots: 0.1ms
[214.205s][info][gc,phases   ] GC(1157)   Evacuate Collection Set: 0.7ms
[214.205s][info][gc,phases   ] GC(1157)   Post Evacuate Collection Set: 0.6ms
[214.205s][info][gc,phases   ] GC(1157)   Other: 0.3ms
[214.205s][info][gc,heap     ] GC(1157) Eden regions: 10->0(145)
[214.205s][info][gc,heap     ] GC(1157) Survivor regions: 1->1(19)
[214.205s][info][gc,heap     ] GC(1157) Old regions: 60->60
[214.205s][info][gc,heap     ] GC(1157) Archive regions: 0->0
[214.205s][info][gc,heap     ] GC(1157) Humongous regions: 12->4
[214.205s][info][gc,metaspace] GC(1157) Metaspace: 37443K(37760K)->37443K(37760K) NonClass: 33439K(33600K)->33439K(33600K) Class: 4004K(4160K)->4004K(4160K)
[214.205s][info][gc          ] GC(1157) Pause Young (Concurrent Start) (G1 Humongous Allocation) 81M->63M(247M) 1.947ms
[214.205s][info][gc,cpu      ] GC(1157) User=0.00s Sys=0.00s Real=0.00s
[214.205s][info][gc          ] GC(1158) Concurrent Mark Cycle
[214.205s][info][gc,marking  ] GC(1158) Concurrent Clear Claimed Marks
[214.205s][info][gc,marking  ] GC(1158) Concurrent Clear Claimed Marks 0.018ms
[214.205s][info][gc,marking  ] GC(1158) Concurrent Scan Root Regions
[214.205s][info][gc,marking  ] GC(1158) Concurrent Scan Root Regions 0.483ms
[214.205s][info][gc,marking  ] GC(1158) Concurrent Mark
[214.205s][info][gc,marking  ] GC(1158) Concurrent Mark From Roots
[214.205s][info][gc,task     ] GC(1158) Using 2 workers of 2 for marking
[214.216s][info][gc,marking  ] GC(1158) Concurrent Mark From Roots 10.726ms
[214.216s][info][gc,marking  ] GC(1158) Concurrent Preclean
[214.216s][info][gc,marking  ] GC(1158) Concurrent Preclean 0.178ms
[214.217s][info][gc,start    ] GC(1158) Pause Remark
[214.221s][info][gc          ] GC(1158) Pause Remark 76M->76M(247M) 4.548ms
[214.221s][info][gc,cpu      ] GC(1158) User=0.00s Sys=0.00s Real=0.01s
[214.221s][info][gc,marking  ] GC(1158) Concurrent Mark 16.185ms
[214.221s][info][gc,marking  ] GC(1158) Concurrent Rebuild Remembered Sets
[214.227s][info][gc,marking  ] GC(1158) Concurrent Rebuild Remembered Sets 5.184ms
[214.227s][info][gc,start    ] GC(1158) Pause Cleanup
[214.227s][info][gc          ] GC(1158) Pause Cleanup 77M->77M(247M) 0.119ms
[214.227s][info][gc,cpu      ] GC(1158) User=0.00s Sys=0.00s Real=0.00s
[214.227s][info][gc,marking  ] GC(1158) Concurrent Cleanup for Next Mark
[214.228s][info][gc,marking  ] GC(1158) Concurrent Cleanup for Next Mark 0.184ms
[214.228s][info][gc          ] GC(1158) Concurrent Mark Cycle 22.843ms
[215.011s][info][gc,start    ] GC(1159) Pause Young (Prepare Mixed) (G1 Preventive Collection)
[215.011s][info][gc,task     ] GC(1159) Using 6 workers of 6 for evacuation
[215.013s][info][gc,phases   ] GC(1159)   Pre Evacuate Collection Set: 0.1ms
[215.013s][info][gc,phases   ] GC(1159)   Merge Heap Roots: 0.1ms
[215.013s][info][gc,phases   ] GC(1159)   Evacuate Collection Set: 0.7ms
[215.013s][info][gc,phases   ] GC(1159)   Post Evacuate Collection Set: 0.8ms
[215.013s][info][gc,phases   ] GC(1159)   Other: 0.4ms
[215.013s][info][gc,heap     ] GC(1159) Eden regions: 82->0(10)
[215.013s][info][gc,heap     ] GC(1159) Survivor regions: 1->2(19)
[215.013s][info][gc,heap     ] GC(1159) Old regions: 60->60
[215.013s][info][gc,heap     ] GC(1159) Archive regions: 0->0
[215.013s][info][gc,heap     ] GC(1159) Humongous regions: 100->4
[215.013s][info][gc,metaspace] GC(1159) Metaspace: 37443K(37760K)->37443K(37760K) NonClass: 33439K(33600K)->33439K(33600K) Class: 4004K(4160K)->4004K(4160K)
[215.014s][info][gc          ] GC(1159) Pause Young (Prepare Mixed) (G1 Preventive Collection) 241M->64M(247M) 2.099ms
[215.014s][info][gc,cpu      ] GC(1159) User=0.00s Sys=0.00s Real=0.00s
[215.131s][info][gc,start    ] GC(1160) Pause Young (Mixed) (G1 Evacuation Pause)
[215.131s][info][gc,task     ] GC(1160) Using 6 workers of 6 for evacuation
[215.133s][info][gc,phases   ] GC(1160)   Pre Evacuate Collection Set: 0.2ms
[215.133s][info][gc,phases   ] GC(1160)   Merge Heap Roots: 0.0ms
[215.133s][info][gc,phases   ] GC(1160)   Evacuate Collection Set: 0.6ms
[215.133s][info][gc,phases   ] GC(1160)   Post Evacuate Collection Set: 0.5ms
[215.133s][info][gc,phases   ] GC(1160)   Other: 0.4ms
[215.133s][info][gc,heap     ] GC(1160) Eden regions: 10->0(142)
[215.133s][info][gc,heap     ] GC(1160) Survivor regions: 2->1(2)
[215.133s][info][gc,heap     ] GC(1160) Old regions: 60->60
[215.133s][info][gc,heap     ] GC(1160) Archive regions: 0->0
[215.133s][info][gc,heap     ] GC(1160) Humongous regions: 28->8
[215.133s][info][gc,metaspace] GC(1160) Metaspace: 37443K(37760K)->37443K(37760K) NonClass: 33439K(33600K)->33439K(33600K) Class: 4004K(4160K)->4004K(4160K)
[215.133s][info][gc          ] GC(1160) Pause Young (Mixed) (G1 Evacuation Pause) 98M->67M(247M) 1.661ms
[215.133s][info][gc,cpu      ] GC(1160) User=0.00s Sys=0.00s Real=0.00s
[215.324s][info][gc,start    ] GC(1161) Pause Young (Concurrent Start) (G1 Humongous Allocation)
[215.324s][info][gc,task     ] GC(1161) Using 6 workers of 6 for evacuation
[215.326s][info][gc,phases   ] GC(1161)   Pre Evacuate Collection Set: 0.2ms
[215.326s][info][gc,phases   ] GC(1161)   Merge Heap Roots: 0.1ms
[215.326s][info][gc,phases   ] GC(1161)   Evacuate Collection Set: 0.7ms
[215.326s][info][gc,phases   ] GC(1161)   Post Evacuate Collection Set: 0.5ms
[215.326s][info][gc,phases   ] GC(1161)   Other: 0.3ms
[215.326s][info][gc,heap     ] GC(1161) Eden regions: 25->0(144)
[215.326s][info][gc,heap     ] GC(1161) Survivor regions: 1->1(18)
[215.326s][info][gc,heap     ] GC(1161) Old regions: 60->60
[215.326s][info][gc,heap     ] GC(1161) Archive regions: 0->0
[215.326s][info][gc,heap     ] GC(1161) Humongous regions: 24->8
[215.326s][info][gc,metaspace] GC(1161) Metaspace: 37443K(37760K)->37443K(37760K) NonClass: 33439K(33600K)->33439K(33600K) Class: 4004K(4160K)->4004K(4160K)
[215.326s][info][gc          ] GC(1161) Pause Young (Concurrent Start) (G1 Humongous Allocation) 107M->67M(247M) 1.803ms
[215.326s][info][gc,cpu      ] GC(1161) User=0.00s Sys=0.00s Real=0.00s
[215.326s][info][gc          ] GC(1162) Concurrent Undo Cycle
[215.326s][info][gc,marking  ] GC(1162) Concurrent Cleanup for Next Mark
[215.326s][info][gc,marking  ] GC(1162) Concurrent Cleanup for Next Mark 0.189ms
[215.326s][info][gc          ] GC(1162) Concurrent Undo Cycle 0.319ms
[215.328s][info][gc,start    ] GC(1163) Pause Young (Concurrent Start) (G1 Humongous Allocation)
[215.328s][info][gc,task     ] GC(1163) Using 6 workers of 6 for evacuation
[215.330s][info][gc,phases   ] GC(1163)   Pre Evacuate Collection Set: 0.1ms
[215.330s][info][gc,phases   ] GC(1163)   Merge Heap Roots: 0.0ms
[215.330s][info][gc,phases   ] GC(1163)   Evacuate Collection Set: 0.9ms
[215.330s][info][gc,phases   ] GC(1163)   Post Evacuate Collection Set: 0.5ms
[215.330s][info][gc,phases   ] GC(1163)   Other: 0.4ms
[215.330s][info][gc,heap     ] GC(1163) Eden regions: 1->0(146)
[215.330s][info][gc,heap     ] GC(1163) Survivor regions: 1->1(19)
[215.330s][info][gc,heap     ] GC(1163) Old regions: 60->60
[215.330s][info][gc,heap     ] GC(1163) Archive regions: 0->0
[215.330s][info][gc,heap     ] GC(1163) Humongous regions: 12->8
[215.330s][info][gc,metaspace] GC(1163) Metaspace: 37443K(37760K)->37443K(37760K) NonClass: 33439K(33600K)->33439K(33600K) Class: 4004K(4160K)->4004K(4160K)
[215.330s][info][gc          ] GC(1163) Pause Young (Concurrent Start) (G1 Humongous Allocation) 72M->67M(247M) 1.884ms
[215.330s][info][gc,cpu      ] GC(1163) User=0.00s Sys=0.00s Real=0.00s
[215.330s][info][gc          ] GC(1164) Concurrent Mark Cycle
[215.330s][info][gc,marking  ] GC(1164) Concurrent Clear Claimed Marks
[215.330s][info][gc,marking  ] GC(1164) Concurrent Clear Claimed Marks 0.023ms
[215.330s][info][gc,marking  ] GC(1164) Concurrent Scan Root Regions
[215.331s][info][gc,marking  ] GC(1164) Concurrent Scan Root Regions 0.726ms
[215.331s][info][gc,marking  ] GC(1164) Concurrent Mark
[215.331s][info][gc,marking  ] GC(1164) Concurrent Mark From Roots
[215.331s][info][gc,task     ] GC(1164) Using 2 workers of 2 for marking
[215.341s][info][gc,marking  ] GC(1164) Concurrent Mark From Roots 10.634ms
[215.342s][info][gc,marking  ] GC(1164) Concurrent Preclean
[215.342s][info][gc,marking  ] GC(1164) Concurrent Preclean 0.176ms
[215.342s][info][gc,start    ] GC(1164) Pause Remark
[215.346s][info][gc          ] GC(1164) Pause Remark 73M->73M(247M) 3.299ms
[215.346s][info][gc,cpu      ] GC(1164) User=0.00s Sys=0.00s Real=0.00s
[215.346s][info][gc,marking  ] GC(1164) Concurrent Mark 15.076ms
[215.346s][info][gc,marking  ] GC(1164) Concurrent Rebuild Remembered Sets
[215.351s][info][gc,marking  ] GC(1164) Concurrent Rebuild Remembered Sets 5.563ms
[215.352s][info][gc,start    ] GC(1164) Pause Cleanup
[215.352s][info][gc          ] GC(1164) Pause Cleanup 74M->74M(247M) 0.172ms
[215.352s][info][gc,cpu      ] GC(1164) User=0.00s Sys=0.00s Real=0.00s
[215.352s][info][gc,marking  ] GC(1164) Concurrent Cleanup for Next Mark
[215.353s][info][gc,marking  ] GC(1164) Concurrent Cleanup for Next Mark 0.167ms
[215.353s][info][gc          ] GC(1164) Concurrent Mark Cycle 22.709ms
[216.095s][info][gc,start    ] GC(1165) Pause Young (Prepare Mixed) (G1 Preventive Collection)
[216.096s][info][gc,task     ] GC(1165) Using 6 workers of 6 for evacuation
[216.097s][info][gc,phases   ] GC(1165)   Pre Evacuate Collection Set: 0.2ms
[216.097s][info][gc,phases   ] GC(1165)   Merge Heap Roots: 0.1ms
[216.097s][info][gc,phases   ] GC(1165)   Evacuate Collection Set: 0.8ms
[216.097s][info][gc,phases   ] GC(1165)   Post Evacuate Collection Set: 0.7ms
[216.097s][info][gc,phases   ] GC(1165)   Other: 0.3ms
[216.097s][info][gc,heap     ] GC(1165) Eden regions: 87->0(10)
[216.097s][info][gc,heap     ] GC(1165) Survivor regions: 1->2(19)
[216.097s][info][gc,heap     ] GC(1165) Old regions: 60->60
[216.097s][info][gc,heap     ] GC(1165) Archive regions: 0->0
[216.097s][info][gc,heap     ] GC(1165) Humongous regions: 96->4
[216.098s][info][gc,metaspace] GC(1165) Metaspace: 37444K(37760K)->37444K(37760K) NonClass: 33439K(33600K)->33439K(33600K) Class: 4004K(4160K)->4004K(4160K)
[216.098s][info][gc          ] GC(1165) Pause Young (Prepare Mixed) (G1 Preventive Collection) 242M->65M(247M) 2.036ms
[216.098s][info][gc,cpu      ] GC(1165) User=0.00s Sys=0.00s Real=0.00s
[216.196s][info][gc,start    ] GC(1166) Pause Young (Mixed) (G1 Evacuation Pause)
[216.196s][info][gc,task     ] GC(1166) Using 6 workers of 6 for evacuation
[216.197s][info][gc,phases   ] GC(1166)   Pre Evacuate Collection Set: 0.2ms
[216.197s][info][gc,phases   ] GC(1166)   Merge Heap Roots: 0.1ms
[216.197s][info][gc,phases   ] GC(1166)   Evacuate Collection Set: 0.8ms
[216.197s][info][gc,phases   ] GC(1166)   Post Evacuate Collection Set: 0.7ms
[216.198s][info][gc,phases   ] GC(1166)   Other: 0.3ms
[216.198s][info][gc,heap     ] GC(1166) Eden regions: 10->0(145)
[216.198s][info][gc,heap     ] GC(1166) Survivor regions: 2->1(2)
[216.198s][info][gc,heap     ] GC(1166) Old regions: 60->60
[216.198s][info][gc,heap     ] GC(1166) Archive regions: 0->0
[216.198s][info][gc,heap     ] GC(1166) Humongous regions: 16->8
[216.198s][info][gc,metaspace] GC(1166) Metaspace: 37444K(37760K)->37444K(37760K) NonClass: 33439K(33600K)->33439K(33600K) Class: 4004K(4160K)->4004K(4160K)
[216.198s][info][gc          ] GC(1166) Pause Young (Mixed) (G1 Evacuation Pause) 87M->67M(247M) 2.025ms
[216.198s][info][gc,cpu      ] GC(1166) User=0.00s Sys=0.00s Real=0.00s
[216.481s][info][gc,start    ] GC(1167) Pause Young (Concurrent Start) (G1 Humongous Allocation)
[216.481s][info][gc,task     ] GC(1167) Using 6 workers of 6 for evacuation
[216.483s][info][gc,phases   ] GC(1167)   Pre Evacuate Collection Set: 0.2ms
[216.483s][info][gc,phases   ] GC(1167)   Merge Heap Roots: 0.1ms
[216.483s][info][gc,phases   ] GC(1167)   Evacuate Collection Set: 0.9ms
[216.483s][info][gc,phases   ] GC(1167)   Post Evacuate Collection Set: 0.7ms
[216.483s][info][gc,phases   ] GC(1167)   Other: 0.5ms
[216.483s][info][gc,heap     ] GC(1167) Eden regions: 32->0(135)
[216.483s][info][gc,heap     ] GC(1167) Survivor regions: 1->1(19)
[216.483s][info][gc,heap     ] GC(1167) Old regions: 60->60
[216.483s][info][gc,heap     ] GC(1167) Archive regions: 0->0
[216.483s][info][gc,heap     ] GC(1167) Humongous regions: 40->8
[216.483s][info][gc,metaspace] GC(1167) Metaspace: 37444K(37760K)->37444K(37760K) NonClass: 33440K(33600K)->33440K(33600K) Class: 4004K(4160K)->4004K(4160K)
[216.483s][info][gc          ] GC(1167) Pause Young (Concurrent Start) (G1 Humongous Allocation) 131M->67M(247M) 2.323ms
[216.483s][info][gc,cpu      ] GC(1167) User=0.00s Sys=0.00s Real=0.00s
[216.483s][info][gc          ] GC(1168) Concurrent Undo Cycle
[216.483s][info][gc,marking  ] GC(1168) Concurrent Cleanup for Next Mark
[216.484s][info][gc,marking  ] GC(1168) Concurrent Cleanup for Next Mark 0.262ms
[216.484s][info][gc          ] GC(1168) Concurrent Undo Cycle 0.357ms
[216.584s][info][gc,start    ] GC(1169) Pause Young (Concurrent Start) (G1 Humongous Allocation)
[216.584s][info][gc,task     ] GC(1169) Using 6 workers of 6 for evacuation
[216.586s][info][gc,phases   ] GC(1169)   Pre Evacuate Collection Set: 0.2ms
[216.586s][info][gc,phases   ] GC(1169)   Merge Heap Roots: 0.1ms
[216.586s][info][gc,phases   ] GC(1169)   Evacuate Collection Set: 0.7ms
[216.586s][info][gc,phases   ] GC(1169)   Post Evacuate Collection Set: 0.5ms
[216.586s][info][gc,phases   ] GC(1169)   Other: 0.3ms
[216.586s][info][gc,heap     ] GC(1169) Eden regions: 14->0(141)
[216.586s][info][gc,heap     ] GC(1169) Survivor regions: 1->1(17)
[216.586s][info][gc,heap     ] GC(1169) Old regions: 60->60
[216.586s][info][gc,heap     ] GC(1169) Archive regions: 0->0
[216.586s][info][gc,heap     ] GC(1169) Humongous regions: 12->4
[216.586s][info][gc,metaspace] GC(1169) Metaspace: 37445K(37760K)->37445K(37760K) NonClass: 33440K(33600K)->33440K(33600K) Class: 4004K(4160K)->4004K(4160K)
[216.586s][info][gc          ] GC(1169) Pause Young (Concurrent Start) (G1 Humongous Allocation) 85M->63M(247M) 1.744ms
[216.586s][info][gc,cpu      ] GC(1169) User=0.00s Sys=0.00s Real=0.00s
[216.586s][info][gc          ] GC(1170) Concurrent Mark Cycle
[216.586s][info][gc,marking  ] GC(1170) Concurrent Clear Claimed Marks
[216.586s][info][gc,marking  ] GC(1170) Concurrent Clear Claimed Marks 0.016ms
[216.586s][info][gc,marking  ] GC(1170) Concurrent Scan Root Regions
[216.587s][info][gc,marking  ] GC(1170) Concurrent Scan Root Regions 0.534ms
[216.587s][info][gc,marking  ] GC(1170) Concurrent Mark
[216.587s][info][gc,marking  ] GC(1170) Concurrent Mark From Roots
[216.587s][info][gc,task     ] GC(1170) Using 2 workers of 2 for marking
[216.599s][info][gc,marking  ] GC(1170) Concurrent Mark From Roots 12.382ms
[216.599s][info][gc,marking  ] GC(1170) Concurrent Preclean
[216.599s][info][gc,marking  ] GC(1170) Concurrent Preclean 0.233ms
[216.600s][info][gc,start    ] GC(1170) Pause Remark
[216.603s][info][gc          ] GC(1170) Pause Remark 77M->77M(247M) 3.856ms
[216.604s][info][gc,cpu      ] GC(1170) User=0.00s Sys=0.00s Real=0.00s
[216.604s][info][gc,marking  ] GC(1170) Concurrent Mark 17.273ms
[216.604s][info][gc,marking  ] GC(1170) Concurrent Rebuild Remembered Sets
[216.609s][info][gc,marking  ] GC(1170) Concurrent Rebuild Remembered Sets 5.634ms
[216.610s][info][gc,start    ] GC(1170) Pause Cleanup
[216.610s][info][gc          ] GC(1170) Pause Cleanup 78M->78M(247M) 0.122ms
[216.610s][info][gc,cpu      ] GC(1170) User=0.00s Sys=0.00s Real=0.00s
[216.611s][info][gc,marking  ] GC(1170) Concurrent Cleanup for Next Mark
[216.611s][info][gc,marking  ] GC(1170) Concurrent Cleanup for Next Mark 0.205ms
[216.611s][info][gc          ] GC(1170) Concurrent Mark Cycle 24.861ms
[217.328s][info][gc,start    ] GC(1171) Pause Young (Prepare Mixed) (GCLocker Initiated GC)
[217.328s][info][gc,task     ] GC(1171) Using 6 workers of 6 for evacuation
[217.330s][info][gc,phases   ] GC(1171)   Pre Evacuate Collection Set: 0.2ms
[217.330s][info][gc,phases   ] GC(1171)   Merge Heap Roots: 0.1ms
[217.330s][info][gc,phases   ] GC(1171)   Evacuate Collection Set: 0.7ms
[217.330s][info][gc,phases   ] GC(1171)   Post Evacuate Collection Set: 0.8ms
[217.330s][info][gc,phases   ] GC(1171)   Other: 0.3ms
[217.330s][info][gc,heap     ] GC(1171) Eden regions: 81->0(10)
[217.330s][info][gc,heap     ] GC(1171) Survivor regions: 1->2(18)
[217.330s][info][gc,heap     ] GC(1171) Old regions: 60->60
[217.330s][info][gc,heap     ] GC(1171) Archive regions: 0->0
[217.330s][info][gc,heap     ] GC(1171) Humongous regions: 100->8
[217.330s][info][gc,metaspace] GC(1171) Metaspace: 37447K(37824K)->37447K(37824K) NonClass: 33443K(33664K)->33443K(33664K) Class: 4004K(4160K)->4004K(4160K)
[217.330s][info][gc          ] GC(1171) Pause Young (Prepare Mixed) (GCLocker Initiated GC) 240M->68M(247M) 2.024ms
[217.331s][info][gc,cpu      ] GC(1171) User=0.00s Sys=0.00s Real=0.00s
[217.420s][info][gc,start    ] GC(1172) Pause Young (Mixed) (G1 Evacuation Pause)
[217.420s][info][gc,task     ] GC(1172) Using 6 workers of 6 for evacuation
[217.422s][info][gc,phases   ] GC(1172)   Pre Evacuate Collection Set: 0.2ms
[217.422s][info][gc,phases   ] GC(1172)   Merge Heap Roots: 0.1ms
[217.422s][info][gc,phases   ] GC(1172)   Evacuate Collection Set: 0.6ms
[217.422s][info][gc,phases   ] GC(1172)   Post Evacuate Collection Set: 0.6ms
[217.422s][info][gc,phases   ] GC(1172)   Other: 0.3ms
[217.422s][info][gc,heap     ] GC(1172) Eden regions: 10->0(139)
[217.422s][info][gc,heap     ] GC(1172) Survivor regions: 2->1(2)
[217.422s][info][gc,heap     ] GC(1172) Old regions: 60->60
[217.422s][info][gc,heap     ] GC(1172) Archive regions: 0->0
[217.422s][info][gc,heap     ] GC(1172) Humongous regions: 20->8
[217.422s][info][gc,metaspace] GC(1172) Metaspace: 37447K(37824K)->37447K(37824K) NonClass: 33443K(33664K)->33443K(33664K) Class: 4004K(4160K)->4004K(4160K)
[217.422s][info][gc          ] GC(1172) Pause Young (Mixed) (G1 Evacuation Pause) 90M->67M(247M) 1.697ms
[217.422s][info][gc,cpu      ] GC(1172) User=0.00s Sys=0.00s Real=0.00s
[217.825s][info][gc,start    ] GC(1173) Pause Young (Concurrent Start) (G1 Humongous Allocation)
[217.825s][info][gc,task     ] GC(1173) Using 6 workers of 6 for evacuation
[217.827s][info][gc,phases   ] GC(1173)   Pre Evacuate Collection Set: 0.2ms
[217.827s][info][gc,phases   ] GC(1173)   Merge Heap Roots: 0.1ms
[217.827s][info][gc,phases   ] GC(1173)   Evacuate Collection Set: 1.0ms
[217.827s][info][gc,phases   ] GC(1173)   Post Evacuate Collection Set: 0.6ms
[217.827s][info][gc,phases   ] GC(1173)   Other: 0.3ms
[217.827s][info][gc,heap     ] GC(1173) Eden regions: 43->0(141)
[217.827s][info][gc,heap     ] GC(1173) Survivor regions: 1->1(18)
[217.827s][info][gc,heap     ] GC(1173) Old regions: 60->60
[217.827s][info][gc,heap     ] GC(1173) Archive regions: 0->0
[217.827s][info][gc,heap     ] GC(1173) Humongous regions: 52->8
[217.827s][info][gc,metaspace] GC(1173) Metaspace: 37447K(37824K)->37447K(37824K) NonClass: 33443K(33664K)->33443K(33664K) Class: 4004K(4160K)->4004K(4160K)
[217.827s][info][gc          ] GC(1173) Pause Young (Concurrent Start) (G1 Humongous Allocation) 154M->68M(247M) 2.193ms
[217.827s][info][gc,cpu      ] GC(1173) User=0.00s Sys=0.00s Real=0.00s
[217.827s][info][gc          ] GC(1174) Concurrent Undo Cycle
[217.827s][info][gc,marking  ] GC(1174) Concurrent Cleanup for Next Mark
[217.827s][info][gc,marking  ] GC(1174) Concurrent Cleanup for Next Mark 0.166ms
[217.827s][info][gc          ] GC(1174) Concurrent Undo Cycle 0.232ms
[217.926s][info][gc,start    ] GC(1175) Pause Young (Concurrent Start) (G1 Humongous Allocation)
[217.926s][info][gc,task     ] GC(1175) Using 6 workers of 6 for evacuation
[217.927s][info][gc,phases   ] GC(1175)   Pre Evacuate Collection Set: 0.2ms
[217.928s][info][gc,phases   ] GC(1175)   Merge Heap Roots: 0.0ms
[217.928s][info][gc,phases   ] GC(1175)   Evacuate Collection Set: 0.8ms
[217.928s][info][gc,phases   ] GC(1175)   Post Evacuate Collection Set: 0.5ms
[217.928s][info][gc,phases   ] GC(1175)   Other: 0.4ms
[217.928s][info][gc,heap     ] GC(1175) Eden regions: 14->0(146)
[217.928s][info][gc,heap     ] GC(1175) Survivor regions: 1->1(18)
[217.928s][info][gc,heap     ] GC(1175) Old regions: 60->60
[217.928s][info][gc,heap     ] GC(1175) Archive regions: 0->0
[217.928s][info][gc,heap     ] GC(1175) Humongous regions: 12->4
[217.928s][info][gc,metaspace] GC(1175) Metaspace: 37447K(37824K)->37447K(37824K) NonClass: 33443K(33664K)->33443K(33664K) Class: 4004K(4160K)->4004K(4160K)
[217.928s][info][gc          ] GC(1175) Pause Young (Concurrent Start) (G1 Humongous Allocation) 85M->64M(247M) 1.837ms
[217.928s][info][gc,cpu      ] GC(1175) User=0.08s Sys=0.00s Real=0.00s
[217.928s][info][gc          ] GC(1176) Concurrent Mark Cycle
[217.928s][info][gc,marking  ] GC(1176) Concurrent Clear Claimed Marks
[217.928s][info][gc,marking  ] GC(1176) Concurrent Clear Claimed Marks 0.029ms
[217.928s][info][gc,marking  ] GC(1176) Concurrent Scan Root Regions
[217.928s][info][gc,marking  ] GC(1176) Concurrent Scan Root Regions 0.547ms
[217.929s][info][gc,marking  ] GC(1176) Concurrent Mark
[217.929s][info][gc,marking  ] GC(1176) Concurrent Mark From Roots
[217.929s][info][gc,task     ] GC(1176) Using 2 workers of 2 for marking
[217.939s][info][gc,marking  ] GC(1176) Concurrent Mark From Roots 10.410ms
[217.939s][info][gc,marking  ] GC(1176) Concurrent Preclean
[217.939s][info][gc,marking  ] GC(1176) Concurrent Preclean 0.115ms
[217.939s][info][gc,start    ] GC(1176) Pause Remark
[217.945s][info][gc          ] GC(1176) Pause Remark 77M->77M(247M) 5.851ms
[217.946s][info][gc,cpu      ] GC(1176) User=0.03s Sys=0.00s Real=0.01s
[217.946s][info][gc,marking  ] GC(1176) Concurrent Mark 17.171ms
[217.946s][info][gc,marking  ] GC(1176) Concurrent Rebuild Remembered Sets
[217.953s][info][gc,marking  ] GC(1176) Concurrent Rebuild Remembered Sets 6.787ms
[217.953s][info][gc,start    ] GC(1176) Pause Cleanup
[217.953s][info][gc          ] GC(1176) Pause Cleanup 79M->79M(247M) 0.163ms
[217.953s][info][gc,cpu      ] GC(1176) User=0.00s Sys=0.00s Real=0.00s
[217.953s][info][gc,marking  ] GC(1176) Concurrent Cleanup for Next Mark
[217.954s][info][gc,marking  ] GC(1176) Concurrent Cleanup for Next Mark 0.181ms
[217.954s][info][gc          ] GC(1176) Concurrent Mark Cycle 25.671ms
[218.648s][info][gc,start    ] GC(1177) Pause Young (Prepare Mixed) (G1 Preventive Collection)
[218.648s][info][gc,task     ] GC(1177) Using 6 workers of 6 for evacuation
[218.649s][info][gc,phases   ] GC(1177)   Pre Evacuate Collection Set: 0.2ms
[218.649s][info][gc,phases   ] GC(1177)   Merge Heap Roots: 0.1ms
[218.649s][info][gc,phases   ] GC(1177)   Evacuate Collection Set: 0.6ms
[218.649s][info][gc,phases   ] GC(1177)   Post Evacuate Collection Set: 0.6ms
[218.649s][info][gc,phases   ] GC(1177)   Other: 0.4ms
[218.649s][info][gc,heap     ] GC(1177) Eden regions: 84->0(10)
[218.649s][info][gc,heap     ] GC(1177) Survivor regions: 1->2(19)
[218.649s][info][gc,heap     ] GC(1177) Old regions: 60->60
[218.649s][info][gc,heap     ] GC(1177) Archive regions: 0->0
[218.649s][info][gc,heap     ] GC(1177) Humongous regions: 96->8
[218.649s][info][gc,metaspace] GC(1177) Metaspace: 37447K(37824K)->37447K(37824K) NonClass: 33443K(33664K)->33443K(33664K) Class: 4004K(4160K)->4004K(4160K)
[218.649s][info][gc          ] GC(1177) Pause Young (Prepare Mixed) (G1 Preventive Collection) 240M->69M(247M) 1.809ms
[218.650s][info][gc,cpu      ] GC(1177) User=0.00s Sys=0.00s Real=0.00s
[218.750s][info][gc,start    ] GC(1178) Pause Young (Mixed) (G1 Evacuation Pause)
[218.750s][info][gc,task     ] GC(1178) Using 6 workers of 6 for evacuation
[218.751s][info][gc,phases   ] GC(1178)   Pre Evacuate Collection Set: 0.2ms
[218.752s][info][gc,phases   ] GC(1178)   Merge Heap Roots: 0.1ms
[218.752s][info][gc,phases   ] GC(1178)   Evacuate Collection Set: 0.7ms
[218.752s][info][gc,phases   ] GC(1178)   Post Evacuate Collection Set: 0.7ms
[218.752s][info][gc,phases   ] GC(1178)   Other: 0.3ms
[218.752s][info][gc,heap     ] GC(1178) Eden regions: 10->0(145)
[218.752s][info][gc,heap     ] GC(1178) Survivor regions: 2->1(2)
[218.752s][info][gc,heap     ] GC(1178) Old regions: 60->61
[218.752s][info][gc,heap     ] GC(1178) Archive regions: 0->0
[218.752s][info][gc,heap     ] GC(1178) Humongous regions: 12->4
[218.752s][info][gc,metaspace] GC(1178) Metaspace: 37447K(37824K)->37447K(37824K) NonClass: 33443K(33664K)->33443K(33664K) Class: 4004K(4160K)->4004K(4160K)
[218.752s][info][gc          ] GC(1178) Pause Young (Mixed) (G1 Evacuation Pause) 82M->64M(247M) 1.848ms
[218.752s][info][gc,cpu      ] GC(1178) User=0.00s Sys=0.00s Real=0.00s
[219.160s][info][gc,start    ] GC(1179) Pause Young (Concurrent Start) (G1 Humongous Allocation)
[219.160s][info][gc,task     ] GC(1179) Using 6 workers of 6 for evacuation
[219.162s][info][gc,phases   ] GC(1179)   Pre Evacuate Collection Set: 0.2ms
[219.162s][info][gc,phases   ] GC(1179)   Merge Heap Roots: 0.1ms
[219.162s][info][gc,phases   ] GC(1179)   Evacuate Collection Set: 0.9ms
[219.162s][info][gc,phases   ] GC(1179)   Post Evacuate Collection Set: 0.8ms
[219.162s][info][gc,phases   ] GC(1179)   Other: 0.4ms
[219.162s][info][gc,heap     ] GC(1179) Eden regions: 48->0(142)
[219.162s][info][gc,heap     ] GC(1179) Survivor regions: 1->1(19)
[219.162s][info][gc,heap     ] GC(1179) Old regions: 61->61
[219.162s][info][gc,heap     ] GC(1179) Archive regions: 0->0
[219.162s][info][gc,heap     ] GC(1179) Humongous regions: 60->8
[219.162s][info][gc,metaspace] GC(1179) Metaspace: 37448K(37824K)->37448K(37824K) NonClass: 33444K(33664K)->33444K(33664K) Class: 4004K(4160K)->4004K(4160K)
[219.162s][info][gc          ] GC(1179) Pause Young (Concurrent Start) (G1 Humongous Allocation) 167M->68M(247M) 2.430ms
[219.163s][info][gc,cpu      ] GC(1179) User=0.02s Sys=0.00s Real=0.00s
[219.163s][info][gc          ] GC(1180) Concurrent Undo Cycle
[219.163s][info][gc,marking  ] GC(1180) Concurrent Cleanup for Next Mark
[219.163s][info][gc,marking  ] GC(1180) Concurrent Cleanup for Next Mark 0.171ms
[219.163s][info][gc          ] GC(1180) Concurrent Undo Cycle 0.245ms
[219.270s][info][gc,start    ] GC(1181) Pause Young (Concurrent Start) (G1 Humongous Allocation)
[219.270s][info][gc,task     ] GC(1181) Using 6 workers of 6 for evacuation
[219.272s][info][gc,phases   ] GC(1181)   Pre Evacuate Collection Set: 0.2ms
[219.272s][info][gc,phases   ] GC(1181)   Merge Heap Roots: 0.1ms
[219.272s][info][gc,phases   ] GC(1181)   Evacuate Collection Set: 0.8ms
[219.272s][info][gc,phases   ] GC(1181)   Post Evacuate Collection Set: 0.6ms
[219.272s][info][gc,phases   ] GC(1181)   Other: 0.3ms
[219.272s][info][gc,heap     ] GC(1181) Eden regions: 14->0(147)
[219.272s][info][gc,heap     ] GC(1181) Survivor regions: 1->1(18)
[219.272s][info][gc,heap     ] GC(1181) Old regions: 61->61
[219.272s][info][gc,heap     ] GC(1181) Archive regions: 0->0
[219.272s][info][gc,heap     ] GC(1181) Humongous regions: 12->4
[219.272s][info][gc,metaspace] GC(1181) Metaspace: 37449K(37824K)->37449K(37824K) NonClass: 33444K(33664K)->33444K(33664K) Class: 4004K(4160K)->4004K(4160K)
[219.272s][info][gc          ] GC(1181) Pause Young (Concurrent Start) (G1 Humongous Allocation) 85M->64M(247M) 2.024ms
[219.272s][info][gc,cpu      ] GC(1181) User=0.03s Sys=0.00s Real=0.00s
[219.272s][info][gc          ] GC(1182) Concurrent Mark Cycle
[219.272s][info][gc,marking  ] GC(1182) Concurrent Clear Claimed Marks
[219.272s][info][gc,marking  ] GC(1182) Concurrent Clear Claimed Marks 0.018ms
[219.272s][info][gc,marking  ] GC(1182) Concurrent Scan Root Regions
[219.273s][info][gc,marking  ] GC(1182) Concurrent Scan Root Regions 0.623ms
[219.273s][info][gc,marking  ] GC(1182) Concurrent Mark
[219.273s][info][gc,marking  ] GC(1182) Concurrent Mark From Roots
[219.273s][info][gc,task     ] GC(1182) Using 2 workers of 2 for marking
[219.286s][info][gc,marking  ] GC(1182) Concurrent Mark From Roots 13.211ms
[219.286s][info][gc,marking  ] GC(1182) Concurrent Preclean
[219.286s][info][gc,marking  ] GC(1182) Concurrent Preclean 0.141ms
[219.287s][info][gc,start    ] GC(1182) Pause Remark
[219.290s][info][gc          ] GC(1182) Pause Remark 78M->78M(247M) 3.482ms
[219.290s][info][gc,cpu      ] GC(1182) User=0.00s Sys=0.00s Real=0.00s
[219.290s][info][gc,marking  ] GC(1182) Concurrent Mark 17.556ms
[219.290s][info][gc,marking  ] GC(1182) Concurrent Rebuild Remembered Sets
[219.296s][info][gc,marking  ] GC(1182) Concurrent Rebuild Remembered Sets 5.523ms
[219.296s][info][gc,start    ] GC(1182) Pause Cleanup
[219.296s][info][gc          ] GC(1182) Pause Cleanup 78M->78M(247M) 0.153ms
[219.297s][info][gc,cpu      ] GC(1182) User=0.00s Sys=0.00s Real=0.00s
[219.297s][info][gc,marking  ] GC(1182) Concurrent Cleanup for Next Mark
[219.297s][info][gc,marking  ] GC(1182) Concurrent Cleanup for Next Mark 0.148ms
[219.297s][info][gc          ] GC(1182) Concurrent Mark Cycle 24.800ms
[220.082s][info][gc,start    ] GC(1183) Pause Young (Prepare Mixed) (G1 Preventive Collection)
[220.082s][info][gc,task     ] GC(1183) Using 6 workers of 6 for evacuation
[220.084s][info][gc,phases   ] GC(1183)   Pre Evacuate Collection Set: 0.1ms
[220.084s][info][gc,phases   ] GC(1183)   Merge Heap Roots: 0.0ms
[220.084s][info][gc,phases   ] GC(1183)   Evacuate Collection Set: 0.7ms
[220.084s][info][gc,phases   ] GC(1183)   Post Evacuate Collection Set: 0.5ms
[220.084s][info][gc,phases   ] GC(1183)   Other: 0.4ms
[220.084s][info][gc,heap     ] GC(1183) Eden regions: 90->0(9)
[220.084s][info][gc,heap     ] GC(1183) Survivor regions: 1->3(19)
[220.084s][info][gc,heap     ] GC(1183) Old regions: 61->61
[220.084s][info][gc,heap     ] GC(1183) Archive regions: 0->0
[220.084s][info][gc,heap     ] GC(1183) Humongous regions: 100->4
[220.084s][info][gc,metaspace] GC(1183) Metaspace: 37449K(37824K)->37449K(37824K) NonClass: 33445K(33664K)->33445K(33664K) Class: 4004K(4160K)->4004K(4160K)
[220.084s][info][gc          ] GC(1183) Pause Young (Prepare Mixed) (G1 Preventive Collection) 250M->66M(255M) 1.641ms
[220.084s][info][gc,cpu      ] GC(1183) User=0.08s Sys=0.00s Real=0.00s
[220.173s][info][gc,start    ] GC(1184) Pause Young (Mixed) (G1 Evacuation Pause)
[220.173s][info][gc,task     ] GC(1184) Using 6 workers of 6 for evacuation
[220.174s][info][gc,phases   ] GC(1184)   Pre Evacuate Collection Set: 0.2ms
[220.174s][info][gc,phases   ] GC(1184)   Merge Heap Roots: 0.0ms
[220.174s][info][gc,phases   ] GC(1184)   Evacuate Collection Set: 0.7ms
[220.174s][info][gc,phases   ] GC(1184)   Post Evacuate Collection Set: 0.5ms
[220.174s][info][gc,phases   ] GC(1184)   Other: 0.4ms
[220.174s][info][gc,heap     ] GC(1184) Eden regions: 9->0(150)
[220.174s][info][gc,heap     ] GC(1184) Survivor regions: 3->1(2)
[220.174s][info][gc,heap     ] GC(1184) Old regions: 61->61
[220.174s][info][gc,heap     ] GC(1184) Archive regions: 0->0
[220.174s][info][gc,heap     ] GC(1184) Humongous regions: 16->8
[220.174s][info][gc,metaspace] GC(1184) Metaspace: 37449K(37824K)->37449K(37824K) NonClass: 33445K(33664K)->33445K(33664K) Class: 4004K(4160K)->4004K(4160K)
[220.174s][info][gc          ] GC(1184) Pause Young (Mixed) (G1 Evacuation Pause) 87M->68M(255M) 1.757ms
[220.175s][info][gc,cpu      ] GC(1184) User=0.00s Sys=0.00s Real=0.00s
[220.897s][info][gc,start    ] GC(1185) Pause Young (Concurrent Start) (G1 Humongous Allocation)
[220.897s][info][gc,task     ] GC(1185) Using 6 workers of 6 for evacuation
[220.899s][info][gc,phases   ] GC(1185)   Pre Evacuate Collection Set: 0.1ms
[220.899s][info][gc,phases   ] GC(1185)   Merge Heap Roots: 0.0ms
[220.899s][info][gc,phases   ] GC(1185)   Evacuate Collection Set: 0.9ms
[220.899s][info][gc,phases   ] GC(1185)   Post Evacuate Collection Set: 0.6ms
[220.899s][info][gc,phases   ] GC(1185)   Other: 0.4ms
[220.899s][info][gc,heap     ] GC(1185) Eden regions: 69->0(151)
[220.899s][info][gc,heap     ] GC(1185) Survivor regions: 1->1(19)
[220.899s][info][gc,heap     ] GC(1185) Old regions: 61->61
[220.899s][info][gc,heap     ] GC(1185) Archive regions: 0->0
[220.899s][info][gc,heap     ] GC(1185) Humongous regions: 76->8
[220.899s][info][gc,metaspace] GC(1185) Metaspace: 37452K(37824K)->37452K(37824K) NonClass: 33448K(33664K)->33448K(33664K) Class: 4004K(4160K)->4004K(4160K)
[220.899s][info][gc          ] GC(1185) Pause Young (Concurrent Start) (G1 Humongous Allocation) 205M->69M(255M) 1.958ms
[220.899s][info][gc,cpu      ] GC(1185) User=0.00s Sys=0.00s Real=0.00s
[220.899s][info][gc          ] GC(1186) Concurrent Undo Cycle
[220.899s][info][gc,marking  ] GC(1186) Concurrent Cleanup for Next Mark
[220.899s][info][gc,marking  ] GC(1186) Concurrent Cleanup for Next Mark 0.192ms
[220.899s][info][gc          ] GC(1186) Concurrent Undo Cycle 0.252ms
[220.999s][info][gc,start    ] GC(1187) Pause Young (Concurrent Start) (G1 Humongous Allocation)
[220.999s][info][gc,task     ] GC(1187) Using 6 workers of 6 for evacuation
[221.000s][info][gc,phases   ] GC(1187)   Pre Evacuate Collection Set: 0.2ms
[221.000s][info][gc,phases   ] GC(1187)   Merge Heap Roots: 0.1ms
[221.000s][info][gc,phases   ] GC(1187)   Evacuate Collection Set: 0.7ms
[221.000s][info][gc,phases   ] GC(1187)   Post Evacuate Collection Set: 0.6ms
[221.000s][info][gc,phases   ] GC(1187)   Other: 0.3ms
[221.000s][info][gc,heap     ] GC(1187) Eden regions: 14->0(152)
[221.000s][info][gc,heap     ] GC(1187) Survivor regions: 1->1(19)
[221.000s][info][gc,heap     ] GC(1187) Old regions: 61->61
[221.000s][info][gc,heap     ] GC(1187) Archive regions: 0->0
[221.000s][info][gc,heap     ] GC(1187) Humongous regions: 12->4
[221.000s][info][gc,metaspace] GC(1187) Metaspace: 37452K(37824K)->37452K(37824K) NonClass: 33448K(33664K)->33448K(33664K) Class: 4004K(4160K)->4004K(4160K)
[221.001s][info][gc          ] GC(1187) Pause Young (Concurrent Start) (G1 Humongous Allocation) 86M->64M(255M) 1.839ms
[221.001s][info][gc,cpu      ] GC(1187) User=0.00s Sys=0.00s Real=0.00s
[221.001s][info][gc          ] GC(1188) Concurrent Mark Cycle
[221.001s][info][gc,marking  ] GC(1188) Concurrent Clear Claimed Marks
[221.001s][info][gc,marking  ] GC(1188) Concurrent Clear Claimed Marks 0.026ms
[221.001s][info][gc,marking  ] GC(1188) Concurrent Scan Root Regions
[221.001s][info][gc,marking  ] GC(1188) Concurrent Scan Root Regions 0.563ms
[221.001s][info][gc,marking  ] GC(1188) Concurrent Mark
[221.001s][info][gc,marking  ] GC(1188) Concurrent Mark From Roots
[221.001s][info][gc,task     ] GC(1188) Using 2 workers of 2 for marking
[221.013s][info][gc,marking  ] GC(1188) Concurrent Mark From Roots 11.113ms
[221.013s][info][gc,marking  ] GC(1188) Concurrent Preclean
[221.013s][info][gc,marking  ] GC(1188) Concurrent Preclean 0.183ms
[221.013s][info][gc,start    ] GC(1188) Pause Remark
[221.016s][info][gc          ] GC(1188) Pause Remark 78M->78M(255M) 2.961ms
[221.016s][info][gc,cpu      ] GC(1188) User=0.00s Sys=0.00s Real=0.00s
[221.016s][info][gc,marking  ] GC(1188) Concurrent Mark 14.990ms
[221.016s][info][gc,marking  ] GC(1188) Concurrent Rebuild Remembered Sets
[221.021s][info][gc,marking  ] GC(1188) Concurrent Rebuild Remembered Sets 5.031ms
[221.022s][info][gc,start    ] GC(1188) Pause Cleanup
[221.022s][info][gc          ] GC(1188) Pause Cleanup 79M->79M(255M) 0.149ms
[221.022s][info][gc,cpu      ] GC(1188) User=0.00s Sys=0.00s Real=0.00s
[221.022s][info][gc,marking  ] GC(1188) Concurrent Cleanup for Next Mark
[221.022s][info][gc,marking  ] GC(1188) Concurrent Cleanup for Next Mark 0.147ms
[221.022s][info][gc          ] GC(1188) Concurrent Mark Cycle 21.636ms
[221.868s][info][gc,start    ] GC(1189) Pause Young (Prepare Mixed) (GCLocker Initiated GC)
[221.868s][info][gc,task     ] GC(1189) Using 6 workers of 6 for evacuation
[221.870s][info][gc,phases   ] GC(1189)   Pre Evacuate Collection Set: 0.1ms
[221.870s][info][gc,phases   ] GC(1189)   Merge Heap Roots: 0.1ms
[221.870s][info][gc,phases   ] GC(1189)   Evacuate Collection Set: 0.7ms
[221.870s][info][gc,phases   ] GC(1189)   Post Evacuate Collection Set: 0.6ms
[221.870s][info][gc,phases   ] GC(1189)   Other: 0.3ms
[221.870s][info][gc,heap     ] GC(1189) Eden regions: 87->0(10)
[221.870s][info][gc,heap     ] GC(1189) Survivor regions: 1->2(20)
[221.870s][info][gc,heap     ] GC(1189) Old regions: 61->61
[221.870s][info][gc,heap     ] GC(1189) Archive regions: 0->0
[221.870s][info][gc,heap     ] GC(1189) Humongous regions: 100->4
[221.870s][info][gc,metaspace] GC(1189) Metaspace: 37453K(37824K)->37453K(37824K) NonClass: 33449K(33664K)->33449K(33664K) Class: 4004K(4160K)->4004K(4160K)
[221.870s][info][gc          ] GC(1189) Pause Young (Prepare Mixed) (GCLocker Initiated GC) 247M->65M(255M) 1.737ms
[221.870s][info][gc,cpu      ] GC(1189) User=0.00s Sys=0.00s Real=0.00s
[221.938s][info][gc,start    ] GC(1190) Pause Young (Mixed) (GCLocker Initiated GC)
[221.938s][info][gc,task     ] GC(1190) Using 6 workers of 6 for evacuation
[221.940s][info][gc,phases   ] GC(1190)   Pre Evacuate Collection Set: 0.2ms
[221.940s][info][gc,phases   ] GC(1190)   Merge Heap Roots: 0.1ms
[221.940s][info][gc,phases   ] GC(1190)   Evacuate Collection Set: 0.7ms
[221.940s][info][gc,phases   ] GC(1190)   Post Evacuate Collection Set: 0.6ms
[221.940s][info][gc,phases   ] GC(1190)   Other: 0.3ms
[221.940s][info][gc,heap     ] GC(1190) Eden regions: 11->0(152)
[221.940s][info][gc,heap     ] GC(1190) Survivor regions: 2->1(2)
[221.940s][info][gc,heap     ] GC(1190) Old regions: 61->61
[221.940s][info][gc,heap     ] GC(1190) Archive regions: 0->0
[221.940s][info][gc,heap     ] GC(1190) Humongous regions: 16->4
[221.940s][info][gc,metaspace] GC(1190) Metaspace: 37453K(37824K)->37453K(37824K) NonClass: 33449K(33664K)->33449K(33664K) Class: 4004K(4160K)->4004K(4160K)
[221.940s][info][gc          ] GC(1190) Pause Young (Mixed) (GCLocker Initiated GC) 88M->65M(255M) 1.808ms
[221.940s][info][gc,cpu      ] GC(1190) User=0.00s Sys=0.00s Real=0.00s
[222.674s][info][gc,start    ] GC(1191) Pause Young (Concurrent Start) (GCLocker Initiated GC)
[222.674s][info][gc,task     ] GC(1191) Using 6 workers of 6 for evacuation
[222.675s][info][gc,phases   ] GC(1191)   Pre Evacuate Collection Set: 0.2ms
[222.675s][info][gc,phases   ] GC(1191)   Merge Heap Roots: 0.1ms
[222.675s][info][gc,phases   ] GC(1191)   Evacuate Collection Set: 0.7ms
[222.675s][info][gc,phases   ] GC(1191)   Post Evacuate Collection Set: 0.5ms
[222.675s][info][gc,phases   ] GC(1191)   Other: 0.3ms
[222.675s][info][gc,heap     ] GC(1191) Eden regions: 82->0(151)
[222.675s][info][gc,heap     ] GC(1191) Survivor regions: 1->2(20)
[222.675s][info][gc,heap     ] GC(1191) Old regions: 61->61
[222.675s][info][gc,heap     ] GC(1191) Archive regions: 0->0
[222.675s][info][gc,heap     ] GC(1191) Humongous regions: 88->4
[222.675s][info][gc,metaspace] GC(1191) Metaspace: 37461K(37824K)->37461K(37824K) NonClass: 33456K(33664K)->33456K(33664K) Class: 4004K(4160K)->4004K(4160K)
[222.676s][info][gc          ] GC(1191) Pause Young (Concurrent Start) (GCLocker Initiated GC) 231M->65M(255M) 1.813ms
[222.676s][info][gc,cpu      ] GC(1191) User=0.00s Sys=0.00s Real=0.00s
[222.676s][info][gc          ] GC(1192) Concurrent Mark Cycle
[222.676s][info][gc,marking  ] GC(1192) Concurrent Clear Claimed Marks
[222.676s][info][gc,marking  ] GC(1192) Concurrent Clear Claimed Marks 0.026ms
[222.676s][info][gc,marking  ] GC(1192) Concurrent Scan Root Regions
[222.676s][info][gc,marking  ] GC(1192) Concurrent Scan Root Regions 0.621ms
[222.677s][info][gc,marking  ] GC(1192) Concurrent Mark
[222.677s][info][gc,marking  ] GC(1192) Concurrent Mark From Roots
[222.677s][info][gc,task     ] GC(1192) Using 2 workers of 2 for marking
[222.688s][info][gc,marking  ] GC(1192) Concurrent Mark From Roots 11.343ms
[222.688s][info][gc,marking  ] GC(1192) Concurrent Preclean
[222.688s][info][gc,marking  ] GC(1192) Concurrent Preclean 0.172ms
[222.688s][info][gc,start    ] GC(1192) Pause Remark
[222.691s][info][gc          ] GC(1192) Pause Remark 78M->78M(255M) 2.832ms
[222.692s][info][gc,cpu      ] GC(1192) User=0.00s Sys=0.00s Real=0.00s
[222.692s][info][gc,marking  ] GC(1192) Concurrent Mark 15.131ms
[222.692s][info][gc,marking  ] GC(1192) Concurrent Rebuild Remembered Sets
[222.698s][info][gc,marking  ] GC(1192) Concurrent Rebuild Remembered Sets 5.917ms
[222.698s][info][gc,start    ] GC(1192) Pause Cleanup
[222.698s][info][gc          ] GC(1192) Pause Cleanup 79M->79M(255M) 0.147ms
[222.698s][info][gc,cpu      ] GC(1192) User=0.00s Sys=0.00s Real=0.00s
[222.698s][info][gc,marking  ] GC(1192) Concurrent Cleanup for Next Mark
[222.698s][info][gc,marking  ] GC(1192) Concurrent Cleanup for Next Mark 0.197ms
[222.699s][info][gc          ] GC(1192) Concurrent Mark Cycle 22.711ms
[223.483s][info][gc,start    ] GC(1193) Pause Young (Prepare Mixed) (GCLocker Initiated GC)
[223.483s][info][gc,task     ] GC(1193) Using 6 workers of 6 for evacuation
[223.485s][info][gc,phases   ] GC(1193)   Pre Evacuate Collection Set: 0.2ms
[223.485s][info][gc,phases   ] GC(1193)   Merge Heap Roots: 0.1ms
[223.485s][info][gc,phases   ] GC(1193)   Evacuate Collection Set: 0.6ms
[223.485s][info][gc,phases   ] GC(1193)   Post Evacuate Collection Set: 0.6ms
[223.485s][info][gc,phases   ] GC(1193)   Other: 0.3ms
[223.485s][info][gc,heap     ] GC(1193) Eden regions: 86->0(10)
[223.485s][info][gc,heap     ] GC(1193) Survivor regions: 2->2(20)
[223.485s][info][gc,heap     ] GC(1193) Old regions: 61->61
[223.485s][info][gc,heap     ] GC(1193) Archive regions: 0->0
[223.485s][info][gc,heap     ] GC(1193) Humongous regions: 100->4
[223.485s][info][gc,metaspace] GC(1193) Metaspace: 37461K(37824K)->37461K(37824K) NonClass: 33456K(33664K)->33456K(33664K) Class: 4004K(4160K)->4004K(4160K)
[223.485s][info][gc          ] GC(1193) Pause Young (Prepare Mixed) (GCLocker Initiated GC) 247M->65M(255M) 1.638ms
[223.485s][info][gc,cpu      ] GC(1193) User=0.00s Sys=0.00s Real=0.00s
[223.600s][info][gc,start    ] GC(1194) Pause Young (Mixed) (GCLocker Initiated GC)
[223.600s][info][gc,task     ] GC(1194) Using 6 workers of 6 for evacuation
[223.602s][info][gc,phases   ] GC(1194)   Pre Evacuate Collection Set: 0.1ms
[223.602s][info][gc,phases   ] GC(1194)   Merge Heap Roots: 0.1ms
[223.602s][info][gc,phases   ] GC(1194)   Evacuate Collection Set: 0.6ms
[223.602s][info][gc,phases   ] GC(1194)   Post Evacuate Collection Set: 0.8ms
[223.602s][info][gc,phases   ] GC(1194)   Other: 0.3ms
[223.602s][info][gc,heap     ] GC(1194) Eden regions: 11->0(151)
[223.602s][info][gc,heap     ] GC(1194) Survivor regions: 2->1(2)
[223.602s][info][gc,heap     ] GC(1194) Old regions: 61->61
[223.602s][info][gc,heap     ] GC(1194) Archive regions: 0->0
[223.602s][info][gc,heap     ] GC(1194) Humongous regions: 28->8
[223.602s][info][gc,metaspace] GC(1194) Metaspace: 37461K(37824K)->37461K(37824K) NonClass: 33456K(33664K)->33456K(33664K) Class: 4004K(4160K)->4004K(4160K)
[223.602s][info][gc          ] GC(1194) Pause Young (Mixed) (GCLocker Initiated GC) 99M->68M(255M) 1.959ms
[223.602s][info][gc,cpu      ] GC(1194) User=0.00s Sys=0.00s Real=0.00s
[224.401s][info][gc,start    ] GC(1195) Pause Young (Concurrent Start) (GCLocker Initiated GC)
[224.401s][info][gc,task     ] GC(1195) Using 6 workers of 6 for evacuation
[224.404s][info][gc,phases   ] GC(1195)   Pre Evacuate Collection Set: 0.2ms
[224.404s][info][gc,phases   ] GC(1195)   Merge Heap Roots: 0.1ms
[224.404s][info][gc,phases   ] GC(1195)   Evacuate Collection Set: 1.0ms
[224.404s][info][gc,phases   ] GC(1195)   Post Evacuate Collection Set: 0.7ms
[224.404s][info][gc,phases   ] GC(1195)   Other: 0.4ms
[224.404s][info][gc,heap     ] GC(1195) Eden regions: 90->0(151)
[224.404s][info][gc,heap     ] GC(1195) Survivor regions: 1->2(19)
[224.404s][info][gc,heap     ] GC(1195) Old regions: 61->61
[224.404s][info][gc,heap     ] GC(1195) Archive regions: 0->0
[224.404s][info][gc,heap     ] GC(1195) Humongous regions: 92->4
[224.404s][info][gc,metaspace] GC(1195) Metaspace: 37462K(37824K)->37462K(37824K) NonClass: 33457K(33664K)->33457K(33664K) Class: 4004K(4160K)->4004K(4160K)
[224.404s][info][gc          ] GC(1195) Pause Young (Concurrent Start) (GCLocker Initiated GC) 242M->65M(255M) 2.224ms
[224.404s][info][gc,cpu      ] GC(1195) User=0.00s Sys=0.00s Real=0.00s
[224.404s][info][gc          ] GC(1196) Concurrent Mark Cycle
[224.404s][info][gc,marking  ] GC(1196) Concurrent Clear Claimed Marks
[224.404s][info][gc,marking  ] GC(1196) Concurrent Clear Claimed Marks 0.044ms
[224.404s][info][gc,marking  ] GC(1196) Concurrent Scan Root Regions
[224.405s][info][gc,marking  ] GC(1196) Concurrent Scan Root Regions 0.720ms
[224.405s][info][gc,marking  ] GC(1196) Concurrent Mark
[224.405s][info][gc,marking  ] GC(1196) Concurrent Mark From Roots
[224.405s][info][gc,task     ] GC(1196) Using 2 workers of 2 for marking
[224.419s][info][gc,marking  ] GC(1196) Concurrent Mark From Roots 14.055ms
[224.419s][info][gc,marking  ] GC(1196) Concurrent Preclean
[224.419s][info][gc,marking  ] GC(1196) Concurrent Preclean 0.279ms
[224.420s][info][gc,start    ] GC(1196) Pause Remark
[224.426s][info][gc          ] GC(1196) Pause Remark 78M->78M(255M) 5.985ms
[224.426s][info][gc,cpu      ] GC(1196) User=0.00s Sys=0.00s Real=0.01s
[224.428s][info][gc,marking  ] GC(1196) Concurrent Mark 23.412ms
[224.428s][info][gc,marking  ] GC(1196) Concurrent Rebuild Remembered Sets
[224.434s][info][gc,marking  ] GC(1196) Concurrent Rebuild Remembered Sets 5.727ms
[224.434s][info][gc,start    ] GC(1196) Pause Cleanup
[224.434s][info][gc          ] GC(1196) Pause Cleanup 79M->79M(255M) 0.120ms
[224.435s][info][gc,cpu      ] GC(1196) User=0.00s Sys=0.00s Real=0.00s
[224.435s][info][gc,marking  ] GC(1196) Concurrent Cleanup for Next Mark
[224.435s][info][gc,marking  ] GC(1196) Concurrent Cleanup for Next Mark 0.132ms
[224.435s][info][gc          ] GC(1196) Concurrent Mark Cycle 30.905ms
[225.230s][info][gc,start    ] GC(1197) Pause Young (Prepare Mixed) (GCLocker Initiated GC)
[225.231s][info][gc,task     ] GC(1197) Using 6 workers of 6 for evacuation
[225.232s][info][gc,phases   ] GC(1197)   Pre Evacuate Collection Set: 0.1ms
[225.232s][info][gc,phases   ] GC(1197)   Merge Heap Roots: 0.0ms
[225.232s][info][gc,phases   ] GC(1197)   Evacuate Collection Set: 0.6ms
[225.232s][info][gc,phases   ] GC(1197)   Post Evacuate Collection Set: 0.5ms
[225.232s][info][gc,phases   ] GC(1197)   Other: 0.5ms
[225.232s][info][gc,heap     ] GC(1197) Eden regions: 86->0(10)
[225.232s][info][gc,heap     ] GC(1197) Survivor regions: 2->2(20)
[225.232s][info][gc,heap     ] GC(1197) Old regions: 61->61
[225.232s][info][gc,heap     ] GC(1197) Archive regions: 0->0
[225.232s][info][gc,heap     ] GC(1197) Humongous regions: 100->4
[225.232s][info][gc,metaspace] GC(1197) Metaspace: 37462K(37824K)->37462K(37824K) NonClass: 33457K(33664K)->33457K(33664K) Class: 4004K(4160K)->4004K(4160K)
[225.232s][info][gc          ] GC(1197) Pause Young (Prepare Mixed) (GCLocker Initiated GC) 247M->66M(255M) 1.699ms
[225.233s][info][gc,cpu      ] GC(1197) User=0.00s Sys=0.00s Real=0.00s
[225.324s][info][gc,start    ] GC(1198) Pause Young (Mixed) (GCLocker Initiated GC)
[225.324s][info][gc,task     ] GC(1198) Using 6 workers of 6 for evacuation
[225.325s][info][gc,phases   ] GC(1198)   Pre Evacuate Collection Set: 0.1ms
[225.325s][info][gc,phases   ] GC(1198)   Merge Heap Roots: 0.1ms
[225.325s][info][gc,phases   ] GC(1198)   Evacuate Collection Set: 0.6ms
[225.325s][info][gc,phases   ] GC(1198)   Post Evacuate Collection Set: 0.6ms
[225.325s][info][gc,phases   ] GC(1198)   Other: 0.3ms
[225.325s][info][gc,heap     ] GC(1198) Eden regions: 10->0(152)
[225.325s][info][gc,heap     ] GC(1198) Survivor regions: 2->1(2)
[225.325s][info][gc,heap     ] GC(1198) Old regions: 61->62
[225.325s][info][gc,heap     ] GC(1198) Archive regions: 0->0
[225.325s][info][gc,heap     ] GC(1198) Humongous regions: 16->4
[225.325s][info][gc,metaspace] GC(1198) Metaspace: 37462K(37824K)->37462K(37824K) NonClass: 33457K(33664K)->33457K(33664K) Class: 4004K(4160K)->4004K(4160K)
[225.325s][info][gc          ] GC(1198) Pause Young (Mixed) (GCLocker Initiated GC) 88M->65M(255M) 1.751ms
[225.326s][info][gc,cpu      ] GC(1198) User=0.00s Sys=0.00s Real=0.00s
[226.042s][info][gc,start    ] GC(1199) Pause Young (Concurrent Start) (GCLocker Initiated GC)
[226.042s][info][gc,task     ] GC(1199) Using 6 workers of 6 for evacuation
[226.044s][info][gc,phases   ] GC(1199)   Pre Evacuate Collection Set: 0.2ms
[226.044s][info][gc,phases   ] GC(1199)   Merge Heap Roots: 0.1ms
[226.044s][info][gc,phases   ] GC(1199)   Evacuate Collection Set: 0.8ms
[226.044s][info][gc,phases   ] GC(1199)   Post Evacuate Collection Set: 0.5ms
[226.044s][info][gc,phases   ] GC(1199)   Other: 0.3ms
[226.044s][info][gc,heap     ] GC(1199) Eden regions: 82->0(150)
[226.044s][info][gc,heap     ] GC(1199) Survivor regions: 1->2(20)
[226.044s][info][gc,heap     ] GC(1199) Old regions: 62->62
[226.044s][info][gc,heap     ] GC(1199) Archive regions: 0->0
[226.044s][info][gc,heap     ] GC(1199) Humongous regions: 96->8
[226.044s][info][gc,metaspace] GC(1199) Metaspace: 37464K(37824K)->37464K(37824K) NonClass: 33460K(33664K)->33460K(33664K) Class: 4004K(4160K)->4004K(4160K)
[226.044s][info][gc          ] GC(1199) Pause Young (Concurrent Start) (GCLocker Initiated GC) 239M->70M(255M) 1.865ms
[226.044s][info][gc,cpu      ] GC(1199) User=0.00s Sys=0.00s Real=0.00s
[226.044s][info][gc          ] GC(1200) Concurrent Mark Cycle
[226.044s][info][gc,marking  ] GC(1200) Concurrent Clear Claimed Marks
[226.044s][info][gc,marking  ] GC(1200) Concurrent Clear Claimed Marks 0.024ms
[226.044s][info][gc,marking  ] GC(1200) Concurrent Scan Root Regions
[226.045s][info][gc,marking  ] GC(1200) Concurrent Scan Root Regions 0.578ms
[226.045s][info][gc,marking  ] GC(1200) Concurrent Mark
[226.045s][info][gc,marking  ] GC(1200) Concurrent Mark From Roots
[226.045s][info][gc,task     ] GC(1200) Using 2 workers of 2 for marking
[226.056s][info][gc,marking  ] GC(1200) Concurrent Mark From Roots 10.740ms
[226.056s][info][gc,marking  ] GC(1200) Concurrent Preclean
[226.056s][info][gc,marking  ] GC(1200) Concurrent Preclean 0.185ms
[226.056s][info][gc,start    ] GC(1200) Pause Remark
[226.059s][info][gc          ] GC(1200) Pause Remark 76M->76M(255M) 2.516ms
[226.059s][info][gc,cpu      ] GC(1200) User=0.00s Sys=0.00s Real=0.00s
[226.059s][info][gc,marking  ] GC(1200) Concurrent Mark 14.508ms
[226.059s][info][gc,marking  ] GC(1200) Concurrent Rebuild Remembered Sets
[226.066s][info][gc,marking  ] GC(1200) Concurrent Rebuild Remembered Sets 6.279ms
[226.066s][info][gc,start    ] GC(1200) Pause Cleanup
[226.066s][info][gc          ] GC(1200) Pause Cleanup 77M->77M(255M) 0.143ms
[226.066s][info][gc,cpu      ] GC(1200) User=0.00s Sys=0.00s Real=0.00s
[226.066s][info][gc,marking  ] GC(1200) Concurrent Cleanup for Next Mark
[226.067s][info][gc,marking  ] GC(1200) Concurrent Cleanup for Next Mark 0.124ms
[226.067s][info][gc          ] GC(1200) Concurrent Mark Cycle 22.422ms
[226.796s][info][gc,start    ] GC(1201) Pause Young (Prepare Mixed) (GCLocker Initiated GC)
[226.796s][info][gc,task     ] GC(1201) Using 6 workers of 6 for evacuation
[226.798s][info][gc,phases   ] GC(1201)   Pre Evacuate Collection Set: 0.1ms
[226.798s][info][gc,phases   ] GC(1201)   Merge Heap Roots: 0.1ms
[226.798s][info][gc,phases   ] GC(1201)   Evacuate Collection Set: 0.9ms
[226.798s][info][gc,phases   ] GC(1201)   Post Evacuate Collection Set: 0.7ms
[226.798s][info][gc,phases   ] GC(1201)   Other: 0.3ms
[226.798s][info][gc,heap     ] GC(1201) Eden regions: 91->0(9)
[226.798s][info][gc,heap     ] GC(1201) Survivor regions: 2->3(19)
[226.798s][info][gc,heap     ] GC(1201) Old regions: 62->62
[226.798s][info][gc,heap     ] GC(1201) Archive regions: 0->0
[226.798s][info][gc,heap     ] GC(1201) Humongous regions: 96->4
[226.798s][info][gc,metaspace] GC(1201) Metaspace: 37467K(37824K)->37467K(37824K) NonClass: 33463K(33664K)->33463K(33664K) Class: 4004K(4160K)->4004K(4160K)
[226.798s][info][gc          ] GC(1201) Pause Young (Prepare Mixed) (GCLocker Initiated GC) 248M->67M(255M) 2.095ms
[226.799s][info][gc,cpu      ] GC(1201) User=0.00s Sys=0.00s Real=0.00s
[226.879s][info][gc,start    ] GC(1202) Pause Young (Mixed) (GCLocker Initiated GC)
[226.879s][info][gc,task     ] GC(1202) Using 6 workers of 6 for evacuation
[226.881s][info][gc,phases   ] GC(1202)   Pre Evacuate Collection Set: 0.2ms
[226.881s][info][gc,phases   ] GC(1202)   Merge Heap Roots: 0.1ms
[226.881s][info][gc,phases   ] GC(1202)   Evacuate Collection Set: 0.7ms
[226.881s][info][gc,phases   ] GC(1202)   Post Evacuate Collection Set: 0.7ms
[226.881s][info][gc,phases   ] GC(1202)   Other: 0.3ms
[226.881s][info][gc,heap     ] GC(1202) Eden regions: 10->0(152)
[226.881s][info][gc,heap     ] GC(1202) Survivor regions: 3->1(2)
[226.881s][info][gc,heap     ] GC(1202) Old regions: 62->62
[226.881s][info][gc,heap     ] GC(1202) Archive regions: 0->0
[226.881s][info][gc,heap     ] GC(1202) Humongous regions: 16->4
[226.881s][info][gc,metaspace] GC(1202) Metaspace: 37467K(37824K)->37467K(37824K) NonClass: 33463K(33664K)->33463K(33664K) Class: 4004K(4160K)->4004K(4160K)
[226.881s][info][gc          ] GC(1202) Pause Young (Mixed) (GCLocker Initiated GC) 89M->65M(255M) 1.924ms
[226.881s][info][gc,cpu      ] GC(1202) User=0.02s Sys=0.00s Real=0.00s
[227.678s][info][gc,start    ] GC(1203) Pause Young (Normal) (G1 Preventive Collection)
[227.678s][info][gc,task     ] GC(1203) Using 6 workers of 6 for evacuation
[227.680s][info][gc,phases   ] GC(1203)   Pre Evacuate Collection Set: 0.2ms
[227.680s][info][gc,phases   ] GC(1203)   Merge Heap Roots: 0.0ms
[227.680s][info][gc,phases   ] GC(1203)   Evacuate Collection Set: 0.6ms
[227.680s][info][gc,phases   ] GC(1203)   Post Evacuate Collection Set: 0.6ms
[227.680s][info][gc,phases   ] GC(1203)   Other: 0.4ms
[227.680s][info][gc,heap     ] GC(1203) Eden regions: 89->0(151)
[227.680s][info][gc,heap     ] GC(1203) Survivor regions: 1->2(20)
[227.680s][info][gc,heap     ] GC(1203) Old regions: 62->62
[227.680s][info][gc,heap     ] GC(1203) Archive regions: 0->0
[227.680s][info][gc,heap     ] GC(1203) Humongous regions: 100->4
[227.680s][info][gc,metaspace] GC(1203) Metaspace: 37467K(37824K)->37467K(37824K) NonClass: 33463K(33664K)->33463K(33664K) Class: 4004K(4160K)->4004K(4160K)
[227.680s][info][gc          ] GC(1203) Pause Young (Normal) (G1 Preventive Collection) 250M->67M(255M) 1.796ms
[227.680s][info][gc,cpu      ] GC(1203) User=0.00s Sys=0.00s Real=0.00s
[227.753s][info][gc,start    ] GC(1204) Pause Young (Concurrent Start) (GCLocker Initiated GC)
[227.754s][info][gc,task     ] GC(1204) Using 6 workers of 6 for evacuation
[227.755s][info][gc,phases   ] GC(1204)   Pre Evacuate Collection Set: 0.2ms
[227.755s][info][gc,phases   ] GC(1204)   Merge Heap Roots: 0.1ms
[227.755s][info][gc,phases   ] GC(1204)   Evacuate Collection Set: 0.8ms
[227.755s][info][gc,phases   ] GC(1204)   Post Evacuate Collection Set: 0.5ms
[227.755s][info][gc,phases   ] GC(1204)   Other: 0.3ms
[227.755s][info][gc,heap     ] GC(1204) Eden regions: 5->0(151)
[227.755s][info][gc,heap     ] GC(1204) Survivor regions: 2->2(20)
[227.755s][info][gc,heap     ] GC(1204) Old regions: 62->62
[227.755s][info][gc,heap     ] GC(1204) Archive regions: 0->0
[227.755s][info][gc,heap     ] GC(1204) Humongous regions: 4->4
[227.755s][info][gc,metaspace] GC(1204) Metaspace: 37467K(37824K)->37467K(37824K) NonClass: 33463K(33664K)->33463K(33664K) Class: 4004K(4160K)->4004K(4160K)
[227.755s][info][gc          ] GC(1204) Pause Young (Concurrent Start) (GCLocker Initiated GC) 71M->66M(255M) 1.843ms
[227.755s][info][gc,cpu      ] GC(1204) User=0.05s Sys=0.00s Real=0.00s
[227.756s][info][gc          ] GC(1205) Concurrent Mark Cycle
[227.756s][info][gc,marking  ] GC(1205) Concurrent Clear Claimed Marks
[227.756s][info][gc,marking  ] GC(1205) Concurrent Clear Claimed Marks 0.023ms
[227.756s][info][gc,marking  ] GC(1205) Concurrent Scan Root Regions
[227.756s][info][gc,marking  ] GC(1205) Concurrent Scan Root Regions 0.463ms
[227.756s][info][gc,marking  ] GC(1205) Concurrent Mark
[227.756s][info][gc,marking  ] GC(1205) Concurrent Mark From Roots
[227.756s][info][gc,task     ] GC(1205) Using 2 workers of 2 for marking
[227.767s][info][gc,marking  ] GC(1205) Concurrent Mark From Roots 11.051ms
[227.767s][info][gc,marking  ] GC(1205) Concurrent Preclean
[227.767s][info][gc,marking  ] GC(1205) Concurrent Preclean 0.142ms
[227.768s][info][gc,start    ] GC(1205) Pause Remark
[227.770s][info][gc          ] GC(1205) Pause Remark 82M->82M(255M) 2.350ms
[227.770s][info][gc,cpu      ] GC(1205) User=0.00s Sys=0.00s Real=0.00s
[227.770s][info][gc,marking  ] GC(1205) Concurrent Mark 14.287ms
[227.770s][info][gc,marking  ] GC(1205) Concurrent Rebuild Remembered Sets
[227.775s][info][gc,marking  ] GC(1205) Concurrent Rebuild Remembered Sets 5.123ms
[227.776s][info][gc,start    ] GC(1205) Pause Cleanup
[227.776s][info][gc          ] GC(1205) Pause Cleanup 83M->83M(255M) 0.112ms
[227.776s][info][gc,cpu      ] GC(1205) User=0.00s Sys=0.00s Real=0.00s
[227.777s][info][gc,marking  ] GC(1205) Concurrent Cleanup for Next Mark
[227.778s][info][gc,marking  ] GC(1205) Concurrent Cleanup for Next Mark 0.172ms
[227.778s][info][gc          ] GC(1205) Concurrent Mark Cycle 22.018ms
[228.567s][info][gc,start    ] GC(1206) Pause Young (Prepare Mixed) (GCLocker Initiated GC)
[228.567s][info][gc,task     ] GC(1206) Using 6 workers of 6 for evacuation
[228.569s][info][gc,phases   ] GC(1206)   Pre Evacuate Collection Set: 0.2ms
[228.569s][info][gc,phases   ] GC(1206)   Merge Heap Roots: 0.1ms
[228.569s][info][gc,phases   ] GC(1206)   Evacuate Collection Set: 0.6ms
[228.569s][info][gc,phases   ] GC(1206)   Post Evacuate Collection Set: 0.5ms
[228.569s][info][gc,phases   ] GC(1206)   Other: 0.3ms
[228.569s][info][gc,heap     ] GC(1206) Eden regions: 85->0(10)
[228.569s][info][gc,heap     ] GC(1206) Survivor regions: 2->2(20)
[228.569s][info][gc,heap     ] GC(1206) Old regions: 62->62
[228.569s][info][gc,heap     ] GC(1206) Archive regions: 0->0
[228.569s][info][gc,heap     ] GC(1206) Humongous regions: 100->4
[228.569s][info][gc,metaspace] GC(1206) Metaspace: 37475K(37824K)->37475K(37824K) NonClass: 33470K(33664K)->33470K(33664K) Class: 4004K(4160K)->4004K(4160K)
[228.569s][info][gc          ] GC(1206) Pause Young (Prepare Mixed) (GCLocker Initiated GC) 247M->66M(255M) 1.604ms
[228.569s][info][gc,cpu      ] GC(1206) User=0.03s Sys=0.00s Real=0.00s
[228.598s][info][gc,start    ] GC(1207) Pause Young (Mixed) (GCLocker Initiated GC)
[228.598s][info][gc,task     ] GC(1207) Using 6 workers of 6 for evacuation
[228.600s][info][gc,phases   ] GC(1207)   Pre Evacuate Collection Set: 0.2ms
[228.600s][info][gc,phases   ] GC(1207)   Merge Heap Roots: 0.0ms
[228.600s][info][gc,phases   ] GC(1207)   Evacuate Collection Set: 0.7ms
[228.600s][info][gc,phases   ] GC(1207)   Post Evacuate Collection Set: 0.7ms
[228.600s][info][gc,phases   ] GC(1207)   Other: 0.4ms
[228.600s][info][gc,heap     ] GC(1207) Eden regions: 10->0(152)
[228.600s][info][gc,heap     ] GC(1207) Survivor regions: 2->1(2)
[228.600s][info][gc,heap     ] GC(1207) Old regions: 62->62
[228.600s][info][gc,heap     ] GC(1207) Archive regions: 0->0
[228.600s][info][gc,heap     ] GC(1207) Humongous regions: 16->4
[228.600s][info][gc,metaspace] GC(1207) Metaspace: 37475K(37824K)->37475K(37824K) NonClass: 33470K(33664K)->33470K(33664K) Class: 4004K(4160K)->4004K(4160K)
[228.600s][info][gc          ] GC(1207) Pause Young (Mixed) (GCLocker Initiated GC) 88M->66M(255M) 1.941ms
[228.600s][info][gc,cpu      ] GC(1207) User=0.06s Sys=0.00s Real=0.00s
[229.416s][info][gc,start    ] GC(1208) Pause Young (Normal) (GCLocker Initiated GC)
[229.416s][info][gc,task     ] GC(1208) Using 6 workers of 6 for evacuation
[229.418s][info][gc,phases   ] GC(1208)   Pre Evacuate Collection Set: 0.1ms
[229.418s][info][gc,phases   ] GC(1208)   Merge Heap Roots: 0.0ms
[229.418s][info][gc,phases   ] GC(1208)   Evacuate Collection Set: 0.8ms
[229.418s][info][gc,phases   ] GC(1208)   Post Evacuate Collection Set: 0.5ms
[229.418s][info][gc,phases   ] GC(1208)   Other: 0.4ms
[229.418s][info][gc,heap     ] GC(1208) Eden regions: 93->0(153)
[229.418s][info][gc,heap     ] GC(1208) Survivor regions: 1->2(20)
[229.418s][info][gc,heap     ] GC(1208) Old regions: 62->62
[229.418s][info][gc,heap     ] GC(1208) Archive regions: 0->0
[229.418s][info][gc,heap     ] GC(1208) Humongous regions: 100->4
[229.418s][info][gc,metaspace] GC(1208) Metaspace: 37475K(37824K)->37475K(37824K) NonClass: 33470K(33664K)->33470K(33664K) Class: 4004K(4160K)->4004K(4160K)
[229.418s][info][gc          ] GC(1208) Pause Young (Normal) (GCLocker Initiated GC) 254M->67M(259M) 1.738ms
[229.418s][info][gc,cpu      ] GC(1208) User=0.00s Sys=0.00s Real=0.00s
[229.492s][info][gc,start    ] GC(1209) Pause Young (Concurrent Start) (GCLocker Initiated GC)
[229.492s][info][gc,task     ] GC(1209) Using 6 workers of 6 for evacuation
[229.494s][info][gc,phases   ] GC(1209)   Pre Evacuate Collection Set: 0.1ms
[229.494s][info][gc,phases   ] GC(1209)   Merge Heap Roots: 0.2ms
[229.494s][info][gc,phases   ] GC(1209)   Evacuate Collection Set: 1.0ms
[229.494s][info][gc,phases   ] GC(1209)   Post Evacuate Collection Set: 0.4ms
[229.494s][info][gc,phases   ] GC(1209)   Other: 0.3ms
[229.494s][info][gc,heap     ] GC(1209) Eden regions: 3->0(154)
[229.494s][info][gc,heap     ] GC(1209) Survivor regions: 2->1(20)
[229.494s][info][gc,heap     ] GC(1209) Old regions: 62->62
[229.494s][info][gc,heap     ] GC(1209) Archive regions: 0->0
[229.494s][info][gc,heap     ] GC(1209) Humongous regions: 4->4
[229.494s][info][gc,metaspace] GC(1209) Metaspace: 37475K(37824K)->37475K(37824K) NonClass: 33470K(33664K)->33470K(33664K) Class: 4004K(4160K)->4004K(4160K)
[229.494s][info][gc          ] GC(1209) Pause Young (Concurrent Start) (GCLocker Initiated GC) 69M->66M(259M) 1.903ms
[229.494s][info][gc,cpu      ] GC(1209) User=0.00s Sys=0.00s Real=0.00s
[229.494s][info][gc          ] GC(1210) Concurrent Mark Cycle
[229.494s][info][gc,marking  ] GC(1210) Concurrent Clear Claimed Marks
[229.494s][info][gc,marking  ] GC(1210) Concurrent Clear Claimed Marks 0.025ms
[229.494s][info][gc,marking  ] GC(1210) Concurrent Scan Root Regions
[229.495s][info][gc,marking  ] GC(1210) Concurrent Scan Root Regions 0.461ms
[229.495s][info][gc,marking  ] GC(1210) Concurrent Mark
[229.495s][info][gc,marking  ] GC(1210) Concurrent Mark From Roots
[229.495s][info][gc,task     ] GC(1210) Using 2 workers of 2 for marking
[229.505s][info][gc,marking  ] GC(1210) Concurrent Mark From Roots 10.662ms
[229.505s][info][gc,marking  ] GC(1210) Concurrent Preclean
[229.506s][info][gc,marking  ] GC(1210) Concurrent Preclean 0.225ms
[229.506s][info][gc,start    ] GC(1210) Pause Remark
[229.508s][info][gc          ] GC(1210) Pause Remark 79M->79M(259M) 2.152ms
[229.508s][info][gc,cpu      ] GC(1210) User=0.00s Sys=0.00s Real=0.00s
[229.508s][info][gc,marking  ] GC(1210) Concurrent Mark 13.758ms
[229.509s][info][gc,marking  ] GC(1210) Concurrent Rebuild Remembered Sets
[229.514s][info][gc,marking  ] GC(1210) Concurrent Rebuild Remembered Sets 5.780ms
[229.515s][info][gc,start    ] GC(1210) Pause Cleanup
[229.515s][info][gc          ] GC(1210) Pause Cleanup 80M->80M(259M) 0.110ms
[229.515s][info][gc,cpu      ] GC(1210) User=0.00s Sys=0.00s Real=0.00s
[229.515s][info][gc,marking  ] GC(1210) Concurrent Cleanup for Next Mark
[229.515s][info][gc,marking  ] GC(1210) Concurrent Cleanup for Next Mark 0.122ms
[229.515s][info][gc          ] GC(1210) Concurrent Mark Cycle 20.897ms
[230.302s][info][gc,start    ] GC(1211) Pause Young (Prepare Mixed) (GCLocker Initiated GC)
[230.302s][info][gc,task     ] GC(1211) Using 6 workers of 6 for evacuation
[230.303s][info][gc,phases   ] GC(1211)   Pre Evacuate Collection Set: 0.2ms
[230.303s][info][gc,phases   ] GC(1211)   Merge Heap Roots: 0.0ms
[230.303s][info][gc,phases   ] GC(1211)   Evacuate Collection Set: 0.6ms
[230.303s][info][gc,phases   ] GC(1211)   Post Evacuate Collection Set: 0.5ms
[230.303s][info][gc,phases   ] GC(1211)   Other: 0.4ms
[230.303s][info][gc,heap     ] GC(1211) Eden regions: 87->0(10)
[230.303s][info][gc,heap     ] GC(1211) Survivor regions: 1->2(20)
[230.303s][info][gc,heap     ] GC(1211) Old regions: 62->62
[230.303s][info][gc,heap     ] GC(1211) Archive regions: 0->0
[230.303s][info][gc,heap     ] GC(1211) Humongous regions: 104->8
[230.303s][info][gc,metaspace] GC(1211) Metaspace: 37479K(37824K)->37479K(37824K) NonClass: 33474K(33664K)->33474K(33664K) Class: 4004K(4160K)->4004K(4160K)
[230.303s][info][gc          ] GC(1211) Pause Young (Prepare Mixed) (GCLocker Initiated GC) 252M->71M(259M) 1.641ms
[230.304s][info][gc,cpu      ] GC(1211) User=0.00s Sys=0.00s Real=0.00s
[230.383s][info][gc,start    ] GC(1212) Pause Young (Mixed) (GCLocker Initiated GC)
[230.383s][info][gc,task     ] GC(1212) Using 6 workers of 6 for evacuation
[230.385s][info][gc,phases   ] GC(1212)   Pre Evacuate Collection Set: 0.2ms
[230.385s][info][gc,phases   ] GC(1212)   Merge Heap Roots: 0.1ms
[230.385s][info][gc,phases   ] GC(1212)   Evacuate Collection Set: 0.8ms
[230.385s][info][gc,phases   ] GC(1212)   Post Evacuate Collection Set: 0.7ms
[230.385s][info][gc,phases   ] GC(1212)   Other: 0.4ms
[230.385s][info][gc,heap     ] GC(1212) Eden regions: 10->0(154)
[230.385s][info][gc,heap     ] GC(1212) Survivor regions: 2->1(2)
[230.385s][info][gc,heap     ] GC(1212) Old regions: 62->63
[230.385s][info][gc,heap     ] GC(1212) Archive regions: 0->0
[230.385s][info][gc,heap     ] GC(1212) Humongous regions: 16->4
[230.385s][info][gc,metaspace] GC(1212) Metaspace: 37479K(37824K)->37479K(37824K) NonClass: 33474K(33664K)->33474K(33664K) Class: 4004K(4160K)->4004K(4160K)
[230.385s][info][gc          ] GC(1212) Pause Young (Mixed) (GCLocker Initiated GC) 89M->66M(259M) 2.084ms
[230.385s][info][gc,cpu      ] GC(1212) User=0.00s Sys=0.00s Real=0.00s
[231.185s][info][gc,start    ] GC(1213) Pause Young (Normal) (GCLocker Initiated GC)
[231.185s][info][gc,task     ] GC(1213) Using 6 workers of 6 for evacuation
[231.187s][info][gc,phases   ] GC(1213)   Pre Evacuate Collection Set: 0.1ms
[231.187s][info][gc,phases   ] GC(1213)   Merge Heap Roots: 0.0ms
[231.187s][info][gc,phases   ] GC(1213)   Evacuate Collection Set: 0.6ms
[231.187s][info][gc,phases   ] GC(1213)   Post Evacuate Collection Set: 0.5ms
[231.187s][info][gc,phases   ] GC(1213)   Other: 0.3ms
[231.187s][info][gc,heap     ] GC(1213) Eden regions: 92->0(153)
[231.187s][info][gc,heap     ] GC(1213) Survivor regions: 1->2(20)
[231.187s][info][gc,heap     ] GC(1213) Old regions: 63->63
[231.187s][info][gc,heap     ] GC(1213) Archive regions: 0->0
[231.187s][info][gc,heap     ] GC(1213) Humongous regions: 100->4
[231.187s][info][gc,metaspace] GC(1213) Metaspace: 37479K(37824K)->37479K(37824K) NonClass: 33474K(33664K)->33474K(33664K) Class: 4004K(4160K)->4004K(4160K)
[231.187s][info][gc          ] GC(1213) Pause Young (Normal) (GCLocker Initiated GC) 254M->67M(259M) 1.483ms
[231.187s][info][gc,cpu      ] GC(1213) User=0.00s Sys=0.00s Real=0.00s
[231.212s][info][gc,start    ] GC(1214) Pause Young (Concurrent Start) (GCLocker Initiated GC)
[231.212s][info][gc,task     ] GC(1214) Using 6 workers of 6 for evacuation
[231.214s][info][gc,phases   ] GC(1214)   Pre Evacuate Collection Set: 0.2ms
[231.214s][info][gc,phases   ] GC(1214)   Merge Heap Roots: 0.1ms
[231.214s][info][gc,phases   ] GC(1214)   Evacuate Collection Set: 0.9ms
[231.214s][info][gc,phases   ] GC(1214)   Post Evacuate Collection Set: 0.6ms
[231.214s][info][gc,phases   ] GC(1214)   Other: 0.4ms
[231.214s][info][gc,heap     ] GC(1214) Eden regions: 4->0(154)
[231.214s][info][gc,heap     ] GC(1214) Survivor regions: 2->1(20)
[231.214s][info][gc,heap     ] GC(1214) Old regions: 63->63
[231.214s][info][gc,heap     ] GC(1214) Archive regions: 0->0
[231.214s][info][gc,heap     ] GC(1214) Humongous regions: 4->4
[231.214s][info][gc,metaspace] GC(1214) Metaspace: 37479K(37824K)->37479K(37824K) NonClass: 33474K(33664K)->33474K(33664K) Class: 4004K(4160K)->4004K(4160K)
[231.214s][info][gc          ] GC(1214) Pause Young (Concurrent Start) (GCLocker Initiated GC) 71M->66M(259M) 2.140ms
[231.214s][info][gc,cpu      ] GC(1214) User=0.00s Sys=0.00s Real=0.00s
[231.214s][info][gc          ] GC(1215) Concurrent Mark Cycle
[231.214s][info][gc,marking  ] GC(1215) Concurrent Clear Claimed Marks
[231.214s][info][gc,marking  ] GC(1215) Concurrent Clear Claimed Marks 0.025ms
[231.214s][info][gc,marking  ] GC(1215) Concurrent Scan Root Regions
[231.215s][info][gc,marking  ] GC(1215) Concurrent Scan Root Regions 0.566ms
[231.215s][info][gc,marking  ] GC(1215) Concurrent Mark
[231.215s][info][gc,marking  ] GC(1215) Concurrent Mark From Roots
[231.215s][info][gc,task     ] GC(1215) Using 2 workers of 2 for marking
[231.227s][info][gc,marking  ] GC(1215) Concurrent Mark From Roots 11.755ms
[231.227s][info][gc,marking  ] GC(1215) Concurrent Preclean
[231.227s][info][gc,marking  ] GC(1215) Concurrent Preclean 0.287ms
[231.227s][info][gc,start    ] GC(1215) Pause Remark
[231.230s][info][gc          ] GC(1215) Pause Remark 80M->80M(259M) 2.352ms
[231.230s][info][gc,cpu      ] GC(1215) User=0.00s Sys=0.00s Real=0.00s
[231.230s][info][gc,marking  ] GC(1215) Concurrent Mark 15.205ms
[231.230s][info][gc,marking  ] GC(1215) Concurrent Rebuild Remembered Sets
[231.236s][info][gc,marking  ] GC(1215) Concurrent Rebuild Remembered Sets 5.777ms
[231.236s][info][gc,start    ] GC(1215) Pause Cleanup
[231.236s][info][gc          ] GC(1215) Pause Cleanup 81M->81M(259M) 0.138ms
[231.236s][info][gc,cpu      ] GC(1215) User=0.00s Sys=0.00s Real=0.00s
[231.237s][info][gc,marking  ] GC(1215) Concurrent Cleanup for Next Mark
[231.237s][info][gc,marking  ] GC(1215) Concurrent Cleanup for Next Mark 0.151ms
[231.237s][info][gc          ] GC(1215) Concurrent Mark Cycle 22.576ms
[232.064s][info][gc,start    ] GC(1216) Pause Young (Prepare Mixed) (G1 Preventive Collection)
[232.064s][info][gc,task     ] GC(1216) Using 6 workers of 6 for evacuation
[232.066s][info][gc,phases   ] GC(1216)   Pre Evacuate Collection Set: 0.2ms
[232.066s][info][gc,phases   ] GC(1216)   Merge Heap Roots: 0.1ms
[232.066s][info][gc,phases   ] GC(1216)   Evacuate Collection Set: 0.6ms
[232.066s][info][gc,phases   ] GC(1216)   Post Evacuate Collection Set: 0.7ms
[232.066s][info][gc,phases   ] GC(1216)   Other: 0.3ms
[232.066s][info][gc,heap     ] GC(1216) Eden regions: 86->0(10)
[232.066s][info][gc,heap     ] GC(1216) Survivor regions: 1->2(20)
[232.066s][info][gc,heap     ] GC(1216) Old regions: 63->63
[232.066s][info][gc,heap     ] GC(1216) Archive regions: 0->0
[232.066s][info][gc,heap     ] GC(1216) Humongous regions: 104->8
[232.066s][info][gc,metaspace] GC(1216) Metaspace: 37479K(37824K)->37479K(37824K) NonClass: 33474K(33664K)->33474K(33664K) Class: 4004K(4160K)->4004K(4160K)
[232.066s][info][gc          ] GC(1216) Pause Young (Prepare Mixed) (G1 Preventive Collection) 252M->71M(259M) 1.871ms
[232.066s][info][gc,cpu      ] GC(1216) User=0.00s Sys=0.00s Real=0.00s
[232.177s][info][gc,start    ] GC(1217) Pause Young (Mixed) (G1 Evacuation Pause)
[232.177s][info][gc,task     ] GC(1217) Using 6 workers of 6 for evacuation
[232.178s][info][gc,phases   ] GC(1217)   Pre Evacuate Collection Set: 0.2ms
[232.179s][info][gc,phases   ] GC(1217)   Merge Heap Roots: 0.1ms
[232.179s][info][gc,phases   ] GC(1217)   Evacuate Collection Set: 0.7ms
[232.179s][info][gc,phases   ] GC(1217)   Post Evacuate Collection Set: 0.7ms
[232.179s][info][gc,phases   ] GC(1217)   Other: 0.4ms
[232.179s][info][gc,heap     ] GC(1217) Eden regions: 10->0(154)
[232.179s][info][gc,heap     ] GC(1217) Survivor regions: 2->1(2)
[232.179s][info][gc,heap     ] GC(1217) Old regions: 63->63
[232.179s][info][gc,heap     ] GC(1217) Archive regions: 0->0
[232.179s][info][gc,heap     ] GC(1217) Humongous regions: 28->8
[232.179s][info][gc,metaspace] GC(1217) Metaspace: 37479K(37824K)->37479K(37824K) NonClass: 33474K(33664K)->33474K(33664K) Class: 4004K(4160K)->4004K(4160K)
[232.179s][info][gc          ] GC(1217) Pause Young (Mixed) (G1 Evacuation Pause) 101M->70M(259M) 1.962ms
[232.179s][info][gc,cpu      ] GC(1217) User=0.09s Sys=0.00s Real=0.00s
[232.988s][info][gc,start    ] GC(1218) Pause Young (Normal) (G1 Preventive Collection)
[232.988s][info][gc,task     ] GC(1218) Using 6 workers of 6 for evacuation
[232.990s][info][gc,phases   ] GC(1218)   Pre Evacuate Collection Set: 0.2ms
[232.990s][info][gc,phases   ] GC(1218)   Merge Heap Roots: 0.1ms
[232.990s][info][gc,phases   ] GC(1218)   Evacuate Collection Set: 0.6ms
[232.990s][info][gc,phases   ] GC(1218)   Post Evacuate Collection Set: 0.7ms
[232.990s][info][gc,phases   ] GC(1218)   Other: 0.3ms
[232.990s][info][gc,heap     ] GC(1218) Eden regions: 91->0(153)
[232.990s][info][gc,heap     ] GC(1218) Survivor regions: 1->2(20)
[232.990s][info][gc,heap     ] GC(1218) Old regions: 63->63
[232.990s][info][gc,heap     ] GC(1218) Archive regions: 0->0
[232.990s][info][gc,heap     ] GC(1218) Humongous regions: 100->8
[232.990s][info][gc,metaspace] GC(1218) Metaspace: 37480K(37824K)->37480K(37824K) NonClass: 33475K(33664K)->33475K(33664K) Class: 4004K(4160K)->4004K(4160K)
[232.990s][info][gc          ] GC(1218) Pause Young (Normal) (G1 Preventive Collection) 253M->71M(259M) 1.941ms
[232.990s][info][gc,cpu      ] GC(1218) User=0.09s Sys=0.00s Real=0.00s
[233.090s][info][gc,start    ] GC(1219) Pause Young (Concurrent Start) (G1 Humongous Allocation)
[233.090s][info][gc,task     ] GC(1219) Using 6 workers of 6 for evacuation
[233.093s][info][gc,phases   ] GC(1219)   Pre Evacuate Collection Set: 0.2ms
[233.093s][info][gc,phases   ] GC(1219)   Merge Heap Roots: 0.1ms
[233.093s][info][gc,phases   ] GC(1219)   Evacuate Collection Set: 1.1ms
[233.093s][info][gc,phases   ] GC(1219)   Post Evacuate Collection Set: 1.0ms
[233.093s][info][gc,phases   ] GC(1219)   Other: 0.5ms
[233.093s][info][gc,heap     ] GC(1219) Eden regions: 9->0(154)
[233.093s][info][gc,heap     ] GC(1219) Survivor regions: 2->1(20)
[233.093s][info][gc,heap     ] GC(1219) Old regions: 63->63
[233.093s][info][gc,heap     ] GC(1219) Archive regions: 0->0
[233.093s][info][gc,heap     ] GC(1219) Humongous regions: 12->4
[233.093s][info][gc,metaspace] GC(1219) Metaspace: 37480K(37824K)->37480K(37824K) NonClass: 33475K(33664K)->33475K(33664K) Class: 4004K(4160K)->4004K(4160K)
[233.093s][info][gc          ] GC(1219) Pause Young (Concurrent Start) (G1 Humongous Allocation) 84M->67M(259M) 2.902ms
[233.094s][info][gc,cpu      ] GC(1219) User=0.00s Sys=0.00s Real=0.00s
[233.094s][info][gc          ] GC(1220) Concurrent Mark Cycle
[233.094s][info][gc,marking  ] GC(1220) Concurrent Clear Claimed Marks
[233.094s][info][gc,marking  ] GC(1220) Concurrent Clear Claimed Marks 0.032ms
[233.094s][info][gc,marking  ] GC(1220) Concurrent Scan Root Regions
[233.094s][info][gc,marking  ] GC(1220) Concurrent Scan Root Regions 0.749ms
[233.095s][info][gc,marking  ] GC(1220) Concurrent Mark
[233.095s][info][gc,marking  ] GC(1220) Concurrent Mark From Roots
[233.095s][info][gc,task     ] GC(1220) Using 2 workers of 2 for marking
[233.111s][info][gc,marking  ] GC(1220) Concurrent Mark From Roots 16.434ms
[233.111s][info][gc,marking  ] GC(1220) Concurrent Preclean
[233.111s][info][gc,marking  ] GC(1220) Concurrent Preclean 0.197ms
[233.112s][info][gc,start    ] GC(1220) Pause Remark
[233.117s][info][gc          ] GC(1220) Pause Remark 80M->80M(259M) 5.291ms
[233.117s][info][gc,cpu      ] GC(1220) User=0.00s Sys=0.00s Real=0.01s
[233.117s][info][gc,marking  ] GC(1220) Concurrent Mark 22.740ms
[233.117s][info][gc,marking  ] GC(1220) Concurrent Rebuild Remembered Sets
[233.123s][info][gc,marking  ] GC(1220) Concurrent Rebuild Remembered Sets 5.521ms
[233.123s][info][gc,start    ] GC(1220) Pause Cleanup
[233.123s][info][gc          ] GC(1220) Pause Cleanup 82M->82M(259M) 0.167ms
[233.124s][info][gc,cpu      ] GC(1220) User=0.00s Sys=0.00s Real=0.00s
[233.124s][info][gc,marking  ] GC(1220) Concurrent Cleanup for Next Mark
[233.124s][info][gc,marking  ] GC(1220) Concurrent Cleanup for Next Mark 0.209ms
[233.124s][info][gc          ] GC(1220) Concurrent Mark Cycle 30.253ms
[233.923s][info][gc,start    ] GC(1221) Pause Young (Prepare Mixed) (G1 Preventive Collection)
[233.923s][info][gc,task     ] GC(1221) Using 6 workers of 6 for evacuation
[233.925s][info][gc,phases   ] GC(1221)   Pre Evacuate Collection Set: 0.2ms
[233.925s][info][gc,phases   ] GC(1221)   Merge Heap Roots: 0.1ms
[233.925s][info][gc,phases   ] GC(1221)   Evacuate Collection Set: 0.7ms
[233.925s][info][gc,phases   ] GC(1221)   Post Evacuate Collection Set: 0.7ms
[233.925s][info][gc,phases   ] GC(1221)   Other: 0.3ms
[233.925s][info][gc,heap     ] GC(1221) Eden regions: 91->0(10)
[233.925s][info][gc,heap     ] GC(1221) Survivor regions: 1->2(20)
[233.925s][info][gc,heap     ] GC(1221) Old regions: 63->63
[233.925s][info][gc,heap     ] GC(1221) Archive regions: 0->0
[233.925s][info][gc,heap     ] GC(1221) Humongous regions: 100->4
[233.925s][info][gc,metaspace] GC(1221) Metaspace: 37481K(37824K)->37481K(37824K) NonClass: 33476K(33664K)->33476K(33664K) Class: 4004K(4160K)->4004K(4160K)
[233.925s][info][gc          ] GC(1221) Pause Young (Prepare Mixed) (G1 Preventive Collection) 254M->68M(259M) 1.975ms
[233.925s][info][gc,cpu      ] GC(1221) User=0.00s Sys=0.00s Real=0.00s
[234.029s][info][gc,start    ] GC(1222) Pause Young (Mixed) (G1 Evacuation Pause)
[234.029s][info][gc,task     ] GC(1222) Using 6 workers of 6 for evacuation
[234.033s][info][gc,phases   ] GC(1222)   Pre Evacuate Collection Set: 0.2ms
[234.033s][info][gc,phases   ] GC(1222)   Merge Heap Roots: 0.1ms
[234.033s][info][gc,phases   ] GC(1222)   Evacuate Collection Set: 1.7ms
[234.033s][info][gc,phases   ] GC(1222)   Post Evacuate Collection Set: 1.0ms
[234.033s][info][gc,phases   ] GC(1222)   Other: 0.6ms
[234.033s][info][gc,heap     ] GC(1222) Eden regions: 10->0(153)
[234.033s][info][gc,heap     ] GC(1222) Survivor regions: 2->1(2)
[234.033s][info][gc,heap     ] GC(1222) Old regions: 63->63
[234.033s][info][gc,heap     ] GC(1222) Archive regions: 0->0
[234.033s][info][gc,heap     ] GC(1222) Humongous regions: 20->8
[234.033s][info][gc,metaspace] GC(1222) Metaspace: 37481K(37824K)->37481K(37824K) NonClass: 33476K(33664K)->33476K(33664K) Class: 4004K(4160K)->4004K(4160K)
[234.033s][info][gc          ] GC(1222) Pause Young (Mixed) (G1 Evacuation Pause) 94M->71M(259M) 3.527ms
[234.033s][info][gc,cpu      ] GC(1222) User=0.00s Sys=0.00s Real=0.00s
[234.886s][info][gc,start    ] GC(1223) Pause Young (Normal) (G1 Preventive Collection)
[234.886s][info][gc,task     ] GC(1223) Using 6 workers of 6 for evacuation
[234.887s][info][gc,phases   ] GC(1223)   Pre Evacuate Collection Set: 0.2ms
[234.888s][info][gc,phases   ] GC(1223)   Merge Heap Roots: 0.1ms
[234.888s][info][gc,phases   ] GC(1223)   Evacuate Collection Set: 0.5ms
[234.888s][info][gc,phases   ] GC(1223)   Post Evacuate Collection Set: 0.6ms
[234.888s][info][gc,phases   ] GC(1223)   Other: 0.3ms
[234.888s][info][gc,heap     ] GC(1223) Eden regions: 91->0(153)
[234.888s][info][gc,heap     ] GC(1223) Survivor regions: 1->2(20)
[234.888s][info][gc,heap     ] GC(1223) Old regions: 63->63
[234.888s][info][gc,heap     ] GC(1223) Archive regions: 0->0
[234.888s][info][gc,heap     ] GC(1223) Humongous regions: 100->4
[234.888s][info][gc,metaspace] GC(1223) Metaspace: 37482K(37824K)->37482K(37824K) NonClass: 33477K(33664K)->33477K(33664K) Class: 4004K(4160K)->4004K(4160K)
[234.888s][info][gc          ] GC(1223) Pause Young (Normal) (G1 Preventive Collection) 254M->67M(259M) 1.789ms
[234.888s][info][gc,cpu      ] GC(1223) User=0.00s Sys=0.00s Real=0.00s
[234.890s][info][gc,start    ] GC(1224) Pause Young (Concurrent Start) (G1 Humongous Allocation)
[234.890s][info][gc,task     ] GC(1224) Using 6 workers of 6 for evacuation
[234.892s][info][gc,phases   ] GC(1224)   Pre Evacuate Collection Set: 0.2ms
[234.892s][info][gc,phases   ] GC(1224)   Merge Heap Roots: 0.1ms
[234.892s][info][gc,phases   ] GC(1224)   Evacuate Collection Set: 0.7ms
[234.892s][info][gc,phases   ] GC(1224)   Post Evacuate Collection Set: 0.5ms
[234.892s][info][gc,phases   ] GC(1224)   Other: 0.4ms
[234.892s][info][gc,heap     ] GC(1224) Eden regions: 1->0(154)
[234.892s][info][gc,heap     ] GC(1224) Survivor regions: 2->1(20)
[234.892s][info][gc,heap     ] GC(1224) Old regions: 63->63
[234.892s][info][gc,heap     ] GC(1224) Archive regions: 0->0
[234.892s][info][gc,heap     ] GC(1224) Humongous regions: 8->8
[234.892s][info][gc,metaspace] GC(1224) Metaspace: 37482K(37824K)->37482K(37824K) NonClass: 33477K(33664K)->33477K(33664K) Class: 4004K(4160K)->4004K(4160K)
[234.892s][info][gc          ] GC(1224) Pause Young (Concurrent Start) (G1 Humongous Allocation) 71M->71M(259M) 1.730ms
[234.892s][info][gc,cpu      ] GC(1224) User=0.00s Sys=0.00s Real=0.00s
[234.892s][info][gc          ] GC(1225) Concurrent Mark Cycle
[234.892s][info][gc,marking  ] GC(1225) Concurrent Clear Claimed Marks
[234.892s][info][gc,marking  ] GC(1225) Concurrent Clear Claimed Marks 0.030ms
[234.892s][info][gc,marking  ] GC(1225) Concurrent Scan Root Regions
[234.893s][info][gc,marking  ] GC(1225) Concurrent Scan Root Regions 0.966ms
[234.893s][info][gc,marking  ] GC(1225) Concurrent Mark
[234.893s][info][gc,marking  ] GC(1225) Concurrent Mark From Roots
[234.893s][info][gc,task     ] GC(1225) Using 2 workers of 2 for marking
[234.906s][info][gc,marking  ] GC(1225) Concurrent Mark From Roots 12.467ms
[234.906s][info][gc,marking  ] GC(1225) Concurrent Preclean
[234.906s][info][gc,marking  ] GC(1225) Concurrent Preclean 0.227ms
[234.906s][info][gc,start    ] GC(1225) Pause Remark
[234.909s][info][gc          ] GC(1225) Pause Remark 80M->80M(259M) 2.667ms
[234.909s][info][gc,cpu      ] GC(1225) User=0.00s Sys=0.00s Real=0.00s
[234.914s][info][gc,marking  ] GC(1225) Concurrent Mark 20.838ms
[234.914s][info][gc,marking  ] GC(1225) Concurrent Rebuild Remembered Sets
[234.920s][info][gc,marking  ] GC(1225) Concurrent Rebuild Remembered Sets 5.945ms
[234.920s][info][gc,start    ] GC(1225) Pause Cleanup
[234.921s][info][gc          ] GC(1225) Pause Cleanup 86M->86M(259M) 0.144ms
[234.921s][info][gc,cpu      ] GC(1225) User=0.00s Sys=0.00s Real=0.00s
[234.921s][info][gc,marking  ] GC(1225) Concurrent Cleanup for Next Mark
[234.921s][info][gc,marking  ] GC(1225) Concurrent Cleanup for Next Mark 0.203ms
[234.921s][info][gc          ] GC(1225) Concurrent Mark Cycle 29.364ms
[235.708s][info][gc,start    ] GC(1226) Pause Young (Prepare Mixed) (G1 Preventive Collection)
[235.708s][info][gc,task     ] GC(1226) Using 6 workers of 6 for evacuation
[235.710s][info][gc,phases   ] GC(1226)   Pre Evacuate Collection Set: 0.2ms
[235.710s][info][gc,phases   ] GC(1226)   Merge Heap Roots: 0.1ms
[235.710s][info][gc,phases   ] GC(1226)   Evacuate Collection Set: 0.7ms
[235.710s][info][gc,phases   ] GC(1226)   Post Evacuate Collection Set: 0.7ms
[235.710s][info][gc,phases   ] GC(1226)   Other: 0.3ms
[235.710s][info][gc,heap     ] GC(1226) Eden regions: 92->0(9)
[235.710s][info][gc,heap     ] GC(1226) Survivor regions: 1->3(20)
[235.710s][info][gc,heap     ] GC(1226) Old regions: 63->63
[235.710s][info][gc,heap     ] GC(1226) Archive regions: 0->0
[235.710s][info][gc,heap     ] GC(1226) Humongous regions: 100->4
[235.710s][info][gc,metaspace] GC(1226) Metaspace: 37489K(37824K)->37489K(37824K) NonClass: 33484K(33664K)->33484K(33664K) Class: 4004K(4160K)->4004K(4160K)
[235.710s][info][gc          ] GC(1226) Pause Young (Prepare Mixed) (G1 Preventive Collection) 255M->69M(259M) 2.042ms
[235.710s][info][gc,cpu      ] GC(1226) User=0.02s Sys=0.00s Real=0.00s
[235.805s][info][gc,start    ] GC(1227) Pause Young (Mixed) (G1 Evacuation Pause)
[235.805s][info][gc,task     ] GC(1227) Using 6 workers of 6 for evacuation
[235.807s][info][gc,phases   ] GC(1227)   Pre Evacuate Collection Set: 0.2ms
[235.807s][info][gc,phases   ] GC(1227)   Merge Heap Roots: 0.1ms
[235.807s][info][gc,phases   ] GC(1227)   Evacuate Collection Set: 0.6ms
[235.807s][info][gc,phases   ] GC(1227)   Post Evacuate Collection Set: 0.4ms
[235.807s][info][gc,phases   ] GC(1227)   Other: 0.3ms
[235.807s][info][gc,heap     ] GC(1227) Eden regions: 9->0(153)
[235.807s][info][gc,heap     ] GC(1227) Survivor regions: 3->1(2)
[235.807s][info][gc,heap     ] GC(1227) Old regions: 63->64
[235.807s][info][gc,heap     ] GC(1227) Archive regions: 0->0
[235.807s][info][gc,heap     ] GC(1227) Humongous regions: 16->8
[235.807s][info][gc,metaspace] GC(1227) Metaspace: 37489K(37824K)->37489K(37824K) NonClass: 33484K(33664K)->33484K(33664K) Class: 4004K(4160K)->4004K(4160K)
[235.807s][info][gc          ] GC(1227) Pause Young (Mixed) (G1 Evacuation Pause) 90M->71M(259M) 1.566ms
[235.807s][info][gc,cpu      ] GC(1227) User=0.00s Sys=0.00s Real=0.00s
[236.596s][info][gc,start    ] GC(1228) Pause Young (Normal) (G1 Preventive Collection)
[236.596s][info][gc,task     ] GC(1228) Using 6 workers of 6 for evacuation
[236.598s][info][gc,phases   ] GC(1228)   Pre Evacuate Collection Set: 0.2ms
[236.598s][info][gc,phases   ] GC(1228)   Merge Heap Roots: 0.1ms
[236.598s][info][gc,phases   ] GC(1228)   Evacuate Collection Set: 0.6ms
[236.598s][info][gc,phases   ] GC(1228)   Post Evacuate Collection Set: 0.7ms
[236.598s][info][gc,phases   ] GC(1228)   Other: 0.4ms
[236.598s][info][gc,heap     ] GC(1228) Eden regions: 89->0(146)
[236.598s][info][gc,heap     ] GC(1228) Survivor regions: 1->2(20)
[236.598s][info][gc,heap     ] GC(1228) Old regions: 64->64
[236.598s][info][gc,heap     ] GC(1228) Archive regions: 0->0
[236.598s][info][gc,heap     ] GC(1228) Humongous regions: 100->8
[236.598s][info][gc,metaspace] GC(1228) Metaspace: 37490K(37824K)->37490K(37824K) NonClass: 33485K(33664K)->33485K(33664K) Class: 4004K(4160K)->4004K(4160K)
[236.598s][info][gc          ] GC(1228) Pause Young (Normal) (G1 Preventive Collection) 251M->72M(259M) 1.870ms
[236.598s][info][gc,cpu      ] GC(1228) User=0.00s Sys=0.00s Real=0.00s
[236.697s][info][gc,start    ] GC(1229) Pause Young (Concurrent Start) (G1 Humongous Allocation)
[236.697s][info][gc,task     ] GC(1229) Using 6 workers of 6 for evacuation
[236.699s][info][gc,phases   ] GC(1229)   Pre Evacuate Collection Set: 0.2ms
[236.699s][info][gc,phases   ] GC(1229)   Merge Heap Roots: 0.1ms
[236.699s][info][gc,phases   ] GC(1229)   Evacuate Collection Set: 0.7ms
[236.699s][info][gc,phases   ] GC(1229)   Post Evacuate Collection Set: 0.5ms
[236.699s][info][gc,phases   ] GC(1229)   Other: 0.3ms
[236.699s][info][gc,heap     ] GC(1229) Eden regions: 13->0(151)
[236.699s][info][gc,heap     ] GC(1229) Survivor regions: 2->1(19)
[236.699s][info][gc,heap     ] GC(1229) Old regions: 64->64
[236.699s][info][gc,heap     ] GC(1229) Archive regions: 0->0
[236.699s][info][gc,heap     ] GC(1229) Humongous regions: 12->4
[236.699s][info][gc,metaspace] GC(1229) Metaspace: 37490K(37824K)->37490K(37824K) NonClass: 33485K(33664K)->33485K(33664K) Class: 4004K(4160K)->4004K(4160K)
[236.699s][info][gc          ] GC(1229) Pause Young (Concurrent Start) (G1 Humongous Allocation) 88M->67M(259M) 1.707ms
[236.699s][info][gc,cpu      ] GC(1229) User=0.00s Sys=0.00s Real=0.00s
[236.699s][info][gc          ] GC(1230) Concurrent Mark Cycle
[236.699s][info][gc,marking  ] GC(1230) Concurrent Clear Claimed Marks
[236.699s][info][gc,marking  ] GC(1230) Concurrent Clear Claimed Marks 0.023ms
[236.699s][info][gc,marking  ] GC(1230) Concurrent Scan Root Regions
[236.700s][info][gc,marking  ] GC(1230) Concurrent Scan Root Regions 0.713ms
[236.700s][info][gc,marking  ] GC(1230) Concurrent Mark
[236.700s][info][gc,marking  ] GC(1230) Concurrent Mark From Roots
[236.700s][info][gc,task     ] GC(1230) Using 2 workers of 2 for marking
[236.711s][info][gc,marking  ] GC(1230) Concurrent Mark From Roots 11.616ms
[236.711s][info][gc,marking  ] GC(1230) Concurrent Preclean
[236.712s][info][gc,marking  ] GC(1230) Concurrent Preclean 0.209ms
[236.712s][info][gc,start    ] GC(1230) Pause Remark
[236.715s][info][gc          ] GC(1230) Pause Remark 82M->82M(259M) 2.749ms
[236.715s][info][gc,cpu      ] GC(1230) User=0.00s Sys=0.00s Real=0.00s
[236.715s][info][gc,marking  ] GC(1230) Concurrent Mark 15.542ms
[236.715s][info][gc,marking  ] GC(1230) Concurrent Rebuild Remembered Sets
[236.721s][info][gc,marking  ] GC(1230) Concurrent Rebuild Remembered Sets 5.575ms
[236.721s][info][gc,start    ] GC(1230) Pause Cleanup
[236.722s][info][gc          ] GC(1230) Pause Cleanup 83M->83M(259M) 0.155ms
[236.722s][info][gc,cpu      ] GC(1230) User=0.00s Sys=0.00s Real=0.00s
[236.722s][info][gc,marking  ] GC(1230) Concurrent Cleanup for Next Mark
[236.722s][info][gc,marking  ] GC(1230) Concurrent Cleanup for Next Mark 0.183ms
[236.722s][info][gc          ] GC(1230) Concurrent Mark Cycle 22.990ms
[237.512s][info][gc,start    ] GC(1231) Pause Young (Prepare Mixed) (G1 Preventive Collection)
[237.512s][info][gc,task     ] GC(1231) Using 6 workers of 6 for evacuation
[237.513s][info][gc,phases   ] GC(1231)   Pre Evacuate Collection Set: 0.2ms
[237.513s][info][gc,phases   ] GC(1231)   Merge Heap Roots: 0.1ms
[237.513s][info][gc,phases   ] GC(1231)   Evacuate Collection Set: 0.7ms
[237.513s][info][gc,phases   ] GC(1231)   Post Evacuate Collection Set: 0.6ms
[237.513s][info][gc,phases   ] GC(1231)   Other: 0.4ms
[237.513s][info][gc,heap     ] GC(1231) Eden regions: 91->0(9)
[237.513s][info][gc,heap     ] GC(1231) Survivor regions: 1->3(19)
[237.513s][info][gc,heap     ] GC(1231) Old regions: 64->64
[237.513s][info][gc,heap     ] GC(1231) Archive regions: 0->0
[237.513s][info][gc,heap     ] GC(1231) Humongous regions: 100->4
[237.513s][info][gc,metaspace] GC(1231) Metaspace: 37491K(37824K)->37491K(37824K) NonClass: 33487K(33664K)->33487K(33664K) Class: 4004K(4160K)->4004K(4160K)
[237.513s][info][gc          ] GC(1231) Pause Young (Prepare Mixed) (G1 Preventive Collection) 254M->69M(259M) 1.941ms
[237.514s][info][gc,cpu      ] GC(1231) User=0.00s Sys=0.00s Real=0.00s
[237.547s][info][gc,start    ] GC(1232) Pause Young (Mixed) (G1 Evacuation Pause)
[237.547s][info][gc,task     ] GC(1232) Using 6 workers of 6 for evacuation
[237.549s][info][gc,phases   ] GC(1232)   Pre Evacuate Collection Set: 0.2ms
[237.549s][info][gc,phases   ] GC(1232)   Merge Heap Roots: 0.1ms
[237.549s][info][gc,phases   ] GC(1232)   Evacuate Collection Set: 0.8ms
[237.549s][info][gc,phases   ] GC(1232)   Post Evacuate Collection Set: 0.7ms
[237.549s][info][gc,phases   ] GC(1232)   Other: 0.4ms
[237.549s][info][gc,heap     ] GC(1232) Eden regions: 9->0(150)
[237.549s][info][gc,heap     ] GC(1232) Survivor regions: 3->2(2)
[237.549s][info][gc,heap     ] GC(1232) Old regions: 64->64
[237.549s][info][gc,heap     ] GC(1232) Archive regions: 0->0
[237.549s][info][gc,heap     ] GC(1232) Humongous regions: 16->4
[237.549s][info][gc,metaspace] GC(1232) Metaspace: 37491K(37824K)->37491K(37824K) NonClass: 33487K(33664K)->33487K(33664K) Class: 4004K(4160K)->4004K(4160K)
[237.549s][info][gc          ] GC(1232) Pause Young (Mixed) (G1 Evacuation Pause) 90M->68M(259M) 2.052ms
[237.550s][info][gc,cpu      ] GC(1232) User=0.00s Sys=0.00s Real=0.00s
[238.360s][info][gc,start    ] GC(1233) Pause Young (Normal) (G1 Preventive Collection)
[238.360s][info][gc,task     ] GC(1233) Using 6 workers of 6 for evacuation
[238.362s][info][gc,phases   ] GC(1233)   Pre Evacuate Collection Set: 0.2ms
[238.362s][info][gc,phases   ] GC(1233)   Merge Heap Roots: 0.1ms
[238.362s][info][gc,phases   ] GC(1233)   Evacuate Collection Set: 0.6ms
[238.362s][info][gc,phases   ] GC(1233)   Post Evacuate Collection Set: 0.7ms
[238.362s][info][gc,phases   ] GC(1233)   Other: 0.4ms
[238.362s][info][gc,heap     ] GC(1233) Eden regions: 89->0(151)
[238.362s][info][gc,heap     ] GC(1233) Survivor regions: 2->2(19)
[238.362s][info][gc,heap     ] GC(1233) Old regions: 64->64
[238.362s][info][gc,heap     ] GC(1233) Archive regions: 0->0
[238.362s][info][gc,heap     ] GC(1233) Humongous regions: 100->4
[238.362s][info][gc,metaspace] GC(1233) Metaspace: 37492K(37824K)->37492K(37824K) NonClass: 33488K(33664K)->33488K(33664K) Class: 4004K(4160K)->4004K(4160K)
[238.362s][info][gc          ] GC(1233) Pause Young (Normal) (G1 Preventive Collection) 253M->68M(259M) 1.865ms
[238.362s][info][gc,cpu      ] GC(1233) User=0.00s Sys=0.00s Real=0.00s
[238.434s][info][gc,start    ] GC(1234) Pause Young (Concurrent Start) (G1 Humongous Allocation)
[238.434s][info][gc,task     ] GC(1234) Using 6 workers of 6 for evacuation
[238.436s][info][gc,phases   ] GC(1234)   Pre Evacuate Collection Set: 0.2ms
[238.436s][info][gc,phases   ] GC(1234)   Merge Heap Roots: 0.1ms
[238.436s][info][gc,phases   ] GC(1234)   Evacuate Collection Set: 0.8ms
[238.436s][info][gc,phases   ] GC(1234)   Post Evacuate Collection Set: 0.6ms
[238.436s][info][gc,phases   ] GC(1234)   Other: 0.3ms
[238.436s][info][gc,heap     ] GC(1234) Eden regions: 5->0(154)
[238.436s][info][gc,heap     ] GC(1234) Survivor regions: 2->1(20)
[238.436s][info][gc,heap     ] GC(1234) Old regions: 64->64
[238.436s][info][gc,heap     ] GC(1234) Archive regions: 0->0
[238.436s][info][gc,heap     ] GC(1234) Humongous regions: 4->4
[238.436s][info][gc,metaspace] GC(1234) Metaspace: 37492K(37824K)->37492K(37824K) NonClass: 33488K(33664K)->33488K(33664K) Class: 4004K(4160K)->4004K(4160K)
[238.436s][info][gc          ] GC(1234) Pause Young (Concurrent Start) (G1 Humongous Allocation) 73M->67M(259M) 1.921ms
[238.436s][info][gc,cpu      ] GC(1234) User=0.00s Sys=0.00s Real=0.00s
[238.436s][info][gc          ] GC(1235) Concurrent Mark Cycle
[238.436s][info][gc,marking  ] GC(1235) Concurrent Clear Claimed Marks
[238.436s][info][gc,marking  ] GC(1235) Concurrent Clear Claimed Marks 0.033ms
[238.436s][info][gc,marking  ] GC(1235) Concurrent Scan Root Regions
[238.437s][info][gc,marking  ] GC(1235) Concurrent Scan Root Regions 0.707ms
[238.437s][info][gc,marking  ] GC(1235) Concurrent Mark
[238.437s][info][gc,marking  ] GC(1235) Concurrent Mark From Roots
[238.437s][info][gc,task     ] GC(1235) Using 2 workers of 2 for marking
[238.450s][info][gc,marking  ] GC(1235) Concurrent Mark From Roots 12.636ms
[238.450s][info][gc,marking  ] GC(1235) Concurrent Preclean
[238.450s][info][gc,marking  ] GC(1235) Concurrent Preclean 0.188ms
[238.450s][info][gc,start    ] GC(1235) Pause Remark
[238.453s][info][gc          ] GC(1235) Pause Remark 81M->81M(259M) 2.692ms
[238.453s][info][gc,cpu      ] GC(1235) User=0.00s Sys=0.00s Real=0.00s
[238.453s][info][gc,marking  ] GC(1235) Concurrent Mark 16.348ms
[238.453s][info][gc,marking  ] GC(1235) Concurrent Rebuild Remembered Sets
[238.458s][info][gc,marking  ] GC(1235) Concurrent Rebuild Remembered Sets 5.229ms
[238.459s][info][gc,start    ] GC(1235) Pause Cleanup
[238.459s][info][gc          ] GC(1235) Pause Cleanup 82M->82M(259M) 0.153ms
[238.459s][info][gc,cpu      ] GC(1235) User=0.00s Sys=0.00s Real=0.00s
[238.460s][info][gc,marking  ] GC(1235) Concurrent Cleanup for Next Mark
[238.460s][info][gc,marking  ] GC(1235) Concurrent Cleanup for Next Mark 0.180ms
[238.460s][info][gc          ] GC(1235) Concurrent Mark Cycle 23.743ms
[239.285s][info][gc,start    ] GC(1236) Pause Young (Prepare Mixed) (G1 Preventive Collection)
[239.285s][info][gc,task     ] GC(1236) Using 6 workers of 6 for evacuation
[239.286s][info][gc,phases   ] GC(1236)   Pre Evacuate Collection Set: 0.2ms
[239.287s][info][gc,phases   ] GC(1236)   Merge Heap Roots: 0.1ms
[239.287s][info][gc,phases   ] GC(1236)   Evacuate Collection Set: 0.6ms
[239.287s][info][gc,phases   ] GC(1236)   Post Evacuate Collection Set: 0.6ms
[239.287s][info][gc,phases   ] GC(1236)   Other: 0.3ms
[239.287s][info][gc,heap     ] GC(1236) Eden regions: 91->0(11)
[239.287s][info][gc,heap     ] GC(1236) Survivor regions: 1->2(20)
[239.287s][info][gc,heap     ] GC(1236) Old regions: 64->64
[239.287s][info][gc,heap     ] GC(1236) Archive regions: 0->0
[239.287s][info][gc,heap     ] GC(1236) Humongous regions: 112->4
[239.287s][info][gc,metaspace] GC(1236) Metaspace: 37494K(37824K)->37494K(37824K) NonClass: 33490K(33664K)->33490K(33664K) Class: 4004K(4160K)->4004K(4160K)
[239.287s][info][gc          ] GC(1236) Pause Young (Prepare Mixed) (G1 Preventive Collection) 266M->69M(271M) 1.751ms
[239.287s][info][gc,cpu      ] GC(1236) User=0.02s Sys=0.00s Real=0.00s
[239.379s][info][gc,start    ] GC(1237) Pause Young (Mixed) (G1 Evacuation Pause)
[239.379s][info][gc,task     ] GC(1237) Using 6 workers of 6 for evacuation
[239.381s][info][gc,phases   ] GC(1237)   Pre Evacuate Collection Set: 0.2ms
[239.381s][info][gc,phases   ] GC(1237)   Merge Heap Roots: 0.1ms
[239.381s][info][gc,phases   ] GC(1237)   Evacuate Collection Set: 0.8ms
[239.381s][info][gc,phases   ] GC(1237)   Post Evacuate Collection Set: 0.6ms
[239.381s][info][gc,phases   ] GC(1237)   Other: 0.4ms
[239.381s][info][gc,heap     ] GC(1237) Eden regions: 11->0(159)
[239.381s][info][gc,heap     ] GC(1237) Survivor regions: 2->1(2)
[239.381s][info][gc,heap     ] GC(1237) Old regions: 64->65
[239.381s][info][gc,heap     ] GC(1237) Archive regions: 0->0
[239.381s][info][gc,heap     ] GC(1237) Humongous regions: 16->8
[239.381s][info][gc,metaspace] GC(1237) Metaspace: 37494K(37824K)->37494K(37824K) NonClass: 33490K(33664K)->33490K(33664K) Class: 4004K(4160K)->4004K(4160K)
[239.381s][info][gc          ] GC(1237) Pause Young (Mixed) (G1 Evacuation Pause) 92M->72M(271M) 1.934ms
[239.382s][info][gc,cpu      ] GC(1237) User=0.08s Sys=0.00s Real=0.00s
[240.322s][info][gc,start    ] GC(1238) Pause Young (Normal) (G1 Preventive Collection)
[240.322s][info][gc,task     ] GC(1238) Using 6 workers of 6 for evacuation
[240.323s][info][gc,phases   ] GC(1238)   Pre Evacuate Collection Set: 0.2ms
[240.323s][info][gc,phases   ] GC(1238)   Merge Heap Roots: 0.1ms
[240.323s][info][gc,phases   ] GC(1238)   Evacuate Collection Set: 0.4ms
[240.323s][info][gc,phases   ] GC(1238)   Post Evacuate Collection Set: 0.6ms
[240.323s][info][gc,phases   ] GC(1238)   Other: 0.3ms
[240.324s][info][gc,heap     ] GC(1238) Eden regions: 98->0(167)
[240.324s][info][gc,heap     ] GC(1238) Survivor regions: 1->2(20)
[240.324s][info][gc,heap     ] GC(1238) Old regions: 65->65
[240.324s][info][gc,heap     ] GC(1238) Archive regions: 0->0
[240.324s][info][gc,heap     ] GC(1238) Humongous regions: 116->8
[240.324s][info][gc,metaspace] GC(1238) Metaspace: 37495K(37824K)->37495K(37824K) NonClass: 33490K(33664K)->33490K(33664K) Class: 4004K(4160K)->4004K(4160K)
[240.324s][info][gc          ] GC(1238) Pause Young (Normal) (G1 Preventive Collection) 278M->73M(283M) 1.668ms
[240.324s][info][gc,cpu      ] GC(1238) User=0.00s Sys=0.00s Real=0.00s
[240.418s][info][gc,start    ] GC(1239) Pause Young (Concurrent Start) (G1 Humongous Allocation)
[240.418s][info][gc,task     ] GC(1239) Using 6 workers of 6 for evacuation
[240.419s][info][gc,phases   ] GC(1239)   Pre Evacuate Collection Set: 0.2ms
[240.419s][info][gc,phases   ] GC(1239)   Merge Heap Roots: 0.1ms
[240.419s][info][gc,phases   ] GC(1239)   Evacuate Collection Set: 0.8ms
[240.419s][info][gc,phases   ] GC(1239)   Post Evacuate Collection Set: 0.7ms
[240.419s][info][gc,phases   ] GC(1239)   Other: 0.4ms
[240.419s][info][gc,heap     ] GC(1239) Eden regions: 13->0(168)
[240.419s][info][gc,heap     ] GC(1239) Survivor regions: 2->1(22)
[240.419s][info][gc,heap     ] GC(1239) Old regions: 65->65
[240.419s][info][gc,heap     ] GC(1239) Archive regions: 0->0
[240.420s][info][gc,heap     ] GC(1239) Humongous regions: 8->4
[240.420s][info][gc,metaspace] GC(1239) Metaspace: 37495K(37824K)->37495K(37824K) NonClass: 33490K(33664K)->33490K(33664K) Class: 4004K(4160K)->4004K(4160K)
[240.420s][info][gc          ] GC(1239) Pause Young (Concurrent Start) (G1 Humongous Allocation) 86M->68M(283M) 2.017ms
[240.420s][info][gc,cpu      ] GC(1239) User=0.00s Sys=0.00s Real=0.00s
[240.420s][info][gc          ] GC(1240) Concurrent Mark Cycle
[240.420s][info][gc,marking  ] GC(1240) Concurrent Clear Claimed Marks
[240.420s][info][gc,marking  ] GC(1240) Concurrent Clear Claimed Marks 0.022ms
[240.420s][info][gc,marking  ] GC(1240) Concurrent Scan Root Regions
[240.420s][info][gc,marking  ] GC(1240) Concurrent Scan Root Regions 0.549ms
[240.420s][info][gc,marking  ] GC(1240) Concurrent Mark
[240.420s][info][gc,marking  ] GC(1240) Concurrent Mark From Roots
[240.420s][info][gc,task     ] GC(1240) Using 2 workers of 2 for marking
[240.432s][info][gc,marking  ] GC(1240) Concurrent Mark From Roots 11.641ms
[240.432s][info][gc,marking  ] GC(1240) Concurrent Preclean
[240.432s][info][gc,marking  ] GC(1240) Concurrent Preclean 0.159ms
[240.433s][info][gc,start    ] GC(1240) Pause Remark
[240.435s][info][gc          ] GC(1240) Pause Remark 82M->82M(280M) 2.296ms
[240.435s][info][gc,cpu      ] GC(1240) User=0.00s Sys=0.00s Real=0.00s
[240.435s][info][gc,marking  ] GC(1240) Concurrent Mark 15.077ms
[240.435s][info][gc,marking  ] GC(1240) Concurrent Rebuild Remembered Sets
[240.442s][info][gc,marking  ] GC(1240) Concurrent Rebuild Remembered Sets 6.567ms
[240.442s][info][gc,start    ] GC(1240) Pause Cleanup
[240.443s][info][gc          ] GC(1240) Pause Cleanup 83M->83M(280M) 0.288ms
[240.443s][info][gc,cpu      ] GC(1240) User=0.00s Sys=0.00s Real=0.00s
[240.443s][info][gc,marking  ] GC(1240) Concurrent Cleanup for Next Mark
[240.443s][info][gc,marking  ] GC(1240) Concurrent Cleanup for Next Mark 0.232ms
[240.443s][info][gc          ] GC(1240) Concurrent Mark Cycle 23.568ms
[241.365s][info][gc,start    ] GC(1241) Pause Young (Prepare Mixed) (G1 Preventive Collection)
[241.365s][info][gc,task     ] GC(1241) Using 6 workers of 6 for evacuation
[241.367s][info][gc,phases   ] GC(1241)   Pre Evacuate Collection Set: 0.2ms
[241.367s][info][gc,phases   ] GC(1241)   Merge Heap Roots: 0.0ms
[241.367s][info][gc,phases   ] GC(1241)   Evacuate Collection Set: 0.7ms
[241.367s][info][gc,phases   ] GC(1241)   Post Evacuate Collection Set: 0.5ms
[241.367s][info][gc,phases   ] GC(1241)   Other: 0.3ms
[241.367s][info][gc,heap     ] GC(1241) Eden regions: 99->0(11)
[241.367s][info][gc,heap     ] GC(1241) Survivor regions: 1->3(21)
[241.367s][info][gc,heap     ] GC(1241) Old regions: 65->65
[241.367s][info][gc,heap     ] GC(1241) Archive regions: 0->0
[241.367s][info][gc,heap     ] GC(1241) Humongous regions: 112->4
[241.367s][info][gc,metaspace] GC(1241) Metaspace: 37496K(37824K)->37496K(37824K) NonClass: 33491K(33664K)->33491K(33664K) Class: 4004K(4160K)->4004K(4160K)
[241.367s][info][gc          ] GC(1241) Pause Young (Prepare Mixed) (G1 Preventive Collection) 275M->70M(280M) 1.708ms
[241.367s][info][gc,cpu      ] GC(1241) User=0.00s Sys=0.00s Real=0.00s
[241.517s][info][gc,start    ] GC(1242) Pause Young (Mixed) (G1 Evacuation Pause)
[241.517s][info][gc,task     ] GC(1242) Using 6 workers of 6 for evacuation
[241.518s][info][gc,phases   ] GC(1242)   Pre Evacuate Collection Set: 0.1ms
[241.518s][info][gc,phases   ] GC(1242)   Merge Heap Roots: 0.1ms
[241.518s][info][gc,phases   ] GC(1242)   Evacuate Collection Set: 0.5ms
[241.518s][info][gc,phases   ] GC(1242)   Post Evacuate Collection Set: 0.5ms
[241.518s][info][gc,phases   ] GC(1242)   Other: 0.3ms
[241.518s][info][gc,heap     ] GC(1242) Eden regions: 11->0(167)
[241.518s][info][gc,heap     ] GC(1242) Survivor regions: 3->1(2)
[241.518s][info][gc,heap     ] GC(1242) Old regions: 65->66
[241.518s][info][gc,heap     ] GC(1242) Archive regions: 0->0
[241.518s][info][gc,heap     ] GC(1242) Humongous regions: 28->8
[241.518s][info][gc,metaspace] GC(1242) Metaspace: 37496K(37824K)->37496K(37824K) NonClass: 33491K(33664K)->33491K(33664K) Class: 4004K(4160K)->4004K(4160K)
[241.518s][info][gc          ] GC(1242) Pause Young (Mixed) (G1 Evacuation Pause) 105M->73M(280M) 1.474ms
[241.518s][info][gc,cpu      ] GC(1242) User=0.00s Sys=0.00s Real=0.00s
[243.713s][info][gc,start    ] GC(1243) Pause Young (Normal) (G1 Preventive Collection)
[243.713s][info][gc,task     ] GC(1243) Using 6 workers of 6 for evacuation
[243.714s][info][gc,phases   ] GC(1243)   Pre Evacuate Collection Set: 0.1ms
[243.714s][info][gc,phases   ] GC(1243)   Merge Heap Roots: 0.1ms
[243.714s][info][gc,phases   ] GC(1243)   Evacuate Collection Set: 0.5ms
[243.714s][info][gc,phases   ] GC(1243)   Post Evacuate Collection Set: 0.5ms
[243.714s][info][gc,phases   ] GC(1243)   Other: 0.3ms
[243.714s][info][gc,heap     ] GC(1243) Eden regions: 129->0(166)
[243.714s][info][gc,heap     ] GC(1243) Survivor regions: 1->2(21)
[243.714s][info][gc,heap     ] GC(1243) Old regions: 66->66
[243.714s][info][gc,heap     ] GC(1243) Archive regions: 0->0
[243.714s][info][gc,heap     ] GC(1243) Humongous regions: 80->4
[243.714s][info][gc,metaspace] GC(1243) Metaspace: 37572K(37888K)->37572K(37888K) NonClass: 33560K(33728K)->33560K(33728K) Class: 4012K(4160K)->4012K(4160K)
[243.714s][info][gc          ] GC(1243) Pause Young (Normal) (G1 Preventive Collection) 274M->70M(280M) 1.506ms
[243.714s][info][gc,cpu      ] GC(1243) User=0.00s Sys=0.00s Real=0.00s
[251.172s][info][gc,start    ] GC(1244) Pause Young (Concurrent Start) (G1 Humongous Allocation)
[251.172s][info][gc,task     ] GC(1244) Using 6 workers of 6 for evacuation
[251.174s][info][gc,phases   ] GC(1244)   Pre Evacuate Collection Set: 0.2ms
[251.174s][info][gc,phases   ] GC(1244)   Merge Heap Roots: 0.1ms
[251.174s][info][gc,phases   ] GC(1244)   Evacuate Collection Set: 1.0ms
[251.174s][info][gc,phases   ] GC(1244)   Post Evacuate Collection Set: 0.6ms
[251.174s][info][gc,phases   ] GC(1244)   Other: 0.3ms
[251.174s][info][gc,heap     ] GC(1244) Eden regions: 153->0(166)
[251.174s][info][gc,heap     ] GC(1244) Survivor regions: 2->2(21)
[251.174s][info][gc,heap     ] GC(1244) Old regions: 66->66
[251.174s][info][gc,heap     ] GC(1244) Archive regions: 0->0
[251.174s][info][gc,heap     ] GC(1244) Humongous regions: 4->4
[251.174s][info][gc,metaspace] GC(1244) Metaspace: 38204K(38528K)->38204K(38528K) NonClass: 34126K(34304K)->34126K(34304K) Class: 4078K(4224K)->4078K(4224K)
[251.174s][info][gc          ] GC(1244) Pause Young (Concurrent Start) (G1 Humongous Allocation) 222M->70M(280M) 2.097ms
[251.175s][info][gc,cpu      ] GC(1244) User=0.00s Sys=0.00s Real=0.00s
[251.175s][info][gc          ] GC(1245) Concurrent Mark Cycle
[251.175s][info][gc,marking  ] GC(1245) Concurrent Clear Claimed Marks
[251.175s][info][gc,marking  ] GC(1245) Concurrent Clear Claimed Marks 0.018ms
[251.175s][info][gc,marking  ] GC(1245) Concurrent Scan Root Regions
[251.176s][info][gc,marking  ] GC(1245) Concurrent Scan Root Regions 0.839ms
[251.176s][info][gc,marking  ] GC(1245) Concurrent Mark
[251.176s][info][gc,marking  ] GC(1245) Concurrent Mark From Roots
[251.176s][info][gc,task     ] GC(1245) Using 2 workers of 2 for marking
[251.187s][info][gc,marking  ] GC(1245) Concurrent Mark From Roots 11.473ms
[251.187s][info][gc,marking  ] GC(1245) Concurrent Preclean
[251.187s][info][gc,marking  ] GC(1245) Concurrent Preclean 0.115ms
[251.188s][info][gc,start    ] GC(1245) Pause Remark
[251.192s][info][gc          ] GC(1245) Pause Remark 86M->86M(280M) 4.875ms
[251.193s][info][gc,cpu      ] GC(1245) User=0.09s Sys=0.00s Real=0.01s
[251.193s][info][gc,marking  ] GC(1245) Concurrent Mark 17.206ms
[251.193s][info][gc,marking  ] GC(1245) Concurrent Rebuild Remembered Sets
[251.198s][info][gc,marking  ] GC(1245) Concurrent Rebuild Remembered Sets 5.236ms
[251.198s][info][gc,start    ] GC(1245) Pause Cleanup
[251.199s][info][gc          ] GC(1245) Pause Cleanup 86M->86M(280M) 0.157ms
[251.199s][info][gc,cpu      ] GC(1245) User=0.00s Sys=0.00s Real=0.00s
[251.199s][info][gc,marking  ] GC(1245) Concurrent Cleanup for Next Mark
[251.199s][info][gc,marking  ] GC(1245) Concurrent Cleanup for Next Mark 0.232ms
[251.199s][info][gc          ] GC(1245) Concurrent Mark Cycle 24.437ms
[251.199s][info][gc,heap,exit] Heap
[251.199s][info][gc,heap,exit]  garbage-first heap   total 286720K, used 88258K [0x00000000d8000000, 0x0000000100000000)
[251.199s][info][gc,heap,exit]   region size 1024K, 5 young (5120K), 2 survivors (2048K)
[251.199s][info][gc,heap,exit]  Metaspace       used 38204K, committed 38528K, reserved 1114112K
[251.199s][info][gc,heap,exit]   class space    used 4078K, committed 4224K, reserved 1048576K
