[0.010s][info][gc] Using G1
[0.013s][info][gc,init] Version: 17.0.8.1+8-LTS (release)
[0.013s][info][gc,init] CPUs: 6 total, 6 available
[0.013s][info][gc,init] Memory: 65480M
[0.013s][info][gc,init] Large Page Support: Disabled
[0.013s][info][gc,init] NUMA Support: Disabled
[0.013s][info][gc,init] Compressed Oops: Enabled (32-bit)
[0.013s][info][gc,init] Heap Region Size: 1M
[0.013s][info][gc,init] Heap Min Capacity: 8M
[0.013s][info][gc,init] Heap Initial Capacity: 640M
[0.013s][info][gc,init] Heap Max Capacity: 640M
[0.013s][info][gc,init] Pre-touch: Disabled
[0.013s][info][gc,init] Parallel Workers: 6
[0.013s][info][gc,init] Concurrent Workers: 2
[0.013s][info][gc,init] Concurrent Refinement Workers: 6
[0.013s][info][gc,init] Periodic GC: Disabled
[0.023s][info][gc,metaspace] CDS archive(s) mapped at: [0x0000015e80000000-0x0000015e80bd0000-0x0000015e80bd0000), size 12386304, SharedBaseAddress: 0x0000015e80000000, ArchiveRelocationMode: 1.
[0.023s][info][gc,metaspace] Compressed class space mapped at: 0x0000015e81000000-0x0000015ec1000000, reserved size: 1073741824
[0.023s][info][gc,metaspace] Narrow klass base: 0x0000015e80000000, Narrow klass shift: 0, Narrow klass range: 0x100000000
[1.077s][info][gc,start    ] GC(0) Pause Young (Normal) (G1 Evacuation Pause)
[1.077s][info][gc,task     ] GC(0) Using 6 workers of 6 for evacuation
[1.081s][info][gc,phases   ] GC(0)   Pre Evacuate Collection Set: 0.1ms
[1.081s][info][gc,phases   ] GC(0)   Merge Heap Roots: 0.0ms
[1.081s][info][gc,phases   ] GC(0)   Evacuate Collection Set: 3.6ms
[1.081s][info][gc,phases   ] GC(0)   Post Evacuate Collection Set: 0.4ms
[1.081s][info][gc,phases   ] GC(0)   Other: 0.3ms
[1.081s][info][gc,heap     ] GC(0) Eden regions: 32->0(34)
[1.081s][info][gc,heap     ] GC(0) Survivor regions: 0->4(4)
[1.081s][info][gc,heap     ] GC(0) Old regions: 0->2
[1.081s][info][gc,heap     ] GC(0) Archive regions: 0->0
[1.081s][info][gc,heap     ] GC(0) Humongous regions: 4->4
[1.081s][info][gc,metaspace] GC(0) Metaspace: 11676K(11904K)->11676K(11904K) NonClass: 10308K(10432K)->10308K(10432K) Class: 1368K(1472K)->1368K(1472K)
[1.081s][info][gc          ] GC(0) Pause Young (Normal) (G1 Evacuation Pause) 36M->9M(640M) 4.564ms
[1.081s][info][gc,cpu      ] GC(0) User=0.09s Sys=0.00s Real=0.00s
[1.738s][info][gc,start    ] GC(1) Pause Young (Concurrent Start) (Metadata GC Threshold)
[1.738s][info][gc,task     ] GC(1) Using 6 workers of 6 for evacuation
[1.742s][info][gc,phases   ] GC(1)   Pre Evacuate Collection Set: 0.1ms
[1.742s][info][gc,phases   ] GC(1)   Merge Heap Roots: 0.1ms
[1.742s][info][gc,phases   ] GC(1)   Evacuate Collection Set: 2.8ms
[1.742s][info][gc,phases   ] GC(1)   Post Evacuate Collection Set: 0.6ms
[1.742s][info][gc,phases   ] GC(1)   Other: 0.1ms
[1.742s][info][gc,heap     ] GC(1) Eden regions: 29->0(45)
[1.742s][info][gc,heap     ] GC(1) Survivor regions: 4->5(5)
[1.742s][info][gc,heap     ] GC(1) Old regions: 2->6
[1.742s][info][gc,heap     ] GC(1) Archive regions: 0->0
[1.742s][info][gc,heap     ] GC(1) Humongous regions: 4->4
[1.742s][info][gc,metaspace] GC(1) Metaspace: 21200K(21504K)->21200K(21504K) NonClass: 18607K(18752K)->18607K(18752K) Class: 2592K(2752K)->2592K(2752K)
[1.742s][info][gc          ] GC(1) Pause Young (Concurrent Start) (Metadata GC Threshold) 37M->13M(640M) 3.855ms
[1.742s][info][gc,cpu      ] GC(1) User=0.00s Sys=0.00s Real=0.00s
[1.742s][info][gc          ] GC(2) Concurrent Mark Cycle
[1.742s][info][gc,marking  ] GC(2) Concurrent Clear Claimed Marks
[1.742s][info][gc,marking  ] GC(2) Concurrent Clear Claimed Marks 0.020ms
[1.742s][info][gc,marking  ] GC(2) Concurrent Scan Root Regions
[1.744s][info][gc,marking  ] GC(2) Concurrent Scan Root Regions 1.725ms
[1.744s][info][gc,marking  ] GC(2) Concurrent Mark
[1.744s][info][gc,marking  ] GC(2) Concurrent Mark From Roots
[1.744s][info][gc,task     ] GC(2) Using 2 workers of 2 for marking
[1.745s][info][gc,marking  ] GC(2) Concurrent Mark From Roots 1.324ms
[1.745s][info][gc,marking  ] GC(2) Concurrent Preclean
[1.745s][info][gc,marking  ] GC(2) Concurrent Preclean 0.029ms
[1.746s][info][gc,start    ] GC(2) Pause Remark
[1.747s][info][gc          ] GC(2) Pause Remark 14M->14M(54M) 1.074ms
[1.747s][info][gc,cpu      ] GC(2) User=0.00s Sys=0.00s Real=0.00s
[1.747s][info][gc,marking  ] GC(2) Concurrent Mark 2.804ms
[1.747s][info][gc,marking  ] GC(2) Concurrent Rebuild Remembered Sets
[1.748s][info][gc,marking  ] GC(2) Concurrent Rebuild Remembered Sets 1.500ms
[1.748s][info][gc,start    ] GC(2) Pause Cleanup
[1.748s][info][gc          ] GC(2) Pause Cleanup 14M->14M(54M) 0.098ms
[1.749s][info][gc,cpu      ] GC(2) User=0.00s Sys=0.00s Real=0.00s
[1.749s][info][gc,marking  ] GC(2) Concurrent Cleanup for Next Mark
[1.749s][info][gc,marking  ] GC(2) Concurrent Cleanup for Next Mark 0.319ms
[1.749s][info][gc          ] GC(2) Concurrent Mark Cycle 6.738ms
[2.787s][info][gc,start    ] GC(3) Pause Young (Prepare Mixed) (G1 Preventive Collection)
[2.787s][info][gc,task     ] GC(3) Using 6 workers of 6 for evacuation
[2.790s][info][gc,phases   ] GC(3)   Pre Evacuate Collection Set: 0.1ms
[2.790s][info][gc,phases   ] GC(3)   Merge Heap Roots: 0.1ms
[2.790s][info][gc,phases   ] GC(3)   Evacuate Collection Set: 2.3ms
[2.790s][info][gc,phases   ] GC(3)   Post Evacuate Collection Set: 0.2ms
[2.790s][info][gc,phases   ] GC(3)   Other: 0.1ms
[2.790s][info][gc,heap     ] GC(3) Eden regions: 28->0(1)
[2.790s][info][gc,heap     ] GC(3) Survivor regions: 5->2(7)
[2.790s][info][gc,heap     ] GC(3) Old regions: 6->10
[2.790s][info][gc,heap     ] GC(3) Archive regions: 0->0
[2.790s][info][gc,heap     ] GC(3) Humongous regions: 4->4
[2.790s][info][gc,metaspace] GC(3) Metaspace: 25540K(25920K)->25540K(25920K) NonClass: 22382K(22592K)->22382K(22592K) Class: 3157K(3328K)->3157K(3328K)
[2.790s][info][gc          ] GC(3) Pause Young (Prepare Mixed) (G1 Preventive Collection) 41M->14M(54M) 2.896ms
[2.790s][info][gc,cpu      ] GC(3) User=0.00s Sys=0.00s Real=0.00s
[5.584s][info][gc,start    ] GC(4) Pause Young (Mixed) (G1 Evacuation Pause)
[5.584s][info][gc,task     ] GC(4) Using 6 workers of 6 for evacuation
[5.586s][info][gc,phases   ] GC(4)   Pre Evacuate Collection Set: 0.1ms
[5.586s][info][gc,phases   ] GC(4)   Merge Heap Roots: 0.1ms
[5.586s][info][gc,phases   ] GC(4)   Evacuate Collection Set: 1.0ms
[5.586s][info][gc,phases   ] GC(4)   Post Evacuate Collection Set: 0.4ms
[5.586s][info][gc,phases   ] GC(4)   Other: 0.1ms
[5.586s][info][gc,heap     ] GC(4) Eden regions: 1->0(23)
[5.586s][info][gc,heap     ] GC(4) Survivor regions: 2->1(1)
[5.586s][info][gc,heap     ] GC(4) Old regions: 10->11
[5.586s][info][gc,heap     ] GC(4) Archive regions: 0->0
[5.586s][info][gc,heap     ] GC(4) Humongous regions: 4->4
[5.586s][info][gc,metaspace] GC(4) Metaspace: 25593K(25984K)->25593K(25984K) NonClass: 22428K(22592K)->22428K(22592K) Class: 3165K(3392K)->3165K(3392K)
[5.586s][info][gc          ] GC(4) Pause Young (Mixed) (G1 Evacuation Pause) 15M->14M(54M) 1.745ms
[5.586s][info][gc,cpu      ] GC(4) User=0.00s Sys=0.00s Real=0.00s
[5.586s][info][gc,heap,exit] Heap
[5.586s][info][gc,heap,exit]  garbage-first heap   total 55296K, used 15359K [0x00000000d8000000, 0x0000000100000000)
[5.586s][info][gc,heap,exit]   region size 1024K, 2 young (2048K), 1 survivors (1024K)
[5.586s][info][gc,heap,exit]  Metaspace       used 25593K, committed 25984K, reserved 1114112K
[5.586s][info][gc,heap,exit]   class space    used 3165K, committed 3392K, reserved 1048576K
