[0.009s][info][gc] Using G1
[0.013s][info][gc,init] Version: 17.0.8.1+8-LTS (release)
[0.013s][info][gc,init] CPUs: 6 total, 6 available
[0.013s][info][gc,init] Memory: 65480M
[0.013s][info][gc,init] Large Page Support: Disabled
[0.013s][info][gc,init] NUMA Support: Disabled
[0.013s][info][gc,init] Compressed Oops: Enabled (32-bit)
[0.013s][info][gc,init] Heap Region Size: 1M
[0.013s][info][gc,init] Heap Min Capacity: 8M
[0.013s][info][gc,init] Heap Initial Capacity: 640M
[0.013s][info][gc,init] Heap Max Capacity: 640M
[0.013s][info][gc,init] Pre-touch: Disabled
[0.013s][info][gc,init] Parallel Workers: 6
[0.013s][info][gc,init] Concurrent Workers: 2
[0.013s][info][gc,init] Concurrent Refinement Workers: 6
[0.013s][info][gc,init] Periodic GC: Disabled
[0.021s][info][gc,metaspace] CDS archive(s) mapped at: [0x0000013b11000000-0x0000013b11bd0000-0x0000013b11bd0000), size 12386304, SharedBaseAddress: 0x0000013b11000000, ArchiveRelocationMode: 1.
[0.021s][info][gc,metaspace] Compressed class space mapped at: 0x0000013b12000000-0x0000013b52000000, reserved size: 1073741824
[0.021s][info][gc,metaspace] Narrow klass base: 0x0000013b11000000, Narrow klass shift: 0, Narrow klass range: 0x100000000
[0.730s][info][gc,start    ] GC(0) Pause Young (Normal) (G1 Evacuation Pause)
[0.730s][info][gc,task     ] GC(0) Using 6 workers of 6 for evacuation
[0.734s][info][gc,phases   ] GC(0)   Pre Evacuate Collection Set: 0.1ms
[0.734s][info][gc,phases   ] GC(0)   Merge Heap Roots: 0.0ms
[0.734s][info][gc,phases   ] GC(0)   Evacuate Collection Set: 3.7ms
[0.734s][info][gc,phases   ] GC(0)   Post Evacuate Collection Set: 0.6ms
[0.734s][info][gc,phases   ] GC(0)   Other: 0.4ms
[0.734s][info][gc,heap     ] GC(0) Eden regions: 32->0(34)
[0.735s][info][gc,heap     ] GC(0) Survivor regions: 0->4(4)
[0.735s][info][gc,heap     ] GC(0) Old regions: 0->2
[0.735s][info][gc,heap     ] GC(0) Archive regions: 0->0
[0.735s][info][gc,heap     ] GC(0) Humongous regions: 4->4
[0.735s][info][gc,metaspace] GC(0) Metaspace: 11651K(11840K)->11651K(11840K) NonClass: 10288K(10368K)->10288K(10368K) Class: 1363K(1472K)->1363K(1472K)
[0.735s][info][gc          ] GC(0) Pause Young (Normal) (G1 Evacuation Pause) 36M->9M(640M) 4.893ms
[0.735s][info][gc,cpu      ] GC(0) User=0.00s Sys=0.00s Real=0.00s
[1.299s][info][gc,start    ] GC(1) Pause Young (Concurrent Start) (Metadata GC Threshold)
[1.299s][info][gc,task     ] GC(1) Using 6 workers of 6 for evacuation
[1.303s][info][gc,phases   ] GC(1)   Pre Evacuate Collection Set: 0.1ms
[1.303s][info][gc,phases   ] GC(1)   Merge Heap Roots: 0.1ms
[1.303s][info][gc,phases   ] GC(1)   Evacuate Collection Set: 2.9ms
[1.303s][info][gc,phases   ] GC(1)   Post Evacuate Collection Set: 0.7ms
[1.303s][info][gc,phases   ] GC(1)   Other: 0.1ms
[1.303s][info][gc,heap     ] GC(1) Eden regions: 29->0(46)
[1.303s][info][gc,heap     ] GC(1) Survivor regions: 4->5(5)
[1.303s][info][gc,heap     ] GC(1) Old regions: 2->6
[1.303s][info][gc,heap     ] GC(1) Archive regions: 0->0
[1.303s][info][gc,heap     ] GC(1) Humongous regions: 4->4
[1.303s][info][gc,metaspace] GC(1) Metaspace: 21225K(21504K)->21225K(21504K) NonClass: 18631K(18752K)->18631K(18752K) Class: 2594K(2752K)->2594K(2752K)
[1.303s][info][gc          ] GC(1) Pause Young (Concurrent Start) (Metadata GC Threshold) 38M->13M(640M) 4.020ms
[1.303s][info][gc,cpu      ] GC(1) User=0.03s Sys=0.00s Real=0.00s
[1.303s][info][gc          ] GC(2) Concurrent Mark Cycle
[1.303s][info][gc,marking  ] GC(2) Concurrent Clear Claimed Marks
[1.303s][info][gc,marking  ] GC(2) Concurrent Clear Claimed Marks 0.024ms
[1.303s][info][gc,marking  ] GC(2) Concurrent Scan Root Regions
[1.305s][info][gc,marking  ] GC(2) Concurrent Scan Root Regions 2.158ms
[1.305s][info][gc,marking  ] GC(2) Concurrent Mark
[1.305s][info][gc,marking  ] GC(2) Concurrent Mark From Roots
[1.305s][info][gc,task     ] GC(2) Using 2 workers of 2 for marking
[1.307s][info][gc,marking  ] GC(2) Concurrent Mark From Roots 1.413ms
[1.307s][info][gc,marking  ] GC(2) Concurrent Preclean
[1.307s][info][gc,marking  ] GC(2) Concurrent Preclean 0.027ms
[1.307s][info][gc,start    ] GC(2) Pause Remark
[1.308s][info][gc          ] GC(2) Pause Remark 14M->14M(54M) 1.425ms
[1.308s][info][gc,cpu      ] GC(2) User=0.00s Sys=0.00s Real=0.00s
[1.308s][info][gc,marking  ] GC(2) Concurrent Mark 3.225ms
[1.309s][info][gc,marking  ] GC(2) Concurrent Rebuild Remembered Sets
[1.310s][info][gc,marking  ] GC(2) Concurrent Rebuild Remembered Sets 1.523ms
[1.310s][info][gc,start    ] GC(2) Pause Cleanup
[1.310s][info][gc          ] GC(2) Pause Cleanup 14M->14M(54M) 0.127ms
[1.310s][info][gc,cpu      ] GC(2) User=0.00s Sys=0.00s Real=0.00s
[1.311s][info][gc,marking  ] GC(2) Concurrent Cleanup for Next Mark
[1.311s][info][gc,marking  ] GC(2) Concurrent Cleanup for Next Mark 0.327ms
[1.311s][info][gc          ] GC(2) Concurrent Mark Cycle 7.871ms
[2.401s][info][gc,start    ] GC(3) Pause Young (Prepare Mixed) (G1 Preventive Collection)
[2.401s][info][gc,task     ] GC(3) Using 6 workers of 6 for evacuation
[2.403s][info][gc,phases   ] GC(3)   Pre Evacuate Collection Set: 0.1ms
[2.403s][info][gc,phases   ] GC(3)   Merge Heap Roots: 0.1ms
[2.403s][info][gc,phases   ] GC(3)   Evacuate Collection Set: 2.1ms
[2.403s][info][gc,phases   ] GC(3)   Post Evacuate Collection Set: 0.4ms
[2.404s][info][gc,phases   ] GC(3)   Other: 0.1ms
[2.404s][info][gc,heap     ] GC(3) Eden regions: 28->0(1)
[2.404s][info][gc,heap     ] GC(3) Survivor regions: 5->2(7)
[2.404s][info][gc,heap     ] GC(3) Old regions: 6->11
[2.404s][info][gc,heap     ] GC(3) Archive regions: 0->0
[2.404s][info][gc,heap     ] GC(3) Humongous regions: 4->4
[2.404s][info][gc,metaspace] GC(3) Metaspace: 25338K(25600K)->25338K(25600K) NonClass: 22204K(22336K)->22204K(22336K) Class: 3134K(3264K)->3134K(3264K)
[2.404s][info][gc          ] GC(3) Pause Young (Prepare Mixed) (G1 Preventive Collection) 41M->14M(54M) 2.913ms
[2.404s][info][gc,cpu      ] GC(3) User=0.00s Sys=0.00s Real=0.00s
[5.200s][info][gc,start    ] GC(4) Pause Young (Mixed) (G1 Evacuation Pause)
[5.200s][info][gc,task     ] GC(4) Using 6 workers of 6 for evacuation
[5.205s][info][gc,phases   ] GC(4)   Pre Evacuate Collection Set: 0.2ms
[5.205s][info][gc,phases   ] GC(4)   Merge Heap Roots: 0.2ms
[5.205s][info][gc,phases   ] GC(4)   Evacuate Collection Set: 3.4ms
[5.205s][info][gc,phases   ] GC(4)   Post Evacuate Collection Set: 0.8ms
[5.205s][info][gc,phases   ] GC(4)   Other: 0.3ms
[5.205s][info][gc,heap     ] GC(4) Eden regions: 1->0(23)
[5.205s][info][gc,heap     ] GC(4) Survivor regions: 2->1(1)
[5.205s][info][gc,heap     ] GC(4) Old regions: 11->11
[5.205s][info][gc,heap     ] GC(4) Archive regions: 0->0
[5.205s][info][gc,heap     ] GC(4) Humongous regions: 4->4
[5.205s][info][gc,metaspace] GC(4) Metaspace: 25628K(25984K)->25628K(25984K) NonClass: 22460K(22592K)->22460K(22592K) Class: 3167K(3392K)->3167K(3392K)
[5.205s][info][gc          ] GC(4) Pause Young (Mixed) (G1 Evacuation Pause) 15M->14M(54M) 5.501ms
[5.205s][info][gc,cpu      ] GC(4) User=0.00s Sys=0.00s Real=0.00s
[5.209s][info][gc,heap,exit] Heap
[5.209s][info][gc,heap,exit]  garbage-first heap   total 55296K, used 15177K [0x00000000d8000000, 0x0000000100000000)
[5.209s][info][gc,heap,exit]   region size 1024K, 2 young (2048K), 1 survivors (1024K)
[5.209s][info][gc,heap,exit]  Metaspace       used 25628K, committed 25984K, reserved 1114112K
[5.209s][info][gc,heap,exit]   class space    used 3167K, committed 3392K, reserved 1048576K
