[0.007s][info][gc,heap] Heap region size: 1M
[0.017s][info][gc     ] Using G1
[0.017s][info][gc,heap,coops] Heap address: 0x00000000d8000000, size: 640 MB, Compressed Oops mode: 32-bit
[0.621s][info][gc,start     ] GC(0) Pause Young (Normal) (G1 Evacuation Pause)
[0.621s][info][gc,task      ] GC(0) Using 6 workers of 6 for evacuation
[0.624s][info][gc,phases    ] GC(0)   Pre Evacuate Collection Set: 0.0ms
[0.624s][info][gc,phases    ] GC(0)   Evacuate Collection Set: 2.7ms
[0.624s][info][gc,phases    ] GC(0)   Post Evacuate Collection Set: 0.4ms
[0.624s][info][gc,phases    ] GC(0)   Other: 0.4ms
[0.624s][info][gc,heap      ] GC(0) Eden regions: 32->0(220)
[0.624s][info][gc,heap      ] GC(0) Survivor regions: 0->4(4)
[0.625s][info][gc,heap      ] GC(0) Old regions: 0->1
[0.625s][info][gc,heap      ] GC(0) Humongous regions: 4->4
[0.625s][info][gc,metaspace ] GC(0) Metaspace: 18562K->18562K(1067008K)
[0.625s][info][gc           ] GC(0) Pause Young (Normal) (G1 Evacuation Pause) 36M->8M(640M) 3.836ms
[0.625s][info][gc,cpu       ] GC(0) User=0.00s Sys=0.00s Real=0.00s
[0.769s][info][gc,start     ] GC(1) Pause Young (Concurrent Start) (Metadata GC Threshold)
[0.769s][info][gc,task      ] GC(1) Using 6 workers of 6 for evacuation
[0.772s][info][gc,phases    ] GC(1)   Pre Evacuate Collection Set: 0.0ms
[0.772s][info][gc,phases    ] GC(1)   Evacuate Collection Set: 2.6ms
[0.772s][info][gc,phases    ] GC(1)   Post Evacuate Collection Set: 0.3ms
[0.773s][info][gc,phases    ] GC(1)   Other: 0.1ms
[0.773s][info][gc,heap      ] GC(1) Eden regions: 14->0(37)
[0.773s][info][gc,heap      ] GC(1) Survivor regions: 4->6(28)
[0.773s][info][gc,heap      ] GC(1) Old regions: 1->1
[0.773s][info][gc,heap      ] GC(1) Humongous regions: 4->4
[0.773s][info][gc,metaspace ] GC(1) Metaspace: 20801K->20801K(1069056K)
[0.773s][info][gc           ] GC(1) Pause Young (Concurrent Start) (Metadata GC Threshold) 22M->10M(640M) 3.143ms
[0.773s][info][gc,cpu       ] GC(1) User=0.00s Sys=0.00s Real=0.00s
[0.773s][info][gc           ] GC(2) Concurrent Cycle
[0.773s][info][gc,marking   ] GC(2) Concurrent Clear Claimed Marks
[0.773s][info][gc,marking   ] GC(2) Concurrent Clear Claimed Marks 0.019ms
[0.773s][info][gc,marking   ] GC(2) Concurrent Scan Root Regions
[0.774s][info][gc,marking   ] GC(2) Concurrent Scan Root Regions 1.292ms
[0.774s][info][gc,marking   ] GC(2) Concurrent Mark (0.774s)
[0.774s][info][gc,marking   ] GC(2) Concurrent Mark From Roots
[0.774s][info][gc,task      ] GC(2) Using 2 workers of 2 for marking
[0.775s][info][gc,marking   ] GC(2) Concurrent Mark From Roots 0.936ms
[0.775s][info][gc,marking   ] GC(2) Concurrent Preclean
[0.775s][info][gc,marking   ] GC(2) Concurrent Preclean 0.031ms
[0.775s][info][gc,marking   ] GC(2) Concurrent Mark (0.774s, 0.775s) 1.010ms
[0.775s][info][gc,start     ] GC(2) Pause Remark
[0.776s][info][gc,stringtable] GC(2) Cleaned string and symbol table, strings: 8416 processed, 0 removed, symbols: 67771 processed, 29 removed
[0.776s][info][gc            ] GC(2) Pause Remark 10M->10M(640M) 1.150ms
[0.776s][info][gc,cpu        ] GC(2) User=0.00s Sys=0.00s Real=0.00s
[0.776s][info][gc,marking    ] GC(2) Concurrent Rebuild Remembered Sets
[0.777s][info][gc,marking    ] GC(2) Concurrent Rebuild Remembered Sets 0.693ms
[0.777s][info][gc,start      ] GC(2) Pause Cleanup
[0.777s][info][gc            ] GC(2) Pause Cleanup 10M->10M(640M) 0.088ms
[0.777s][info][gc,cpu        ] GC(2) User=0.00s Sys=0.00s Real=0.00s
[0.777s][info][gc,marking    ] GC(2) Concurrent Cleanup for Next Mark
[0.778s][info][gc,marking    ] GC(2) Concurrent Cleanup for Next Mark 0.386ms
[0.778s][info][gc            ] GC(2) Concurrent Cycle 5.145ms
[1.292s][info][gc,start      ] GC(3) Pause Young (Normal) (G1 Evacuation Pause)
[1.292s][info][gc,task       ] GC(3) Using 6 workers of 6 for evacuation
[1.296s][info][gc,phases     ] GC(3)   Pre Evacuate Collection Set: 0.0ms
[1.296s][info][gc,phases     ] GC(3)   Evacuate Collection Set: 2.9ms
[1.296s][info][gc,phases     ] GC(3)   Post Evacuate Collection Set: 0.5ms
[1.296s][info][gc,phases     ] GC(3)   Other: 0.1ms
[1.296s][info][gc,heap       ] GC(3) Eden regions: 28->0(70)
[1.296s][info][gc,heap       ] GC(3) Survivor regions: 6->5(5)
[1.296s][info][gc,heap       ] GC(3) Old regions: 1->5
[1.296s][info][gc,heap       ] GC(3) Humongous regions: 4->4
[1.296s][info][gc,metaspace  ] GC(3) Metaspace: 27620K->27620K(1075200K)
[1.296s][info][gc            ] GC(3) Pause Young (Normal) (G1 Evacuation Pause) 38M->12M(640M) 3.803ms
[1.296s][info][gc,cpu        ] GC(3) User=0.00s Sys=0.00s Real=0.00s
[2.456s][info][gc,start      ] GC(4) Pause Young (Concurrent Start) (Metadata GC Threshold)
[2.456s][info][gc,task       ] GC(4) Using 6 workers of 6 for evacuation
[2.459s][info][gc,phases     ] GC(4)   Pre Evacuate Collection Set: 0.0ms
[2.459s][info][gc,phases     ] GC(4)   Evacuate Collection Set: 2.0ms
[2.459s][info][gc,phases     ] GC(4)   Post Evacuate Collection Set: 0.5ms
[2.459s][info][gc,phases     ] GC(4)   Other: 0.2ms
[2.459s][info][gc,heap       ] GC(4) Eden regions: 54->0(338)
[2.459s][info][gc,heap       ] GC(4) Survivor regions: 5->6(10)
[2.459s][info][gc,heap       ] GC(4) Old regions: 5->5
[2.459s][info][gc,heap       ] GC(4) Humongous regions: 28->12
[2.459s][info][gc,metaspace  ] GC(4) Metaspace: 35126K->35126K(1081344K)
[2.459s][info][gc            ] GC(4) Pause Young (Concurrent Start) (Metadata GC Threshold) 90M->22M(640M) 2.775ms
[2.459s][info][gc,cpu        ] GC(4) User=0.00s Sys=0.00s Real=0.00s
[2.459s][info][gc            ] GC(5) Concurrent Cycle
[2.459s][info][gc,marking    ] GC(5) Concurrent Clear Claimed Marks
[2.459s][info][gc,marking    ] GC(5) Concurrent Clear Claimed Marks 0.040ms
[2.459s][info][gc,marking    ] GC(5) Concurrent Scan Root Regions
[2.461s][info][gc,marking    ] GC(5) Concurrent Scan Root Regions 1.708ms
[2.461s][info][gc,marking    ] GC(5) Concurrent Mark (2.461s)
[2.461s][info][gc,marking    ] GC(5) Concurrent Mark From Roots
[2.461s][info][gc,task       ] GC(5) Using 2 workers of 2 for marking
[2.464s][info][gc,marking    ] GC(5) Concurrent Mark From Roots 3.289ms
[2.464s][info][gc,marking    ] GC(5) Concurrent Preclean
[2.464s][info][gc,marking    ] GC(5) Concurrent Preclean 0.043ms
[2.464s][info][gc,marking    ] GC(5) Concurrent Mark (2.461s, 2.464s) 3.373ms
[2.465s][info][gc,start      ] GC(5) Pause Remark
[2.466s][info][gc,stringtable] GC(5) Cleaned string and symbol table, strings: 13357 processed, 19 removed, symbols: 107461 processed, 32 removed
[2.466s][info][gc            ] GC(5) Pause Remark 24M->24M(640M) 1.635ms
[2.466s][info][gc,cpu        ] GC(5) User=0.00s Sys=0.00s Real=0.00s
[2.466s][info][gc,marking    ] GC(5) Concurrent Rebuild Remembered Sets
[2.468s][info][gc,marking    ] GC(5) Concurrent Rebuild Remembered Sets 1.685ms
[2.468s][info][gc,start      ] GC(5) Pause Cleanup
[2.468s][info][gc            ] GC(5) Pause Cleanup 24M->24M(640M) 0.102ms
[2.468s][info][gc,cpu        ] GC(5) User=0.00s Sys=0.00s Real=0.00s
[2.468s][info][gc,marking    ] GC(5) Concurrent Cleanup for Next Mark
[2.469s][info][gc,marking    ] GC(5) Concurrent Cleanup for Next Mark 0.296ms
[2.469s][info][gc            ] GC(5) Concurrent Cycle 9.441ms
[4.989s][info][gc,start      ] GC(6) Pause Young (Concurrent Start) (G1 Humongous Allocation)
[4.989s][info][gc,task       ] GC(6) Using 6 workers of 6 for evacuation
[4.997s][info][gc,phases     ] GC(6)   Pre Evacuate Collection Set: 0.1ms
[4.997s][info][gc,phases     ] GC(6)   Evacuate Collection Set: 6.6ms
[4.997s][info][gc,phases     ] GC(6)   Post Evacuate Collection Set: 1.0ms
[4.997s][info][gc,phases     ] GC(6)   Other: 0.5ms
[4.997s][info][gc,heap       ] GC(6) Eden regions: 182->0(227)
[4.997s][info][gc,heap       ] GC(6) Survivor regions: 6->9(43)
[4.997s][info][gc,heap       ] GC(6) Old regions: 5->5
[4.997s][info][gc,heap       ] GC(6) Humongous regions: 280->8
[4.997s][info][gc,metaspace  ] GC(6) Metaspace: 35989K->35989K(1081344K)
[4.997s][info][gc            ] GC(6) Pause Young (Concurrent Start) (G1 Humongous Allocation) 471M->21M(640M) 8.344ms
[4.997s][info][gc,cpu        ] GC(6) User=0.02s Sys=0.08s Real=0.01s
[4.997s][info][gc            ] GC(7) Concurrent Cycle
[4.997s][info][gc,marking    ] GC(7) Concurrent Clear Claimed Marks
[4.997s][info][gc,marking    ] GC(7) Concurrent Clear Claimed Marks 0.087ms
[4.997s][info][gc,marking    ] GC(7) Concurrent Scan Root Regions
[4.999s][info][gc,marking    ] GC(7) Concurrent Scan Root Regions 2.010ms
[5.000s][info][gc,marking    ] GC(7) Concurrent Mark (5.000s)
[5.000s][info][gc,marking    ] GC(7) Concurrent Mark From Roots
[5.000s][info][gc,task       ] GC(7) Using 2 workers of 2 for marking
[5.004s][info][gc,marking    ] GC(7) Concurrent Mark From Roots 4.457ms
[5.004s][info][gc,marking    ] GC(7) Concurrent Preclean
[5.004s][info][gc,marking    ] GC(7) Concurrent Preclean 0.037ms
[5.004s][info][gc,marking    ] GC(7) Concurrent Mark (5.000s, 5.004s) 4.542ms
[5.004s][info][gc,start      ] GC(7) Pause Remark
[5.006s][info][gc,stringtable] GC(7) Cleaned string and symbol table, strings: 14989 processed, 0 removed, symbols: 110102 processed, 0 removed
[5.006s][info][gc            ] GC(7) Pause Remark 30M->30M(640M) 1.616ms
[5.006s][info][gc,cpu        ] GC(7) User=0.00s Sys=0.00s Real=0.00s
[5.006s][info][gc,marking    ] GC(7) Concurrent Rebuild Remembered Sets
[5.008s][info][gc,marking    ] GC(7) Concurrent Rebuild Remembered Sets 2.618ms
[5.009s][info][gc,start      ] GC(7) Pause Cleanup
[5.009s][info][gc            ] GC(7) Pause Cleanup 30M->30M(640M) 0.170ms
[5.009s][info][gc,cpu        ] GC(7) User=0.00s Sys=0.00s Real=0.00s
[5.009s][info][gc,marking    ] GC(7) Concurrent Cleanup for Next Mark
[5.010s][info][gc,marking    ] GC(7) Concurrent Cleanup for Next Mark 0.662ms
[5.010s][info][gc            ] GC(7) Concurrent Cycle 12.266ms
[7.341s][info][gc,start      ] GC(8) Pause Young (Normal) (G1 Evacuation Pause)
[7.341s][info][gc,task       ] GC(8) Using 6 workers of 6 for evacuation
[7.346s][info][gc,phases     ] GC(8)   Pre Evacuate Collection Set: 0.0ms
[7.346s][info][gc,phases     ] GC(8)   Evacuate Collection Set: 3.5ms
[7.346s][info][gc,phases     ] GC(8)   Post Evacuate Collection Set: 0.9ms
[7.346s][info][gc,phases     ] GC(8)   Other: 0.2ms
[7.346s][info][gc,heap       ] GC(8) Eden regions: 227->0(371)
[7.346s][info][gc,heap       ] GC(8) Survivor regions: 9->13(30)
[7.346s][info][gc,heap       ] GC(8) Old regions: 5->5
[7.346s][info][gc,heap       ] GC(8) Humongous regions: 269->12
[7.346s][info][gc,metaspace  ] GC(8) Metaspace: 43737K->43737K(1089536K)
[7.346s][info][gc            ] GC(8) Pause Young (Normal) (G1 Evacuation Pause) 508M->29M(640M) 4.668ms
[7.346s][info][gc,cpu        ] GC(8) User=0.00s Sys=0.00s Real=0.00s
[9.877s][info][gc,start      ] GC(9) Pause Young (Concurrent Start) (G1 Humongous Allocation)
[9.877s][info][gc,task       ] GC(9) Using 6 workers of 6 for evacuation
[9.882s][info][gc,phases     ] GC(9)   Pre Evacuate Collection Set: 0.1ms
[9.882s][info][gc,phases     ] GC(9)   Evacuate Collection Set: 3.5ms
[9.882s][info][gc,phases     ] GC(9)   Post Evacuate Collection Set: 0.8ms
[9.882s][info][gc,phases     ] GC(9)   Other: 0.2ms
[9.882s][info][gc,heap       ] GC(9) Eden regions: 221->0(371)
[9.882s][info][gc,heap       ] GC(9) Survivor regions: 13->13(48)
[9.882s][info][gc,heap       ] GC(9) Old regions: 5->5
[9.882s][info][gc,heap       ] GC(9) Humongous regions: 280->8
[9.882s][info][gc,metaspace  ] GC(9) Metaspace: 43958K->43958K(1089536K)
[9.882s][info][gc            ] GC(9) Pause Young (Concurrent Start) (G1 Humongous Allocation) 518M->25M(640M) 4.797ms
[9.882s][info][gc,cpu        ] GC(9) User=0.00s Sys=0.00s Real=0.00s
[9.882s][info][gc            ] GC(10) Concurrent Cycle
[9.882s][info][gc,marking    ] GC(10) Concurrent Clear Claimed Marks
[9.882s][info][gc,marking    ] GC(10) Concurrent Clear Claimed Marks 0.045ms
[9.882s][info][gc,marking    ] GC(10) Concurrent Scan Root Regions
[9.885s][info][gc,marking    ] GC(10) Concurrent Scan Root Regions 2.558ms
[9.885s][info][gc,marking    ] GC(10) Concurrent Mark (9.885s)
[9.885s][info][gc,marking    ] GC(10) Concurrent Mark From Roots
[9.885s][info][gc,task       ] GC(10) Using 2 workers of 2 for marking
[9.888s][info][gc,marking    ] GC(10) Concurrent Mark From Roots 3.080ms
[9.888s][info][gc,marking    ] GC(10) Concurrent Preclean
[9.888s][info][gc,marking    ] GC(10) Concurrent Preclean 0.035ms
[9.888s][info][gc,marking    ] GC(10) Concurrent Mark (9.885s, 9.888s) 3.161ms
[9.888s][info][gc,start      ] GC(10) Pause Remark
[9.890s][info][gc,stringtable] GC(10) Cleaned string and symbol table, strings: 17709 processed, 0 removed, symbols: 134270 processed, 15 removed
[9.890s][info][gc            ] GC(10) Pause Remark 35M->35M(640M) 2.012ms
[9.890s][info][gc,cpu        ] GC(10) User=0.00s Sys=0.00s Real=0.00s
[9.890s][info][gc,marking    ] GC(10) Concurrent Rebuild Remembered Sets
[9.892s][info][gc,marking    ] GC(10) Concurrent Rebuild Remembered Sets 1.427ms
[9.892s][info][gc,start      ] GC(10) Pause Cleanup
[9.892s][info][gc            ] GC(10) Pause Cleanup 35M->35M(640M) 0.113ms
[9.892s][info][gc,cpu        ] GC(10) User=0.00s Sys=0.00s Real=0.00s
[9.892s][info][gc,marking    ] GC(10) Concurrent Cleanup for Next Mark
[9.892s][info][gc,marking    ] GC(10) Concurrent Cleanup for Next Mark 0.457ms
[9.893s][info][gc            ] GC(10) Concurrent Cycle 10.485ms
[12.308s][info][gc,start      ] GC(11) Pause Young (Concurrent Start) (G1 Humongous Allocation)
[12.308s][info][gc,task       ] GC(11) Using 6 workers of 6 for evacuation
[12.313s][info][gc,phases     ] GC(11)   Pre Evacuate Collection Set: 0.1ms
[12.313s][info][gc,phases     ] GC(11)   Evacuate Collection Set: 4.0ms
[12.313s][info][gc,phases     ] GC(11)   Post Evacuate Collection Set: 0.9ms
[12.313s][info][gc,phases     ] GC(11)   Other: 0.2ms
[12.313s][info][gc,heap       ] GC(11) Eden regions: 235->0(370)
[12.313s][info][gc,heap       ] GC(11) Survivor regions: 13->14(48)
[12.314s][info][gc,heap       ] GC(11) Old regions: 5->5
[12.314s][info][gc,heap       ] GC(11) Humongous regions: 280->4
[12.314s][info][gc,metaspace  ] GC(11) Metaspace: 44142K->44142K(1089536K)
[12.314s][info][gc            ] GC(11) Pause Young (Concurrent Start) (G1 Humongous Allocation) 531M->22M(640M) 5.299ms
[12.314s][info][gc,cpu        ] GC(11) User=0.00s Sys=0.00s Real=0.01s
[12.314s][info][gc            ] GC(12) Concurrent Cycle
[12.314s][info][gc,marking    ] GC(12) Concurrent Clear Claimed Marks
[12.314s][info][gc,marking    ] GC(12) Concurrent Clear Claimed Marks 0.039ms
[12.314s][info][gc,marking    ] GC(12) Concurrent Scan Root Regions
[12.316s][info][gc,marking    ] GC(12) Concurrent Scan Root Regions 2.356ms
[12.316s][info][gc,marking    ] GC(12) Concurrent Mark (12.316s)
[12.316s][info][gc,marking    ] GC(12) Concurrent Mark From Roots
[12.316s][info][gc,task       ] GC(12) Using 2 workers of 2 for marking
[12.319s][info][gc,marking    ] GC(12) Concurrent Mark From Roots 3.244ms
[12.319s][info][gc,marking    ] GC(12) Concurrent Preclean
[12.319s][info][gc,marking    ] GC(12) Concurrent Preclean 0.040ms
[12.319s][info][gc,marking    ] GC(12) Concurrent Mark (12.316s, 12.319s) 3.333ms
[12.319s][info][gc,start      ] GC(12) Pause Remark
[12.321s][info][gc,stringtable] GC(12) Cleaned string and symbol table, strings: 17764 processed, 0 removed, symbols: 134269 processed, 0 removed
[12.321s][info][gc            ] GC(12) Pause Remark 35M->35M(640M) 1.977ms
[12.322s][info][gc,cpu        ] GC(12) User=0.09s Sys=0.00s Real=0.00s
[12.322s][info][gc,marking    ] GC(12) Concurrent Rebuild Remembered Sets
[12.323s][info][gc,marking    ] GC(12) Concurrent Rebuild Remembered Sets 1.466ms
[12.323s][info][gc,start      ] GC(12) Pause Cleanup
[12.323s][info][gc            ] GC(12) Pause Cleanup 35M->35M(640M) 0.148ms
[12.323s][info][gc,cpu        ] GC(12) User=0.00s Sys=0.00s Real=0.00s
[12.323s][info][gc,marking    ] GC(12) Concurrent Cleanup for Next Mark
[12.324s][info][gc,marking    ] GC(12) Concurrent Cleanup for Next Mark 0.349ms
[12.324s][info][gc            ] GC(12) Concurrent Cycle 10.255ms
[14.753s][info][gc,start      ] GC(13) Pause Young (Concurrent Start) (G1 Humongous Allocation)
[14.753s][info][gc,task       ] GC(13) Using 6 workers of 6 for evacuation
[14.759s][info][gc,phases     ] GC(13)   Pre Evacuate Collection Set: 0.1ms
[14.759s][info][gc,phases     ] GC(13)   Evacuate Collection Set: 4.6ms
[14.759s][info][gc,phases     ] GC(13)   Post Evacuate Collection Set: 0.9ms
[14.759s][info][gc,phases     ] GC(13)   Other: 0.2ms
[14.759s][info][gc,heap       ] GC(13) Eden regions: 246->0(369)
[14.759s][info][gc,heap       ] GC(13) Survivor regions: 14->15(48)
[14.759s][info][gc,heap       ] GC(13) Old regions: 5->5
[14.759s][info][gc,heap       ] GC(13) Humongous regions: 280->4
[14.759s][info][gc,metaspace  ] GC(13) Metaspace: 44325K->44325K(1089536K)
[14.759s][info][gc            ] GC(13) Pause Young (Concurrent Start) (G1 Humongous Allocation) 544M->22M(640M) 5.902ms
[14.759s][info][gc,cpu        ] GC(13) User=0.03s Sys=0.00s Real=0.01s
[14.759s][info][gc            ] GC(14) Concurrent Cycle
[14.759s][info][gc,marking    ] GC(14) Concurrent Clear Claimed Marks
[14.759s][info][gc,marking    ] GC(14) Concurrent Clear Claimed Marks 0.102ms
[14.759s][info][gc,marking    ] GC(14) Concurrent Scan Root Regions
[14.762s][info][gc,marking    ] GC(14) Concurrent Scan Root Regions 2.952ms
[14.762s][info][gc,marking    ] GC(14) Concurrent Mark (14.762s)
[14.762s][info][gc,marking    ] GC(14) Concurrent Mark From Roots
[14.762s][info][gc,task       ] GC(14) Using 2 workers of 2 for marking
[14.766s][info][gc,marking    ] GC(14) Concurrent Mark From Roots 3.812ms
[14.766s][info][gc,marking    ] GC(14) Concurrent Preclean
[14.766s][info][gc,marking    ] GC(14) Concurrent Preclean 0.036ms
[14.766s][info][gc,marking    ] GC(14) Concurrent Mark (14.762s, 14.766s) 3.909ms
[14.766s][info][gc,start      ] GC(14) Pause Remark
[14.769s][info][gc,stringtable] GC(14) Cleaned string and symbol table, strings: 17788 processed, 0 removed, symbols: 134270 processed, 0 removed
[14.769s][info][gc            ] GC(14) Pause Remark 35M->35M(640M) 2.755ms
[14.769s][info][gc,cpu        ] GC(14) User=0.00s Sys=0.00s Real=0.00s
[14.769s][info][gc,marking    ] GC(14) Concurrent Rebuild Remembered Sets
[14.771s][info][gc,marking    ] GC(14) Concurrent Rebuild Remembered Sets 1.659ms
[14.771s][info][gc,start      ] GC(14) Pause Cleanup
[14.772s][info][gc            ] GC(14) Pause Cleanup 36M->36M(640M) 0.133ms
[14.772s][info][gc,cpu        ] GC(14) User=0.00s Sys=0.00s Real=0.00s
[14.772s][info][gc,marking    ] GC(14) Concurrent Cleanup for Next Mark
[14.772s][info][gc,marking    ] GC(14) Concurrent Cleanup for Next Mark 0.480ms
[14.772s][info][gc            ] GC(14) Concurrent Cycle 13.086ms
[17.277s][info][gc,start      ] GC(15) Pause Young (Concurrent Start) (G1 Humongous Allocation)
[17.277s][info][gc,task       ] GC(15) Using 6 workers of 6 for evacuation
[17.285s][info][gc,phases     ] GC(15)   Pre Evacuate Collection Set: 0.1ms
[17.285s][info][gc,phases     ] GC(15)   Evacuate Collection Set: 6.1ms
[17.285s][info][gc,phases     ] GC(15)   Post Evacuate Collection Set: 1.2ms
[17.285s][info][gc,phases     ] GC(15)   Other: 0.3ms
[17.285s][info][gc,heap       ] GC(15) Eden regions: 224->0(369)
[17.285s][info][gc,heap       ] GC(15) Survivor regions: 15->15(48)
[17.285s][info][gc,heap       ] GC(15) Old regions: 5->5
[17.285s][info][gc,heap       ] GC(15) Humongous regions: 280->4
[17.285s][info][gc,metaspace  ] GC(15) Metaspace: 44415K->44415K(1089536K)
[17.285s][info][gc            ] GC(15) Pause Young (Concurrent Start) (G1 Humongous Allocation) 522M->23M(640M) 7.861ms
[17.285s][info][gc,cpu        ] GC(15) User=0.00s Sys=0.00s Real=0.01s
[17.285s][info][gc            ] GC(16) Concurrent Cycle
[17.285s][info][gc,marking    ] GC(16) Concurrent Clear Claimed Marks
[17.285s][info][gc,marking    ] GC(16) Concurrent Clear Claimed Marks 0.073ms
[17.285s][info][gc,marking    ] GC(16) Concurrent Scan Root Regions
[17.290s][info][gc,marking    ] GC(16) Concurrent Scan Root Regions 5.055ms
[17.290s][info][gc,marking    ] GC(16) Concurrent Mark (17.290s)
[17.290s][info][gc,marking    ] GC(16) Concurrent Mark From Roots
[17.291s][info][gc,task       ] GC(16) Using 2 workers of 2 for marking
[17.294s][info][gc,marking    ] GC(16) Concurrent Mark From Roots 3.857ms
[17.294s][info][gc,marking    ] GC(16) Concurrent Preclean
[17.294s][info][gc,marking    ] GC(16) Concurrent Preclean 0.053ms
[17.294s][info][gc,marking    ] GC(16) Concurrent Mark (17.290s, 17.294s) 3.988ms
[17.295s][info][gc,start      ] GC(16) Pause Remark
[17.297s][info][gc,stringtable] GC(16) Cleaned string and symbol table, strings: 17830 processed, 0 removed, symbols: 134270 processed, 0 removed
[17.297s][info][gc            ] GC(16) Pause Remark 36M->36M(640M) 2.127ms
[17.297s][info][gc,cpu        ] GC(16) User=0.00s Sys=0.00s Real=0.00s
[17.297s][info][gc,marking    ] GC(16) Concurrent Rebuild Remembered Sets
[17.298s][info][gc,marking    ] GC(16) Concurrent Rebuild Remembered Sets 1.545ms
[17.299s][info][gc,start      ] GC(16) Pause Cleanup
[17.299s][info][gc            ] GC(16) Pause Cleanup 36M->36M(640M) 0.136ms
[17.299s][info][gc,cpu        ] GC(16) User=0.00s Sys=0.00s Real=0.00s
[17.299s][info][gc,marking    ] GC(16) Concurrent Cleanup for Next Mark
[17.299s][info][gc,marking    ] GC(16) Concurrent Cleanup for Next Mark 0.342ms
[17.299s][info][gc            ] GC(16) Concurrent Cycle 14.046ms
[19.683s][info][gc,start      ] GC(17) Pause Young (Concurrent Start) (G1 Humongous Allocation)
[19.683s][info][gc,task       ] GC(17) Using 6 workers of 6 for evacuation
[19.688s][info][gc,phases     ] GC(17)   Pre Evacuate Collection Set: 0.1ms
[19.688s][info][gc,phases     ] GC(17)   Evacuate Collection Set: 3.6ms
[19.688s][info][gc,phases     ] GC(17)   Post Evacuate Collection Set: 0.9ms
[19.688s][info][gc,phases     ] GC(17)   Other: 0.2ms
[19.688s][info][gc,heap       ] GC(17) Eden regions: 217->0(368)
[19.688s][info][gc,heap       ] GC(17) Survivor regions: 15->16(48)
[19.688s][info][gc,heap       ] GC(17) Old regions: 5->5
[19.688s][info][gc,heap       ] GC(17) Humongous regions: 280->4
[19.688s][info][gc,metaspace  ] GC(17) Metaspace: 44543K->44543K(1089536K)
[19.688s][info][gc            ] GC(17) Pause Young (Concurrent Start) (G1 Humongous Allocation) 515M->24M(640M) 4.928ms
[19.688s][info][gc,cpu        ] GC(17) User=0.00s Sys=0.00s Real=0.00s
[19.688s][info][gc            ] GC(18) Concurrent Cycle
[19.688s][info][gc,marking    ] GC(18) Concurrent Clear Claimed Marks
[19.688s][info][gc,marking    ] GC(18) Concurrent Clear Claimed Marks 0.045ms
[19.688s][info][gc,marking    ] GC(18) Concurrent Scan Root Regions
[19.691s][info][gc,marking    ] GC(18) Concurrent Scan Root Regions 2.651ms
[19.691s][info][gc,marking    ] GC(18) Concurrent Mark (19.691s)
[19.691s][info][gc,marking    ] GC(18) Concurrent Mark From Roots
[19.691s][info][gc,task       ] GC(18) Using 2 workers of 2 for marking
[19.694s][info][gc,marking    ] GC(18) Concurrent Mark From Roots 3.351ms
[19.694s][info][gc,marking    ] GC(18) Concurrent Preclean
[19.694s][info][gc,marking    ] GC(18) Concurrent Preclean 0.037ms
[19.694s][info][gc,marking    ] GC(18) Concurrent Mark (19.691s, 19.694s) 3.443ms
[19.694s][info][gc,start      ] GC(18) Pause Remark
[19.697s][info][gc,stringtable] GC(18) Cleaned string and symbol table, strings: 17889 processed, 0 removed, symbols: 134270 processed, 0 removed
[19.697s][info][gc            ] GC(18) Pause Remark 37M->37M(640M) 2.436ms
[19.697s][info][gc,cpu        ] GC(18) User=0.09s Sys=0.00s Real=0.00s
[19.697s][info][gc,marking    ] GC(18) Concurrent Rebuild Remembered Sets
[19.698s][info][gc,marking    ] GC(18) Concurrent Rebuild Remembered Sets 1.454ms
[19.699s][info][gc,start      ] GC(18) Pause Cleanup
[19.699s][info][gc            ] GC(18) Pause Cleanup 37M->37M(640M) 0.115ms
[19.699s][info][gc,cpu        ] GC(18) User=0.00s Sys=0.00s Real=0.00s
[19.699s][info][gc,marking    ] GC(18) Concurrent Cleanup for Next Mark
[19.699s][info][gc,marking    ] GC(18) Concurrent Cleanup for Next Mark 0.415ms
[19.699s][info][gc            ] GC(18) Concurrent Cycle 11.323ms
[22.161s][info][gc,start      ] GC(19) Pause Young (Concurrent Start) (G1 Humongous Allocation)
[22.161s][info][gc,task       ] GC(19) Using 6 workers of 6 for evacuation
[22.168s][info][gc,phases     ] GC(19)   Pre Evacuate Collection Set: 0.1ms
[22.168s][info][gc,phases     ] GC(19)   Evacuate Collection Set: 4.8ms
[22.168s][info][gc,phases     ] GC(19)   Post Evacuate Collection Set: 1.1ms
[22.168s][info][gc,phases     ] GC(19)   Other: 0.3ms
[22.168s][info][gc,heap       ] GC(19) Eden regions: 223->0(367)
[22.168s][info][gc,heap       ] GC(19) Survivor regions: 16->17(48)
[22.168s][info][gc,heap       ] GC(19) Old regions: 5->5
[22.168s][info][gc,heap       ] GC(19) Humongous regions: 280->4
[22.168s][info][gc,metaspace  ] GC(19) Metaspace: 44606K->44606K(1089536K)
[22.168s][info][gc            ] GC(19) Pause Young (Concurrent Start) (G1 Humongous Allocation) 523M->25M(640M) 6.327ms
[22.168s][info][gc,cpu        ] GC(19) User=0.09s Sys=0.00s Real=0.01s
[22.168s][info][gc            ] GC(20) Concurrent Cycle
[22.168s][info][gc,marking    ] GC(20) Concurrent Clear Claimed Marks
[22.168s][info][gc,marking    ] GC(20) Concurrent Clear Claimed Marks 0.043ms
[22.168s][info][gc,marking    ] GC(20) Concurrent Scan Root Regions
[22.172s][info][gc,marking    ] GC(20) Concurrent Scan Root Regions 3.716ms
[22.172s][info][gc,marking    ] GC(20) Concurrent Mark (22.172s)
[22.172s][info][gc,marking    ] GC(20) Concurrent Mark From Roots
[22.172s][info][gc,task       ] GC(20) Using 2 workers of 2 for marking
[22.176s][info][gc,marking    ] GC(20) Concurrent Mark From Roots 4.139ms
[22.176s][info][gc,marking    ] GC(20) Concurrent Preclean
[22.176s][info][gc,marking    ] GC(20) Concurrent Preclean 0.044ms
[22.176s][info][gc,marking    ] GC(20) Concurrent Mark (22.172s, 22.176s) 4.243ms
[22.176s][info][gc,start      ] GC(20) Pause Remark
[22.178s][info][gc,stringtable] GC(20) Cleaned string and symbol table, strings: 17902 processed, 0 removed, symbols: 134270 processed, 0 removed
[22.178s][info][gc            ] GC(20) Pause Remark 38M->38M(640M) 2.252ms
[22.178s][info][gc,cpu        ] GC(20) User=0.00s Sys=0.00s Real=0.00s
[22.178s][info][gc,marking    ] GC(20) Concurrent Rebuild Remembered Sets
[22.180s][info][gc,marking    ] GC(20) Concurrent Rebuild Remembered Sets 1.837ms
[22.181s][info][gc,start      ] GC(20) Pause Cleanup
[22.181s][info][gc            ] GC(20) Pause Cleanup 38M->38M(640M) 0.112ms
[22.181s][info][gc,cpu        ] GC(20) User=0.00s Sys=0.00s Real=0.00s
[22.181s][info][gc,marking    ] GC(20) Concurrent Cleanup for Next Mark
[22.182s][info][gc,marking    ] GC(20) Concurrent Cleanup for Next Mark 1.348ms
[22.182s][info][gc            ] GC(20) Concurrent Cycle 14.449ms
[24.663s][info][gc,start      ] GC(21) Pause Young (Concurrent Start) (G1 Humongous Allocation)
[24.663s][info][gc,task       ] GC(21) Using 6 workers of 6 for evacuation
[24.671s][info][gc,phases     ] GC(21)   Pre Evacuate Collection Set: 0.1ms
[24.671s][info][gc,phases     ] GC(21)   Evacuate Collection Set: 6.1ms
[24.671s][info][gc,phases     ] GC(21)   Post Evacuate Collection Set: 0.9ms
[24.671s][info][gc,phases     ] GC(21)   Other: 0.5ms
[24.671s][info][gc,heap       ] GC(21) Eden regions: 216->0(366)
[24.671s][info][gc,heap       ] GC(21) Survivor regions: 17->18(48)
[24.671s][info][gc,heap       ] GC(21) Old regions: 5->5
[24.671s][info][gc,heap       ] GC(21) Humongous regions: 280->4
[24.671s][info][gc,metaspace  ] GC(21) Metaspace: 44695K->44695K(1089536K)
[24.671s][info][gc            ] GC(21) Pause Young (Concurrent Start) (G1 Humongous Allocation) 516M->26M(640M) 7.622ms
[24.671s][info][gc,cpu        ] GC(21) User=0.09s Sys=0.00s Real=0.01s
[24.671s][info][gc            ] GC(22) Concurrent Cycle
[24.671s][info][gc,marking    ] GC(22) Concurrent Clear Claimed Marks
[24.671s][info][gc,marking    ] GC(22) Concurrent Clear Claimed Marks 0.041ms
[24.671s][info][gc,marking    ] GC(22) Concurrent Scan Root Regions
[24.674s][info][gc,marking    ] GC(22) Concurrent Scan Root Regions 2.879ms
[24.674s][info][gc,marking    ] GC(22) Concurrent Mark (24.674s)
[24.674s][info][gc,marking    ] GC(22) Concurrent Mark From Roots
[24.674s][info][gc,task       ] GC(22) Using 2 workers of 2 for marking
[24.678s][info][gc,marking    ] GC(22) Concurrent Mark From Roots 3.973ms
[24.678s][info][gc,marking    ] GC(22) Concurrent Preclean
[24.678s][info][gc,marking    ] GC(22) Concurrent Preclean 0.034ms
[24.678s][info][gc,marking    ] GC(22) Concurrent Mark (24.674s, 24.678s) 4.088ms
[24.678s][info][gc,start      ] GC(22) Pause Remark
[24.680s][info][gc,stringtable] GC(22) Cleaned string and symbol table, strings: 17949 processed, 0 removed, symbols: 134270 processed, 0 removed
[24.680s][info][gc            ] GC(22) Pause Remark 38M->38M(640M) 2.239ms
[24.680s][info][gc,cpu        ] GC(22) User=0.09s Sys=0.00s Real=0.00s
[24.680s][info][gc,marking    ] GC(22) Concurrent Rebuild Remembered Sets
[24.682s][info][gc,marking    ] GC(22) Concurrent Rebuild Remembered Sets 1.701ms
[24.682s][info][gc,start      ] GC(22) Pause Cleanup
[24.683s][info][gc            ] GC(22) Pause Cleanup 38M->38M(640M) 0.132ms
[24.683s][info][gc,cpu        ] GC(22) User=0.00s Sys=0.00s Real=0.00s
[24.683s][info][gc,marking    ] GC(22) Concurrent Cleanup for Next Mark
[24.683s][info][gc,marking    ] GC(22) Concurrent Cleanup for Next Mark 0.404ms
[24.683s][info][gc            ] GC(22) Concurrent Cycle 12.289ms
[27.110s][info][gc,start      ] GC(23) Pause Young (Concurrent Start) (G1 Humongous Allocation)
[27.110s][info][gc,task       ] GC(23) Using 6 workers of 6 for evacuation
[27.118s][info][gc,phases     ] GC(23)   Pre Evacuate Collection Set: 0.1ms
[27.118s][info][gc,phases     ] GC(23)   Evacuate Collection Set: 7.3ms
[27.118s][info][gc,phases     ] GC(23)   Post Evacuate Collection Set: 0.9ms
[27.118s][info][gc,phases     ] GC(23)   Other: 0.5ms
[27.118s][info][gc,heap       ] GC(23) Eden regions: 210->0(365)
[27.118s][info][gc,heap       ] GC(23) Survivor regions: 18->19(48)
[27.118s][info][gc,heap       ] GC(23) Old regions: 5->5
[27.118s][info][gc,heap       ] GC(23) Humongous regions: 280->4
[27.118s][info][gc,metaspace  ] GC(23) Metaspace: 44775K->44775K(1089536K)
[27.118s][info][gc            ] GC(23) Pause Young (Concurrent Start) (G1 Humongous Allocation) 511M->27M(640M) 8.827ms
[27.118s][info][gc,cpu        ] GC(23) User=0.00s Sys=0.00s Real=0.01s
[27.118s][info][gc            ] GC(24) Concurrent Cycle
[27.118s][info][gc,marking    ] GC(24) Concurrent Clear Claimed Marks
[27.118s][info][gc,marking    ] GC(24) Concurrent Clear Claimed Marks 0.031ms
[27.119s][info][gc,marking    ] GC(24) Concurrent Scan Root Regions
[27.121s][info][gc,marking    ] GC(24) Concurrent Scan Root Regions 2.622ms
[27.121s][info][gc,marking    ] GC(24) Concurrent Mark (27.121s)
[27.121s][info][gc,marking    ] GC(24) Concurrent Mark From Roots
[27.121s][info][gc,task       ] GC(24) Using 2 workers of 2 for marking
[27.125s][info][gc,marking    ] GC(24) Concurrent Mark From Roots 3.526ms
[27.125s][info][gc,marking    ] GC(24) Concurrent Preclean
[27.125s][info][gc,marking    ] GC(24) Concurrent Preclean 0.051ms
[27.125s][info][gc,marking    ] GC(24) Concurrent Mark (27.121s, 27.125s) 3.638ms
[27.125s][info][gc,start      ] GC(24) Pause Remark
[27.127s][info][gc,stringtable] GC(24) Cleaned string and symbol table, strings: 18019 processed, 0 removed, symbols: 134271 processed, 0 removed
[27.127s][info][gc            ] GC(24) Pause Remark 39M->39M(640M) 2.243ms
[27.127s][info][gc,cpu        ] GC(24) User=0.00s Sys=0.00s Real=0.00s
[27.127s][info][gc,marking    ] GC(24) Concurrent Rebuild Remembered Sets
[27.129s][info][gc,marking    ] GC(24) Concurrent Rebuild Remembered Sets 1.800ms
[27.129s][info][gc,start      ] GC(24) Pause Cleanup
[27.129s][info][gc            ] GC(24) Pause Cleanup 40M->40M(640M) 0.121ms
[27.129s][info][gc,cpu        ] GC(24) User=0.00s Sys=0.00s Real=0.00s
[27.130s][info][gc,marking    ] GC(24) Concurrent Cleanup for Next Mark
[27.130s][info][gc,marking    ] GC(24) Concurrent Cleanup for Next Mark 0.480ms
[27.130s][info][gc            ] GC(24) Concurrent Cycle 11.664ms
[29.478s][info][gc,start      ] GC(25) Pause Young (Concurrent Start) (G1 Humongous Allocation)
[29.478s][info][gc,task       ] GC(25) Using 6 workers of 6 for evacuation
[29.483s][info][gc,phases     ] GC(25)   Pre Evacuate Collection Set: 0.1ms
[29.483s][info][gc,phases     ] GC(25)   Evacuate Collection Set: 4.3ms
[29.483s][info][gc,phases     ] GC(25)   Post Evacuate Collection Set: 0.9ms
[29.483s][info][gc,phases     ] GC(25)   Other: 0.2ms
[29.483s][info][gc,heap       ] GC(25) Eden regions: 222->0(364)
[29.483s][info][gc,heap       ] GC(25) Survivor regions: 19->20(48)
[29.483s][info][gc,heap       ] GC(25) Old regions: 5->5
[29.483s][info][gc,heap       ] GC(25) Humongous regions: 280->4
[29.483s][info][gc,metaspace  ] GC(25) Metaspace: 44877K->44877K(1089536K)
[29.483s][info][gc            ] GC(25) Pause Young (Concurrent Start) (G1 Humongous Allocation) 524M->27M(640M) 5.612ms
[29.483s][info][gc,cpu        ] GC(25) User=0.00s Sys=0.00s Real=0.01s
[29.483s][info][gc            ] GC(26) Concurrent Cycle
[29.483s][info][gc,marking    ] GC(26) Concurrent Clear Claimed Marks
[29.483s][info][gc,marking    ] GC(26) Concurrent Clear Claimed Marks 0.046ms
[29.483s][info][gc,marking    ] GC(26) Concurrent Scan Root Regions
[29.486s][info][gc,marking    ] GC(26) Concurrent Scan Root Regions 2.340ms
[29.486s][info][gc,marking    ] GC(26) Concurrent Mark (29.486s)
[29.486s][info][gc,marking    ] GC(26) Concurrent Mark From Roots
[29.486s][info][gc,task       ] GC(26) Using 2 workers of 2 for marking
[29.489s][info][gc,marking    ] GC(26) Concurrent Mark From Roots 3.516ms
[29.489s][info][gc,marking    ] GC(26) Concurrent Preclean
[29.489s][info][gc,marking    ] GC(26) Concurrent Preclean 0.036ms
[29.489s][info][gc,marking    ] GC(26) Concurrent Mark (29.486s, 29.489s) 3.600ms
[29.489s][info][gc,start      ] GC(26) Pause Remark
[29.492s][info][gc,stringtable] GC(26) Cleaned string and symbol table, strings: 18107 processed, 0 removed, symbols: 134271 processed, 0 removed
[29.492s][info][gc            ] GC(26) Pause Remark 40M->40M(640M) 2.466ms
[29.492s][info][gc,cpu        ] GC(26) User=0.00s Sys=0.00s Real=0.00s
[29.492s][info][gc,marking    ] GC(26) Concurrent Rebuild Remembered Sets
[29.494s][info][gc,marking    ] GC(26) Concurrent Rebuild Remembered Sets 1.692ms
[29.494s][info][gc,start      ] GC(26) Pause Cleanup
[29.494s][info][gc            ] GC(26) Pause Cleanup 40M->40M(640M) 0.086ms
[29.494s][info][gc,cpu        ] GC(26) User=0.00s Sys=0.00s Real=0.00s
[29.494s][info][gc,marking    ] GC(26) Concurrent Cleanup for Next Mark
[29.495s][info][gc,marking    ] GC(26) Concurrent Cleanup for Next Mark 0.469ms
[29.495s][info][gc            ] GC(26) Concurrent Cycle 11.329ms
[31.831s][info][gc,start      ] GC(27) Pause Young (Concurrent Start) (G1 Humongous Allocation)
[31.831s][info][gc,task       ] GC(27) Using 6 workers of 6 for evacuation
[31.837s][info][gc,phases     ] GC(27)   Pre Evacuate Collection Set: 0.1ms
[31.837s][info][gc,phases     ] GC(27)   Evacuate Collection Set: 5.4ms
[31.837s][info][gc,phases     ] GC(27)   Post Evacuate Collection Set: 0.9ms
[31.837s][info][gc,phases     ] GC(27)   Other: 0.3ms
[31.837s][info][gc,heap       ] GC(27) Eden regions: 220->0(364)
[31.837s][info][gc,heap       ] GC(27) Survivor regions: 20->20(48)
[31.837s][info][gc,heap       ] GC(27) Old regions: 5->5
[31.837s][info][gc,heap       ] GC(27) Humongous regions: 280->4
[31.837s][info][gc,metaspace  ] GC(27) Metaspace: 44938K->44938K(1089536K)
[31.837s][info][gc            ] GC(27) Pause Young (Concurrent Start) (G1 Humongous Allocation) 523M->28M(640M) 6.688ms
[31.837s][info][gc,cpu        ] GC(27) User=0.09s Sys=0.00s Real=0.01s
[31.838s][info][gc            ] GC(28) Concurrent Cycle
[31.838s][info][gc,marking    ] GC(28) Concurrent Clear Claimed Marks
[31.838s][info][gc,marking    ] GC(28) Concurrent Clear Claimed Marks 0.036ms
[31.838s][info][gc,marking    ] GC(28) Concurrent Scan Root Regions
[31.841s][info][gc,marking    ] GC(28) Concurrent Scan Root Regions 2.826ms
[31.841s][info][gc,marking    ] GC(28) Concurrent Mark (31.841s)
[31.841s][info][gc,marking    ] GC(28) Concurrent Mark From Roots
[31.841s][info][gc,task       ] GC(28) Using 2 workers of 2 for marking
[31.845s][info][gc,marking    ] GC(28) Concurrent Mark From Roots 4.320ms
[31.845s][info][gc,marking    ] GC(28) Concurrent Preclean
[31.845s][info][gc,marking    ] GC(28) Concurrent Preclean 0.069ms
[31.845s][info][gc,marking    ] GC(28) Concurrent Mark (31.841s, 31.845s) 4.468ms
[31.845s][info][gc,start      ] GC(28) Pause Remark
[31.847s][info][gc,stringtable] GC(28) Cleaned string and symbol table, strings: 18139 processed, 0 removed, symbols: 134271 processed, 0 removed
[31.848s][info][gc            ] GC(28) Pause Remark 42M->42M(640M) 2.388ms
[31.848s][info][gc,cpu        ] GC(28) User=0.00s Sys=0.00s Real=0.00s
[31.848s][info][gc,marking    ] GC(28) Concurrent Rebuild Remembered Sets
[31.849s][info][gc,marking    ] GC(28) Concurrent Rebuild Remembered Sets 1.545ms
[31.850s][info][gc,start      ] GC(28) Pause Cleanup
[31.850s][info][gc            ] GC(28) Pause Cleanup 42M->42M(640M) 0.127ms
[31.850s][info][gc,cpu        ] GC(28) User=0.00s Sys=0.00s Real=0.00s
[31.850s][info][gc,marking    ] GC(28) Concurrent Cleanup for Next Mark
[31.850s][info][gc,marking    ] GC(28) Concurrent Cleanup for Next Mark 0.390ms
[31.850s][info][gc            ] GC(28) Concurrent Cycle 12.777ms
[34.263s][info][gc,start      ] GC(29) Pause Young (Concurrent Start) (G1 Humongous Allocation)
[34.263s][info][gc,task       ] GC(29) Using 6 workers of 6 for evacuation
[34.278s][info][gc,phases     ] GC(29)   Pre Evacuate Collection Set: 0.1ms
[34.278s][info][gc,phases     ] GC(29)   Evacuate Collection Set: 12.3ms
[34.278s][info][gc,phases     ] GC(29)   Post Evacuate Collection Set: 1.6ms
[34.278s][info][gc,phases     ] GC(29)   Other: 0.7ms
[34.278s][info][gc,heap       ] GC(29) Eden regions: 218->0(364)
[34.278s][info][gc,heap       ] GC(29) Survivor regions: 20->20(48)
[34.278s][info][gc,heap       ] GC(29) Old regions: 5->6
[34.278s][info][gc,heap       ] GC(29) Humongous regions: 280->4
[34.278s][info][gc,metaspace  ] GC(29) Metaspace: 45023K->45023K(1089536K)
[34.278s][info][gc            ] GC(29) Pause Young (Concurrent Start) (G1 Humongous Allocation) 522M->29M(640M) 15.012ms
[34.278s][info][gc,cpu        ] GC(29) User=0.09s Sys=0.00s Real=0.02s
[34.279s][info][gc            ] GC(30) Concurrent Cycle
[34.279s][info][gc,marking    ] GC(30) Concurrent Clear Claimed Marks
[34.279s][info][gc,marking    ] GC(30) Concurrent Clear Claimed Marks 0.103ms
[34.279s][info][gc,marking    ] GC(30) Concurrent Scan Root Regions
[34.283s][info][gc,marking    ] GC(30) Concurrent Scan Root Regions 4.187ms
[34.283s][info][gc,marking    ] GC(30) Concurrent Mark (34.283s)
[34.283s][info][gc,marking    ] GC(30) Concurrent Mark From Roots
[34.283s][info][gc,task       ] GC(30) Using 2 workers of 2 for marking
[34.291s][info][gc,marking    ] GC(30) Concurrent Mark From Roots 7.722ms
[34.291s][info][gc,marking    ] GC(30) Concurrent Preclean
[34.291s][info][gc,marking    ] GC(30) Concurrent Preclean 0.069ms
[34.291s][info][gc,marking    ] GC(30) Concurrent Mark (34.283s, 34.291s) 7.893ms
[34.291s][info][gc,start      ] GC(30) Pause Remark
[34.294s][info][gc,stringtable] GC(30) Cleaned string and symbol table, strings: 18158 processed, 0 removed, symbols: 134271 processed, 0 removed
[34.294s][info][gc            ] GC(30) Pause Remark 41M->41M(640M) 3.046ms
[34.295s][info][gc,cpu        ] GC(30) User=0.00s Sys=0.00s Real=0.00s
[34.295s][info][gc,marking    ] GC(30) Concurrent Rebuild Remembered Sets
[34.298s][info][gc,marking    ] GC(30) Concurrent Rebuild Remembered Sets 3.129ms
[34.298s][info][gc,start      ] GC(30) Pause Cleanup
[34.298s][info][gc            ] GC(30) Pause Cleanup 42M->42M(640M) 0.141ms
[34.298s][info][gc,cpu        ] GC(30) User=0.00s Sys=0.00s Real=0.00s
[34.298s][info][gc,marking    ] GC(30) Concurrent Cleanup for Next Mark
[34.299s][info][gc,marking    ] GC(30) Concurrent Cleanup for Next Mark 0.453ms
[34.299s][info][gc            ] GC(30) Concurrent Cycle 20.375ms
[36.679s][info][gc,start      ] GC(31) Pause Young (Concurrent Start) (G1 Humongous Allocation)
[36.679s][info][gc,task       ] GC(31) Using 6 workers of 6 for evacuation
[36.687s][info][gc,phases     ] GC(31)   Pre Evacuate Collection Set: 0.1ms
[36.687s][info][gc,phases     ] GC(31)   Evacuate Collection Set: 6.4ms
[36.687s][info][gc,phases     ] GC(31)   Post Evacuate Collection Set: 1.1ms
[36.687s][info][gc,phases     ] GC(31)   Other: 0.3ms
[36.687s][info][gc,heap       ] GC(31) Eden regions: 207->0(365)
[36.687s][info][gc,heap       ] GC(31) Survivor regions: 20->19(48)
[36.687s][info][gc,heap       ] GC(31) Old regions: 6->9
[36.687s][info][gc,heap       ] GC(31) Humongous regions: 280->4
[36.687s][info][gc,metaspace  ] GC(31) Metaspace: 45069K->45069K(1089536K)
[36.687s][info][gc            ] GC(31) Pause Young (Concurrent Start) (G1 Humongous Allocation) 511M->30M(640M) 8.057ms
[36.687s][info][gc,cpu        ] GC(31) User=0.08s Sys=0.02s Real=0.00s
[36.687s][info][gc            ] GC(32) Concurrent Cycle
[36.687s][info][gc,marking    ] GC(32) Concurrent Clear Claimed Marks
[36.687s][info][gc,marking    ] GC(32) Concurrent Clear Claimed Marks 0.051ms
[36.687s][info][gc,marking    ] GC(32) Concurrent Scan Root Regions
[36.691s][info][gc,marking    ] GC(32) Concurrent Scan Root Regions 3.179ms
[36.691s][info][gc,marking    ] GC(32) Concurrent Mark (36.691s)
[36.691s][info][gc,marking    ] GC(32) Concurrent Mark From Roots
[36.691s][info][gc,task       ] GC(32) Using 2 workers of 2 for marking
[36.697s][info][gc,marking    ] GC(32) Concurrent Mark From Roots 6.262ms
[36.697s][info][gc,marking    ] GC(32) Concurrent Preclean
[36.697s][info][gc,marking    ] GC(32) Concurrent Preclean 0.054ms
[36.697s][info][gc,marking    ] GC(32) Concurrent Mark (36.691s, 36.697s) 6.376ms
[36.697s][info][gc,start      ] GC(32) Pause Remark
[36.699s][info][gc,stringtable] GC(32) Cleaned string and symbol table, strings: 18196 processed, 1 removed, symbols: 134272 processed, 1 removed
[36.700s][info][gc            ] GC(32) Pause Remark 47M->47M(640M) 2.358ms
[36.700s][info][gc,cpu        ] GC(32) User=0.00s Sys=0.00s Real=0.00s
[36.700s][info][gc,marking    ] GC(32) Concurrent Rebuild Remembered Sets
[36.702s][info][gc,marking    ] GC(32) Concurrent Rebuild Remembered Sets 2.496ms
[36.703s][info][gc,start      ] GC(32) Pause Cleanup
[36.703s][info][gc            ] GC(32) Pause Cleanup 47M->47M(640M) 0.174ms
[36.703s][info][gc,cpu        ] GC(32) User=0.00s Sys=0.00s Real=0.00s
[36.703s][info][gc,marking    ] GC(32) Concurrent Cleanup for Next Mark
[36.703s][info][gc,marking    ] GC(32) Concurrent Cleanup for Next Mark 0.438ms
[36.703s][info][gc            ] GC(32) Concurrent Cycle 16.048ms
[39.005s][info][gc,start      ] GC(33) Pause Young (Concurrent Start) (G1 Humongous Allocation)
[39.005s][info][gc,task       ] GC(33) Using 6 workers of 6 for evacuation
[39.013s][info][gc,phases     ] GC(33)   Pre Evacuate Collection Set: 0.1ms
[39.013s][info][gc,phases     ] GC(33)   Evacuate Collection Set: 6.2ms
[39.013s][info][gc,phases     ] GC(33)   Post Evacuate Collection Set: 1.0ms
[39.013s][info][gc,phases     ] GC(33)   Other: 0.3ms
[39.013s][info][gc,heap       ] GC(33) Eden regions: 204->0(366)
[39.013s][info][gc,heap       ] GC(33) Survivor regions: 19->18(48)
[39.013s][info][gc,heap       ] GC(33) Old regions: 9->10
[39.013s][info][gc,heap       ] GC(33) Humongous regions: 276->12
[39.013s][info][gc,metaspace  ] GC(33) Metaspace: 45182K->45182K(1089536K)
[39.013s][info][gc            ] GC(33) Pause Young (Concurrent Start) (G1 Humongous Allocation) 505M->39M(640M) 7.581ms
[39.013s][info][gc,cpu        ] GC(33) User=0.02s Sys=0.00s Real=0.01s
[39.013s][info][gc            ] GC(34) Concurrent Cycle
[39.013s][info][gc,marking    ] GC(34) Concurrent Clear Claimed Marks
[39.013s][info][gc,marking    ] GC(34) Concurrent Clear Claimed Marks 0.189ms
[39.013s][info][gc,marking    ] GC(34) Concurrent Scan Root Regions
[39.015s][info][gc,marking    ] GC(34) Concurrent Scan Root Regions 1.436ms
[39.015s][info][gc,marking    ] GC(34) Concurrent Mark (39.015s)
[39.015s][info][gc,marking    ] GC(34) Concurrent Mark From Roots
[39.015s][info][gc,task       ] GC(34) Using 2 workers of 2 for marking
[39.021s][info][gc,marking    ] GC(34) Concurrent Mark From Roots 6.354ms
[39.021s][info][gc,marking    ] GC(34) Concurrent Preclean
[39.021s][info][gc,marking    ] GC(34) Concurrent Preclean 0.040ms
[39.021s][info][gc,marking    ] GC(34) Concurrent Mark (39.015s, 39.021s) 6.440ms
[39.021s][info][gc,start      ] GC(34) Pause Remark
[39.024s][info][gc,stringtable] GC(34) Cleaned string and symbol table, strings: 18214 processed, 6 removed, symbols: 134271 processed, 0 removed
[39.024s][info][gc            ] GC(34) Pause Remark 44M->44M(640M) 2.385ms
[39.024s][info][gc,cpu        ] GC(34) User=0.00s Sys=0.00s Real=0.00s
[39.024s][info][gc,marking    ] GC(34) Concurrent Rebuild Remembered Sets
[39.027s][info][gc,marking    ] GC(34) Concurrent Rebuild Remembered Sets 3.138ms
[39.027s][info][gc,start      ] GC(34) Pause Cleanup
[39.028s][info][gc            ] GC(34) Pause Cleanup 45M->45M(640M) 0.179ms
[39.028s][info][gc,cpu        ] GC(34) User=0.00s Sys=0.00s Real=0.00s
[39.028s][info][gc,marking    ] GC(34) Concurrent Cleanup for Next Mark
[39.028s][info][gc,marking    ] GC(34) Concurrent Cleanup for Next Mark 0.348ms
[39.028s][info][gc            ] GC(34) Concurrent Cycle 14.985ms
[41.354s][info][gc,start      ] GC(35) Pause Young (Concurrent Start) (G1 Humongous Allocation)
[41.354s][info][gc,task       ] GC(35) Using 6 workers of 6 for evacuation
[41.358s][info][gc,phases     ] GC(35)   Pre Evacuate Collection Set: 0.1ms
[41.358s][info][gc,phases     ] GC(35)   Evacuate Collection Set: 3.4ms
[41.358s][info][gc,phases     ] GC(35)   Post Evacuate Collection Set: 0.8ms
[41.358s][info][gc,phases     ] GC(35)   Other: 0.3ms
[41.358s][info][gc,heap       ] GC(35) Eden regions: 209->0(366)
[41.358s][info][gc,heap       ] GC(35) Survivor regions: 18->18(48)
[41.358s][info][gc,heap       ] GC(35) Old regions: 10->11
[41.358s][info][gc,heap       ] GC(35) Humongous regions: 276->12
[41.358s][info][gc,metaspace  ] GC(35) Metaspace: 45206K->45206K(1091584K)
[41.358s][info][gc            ] GC(35) Pause Young (Concurrent Start) (G1 Humongous Allocation) 511M->39M(640M) 4.641ms
[41.358s][info][gc,cpu        ] GC(35) User=0.00s Sys=0.00s Real=0.00s
[41.358s][info][gc            ] GC(36) Concurrent Cycle
[41.358s][info][gc,marking    ] GC(36) Concurrent Clear Claimed Marks
[41.359s][info][gc,marking    ] GC(36) Concurrent Clear Claimed Marks 0.048ms
[41.359s][info][gc,marking    ] GC(36) Concurrent Scan Root Regions
[41.360s][info][gc,marking    ] GC(36) Concurrent Scan Root Regions 1.397ms
[41.360s][info][gc,marking    ] GC(36) Concurrent Mark (41.360s)
[41.360s][info][gc,marking    ] GC(36) Concurrent Mark From Roots
[41.360s][info][gc,task       ] GC(36) Using 2 workers of 2 for marking
[41.367s][info][gc,marking    ] GC(36) Concurrent Mark From Roots 6.932ms
[41.367s][info][gc,marking    ] GC(36) Concurrent Preclean
[41.367s][info][gc,marking    ] GC(36) Concurrent Preclean 0.040ms
[41.367s][info][gc,marking    ] GC(36) Concurrent Mark (41.360s, 41.367s) 7.021ms
[41.367s][info][gc,start      ] GC(36) Pause Remark
[41.372s][info][gc,stringtable] GC(36) Cleaned string and symbol table, strings: 18227 processed, 6 removed, symbols: 134271 processed, 0 removed
[41.373s][info][gc            ] GC(36) Pause Remark 45M->45M(640M) 5.595ms
[41.373s][info][gc,cpu        ] GC(36) User=0.00s Sys=0.02s Real=0.01s
[41.373s][info][gc,marking    ] GC(36) Concurrent Rebuild Remembered Sets
[41.377s][info][gc,marking    ] GC(36) Concurrent Rebuild Remembered Sets 3.427ms
[41.377s][info][gc,start      ] GC(36) Pause Cleanup
[41.377s][info][gc            ] GC(36) Pause Cleanup 46M->46M(640M) 0.167ms
[41.377s][info][gc,cpu        ] GC(36) User=0.00s Sys=0.00s Real=0.00s
[41.377s][info][gc,marking    ] GC(36) Concurrent Cleanup for Next Mark
[41.378s][info][gc,marking    ] GC(36) Concurrent Cleanup for Next Mark 0.387ms
[41.378s][info][gc            ] GC(36) Concurrent Cycle 19.109ms
[43.668s][info][gc,start      ] GC(37) Pause Young (Concurrent Start) (GCLocker Initiated GC)
[43.668s][info][gc,task       ] GC(37) Using 6 workers of 6 for evacuation
[43.673s][info][gc,phases     ] GC(37)   Pre Evacuate Collection Set: 0.1ms
[43.673s][info][gc,phases     ] GC(37)   Evacuate Collection Set: 3.6ms
[43.673s][info][gc,phases     ] GC(37)   Post Evacuate Collection Set: 0.8ms
[43.673s][info][gc,phases     ] GC(37)   Other: 0.2ms
[43.673s][info][gc,heap       ] GC(37) Eden regions: 205->0(367)
[43.673s][info][gc,heap       ] GC(37) Survivor regions: 18->17(48)
[43.673s][info][gc,heap       ] GC(37) Old regions: 11->13
[43.673s][info][gc,heap       ] GC(37) Humongous regions: 276->8
[43.673s][info][gc,metaspace  ] GC(37) Metaspace: 45414K->45414K(1091584K)
[43.673s][info][gc            ] GC(37) Pause Young (Concurrent Start) (GCLocker Initiated GC) 508M->36M(640M) 4.738ms
[43.673s][info][gc,cpu        ] GC(37) User=0.00s Sys=0.00s Real=0.01s
[43.673s][info][gc            ] GC(38) Concurrent Cycle
[43.673s][info][gc,marking    ] GC(38) Concurrent Clear Claimed Marks
[43.673s][info][gc,marking    ] GC(38) Concurrent Clear Claimed Marks 0.081ms
[43.673s][info][gc,marking    ] GC(38) Concurrent Scan Root Regions
[43.673s][info][gc,marking    ] GC(38) Concurrent Scan Root Regions 0.486ms
[43.673s][info][gc,marking    ] GC(38) Concurrent Mark (43.673s)
[43.673s][info][gc,marking    ] GC(38) Concurrent Mark From Roots
[43.673s][info][gc,task       ] GC(38) Using 2 workers of 2 for marking
[43.682s][info][gc,marking    ] GC(38) Concurrent Mark From Roots 8.139ms
[43.682s][info][gc,marking    ] GC(38) Concurrent Preclean
[43.682s][info][gc,marking    ] GC(38) Concurrent Preclean 0.053ms
[43.682s][info][gc,marking    ] GC(38) Concurrent Mark (43.673s, 43.682s) 8.242ms
[43.682s][info][gc,start      ] GC(38) Pause Remark
[43.685s][info][gc,stringtable] GC(38) Cleaned string and symbol table, strings: 18289 processed, 0 removed, symbols: 134372 processed, 1 removed
[43.685s][info][gc            ] GC(38) Pause Remark 41M->41M(640M) 2.920ms
[43.685s][info][gc,cpu        ] GC(38) User=0.00s Sys=0.00s Real=0.00s
[43.685s][info][gc,marking    ] GC(38) Concurrent Rebuild Remembered Sets
[43.689s][info][gc,marking    ] GC(38) Concurrent Rebuild Remembered Sets 3.958ms
[43.689s][info][gc,start      ] GC(38) Pause Cleanup
[43.689s][info][gc            ] GC(38) Pause Cleanup 41M->41M(640M) 0.133ms
[43.689s][info][gc,cpu        ] GC(38) User=0.00s Sys=0.00s Real=0.00s
[43.689s][info][gc,marking    ] GC(38) Concurrent Cleanup for Next Mark
[43.690s][info][gc,marking    ] GC(38) Concurrent Cleanup for Next Mark 0.383ms
[43.690s][info][gc            ] GC(38) Concurrent Cycle 17.108ms
[45.860s][info][gc,start      ] GC(39) Pause Young (Concurrent Start) (GCLocker Initiated GC)
[45.860s][info][gc,task       ] GC(39) Using 6 workers of 6 for evacuation
[45.863s][info][gc,phases     ] GC(39)   Pre Evacuate Collection Set: 0.1ms
[45.863s][info][gc,phases     ] GC(39)   Evacuate Collection Set: 2.1ms
[45.863s][info][gc,phases     ] GC(39)   Post Evacuate Collection Set: 0.8ms
[45.863s][info][gc,phases     ] GC(39)   Other: 0.2ms
[45.863s][info][gc,heap       ] GC(39) Eden regions: 193->0(366)
[45.863s][info][gc,heap       ] GC(39) Survivor regions: 17->18(48)
[45.863s][info][gc,heap       ] GC(39) Old regions: 13->13
[45.863s][info][gc,heap       ] GC(39) Humongous regions: 272->8
[45.863s][info][gc,metaspace  ] GC(39) Metaspace: 45441K->45441K(1091584K)
[45.863s][info][gc            ] GC(39) Pause Young (Concurrent Start) (GCLocker Initiated GC) 493M->37M(640M) 3.296ms
[45.863s][info][gc,cpu        ] GC(39) User=0.00s Sys=0.00s Real=0.00s
[45.863s][info][gc            ] GC(40) Concurrent Cycle
[45.863s][info][gc,marking    ] GC(40) Concurrent Clear Claimed Marks
[45.863s][info][gc,marking    ] GC(40) Concurrent Clear Claimed Marks 0.088ms
[45.863s][info][gc,marking    ] GC(40) Concurrent Scan Root Regions
[45.864s][info][gc,marking    ] GC(40) Concurrent Scan Root Regions 0.655ms
[45.864s][info][gc,marking    ] GC(40) Concurrent Mark (45.864s)
[45.864s][info][gc,marking    ] GC(40) Concurrent Mark From Roots
[45.864s][info][gc,task       ] GC(40) Using 2 workers of 2 for marking
[45.872s][info][gc,marking    ] GC(40) Concurrent Mark From Roots 7.930ms
[45.872s][info][gc,marking    ] GC(40) Concurrent Preclean
[45.872s][info][gc,marking    ] GC(40) Concurrent Preclean 0.044ms
[45.872s][info][gc,marking    ] GC(40) Concurrent Mark (45.864s, 45.872s) 8.020ms
[45.872s][info][gc,start      ] GC(40) Pause Remark
[45.874s][info][gc,stringtable] GC(40) Cleaned string and symbol table, strings: 18291 processed, 11 removed, symbols: 134371 processed, 0 removed
[45.874s][info][gc            ] GC(40) Pause Remark 43M->43M(640M) 2.474ms
[45.874s][info][gc,cpu        ] GC(40) User=0.00s Sys=0.00s Real=0.00s
[45.875s][info][gc,marking    ] GC(40) Concurrent Rebuild Remembered Sets
[45.879s][info][gc,marking    ] GC(40) Concurrent Rebuild Remembered Sets 3.956ms
[45.879s][info][gc,start      ] GC(40) Pause Cleanup
[45.879s][info][gc            ] GC(40) Pause Cleanup 43M->43M(640M) 0.120ms
[45.879s][info][gc,cpu        ] GC(40) User=0.00s Sys=0.00s Real=0.00s
[45.879s][info][gc,marking    ] GC(40) Concurrent Cleanup for Next Mark
[45.879s][info][gc,marking    ] GC(40) Concurrent Cleanup for Next Mark 0.351ms
[45.879s][info][gc            ] GC(40) Concurrent Cycle 16.494ms
[48.034s][info][gc,start      ] GC(41) Pause Young (Concurrent Start) (GCLocker Initiated GC)
[48.034s][info][gc,task       ] GC(41) Using 6 workers of 6 for evacuation
[48.037s][info][gc,phases     ] GC(41)   Pre Evacuate Collection Set: 0.1ms
[48.037s][info][gc,phases     ] GC(41)   Evacuate Collection Set: 2.3ms
[48.037s][info][gc,phases     ] GC(41)   Post Evacuate Collection Set: 0.8ms
[48.037s][info][gc,phases     ] GC(41)   Other: 0.2ms
[48.037s][info][gc,heap       ] GC(41) Eden regions: 204->0(365)
[48.037s][info][gc,heap       ] GC(41) Survivor regions: 18->19(48)
[48.037s][info][gc,heap       ] GC(41) Old regions: 13->13
[48.037s][info][gc,heap       ] GC(41) Humongous regions: 272->8
[48.037s][info][gc,metaspace  ] GC(41) Metaspace: 45449K->45449K(1091584K)
[48.037s][info][gc            ] GC(41) Pause Young (Concurrent Start) (GCLocker Initiated GC) 505M->38M(640M) 3.530ms
[48.037s][info][gc,cpu        ] GC(41) User=0.00s Sys=0.00s Real=0.00s
[48.037s][info][gc            ] GC(42) Concurrent Cycle
[48.037s][info][gc,marking    ] GC(42) Concurrent Clear Claimed Marks
[48.037s][info][gc,marking    ] GC(42) Concurrent Clear Claimed Marks 0.049ms
[48.037s][info][gc,marking    ] GC(42) Concurrent Scan Root Regions
[48.038s][info][gc,marking    ] GC(42) Concurrent Scan Root Regions 0.548ms
[48.038s][info][gc,marking    ] GC(42) Concurrent Mark (48.038s)
[48.038s][info][gc,marking    ] GC(42) Concurrent Mark From Roots
[48.038s][info][gc,task       ] GC(42) Using 2 workers of 2 for marking
[48.046s][info][gc,marking    ] GC(42) Concurrent Mark From Roots 8.224ms
[48.046s][info][gc,marking    ] GC(42) Concurrent Preclean
[48.046s][info][gc,marking    ] GC(42) Concurrent Preclean 0.044ms
[48.046s][info][gc,marking    ] GC(42) Concurrent Mark (48.038s, 48.046s) 8.328ms
[48.047s][info][gc,start      ] GC(42) Pause Remark
[48.049s][info][gc,stringtable] GC(42) Cleaned string and symbol table, strings: 18285 processed, 0 removed, symbols: 134371 processed, 0 removed
[48.049s][info][gc            ] GC(42) Pause Remark 44M->44M(640M) 2.434ms
[48.049s][info][gc,cpu        ] GC(42) User=0.00s Sys=0.00s Real=0.00s
[48.049s][info][gc,marking    ] GC(42) Concurrent Rebuild Remembered Sets
[48.054s][info][gc,marking    ] GC(42) Concurrent Rebuild Remembered Sets 4.379ms
[48.054s][info][gc,start      ] GC(42) Pause Cleanup
[48.054s][info][gc            ] GC(42) Pause Cleanup 44M->44M(640M) 0.118ms
[48.054s][info][gc,cpu        ] GC(42) User=0.00s Sys=0.00s Real=0.00s
[48.054s][info][gc,marking    ] GC(42) Concurrent Cleanup for Next Mark
[48.055s][info][gc,marking    ] GC(42) Concurrent Cleanup for Next Mark 0.361ms
[48.055s][info][gc            ] GC(42) Concurrent Cycle 17.186ms
[50.212s][info][gc,start      ] GC(43) Pause Young (Concurrent Start) (GCLocker Initiated GC)
[50.212s][info][gc,task       ] GC(43) Using 6 workers of 6 for evacuation
[50.215s][info][gc,phases     ] GC(43)   Pre Evacuate Collection Set: 0.1ms
[50.215s][info][gc,phases     ] GC(43)   Evacuate Collection Set: 2.1ms
[50.215s][info][gc,phases     ] GC(43)   Post Evacuate Collection Set: 0.8ms
[50.215s][info][gc,phases     ] GC(43)   Other: 0.2ms
[50.215s][info][gc,heap       ] GC(43) Eden regions: 199->0(365)
[50.215s][info][gc,heap       ] GC(43) Survivor regions: 19->19(48)
[50.215s][info][gc,heap       ] GC(43) Old regions: 13->13
[50.215s][info][gc,heap       ] GC(43) Humongous regions: 272->8
[50.215s][info][gc,metaspace  ] GC(43) Metaspace: 45462K->45462K(1091584K)
[50.215s][info][gc            ] GC(43) Pause Young (Concurrent Start) (GCLocker Initiated GC) 501M->39M(640M) 3.246ms
[50.215s][info][gc,cpu        ] GC(43) User=0.00s Sys=0.00s Real=0.00s
[50.215s][info][gc            ] GC(44) Concurrent Cycle
[50.215s][info][gc,marking    ] GC(44) Concurrent Clear Claimed Marks
[50.215s][info][gc,marking    ] GC(44) Concurrent Clear Claimed Marks 0.085ms
[50.215s][info][gc,marking    ] GC(44) Concurrent Scan Root Regions
[50.216s][info][gc,marking    ] GC(44) Concurrent Scan Root Regions 0.599ms
[50.216s][info][gc,marking    ] GC(44) Concurrent Mark (50.216s)
[50.216s][info][gc,marking    ] GC(44) Concurrent Mark From Roots
[50.216s][info][gc,task       ] GC(44) Using 2 workers of 2 for marking
[50.224s][info][gc,marking    ] GC(44) Concurrent Mark From Roots 8.493ms
[50.224s][info][gc,marking    ] GC(44) Concurrent Preclean
[50.224s][info][gc,marking    ] GC(44) Concurrent Preclean 0.048ms
[50.224s][info][gc,marking    ] GC(44) Concurrent Mark (50.216s, 50.224s) 8.587ms
[50.225s][info][gc,start      ] GC(44) Pause Remark
[50.227s][info][gc,stringtable] GC(44) Cleaned string and symbol table, strings: 18304 processed, 0 removed, symbols: 134371 processed, 0 removed
[50.227s][info][gc            ] GC(44) Pause Remark 45M->45M(640M) 2.569ms
[50.227s][info][gc,cpu        ] GC(44) User=0.02s Sys=0.00s Real=0.00s
[50.227s][info][gc,marking    ] GC(44) Concurrent Rebuild Remembered Sets
[50.231s][info][gc,marking    ] GC(44) Concurrent Rebuild Remembered Sets 3.788ms
[50.231s][info][gc,start      ] GC(44) Pause Cleanup
[50.232s][info][gc            ] GC(44) Pause Cleanup 45M->45M(640M) 0.214ms
[50.232s][info][gc,cpu        ] GC(44) User=0.00s Sys=0.00s Real=0.00s
[50.232s][info][gc,marking    ] GC(44) Concurrent Cleanup for Next Mark
[50.232s][info][gc,marking    ] GC(44) Concurrent Cleanup for Next Mark 0.359ms
[50.232s][info][gc            ] GC(44) Concurrent Cycle 17.174ms
[52.420s][info][gc,start      ] GC(45) Pause Young (Concurrent Start) (G1 Humongous Allocation)
[52.420s][info][gc,task       ] GC(45) Using 6 workers of 6 for evacuation
[52.424s][info][gc,phases     ] GC(45)   Pre Evacuate Collection Set: 0.1ms
[52.424s][info][gc,phases     ] GC(45)   Evacuate Collection Set: 2.4ms
[52.424s][info][gc,phases     ] GC(45)   Post Evacuate Collection Set: 0.9ms
[52.424s][info][gc,phases     ] GC(45)   Other: 0.3ms
[52.424s][info][gc,heap       ] GC(45) Eden regions: 199->0(365)
[52.424s][info][gc,heap       ] GC(45) Survivor regions: 19->19(48)
[52.424s][info][gc,heap       ] GC(45) Old regions: 13->14
[52.424s][info][gc,heap       ] GC(45) Humongous regions: 272->8
[52.424s][info][gc,metaspace  ] GC(45) Metaspace: 45514K->45514K(1091584K)
[52.424s][info][gc            ] GC(45) Pause Young (Concurrent Start) (G1 Humongous Allocation) 501M->40M(640M) 3.707ms
[52.424s][info][gc,cpu        ] GC(45) User=0.00s Sys=0.00s Real=0.00s
[52.424s][info][gc            ] GC(46) Concurrent Cycle
[52.424s][info][gc,marking    ] GC(46) Concurrent Clear Claimed Marks
[52.424s][info][gc,marking    ] GC(46) Concurrent Clear Claimed Marks 0.052ms
[52.424s][info][gc,marking    ] GC(46) Concurrent Scan Root Regions
[52.425s][info][gc,marking    ] GC(46) Concurrent Scan Root Regions 0.606ms
[52.425s][info][gc,marking    ] GC(46) Concurrent Mark (52.425s)
[52.425s][info][gc,marking    ] GC(46) Concurrent Mark From Roots
[52.425s][info][gc,task       ] GC(46) Using 2 workers of 2 for marking
[52.434s][info][gc,marking    ] GC(46) Concurrent Mark From Roots 8.716ms
[52.434s][info][gc,marking    ] GC(46) Concurrent Preclean
[52.434s][info][gc,marking    ] GC(46) Concurrent Preclean 0.047ms
[52.434s][info][gc,marking    ] GC(46) Concurrent Mark (52.425s, 52.434s) 8.815ms
[52.434s][info][gc,start      ] GC(46) Pause Remark
[52.436s][info][gc,stringtable] GC(46) Cleaned string and symbol table, strings: 18317 processed, 0 removed, symbols: 134371 processed, 0 removed
[52.436s][info][gc            ] GC(46) Pause Remark 50M->50M(640M) 2.515ms
[52.437s][info][gc,cpu        ] GC(46) User=0.00s Sys=0.00s Real=0.00s
[52.437s][info][gc,marking    ] GC(46) Concurrent Rebuild Remembered Sets
[52.441s][info][gc,marking    ] GC(46) Concurrent Rebuild Remembered Sets 4.012ms
[52.441s][info][gc,start      ] GC(46) Pause Cleanup
[52.441s][info][gc            ] GC(46) Pause Cleanup 51M->51M(640M) 0.113ms
[52.441s][info][gc,cpu        ] GC(46) User=0.00s Sys=0.00s Real=0.00s
[52.441s][info][gc,marking    ] GC(46) Concurrent Cleanup for Next Mark
[52.442s][info][gc,marking    ] GC(46) Concurrent Cleanup for Next Mark 0.435ms
[52.442s][info][gc            ] GC(46) Concurrent Cycle 17.535ms
[54.692s][info][gc,start      ] GC(47) Pause Young (Concurrent Start) (G1 Humongous Allocation)
[54.693s][info][gc,task       ] GC(47) Using 6 workers of 6 for evacuation
[54.696s][info][gc,phases     ] GC(47)   Pre Evacuate Collection Set: 0.1ms
[54.696s][info][gc,phases     ] GC(47)   Evacuate Collection Set: 2.5ms
[54.696s][info][gc,phases     ] GC(47)   Post Evacuate Collection Set: 0.9ms
[54.696s][info][gc,phases     ] GC(47)   Other: 0.4ms
[54.696s][info][gc,heap       ] GC(47) Eden regions: 209->0(365)
[54.696s][info][gc,heap       ] GC(47) Survivor regions: 19->19(48)
[54.696s][info][gc,heap       ] GC(47) Old regions: 14->15
[54.696s][info][gc,heap       ] GC(47) Humongous regions: 272->8
[54.696s][info][gc,metaspace  ] GC(47) Metaspace: 45543K->45543K(1091584K)
[54.696s][info][gc            ] GC(47) Pause Young (Concurrent Start) (G1 Humongous Allocation) 512M->41M(640M) 3.967ms
[54.697s][info][gc,cpu        ] GC(47) User=0.09s Sys=0.00s Real=0.00s
[54.697s][info][gc            ] GC(48) Concurrent Cycle
[54.697s][info][gc,marking    ] GC(48) Concurrent Clear Claimed Marks
[54.697s][info][gc,marking    ] GC(48) Concurrent Clear Claimed Marks 0.066ms
[54.697s][info][gc,marking    ] GC(48) Concurrent Scan Root Regions
[54.697s][info][gc,marking    ] GC(48) Concurrent Scan Root Regions 0.677ms
[54.697s][info][gc,marking    ] GC(48) Concurrent Mark (54.697s)
[54.697s][info][gc,marking    ] GC(48) Concurrent Mark From Roots
[54.697s][info][gc,task       ] GC(48) Using 2 workers of 2 for marking
[54.711s][info][gc,marking    ] GC(48) Concurrent Mark From Roots 13.468ms
[54.711s][info][gc,marking    ] GC(48) Concurrent Preclean
[54.711s][info][gc,marking    ] GC(48) Concurrent Preclean 0.068ms
[54.711s][info][gc,marking    ] GC(48) Concurrent Mark (54.697s, 54.711s) 13.607ms
[54.711s][info][gc,start      ] GC(48) Pause Remark
[54.714s][info][gc,stringtable] GC(48) Cleaned string and symbol table, strings: 18323 processed, 0 removed, symbols: 134371 processed, 0 removed
[54.714s][info][gc            ] GC(48) Pause Remark 46M->46M(640M) 3.029ms
[54.715s][info][gc,cpu        ] GC(48) User=0.00s Sys=0.00s Real=0.00s
[54.715s][info][gc,marking    ] GC(48) Concurrent Rebuild Remembered Sets
[54.720s][info][gc,marking    ] GC(48) Concurrent Rebuild Remembered Sets 5.101ms
[54.720s][info][gc,start      ] GC(48) Pause Cleanup
[54.720s][info][gc            ] GC(48) Pause Cleanup 47M->47M(640M) 0.120ms
[54.720s][info][gc,cpu        ] GC(48) User=0.00s Sys=0.00s Real=0.00s
[54.720s][info][gc,marking    ] GC(48) Concurrent Cleanup for Next Mark
[54.721s][info][gc,marking    ] GC(48) Concurrent Cleanup for Next Mark 0.384ms
[54.721s][info][gc            ] GC(48) Concurrent Cycle 24.191ms
[56.994s][info][gc,start      ] GC(49) Pause Young (Concurrent Start) (G1 Humongous Allocation)
[56.994s][info][gc,task       ] GC(49) Using 6 workers of 6 for evacuation
[56.998s][info][gc,phases     ] GC(49)   Pre Evacuate Collection Set: 0.1ms
[56.998s][info][gc,phases     ] GC(49)   Evacuate Collection Set: 2.8ms
[56.998s][info][gc,phases     ] GC(49)   Post Evacuate Collection Set: 1.0ms
[56.998s][info][gc,phases     ] GC(49)   Other: 0.3ms
[56.998s][info][gc,heap       ] GC(49) Eden regions: 210->0(365)
[56.998s][info][gc,heap       ] GC(49) Survivor regions: 19->19(48)
[56.998s][info][gc,heap       ] GC(49) Old regions: 15->17
[56.998s][info][gc,heap       ] GC(49) Humongous regions: 272->8
[56.998s][info][gc,metaspace  ] GC(49) Metaspace: 45664K->45664K(1091584K)
[56.998s][info][gc            ] GC(49) Pause Young (Concurrent Start) (G1 Humongous Allocation) 515M->42M(640M) 4.368ms
[56.998s][info][gc,cpu        ] GC(49) User=0.00s Sys=0.00s Real=0.01s
[56.998s][info][gc            ] GC(50) Concurrent Cycle
[56.998s][info][gc,marking    ] GC(50) Concurrent Clear Claimed Marks
[56.998s][info][gc,marking    ] GC(50) Concurrent Clear Claimed Marks 0.058ms
[56.998s][info][gc,marking    ] GC(50) Concurrent Scan Root Regions
[56.999s][info][gc,marking    ] GC(50) Concurrent Scan Root Regions 0.693ms
[56.999s][info][gc,marking    ] GC(50) Concurrent Mark (56.999s)
[56.999s][info][gc,marking    ] GC(50) Concurrent Mark From Roots
[56.999s][info][gc,task       ] GC(50) Using 2 workers of 2 for marking
[57.010s][info][gc,marking    ] GC(50) Concurrent Mark From Roots 11.179ms
[57.010s][info][gc,marking    ] GC(50) Concurrent Preclean
[57.010s][info][gc,marking    ] GC(50) Concurrent Preclean 0.047ms
[57.010s][info][gc,marking    ] GC(50) Concurrent Mark (56.999s, 57.010s) 11.282ms
[57.011s][info][gc,start      ] GC(50) Pause Remark
[57.013s][info][gc,stringtable] GC(50) Cleaned string and symbol table, strings: 18362 processed, 0 removed, symbols: 134372 processed, 1 removed
[57.013s][info][gc            ] GC(50) Pause Remark 48M->48M(640M) 2.636ms
[57.013s][info][gc,cpu        ] GC(50) User=0.00s Sys=0.00s Real=0.00s
[57.014s][info][gc,marking    ] GC(50) Concurrent Rebuild Remembered Sets
[57.017s][info][gc,marking    ] GC(50) Concurrent Rebuild Remembered Sets 3.894ms
[57.018s][info][gc,start      ] GC(50) Pause Cleanup
[57.018s][info][gc            ] GC(50) Pause Cleanup 49M->49M(640M) 0.143ms
[57.018s][info][gc,cpu        ] GC(50) User=0.00s Sys=0.00s Real=0.00s
[57.018s][info][gc,marking    ] GC(50) Concurrent Cleanup for Next Mark
[57.018s][info][gc,marking    ] GC(50) Concurrent Cleanup for Next Mark 0.351ms
[57.018s][info][gc            ] GC(50) Concurrent Cycle 20.058ms
[59.336s][info][gc,start      ] GC(51) Pause Young (Concurrent Start) (G1 Humongous Allocation)
[59.336s][info][gc,task       ] GC(51) Using 6 workers of 6 for evacuation
[59.340s][info][gc,phases     ] GC(51)   Pre Evacuate Collection Set: 0.1ms
[59.340s][info][gc,phases     ] GC(51)   Evacuate Collection Set: 3.0ms
[59.340s][info][gc,phases     ] GC(51)   Post Evacuate Collection Set: 1.1ms
[59.340s][info][gc,phases     ] GC(51)   Other: 0.4ms
[59.340s][info][gc,heap       ] GC(51) Eden regions: 199->0(365)
[59.340s][info][gc,heap       ] GC(51) Survivor regions: 19->19(48)
[59.340s][info][gc,heap       ] GC(51) Old regions: 17->18
[59.340s][info][gc,heap       ] GC(51) Humongous regions: 268->8
[59.340s][info][gc,metaspace  ] GC(51) Metaspace: 45668K->45668K(1091584K)
[59.340s][info][gc            ] GC(51) Pause Young (Concurrent Start) (G1 Humongous Allocation) 500M->43M(640M) 4.737ms
[59.340s][info][gc,cpu        ] GC(51) User=0.09s Sys=0.00s Real=0.01s
[59.340s][info][gc            ] GC(52) Concurrent Cycle
[59.340s][info][gc,marking    ] GC(52) Concurrent Clear Claimed Marks
[59.341s][info][gc,marking    ] GC(52) Concurrent Clear Claimed Marks 0.170ms
[59.341s][info][gc,marking    ] GC(52) Concurrent Scan Root Regions
[59.341s][info][gc,marking    ] GC(52) Concurrent Scan Root Regions 0.767ms
[59.341s][info][gc,marking    ] GC(52) Concurrent Mark (59.341s)
[59.341s][info][gc,marking    ] GC(52) Concurrent Mark From Roots
[59.341s][info][gc,task       ] GC(52) Using 2 workers of 2 for marking
[59.351s][info][gc,marking    ] GC(52) Concurrent Mark From Roots 9.707ms
[59.351s][info][gc,marking    ] GC(52) Concurrent Preclean
[59.351s][info][gc,marking    ] GC(52) Concurrent Preclean 0.049ms
[59.351s][info][gc,marking    ] GC(52) Concurrent Mark (59.341s, 59.351s) 9.827ms
[59.351s][info][gc,start      ] GC(52) Pause Remark
[59.354s][info][gc,stringtable] GC(52) Cleaned string and symbol table, strings: 18372 processed, 0 removed, symbols: 134371 processed, 0 removed
[59.354s][info][gc            ] GC(52) Pause Remark 53M->53M(640M) 2.580ms
[59.354s][info][gc,cpu        ] GC(52) User=0.02s Sys=0.00s Real=0.00s
[59.354s][info][gc,marking    ] GC(52) Concurrent Rebuild Remembered Sets
[59.358s][info][gc,marking    ] GC(52) Concurrent Rebuild Remembered Sets 4.062ms
[59.359s][info][gc,start      ] GC(52) Pause Cleanup
[59.359s][info][gc            ] GC(52) Pause Cleanup 53M->53M(640M) 0.167ms
[59.359s][info][gc,cpu        ] GC(52) User=0.00s Sys=0.00s Real=0.00s
[59.359s][info][gc,marking    ] GC(52) Concurrent Cleanup for Next Mark
[59.359s][info][gc,marking    ] GC(52) Concurrent Cleanup for Next Mark 0.346ms
[59.359s][info][gc            ] GC(52) Concurrent Cycle 18.985ms
[61.625s][info][gc,start      ] GC(53) Pause Young (Concurrent Start) (G1 Humongous Allocation)
[61.625s][info][gc,task       ] GC(53) Using 6 workers of 6 for evacuation
[61.631s][info][gc,phases     ] GC(53)   Pre Evacuate Collection Set: 0.1ms
[61.631s][info][gc,phases     ] GC(53)   Evacuate Collection Set: 4.4ms
[61.631s][info][gc,phases     ] GC(53)   Post Evacuate Collection Set: 0.8ms
[61.631s][info][gc,phases     ] GC(53)   Other: 0.7ms
[61.631s][info][gc,heap       ] GC(53) Eden regions: 198->0(365)
[61.631s][info][gc,heap       ] GC(53) Survivor regions: 19->19(48)
[61.631s][info][gc,heap       ] GC(53) Old regions: 18->19
[61.631s][info][gc,heap       ] GC(53) Humongous regions: 268->4
[61.631s][info][gc,metaspace  ] GC(53) Metaspace: 45672K->45672K(1091584K)
[61.631s][info][gc            ] GC(53) Pause Young (Concurrent Start) (G1 Humongous Allocation) 500M->40M(640M) 6.013ms
[61.631s][info][gc,cpu        ] GC(53) User=0.00s Sys=0.00s Real=0.01s
[61.631s][info][gc            ] GC(54) Concurrent Cycle
[61.631s][info][gc,marking    ] GC(54) Concurrent Clear Claimed Marks
[61.631s][info][gc,marking    ] GC(54) Concurrent Clear Claimed Marks 0.044ms
[61.631s][info][gc,marking    ] GC(54) Concurrent Scan Root Regions
[61.631s][info][gc,marking    ] GC(54) Concurrent Scan Root Regions 0.643ms
[61.631s][info][gc,marking    ] GC(54) Concurrent Mark (61.631s)
[61.631s][info][gc,marking    ] GC(54) Concurrent Mark From Roots
[61.632s][info][gc,task       ] GC(54) Using 2 workers of 2 for marking
[61.641s][info][gc,marking    ] GC(54) Concurrent Mark From Roots 9.691ms
[61.641s][info][gc,marking    ] GC(54) Concurrent Preclean
[61.641s][info][gc,marking    ] GC(54) Concurrent Preclean 0.056ms
[61.641s][info][gc,marking    ] GC(54) Concurrent Mark (61.631s, 61.641s) 9.796ms
[61.642s][info][gc,start      ] GC(54) Pause Remark
[61.644s][info][gc,stringtable] GC(54) Cleaned string and symbol table, strings: 18374 processed, 0 removed, symbols: 134371 processed, 0 removed
[61.644s][info][gc            ] GC(54) Pause Remark 53M->53M(640M) 2.716ms
[61.644s][info][gc,cpu        ] GC(54) User=0.00s Sys=0.00s Real=0.00s
[61.644s][info][gc,marking    ] GC(54) Concurrent Rebuild Remembered Sets
[61.648s][info][gc,marking    ] GC(54) Concurrent Rebuild Remembered Sets 3.968ms
[61.649s][info][gc,start      ] GC(54) Pause Cleanup
[61.649s][info][gc            ] GC(54) Pause Cleanup 54M->54M(640M) 0.143ms
[61.649s][info][gc,cpu        ] GC(54) User=0.00s Sys=0.00s Real=0.00s
[61.649s][info][gc,marking    ] GC(54) Concurrent Cleanup for Next Mark
[61.650s][info][gc,marking    ] GC(54) Concurrent Cleanup for Next Mark 0.445ms
[61.650s][info][gc            ] GC(54) Concurrent Cycle 18.882ms
[63.974s][info][gc,start      ] GC(55) Pause Young (Concurrent Start) (G1 Humongous Allocation)
[63.974s][info][gc,task       ] GC(55) Using 6 workers of 6 for evacuation
[63.979s][info][gc,phases     ] GC(55)   Pre Evacuate Collection Set: 0.1ms
[63.979s][info][gc,phases     ] GC(55)   Evacuate Collection Set: 3.3ms
[63.979s][info][gc,phases     ] GC(55)   Post Evacuate Collection Set: 1.1ms
[63.979s][info][gc,phases     ] GC(55)   Other: 0.5ms
[63.980s][info][gc,heap       ] GC(55) Eden regions: 213->0(365)
[63.980s][info][gc,heap       ] GC(55) Survivor regions: 19->19(48)
[63.980s][info][gc,heap       ] GC(55) Old regions: 19->20
[63.980s][info][gc,heap       ] GC(55) Humongous regions: 268->4
[63.980s][info][gc,metaspace  ] GC(55) Metaspace: 45790K->45790K(1091584K)
[63.980s][info][gc            ] GC(55) Pause Young (Concurrent Start) (G1 Humongous Allocation) 517M->41M(640M) 5.173ms
[63.980s][info][gc,cpu        ] GC(55) User=0.09s Sys=0.00s Real=0.00s
[63.980s][info][gc            ] GC(56) Concurrent Cycle
[63.980s][info][gc,marking    ] GC(56) Concurrent Clear Claimed Marks
[63.980s][info][gc,marking    ] GC(56) Concurrent Clear Claimed Marks 0.076ms
[63.980s][info][gc,marking    ] GC(56) Concurrent Scan Root Regions
[63.981s][info][gc,marking    ] GC(56) Concurrent Scan Root Regions 0.726ms
[63.981s][info][gc,marking    ] GC(56) Concurrent Mark (63.981s)
[63.981s][info][gc,marking    ] GC(56) Concurrent Mark From Roots
[63.981s][info][gc,task       ] GC(56) Using 2 workers of 2 for marking
[63.998s][info][gc,marking    ] GC(56) Concurrent Mark From Roots 17.408ms
[63.998s][info][gc,marking    ] GC(56) Concurrent Preclean
[63.998s][info][gc,marking    ] GC(56) Concurrent Preclean 0.087ms
[63.998s][info][gc,marking    ] GC(56) Concurrent Mark (63.981s, 63.998s) 17.589ms
[63.999s][info][gc,start      ] GC(56) Pause Remark
[64.002s][info][gc,stringtable] GC(56) Cleaned string and symbol table, strings: 18447 processed, 0 removed, symbols: 134621 processed, 1 removed
[64.002s][info][gc            ] GC(56) Pause Remark 54M->54M(640M) 3.422ms
[64.002s][info][gc,cpu        ] GC(56) User=0.00s Sys=0.00s Real=0.00s
[64.002s][info][gc,marking    ] GC(56) Concurrent Rebuild Remembered Sets
[64.008s][info][gc,marking    ] GC(56) Concurrent Rebuild Remembered Sets 5.947ms
[64.009s][info][gc,start      ] GC(56) Pause Cleanup
[64.009s][info][gc            ] GC(56) Pause Cleanup 55M->55M(640M) 0.139ms
[64.009s][info][gc,cpu        ] GC(56) User=0.00s Sys=0.00s Real=0.00s
[64.009s][info][gc,marking    ] GC(56) Concurrent Cleanup for Next Mark
[64.009s][info][gc,marking    ] GC(56) Concurrent Cleanup for Next Mark 0.426ms
[64.009s][info][gc            ] GC(56) Concurrent Cycle 29.550ms
[66.305s][info][gc,start      ] GC(57) Pause Young (Concurrent Start) (G1 Humongous Allocation)
[66.305s][info][gc,task       ] GC(57) Using 6 workers of 6 for evacuation
[66.309s][info][gc,phases     ] GC(57)   Pre Evacuate Collection Set: 0.1ms
[66.309s][info][gc,phases     ] GC(57)   Evacuate Collection Set: 2.6ms
[66.309s][info][gc,phases     ] GC(57)   Post Evacuate Collection Set: 0.9ms
[66.309s][info][gc,phases     ] GC(57)   Other: 0.3ms
[66.309s][info][gc,heap       ] GC(57) Eden regions: 209->0(365)
[66.309s][info][gc,heap       ] GC(57) Survivor regions: 19->19(48)
[66.309s][info][gc,heap       ] GC(57) Old regions: 20->21
[66.309s][info][gc,heap       ] GC(57) Humongous regions: 268->4
[66.309s][info][gc,metaspace  ] GC(57) Metaspace: 45801K->45801K(1091584K)
[66.309s][info][gc            ] GC(57) Pause Young (Concurrent Start) (G1 Humongous Allocation) 513M->42M(640M) 4.053ms
[66.309s][info][gc,cpu        ] GC(57) User=0.00s Sys=0.00s Real=0.00s
[66.309s][info][gc            ] GC(58) Concurrent Cycle
[66.309s][info][gc,marking    ] GC(58) Concurrent Clear Claimed Marks
[66.309s][info][gc,marking    ] GC(58) Concurrent Clear Claimed Marks 0.057ms
[66.309s][info][gc,marking    ] GC(58) Concurrent Scan Root Regions
[66.310s][info][gc,marking    ] GC(58) Concurrent Scan Root Regions 0.639ms
[66.310s][info][gc,marking    ] GC(58) Concurrent Mark (66.310s)
[66.310s][info][gc,marking    ] GC(58) Concurrent Mark From Roots
[66.310s][info][gc,task       ] GC(58) Using 2 workers of 2 for marking
[66.320s][info][gc,marking    ] GC(58) Concurrent Mark From Roots 9.799ms
[66.320s][info][gc,marking    ] GC(58) Concurrent Preclean
[66.320s][info][gc,marking    ] GC(58) Concurrent Preclean 0.050ms
[66.320s][info][gc,marking    ] GC(58) Concurrent Mark (66.310s, 66.320s) 9.905ms
[66.320s][info][gc,start      ] GC(58) Pause Remark
[66.323s][info][gc,stringtable] GC(58) Cleaned string and symbol table, strings: 18521 processed, 0 removed, symbols: 134620 processed, 0 removed
[66.323s][info][gc            ] GC(58) Pause Remark 56M->56M(640M) 2.611ms
[66.323s][info][gc,cpu        ] GC(58) User=0.02s Sys=0.00s Real=0.00s
[66.323s][info][gc,marking    ] GC(58) Concurrent Rebuild Remembered Sets
[66.327s][info][gc,marking    ] GC(58) Concurrent Rebuild Remembered Sets 3.962ms
[66.327s][info][gc,start      ] GC(58) Pause Cleanup
[66.328s][info][gc            ] GC(58) Pause Cleanup 56M->56M(640M) 0.113ms
[66.328s][info][gc,cpu        ] GC(58) User=0.00s Sys=0.00s Real=0.00s
[66.328s][info][gc,marking    ] GC(58) Concurrent Cleanup for Next Mark
[66.328s][info][gc,marking    ] GC(58) Concurrent Cleanup for Next Mark 0.365ms
[66.328s][info][gc            ] GC(58) Concurrent Cycle 18.713ms
[68.481s][info][gc,start      ] GC(59) Pause Young (Concurrent Start) (G1 Humongous Allocation)
[68.481s][info][gc,task       ] GC(59) Using 6 workers of 6 for evacuation
[68.486s][info][gc,phases     ] GC(59)   Pre Evacuate Collection Set: 0.1ms
[68.486s][info][gc,phases     ] GC(59)   Evacuate Collection Set: 3.4ms
[68.486s][info][gc,phases     ] GC(59)   Post Evacuate Collection Set: 1.1ms
[68.486s][info][gc,phases     ] GC(59)   Other: 0.4ms
[68.486s][info][gc,heap       ] GC(59) Eden regions: 196->0(366)
[68.486s][info][gc,heap       ] GC(59) Survivor regions: 19->18(48)
[68.486s][info][gc,heap       ] GC(59) Old regions: 21->22
[68.486s][info][gc,heap       ] GC(59) Humongous regions: 264->8
[68.486s][info][gc,metaspace  ] GC(59) Metaspace: 45848K->45848K(1091584K)
[68.486s][info][gc            ] GC(59) Pause Young (Concurrent Start) (G1 Humongous Allocation) 497M->47M(640M) 5.124ms
[68.486s][info][gc,cpu        ] GC(59) User=0.00s Sys=0.00s Real=0.01s
[68.486s][info][gc            ] GC(60) Concurrent Cycle
[68.486s][info][gc,marking    ] GC(60) Concurrent Clear Claimed Marks
[68.486s][info][gc,marking    ] GC(60) Concurrent Clear Claimed Marks 0.072ms
[68.486s][info][gc,marking    ] GC(60) Concurrent Scan Root Regions
[68.487s][info][gc,marking    ] GC(60) Concurrent Scan Root Regions 0.695ms
[68.487s][info][gc,marking    ] GC(60) Concurrent Mark (68.487s)
[68.487s][info][gc,marking    ] GC(60) Concurrent Mark From Roots
[68.487s][info][gc,task       ] GC(60) Using 2 workers of 2 for marking
[68.497s][info][gc,marking    ] GC(60) Concurrent Mark From Roots 9.694ms
[68.497s][info][gc,marking    ] GC(60) Concurrent Preclean
[68.497s][info][gc,marking    ] GC(60) Concurrent Preclean 0.051ms
[68.497s][info][gc,marking    ] GC(60) Concurrent Mark (68.487s, 68.497s) 9.791ms
[68.497s][info][gc,start      ] GC(60) Pause Remark
[68.500s][info][gc,stringtable] GC(60) Cleaned string and symbol table, strings: 18559 processed, 0 removed, symbols: 134620 processed, 0 removed
[68.500s][info][gc            ] GC(60) Pause Remark 53M->53M(640M) 2.586ms
[68.500s][info][gc,cpu        ] GC(60) User=0.00s Sys=0.00s Real=0.00s
[68.500s][info][gc,marking    ] GC(60) Concurrent Rebuild Remembered Sets
[68.505s][info][gc,marking    ] GC(60) Concurrent Rebuild Remembered Sets 5.199ms
[68.506s][info][gc,start      ] GC(60) Pause Cleanup
[68.506s][info][gc            ] GC(60) Pause Cleanup 54M->54M(640M) 0.131ms
[68.506s][info][gc,cpu        ] GC(60) User=0.00s Sys=0.00s Real=0.00s
[68.506s][info][gc,marking    ] GC(60) Concurrent Cleanup for Next Mark
[68.506s][info][gc,marking    ] GC(60) Concurrent Cleanup for Next Mark 0.414ms
[68.506s][info][gc            ] GC(60) Concurrent Cycle 20.104ms
[70.822s][info][gc,start      ] GC(61) Pause Young (Concurrent Start) (G1 Humongous Allocation)
[70.822s][info][gc,task       ] GC(61) Using 6 workers of 6 for evacuation
[70.827s][info][gc,phases     ] GC(61)   Pre Evacuate Collection Set: 0.1ms
[70.827s][info][gc,phases     ] GC(61)   Evacuate Collection Set: 3.5ms
[70.827s][info][gc,phases     ] GC(61)   Post Evacuate Collection Set: 0.8ms
[70.827s][info][gc,phases     ] GC(61)   Other: 0.3ms
[70.827s][info][gc,heap       ] GC(61) Eden regions: 209->0(365)
[70.827s][info][gc,heap       ] GC(61) Survivor regions: 18->19(48)
[70.827s][info][gc,heap       ] GC(61) Old regions: 22->23
[70.827s][info][gc,heap       ] GC(61) Humongous regions: 264->4
[70.827s][info][gc,metaspace  ] GC(61) Metaspace: 45871K->45871K(1091584K)
[70.827s][info][gc            ] GC(61) Pause Young (Concurrent Start) (G1 Humongous Allocation) 512M->44M(640M) 4.789ms
[70.827s][info][gc,cpu        ] GC(61) User=0.00s Sys=0.00s Real=0.01s
[70.827s][info][gc            ] GC(62) Concurrent Cycle
[70.827s][info][gc,marking    ] GC(62) Concurrent Clear Claimed Marks
[70.827s][info][gc,marking    ] GC(62) Concurrent Clear Claimed Marks 0.071ms
[70.827s][info][gc,marking    ] GC(62) Concurrent Scan Root Regions
[70.828s][info][gc,marking    ] GC(62) Concurrent Scan Root Regions 0.618ms
[70.828s][info][gc,marking    ] GC(62) Concurrent Mark (70.828s)
[70.828s][info][gc,marking    ] GC(62) Concurrent Mark From Roots
[70.828s][info][gc,task       ] GC(62) Using 2 workers of 2 for marking
[70.838s][info][gc,marking    ] GC(62) Concurrent Mark From Roots 10.270ms
[70.838s][info][gc,marking    ] GC(62) Concurrent Preclean
[70.838s][info][gc,marking    ] GC(62) Concurrent Preclean 0.100ms
[70.838s][info][gc,marking    ] GC(62) Concurrent Mark (70.828s, 70.838s) 10.461ms
[70.839s][info][gc,start      ] GC(62) Pause Remark
[70.842s][info][gc,stringtable] GC(62) Cleaned string and symbol table, strings: 18594 processed, 0 removed, symbols: 134620 processed, 0 removed
[70.842s][info][gc            ] GC(62) Pause Remark 58M->58M(640M) 3.407ms
[70.842s][info][gc,cpu        ] GC(62) User=0.00s Sys=0.00s Real=0.00s
[70.843s][info][gc,marking    ] GC(62) Concurrent Rebuild Remembered Sets
[70.847s][info][gc,marking    ] GC(62) Concurrent Rebuild Remembered Sets 4.354ms
[70.847s][info][gc,start      ] GC(62) Pause Cleanup
[70.848s][info][gc            ] GC(62) Pause Cleanup 58M->58M(640M) 0.177ms
[70.848s][info][gc,cpu        ] GC(62) User=0.00s Sys=0.00s Real=0.00s
[70.848s][info][gc,marking    ] GC(62) Concurrent Cleanup for Next Mark
[70.848s][info][gc,marking    ] GC(62) Concurrent Cleanup for Next Mark 0.332ms
[70.848s][info][gc            ] GC(62) Concurrent Cycle 20.890ms
[73.051s][info][gc,start      ] GC(63) Pause Young (Concurrent Start) (G1 Humongous Allocation)
[73.051s][info][gc,task       ] GC(63) Using 6 workers of 6 for evacuation
[73.055s][info][gc,phases     ] GC(63)   Pre Evacuate Collection Set: 0.1ms
[73.055s][info][gc,phases     ] GC(63)   Evacuate Collection Set: 2.8ms
[73.055s][info][gc,phases     ] GC(63)   Post Evacuate Collection Set: 0.9ms
[73.055s][info][gc,phases     ] GC(63)   Other: 0.5ms
[73.055s][info][gc,heap       ] GC(63) Eden regions: 196->0(366)
[73.055s][info][gc,heap       ] GC(63) Survivor regions: 19->18(48)
[73.055s][info][gc,heap       ] GC(63) Old regions: 23->24
[73.055s][info][gc,heap       ] GC(63) Humongous regions: 264->8
[73.055s][info][gc,metaspace  ] GC(63) Metaspace: 45880K->45880K(1091584K)
[73.055s][info][gc            ] GC(63) Pause Young (Concurrent Start) (G1 Humongous Allocation) 500M->49M(640M) 4.347ms
[73.055s][info][gc,cpu        ] GC(63) User=0.00s Sys=0.00s Real=0.00s
[73.055s][info][gc            ] GC(64) Concurrent Cycle
[73.055s][info][gc,marking    ] GC(64) Concurrent Clear Claimed Marks
[73.055s][info][gc,marking    ] GC(64) Concurrent Clear Claimed Marks 0.112ms
[73.055s][info][gc,marking    ] GC(64) Concurrent Scan Root Regions
[73.056s][info][gc,marking    ] GC(64) Concurrent Scan Root Regions 0.641ms
[73.056s][info][gc,marking    ] GC(64) Concurrent Mark (73.056s)
[73.056s][info][gc,marking    ] GC(64) Concurrent Mark From Roots
[73.056s][info][gc,task       ] GC(64) Using 2 workers of 2 for marking
[73.065s][info][gc,marking    ] GC(64) Concurrent Mark From Roots 9.173ms
[73.065s][info][gc,marking    ] GC(64) Concurrent Preclean
[73.065s][info][gc,marking    ] GC(64) Concurrent Preclean 0.066ms
[73.065s][info][gc,marking    ] GC(64) Concurrent Mark (73.056s, 73.065s) 9.314ms
[73.066s][info][gc,start      ] GC(64) Pause Remark
[73.068s][info][gc,stringtable] GC(64) Cleaned string and symbol table, strings: 18602 processed, 0 removed, symbols: 134620 processed, 0 removed
[73.068s][info][gc            ] GC(64) Pause Remark 55M->55M(640M) 2.648ms
[73.068s][info][gc,cpu        ] GC(64) User=0.00s Sys=0.00s Real=0.00s
[73.069s][info][gc,marking    ] GC(64) Concurrent Rebuild Remembered Sets
[73.073s][info][gc,marking    ] GC(64) Concurrent Rebuild Remembered Sets 4.634ms
[73.074s][info][gc,start      ] GC(64) Pause Cleanup
[73.074s][info][gc            ] GC(64) Pause Cleanup 56M->56M(640M) 0.139ms
[73.074s][info][gc,cpu        ] GC(64) User=0.00s Sys=0.00s Real=0.00s
[73.074s][info][gc,marking    ] GC(64) Concurrent Cleanup for Next Mark
[73.074s][info][gc,marking    ] GC(64) Concurrent Cleanup for Next Mark 0.478ms
[73.074s][info][gc            ] GC(64) Concurrent Cycle 19.067ms
[75.352s][info][gc,start      ] GC(65) Pause Young (Concurrent Start) (G1 Humongous Allocation)
[75.352s][info][gc,task       ] GC(65) Using 6 workers of 6 for evacuation
[75.355s][info][gc,phases     ] GC(65)   Pre Evacuate Collection Set: 0.1ms
[75.355s][info][gc,phases     ] GC(65)   Evacuate Collection Set: 2.4ms
[75.355s][info][gc,phases     ] GC(65)   Post Evacuate Collection Set: 0.7ms
[75.355s][info][gc,phases     ] GC(65)   Other: 0.3ms
[75.355s][info][gc,heap       ] GC(65) Eden regions: 207->0(366)
[75.355s][info][gc,heap       ] GC(65) Survivor regions: 18->18(48)
[75.355s][info][gc,heap       ] GC(65) Old regions: 24->25
[75.355s][info][gc,heap       ] GC(65) Humongous regions: 264->4
[75.355s][info][gc,metaspace  ] GC(65) Metaspace: 46052K->46052K(1091584K)
[75.355s][info][gc            ] GC(65) Pause Young (Concurrent Start) (G1 Humongous Allocation) 512M->46M(640M) 3.571ms
[75.355s][info][gc,cpu        ] GC(65) User=0.05s Sys=0.00s Real=0.00s
[75.355s][info][gc            ] GC(66) Concurrent Cycle
[75.355s][info][gc,marking    ] GC(66) Concurrent Clear Claimed Marks
[75.356s][info][gc,marking    ] GC(66) Concurrent Clear Claimed Marks 0.057ms
[75.356s][info][gc,marking    ] GC(66) Concurrent Scan Root Regions
[75.356s][info][gc,marking    ] GC(66) Concurrent Scan Root Regions 0.592ms
[75.356s][info][gc,marking    ] GC(66) Concurrent Mark (75.356s)
[75.356s][info][gc,marking    ] GC(66) Concurrent Mark From Roots
[75.356s][info][gc,task       ] GC(66) Using 2 workers of 2 for marking
[75.366s][info][gc,marking    ] GC(66) Concurrent Mark From Roots 9.430ms
[75.366s][info][gc,marking    ] GC(66) Concurrent Preclean
[75.366s][info][gc,marking    ] GC(66) Concurrent Preclean 0.057ms
[75.366s][info][gc,marking    ] GC(66) Concurrent Mark (75.356s, 75.366s) 9.539ms
[75.366s][info][gc,start      ] GC(66) Pause Remark
[75.368s][info][gc,stringtable] GC(66) Cleaned string and symbol table, strings: 18623 processed, 0 removed, symbols: 134621 processed, 1 removed
[75.369s][info][gc            ] GC(66) Pause Remark 60M->60M(640M) 2.613ms
[75.369s][info][gc,cpu        ] GC(66) User=0.09s Sys=0.00s Real=0.00s
[75.369s][info][gc,marking    ] GC(66) Concurrent Rebuild Remembered Sets
[75.373s][info][gc,marking    ] GC(66) Concurrent Rebuild Remembered Sets 4.077ms
[75.373s][info][gc,start      ] GC(66) Pause Cleanup
[75.373s][info][gc            ] GC(66) Pause Cleanup 60M->60M(640M) 0.122ms
[75.373s][info][gc,cpu        ] GC(66) User=0.00s Sys=0.00s Real=0.00s
[75.373s][info][gc,marking    ] GC(66) Concurrent Cleanup for Next Mark
[75.374s][info][gc,marking    ] GC(66) Concurrent Cleanup for Next Mark 0.328ms
[75.374s][info][gc            ] GC(66) Concurrent Cycle 18.285ms
[77.604s][info][gc,start      ] GC(67) Pause Young (Concurrent Start) (G1 Humongous Allocation)
[77.604s][info][gc,task       ] GC(67) Using 6 workers of 6 for evacuation
[77.607s][info][gc,phases     ] GC(67)   Pre Evacuate Collection Set: 0.1ms
[77.607s][info][gc,phases     ] GC(67)   Evacuate Collection Set: 2.4ms
[77.607s][info][gc,phases     ] GC(67)   Post Evacuate Collection Set: 0.7ms
[77.607s][info][gc,phases     ] GC(67)   Other: 0.3ms
[77.607s][info][gc,heap       ] GC(67) Eden regions: 190->0(366)
[77.607s][info][gc,heap       ] GC(67) Survivor regions: 18->18(48)
[77.607s][info][gc,heap       ] GC(67) Old regions: 25->27
[77.607s][info][gc,heap       ] GC(67) Humongous regions: 260->8
[77.607s][info][gc,metaspace  ] GC(67) Metaspace: 46078K->46078K(1091584K)
[77.607s][info][gc            ] GC(67) Pause Young (Concurrent Start) (G1 Humongous Allocation) 492M->51M(640M) 3.588ms
[77.607s][info][gc,cpu        ] GC(67) User=0.00s Sys=0.00s Real=0.00s
[77.607s][info][gc            ] GC(68) Concurrent Cycle
[77.607s][info][gc,marking    ] GC(68) Concurrent Clear Claimed Marks
[77.608s][info][gc,marking    ] GC(68) Concurrent Clear Claimed Marks 0.046ms
[77.608s][info][gc,marking    ] GC(68) Concurrent Scan Root Regions
[77.608s][info][gc,marking    ] GC(68) Concurrent Scan Root Regions 0.590ms
[77.608s][info][gc,marking    ] GC(68) Concurrent Mark (77.608s)
[77.608s][info][gc,marking    ] GC(68) Concurrent Mark From Roots
[77.608s][info][gc,task       ] GC(68) Using 2 workers of 2 for marking
[77.618s][info][gc,marking    ] GC(68) Concurrent Mark From Roots 10.125ms
[77.618s][info][gc,marking    ] GC(68) Concurrent Preclean
[77.618s][info][gc,marking    ] GC(68) Concurrent Preclean 0.059ms
[77.618s][info][gc,marking    ] GC(68) Concurrent Mark (77.608s, 77.618s) 10.241ms
[77.619s][info][gc,start      ] GC(68) Pause Remark
[77.621s][info][gc,stringtable] GC(68) Cleaned string and symbol table, strings: 18629 processed, 0 removed, symbols: 134620 processed, 0 removed
[77.621s][info][gc            ] GC(68) Pause Remark 61M->61M(640M) 2.732ms
[77.622s][info][gc,cpu        ] GC(68) User=0.00s Sys=0.00s Real=0.00s
[77.622s][info][gc,marking    ] GC(68) Concurrent Rebuild Remembered Sets
[77.626s][info][gc,marking    ] GC(68) Concurrent Rebuild Remembered Sets 4.231ms
[77.626s][info][gc,start      ] GC(68) Pause Cleanup
[77.626s][info][gc            ] GC(68) Pause Cleanup 62M->62M(640M) 0.129ms
[77.626s][info][gc,cpu        ] GC(68) User=0.00s Sys=0.00s Real=0.00s
[77.626s][info][gc,marking    ] GC(68) Concurrent Cleanup for Next Mark
[77.627s][info][gc,marking    ] GC(68) Concurrent Cleanup for Next Mark 0.385ms
[77.627s][info][gc            ] GC(68) Concurrent Cycle 19.444ms
[79.769s][info][gc,start      ] GC(69) Pause Young (Concurrent Start) (G1 Humongous Allocation)
[79.769s][info][gc,task       ] GC(69) Using 6 workers of 6 for evacuation
[79.773s][info][gc,phases     ] GC(69)   Pre Evacuate Collection Set: 0.1ms
[79.773s][info][gc,phases     ] GC(69)   Evacuate Collection Set: 2.2ms
[79.773s][info][gc,phases     ] GC(69)   Post Evacuate Collection Set: 0.8ms
[79.773s][info][gc,phases     ] GC(69)   Other: 0.3ms
[79.773s][info][gc,heap       ] GC(69) Eden regions: 189->0(366)
[79.773s][info][gc,heap       ] GC(69) Survivor regions: 18->18(48)
[79.773s][info][gc,heap       ] GC(69) Old regions: 27->28
[79.773s][info][gc,heap       ] GC(69) Humongous regions: 260->8
[79.773s][info][gc,metaspace  ] GC(69) Metaspace: 46096K->46096K(1091584K)
[79.773s][info][gc            ] GC(69) Pause Young (Concurrent Start) (G1 Humongous Allocation) 492M->52M(640M) 3.463ms
[79.773s][info][gc,cpu        ] GC(69) User=0.00s Sys=0.00s Real=0.00s
[79.773s][info][gc            ] GC(70) Concurrent Cycle
[79.773s][info][gc,marking    ] GC(70) Concurrent Clear Claimed Marks
[79.773s][info][gc,marking    ] GC(70) Concurrent Clear Claimed Marks 0.076ms
[79.773s][info][gc,marking    ] GC(70) Concurrent Scan Root Regions
[79.774s][info][gc,marking    ] GC(70) Concurrent Scan Root Regions 0.584ms
[79.774s][info][gc,marking    ] GC(70) Concurrent Mark (79.774s)
[79.774s][info][gc,marking    ] GC(70) Concurrent Mark From Roots
[79.774s][info][gc,task       ] GC(70) Using 2 workers of 2 for marking
[79.783s][info][gc,marking    ] GC(70) Concurrent Mark From Roots 9.799ms
[79.784s][info][gc,marking    ] GC(70) Concurrent Preclean
[79.784s][info][gc,marking    ] GC(70) Concurrent Preclean 0.056ms
[79.784s][info][gc,marking    ] GC(70) Concurrent Mark (79.774s, 79.784s) 9.919ms
[79.784s][info][gc,start      ] GC(70) Pause Remark
[79.786s][info][gc,stringtable] GC(70) Cleaned string and symbol table, strings: 18632 processed, 6 removed, symbols: 134620 processed, 0 removed
[79.787s][info][gc            ] GC(70) Pause Remark 62M->62M(640M) 2.737ms
[79.787s][info][gc,cpu        ] GC(70) User=0.00s Sys=0.00s Real=0.00s
[79.787s][info][gc,marking    ] GC(70) Concurrent Rebuild Remembered Sets
[79.791s][info][gc,marking    ] GC(70) Concurrent Rebuild Remembered Sets 4.079ms
[79.791s][info][gc,start      ] GC(70) Pause Cleanup
[79.791s][info][gc            ] GC(70) Pause Cleanup 63M->63M(640M) 0.141ms
[79.791s][info][gc,cpu        ] GC(70) User=0.00s Sys=0.00s Real=0.00s
[79.791s][info][gc,marking    ] GC(70) Concurrent Cleanup for Next Mark
[79.792s][info][gc,marking    ] GC(70) Concurrent Cleanup for Next Mark 0.296ms
[79.792s][info][gc            ] GC(70) Concurrent Cycle 18.892ms
[81.960s][info][gc,start      ] GC(71) Pause Young (Concurrent Start) (G1 Humongous Allocation)
[81.960s][info][gc,task       ] GC(71) Using 6 workers of 6 for evacuation
[81.964s][info][gc,phases     ] GC(71)   Pre Evacuate Collection Set: 0.1ms
[81.964s][info][gc,phases     ] GC(71)   Evacuate Collection Set: 2.4ms
[81.964s][info][gc,phases     ] GC(71)   Post Evacuate Collection Set: 0.8ms
[81.964s][info][gc,phases     ] GC(71)   Other: 0.4ms
[81.964s][info][gc,heap       ] GC(71) Eden regions: 195->0(366)
[81.964s][info][gc,heap       ] GC(71) Survivor regions: 18->18(48)
[81.964s][info][gc,heap       ] GC(71) Old regions: 28->29
[81.964s][info][gc,heap       ] GC(71) Humongous regions: 260->8
[81.964s][info][gc,metaspace  ] GC(71) Metaspace: 46102K->46102K(1091584K)
[81.964s][info][gc            ] GC(71) Pause Young (Concurrent Start) (G1 Humongous Allocation) 499M->53M(640M) 3.741ms
[81.964s][info][gc,cpu        ] GC(71) User=0.09s Sys=0.00s Real=0.00s
[81.964s][info][gc            ] GC(72) Concurrent Cycle
[81.964s][info][gc,marking    ] GC(72) Concurrent Clear Claimed Marks
[81.964s][info][gc,marking    ] GC(72) Concurrent Clear Claimed Marks 0.059ms
[81.964s][info][gc,marking    ] GC(72) Concurrent Scan Root Regions
[81.965s][info][gc,marking    ] GC(72) Concurrent Scan Root Regions 0.630ms
[81.965s][info][gc,marking    ] GC(72) Concurrent Mark (81.965s)
[81.965s][info][gc,marking    ] GC(72) Concurrent Mark From Roots
[81.965s][info][gc,task       ] GC(72) Using 2 workers of 2 for marking
[81.975s][info][gc,marking    ] GC(72) Concurrent Mark From Roots 10.523ms
[81.975s][info][gc,marking    ] GC(72) Concurrent Preclean
[81.975s][info][gc,marking    ] GC(72) Concurrent Preclean 0.084ms
[81.975s][info][gc,marking    ] GC(72) Concurrent Mark (81.965s, 81.975s) 10.675ms
[81.976s][info][gc,start      ] GC(72) Pause Remark
[81.978s][info][gc,stringtable] GC(72) Cleaned string and symbol table, strings: 18636 processed, 0 removed, symbols: 134620 processed, 0 removed
[81.978s][info][gc            ] GC(72) Pause Remark 63M->63M(640M) 2.635ms
[81.978s][info][gc,cpu        ] GC(72) User=0.09s Sys=0.00s Real=0.00s
[81.979s][info][gc,marking    ] GC(72) Concurrent Rebuild Remembered Sets
[81.983s][info][gc,marking    ] GC(72) Concurrent Rebuild Remembered Sets 4.168ms
[81.983s][info][gc,start      ] GC(72) Pause Cleanup
[81.983s][info][gc            ] GC(72) Pause Cleanup 63M->63M(640M) 0.132ms
[81.983s][info][gc,cpu        ] GC(72) User=0.00s Sys=0.00s Real=0.00s
[81.983s][info][gc,marking    ] GC(72) Concurrent Cleanup for Next Mark
[81.984s][info][gc,marking    ] GC(72) Concurrent Cleanup for Next Mark 0.491ms
[81.984s][info][gc            ] GC(72) Concurrent Cycle 19.844ms
[84.124s][info][gc,start      ] GC(73) Pause Young (Concurrent Start) (G1 Humongous Allocation)
[84.124s][info][gc,task       ] GC(73) Using 6 workers of 6 for evacuation
[84.128s][info][gc,phases     ] GC(73)   Pre Evacuate Collection Set: 0.1ms
[84.128s][info][gc,phases     ] GC(73)   Evacuate Collection Set: 2.3ms
[84.128s][info][gc,phases     ] GC(73)   Post Evacuate Collection Set: 0.9ms
[84.128s][info][gc,phases     ] GC(73)   Other: 0.3ms
[84.128s][info][gc,heap       ] GC(73) Eden regions: 200->0(366)
[84.128s][info][gc,heap       ] GC(73) Survivor regions: 18->18(48)
[84.128s][info][gc,heap       ] GC(73) Old regions: 29->30
[84.128s][info][gc,heap       ] GC(73) Humongous regions: 256->4
[84.128s][info][gc,metaspace  ] GC(73) Metaspace: 46127K->46127K(1091584K)
[84.128s][info][gc            ] GC(73) Pause Young (Concurrent Start) (G1 Humongous Allocation) 501M->50M(640M) 3.665ms
[84.128s][info][gc,cpu        ] GC(73) User=0.00s Sys=0.00s Real=0.00s
[84.128s][info][gc            ] GC(74) Concurrent Cycle
[84.128s][info][gc,marking    ] GC(74) Concurrent Clear Claimed Marks
[84.128s][info][gc,marking    ] GC(74) Concurrent Clear Claimed Marks 0.110ms
[84.128s][info][gc,marking    ] GC(74) Concurrent Scan Root Regions
[84.128s][info][gc,marking    ] GC(74) Concurrent Scan Root Regions 0.585ms
[84.128s][info][gc,marking    ] GC(74) Concurrent Mark (84.128s)
[84.128s][info][gc,marking    ] GC(74) Concurrent Mark From Roots
[84.128s][info][gc,task       ] GC(74) Using 2 workers of 2 for marking
[84.129s][info][gc,start      ] GC(75) Pause Young (Normal) (GCLocker Initiated GC)
[84.129s][info][gc,task       ] GC(75) Using 6 workers of 6 for evacuation
[84.132s][info][gc,phases     ] GC(75)   Pre Evacuate Collection Set: 0.3ms
[84.132s][info][gc,phases     ] GC(75)   Evacuate Collection Set: 2.8ms
[84.132s][info][gc,phases     ] GC(75)   Post Evacuate Collection Set: 0.5ms
[84.132s][info][gc,phases     ] GC(75)   Other: 0.3ms
[84.132s][info][gc,heap       ] GC(75) Eden regions: 0->0(367)
[84.132s][info][gc,heap       ] GC(75) Survivor regions: 18->17(48)
[84.132s][info][gc,heap       ] GC(75) Old regions: 30->31
[84.132s][info][gc,heap       ] GC(75) Humongous regions: 8->8
[84.132s][info][gc,metaspace  ] GC(75) Metaspace: 46127K->46127K(1091584K)
[84.132s][info][gc            ] GC(75) Pause Young (Normal) (GCLocker Initiated GC) 54M->55M(640M) 3.665ms
[84.132s][info][gc,cpu        ] GC(75) User=0.00s Sys=0.00s Real=0.00s
[84.142s][info][gc,marking    ] GC(74) Concurrent Mark From Roots 13.105ms
[84.142s][info][gc,marking    ] GC(74) Concurrent Preclean
[84.142s][info][gc,marking    ] GC(74) Concurrent Preclean 0.056ms
[84.142s][info][gc,marking    ] GC(74) Concurrent Mark (84.128s, 84.142s) 13.226ms
[84.142s][info][gc,start      ] GC(74) Pause Remark
[84.144s][info][gc,stringtable] GC(74) Cleaned string and symbol table, strings: 18649 processed, 0 removed, symbols: 134621 processed, 0 removed
[84.145s][info][gc            ] GC(74) Pause Remark 64M->64M(640M) 2.639ms
[84.145s][info][gc,cpu        ] GC(74) User=0.00s Sys=0.00s Real=0.00s
[84.145s][info][gc,marking    ] GC(74) Concurrent Rebuild Remembered Sets
[84.150s][info][gc,marking    ] GC(74) Concurrent Rebuild Remembered Sets 4.690ms
[84.150s][info][gc,start      ] GC(74) Pause Cleanup
[84.150s][info][gc            ] GC(74) Pause Cleanup 65M->65M(640M) 0.198ms
[84.150s][info][gc,cpu        ] GC(74) User=0.00s Sys=0.00s Real=0.00s
[84.150s][info][gc,marking    ] GC(74) Concurrent Cleanup for Next Mark
[84.151s][info][gc,marking    ] GC(74) Concurrent Cleanup for Next Mark 0.383ms
[84.151s][info][gc            ] GC(74) Concurrent Cycle 23.134ms
[86.221s][info][gc,start      ] GC(76) Pause Young (Concurrent Start) (GCLocker Initiated GC)
[86.221s][info][gc,task       ] GC(76) Using 6 workers of 6 for evacuation
[86.224s][info][gc,phases     ] GC(76)   Pre Evacuate Collection Set: 0.1ms
[86.224s][info][gc,phases     ] GC(76)   Evacuate Collection Set: 2.2ms
[86.224s][info][gc,phases     ] GC(76)   Post Evacuate Collection Set: 0.8ms
[86.224s][info][gc,phases     ] GC(76)   Other: 0.3ms
[86.224s][info][gc,heap       ] GC(76) Eden regions: 201->0(367)
[86.224s][info][gc,heap       ] GC(76) Survivor regions: 17->17(48)
[86.224s][info][gc,heap       ] GC(76) Old regions: 31->32
[86.224s][info][gc,heap       ] GC(76) Humongous regions: 256->4
[86.224s][info][gc,metaspace  ] GC(76) Metaspace: 46166K->46166K(1091584K)
[86.224s][info][gc            ] GC(76) Pause Young (Concurrent Start) (GCLocker Initiated GC) 503M->51M(640M) 3.366ms
[86.224s][info][gc,cpu        ] GC(76) User=0.00s Sys=0.00s Real=0.00s
[86.224s][info][gc            ] GC(77) Concurrent Cycle
[86.224s][info][gc,marking    ] GC(77) Concurrent Clear Claimed Marks
[86.224s][info][gc,marking    ] GC(77) Concurrent Clear Claimed Marks 0.060ms
[86.225s][info][gc,marking    ] GC(77) Concurrent Scan Root Regions
[86.225s][info][gc,marking    ] GC(77) Concurrent Scan Root Regions 0.438ms
[86.225s][info][gc,marking    ] GC(77) Concurrent Mark (86.225s)
[86.225s][info][gc,marking    ] GC(77) Concurrent Mark From Roots
[86.225s][info][gc,task       ] GC(77) Using 2 workers of 2 for marking
[86.234s][info][gc,marking    ] GC(77) Concurrent Mark From Roots 8.920ms
[86.234s][info][gc,marking    ] GC(77) Concurrent Preclean
[86.234s][info][gc,marking    ] GC(77) Concurrent Preclean 0.063ms
[86.234s][info][gc,marking    ] GC(77) Concurrent Mark (86.225s, 86.234s) 9.041ms
[86.234s][info][gc,start      ] GC(77) Pause Remark
[86.237s][info][gc,stringtable] GC(77) Cleaned string and symbol table, strings: 18663 processed, 0 removed, symbols: 134622 processed, 0 removed
[86.237s][info][gc            ] GC(77) Pause Remark 64M->64M(640M) 2.585ms
[86.237s][info][gc,cpu        ] GC(77) User=0.00s Sys=0.00s Real=0.00s
[86.237s][info][gc,marking    ] GC(77) Concurrent Rebuild Remembered Sets
[86.242s][info][gc,marking    ] GC(77) Concurrent Rebuild Remembered Sets 4.702ms
[86.242s][info][gc,start      ] GC(77) Pause Cleanup
[86.242s][info][gc            ] GC(77) Pause Cleanup 65M->65M(640M) 0.116ms
[86.242s][info][gc,cpu        ] GC(77) User=0.00s Sys=0.00s Real=0.00s
[86.242s][info][gc,marking    ] GC(77) Concurrent Cleanup for Next Mark
[86.243s][info][gc,marking    ] GC(77) Concurrent Cleanup for Next Mark 0.413ms
[86.243s][info][gc            ] GC(77) Concurrent Cycle 18.369ms
[88.309s][info][gc,start      ] GC(78) Pause Young (Concurrent Start) (GCLocker Initiated GC)
[88.309s][info][gc,task       ] GC(78) Using 6 workers of 6 for evacuation
[88.312s][info][gc,phases     ] GC(78)   Pre Evacuate Collection Set: 0.1ms
[88.312s][info][gc,phases     ] GC(78)   Evacuate Collection Set: 2.2ms
[88.312s][info][gc,phases     ] GC(78)   Post Evacuate Collection Set: 0.8ms
[88.312s][info][gc,phases     ] GC(78)   Other: 0.4ms
[88.312s][info][gc,heap       ] GC(78) Eden regions: 196->0(367)
[88.312s][info][gc,heap       ] GC(78) Survivor regions: 17->17(48)
[88.312s][info][gc,heap       ] GC(78) Old regions: 32->33
[88.312s][info][gc,heap       ] GC(78) Humongous regions: 256->4
[88.312s][info][gc,metaspace  ] GC(78) Metaspace: 46188K->46188K(1091584K)
[88.313s][info][gc            ] GC(78) Pause Young (Concurrent Start) (GCLocker Initiated GC) 499M->52M(640M) 3.552ms
[88.313s][info][gc,cpu        ] GC(78) User=0.00s Sys=0.00s Real=0.00s
[88.313s][info][gc            ] GC(79) Concurrent Cycle
[88.313s][info][gc,marking    ] GC(79) Concurrent Clear Claimed Marks
[88.313s][info][gc,marking    ] GC(79) Concurrent Clear Claimed Marks 0.062ms
[88.313s][info][gc,marking    ] GC(79) Concurrent Scan Root Regions
[88.313s][info][gc,marking    ] GC(79) Concurrent Scan Root Regions 0.556ms
[88.313s][info][gc,marking    ] GC(79) Concurrent Mark (88.313s)
[88.313s][info][gc,marking    ] GC(79) Concurrent Mark From Roots
[88.313s][info][gc,task       ] GC(79) Using 2 workers of 2 for marking
[88.322s][info][gc,marking    ] GC(79) Concurrent Mark From Roots 9.163ms
[88.323s][info][gc,marking    ] GC(79) Concurrent Preclean
[88.323s][info][gc,marking    ] GC(79) Concurrent Preclean 0.061ms
[88.323s][info][gc,marking    ] GC(79) Concurrent Mark (88.313s, 88.323s) 9.288ms
[88.323s][info][gc,start      ] GC(79) Pause Remark
[88.325s][info][gc,stringtable] GC(79) Cleaned string and symbol table, strings: 18668 processed, 0 removed, symbols: 134622 processed, 0 removed
[88.326s][info][gc            ] GC(79) Pause Remark 65M->65M(640M) 2.668ms
[88.326s][info][gc,cpu        ] GC(79) User=0.00s Sys=0.00s Real=0.00s
[88.326s][info][gc,marking    ] GC(79) Concurrent Rebuild Remembered Sets
[88.331s][info][gc,marking    ] GC(79) Concurrent Rebuild Remembered Sets 4.802ms
[88.331s][info][gc,start      ] GC(79) Pause Cleanup
[88.331s][info][gc            ] GC(79) Pause Cleanup 66M->66M(640M) 0.096ms
[88.331s][info][gc,cpu        ] GC(79) User=0.00s Sys=0.00s Real=0.00s
[88.331s][info][gc,marking    ] GC(79) Concurrent Cleanup for Next Mark
[88.332s][info][gc,marking    ] GC(79) Concurrent Cleanup for Next Mark 0.505ms
[88.332s][info][gc            ] GC(79) Concurrent Cycle 19.054ms
[90.295s][info][gc,start      ] GC(80) Pause Young (Concurrent Start) (GCLocker Initiated GC)
[90.295s][info][gc,task       ] GC(80) Using 6 workers of 6 for evacuation
[90.299s][info][gc,phases     ] GC(80)   Pre Evacuate Collection Set: 0.1ms
[90.299s][info][gc,phases     ] GC(80)   Evacuate Collection Set: 2.3ms
[90.299s][info][gc,phases     ] GC(80)   Post Evacuate Collection Set: 0.8ms
[90.299s][info][gc,phases     ] GC(80)   Other: 0.3ms
[90.299s][info][gc,heap       ] GC(80) Eden regions: 183->0(367)
[90.299s][info][gc,heap       ] GC(80) Survivor regions: 17->17(48)
[90.299s][info][gc,heap       ] GC(80) Old regions: 33->34
[90.299s][info][gc,heap       ] GC(80) Humongous regions: 252->8
[90.299s][info][gc,metaspace  ] GC(80) Metaspace: 46200K->46200K(1091584K)
[90.299s][info][gc            ] GC(80) Pause Young (Concurrent Start) (GCLocker Initiated GC) 483M->57M(640M) 3.626ms
[90.299s][info][gc,cpu        ] GC(80) User=0.00s Sys=0.00s Real=0.00s
[90.299s][info][gc            ] GC(81) Concurrent Cycle
[90.299s][info][gc,marking    ] GC(81) Concurrent Clear Claimed Marks
[90.299s][info][gc,marking    ] GC(81) Concurrent Clear Claimed Marks 0.043ms
[90.299s][info][gc,marking    ] GC(81) Concurrent Scan Root Regions
[90.300s][info][gc,marking    ] GC(81) Concurrent Scan Root Regions 0.543ms
[90.300s][info][gc,marking    ] GC(81) Concurrent Mark (90.300s)
[90.300s][info][gc,marking    ] GC(81) Concurrent Mark From Roots
[90.300s][info][gc,task       ] GC(81) Using 2 workers of 2 for marking
[90.310s][info][gc,marking    ] GC(81) Concurrent Mark From Roots 9.672ms
[90.310s][info][gc,marking    ] GC(81) Concurrent Preclean
[90.310s][info][gc,marking    ] GC(81) Concurrent Preclean 0.078ms
[90.310s][info][gc,marking    ] GC(81) Concurrent Mark (90.300s, 90.310s) 9.808ms
[90.310s][info][gc,start      ] GC(81) Pause Remark
[90.313s][info][gc,stringtable] GC(81) Cleaned string and symbol table, strings: 18679 processed, 0 removed, symbols: 134622 processed, 0 removed
[90.313s][info][gc            ] GC(81) Pause Remark 67M->67M(640M) 3.147ms
[90.313s][info][gc,cpu        ] GC(81) User=0.00s Sys=0.00s Real=0.00s
[90.313s][info][gc,marking    ] GC(81) Concurrent Rebuild Remembered Sets
[90.318s][info][gc,marking    ] GC(81) Concurrent Rebuild Remembered Sets 4.559ms
[90.318s][info][gc,start      ] GC(81) Pause Cleanup
[90.318s][info][gc            ] GC(81) Pause Cleanup 68M->68M(640M) 0.102ms
[90.318s][info][gc,cpu        ] GC(81) User=0.00s Sys=0.00s Real=0.00s
[90.318s][info][gc,marking    ] GC(81) Concurrent Cleanup for Next Mark
[90.319s][info][gc,marking    ] GC(81) Concurrent Cleanup for Next Mark 0.435ms
[90.319s][info][gc            ] GC(81) Concurrent Cycle 19.731ms
[92.385s][info][gc,start      ] GC(82) Pause Young (Concurrent Start) (G1 Humongous Allocation)
[92.386s][info][gc,task       ] GC(82) Using 6 workers of 6 for evacuation
[92.391s][info][gc,phases     ] GC(82)   Pre Evacuate Collection Set: 0.1ms
[92.391s][info][gc,phases     ] GC(82)   Evacuate Collection Set: 3.9ms
[92.391s][info][gc,phases     ] GC(82)   Post Evacuate Collection Set: 0.9ms
[92.391s][info][gc,phases     ] GC(82)   Other: 0.6ms
[92.391s][info][gc,heap       ] GC(82) Eden regions: 203->0(367)
[92.391s][info][gc,heap       ] GC(82) Survivor regions: 17->17(48)
[92.391s][info][gc,heap       ] GC(82) Old regions: 34->35
[92.391s][info][gc,heap       ] GC(82) Humongous regions: 252->4
[92.391s][info][gc,metaspace  ] GC(82) Metaspace: 46227K->46227K(1091584K)
[92.391s][info][gc            ] GC(82) Pause Young (Concurrent Start) (G1 Humongous Allocation) 504M->54M(640M) 5.756ms
[92.391s][info][gc,cpu        ] GC(82) User=0.00s Sys=0.00s Real=0.01s
[92.391s][info][gc            ] GC(83) Concurrent Cycle
[92.391s][info][gc,marking    ] GC(83) Concurrent Clear Claimed Marks
[92.392s][info][gc,marking    ] GC(83) Concurrent Clear Claimed Marks 0.098ms
[92.392s][info][gc,marking    ] GC(83) Concurrent Scan Root Regions
[92.392s][info][gc,marking    ] GC(83) Concurrent Scan Root Regions 0.757ms
[92.392s][info][gc,marking    ] GC(83) Concurrent Mark (92.392s)
[92.392s][info][gc,marking    ] GC(83) Concurrent Mark From Roots
[92.392s][info][gc,task       ] GC(83) Using 2 workers of 2 for marking
[92.405s][info][gc,marking    ] GC(83) Concurrent Mark From Roots 13.006ms
[92.405s][info][gc,marking    ] GC(83) Concurrent Preclean
[92.405s][info][gc,marking    ] GC(83) Concurrent Preclean 0.061ms
[92.405s][info][gc,marking    ] GC(83) Concurrent Mark (92.392s, 92.405s) 13.132ms
[92.406s][info][gc,start      ] GC(83) Pause Remark
[92.408s][info][gc,stringtable] GC(83) Cleaned string and symbol table, strings: 18692 processed, 0 removed, symbols: 134622 processed, 0 removed
[92.408s][info][gc            ] GC(83) Pause Remark 68M->68M(640M) 2.625ms
[92.408s][info][gc,cpu        ] GC(83) User=0.00s Sys=0.00s Real=0.00s
[92.409s][info][gc,marking    ] GC(83) Concurrent Rebuild Remembered Sets
[92.413s][info][gc,marking    ] GC(83) Concurrent Rebuild Remembered Sets 4.780ms
[92.414s][info][gc,start      ] GC(83) Pause Cleanup
[92.414s][info][gc            ] GC(83) Pause Cleanup 68M->68M(640M) 0.128ms
[92.414s][info][gc,cpu        ] GC(83) User=0.00s Sys=0.00s Real=0.00s
[92.414s][info][gc,marking    ] GC(83) Concurrent Cleanup for Next Mark
[92.414s][info][gc,marking    ] GC(83) Concurrent Cleanup for Next Mark 0.362ms
[92.414s][info][gc            ] GC(83) Concurrent Cycle 22.957ms
[94.449s][info][gc,start      ] GC(84) Pause Young (Concurrent Start) (G1 Humongous Allocation)
[94.449s][info][gc,task       ] GC(84) Using 6 workers of 6 for evacuation
[94.452s][info][gc,phases     ] GC(84)   Pre Evacuate Collection Set: 0.1ms
[94.452s][info][gc,phases     ] GC(84)   Evacuate Collection Set: 2.4ms
[94.452s][info][gc,phases     ] GC(84)   Post Evacuate Collection Set: 0.7ms
[94.452s][info][gc,phases     ] GC(84)   Other: 0.3ms
[94.452s][info][gc,heap       ] GC(84) Eden regions: 192->0(367)
[94.452s][info][gc,heap       ] GC(84) Survivor regions: 17->17(48)
[94.452s][info][gc,heap       ] GC(84) Old regions: 35->36
[94.452s][info][gc,heap       ] GC(84) Humongous regions: 252->8
[94.452s][info][gc,metaspace  ] GC(84) Metaspace: 46244K->46244K(1091584K)
[94.452s][info][gc            ] GC(84) Pause Young (Concurrent Start) (G1 Humongous Allocation) 494M->59M(640M) 3.629ms
[94.452s][info][gc,cpu        ] GC(84) User=0.00s Sys=0.00s Real=0.00s
[94.452s][info][gc            ] GC(85) Concurrent Cycle
[94.453s][info][gc,marking    ] GC(85) Concurrent Clear Claimed Marks
[94.453s][info][gc,marking    ] GC(85) Concurrent Clear Claimed Marks 0.055ms
[94.453s][info][gc,marking    ] GC(85) Concurrent Scan Root Regions
[94.453s][info][gc,marking    ] GC(85) Concurrent Scan Root Regions 0.548ms
[94.453s][info][gc,marking    ] GC(85) Concurrent Mark (94.453s)
[94.453s][info][gc,marking    ] GC(85) Concurrent Mark From Roots
[94.453s][info][gc,task       ] GC(85) Using 2 workers of 2 for marking
[94.462s][info][gc,marking    ] GC(85) Concurrent Mark From Roots 9.161ms
[94.462s][info][gc,marking    ] GC(85) Concurrent Preclean
[94.462s][info][gc,marking    ] GC(85) Concurrent Preclean 0.056ms
[94.462s][info][gc,marking    ] GC(85) Concurrent Mark (94.453s, 94.462s) 9.267ms
[94.463s][info][gc,start      ] GC(85) Pause Remark
[94.465s][info][gc,stringtable] GC(85) Cleaned string and symbol table, strings: 18702 processed, 0 removed, symbols: 134622 processed, 0 removed
[94.466s][info][gc            ] GC(85) Pause Remark 65M->65M(640M) 2.868ms
[94.466s][info][gc,cpu        ] GC(85) User=0.00s Sys=0.00s Real=0.00s
[94.466s][info][gc,marking    ] GC(85) Concurrent Rebuild Remembered Sets
[94.470s][info][gc,marking    ] GC(85) Concurrent Rebuild Remembered Sets 4.073ms
[94.470s][info][gc,start      ] GC(85) Pause Cleanup
[94.470s][info][gc            ] GC(85) Pause Cleanup 66M->66M(640M) 0.203ms
[94.470s][info][gc,cpu        ] GC(85) User=0.00s Sys=0.00s Real=0.00s
[94.471s][info][gc,marking    ] GC(85) Concurrent Cleanup for Next Mark
[94.471s][info][gc,marking    ] GC(85) Concurrent Cleanup for Next Mark 0.376ms
[94.471s][info][gc            ] GC(85) Concurrent Cycle 18.502ms
[96.551s][info][gc,start      ] GC(86) Pause Young (Concurrent Start) (G1 Humongous Allocation)
[96.551s][info][gc,task       ] GC(86) Using 6 workers of 6 for evacuation
[96.555s][info][gc,phases     ] GC(86)   Pre Evacuate Collection Set: 0.1ms
[96.555s][info][gc,phases     ] GC(86)   Evacuate Collection Set: 2.7ms
[96.555s][info][gc,phases     ] GC(86)   Post Evacuate Collection Set: 0.8ms
[96.555s][info][gc,phases     ] GC(86)   Other: 0.4ms
[96.555s][info][gc,heap       ] GC(86) Eden regions: 190->0(367)
[96.555s][info][gc,heap       ] GC(86) Survivor regions: 17->17(48)
[96.555s][info][gc,heap       ] GC(86) Old regions: 36->37
[96.555s][info][gc,heap       ] GC(86) Humongous regions: 252->4
[96.555s][info][gc,metaspace  ] GC(86) Metaspace: 46246K->46246K(1091584K)
[96.555s][info][gc            ] GC(86) Pause Young (Concurrent Start) (G1 Humongous Allocation) 493M->56M(640M) 4.111ms
[96.555s][info][gc,cpu        ] GC(86) User=0.00s Sys=0.00s Real=0.00s
[96.555s][info][gc            ] GC(87) Concurrent Cycle
[96.555s][info][gc,marking    ] GC(87) Concurrent Clear Claimed Marks
[96.555s][info][gc,marking    ] GC(87) Concurrent Clear Claimed Marks 0.096ms
[96.555s][info][gc,marking    ] GC(87) Concurrent Scan Root Regions
[96.556s][info][gc,marking    ] GC(87) Concurrent Scan Root Regions 0.710ms
[96.556s][info][gc,marking    ] GC(87) Concurrent Mark (96.556s)
[96.556s][info][gc,marking    ] GC(87) Concurrent Mark From Roots
[96.556s][info][gc,task       ] GC(87) Using 2 workers of 2 for marking
[96.570s][info][gc,marking    ] GC(87) Concurrent Mark From Roots 13.898ms
[96.570s][info][gc,marking    ] GC(87) Concurrent Preclean
[96.570s][info][gc,marking    ] GC(87) Concurrent Preclean 0.078ms
[96.570s][info][gc,marking    ] GC(87) Concurrent Mark (96.556s, 96.570s) 14.044ms
[96.571s][info][gc,start      ] GC(87) Pause Remark
[96.574s][info][gc,stringtable] GC(87) Cleaned string and symbol table, strings: 18717 processed, 1 removed, symbols: 134622 processed, 0 removed
[96.574s][info][gc            ] GC(87) Pause Remark 70M->70M(640M) 3.235ms
[96.574s][info][gc,cpu        ] GC(87) User=0.00s Sys=0.00s Real=0.00s
[96.574s][info][gc,marking    ] GC(87) Concurrent Rebuild Remembered Sets
[96.579s][info][gc,marking    ] GC(87) Concurrent Rebuild Remembered Sets 5.322ms
[96.580s][info][gc,start      ] GC(87) Pause Cleanup
[96.580s][info][gc            ] GC(87) Pause Cleanup 70M->70M(640M) 0.132ms
[96.580s][info][gc,cpu        ] GC(87) User=0.00s Sys=0.00s Real=0.00s
[96.580s][info][gc,marking    ] GC(87) Concurrent Cleanup for Next Mark
[96.581s][info][gc,marking    ] GC(87) Concurrent Cleanup for Next Mark 0.518ms
[96.581s][info][gc            ] GC(87) Concurrent Cycle 25.416ms
[98.582s][info][gc,start      ] GC(88) Pause Young (Concurrent Start) (G1 Humongous Allocation)
[98.582s][info][gc,task       ] GC(88) Using 6 workers of 6 for evacuation
[98.586s][info][gc,phases     ] GC(88)   Pre Evacuate Collection Set: 0.1ms
[98.586s][info][gc,phases     ] GC(88)   Evacuate Collection Set: 2.7ms
[98.586s][info][gc,phases     ] GC(88)   Post Evacuate Collection Set: 0.9ms
[98.586s][info][gc,phases     ] GC(88)   Other: 0.5ms
[98.586s][info][gc,heap       ] GC(88) Eden regions: 193->0(367)
[98.586s][info][gc,heap       ] GC(88) Survivor regions: 17->17(48)
[98.586s][info][gc,heap       ] GC(88) Old regions: 37->38
[98.586s][info][gc,heap       ] GC(88) Humongous regions: 248->8
[98.586s][info][gc,metaspace  ] GC(88) Metaspace: 46263K->46263K(1091584K)
[98.586s][info][gc            ] GC(88) Pause Young (Concurrent Start) (G1 Humongous Allocation) 493M->61M(640M) 4.415ms
[98.587s][info][gc,cpu        ] GC(88) User=0.00s Sys=0.02s Real=0.01s
[98.587s][info][gc            ] GC(89) Concurrent Cycle
[98.587s][info][gc,marking    ] GC(89) Concurrent Clear Claimed Marks
[98.587s][info][gc,marking    ] GC(89) Concurrent Clear Claimed Marks 0.062ms
[98.587s][info][gc,marking    ] GC(89) Concurrent Scan Root Regions
[98.587s][info][gc,marking    ] GC(89) Concurrent Scan Root Regions 0.649ms
[98.587s][info][gc,marking    ] GC(89) Concurrent Mark (98.587s)
[98.587s][info][gc,marking    ] GC(89) Concurrent Mark From Roots
[98.587s][info][gc,task       ] GC(89) Using 2 workers of 2 for marking
[98.599s][info][gc,marking    ] GC(89) Concurrent Mark From Roots 11.289ms
[98.599s][info][gc,marking    ] GC(89) Concurrent Preclean
[98.599s][info][gc,marking    ] GC(89) Concurrent Preclean 0.056ms
[98.599s][info][gc,marking    ] GC(89) Concurrent Mark (98.587s, 98.599s) 11.401ms
[98.599s][info][gc,start      ] GC(89) Pause Remark
[98.602s][info][gc,stringtable] GC(89) Cleaned string and symbol table, strings: 18716 processed, 0 removed, symbols: 134622 processed, 0 removed
[98.602s][info][gc            ] GC(89) Pause Remark 71M->71M(640M) 2.798ms
[98.602s][info][gc,cpu        ] GC(89) User=0.00s Sys=0.00s Real=0.00s
[98.602s][info][gc,marking    ] GC(89) Concurrent Rebuild Remembered Sets
[98.606s][info][gc,marking    ] GC(89) Concurrent Rebuild Remembered Sets 4.184ms
[98.607s][info][gc,start      ] GC(89) Pause Cleanup
[98.607s][info][gc            ] GC(89) Pause Cleanup 72M->72M(640M) 0.145ms
[98.607s][info][gc,cpu        ] GC(89) User=0.00s Sys=0.00s Real=0.00s
[98.607s][info][gc,marking    ] GC(89) Concurrent Cleanup for Next Mark
[98.607s][info][gc,marking    ] GC(89) Concurrent Cleanup for Next Mark 0.348ms
[98.607s][info][gc            ] GC(89) Concurrent Cycle 20.668ms
[100.598s][info][gc,start      ] GC(90) Pause Young (Concurrent Start) (G1 Humongous Allocation)
[100.598s][info][gc,task       ] GC(90) Using 6 workers of 6 for evacuation
[100.602s][info][gc,phases     ] GC(90)   Pre Evacuate Collection Set: 0.1ms
[100.602s][info][gc,phases     ] GC(90)   Evacuate Collection Set: 2.2ms
[100.602s][info][gc,phases     ] GC(90)   Post Evacuate Collection Set: 0.8ms
[100.602s][info][gc,phases     ] GC(90)   Other: 0.4ms
[100.602s][info][gc,heap       ] GC(90) Eden regions: 187->0(367)
[100.602s][info][gc,heap       ] GC(90) Survivor regions: 17->17(48)
[100.602s][info][gc,heap       ] GC(90) Old regions: 38->39
[100.602s][info][gc,heap       ] GC(90) Humongous regions: 248->8
[100.602s][info][gc,metaspace  ] GC(90) Metaspace: 46280K->46280K(1091584K)
[100.602s][info][gc            ] GC(90) Pause Young (Concurrent Start) (G1 Humongous Allocation) 488M->62M(640M) 3.588ms
[100.602s][info][gc,cpu        ] GC(90) User=0.00s Sys=0.00s Real=0.00s
[100.602s][info][gc            ] GC(91) Concurrent Cycle
[100.602s][info][gc,marking    ] GC(91) Concurrent Clear Claimed Marks
[100.602s][info][gc,marking    ] GC(91) Concurrent Clear Claimed Marks 0.072ms
[100.602s][info][gc,marking    ] GC(91) Concurrent Scan Root Regions
[100.602s][info][gc,marking    ] GC(91) Concurrent Scan Root Regions 0.552ms
[100.603s][info][gc,marking    ] GC(91) Concurrent Mark (100.603s)
[100.603s][info][gc,marking    ] GC(91) Concurrent Mark From Roots
[100.603s][info][gc,task       ] GC(91) Using 2 workers of 2 for marking
[100.612s][info][gc,marking    ] GC(91) Concurrent Mark From Roots 9.254ms
[100.612s][info][gc,marking    ] GC(91) Concurrent Preclean
[100.612s][info][gc,marking    ] GC(91) Concurrent Preclean 0.057ms
[100.612s][info][gc,marking    ] GC(91) Concurrent Mark (100.603s, 100.612s) 9.359ms
[100.612s][info][gc,start      ] GC(91) Pause Remark
[100.615s][info][gc,stringtable] GC(91) Cleaned string and symbol table, strings: 18722 processed, 0 removed, symbols: 134622 processed, 0 removed
[100.615s][info][gc            ] GC(91) Pause Remark 72M->72M(640M) 2.986ms
[100.615s][info][gc,cpu        ] GC(91) User=0.00s Sys=0.00s Real=0.00s
[100.615s][info][gc,marking    ] GC(91) Concurrent Rebuild Remembered Sets
[100.620s][info][gc,marking    ] GC(91) Concurrent Rebuild Remembered Sets 4.582ms
[100.620s][info][gc,start      ] GC(91) Pause Cleanup
[100.620s][info][gc            ] GC(91) Pause Cleanup 73M->73M(640M) 0.175ms
[100.621s][info][gc,cpu        ] GC(91) User=0.00s Sys=0.00s Real=0.00s
[100.621s][info][gc,marking    ] GC(91) Concurrent Cleanup for Next Mark
[100.621s][info][gc,marking    ] GC(91) Concurrent Cleanup for Next Mark 0.351ms
[100.621s][info][gc            ] GC(91) Concurrent Cycle 19.167ms
[102.666s][info][gc,start      ] GC(92) Pause Young (Concurrent Start) (G1 Humongous Allocation)
[102.666s][info][gc,task       ] GC(92) Using 6 workers of 6 for evacuation
[102.671s][info][gc,phases     ] GC(92)   Pre Evacuate Collection Set: 0.1ms
[102.671s][info][gc,phases     ] GC(92)   Evacuate Collection Set: 3.1ms
[102.671s][info][gc,phases     ] GC(92)   Post Evacuate Collection Set: 0.8ms
[102.671s][info][gc,phases     ] GC(92)   Other: 0.6ms
[102.671s][info][gc,heap       ] GC(92) Eden regions: 187->0(368)
[102.671s][info][gc,heap       ] GC(92) Survivor regions: 17->16(48)
[102.671s][info][gc,heap       ] GC(92) Old regions: 39->40
[102.671s][info][gc,heap       ] GC(92) Humongous regions: 248->8
[102.671s][info][gc,metaspace  ] GC(92) Metaspace: 46282K->46282K(1091584K)
[102.671s][info][gc            ] GC(92) Pause Young (Concurrent Start) (G1 Humongous Allocation) 489M->63M(640M) 4.722ms
[102.671s][info][gc,cpu        ] GC(92) User=0.00s Sys=0.00s Real=0.00s
[102.671s][info][gc            ] GC(93) Concurrent Cycle
[102.671s][info][gc,marking    ] GC(93) Concurrent Clear Claimed Marks
[102.671s][info][gc,marking    ] GC(93) Concurrent Clear Claimed Marks 0.074ms
[102.671s][info][gc,marking    ] GC(93) Concurrent Scan Root Regions
[102.672s][info][gc,marking    ] GC(93) Concurrent Scan Root Regions 0.732ms
[102.672s][info][gc,marking    ] GC(93) Concurrent Mark (102.672s)
[102.672s][info][gc,marking    ] GC(93) Concurrent Mark From Roots
[102.672s][info][gc,task       ] GC(93) Using 2 workers of 2 for marking
[102.686s][info][gc,marking    ] GC(93) Concurrent Mark From Roots 13.971ms
[102.686s][info][gc,marking    ] GC(93) Concurrent Preclean
[102.686s][info][gc,marking    ] GC(93) Concurrent Preclean 0.108ms
[102.686s][info][gc,marking    ] GC(93) Concurrent Mark (102.672s, 102.686s) 14.197ms
[102.686s][info][gc,start      ] GC(93) Pause Remark
[102.689s][info][gc,stringtable] GC(93) Cleaned string and symbol table, strings: 18728 processed, 0 removed, symbols: 134622 processed, 0 removed
[102.689s][info][gc            ] GC(93) Pause Remark 73M->73M(640M) 3.070ms
[102.689s][info][gc,cpu        ] GC(93) User=0.00s Sys=0.00s Real=0.00s
[102.690s][info][gc,marking    ] GC(93) Concurrent Rebuild Remembered Sets
[102.695s][info][gc,marking    ] GC(93) Concurrent Rebuild Remembered Sets 5.220ms
[102.695s][info][gc,start      ] GC(93) Pause Cleanup
[102.695s][info][gc            ] GC(93) Pause Cleanup 74M->74M(640M) 0.153ms
[102.695s][info][gc,cpu        ] GC(93) User=0.00s Sys=0.00s Real=0.00s
[102.695s][info][gc,marking    ] GC(93) Concurrent Cleanup for Next Mark
[102.696s][info][gc,marking    ] GC(93) Concurrent Cleanup for Next Mark 0.398ms
[102.696s][info][gc            ] GC(93) Concurrent Cycle 24.931ms
[104.773s][info][gc,start      ] GC(94) Pause Young (Concurrent Start) (G1 Humongous Allocation)
[104.773s][info][gc,task       ] GC(94) Using 6 workers of 6 for evacuation
[104.781s][info][gc,phases     ] GC(94)   Pre Evacuate Collection Set: 0.1ms
[104.781s][info][gc,phases     ] GC(94)   Evacuate Collection Set: 4.7ms
[104.781s][info][gc,phases     ] GC(94)   Post Evacuate Collection Set: 1.7ms
[104.781s][info][gc,phases     ] GC(94)   Other: 1.1ms
[104.781s][info][gc,heap       ] GC(94) Eden regions: 181->0(368)
[104.781s][info][gc,heap       ] GC(94) Survivor regions: 16->16(48)
[104.781s][info][gc,heap       ] GC(94) Old regions: 40->41
[104.781s][info][gc,heap       ] GC(94) Humongous regions: 248->8
[104.781s][info][gc,metaspace  ] GC(94) Metaspace: 46294K->46294K(1091584K)
[104.781s][info][gc            ] GC(94) Pause Young (Concurrent Start) (G1 Humongous Allocation) 484M->64M(640M) 7.878ms
[104.781s][info][gc,cpu        ] GC(94) User=0.06s Sys=0.00s Real=0.01s
[104.781s][info][gc            ] GC(95) Concurrent Cycle
[104.781s][info][gc,marking    ] GC(95) Concurrent Clear Claimed Marks
[104.781s][info][gc,marking    ] GC(95) Concurrent Clear Claimed Marks 0.081ms
[104.781s][info][gc,marking    ] GC(95) Concurrent Scan Root Regions
[104.782s][info][gc,marking    ] GC(95) Concurrent Scan Root Regions 0.781ms
[104.782s][info][gc,marking    ] GC(95) Concurrent Mark (104.782s)
[104.782s][info][gc,marking    ] GC(95) Concurrent Mark From Roots
[104.782s][info][gc,task       ] GC(95) Using 2 workers of 2 for marking
[104.800s][info][gc,marking    ] GC(95) Concurrent Mark From Roots 17.581ms
[104.800s][info][gc,marking    ] GC(95) Concurrent Preclean
[104.800s][info][gc,marking    ] GC(95) Concurrent Preclean 0.093ms
[104.800s][info][gc,marking    ] GC(95) Concurrent Mark (104.782s, 104.800s) 17.783ms
[104.800s][info][gc,start      ] GC(95) Pause Remark
[104.803s][info][gc,stringtable] GC(95) Cleaned string and symbol table, strings: 18732 processed, 0 removed, symbols: 134622 processed, 0 removed
[104.804s][info][gc            ] GC(95) Pause Remark 73M->73M(640M) 3.330ms
[104.804s][info][gc,cpu        ] GC(95) User=0.00s Sys=0.00s Real=0.00s
[104.804s][info][gc,marking    ] GC(95) Concurrent Rebuild Remembered Sets
[104.810s][info][gc,marking    ] GC(95) Concurrent Rebuild Remembered Sets 5.842ms
[104.810s][info][gc,start      ] GC(95) Pause Cleanup
[104.810s][info][gc            ] GC(95) Pause Cleanup 74M->74M(640M) 0.122ms
[104.810s][info][gc,cpu        ] GC(95) User=0.00s Sys=0.00s Real=0.00s
[104.810s][info][gc,marking    ] GC(95) Concurrent Cleanup for Next Mark
[104.811s][info][gc,marking    ] GC(95) Concurrent Cleanup for Next Mark 0.453ms
[104.811s][info][gc            ] GC(95) Concurrent Cycle 29.733ms
[106.862s][info][gc,start      ] GC(96) Pause Young (Concurrent Start) (G1 Humongous Allocation)
[106.862s][info][gc,task       ] GC(96) Using 6 workers of 6 for evacuation
[106.865s][info][gc,phases     ] GC(96)   Pre Evacuate Collection Set: 0.1ms
[106.865s][info][gc,phases     ] GC(96)   Evacuate Collection Set: 2.3ms
[106.865s][info][gc,phases     ] GC(96)   Post Evacuate Collection Set: 0.7ms
[106.865s][info][gc,phases     ] GC(96)   Other: 0.3ms
[106.865s][info][gc,heap       ] GC(96) Eden regions: 186->0(368)
[106.865s][info][gc,heap       ] GC(96) Survivor regions: 16->16(48)
[106.865s][info][gc,heap       ] GC(96) Old regions: 41->42
[106.865s][info][gc,heap       ] GC(96) Humongous regions: 244->4
[106.865s][info][gc,metaspace  ] GC(96) Metaspace: 46303K->46303K(1091584K)
[106.865s][info][gc            ] GC(96) Pause Young (Concurrent Start) (G1 Humongous Allocation) 486M->61M(640M) 3.575ms
[106.865s][info][gc,cpu        ] GC(96) User=0.00s Sys=0.00s Real=0.00s
[106.866s][info][gc            ] GC(97) Concurrent Cycle
[106.866s][info][gc,marking    ] GC(97) Concurrent Clear Claimed Marks
[106.866s][info][gc,marking    ] GC(97) Concurrent Clear Claimed Marks 0.055ms
[106.866s][info][gc,marking    ] GC(97) Concurrent Scan Root Regions
[106.866s][info][gc,marking    ] GC(97) Concurrent Scan Root Regions 0.549ms
[106.866s][info][gc,marking    ] GC(97) Concurrent Mark (106.866s)
[106.866s][info][gc,marking    ] GC(97) Concurrent Mark From Roots
[106.866s][info][gc,task       ] GC(97) Using 2 workers of 2 for marking
[106.876s][info][gc,marking    ] GC(97) Concurrent Mark From Roots 9.353ms
[106.876s][info][gc,marking    ] GC(97) Concurrent Preclean
[106.876s][info][gc,marking    ] GC(97) Concurrent Preclean 0.063ms
[106.876s][info][gc,marking    ] GC(97) Concurrent Mark (106.866s, 106.876s) 9.468ms
[106.876s][info][gc,start      ] GC(97) Pause Remark
[106.878s][info][gc,stringtable] GC(97) Cleaned string and symbol table, strings: 18734 processed, 0 removed, symbols: 134622 processed, 0 removed
[106.879s][info][gc            ] GC(97) Pause Remark 75M->75M(640M) 2.792ms
[106.879s][info][gc,cpu        ] GC(97) User=0.00s Sys=0.00s Real=0.00s
[106.879s][info][gc,marking    ] GC(97) Concurrent Rebuild Remembered Sets
[106.884s][info][gc,marking    ] GC(97) Concurrent Rebuild Remembered Sets 4.923ms
[106.884s][info][gc,start      ] GC(97) Pause Cleanup
[106.884s][info][gc            ] GC(97) Pause Cleanup 76M->76M(640M) 0.172ms
[106.884s][info][gc,cpu        ] GC(97) User=0.00s Sys=0.00s Real=0.00s
[106.885s][info][gc,marking    ] GC(97) Concurrent Cleanup for Next Mark
[106.885s][info][gc,marking    ] GC(97) Concurrent Cleanup for Next Mark 0.351ms
[106.885s][info][gc            ] GC(97) Concurrent Cycle 19.345ms
[108.951s][info][gc,start      ] GC(98) Pause Young (Concurrent Start) (G1 Humongous Allocation)
[108.951s][info][gc,task       ] GC(98) Using 6 workers of 6 for evacuation
[108.955s][info][gc,phases     ] GC(98)   Pre Evacuate Collection Set: 0.1ms
[108.955s][info][gc,phases     ] GC(98)   Evacuate Collection Set: 2.3ms
[108.955s][info][gc,phases     ] GC(98)   Post Evacuate Collection Set: 0.7ms
[108.955s][info][gc,phases     ] GC(98)   Other: 0.3ms
[108.955s][info][gc,heap       ] GC(98) Eden regions: 188->0(368)
[108.955s][info][gc,heap       ] GC(98) Survivor regions: 16->16(48)
[108.955s][info][gc,heap       ] GC(98) Old regions: 42->43
[108.955s][info][gc,heap       ] GC(98) Humongous regions: 244->4
[108.955s][info][gc,metaspace  ] GC(98) Metaspace: 46330K->46330K(1091584K)
[108.955s][info][gc            ] GC(98) Pause Young (Concurrent Start) (G1 Humongous Allocation) 489M->62M(640M) 3.485ms
[108.955s][info][gc,cpu        ] GC(98) User=0.00s Sys=0.00s Real=0.00s
[108.955s][info][gc            ] GC(99) Concurrent Cycle
[108.955s][info][gc,marking    ] GC(99) Concurrent Clear Claimed Marks
[108.955s][info][gc,marking    ] GC(99) Concurrent Clear Claimed Marks 0.051ms
[108.955s][info][gc,marking    ] GC(99) Concurrent Scan Root Regions
[108.956s][info][gc,marking    ] GC(99) Concurrent Scan Root Regions 0.558ms
[108.956s][info][gc,marking    ] GC(99) Concurrent Mark (108.956s)
[108.956s][info][gc,marking    ] GC(99) Concurrent Mark From Roots
[108.956s][info][gc,task       ] GC(99) Using 2 workers of 2 for marking
[108.965s][info][gc,marking    ] GC(99) Concurrent Mark From Roots 9.732ms
[108.965s][info][gc,marking    ] GC(99) Concurrent Preclean
[108.965s][info][gc,marking    ] GC(99) Concurrent Preclean 0.059ms
[108.966s][info][gc,marking    ] GC(99) Concurrent Mark (108.956s, 108.966s) 9.881ms
[108.966s][info][gc,start      ] GC(99) Pause Remark
[108.968s][info][gc,stringtable] GC(99) Cleaned string and symbol table, strings: 18737 processed, 0 removed, symbols: 134622 processed, 0 removed
[108.969s][info][gc            ] GC(99) Pause Remark 76M->76M(640M) 2.774ms
[108.969s][info][gc,cpu        ] GC(99) User=0.00s Sys=0.00s Real=0.00s
[108.969s][info][gc,marking    ] GC(99) Concurrent Rebuild Remembered Sets
[108.973s][info][gc,marking    ] GC(99) Concurrent Rebuild Remembered Sets 4.284ms
[108.974s][info][gc,start      ] GC(99) Pause Cleanup
[108.974s][info][gc            ] GC(99) Pause Cleanup 76M->76M(640M) 0.206ms
[108.974s][info][gc,cpu        ] GC(99) User=0.00s Sys=0.00s Real=0.00s
[108.974s][info][gc,marking    ] GC(99) Concurrent Cleanup for Next Mark
[108.974s][info][gc,marking    ] GC(99) Concurrent Cleanup for Next Mark 0.354ms
[108.974s][info][gc            ] GC(99) Concurrent Cycle 19.279ms
[111.028s][info][gc,start      ] GC(100) Pause Young (Concurrent Start) (G1 Humongous Allocation)
[111.028s][info][gc,task       ] GC(100) Using 6 workers of 6 for evacuation
[111.032s][info][gc,phases     ] GC(100)   Pre Evacuate Collection Set: 0.1ms
[111.032s][info][gc,phases     ] GC(100)   Evacuate Collection Set: 2.0ms
[111.032s][info][gc,phases     ] GC(100)   Post Evacuate Collection Set: 0.8ms
[111.032s][info][gc,phases     ] GC(100)   Other: 0.4ms
[111.032s][info][gc,heap       ] GC(100) Eden regions: 188->0(368)
[111.032s][info][gc,heap       ] GC(100) Survivor regions: 16->16(48)
[111.032s][info][gc,heap       ] GC(100) Old regions: 43->44
[111.032s][info][gc,heap       ] GC(100) Humongous regions: 244->4
[111.032s][info][gc,metaspace  ] GC(100) Metaspace: 46452K->46452K(1091584K)
[111.032s][info][gc            ] GC(100) Pause Young (Concurrent Start) (G1 Humongous Allocation) 490M->63M(640M) 3.314ms
[111.032s][info][gc,cpu        ] GC(100) User=0.00s Sys=0.00s Real=0.00s
[111.032s][info][gc            ] GC(101) Concurrent Cycle
[111.032s][info][gc,marking    ] GC(101) Concurrent Clear Claimed Marks
[111.032s][info][gc,marking    ] GC(101) Concurrent Clear Claimed Marks 0.048ms
[111.032s][info][gc,marking    ] GC(101) Concurrent Scan Root Regions
[111.033s][info][gc,marking    ] GC(101) Concurrent Scan Root Regions 0.553ms
[111.033s][info][gc,marking    ] GC(101) Concurrent Mark (111.033s)
[111.033s][info][gc,marking    ] GC(101) Concurrent Mark From Roots
[111.033s][info][gc,task       ] GC(101) Using 2 workers of 2 for marking
[111.042s][info][gc,marking    ] GC(101) Concurrent Mark From Roots 9.694ms
[111.042s][info][gc,marking    ] GC(101) Concurrent Preclean
[111.042s][info][gc,marking    ] GC(101) Concurrent Preclean 0.066ms
[111.042s][info][gc,marking    ] GC(101) Concurrent Mark (111.033s, 111.042s) 9.813ms
[111.043s][info][gc,start      ] GC(101) Pause Remark
[111.045s][info][gc,stringtable] GC(101) Cleaned string and symbol table, strings: 18762 processed, 0 removed, symbols: 134622 processed, 0 removed
[111.045s][info][gc            ] GC(101) Pause Remark 77M->77M(640M) 2.824ms
[111.046s][info][gc,cpu        ] GC(101) User=0.00s Sys=0.00s Real=0.00s
[111.046s][info][gc,marking    ] GC(101) Concurrent Rebuild Remembered Sets
[111.050s][info][gc,marking    ] GC(101) Concurrent Rebuild Remembered Sets 4.348ms
[111.050s][info][gc,start      ] GC(101) Pause Cleanup
[111.050s][info][gc            ] GC(101) Pause Cleanup 77M->77M(640M) 0.120ms
[111.050s][info][gc,cpu        ] GC(101) User=0.00s Sys=0.00s Real=0.00s
[111.051s][info][gc,marking    ] GC(101) Concurrent Cleanup for Next Mark
[111.051s][info][gc,marking    ] GC(101) Concurrent Cleanup for Next Mark 0.348ms
[111.051s][info][gc            ] GC(101) Concurrent Cycle 19.052ms
[113.060s][info][gc,start      ] GC(102) Pause Young (Concurrent Start) (G1 Humongous Allocation)
[113.060s][info][gc,task       ] GC(102) Using 6 workers of 6 for evacuation
[113.063s][info][gc,phases     ] GC(102)   Pre Evacuate Collection Set: 0.1ms
[113.063s][info][gc,phases     ] GC(102)   Evacuate Collection Set: 2.2ms
[113.063s][info][gc,phases     ] GC(102)   Post Evacuate Collection Set: 0.7ms
[113.063s][info][gc,phases     ] GC(102)   Other: 0.3ms
[113.063s][info][gc,heap       ] GC(102) Eden regions: 182->0(368)
[113.063s][info][gc,heap       ] GC(102) Survivor regions: 16->16(48)
[113.063s][info][gc,heap       ] GC(102) Old regions: 44->45
[113.063s][info][gc,heap       ] GC(102) Humongous regions: 244->4
[113.063s][info][gc,metaspace  ] GC(102) Metaspace: 46475K->46475K(1091584K)
[113.063s][info][gc            ] GC(102) Pause Young (Concurrent Start) (G1 Humongous Allocation) 484M->64M(640M) 3.405ms
[113.064s][info][gc,cpu        ] GC(102) User=0.00s Sys=0.00s Real=0.00s
[113.064s][info][gc            ] GC(103) Concurrent Cycle
[113.064s][info][gc,marking    ] GC(103) Concurrent Clear Claimed Marks
[113.064s][info][gc,marking    ] GC(103) Concurrent Clear Claimed Marks 0.052ms
[113.064s][info][gc,marking    ] GC(103) Concurrent Scan Root Regions
[113.064s][info][gc,marking    ] GC(103) Concurrent Scan Root Regions 0.602ms
[113.064s][info][gc,marking    ] GC(103) Concurrent Mark (113.064s)
[113.064s][info][gc,marking    ] GC(103) Concurrent Mark From Roots
[113.064s][info][gc,task       ] GC(103) Using 2 workers of 2 for marking
[113.074s][info][gc,marking    ] GC(103) Concurrent Mark From Roots 9.518ms
[113.074s][info][gc,marking    ] GC(103) Concurrent Preclean
[113.074s][info][gc,marking    ] GC(103) Concurrent Preclean 0.065ms
[113.074s][info][gc,marking    ] GC(103) Concurrent Mark (113.064s, 113.074s) 9.637ms
[113.074s][info][gc,start      ] GC(103) Pause Remark
[113.077s][info][gc,stringtable] GC(103) Cleaned string and symbol table, strings: 18768 processed, 0 removed, symbols: 134622 processed, 0 removed
[113.077s][info][gc            ] GC(103) Pause Remark 78M->78M(640M) 2.860ms
[113.077s][info][gc,cpu        ] GC(103) User=0.00s Sys=0.00s Real=0.00s
[113.077s][info][gc,marking    ] GC(103) Concurrent Rebuild Remembered Sets
[113.082s][info][gc,marking    ] GC(103) Concurrent Rebuild Remembered Sets 4.604ms
[113.082s][info][gc,start      ] GC(103) Pause Cleanup
[113.082s][info][gc            ] GC(103) Pause Cleanup 78M->78M(640M) 0.137ms
[113.082s][info][gc,cpu        ] GC(103) User=0.00s Sys=0.00s Real=0.00s
[113.083s][info][gc,marking    ] GC(103) Concurrent Cleanup for Next Mark
[113.083s][info][gc,marking    ] GC(103) Concurrent Cleanup for Next Mark 0.487ms
[113.083s][info][gc            ] GC(103) Concurrent Cycle 19.652ms
[115.011s][info][gc,start      ] GC(104) Pause Young (Concurrent Start) (G1 Humongous Allocation)
[115.011s][info][gc,task       ] GC(104) Using 6 workers of 6 for evacuation
[115.015s][info][gc,phases     ] GC(104)   Pre Evacuate Collection Set: 0.1ms
[115.015s][info][gc,phases     ] GC(104)   Evacuate Collection Set: 2.4ms
[115.015s][info][gc,phases     ] GC(104)   Post Evacuate Collection Set: 0.7ms
[115.015s][info][gc,phases     ] GC(104)   Other: 0.4ms
[115.015s][info][gc,heap       ] GC(104) Eden regions: 175->0(367)
[115.015s][info][gc,heap       ] GC(104) Survivor regions: 16->17(48)
[115.015s][info][gc,heap       ] GC(104) Old regions: 45->45
[115.015s][info][gc,heap       ] GC(104) Humongous regions: 240->8
[115.015s][info][gc,metaspace  ] GC(104) Metaspace: 46476K->46476K(1091584K)
[115.015s][info][gc            ] GC(104) Pause Young (Concurrent Start) (G1 Humongous Allocation) 475M->69M(640M) 3.588ms
[115.015s][info][gc,cpu        ] GC(104) User=0.00s Sys=0.00s Real=0.00s
[115.015s][info][gc            ] GC(105) Concurrent Cycle
[115.015s][info][gc,marking    ] GC(105) Concurrent Clear Claimed Marks
[115.015s][info][gc,marking    ] GC(105) Concurrent Clear Claimed Marks 0.059ms
[115.015s][info][gc,marking    ] GC(105) Concurrent Scan Root Regions
[115.016s][info][gc,marking    ] GC(105) Concurrent Scan Root Regions 0.589ms
[115.016s][info][gc,marking    ] GC(105) Concurrent Mark (115.016s)
[115.016s][info][gc,marking    ] GC(105) Concurrent Mark From Roots
[115.016s][info][gc,task       ] GC(105) Using 2 workers of 2 for marking
[115.025s][info][gc,marking    ] GC(105) Concurrent Mark From Roots 9.706ms
[115.025s][info][gc,marking    ] GC(105) Concurrent Preclean
[115.025s][info][gc,marking    ] GC(105) Concurrent Preclean 0.062ms
[115.026s][info][gc,marking    ] GC(105) Concurrent Mark (115.016s, 115.026s) 9.818ms
[115.026s][info][gc,start      ] GC(105) Pause Remark
[115.028s][info][gc,stringtable] GC(105) Cleaned string and symbol table, strings: 18782 processed, 6 removed, symbols: 134622 processed, 0 removed
[115.029s][info][gc            ] GC(105) Pause Remark 75M->75M(640M) 2.788ms
[115.029s][info][gc,cpu        ] GC(105) User=0.00s Sys=0.00s Real=0.00s
[115.029s][info][gc,marking    ] GC(105) Concurrent Rebuild Remembered Sets
[115.033s][info][gc,marking    ] GC(105) Concurrent Rebuild Remembered Sets 4.544ms
[115.034s][info][gc,start      ] GC(105) Pause Cleanup
[115.034s][info][gc            ] GC(105) Pause Cleanup 75M->75M(640M) 0.145ms
[115.034s][info][gc,cpu        ] GC(105) User=0.00s Sys=0.00s Real=0.00s
[115.034s][info][gc,marking    ] GC(105) Concurrent Cleanup for Next Mark
[115.034s][info][gc,marking    ] GC(105) Concurrent Cleanup for Next Mark 0.336ms
[115.034s][info][gc            ] GC(105) Concurrent Cycle 19.299ms
[117.096s][info][gc,start      ] GC(106) Pause Young (Concurrent Start) (G1 Humongous Allocation)
[117.096s][info][gc,task       ] GC(106) Using 6 workers of 6 for evacuation
[117.100s][info][gc,phases     ] GC(106)   Pre Evacuate Collection Set: 0.1ms
[117.100s][info][gc,phases     ] GC(106)   Evacuate Collection Set: 2.5ms
[117.100s][info][gc,phases     ] GC(106)   Post Evacuate Collection Set: 0.7ms
[117.100s][info][gc,phases     ] GC(106)   Other: 0.4ms
[117.100s][info][gc,heap       ] GC(106) Eden regions: 193->0(367)
[117.100s][info][gc,heap       ] GC(106) Survivor regions: 17->17(48)
[117.100s][info][gc,heap       ] GC(106) Old regions: 45->46
[117.100s][info][gc,heap       ] GC(106) Humongous regions: 240->4
[117.100s][info][gc,metaspace  ] GC(106) Metaspace: 46482K->46482K(1091584K)
[117.100s][info][gc            ] GC(106) Pause Young (Concurrent Start) (G1 Humongous Allocation) 494M->66M(640M) 3.737ms
[117.100s][info][gc,cpu        ] GC(106) User=0.00s Sys=0.00s Real=0.00s
[117.100s][info][gc            ] GC(107) Concurrent Cycle
[117.100s][info][gc,marking    ] GC(107) Concurrent Clear Claimed Marks
[117.100s][info][gc,marking    ] GC(107) Concurrent Clear Claimed Marks 0.048ms
[117.100s][info][gc,marking    ] GC(107) Concurrent Scan Root Regions
[117.101s][info][gc,marking    ] GC(107) Concurrent Scan Root Regions 0.522ms
[117.101s][info][gc,marking    ] GC(107) Concurrent Mark (117.101s)
[117.101s][info][gc,marking    ] GC(107) Concurrent Mark From Roots
[117.101s][info][gc,task       ] GC(107) Using 2 workers of 2 for marking
[117.111s][info][gc,marking    ] GC(107) Concurrent Mark From Roots 9.995ms
[117.111s][info][gc,marking    ] GC(107) Concurrent Preclean
[117.111s][info][gc,marking    ] GC(107) Concurrent Preclean 0.063ms
[117.111s][info][gc,marking    ] GC(107) Concurrent Mark (117.101s, 117.111s) 10.114ms
[117.111s][info][gc,start      ] GC(107) Pause Remark
[117.114s][info][gc,stringtable] GC(107) Cleaned string and symbol table, strings: 18784 processed, 0 removed, symbols: 134622 processed, 0 removed
[117.114s][info][gc            ] GC(107) Pause Remark 80M->80M(640M) 2.977ms
[117.114s][info][gc,cpu        ] GC(107) User=0.00s Sys=0.00s Real=0.00s
[117.114s][info][gc,marking    ] GC(107) Concurrent Rebuild Remembered Sets
[117.119s][info][gc,marking    ] GC(107) Concurrent Rebuild Remembered Sets 4.841ms
[117.119s][info][gc,start      ] GC(107) Pause Cleanup
[117.120s][info][gc            ] GC(107) Pause Cleanup 80M->80M(640M) 0.133ms
[117.120s][info][gc,cpu        ] GC(107) User=0.00s Sys=0.00s Real=0.00s
[117.120s][info][gc,marking    ] GC(107) Concurrent Cleanup for Next Mark
[117.120s][info][gc,marking    ] GC(107) Concurrent Cleanup for Next Mark 0.341ms
[117.120s][info][gc            ] GC(107) Concurrent Cycle 20.198ms
[119.101s][info][gc,start      ] GC(108) Pause Young (Concurrent Start) (G1 Humongous Allocation)
[119.101s][info][gc,task       ] GC(108) Using 6 workers of 6 for evacuation
[119.107s][info][gc,phases     ] GC(108)   Pre Evacuate Collection Set: 0.2ms
[119.107s][info][gc,phases     ] GC(108)   Evacuate Collection Set: 4.1ms
[119.107s][info][gc,phases     ] GC(108)   Post Evacuate Collection Set: 1.2ms
[119.107s][info][gc,phases     ] GC(108)   Other: 0.8ms
[119.108s][info][gc,heap       ] GC(108) Eden regions: 179->0(367)
[119.108s][info][gc,heap       ] GC(108) Survivor regions: 17->17(48)
[119.108s][info][gc,heap       ] GC(108) Old regions: 46->47
[119.108s][info][gc,heap       ] GC(108) Humongous regions: 240->8
[119.108s][info][gc,metaspace  ] GC(108) Metaspace: 46496K->46496K(1091584K)
[119.108s][info][gc            ] GC(108) Pause Young (Concurrent Start) (G1 Humongous Allocation) 481M->71M(640M) 6.537ms
[119.108s][info][gc,cpu        ] GC(108) User=0.02s Sys=0.00s Real=0.01s
[119.108s][info][gc            ] GC(109) Concurrent Cycle
[119.108s][info][gc,marking    ] GC(109) Concurrent Clear Claimed Marks
[119.108s][info][gc,marking    ] GC(109) Concurrent Clear Claimed Marks 0.092ms
[119.108s][info][gc,marking    ] GC(109) Concurrent Scan Root Regions
[119.109s][info][gc,marking    ] GC(109) Concurrent Scan Root Regions 0.917ms
[119.109s][info][gc,marking    ] GC(109) Concurrent Mark (119.109s)
[119.109s][info][gc,marking    ] GC(109) Concurrent Mark From Roots
[119.109s][info][gc,task       ] GC(109) Using 2 workers of 2 for marking
[119.125s][info][gc,marking    ] GC(109) Concurrent Mark From Roots 16.135ms
[119.125s][info][gc,marking    ] GC(109) Concurrent Preclean
[119.125s][info][gc,marking    ] GC(109) Concurrent Preclean 0.062ms
[119.125s][info][gc,marking    ] GC(109) Concurrent Mark (119.109s, 119.125s) 16.260ms
[119.126s][info][gc,start      ] GC(109) Pause Remark
[119.128s][info][gc,stringtable] GC(109) Cleaned string and symbol table, strings: 18784 processed, 0 removed, symbols: 134622 processed, 0 removed
[119.128s][info][gc            ] GC(109) Pause Remark 76M->76M(640M) 2.850ms
[119.129s][info][gc,cpu        ] GC(109) User=0.00s Sys=0.00s Real=0.00s
[119.129s][info][gc,marking    ] GC(109) Concurrent Rebuild Remembered Sets
[119.133s][info][gc,marking    ] GC(109) Concurrent Rebuild Remembered Sets 4.561ms
[119.134s][info][gc,start      ] GC(109) Pause Cleanup
[119.134s][info][gc            ] GC(109) Pause Cleanup 77M->77M(640M) 0.129ms
[119.134s][info][gc,cpu        ] GC(109) User=0.00s Sys=0.00s Real=0.00s
[119.134s][info][gc,marking    ] GC(109) Concurrent Cleanup for Next Mark
[119.134s][info][gc,marking    ] GC(109) Concurrent Cleanup for Next Mark 0.361ms
[119.134s][info][gc            ] GC(109) Concurrent Cycle 26.407ms
[121.189s][info][gc,start      ] GC(110) Pause Young (Concurrent Start) (G1 Humongous Allocation)
[121.189s][info][gc,task       ] GC(110) Using 6 workers of 6 for evacuation
[121.193s][info][gc,phases     ] GC(110)   Pre Evacuate Collection Set: 0.1ms
[121.193s][info][gc,phases     ] GC(110)   Evacuate Collection Set: 2.1ms
[121.193s][info][gc,phases     ] GC(110)   Post Evacuate Collection Set: 0.7ms
[121.193s][info][gc,phases     ] GC(110)   Other: 0.4ms
[121.193s][info][gc,heap       ] GC(110) Eden regions: 166->0(367)
[121.193s][info][gc,heap       ] GC(110) Survivor regions: 17->17(48)
[121.193s][info][gc,heap       ] GC(110) Old regions: 47->48
[121.193s][info][gc,heap       ] GC(110) Humongous regions: 240->4
[121.193s][info][gc,metaspace  ] GC(110) Metaspace: 46497K->46497K(1091584K)
[121.193s][info][gc            ] GC(110) Pause Young (Concurrent Start) (G1 Humongous Allocation) 468M->68M(640M) 3.304ms
[121.193s][info][gc,cpu        ] GC(110) User=0.00s Sys=0.00s Real=0.00s
[121.193s][info][gc            ] GC(111) Concurrent Cycle
[121.193s][info][gc,marking    ] GC(111) Concurrent Clear Claimed Marks
[121.193s][info][gc,marking    ] GC(111) Concurrent Clear Claimed Marks 0.081ms
[121.193s][info][gc,marking    ] GC(111) Concurrent Scan Root Regions
[121.193s][info][gc,marking    ] GC(111) Concurrent Scan Root Regions 0.467ms
[121.193s][info][gc,marking    ] GC(111) Concurrent Mark (121.193s)
[121.193s][info][gc,marking    ] GC(111) Concurrent Mark From Roots
[121.193s][info][gc,task       ] GC(111) Using 2 workers of 2 for marking
[121.204s][info][gc,marking    ] GC(111) Concurrent Mark From Roots 10.601ms
[121.204s][info][gc,marking    ] GC(111) Concurrent Preclean
[121.204s][info][gc,marking    ] GC(111) Concurrent Preclean 0.068ms
[121.204s][info][gc,marking    ] GC(111) Concurrent Mark (121.193s, 121.204s) 10.738ms
[121.204s][info][gc,start      ] GC(111) Pause Remark
[121.207s][info][gc,stringtable] GC(111) Cleaned string and symbol table, strings: 18786 processed, 0 removed, symbols: 134622 processed, 0 removed
[121.207s][info][gc            ] GC(111) Pause Remark 81M->81M(640M) 2.707ms
[121.207s][info][gc,cpu        ] GC(111) User=0.00s Sys=0.00s Real=0.00s
[121.207s][info][gc,marking    ] GC(111) Concurrent Rebuild Remembered Sets
[121.212s][info][gc,marking    ] GC(111) Concurrent Rebuild Remembered Sets 4.762ms
[121.212s][info][gc,start      ] GC(111) Pause Cleanup
[121.213s][info][gc            ] GC(111) Pause Cleanup 82M->82M(640M) 0.138ms
[121.213s][info][gc,cpu        ] GC(111) User=0.00s Sys=0.00s Real=0.00s
[121.213s][info][gc,marking    ] GC(111) Concurrent Cleanup for Next Mark
[121.213s][info][gc,marking    ] GC(111) Concurrent Cleanup for Next Mark 0.694ms
[121.213s][info][gc            ] GC(111) Concurrent Cycle 20.694ms
[123.153s][info][gc,start      ] GC(112) Pause Young (Concurrent Start) (GCLocker Initiated GC)
[123.153s][info][gc,task       ] GC(112) Using 6 workers of 6 for evacuation
[123.156s][info][gc,phases     ] GC(112)   Pre Evacuate Collection Set: 0.1ms
[123.156s][info][gc,phases     ] GC(112)   Evacuate Collection Set: 2.3ms
[123.156s][info][gc,phases     ] GC(112)   Post Evacuate Collection Set: 0.7ms
[123.156s][info][gc,phases     ] GC(112)   Other: 0.4ms
[123.156s][info][gc,heap       ] GC(112) Eden regions: 165->0(367)
[123.156s][info][gc,heap       ] GC(112) Survivor regions: 17->17(48)
[123.156s][info][gc,heap       ] GC(112) Old regions: 48->49
[123.156s][info][gc,heap       ] GC(112) Humongous regions: 240->8
[123.156s][info][gc,metaspace  ] GC(112) Metaspace: 46517K->46517K(1091584K)
[123.156s][info][gc            ] GC(112) Pause Young (Concurrent Start) (GCLocker Initiated GC) 469M->73M(640M) 3.485ms
[123.157s][info][gc,cpu        ] GC(112) User=0.00s Sys=0.00s Real=0.00s
[123.157s][info][gc            ] GC(113) Concurrent Cycle
[123.157s][info][gc,marking    ] GC(113) Concurrent Clear Claimed Marks
[123.157s][info][gc,marking    ] GC(113) Concurrent Clear Claimed Marks 0.058ms
[123.157s][info][gc,marking    ] GC(113) Concurrent Scan Root Regions
[123.157s][info][gc,marking    ] GC(113) Concurrent Scan Root Regions 0.618ms
[123.157s][info][gc,marking    ] GC(113) Concurrent Mark (123.157s)
[123.157s][info][gc,marking    ] GC(113) Concurrent Mark From Roots
[123.157s][info][gc,task       ] GC(113) Using 2 workers of 2 for marking
[123.168s][info][gc,marking    ] GC(113) Concurrent Mark From Roots 10.172ms
[123.168s][info][gc,marking    ] GC(113) Concurrent Preclean
[123.168s][info][gc,marking    ] GC(113) Concurrent Preclean 0.085ms
[123.168s][info][gc,marking    ] GC(113) Concurrent Mark (123.157s, 123.168s) 10.325ms
[123.169s][info][gc,start      ] GC(113) Pause Remark
[123.172s][info][gc,stringtable] GC(113) Cleaned string and symbol table, strings: 18804 processed, 0 removed, symbols: 134622 processed, 0 removed
[123.172s][info][gc            ] GC(113) Pause Remark 79M->79M(640M) 2.821ms
[123.172s][info][gc,cpu        ] GC(113) User=0.00s Sys=0.00s Real=0.00s
[123.172s][info][gc,marking    ] GC(113) Concurrent Rebuild Remembered Sets
[123.176s][info][gc,marking    ] GC(113) Concurrent Rebuild Remembered Sets 4.391ms
[123.177s][info][gc,start      ] GC(113) Pause Cleanup
[123.177s][info][gc            ] GC(113) Pause Cleanup 80M->80M(640M) 0.123ms
[123.177s][info][gc,cpu        ] GC(113) User=0.00s Sys=0.00s Real=0.00s
[123.177s][info][gc,marking    ] GC(113) Concurrent Cleanup for Next Mark
[123.177s][info][gc,marking    ] GC(113) Concurrent Cleanup for Next Mark 0.356ms
[123.177s][info][gc            ] GC(113) Concurrent Cycle 20.807ms
[125.059s][info][gc,start      ] GC(114) Pause Young (Concurrent Start) (GCLocker Initiated GC)
[125.059s][info][gc,task       ] GC(114) Using 6 workers of 6 for evacuation
[125.062s][info][gc,phases     ] GC(114)   Pre Evacuate Collection Set: 0.1ms
[125.062s][info][gc,phases     ] GC(114)   Evacuate Collection Set: 2.1ms
[125.062s][info][gc,phases     ] GC(114)   Post Evacuate Collection Set: 0.9ms
[125.063s][info][gc,phases     ] GC(114)   Other: 0.4ms
[125.063s][info][gc,heap       ] GC(114) Eden regions: 169->0(367)
[125.063s][info][gc,heap       ] GC(114) Survivor regions: 17->17(48)
[125.063s][info][gc,heap       ] GC(114) Old regions: 49->50
[125.063s][info][gc,heap       ] GC(114) Humongous regions: 236->8
[125.063s][info][gc,metaspace  ] GC(114) Metaspace: 46518K->46518K(1091584K)
[125.063s][info][gc            ] GC(114) Pause Young (Concurrent Start) (GCLocker Initiated GC) 469M->74M(640M) 3.535ms
[125.063s][info][gc,cpu        ] GC(114) User=0.00s Sys=0.00s Real=0.00s
[125.063s][info][gc            ] GC(115) Concurrent Cycle
[125.063s][info][gc,marking    ] GC(115) Concurrent Clear Claimed Marks
[125.063s][info][gc,marking    ] GC(115) Concurrent Clear Claimed Marks 0.090ms
[125.063s][info][gc,marking    ] GC(115) Concurrent Scan Root Regions
[125.063s][info][gc,marking    ] GC(115) Concurrent Scan Root Regions 0.635ms
[125.064s][info][gc,marking    ] GC(115) Concurrent Mark (125.064s)
[125.064s][info][gc,marking    ] GC(115) Concurrent Mark From Roots
[125.064s][info][gc,task       ] GC(115) Using 2 workers of 2 for marking
[125.073s][info][gc,marking    ] GC(115) Concurrent Mark From Roots 9.366ms
[125.073s][info][gc,marking    ] GC(115) Concurrent Preclean
[125.073s][info][gc,marking    ] GC(115) Concurrent Preclean 0.065ms
[125.073s][info][gc,marking    ] GC(115) Concurrent Mark (125.064s, 125.073s) 9.479ms
[125.073s][info][gc,start      ] GC(115) Pause Remark
[125.076s][info][gc,stringtable] GC(115) Cleaned string and symbol table, strings: 18805 processed, 0 removed, symbols: 134622 processed, 0 removed
[125.076s][info][gc            ] GC(115) Pause Remark 79M->79M(640M) 2.807ms
[125.076s][info][gc,cpu        ] GC(115) User=0.00s Sys=0.00s Real=0.00s
[125.076s][info][gc,marking    ] GC(115) Concurrent Rebuild Remembered Sets
[125.081s][info][gc,marking    ] GC(115) Concurrent Rebuild Remembered Sets 4.668ms
[125.081s][info][gc,start      ] GC(115) Pause Cleanup
[125.081s][info][gc            ] GC(115) Pause Cleanup 80M->80M(640M) 0.133ms
[125.081s][info][gc,cpu        ] GC(115) User=0.00s Sys=0.00s Real=0.00s
[125.082s][info][gc,marking    ] GC(115) Concurrent Cleanup for Next Mark
[125.082s][info][gc,marking    ] GC(115) Concurrent Cleanup for Next Mark 0.366ms
[125.082s][info][gc            ] GC(115) Concurrent Cycle 19.332ms
[126.970s][info][gc,start      ] GC(116) Pause Young (Concurrent Start) (GCLocker Initiated GC)
[126.970s][info][gc,task       ] GC(116) Using 6 workers of 6 for evacuation
[126.974s][info][gc,phases     ] GC(116)   Pre Evacuate Collection Set: 0.1ms
[126.974s][info][gc,phases     ] GC(116)   Evacuate Collection Set: 2.7ms
[126.974s][info][gc,phases     ] GC(116)   Post Evacuate Collection Set: 0.7ms
[126.974s][info][gc,phases     ] GC(116)   Other: 0.4ms
[126.974s][info][gc,heap       ] GC(116) Eden regions: 175->0(367)
[126.974s][info][gc,heap       ] GC(116) Survivor regions: 17->17(48)
[126.974s][info][gc,heap       ] GC(116) Old regions: 50->51
[126.974s][info][gc,heap       ] GC(116) Humongous regions: 236->8
[126.974s][info][gc,metaspace  ] GC(116) Metaspace: 46527K->46527K(1091584K)
[126.974s][info][gc            ] GC(116) Pause Young (Concurrent Start) (GCLocker Initiated GC) 476M->75M(640M) 3.964ms
[126.974s][info][gc,cpu        ] GC(116) User=0.00s Sys=0.00s Real=0.00s
[126.974s][info][gc            ] GC(117) Concurrent Cycle
[126.974s][info][gc,marking    ] GC(117) Concurrent Clear Claimed Marks
[126.974s][info][gc,marking    ] GC(117) Concurrent Clear Claimed Marks 0.079ms
[126.974s][info][gc,marking    ] GC(117) Concurrent Scan Root Regions
[126.975s][info][gc,marking    ] GC(117) Concurrent Scan Root Regions 0.577ms
[126.975s][info][gc,marking    ] GC(117) Concurrent Mark (126.975s)
[126.975s][info][gc,marking    ] GC(117) Concurrent Mark From Roots
[126.975s][info][gc,task       ] GC(117) Using 2 workers of 2 for marking
[126.986s][info][gc,marking    ] GC(117) Concurrent Mark From Roots 11.046ms
[126.986s][info][gc,marking    ] GC(117) Concurrent Preclean
[126.986s][info][gc,marking    ] GC(117) Concurrent Preclean 0.073ms
[126.986s][info][gc,marking    ] GC(117) Concurrent Mark (126.975s, 126.986s) 11.173ms
[126.986s][info][gc,start      ] GC(117) Pause Remark
[126.989s][info][gc,stringtable] GC(117) Cleaned string and symbol table, strings: 18809 processed, 0 removed, symbols: 134622 processed, 0 removed
[126.989s][info][gc            ] GC(117) Pause Remark 81M->81M(640M) 2.713ms
[126.989s][info][gc,cpu        ] GC(117) User=0.00s Sys=0.00s Real=0.00s
[126.989s][info][gc,marking    ] GC(117) Concurrent Rebuild Remembered Sets
[126.994s][info][gc,marking    ] GC(117) Concurrent Rebuild Remembered Sets 4.654ms
[126.994s][info][gc,start      ] GC(117) Pause Cleanup
[126.994s][info][gc            ] GC(117) Pause Cleanup 81M->81M(640M) 0.122ms
[126.994s][info][gc,cpu        ] GC(117) User=0.00s Sys=0.00s Real=0.00s
[126.994s][info][gc,marking    ] GC(117) Concurrent Cleanup for Next Mark
[126.995s][info][gc,marking    ] GC(117) Concurrent Cleanup for Next Mark 0.385ms
[126.995s][info][gc            ] GC(117) Concurrent Cycle 20.613ms
[128.885s][info][gc,start      ] GC(118) Pause Young (Concurrent Start) (GCLocker Initiated GC)
[128.886s][info][gc,task       ] GC(118) Using 6 workers of 6 for evacuation
[128.888s][info][gc,phases     ] GC(118)   Pre Evacuate Collection Set: 0.1ms
[128.889s][info][gc,phases     ] GC(118)   Evacuate Collection Set: 2.0ms
[128.889s][info][gc,phases     ] GC(118)   Post Evacuate Collection Set: 0.6ms
[128.889s][info][gc,phases     ] GC(118)   Other: 0.4ms
[128.889s][info][gc,heap       ] GC(118) Eden regions: 186->0(367)
[128.889s][info][gc,heap       ] GC(118) Survivor regions: 17->17(48)
[128.889s][info][gc,heap       ] GC(118) Old regions: 51->52
[128.889s][info][gc,heap       ] GC(118) Humongous regions: 236->8
[128.889s][info][gc,metaspace  ] GC(118) Metaspace: 46529K->46529K(1091584K)
[128.889s][info][gc            ] GC(118) Pause Young (Concurrent Start) (GCLocker Initiated GC) 488M->76M(640M) 3.119ms
[128.889s][info][gc,cpu        ] GC(118) User=0.00s Sys=0.00s Real=0.00s
[128.889s][info][gc            ] GC(119) Concurrent Cycle
[128.889s][info][gc,marking    ] GC(119) Concurrent Clear Claimed Marks
[128.889s][info][gc,marking    ] GC(119) Concurrent Clear Claimed Marks 0.056ms
[128.889s][info][gc,marking    ] GC(119) Concurrent Scan Root Regions
[128.889s][info][gc,marking    ] GC(119) Concurrent Scan Root Regions 0.509ms
[128.889s][info][gc,marking    ] GC(119) Concurrent Mark (128.889s)
[128.889s][info][gc,marking    ] GC(119) Concurrent Mark From Roots
[128.890s][info][gc,task       ] GC(119) Using 2 workers of 2 for marking
[128.899s][info][gc,marking    ] GC(119) Concurrent Mark From Roots 9.665ms
[128.899s][info][gc,marking    ] GC(119) Concurrent Preclean
[128.899s][info][gc,marking    ] GC(119) Concurrent Preclean 0.074ms
[128.899s][info][gc,marking    ] GC(119) Concurrent Mark (128.889s, 128.899s) 9.797ms
[128.900s][info][gc,start      ] GC(119) Pause Remark
[128.902s][info][gc,stringtable] GC(119) Cleaned string and symbol table, strings: 18830 processed, 0 removed, symbols: 134622 processed, 0 removed
[128.902s][info][gc            ] GC(119) Pause Remark 81M->81M(640M) 2.682ms
[128.902s][info][gc,cpu        ] GC(119) User=0.00s Sys=0.00s Real=0.00s
[128.902s][info][gc,marking    ] GC(119) Concurrent Rebuild Remembered Sets
[128.907s][info][gc,marking    ] GC(119) Concurrent Rebuild Remembered Sets 4.722ms
[128.907s][info][gc,start      ] GC(119) Pause Cleanup
[128.907s][info][gc            ] GC(119) Pause Cleanup 82M->82M(640M) 0.099ms
[128.908s][info][gc,cpu        ] GC(119) User=0.00s Sys=0.00s Real=0.00s
[128.908s][info][gc,marking    ] GC(119) Concurrent Cleanup for Next Mark
[128.908s][info][gc,marking    ] GC(119) Concurrent Cleanup for Next Mark 0.365ms
[128.908s][info][gc            ] GC(119) Concurrent Cycle 19.317ms
[130.783s][info][gc,start      ] GC(120) Pause Young (Concurrent Start) (GCLocker Initiated GC)
[130.783s][info][gc,task       ] GC(120) Using 6 workers of 6 for evacuation
[130.786s][info][gc,phases     ] GC(120)   Pre Evacuate Collection Set: 0.1ms
[130.786s][info][gc,phases     ] GC(120)   Evacuate Collection Set: 2.1ms
[130.786s][info][gc,phases     ] GC(120)   Post Evacuate Collection Set: 0.8ms
[130.786s][info][gc,phases     ] GC(120)   Other: 0.3ms
[130.786s][info][gc,heap       ] GC(120) Eden regions: 180->0(367)
[130.786s][info][gc,heap       ] GC(120) Survivor regions: 17->17(48)
[130.786s][info][gc,heap       ] GC(120) Old regions: 52->53
[130.786s][info][gc,heap       ] GC(120) Humongous regions: 236->8
[130.786s][info][gc,metaspace  ] GC(120) Metaspace: 46547K->46547K(1091584K)
[130.786s][info][gc            ] GC(120) Pause Young (Concurrent Start) (GCLocker Initiated GC) 483M->76M(640M) 3.332ms
[130.786s][info][gc,cpu        ] GC(120) User=0.00s Sys=0.00s Real=0.00s
[130.786s][info][gc            ] GC(121) Concurrent Cycle
[130.786s][info][gc,marking    ] GC(121) Concurrent Clear Claimed Marks
[130.786s][info][gc,marking    ] GC(121) Concurrent Clear Claimed Marks 0.045ms
[130.786s][info][gc,marking    ] GC(121) Concurrent Scan Root Regions
[130.787s][info][gc,marking    ] GC(121) Concurrent Scan Root Regions 0.478ms
[130.787s][info][gc,marking    ] GC(121) Concurrent Mark (130.787s)
[130.787s][info][gc,marking    ] GC(121) Concurrent Mark From Roots
[130.787s][info][gc,task       ] GC(121) Using 2 workers of 2 for marking
[130.796s][info][gc,marking    ] GC(121) Concurrent Mark From Roots 9.279ms
[130.796s][info][gc,marking    ] GC(121) Concurrent Preclean
[130.796s][info][gc,marking    ] GC(121) Concurrent Preclean 0.066ms
[130.796s][info][gc,marking    ] GC(121) Concurrent Mark (130.787s, 130.796s) 9.392ms
[130.797s][info][gc,start      ] GC(121) Pause Remark
[130.799s][info][gc,stringtable] GC(121) Cleaned string and symbol table, strings: 18839 processed, 0 removed, symbols: 134622 processed, 0 removed
[130.800s][info][gc            ] GC(121) Pause Remark 82M->82M(640M) 2.817ms
[130.800s][info][gc,cpu        ] GC(121) User=0.00s Sys=0.00s Real=0.00s
[130.800s][info][gc,marking    ] GC(121) Concurrent Rebuild Remembered Sets
[130.804s][info][gc,marking    ] GC(121) Concurrent Rebuild Remembered Sets 4.373ms
[130.804s][info][gc,start      ] GC(121) Pause Cleanup
[130.805s][info][gc            ] GC(121) Pause Cleanup 83M->83M(640M) 0.164ms
[130.805s][info][gc,cpu        ] GC(121) User=0.00s Sys=0.00s Real=0.00s
[130.805s][info][gc,marking    ] GC(121) Concurrent Cleanup for Next Mark
[130.805s][info][gc,marking    ] GC(121) Concurrent Cleanup for Next Mark 0.379ms
[130.805s][info][gc            ] GC(121) Concurrent Cycle 18.759ms
[132.664s][info][gc,start      ] GC(122) Pause Young (Concurrent Start) (G1 Humongous Allocation)
[132.664s][info][gc,task       ] GC(122) Using 6 workers of 6 for evacuation
[132.667s][info][gc,phases     ] GC(122)   Pre Evacuate Collection Set: 0.1ms
[132.668s][info][gc,phases     ] GC(122)   Evacuate Collection Set: 2.1ms
[132.668s][info][gc,phases     ] GC(122)   Post Evacuate Collection Set: 0.7ms
[132.668s][info][gc,phases     ] GC(122)   Other: 0.4ms
[132.668s][info][gc,heap       ] GC(122) Eden regions: 180->0(368)
[132.668s][info][gc,heap       ] GC(122) Survivor regions: 17->16(48)
[132.668s][info][gc,heap       ] GC(122) Old regions: 53->54
[132.668s][info][gc,heap       ] GC(122) Humongous regions: 232->8
[132.668s][info][gc,metaspace  ] GC(122) Metaspace: 46570K->46570K(1091584K)
[132.668s][info][gc            ] GC(122) Pause Young (Concurrent Start) (G1 Humongous Allocation) 480M->77M(640M) 3.283ms
[132.668s][info][gc,cpu        ] GC(122) User=0.00s Sys=0.00s Real=0.00s
[132.668s][info][gc            ] GC(123) Concurrent Cycle
[132.668s][info][gc,marking    ] GC(123) Concurrent Clear Claimed Marks
[132.668s][info][gc,marking    ] GC(123) Concurrent Clear Claimed Marks 0.063ms
[132.668s][info][gc,marking    ] GC(123) Concurrent Scan Root Regions
[132.668s][info][gc,marking    ] GC(123) Concurrent Scan Root Regions 0.595ms
[132.668s][info][gc,marking    ] GC(123) Concurrent Mark (132.668s)
[132.668s][info][gc,marking    ] GC(123) Concurrent Mark From Roots
[132.668s][info][gc,task       ] GC(123) Using 2 workers of 2 for marking
[132.679s][info][gc,marking    ] GC(123) Concurrent Mark From Roots 10.516ms
[132.679s][info][gc,marking    ] GC(123) Concurrent Preclean
[132.679s][info][gc,marking    ] GC(123) Concurrent Preclean 0.067ms
[132.679s][info][gc,marking    ] GC(123) Concurrent Mark (132.668s, 132.679s) 10.633ms
[132.679s][info][gc,start      ] GC(123) Pause Remark
[132.682s][info][gc,stringtable] GC(123) Cleaned string and symbol table, strings: 18849 processed, 0 removed, symbols: 134622 processed, 0 removed
[132.682s][info][gc            ] GC(123) Pause Remark 87M->87M(640M) 2.871ms
[132.682s][info][gc,cpu        ] GC(123) User=0.09s Sys=0.00s Real=0.00s
[132.682s][info][gc,marking    ] GC(123) Concurrent Rebuild Remembered Sets
[132.687s][info][gc,marking    ] GC(123) Concurrent Rebuild Remembered Sets 4.344ms
[132.687s][info][gc,start      ] GC(123) Pause Cleanup
[132.687s][info][gc            ] GC(123) Pause Cleanup 88M->88M(640M) 0.116ms
[132.687s][info][gc,cpu        ] GC(123) User=0.00s Sys=0.00s Real=0.00s
[132.687s][info][gc,marking    ] GC(123) Concurrent Cleanup for Next Mark
[132.688s][info][gc,marking    ] GC(123) Concurrent Cleanup for Next Mark 0.411ms
[132.688s][info][gc            ] GC(123) Concurrent Cycle 20.043ms
[134.632s][info][gc,start      ] GC(124) Pause Young (Concurrent Start) (G1 Humongous Allocation)
[134.632s][info][gc,task       ] GC(124) Using 6 workers of 6 for evacuation
[134.636s][info][gc,phases     ] GC(124)   Pre Evacuate Collection Set: 0.1ms
[134.636s][info][gc,phases     ] GC(124)   Evacuate Collection Set: 2.6ms
[134.636s][info][gc,phases     ] GC(124)   Post Evacuate Collection Set: 0.8ms
[134.636s][info][gc,phases     ] GC(124)   Other: 0.5ms
[134.636s][info][gc,heap       ] GC(124) Eden regions: 169->0(368)
[134.636s][info][gc,heap       ] GC(124) Survivor regions: 16->16(48)
[134.636s][info][gc,heap       ] GC(124) Old regions: 54->55
[134.636s][info][gc,heap       ] GC(124) Humongous regions: 232->4
[134.636s][info][gc,metaspace  ] GC(124) Metaspace: 46573K->46573K(1091584K)
[134.636s][info][gc            ] GC(124) Pause Young (Concurrent Start) (G1 Humongous Allocation) 469M->74M(640M) 4.083ms
[134.636s][info][gc,cpu        ] GC(124) User=0.06s Sys=0.00s Real=0.00s
[134.636s][info][gc            ] GC(125) Concurrent Cycle
[134.636s][info][gc,marking    ] GC(125) Concurrent Clear Claimed Marks
[134.636s][info][gc,marking    ] GC(125) Concurrent Clear Claimed Marks 0.065ms
[134.636s][info][gc,marking    ] GC(125) Concurrent Scan Root Regions
[134.637s][info][gc,marking    ] GC(125) Concurrent Scan Root Regions 0.644ms
[134.637s][info][gc,marking    ] GC(125) Concurrent Mark (134.637s)
[134.637s][info][gc,marking    ] GC(125) Concurrent Mark From Roots
[134.637s][info][gc,task       ] GC(125) Using 2 workers of 2 for marking
[134.649s][info][gc,marking    ] GC(125) Concurrent Mark From Roots 11.663ms
[134.649s][info][gc,marking    ] GC(125) Concurrent Preclean
[134.649s][info][gc,marking    ] GC(125) Concurrent Preclean 0.083ms
[134.649s][info][gc,marking    ] GC(125) Concurrent Mark (134.637s, 134.649s) 11.815ms
[134.649s][info][gc,start      ] GC(125) Pause Remark
[134.652s][info][gc,stringtable] GC(125) Cleaned string and symbol table, strings: 18849 processed, 0 removed, symbols: 134622 processed, 0 removed
[134.652s][info][gc            ] GC(125) Pause Remark 88M->88M(640M) 3.107ms
[134.652s][info][gc,cpu        ] GC(125) User=0.00s Sys=0.00s Real=0.00s
[134.652s][info][gc,marking    ] GC(125) Concurrent Rebuild Remembered Sets
[134.657s][info][gc,marking    ] GC(125) Concurrent Rebuild Remembered Sets 4.594ms
[134.657s][info][gc,start      ] GC(125) Pause Cleanup
[134.657s][info][gc            ] GC(125) Pause Cleanup 88M->88M(640M) 0.142ms
[134.658s][info][gc,cpu        ] GC(125) User=0.00s Sys=0.00s Real=0.00s
[134.658s][info][gc,marking    ] GC(125) Concurrent Cleanup for Next Mark
[134.658s][info][gc,marking    ] GC(125) Concurrent Cleanup for Next Mark 0.842ms
[134.659s][info][gc            ] GC(125) Concurrent Cycle 22.340ms
[136.547s][info][gc,start      ] GC(126) Pause Young (Concurrent Start) (G1 Humongous Allocation)
[136.547s][info][gc,task       ] GC(126) Using 6 workers of 6 for evacuation
[136.551s][info][gc,phases     ] GC(126)   Pre Evacuate Collection Set: 0.1ms
[136.551s][info][gc,phases     ] GC(126)   Evacuate Collection Set: 3.1ms
[136.551s][info][gc,phases     ] GC(126)   Post Evacuate Collection Set: 0.7ms
[136.551s][info][gc,phases     ] GC(126)   Other: 0.4ms
[136.551s][info][gc,heap       ] GC(126) Eden regions: 172->0(368)
[136.551s][info][gc,heap       ] GC(126) Survivor regions: 16->16(48)
[136.551s][info][gc,heap       ] GC(126) Old regions: 55->56
[136.551s][info][gc,heap       ] GC(126) Humongous regions: 232->4
[136.551s][info][gc,metaspace  ] GC(126) Metaspace: 46573K->46573K(1091584K)
[136.551s][info][gc            ] GC(126) Pause Young (Concurrent Start) (G1 Humongous Allocation) 474M->75M(640M) 4.283ms
[136.551s][info][gc,cpu        ] GC(126) User=0.00s Sys=0.00s Real=0.00s
[136.551s][info][gc            ] GC(127) Concurrent Cycle
[136.551s][info][gc,marking    ] GC(127) Concurrent Clear Claimed Marks
[136.551s][info][gc,marking    ] GC(127) Concurrent Clear Claimed Marks 0.058ms
[136.551s][info][gc,marking    ] GC(127) Concurrent Scan Root Regions
[136.552s][info][gc,marking    ] GC(127) Concurrent Scan Root Regions 0.637ms
[136.552s][info][gc,marking    ] GC(127) Concurrent Mark (136.552s)
[136.552s][info][gc,marking    ] GC(127) Concurrent Mark From Roots
[136.552s][info][gc,task       ] GC(127) Using 2 workers of 2 for marking
[136.562s][info][gc,marking    ] GC(127) Concurrent Mark From Roots 9.640ms
[136.562s][info][gc,marking    ] GC(127) Concurrent Preclean
[136.562s][info][gc,marking    ] GC(127) Concurrent Preclean 0.084ms
[136.562s][info][gc,marking    ] GC(127) Concurrent Mark (136.552s, 136.562s) 9.787ms
[136.562s][info][gc,start      ] GC(127) Pause Remark
[136.566s][info][gc,stringtable] GC(127) Cleaned string and symbol table, strings: 18849 processed, 0 removed, symbols: 134622 processed, 0 removed
[136.566s][info][gc            ] GC(127) Pause Remark 88M->88M(640M) 3.704ms
[136.566s][info][gc,cpu        ] GC(127) User=0.00s Sys=0.00s Real=0.00s
[136.566s][info][gc,marking    ] GC(127) Concurrent Rebuild Remembered Sets
[136.572s][info][gc,marking    ] GC(127) Concurrent Rebuild Remembered Sets 5.618ms
[136.572s][info][gc,start      ] GC(127) Pause Cleanup
[136.572s][info][gc            ] GC(127) Pause Cleanup 88M->88M(640M) 0.168ms
[136.572s][info][gc,cpu        ] GC(127) User=0.00s Sys=0.00s Real=0.00s
[136.572s][info][gc,marking    ] GC(127) Concurrent Cleanup for Next Mark
[136.573s][info][gc,marking    ] GC(127) Concurrent Cleanup for Next Mark 0.401ms
[136.573s][info][gc            ] GC(127) Concurrent Cycle 21.429ms
[138.452s][info][gc,start      ] GC(128) Pause Young (Concurrent Start) (G1 Humongous Allocation)
[138.452s][info][gc,task       ] GC(128) Using 6 workers of 6 for evacuation
[138.455s][info][gc,phases     ] GC(128)   Pre Evacuate Collection Set: 0.1ms
[138.455s][info][gc,phases     ] GC(128)   Evacuate Collection Set: 2.0ms
[138.455s][info][gc,phases     ] GC(128)   Post Evacuate Collection Set: 0.7ms
[138.455s][info][gc,phases     ] GC(128)   Other: 0.3ms
[138.455s][info][gc,heap       ] GC(128) Eden regions: 177->0(368)
[138.455s][info][gc,heap       ] GC(128) Survivor regions: 16->16(48)
[138.455s][info][gc,heap       ] GC(128) Old regions: 56->57
[138.455s][info][gc,heap       ] GC(128) Humongous regions: 232->4
[138.455s][info][gc,metaspace  ] GC(128) Metaspace: 46574K->46574K(1091584K)
[138.455s][info][gc            ] GC(128) Pause Young (Concurrent Start) (G1 Humongous Allocation) 479M->76M(640M) 3.191ms
[138.455s][info][gc,cpu        ] GC(128) User=0.00s Sys=0.00s Real=0.00s
[138.455s][info][gc            ] GC(129) Concurrent Cycle
[138.455s][info][gc,marking    ] GC(129) Concurrent Clear Claimed Marks
[138.455s][info][gc,marking    ] GC(129) Concurrent Clear Claimed Marks 0.067ms
[138.455s][info][gc,marking    ] GC(129) Concurrent Scan Root Regions
[138.456s][info][gc,marking    ] GC(129) Concurrent Scan Root Regions 0.618ms
[138.456s][info][gc,marking    ] GC(129) Concurrent Mark (138.456s)
[138.456s][info][gc,marking    ] GC(129) Concurrent Mark From Roots
[138.456s][info][gc,task       ] GC(129) Using 2 workers of 2 for marking
[138.466s][info][gc,marking    ] GC(129) Concurrent Mark From Roots 10.536ms
[138.466s][info][gc,marking    ] GC(129) Concurrent Preclean
[138.466s][info][gc,marking    ] GC(129) Concurrent Preclean 0.091ms
[138.466s][info][gc,marking    ] GC(129) Concurrent Mark (138.456s, 138.466s) 10.692ms
[138.467s][info][gc,start      ] GC(129) Pause Remark
[138.469s][info][gc,stringtable] GC(129) Cleaned string and symbol table, strings: 18849 processed, 0 removed, symbols: 134622 processed, 0 removed
[138.469s][info][gc            ] GC(129) Pause Remark 90M->90M(640M) 2.756ms
[138.470s][info][gc,cpu        ] GC(129) User=0.00s Sys=0.00s Real=0.00s
[138.470s][info][gc,marking    ] GC(129) Concurrent Rebuild Remembered Sets
[138.475s][info][gc,marking    ] GC(129) Concurrent Rebuild Remembered Sets 4.857ms
[138.475s][info][gc,start      ] GC(129) Pause Cleanup
[138.475s][info][gc            ] GC(129) Pause Cleanup 90M->90M(640M) 0.124ms
[138.475s][info][gc,cpu        ] GC(129) User=0.00s Sys=0.00s Real=0.00s
[138.475s][info][gc,marking    ] GC(129) Concurrent Cleanup for Next Mark
[138.476s][info][gc,marking    ] GC(129) Concurrent Cleanup for Next Mark 0.438ms
[138.476s][info][gc            ] GC(129) Concurrent Cycle 20.569ms
[140.270s][info][gc,start      ] GC(130) Pause Young (Concurrent Start) (G1 Humongous Allocation)
[140.270s][info][gc,task       ] GC(130) Using 6 workers of 6 for evacuation
[140.274s][info][gc,phases     ] GC(130)   Pre Evacuate Collection Set: 0.1ms
[140.274s][info][gc,phases     ] GC(130)   Evacuate Collection Set: 2.4ms
[140.274s][info][gc,phases     ] GC(130)   Post Evacuate Collection Set: 0.8ms
[140.274s][info][gc,phases     ] GC(130)   Other: 0.4ms
[140.274s][info][gc,heap       ] GC(130) Eden regions: 166->0(368)
[140.274s][info][gc,heap       ] GC(130) Survivor regions: 16->16(48)
[140.274s][info][gc,heap       ] GC(130) Old regions: 57->58
[140.274s][info][gc,heap       ] GC(130) Humongous regions: 228->8
[140.274s][info][gc,metaspace  ] GC(130) Metaspace: 46574K->46574K(1091584K)
[140.274s][info][gc            ] GC(130) Pause Young (Concurrent Start) (G1 Humongous Allocation) 466M->81M(640M) 3.808ms
[140.274s][info][gc,cpu        ] GC(130) User=0.02s Sys=0.00s Real=0.00s
[140.274s][info][gc            ] GC(131) Concurrent Cycle
[140.274s][info][gc,marking    ] GC(131) Concurrent Clear Claimed Marks
[140.274s][info][gc,marking    ] GC(131) Concurrent Clear Claimed Marks 0.078ms
[140.274s][info][gc,marking    ] GC(131) Concurrent Scan Root Regions
[140.275s][info][gc,marking    ] GC(131) Concurrent Scan Root Regions 0.626ms
[140.275s][info][gc,marking    ] GC(131) Concurrent Mark (140.275s)
[140.275s][info][gc,marking    ] GC(131) Concurrent Mark From Roots
[140.275s][info][gc,task       ] GC(131) Using 2 workers of 2 for marking
[140.284s][info][gc,marking    ] GC(131) Concurrent Mark From Roots 9.484ms
[140.284s][info][gc,marking    ] GC(131) Concurrent Preclean
[140.284s][info][gc,marking    ] GC(131) Concurrent Preclean 0.077ms
[140.284s][info][gc,marking    ] GC(131) Concurrent Mark (140.275s, 140.284s) 9.610ms
[140.285s][info][gc,start      ] GC(131) Pause Remark
[140.287s][info][gc,stringtable] GC(131) Cleaned string and symbol table, strings: 18850 processed, 0 removed, symbols: 134622 processed, 0 removed
[140.288s][info][gc            ] GC(131) Pause Remark 86M->86M(640M) 3.064ms
[140.288s][info][gc,cpu        ] GC(131) User=0.00s Sys=0.00s Real=0.00s
[140.288s][info][gc,marking    ] GC(131) Concurrent Rebuild Remembered Sets
[140.292s][info][gc,marking    ] GC(131) Concurrent Rebuild Remembered Sets 4.305ms
[140.292s][info][gc,start      ] GC(131) Pause Cleanup
[140.293s][info][gc            ] GC(131) Pause Cleanup 87M->87M(640M) 0.166ms
[140.293s][info][gc,cpu        ] GC(131) User=0.00s Sys=0.00s Real=0.00s
[140.293s][info][gc,marking    ] GC(131) Concurrent Cleanup for Next Mark
[140.293s][info][gc,marking    ] GC(131) Concurrent Cleanup for Next Mark 0.502ms
[140.293s][info][gc            ] GC(131) Concurrent Cycle 19.397ms
[142.252s][info][gc,start      ] GC(132) Pause Young (Concurrent Start) (G1 Humongous Allocation)
[142.252s][info][gc,task       ] GC(132) Using 6 workers of 6 for evacuation
[142.255s][info][gc,phases     ] GC(132)   Pre Evacuate Collection Set: 0.1ms
[142.255s][info][gc,phases     ] GC(132)   Evacuate Collection Set: 2.0ms
[142.255s][info][gc,phases     ] GC(132)   Post Evacuate Collection Set: 0.7ms
[142.255s][info][gc,phases     ] GC(132)   Other: 0.3ms
[142.255s][info][gc,heap       ] GC(132) Eden regions: 186->0(368)
[142.255s][info][gc,heap       ] GC(132) Survivor regions: 16->16(48)
[142.255s][info][gc,heap       ] GC(132) Old regions: 58->59
[142.255s][info][gc,heap       ] GC(132) Humongous regions: 228->4
[142.255s][info][gc,metaspace  ] GC(132) Metaspace: 46589K->46589K(1091584K)
[142.255s][info][gc            ] GC(132) Pause Young (Concurrent Start) (G1 Humongous Allocation) 486M->78M(640M) 3.191ms
[142.255s][info][gc,cpu        ] GC(132) User=0.00s Sys=0.00s Real=0.00s
[142.255s][info][gc            ] GC(133) Concurrent Cycle
[142.255s][info][gc,marking    ] GC(133) Concurrent Clear Claimed Marks
[142.255s][info][gc,marking    ] GC(133) Concurrent Clear Claimed Marks 0.084ms
[142.255s][info][gc,marking    ] GC(133) Concurrent Scan Root Regions
[142.256s][info][gc,marking    ] GC(133) Concurrent Scan Root Regions 0.442ms
[142.256s][info][gc,marking    ] GC(133) Concurrent Mark (142.256s)
[142.256s][info][gc,marking    ] GC(133) Concurrent Mark From Roots
[142.256s][info][gc,task       ] GC(133) Using 2 workers of 2 for marking
[142.265s][info][gc,marking    ] GC(133) Concurrent Mark From Roots 9.650ms
[142.265s][info][gc,marking    ] GC(133) Concurrent Preclean
[142.265s][info][gc,marking    ] GC(133) Concurrent Preclean 0.077ms
[142.265s][info][gc,marking    ] GC(133) Concurrent Mark (142.256s, 142.265s) 9.785ms
[142.266s][info][gc,start      ] GC(133) Pause Remark
[142.268s][info][gc,stringtable] GC(133) Cleaned string and symbol table, strings: 18861 processed, 0 removed, symbols: 134624 processed, 0 removed
[142.269s][info][gc            ] GC(133) Pause Remark 91M->91M(640M) 2.879ms
[142.269s][info][gc,cpu        ] GC(133) User=0.00s Sys=0.00s Real=0.00s
[142.269s][info][gc,marking    ] GC(133) Concurrent Rebuild Remembered Sets
[142.273s][info][gc,marking    ] GC(133) Concurrent Rebuild Remembered Sets 4.475ms
[142.274s][info][gc,start      ] GC(133) Pause Cleanup
[142.274s][info][gc            ] GC(133) Pause Cleanup 92M->92M(640M) 0.163ms
[142.274s][info][gc,cpu        ] GC(133) User=0.00s Sys=0.00s Real=0.00s
[142.274s][info][gc,marking    ] GC(133) Concurrent Cleanup for Next Mark
[142.274s][info][gc,marking    ] GC(133) Concurrent Cleanup for Next Mark 0.374ms
[142.274s][info][gc            ] GC(133) Concurrent Cycle 19.276ms
[144.086s][info][gc,start      ] GC(134) Pause Young (Concurrent Start) (G1 Humongous Allocation)
[144.086s][info][gc,task       ] GC(134) Using 6 workers of 6 for evacuation
[144.089s][info][gc,phases     ] GC(134)   Pre Evacuate Collection Set: 0.1ms
[144.089s][info][gc,phases     ] GC(134)   Evacuate Collection Set: 2.3ms
[144.089s][info][gc,phases     ] GC(134)   Post Evacuate Collection Set: 0.8ms
[144.089s][info][gc,phases     ] GC(134)   Other: 0.4ms
[144.089s][info][gc,heap       ] GC(134) Eden regions: 172->0(368)
[144.089s][info][gc,heap       ] GC(134) Survivor regions: 16->16(48)
[144.089s][info][gc,heap       ] GC(134) Old regions: 59->60
[144.089s][info][gc,heap       ] GC(134) Humongous regions: 228->8
[144.089s][info][gc,metaspace  ] GC(134) Metaspace: 46612K->46612K(1091584K)
[144.089s][info][gc            ] GC(134) Pause Young (Concurrent Start) (G1 Humongous Allocation) 473M->83M(640M) 3.685ms
[144.089s][info][gc,cpu        ] GC(134) User=0.06s Sys=0.00s Real=0.00s
[144.089s][info][gc            ] GC(135) Concurrent Cycle
[144.089s][info][gc,marking    ] GC(135) Concurrent Clear Claimed Marks
[144.089s][info][gc,marking    ] GC(135) Concurrent Clear Claimed Marks 0.055ms
[144.090s][info][gc,marking    ] GC(135) Concurrent Scan Root Regions
[144.090s][info][gc,marking    ] GC(135) Concurrent Scan Root Regions 0.632ms
[144.090s][info][gc,marking    ] GC(135) Concurrent Mark (144.090s)
[144.090s][info][gc,marking    ] GC(135) Concurrent Mark From Roots
[144.090s][info][gc,task       ] GC(135) Using 2 workers of 2 for marking
[144.101s][info][gc,marking    ] GC(135) Concurrent Mark From Roots 10.967ms
[144.101s][info][gc,marking    ] GC(135) Concurrent Preclean
[144.101s][info][gc,marking    ] GC(135) Concurrent Preclean 0.106ms
[144.101s][info][gc,marking    ] GC(135) Concurrent Mark (144.090s, 144.101s) 11.164ms
[144.102s][info][gc,start      ] GC(135) Pause Remark
[144.104s][info][gc,stringtable] GC(135) Cleaned string and symbol table, strings: 18881 processed, 0 removed, symbols: 134677 processed, 0 removed
[144.105s][info][gc            ] GC(135) Pause Remark 89M->89M(640M) 2.996ms
[144.105s][info][gc,cpu        ] GC(135) User=0.08s Sys=0.02s Real=0.00s
[144.105s][info][gc,marking    ] GC(135) Concurrent Rebuild Remembered Sets
[144.110s][info][gc,marking    ] GC(135) Concurrent Rebuild Remembered Sets 4.736ms
[144.110s][info][gc,start      ] GC(135) Pause Cleanup
[144.110s][info][gc            ] GC(135) Pause Cleanup 89M->89M(640M) 0.136ms
[144.110s][info][gc,cpu        ] GC(135) User=0.00s Sys=0.00s Real=0.00s
[144.110s][info][gc,marking    ] GC(135) Concurrent Cleanup for Next Mark
[144.111s][info][gc,marking    ] GC(135) Concurrent Cleanup for Next Mark 0.354ms
[144.111s][info][gc            ] GC(135) Concurrent Cycle 21.332ms
[145.995s][info][gc,start      ] GC(136) Pause Young (Concurrent Start) (G1 Humongous Allocation)
[145.995s][info][gc,task       ] GC(136) Using 6 workers of 6 for evacuation
[145.998s][info][gc,phases     ] GC(136)   Pre Evacuate Collection Set: 0.1ms
[145.998s][info][gc,phases     ] GC(136)   Evacuate Collection Set: 1.9ms
[145.998s][info][gc,phases     ] GC(136)   Post Evacuate Collection Set: 0.9ms
[145.998s][info][gc,phases     ] GC(136)   Other: 0.4ms
[145.998s][info][gc,heap       ] GC(136) Eden regions: 174->0(368)
[145.998s][info][gc,heap       ] GC(136) Survivor regions: 16->16(48)
[145.998s][info][gc,heap       ] GC(136) Old regions: 60->61
[145.998s][info][gc,heap       ] GC(136) Humongous regions: 228->4
[145.998s][info][gc,metaspace  ] GC(136) Metaspace: 46615K->46615K(1091584K)
[145.998s][info][gc            ] GC(136) Pause Young (Concurrent Start) (G1 Humongous Allocation) 476M->80M(640M) 3.325ms
[145.998s][info][gc,cpu        ] GC(136) User=0.00s Sys=0.00s Real=0.00s
[145.998s][info][gc            ] GC(137) Concurrent Cycle
[145.998s][info][gc,marking    ] GC(137) Concurrent Clear Claimed Marks
[145.999s][info][gc,marking    ] GC(137) Concurrent Clear Claimed Marks 0.152ms
[145.999s][info][gc,marking    ] GC(137) Concurrent Scan Root Regions
[145.999s][info][gc,marking    ] GC(137) Concurrent Scan Root Regions 0.596ms
[145.999s][info][gc,marking    ] GC(137) Concurrent Mark (145.999s)
[145.999s][info][gc,marking    ] GC(137) Concurrent Mark From Roots
[145.999s][info][gc,task       ] GC(137) Using 2 workers of 2 for marking
[146.009s][info][gc,marking    ] GC(137) Concurrent Mark From Roots 9.480ms
[146.009s][info][gc,marking    ] GC(137) Concurrent Preclean
[146.009s][info][gc,marking    ] GC(137) Concurrent Preclean 0.075ms
[146.009s][info][gc,marking    ] GC(137) Concurrent Mark (145.999s, 146.009s) 9.606ms
[146.009s][info][gc,start      ] GC(137) Pause Remark
[146.012s][info][gc,stringtable] GC(137) Cleaned string and symbol table, strings: 18904 processed, 0 removed, symbols: 134677 processed, 0 removed
[146.012s][info][gc            ] GC(137) Pause Remark 97M->97M(640M) 2.785ms
[146.012s][info][gc,cpu        ] GC(137) User=0.00s Sys=0.00s Real=0.00s
[146.012s][info][gc,marking    ] GC(137) Concurrent Rebuild Remembered Sets
[146.017s][info][gc,marking    ] GC(137) Concurrent Rebuild Remembered Sets 4.872ms
[146.018s][info][gc,start      ] GC(137) Pause Cleanup
[146.018s][info][gc            ] GC(137) Pause Cleanup 98M->98M(640M) 0.175ms
[146.018s][info][gc,cpu        ] GC(137) User=0.00s Sys=0.00s Real=0.00s
[146.018s][info][gc,marking    ] GC(137) Concurrent Cleanup for Next Mark
[146.018s][info][gc,marking    ] GC(137) Concurrent Cleanup for Next Mark 0.442ms
[146.018s][info][gc            ] GC(137) Concurrent Cycle 19.978ms
[147.884s][info][gc,start      ] GC(138) Pause Young (Concurrent Start) (G1 Humongous Allocation)
[147.884s][info][gc,task       ] GC(138) Using 6 workers of 6 for evacuation
[147.887s][info][gc,phases     ] GC(138)   Pre Evacuate Collection Set: 0.1ms
[147.887s][info][gc,phases     ] GC(138)   Evacuate Collection Set: 2.3ms
[147.887s][info][gc,phases     ] GC(138)   Post Evacuate Collection Set: 0.7ms
[147.887s][info][gc,phases     ] GC(138)   Other: 0.5ms
[147.887s][info][gc,heap       ] GC(138) Eden regions: 176->0(368)
[147.887s][info][gc,heap       ] GC(138) Survivor regions: 16->16(48)
[147.887s][info][gc,heap       ] GC(138) Old regions: 61->62
[147.887s][info][gc,heap       ] GC(138) Humongous regions: 224->8
[147.887s][info][gc,metaspace  ] GC(138) Metaspace: 46622K->46622K(1091584K)
[147.887s][info][gc            ] GC(138) Pause Young (Concurrent Start) (G1 Humongous Allocation) 475M->85M(640M) 3.576ms
[147.887s][info][gc,cpu        ] GC(138) User=0.00s Sys=0.00s Real=0.00s
[147.887s][info][gc            ] GC(139) Concurrent Cycle
[147.887s][info][gc,marking    ] GC(139) Concurrent Clear Claimed Marks
[147.887s][info][gc,marking    ] GC(139) Concurrent Clear Claimed Marks 0.050ms
[147.887s][info][gc,marking    ] GC(139) Concurrent Scan Root Regions
[147.888s][info][gc,marking    ] GC(139) Concurrent Scan Root Regions 0.695ms
[147.888s][info][gc,marking    ] GC(139) Concurrent Mark (147.888s)
[147.888s][info][gc,marking    ] GC(139) Concurrent Mark From Roots
[147.888s][info][gc,task       ] GC(139) Using 2 workers of 2 for marking
[147.898s][info][gc,marking    ] GC(139) Concurrent Mark From Roots 10.210ms
[147.898s][info][gc,marking    ] GC(139) Concurrent Preclean
[147.898s][info][gc,marking    ] GC(139) Concurrent Preclean 0.072ms
[147.898s][info][gc,marking    ] GC(139) Concurrent Mark (147.888s, 147.898s) 10.329ms
[147.899s][info][gc,start      ] GC(139) Pause Remark
[147.901s][info][gc,stringtable] GC(139) Cleaned string and symbol table, strings: 18904 processed, 0 removed, symbols: 134677 processed, 0 removed
[147.902s][info][gc            ] GC(139) Pause Remark 95M->95M(640M) 2.846ms
[147.902s][info][gc,cpu        ] GC(139) User=0.02s Sys=0.00s Real=0.00s
[147.902s][info][gc,marking    ] GC(139) Concurrent Rebuild Remembered Sets
[147.906s][info][gc,marking    ] GC(139) Concurrent Rebuild Remembered Sets 4.512ms
[147.907s][info][gc,start      ] GC(139) Pause Cleanup
[147.907s][info][gc            ] GC(139) Pause Cleanup 96M->96M(640M) 0.142ms
[147.907s][info][gc,cpu        ] GC(139) User=0.00s Sys=0.00s Real=0.00s
[147.907s][info][gc,marking    ] GC(139) Concurrent Cleanup for Next Mark
[147.907s][info][gc,marking    ] GC(139) Concurrent Cleanup for Next Mark 0.454ms
[147.907s][info][gc            ] GC(139) Concurrent Cycle 20.164ms
[149.693s][info][gc,start      ] GC(140) Pause Young (Concurrent Start) (G1 Humongous Allocation)
[149.693s][info][gc,task       ] GC(140) Using 6 workers of 6 for evacuation
[149.696s][info][gc,phases     ] GC(140)   Pre Evacuate Collection Set: 0.1ms
[149.696s][info][gc,phases     ] GC(140)   Evacuate Collection Set: 2.0ms
[149.696s][info][gc,phases     ] GC(140)   Post Evacuate Collection Set: 0.7ms
[149.696s][info][gc,phases     ] GC(140)   Other: 0.5ms
[149.696s][info][gc,heap       ] GC(140) Eden regions: 160->0(368)
[149.696s][info][gc,heap       ] GC(140) Survivor regions: 16->16(48)
[149.696s][info][gc,heap       ] GC(140) Old regions: 62->63
[149.696s][info][gc,heap       ] GC(140) Humongous regions: 224->8
[149.696s][info][gc,metaspace  ] GC(140) Metaspace: 46629K->46629K(1091584K)
[149.696s][info][gc            ] GC(140) Pause Young (Concurrent Start) (G1 Humongous Allocation) 460M->85M(640M) 3.383ms
[149.696s][info][gc,cpu        ] GC(140) User=0.02s Sys=0.00s Real=0.00s
[149.696s][info][gc            ] GC(141) Concurrent Cycle
[149.696s][info][gc,marking    ] GC(141) Concurrent Clear Claimed Marks
[149.696s][info][gc,marking    ] GC(141) Concurrent Clear Claimed Marks 0.074ms
[149.696s][info][gc,marking    ] GC(141) Concurrent Scan Root Regions
[149.697s][info][gc,marking    ] GC(141) Concurrent Scan Root Regions 0.516ms
[149.697s][info][gc,marking    ] GC(141) Concurrent Mark (149.697s)
[149.697s][info][gc,marking    ] GC(141) Concurrent Mark From Roots
[149.697s][info][gc,task       ] GC(141) Using 2 workers of 2 for marking
[149.706s][info][gc,marking    ] GC(141) Concurrent Mark From Roots 8.883ms
[149.706s][info][gc,marking    ] GC(141) Concurrent Preclean
[149.706s][info][gc,marking    ] GC(141) Concurrent Preclean 0.084ms
[149.706s][info][gc,marking    ] GC(141) Concurrent Mark (149.697s, 149.706s) 9.027ms
[149.706s][info][gc,start      ] GC(141) Pause Remark
[149.709s][info][gc,stringtable] GC(141) Cleaned string and symbol table, strings: 18906 processed, 0 removed, symbols: 134677 processed, 0 removed
[149.709s][info][gc            ] GC(141) Pause Remark 95M->95M(640M) 2.961ms
[149.709s][info][gc,cpu        ] GC(141) User=0.00s Sys=0.00s Real=0.00s
[149.709s][info][gc,marking    ] GC(141) Concurrent Rebuild Remembered Sets
[149.714s][info][gc,marking    ] GC(141) Concurrent Rebuild Remembered Sets 4.830ms
[149.715s][info][gc,start      ] GC(141) Pause Cleanup
[149.715s][info][gc            ] GC(141) Pause Cleanup 96M->96M(640M) 0.146ms
[149.715s][info][gc,cpu        ] GC(141) User=0.00s Sys=0.00s Real=0.00s
[149.715s][info][gc,marking    ] GC(141) Concurrent Cleanup for Next Mark
[149.715s][info][gc,marking    ] GC(141) Concurrent Cleanup for Next Mark 0.316ms
[149.715s][info][gc            ] GC(141) Concurrent Cycle 18.932ms
[151.551s][info][gc,start      ] GC(142) Pause Young (Concurrent Start) (G1 Humongous Allocation)
[151.551s][info][gc,task       ] GC(142) Using 6 workers of 6 for evacuation
[151.555s][info][gc,phases     ] GC(142)   Pre Evacuate Collection Set: 0.1ms
[151.555s][info][gc,phases     ] GC(142)   Evacuate Collection Set: 2.0ms
[151.555s][info][gc,phases     ] GC(142)   Post Evacuate Collection Set: 0.8ms
[151.555s][info][gc,phases     ] GC(142)   Other: 0.5ms
[151.555s][info][gc,heap       ] GC(142) Eden regions: 165->0(368)
[151.555s][info][gc,heap       ] GC(142) Survivor regions: 16->16(48)
[151.555s][info][gc,heap       ] GC(142) Old regions: 63->64
[151.555s][info][gc,heap       ] GC(142) Humongous regions: 224->8
[151.555s][info][gc,metaspace  ] GC(142) Metaspace: 46657K->46657K(1091584K)
[151.555s][info][gc            ] GC(142) Pause Young (Concurrent Start) (G1 Humongous Allocation) 466M->86M(640M) 3.479ms
[151.555s][info][gc,cpu        ] GC(142) User=0.00s Sys=0.00s Real=0.00s
[151.555s][info][gc            ] GC(143) Concurrent Cycle
[151.555s][info][gc,marking    ] GC(143) Concurrent Clear Claimed Marks
[151.555s][info][gc,marking    ] GC(143) Concurrent Clear Claimed Marks 0.117ms
[151.555s][info][gc,marking    ] GC(143) Concurrent Scan Root Regions
[151.556s][info][gc,marking    ] GC(143) Concurrent Scan Root Regions 0.707ms
[151.556s][info][gc,marking    ] GC(143) Concurrent Mark (151.556s)
[151.556s][info][gc,marking    ] GC(143) Concurrent Mark From Roots
[151.556s][info][gc,task       ] GC(143) Using 2 workers of 2 for marking
[151.566s][info][gc,marking    ] GC(143) Concurrent Mark From Roots 10.274ms
[151.566s][info][gc,marking    ] GC(143) Concurrent Preclean
[151.566s][info][gc,marking    ] GC(143) Concurrent Preclean 0.090ms
[151.566s][info][gc,marking    ] GC(143) Concurrent Mark (151.556s, 151.566s) 10.417ms
[151.567s][info][gc,start      ] GC(143) Pause Remark
[151.570s][info][gc,stringtable] GC(143) Cleaned string and symbol table, strings: 18920 processed, 0 removed, symbols: 134677 processed, 0 removed
[151.570s][info][gc            ] GC(143) Pause Remark 96M->96M(640M) 3.657ms
[151.570s][info][gc,cpu        ] GC(143) User=0.00s Sys=0.00s Real=0.00s
[151.570s][info][gc,marking    ] GC(143) Concurrent Rebuild Remembered Sets
[151.575s][info][gc,marking    ] GC(143) Concurrent Rebuild Remembered Sets 4.685ms
[151.575s][info][gc,start      ] GC(143) Pause Cleanup
[151.576s][info][gc            ] GC(143) Pause Cleanup 97M->97M(640M) 0.134ms
[151.576s][info][gc,cpu        ] GC(143) User=0.00s Sys=0.00s Real=0.00s
[151.576s][info][gc,marking    ] GC(143) Concurrent Cleanup for Next Mark
[151.576s][info][gc,marking    ] GC(143) Concurrent Cleanup for Next Mark 0.383ms
[151.576s][info][gc            ] GC(143) Concurrent Cycle 21.238ms
[153.423s][info][gc,start      ] GC(144) Pause Young (Concurrent Start) (G1 Humongous Allocation)
[153.423s][info][gc,task       ] GC(144) Using 6 workers of 6 for evacuation
[153.427s][info][gc,phases     ] GC(144)   Pre Evacuate Collection Set: 0.1ms
[153.427s][info][gc,phases     ] GC(144)   Evacuate Collection Set: 3.1ms
[153.427s][info][gc,phases     ] GC(144)   Post Evacuate Collection Set: 0.9ms
[153.427s][info][gc,phases     ] GC(144)   Other: 0.5ms
[153.427s][info][gc,heap       ] GC(144) Eden regions: 163->0(368)
[153.427s][info][gc,heap       ] GC(144) Survivor regions: 16->16(48)
[153.427s][info][gc,heap       ] GC(144) Old regions: 64->65
[153.427s][info][gc,heap       ] GC(144) Humongous regions: 224->8
[153.427s][info][gc,metaspace  ] GC(144) Metaspace: 46660K->46660K(1091584K)
[153.427s][info][gc            ] GC(144) Pause Young (Concurrent Start) (G1 Humongous Allocation) 464M->87M(640M) 4.589ms
[153.427s][info][gc,cpu        ] GC(144) User=0.00s Sys=0.00s Real=0.00s
[153.427s][info][gc            ] GC(145) Concurrent Cycle
[153.427s][info][gc,marking    ] GC(145) Concurrent Clear Claimed Marks
[153.427s][info][gc,marking    ] GC(145) Concurrent Clear Claimed Marks 0.046ms
[153.427s][info][gc,marking    ] GC(145) Concurrent Scan Root Regions
[153.428s][info][gc,marking    ] GC(145) Concurrent Scan Root Regions 0.586ms
[153.428s][info][gc,marking    ] GC(145) Concurrent Mark (153.428s)
[153.428s][info][gc,marking    ] GC(145) Concurrent Mark From Roots
[153.428s][info][gc,task       ] GC(145) Using 2 workers of 2 for marking
[153.438s][info][gc,marking    ] GC(145) Concurrent Mark From Roots 10.288ms
[153.438s][info][gc,marking    ] GC(145) Concurrent Preclean
[153.438s][info][gc,marking    ] GC(145) Concurrent Preclean 0.076ms
[153.438s][info][gc,marking    ] GC(145) Concurrent Mark (153.428s, 153.438s) 10.423ms
[153.439s][info][gc,start      ] GC(145) Pause Remark
[153.441s][info][gc,stringtable] GC(145) Cleaned string and symbol table, strings: 18920 processed, 6 removed, symbols: 134677 processed, 0 removed
[153.442s][info][gc            ] GC(145) Pause Remark 96M->96M(640M) 2.925ms
[153.442s][info][gc,cpu        ] GC(145) User=0.00s Sys=0.00s Real=0.00s
[153.442s][info][gc,marking    ] GC(145) Concurrent Rebuild Remembered Sets
[153.446s][info][gc,marking    ] GC(145) Concurrent Rebuild Remembered Sets 4.462ms
[153.447s][info][gc,start      ] GC(145) Pause Cleanup
[153.447s][info][gc            ] GC(145) Pause Cleanup 97M->97M(640M) 0.189ms
[153.447s][info][gc,cpu        ] GC(145) User=0.00s Sys=0.00s Real=0.00s
[153.447s][info][gc,marking    ] GC(145) Concurrent Cleanup for Next Mark
[153.447s][info][gc,marking    ] GC(145) Concurrent Cleanup for Next Mark 0.352ms
[153.447s][info][gc            ] GC(145) Concurrent Cycle 20.031ms
[155.268s][info][gc,start      ] GC(146) Pause Young (Concurrent Start) (G1 Humongous Allocation)
[155.268s][info][gc,task       ] GC(146) Using 6 workers of 6 for evacuation
[155.272s][info][gc,phases     ] GC(146)   Pre Evacuate Collection Set: 0.1ms
[155.272s][info][gc,phases     ] GC(146)   Evacuate Collection Set: 2.2ms
[155.272s][info][gc,phases     ] GC(146)   Post Evacuate Collection Set: 0.7ms
[155.272s][info][gc,phases     ] GC(146)   Other: 0.4ms
[155.272s][info][gc,heap       ] GC(146) Eden regions: 162->0(368)
[155.272s][info][gc,heap       ] GC(146) Survivor regions: 16->16(48)
[155.272s][info][gc,heap       ] GC(146) Old regions: 65->66
[155.272s][info][gc,heap       ] GC(146) Humongous regions: 220->4
[155.272s][info][gc,metaspace  ] GC(146) Metaspace: 46660K->46660K(1091584K)
[155.272s][info][gc            ] GC(146) Pause Young (Concurrent Start) (G1 Humongous Allocation) 460M->84M(640M) 3.424ms
[155.272s][info][gc,cpu        ] GC(146) User=0.00s Sys=0.00s Real=0.00s
[155.272s][info][gc            ] GC(147) Concurrent Cycle
[155.272s][info][gc,marking    ] GC(147) Concurrent Clear Claimed Marks
[155.272s][info][gc,marking    ] GC(147) Concurrent Clear Claimed Marks 0.072ms
[155.272s][info][gc,marking    ] GC(147) Concurrent Scan Root Regions
[155.273s][info][gc,marking    ] GC(147) Concurrent Scan Root Regions 0.613ms
[155.273s][info][gc,marking    ] GC(147) Concurrent Mark (155.273s)
[155.273s][info][gc,marking    ] GC(147) Concurrent Mark From Roots
[155.273s][info][gc,task       ] GC(147) Using 2 workers of 2 for marking
[155.282s][info][gc,marking    ] GC(147) Concurrent Mark From Roots 9.563ms
[155.282s][info][gc,marking    ] GC(147) Concurrent Preclean
[155.282s][info][gc,marking    ] GC(147) Concurrent Preclean 0.113ms
[155.282s][info][gc,marking    ] GC(147) Concurrent Mark (155.273s, 155.282s) 9.760ms
[155.283s][info][gc,start      ] GC(147) Pause Remark
[155.285s][info][gc,stringtable] GC(147) Cleaned string and symbol table, strings: 18920 processed, 0 removed, symbols: 134677 processed, 0 removed
[155.286s][info][gc            ] GC(147) Pause Remark 97M->97M(640M) 2.932ms
[155.286s][info][gc,cpu        ] GC(147) User=0.00s Sys=0.00s Real=0.00s
[155.286s][info][gc,marking    ] GC(147) Concurrent Rebuild Remembered Sets
[155.291s][info][gc,marking    ] GC(147) Concurrent Rebuild Remembered Sets 5.008ms
[155.291s][info][gc,start      ] GC(147) Pause Cleanup
[155.291s][info][gc            ] GC(147) Pause Cleanup 98M->98M(640M) 0.163ms
[155.291s][info][gc,cpu        ] GC(147) User=0.00s Sys=0.00s Real=0.00s
[155.292s][info][gc,marking    ] GC(147) Concurrent Cleanup for Next Mark
[155.292s][info][gc,marking    ] GC(147) Concurrent Cleanup for Next Mark 0.352ms
[155.292s][info][gc            ] GC(147) Concurrent Cycle 19.992ms
[157.131s][info][gc,start      ] GC(148) Pause Young (Concurrent Start) (G1 Humongous Allocation)
[157.131s][info][gc,task       ] GC(148) Using 6 workers of 6 for evacuation
[157.134s][info][gc,phases     ] GC(148)   Pre Evacuate Collection Set: 0.1ms
[157.134s][info][gc,phases     ] GC(148)   Evacuate Collection Set: 1.7ms
[157.134s][info][gc,phases     ] GC(148)   Post Evacuate Collection Set: 0.9ms
[157.134s][info][gc,phases     ] GC(148)   Other: 0.4ms
[157.134s][info][gc,heap       ] GC(148) Eden regions: 156->0(368)
[157.134s][info][gc,heap       ] GC(148) Survivor regions: 16->16(48)
[157.134s][info][gc,heap       ] GC(148) Old regions: 66->67
[157.135s][info][gc,heap       ] GC(148) Humongous regions: 220->4
[157.135s][info][gc,metaspace  ] GC(148) Metaspace: 46666K->46666K(1091584K)
[157.135s][info][gc            ] GC(148) Pause Young (Concurrent Start) (G1 Humongous Allocation) 456M->85M(640M) 3.156ms
[157.135s][info][gc,cpu        ] GC(148) User=0.09s Sys=0.00s Real=0.00s
[157.135s][info][gc            ] GC(149) Concurrent Cycle
[157.135s][info][gc,marking    ] GC(149) Concurrent Clear Claimed Marks
[157.135s][info][gc,marking    ] GC(149) Concurrent Clear Claimed Marks 0.072ms
[157.135s][info][gc,marking    ] GC(149) Concurrent Scan Root Regions
[157.135s][info][gc,marking    ] GC(149) Concurrent Scan Root Regions 0.508ms
[157.135s][info][gc,marking    ] GC(149) Concurrent Mark (157.135s)
[157.135s][info][gc,marking    ] GC(149) Concurrent Mark From Roots
[157.135s][info][gc,task       ] GC(149) Using 2 workers of 2 for marking
[157.145s][info][gc,marking    ] GC(149) Concurrent Mark From Roots 9.702ms
[157.145s][info][gc,marking    ] GC(149) Concurrent Preclean
[157.145s][info][gc,marking    ] GC(149) Concurrent Preclean 0.093ms
[157.145s][info][gc,marking    ] GC(149) Concurrent Mark (157.135s, 157.145s) 9.847ms
[157.145s][info][gc,start      ] GC(149) Pause Remark
[157.149s][info][gc,stringtable] GC(149) Cleaned string and symbol table, strings: 18920 processed, 0 removed, symbols: 134677 processed, 0 removed
[157.149s][info][gc            ] GC(149) Pause Remark 102M->102M(640M) 3.791ms
[157.149s][info][gc,cpu        ] GC(149) User=0.08s Sys=0.00s Real=0.00s
[157.149s][info][gc,marking    ] GC(149) Concurrent Rebuild Remembered Sets
[157.156s][info][gc,marking    ] GC(149) Concurrent Rebuild Remembered Sets 6.204ms
[157.156s][info][gc,start      ] GC(149) Pause Cleanup
[157.156s][info][gc            ] GC(149) Pause Cleanup 103M->103M(640M) 0.139ms
[157.156s][info][gc,cpu        ] GC(149) User=0.00s Sys=0.00s Real=0.00s
[157.156s][info][gc,marking    ] GC(149) Concurrent Cleanup for Next Mark
[157.157s][info][gc,marking    ] GC(149) Concurrent Cleanup for Next Mark 0.353ms
[157.157s][info][gc            ] GC(149) Concurrent Cycle 21.944ms
[158.968s][info][gc,start      ] GC(150) Pause Young (Concurrent Start) (G1 Humongous Allocation)
[158.968s][info][gc,task       ] GC(150) Using 6 workers of 6 for evacuation
[158.971s][info][gc,phases     ] GC(150)   Pre Evacuate Collection Set: 0.1ms
[158.971s][info][gc,phases     ] GC(150)   Evacuate Collection Set: 1.7ms
[158.971s][info][gc,phases     ] GC(150)   Post Evacuate Collection Set: 0.6ms
[158.971s][info][gc,phases     ] GC(150)   Other: 0.3ms
[158.971s][info][gc,heap       ] GC(150) Eden regions: 155->0(368)
[158.971s][info][gc,heap       ] GC(150) Survivor regions: 16->16(48)
[158.971s][info][gc,heap       ] GC(150) Old regions: 67->68
[158.971s][info][gc,heap       ] GC(150) Humongous regions: 220->4
[158.971s][info][gc,metaspace  ] GC(150) Metaspace: 46666K->46666K(1091584K)
[158.971s][info][gc            ] GC(150) Pause Young (Concurrent Start) (G1 Humongous Allocation) 455M->86M(640M) 2.764ms
[158.971s][info][gc,cpu        ] GC(150) User=0.00s Sys=0.00s Real=0.00s
[158.971s][info][gc            ] GC(151) Concurrent Cycle
[158.971s][info][gc,marking    ] GC(151) Concurrent Clear Claimed Marks
[158.971s][info][gc,marking    ] GC(151) Concurrent Clear Claimed Marks 0.061ms
[158.971s][info][gc,marking    ] GC(151) Concurrent Scan Root Regions
[158.972s][info][gc,marking    ] GC(151) Concurrent Scan Root Regions 0.446ms
[158.972s][info][gc,marking    ] GC(151) Concurrent Mark (158.972s)
[158.972s][info][gc,marking    ] GC(151) Concurrent Mark From Roots
[158.972s][info][gc,task       ] GC(151) Using 2 workers of 2 for marking
[158.982s][info][gc,marking    ] GC(151) Concurrent Mark From Roots 9.914ms
[158.982s][info][gc,marking    ] GC(151) Concurrent Preclean
[158.982s][info][gc,marking    ] GC(151) Concurrent Preclean 0.100ms
[158.982s][info][gc,marking    ] GC(151) Concurrent Mark (158.972s, 158.982s) 10.100ms
[158.982s][info][gc,start      ] GC(151) Pause Remark
[158.985s][info][gc,stringtable] GC(151) Cleaned string and symbol table, strings: 18920 processed, 0 removed, symbols: 134677 processed, 0 removed
[158.985s][info][gc            ] GC(151) Pause Remark 99M->99M(640M) 2.996ms
[158.985s][info][gc,cpu        ] GC(151) User=0.00s Sys=0.00s Real=0.00s
[158.985s][info][gc,marking    ] GC(151) Concurrent Rebuild Remembered Sets
[158.991s][info][gc,marking    ] GC(151) Concurrent Rebuild Remembered Sets 5.365ms
[158.991s][info][gc,start      ] GC(151) Pause Cleanup
[158.991s][info][gc            ] GC(151) Pause Cleanup 100M->100M(640M) 0.154ms
[158.991s][info][gc,cpu        ] GC(151) User=0.00s Sys=0.00s Real=0.00s
[158.991s][info][gc,marking    ] GC(151) Concurrent Cleanup for Next Mark
[158.992s][info][gc,marking    ] GC(151) Concurrent Cleanup for Next Mark 0.348ms
[158.992s][info][gc            ] GC(151) Concurrent Cycle 20.571ms
[160.799s][info][gc,start      ] GC(152) Pause Young (Concurrent Start) (G1 Humongous Allocation)
[160.799s][info][gc,task       ] GC(152) Using 6 workers of 6 for evacuation
[160.802s][info][gc,phases     ] GC(152)   Pre Evacuate Collection Set: 0.1ms
[160.802s][info][gc,phases     ] GC(152)   Evacuate Collection Set: 1.9ms
[160.802s][info][gc,phases     ] GC(152)   Post Evacuate Collection Set: 1.0ms
[160.802s][info][gc,phases     ] GC(152)   Other: 0.4ms
[160.802s][info][gc,heap       ] GC(152) Eden regions: 162->0(369)
[160.802s][info][gc,heap       ] GC(152) Survivor regions: 16->15(48)
[160.802s][info][gc,heap       ] GC(152) Old regions: 68->69
[160.802s][info][gc,heap       ] GC(152) Humongous regions: 220->4
[160.802s][info][gc,metaspace  ] GC(152) Metaspace: 46671K->46671K(1091584K)
[160.802s][info][gc            ] GC(152) Pause Young (Concurrent Start) (G1 Humongous Allocation) 463M->86M(640M) 3.373ms
[160.803s][info][gc,cpu        ] GC(152) User=0.00s Sys=0.00s Real=0.00s
[160.803s][info][gc            ] GC(153) Concurrent Cycle
[160.803s][info][gc,marking    ] GC(153) Concurrent Clear Claimed Marks
[160.803s][info][gc,marking    ] GC(153) Concurrent Clear Claimed Marks 0.058ms
[160.803s][info][gc,marking    ] GC(153) Concurrent Scan Root Regions
[160.803s][info][gc,marking    ] GC(153) Concurrent Scan Root Regions 0.569ms
[160.803s][info][gc,marking    ] GC(153) Concurrent Mark (160.803s)
[160.803s][info][gc,marking    ] GC(153) Concurrent Mark From Roots
[160.803s][info][gc,task       ] GC(153) Using 2 workers of 2 for marking
[160.815s][info][gc,marking    ] GC(153) Concurrent Mark From Roots 11.435ms
[160.815s][info][gc,marking    ] GC(153) Concurrent Preclean
[160.815s][info][gc,marking    ] GC(153) Concurrent Preclean 0.093ms
[160.815s][info][gc,marking    ] GC(153) Concurrent Mark (160.803s, 160.815s) 11.597ms
[160.815s][info][gc,start      ] GC(153) Pause Remark
[160.818s][info][gc,stringtable] GC(153) Cleaned string and symbol table, strings: 18922 processed, 0 removed, symbols: 134677 processed, 0 removed
[160.818s][info][gc            ] GC(153) Pause Remark 100M->100M(640M) 2.874ms
[160.818s][info][gc,cpu        ] GC(153) User=0.00s Sys=0.00s Real=0.00s
[160.818s][info][gc,marking    ] GC(153) Concurrent Rebuild Remembered Sets
[160.823s][info][gc,marking    ] GC(153) Concurrent Rebuild Remembered Sets 4.942ms
[160.824s][info][gc,start      ] GC(153) Pause Cleanup
[160.824s][info][gc            ] GC(153) Pause Cleanup 100M->100M(640M) 0.195ms
[160.824s][info][gc,cpu        ] GC(153) User=0.00s Sys=0.00s Real=0.00s
[160.824s][info][gc,marking    ] GC(153) Concurrent Cleanup for Next Mark
[160.825s][info][gc,marking    ] GC(153) Concurrent Cleanup for Next Mark 0.470ms
[160.825s][info][gc            ] GC(153) Concurrent Cycle 21.922ms
[182.758s][info][gc,start      ] GC(154) Pause Young (Normal) (G1 Evacuation Pause)
[182.758s][info][gc,task       ] GC(154) Using 6 workers of 6 for evacuation
[182.765s][info][gc,phases     ] GC(154)   Pre Evacuate Collection Set: 0.1ms
[182.765s][info][gc,phases     ] GC(154)   Evacuate Collection Set: 4.5ms
[182.765s][info][gc,phases     ] GC(154)   Post Evacuate Collection Set: 1.1ms
[182.765s][info][gc,phases     ] GC(154)   Other: 0.8ms
[182.765s][info][gc,heap       ] GC(154) Eden regions: 369->0(369)
[182.765s][info][gc,heap       ] GC(154) Survivor regions: 15->15(48)
[182.765s][info][gc,heap       ] GC(154) Old regions: 69->69
[182.765s][info][gc,heap       ] GC(154) Humongous regions: 172->4
[182.765s][info][gc,metaspace  ] GC(154) Metaspace: 46895K->46895K(1091584K)
[182.765s][info][gc            ] GC(154) Pause Young (Normal) (G1 Evacuation Pause) 623M->87M(640M) 6.635ms
[182.765s][info][gc,cpu        ] GC(154) User=0.02s Sys=0.00s Real=0.01s
[195.300s][info][gc,heap,exit  ] Heap
[195.300s][info][gc,heap,exit  ]  garbage-first heap   total 655360K, used 225615K [0x00000000d8000000, 0x0000000100000000)
[195.300s][info][gc,heap,exit  ]   region size 1024K, 150 young (153600K), 15 survivors (15360K)
[195.300s][info][gc,heap,exit  ]  Metaspace       used 47041K, capacity 47810K, committed 48080K, reserved 1091584K
[195.300s][info][gc,heap,exit  ]   class space    used 4947K, capacity 5214K, committed 5248K, reserved 1048576K
