[0.007s][info][gc,heap] Heap region size: 1M
[0.018s][info][gc     ] Using G1
[0.018s][info][gc,heap,coops] Heap address: 0x00000000d8000000, size: 640 MB, Compressed Oops mode: 32-bit
[0.728s][info][gc,start     ] GC(0) Pause Young (Normal) (G1 Evacuation Pause)
[0.728s][info][gc,task      ] GC(0) Using 6 workers of 6 for evacuation
[0.732s][info][gc,phases    ] GC(0)   Pre Evacuate Collection Set: 0.0ms
[0.732s][info][gc,phases    ] GC(0)   Evacuate Collection Set: 3.0ms
[0.732s][info][gc,phases    ] GC(0)   Post Evacuate Collection Set: 0.6ms
[0.732s][info][gc,phases    ] GC(0)   Other: 0.4ms
[0.732s][info][gc,heap      ] GC(0) Eden regions: 32->0(221)
[0.732s][info][gc,heap      ] GC(0) Survivor regions: 0->4(4)
[0.733s][info][gc,heap      ] GC(0) Old regions: 0->1
[0.733s][info][gc,heap      ] GC(0) Humongous regions: 4->4
[0.733s][info][gc,metaspace ] GC(0) Metaspace: 18609K->18609K(1067008K)
[0.733s][info][gc           ] GC(0) Pause Young (Normal) (G1 Evacuation Pause) 36M->8M(640M) 4.423ms
[0.733s][info][gc,cpu       ] GC(0) User=0.00s Sys=0.00s Real=0.00s
[0.889s][info][gc,start     ] GC(1) Pause Young (Concurrent Start) (Metadata GC Threshold)
[0.889s][info][gc,task      ] GC(1) Using 6 workers of 6 for evacuation
[0.892s][info][gc,phases    ] GC(1)   Pre Evacuate Collection Set: 0.0ms
[0.892s][info][gc,phases    ] GC(1)   Evacuate Collection Set: 2.7ms
[0.892s][info][gc,phases    ] GC(1)   Post Evacuate Collection Set: 0.4ms
[0.892s][info][gc,phases    ] GC(1)   Other: 0.1ms
[0.892s][info][gc,heap      ] GC(1) Eden regions: 13->0(37)
[0.892s][info][gc,heap      ] GC(1) Survivor regions: 4->6(29)
[0.892s][info][gc,heap      ] GC(1) Old regions: 1->1
[0.892s][info][gc,heap      ] GC(1) Humongous regions: 4->4
[0.892s][info][gc,metaspace ] GC(1) Metaspace: 20769K->20769K(1069056K)
[0.892s][info][gc           ] GC(1) Pause Young (Concurrent Start) (Metadata GC Threshold) 21M->9M(640M) 3.330ms
[0.892s][info][gc,cpu       ] GC(1) User=0.09s Sys=0.00s Real=0.00s
[0.892s][info][gc           ] GC(2) Concurrent Cycle
[0.892s][info][gc,marking   ] GC(2) Concurrent Clear Claimed Marks
[0.892s][info][gc,marking   ] GC(2) Concurrent Clear Claimed Marks 0.021ms
[0.892s][info][gc,marking   ] GC(2) Concurrent Scan Root Regions
[0.894s][info][gc,marking   ] GC(2) Concurrent Scan Root Regions 1.728ms
[0.894s][info][gc,marking   ] GC(2) Concurrent Mark (0.894s)
[0.894s][info][gc,marking   ] GC(2) Concurrent Mark From Roots
[0.894s][info][gc,task      ] GC(2) Using 2 workers of 2 for marking
[0.895s][info][gc,marking   ] GC(2) Concurrent Mark From Roots 0.877ms
[0.895s][info][gc,marking   ] GC(2) Concurrent Preclean
[0.895s][info][gc,marking   ] GC(2) Concurrent Preclean 0.026ms
[0.895s][info][gc,marking   ] GC(2) Concurrent Mark (0.894s, 0.895s) 0.946ms
[0.895s][info][gc,start     ] GC(2) Pause Remark
[0.896s][info][gc,stringtable] GC(2) Cleaned string and symbol table, strings: 8400 processed, 0 removed, symbols: 67633 processed, 29 removed
[0.897s][info][gc            ] GC(2) Pause Remark 10M->10M(640M) 1.208ms
[0.897s][info][gc,cpu        ] GC(2) User=0.00s Sys=0.00s Real=0.00s
[0.897s][info][gc,marking    ] GC(2) Concurrent Rebuild Remembered Sets
[0.897s][info][gc,marking    ] GC(2) Concurrent Rebuild Remembered Sets 0.744ms
[0.897s][info][gc,start      ] GC(2) Pause Cleanup
[0.897s][info][gc            ] GC(2) Pause Cleanup 10M->10M(640M) 0.098ms
[0.897s][info][gc,cpu        ] GC(2) User=0.00s Sys=0.00s Real=0.00s
[0.898s][info][gc,marking    ] GC(2) Concurrent Cleanup for Next Mark
[0.898s][info][gc,marking    ] GC(2) Concurrent Cleanup for Next Mark 0.501ms
[0.898s][info][gc            ] GC(2) Concurrent Cycle 5.642ms
[1.470s][info][gc,start      ] GC(3) Pause Young (Normal) (G1 Evacuation Pause)
[1.470s][info][gc,task       ] GC(3) Using 6 workers of 6 for evacuation
[1.473s][info][gc,phases     ] GC(3)   Pre Evacuate Collection Set: 0.0ms
[1.473s][info][gc,phases     ] GC(3)   Evacuate Collection Set: 2.7ms
[1.473s][info][gc,phases     ] GC(3)   Post Evacuate Collection Set: 0.5ms
[1.473s][info][gc,phases     ] GC(3)   Other: 0.1ms
[1.473s][info][gc,heap       ] GC(3) Eden regions: 26->0(74)
[1.473s][info][gc,heap       ] GC(3) Survivor regions: 6->4(4)
[1.473s][info][gc,heap       ] GC(3) Old regions: 1->5
[1.473s][info][gc,heap       ] GC(3) Humongous regions: 4->4
[1.473s][info][gc,metaspace  ] GC(3) Metaspace: 27094K->27094K(1073152K)
[1.473s][info][gc            ] GC(3) Pause Young (Normal) (G1 Evacuation Pause) 35M->12M(640M) 3.513ms
[1.473s][info][gc,cpu        ] GC(3) User=0.00s Sys=0.00s Real=0.00s
[2.730s][info][gc,start      ] GC(4) Pause Young (Concurrent Start) (Metadata GC Threshold)
[2.730s][info][gc,task       ] GC(4) Using 6 workers of 6 for evacuation
[2.733s][info][gc,phases     ] GC(4)   Pre Evacuate Collection Set: 0.1ms
[2.733s][info][gc,phases     ] GC(4)   Evacuate Collection Set: 2.1ms
[2.733s][info][gc,phases     ] GC(4)   Post Evacuate Collection Set: 0.4ms
[2.733s][info][gc,phases     ] GC(4)   Other: 0.2ms
[2.733s][info][gc,heap       ] GC(4) Eden regions: 57->0(108)
[2.733s][info][gc,heap       ] GC(4) Survivor regions: 4->6(10)
[2.733s][info][gc,heap       ] GC(4) Old regions: 5->5
[2.733s][info][gc,heap       ] GC(4) Humongous regions: 28->12
[2.733s][info][gc,metaspace  ] GC(4) Metaspace: 35140K->35140K(1081344K)
[2.733s][info][gc            ] GC(4) Pause Young (Concurrent Start) (Metadata GC Threshold) 92M->22M(640M) 2.774ms
[2.733s][info][gc,cpu        ] GC(4) User=0.00s Sys=0.00s Real=0.00s
[2.733s][info][gc            ] GC(5) Concurrent Cycle
[2.733s][info][gc,marking    ] GC(5) Concurrent Clear Claimed Marks
[2.733s][info][gc,marking    ] GC(5) Concurrent Clear Claimed Marks 0.021ms
[2.733s][info][gc,marking    ] GC(5) Concurrent Scan Root Regions
[2.735s][info][gc,marking    ] GC(5) Concurrent Scan Root Regions 1.470ms
[2.735s][info][gc,marking    ] GC(5) Concurrent Mark (2.735s)
[2.735s][info][gc,marking    ] GC(5) Concurrent Mark From Roots
[2.735s][info][gc,task       ] GC(5) Using 2 workers of 2 for marking
[2.738s][info][gc,marking    ] GC(5) Concurrent Mark From Roots 3.594ms
[2.738s][info][gc,marking    ] GC(5) Concurrent Preclean
[2.738s][info][gc,marking    ] GC(5) Concurrent Preclean 0.062ms
[2.738s][info][gc,marking    ] GC(5) Concurrent Mark (2.735s, 2.738s) 3.720ms
[2.740s][info][gc,start      ] GC(5) Pause Remark
[2.741s][info][gc,stringtable] GC(5) Cleaned string and symbol table, strings: 13371 processed, 19 removed, symbols: 107436 processed, 31 removed
[2.741s][info][gc            ] GC(5) Pause Remark 27M->27M(640M) 1.778ms
[2.741s][info][gc,cpu        ] GC(5) User=0.00s Sys=0.00s Real=0.00s
[2.741s][info][gc,marking    ] GC(5) Concurrent Rebuild Remembered Sets
[2.743s][info][gc,marking    ] GC(5) Concurrent Rebuild Remembered Sets 2.036ms
[2.744s][info][gc,start      ] GC(5) Pause Cleanup
[2.744s][info][gc            ] GC(5) Pause Cleanup 31M->31M(640M) 0.100ms
[2.744s][info][gc,cpu        ] GC(5) User=0.00s Sys=0.00s Real=0.00s
[2.744s][info][gc,marking    ] GC(5) Concurrent Cleanup for Next Mark
[2.745s][info][gc,marking    ] GC(5) Concurrent Cleanup for Next Mark 0.718ms
[2.745s][info][gc            ] GC(5) Concurrent Cycle 12.035ms
[4.050s][info][gc,start      ] GC(6) Pause Young (Normal) (G1 Evacuation Pause)
[4.050s][info][gc,task       ] GC(6) Using 6 workers of 6 for evacuation
[4.053s][info][gc,phases     ] GC(6)   Pre Evacuate Collection Set: 0.0ms
[4.053s][info][gc,phases     ] GC(6)   Evacuate Collection Set: 2.4ms
[4.053s][info][gc,phases     ] GC(6)   Post Evacuate Collection Set: 0.6ms
[4.053s][info][gc,phases     ] GC(6)   Other: 0.2ms
[4.053s][info][gc,heap       ] GC(6) Eden regions: 108->0(151)
[4.053s][info][gc,heap       ] GC(6) Survivor regions: 6->9(15)
[4.053s][info][gc,heap       ] GC(6) Old regions: 5->5
[4.053s][info][gc,heap       ] GC(6) Humongous regions: 168->12
[4.053s][info][gc,metaspace  ] GC(6) Metaspace: 36140K->36140K(1081344K)
[4.053s][info][gc            ] GC(6) Pause Young (Normal) (G1 Evacuation Pause) 286M->24M(640M) 3.366ms
[4.053s][info][gc,cpu        ] GC(6) User=0.00s Sys=0.00s Real=0.00s
[6.046s][info][gc,start      ] GC(7) Pause Young (Normal) (G1 Evacuation Pause)
[6.046s][info][gc,task       ] GC(7) Using 6 workers of 6 for evacuation
[6.050s][info][gc,phases     ] GC(7)   Pre Evacuate Collection Set: 0.0ms
[6.050s][info][gc,phases     ] GC(7)   Evacuate Collection Set: 2.1ms
[6.050s][info][gc,phases     ] GC(7)   Post Evacuate Collection Set: 1.1ms
[6.050s][info][gc,phases     ] GC(7)   Other: 0.2ms
[6.050s][info][gc,heap       ] GC(7) Eden regions: 151->0(374)
[6.050s][info][gc,heap       ] GC(7) Survivor regions: 9->10(20)
[6.050s][info][gc,heap       ] GC(7) Old regions: 5->5
[6.050s][info][gc,heap       ] GC(7) Humongous regions: 240->16
[6.050s][info][gc,metaspace  ] GC(7) Metaspace: 36212K->36212K(1081344K)
[6.050s][info][gc            ] GC(7) Pause Young (Normal) (G1 Evacuation Pause) 403M->29M(640M) 3.521ms
[6.050s][info][gc,cpu        ] GC(7) User=0.08s Sys=0.02s Real=0.00s
[8.481s][info][gc,start      ] GC(8) Pause Young (Concurrent Start) (G1 Humongous Allocation)
[8.481s][info][gc,task       ] GC(8) Using 6 workers of 6 for evacuation
[8.487s][info][gc,phases     ] GC(8)   Pre Evacuate Collection Set: 0.1ms
[8.487s][info][gc,phases     ] GC(8)   Evacuate Collection Set: 4.8ms
[8.487s][info][gc,phases     ] GC(8)   Post Evacuate Collection Set: 1.2ms
[8.487s][info][gc,phases     ] GC(8)   Other: 0.2ms
[8.487s][info][gc,heap       ] GC(8) Eden regions: 294->0(371)
[8.487s][info][gc,heap       ] GC(8) Survivor regions: 10->13(48)
[8.487s][info][gc,heap       ] GC(8) Old regions: 5->5
[8.487s][info][gc,heap       ] GC(8) Humongous regions: 281->4
[8.487s][info][gc,metaspace  ] GC(8) Metaspace: 43824K->43824K(1089536K)
[8.487s][info][gc            ] GC(8) Pause Young (Concurrent Start) (G1 Humongous Allocation) 588M->21M(640M) 6.342ms
[8.487s][info][gc,cpu        ] GC(8) User=0.03s Sys=0.00s Real=0.01s
[8.487s][info][gc            ] GC(9) Concurrent Cycle
[8.487s][info][gc,marking    ] GC(9) Concurrent Clear Claimed Marks
[8.488s][info][gc,marking    ] GC(9) Concurrent Clear Claimed Marks 0.074ms
[8.488s][info][gc,marking    ] GC(9) Concurrent Scan Root Regions
[8.490s][info][gc,marking    ] GC(9) Concurrent Scan Root Regions 2.949ms
[8.491s][info][gc,marking    ] GC(9) Concurrent Mark (8.491s)
[8.491s][info][gc,marking    ] GC(9) Concurrent Mark From Roots
[8.491s][info][gc,task       ] GC(9) Using 2 workers of 2 for marking
[8.497s][info][gc,marking    ] GC(9) Concurrent Mark From Roots 6.410ms
[8.497s][info][gc,marking    ] GC(9) Concurrent Preclean
[8.497s][info][gc,marking    ] GC(9) Concurrent Preclean 0.267ms
[8.497s][info][gc,marking    ] GC(9) Concurrent Mark (8.491s, 8.497s) 6.739ms
[8.497s][info][gc,start      ] GC(9) Pause Remark
[8.499s][info][gc,stringtable] GC(9) Cleaned string and symbol table, strings: 17644 processed, 0 removed, symbols: 134028 processed, 15 removed
[8.499s][info][gc            ] GC(9) Pause Remark 34M->34M(640M) 2.071ms
[8.500s][info][gc,cpu        ] GC(9) User=0.03s Sys=0.00s Real=0.00s
[8.500s][info][gc,marking    ] GC(9) Concurrent Rebuild Remembered Sets
[8.502s][info][gc,marking    ] GC(9) Concurrent Rebuild Remembered Sets 2.565ms
[8.502s][info][gc,start      ] GC(9) Pause Cleanup
[8.502s][info][gc            ] GC(9) Pause Cleanup 35M->35M(640M) 0.095ms
[8.502s][info][gc,cpu        ] GC(9) User=0.00s Sys=0.00s Real=0.00s
[8.502s][info][gc,marking    ] GC(9) Concurrent Cleanup for Next Mark
[8.503s][info][gc,marking    ] GC(9) Concurrent Cleanup for Next Mark 0.559ms
[8.503s][info][gc            ] GC(9) Concurrent Cycle 15.625ms
[10.887s][info][gc,start      ] GC(10) Pause Young (Concurrent Start) (G1 Humongous Allocation)
[10.887s][info][gc,task       ] GC(10) Using 6 workers of 6 for evacuation
[10.892s][info][gc,phases     ] GC(10)   Pre Evacuate Collection Set: 0.1ms
[10.892s][info][gc,phases     ] GC(10)   Evacuate Collection Set: 4.1ms
[10.892s][info][gc,phases     ] GC(10)   Post Evacuate Collection Set: 0.8ms
[10.892s][info][gc,phases     ] GC(10)   Other: 0.2ms
[10.892s][info][gc,heap       ] GC(10) Eden regions: 282->0(370)
[10.892s][info][gc,heap       ] GC(10) Survivor regions: 13->14(48)
[10.892s][info][gc,heap       ] GC(10) Old regions: 5->5
[10.892s][info][gc,heap       ] GC(10) Humongous regions: 280->4
[10.892s][info][gc,metaspace  ] GC(10) Metaspace: 44135K->44135K(1089536K)
[10.892s][info][gc            ] GC(10) Pause Young (Concurrent Start) (G1 Humongous Allocation) 578M->22M(640M) 5.253ms
[10.892s][info][gc,cpu        ] GC(10) User=0.08s Sys=0.02s Real=0.00s
[10.892s][info][gc            ] GC(11) Concurrent Cycle
[10.892s][info][gc,marking    ] GC(11) Concurrent Clear Claimed Marks
[10.892s][info][gc,marking    ] GC(11) Concurrent Clear Claimed Marks 0.080ms
[10.892s][info][gc,marking    ] GC(11) Concurrent Scan Root Regions
[10.895s][info][gc,marking    ] GC(11) Concurrent Scan Root Regions 2.503ms
[10.895s][info][gc,marking    ] GC(11) Concurrent Mark (10.895s)
[10.895s][info][gc,marking    ] GC(11) Concurrent Mark From Roots
[10.895s][info][gc,task       ] GC(11) Using 2 workers of 2 for marking
[10.898s][info][gc,marking    ] GC(11) Concurrent Mark From Roots 3.321ms
[10.898s][info][gc,marking    ] GC(11) Concurrent Preclean
[10.898s][info][gc,marking    ] GC(11) Concurrent Preclean 0.044ms
[10.898s][info][gc,marking    ] GC(11) Concurrent Mark (10.895s, 10.898s) 3.417ms
[10.898s][info][gc,start      ] GC(11) Pause Remark
[10.900s][info][gc,stringtable] GC(11) Cleaned string and symbol table, strings: 17722 processed, 0 removed, symbols: 134025 processed, 0 removed
[10.901s][info][gc            ] GC(11) Pause Remark 35M->35M(640M) 2.412ms
[10.901s][info][gc,cpu        ] GC(11) User=0.00s Sys=0.00s Real=0.00s
[10.901s][info][gc,marking    ] GC(11) Concurrent Rebuild Remembered Sets
[10.902s][info][gc,marking    ] GC(11) Concurrent Rebuild Remembered Sets 1.543ms
[10.902s][info][gc,start      ] GC(11) Pause Cleanup
[10.903s][info][gc            ] GC(11) Pause Cleanup 35M->35M(640M) 0.113ms
[10.903s][info][gc,cpu        ] GC(11) User=0.00s Sys=0.00s Real=0.00s
[10.903s][info][gc,marking    ] GC(11) Concurrent Cleanup for Next Mark
[10.903s][info][gc,marking    ] GC(11) Concurrent Cleanup for Next Mark 0.432ms
[10.903s][info][gc            ] GC(11) Concurrent Cycle 11.193ms
[13.300s][info][gc,start      ] GC(12) Pause Young (Concurrent Start) (G1 Humongous Allocation)
[13.300s][info][gc,task       ] GC(12) Using 6 workers of 6 for evacuation
[13.305s][info][gc,phases     ] GC(12)   Pre Evacuate Collection Set: 0.1ms
[13.305s][info][gc,phases     ] GC(12)   Evacuate Collection Set: 3.6ms
[13.305s][info][gc,phases     ] GC(12)   Post Evacuate Collection Set: 0.8ms
[13.305s][info][gc,phases     ] GC(12)   Other: 0.2ms
[13.305s][info][gc,heap       ] GC(12) Eden regions: 274->0(369)
[13.305s][info][gc,heap       ] GC(12) Survivor regions: 14->15(48)
[13.305s][info][gc,heap       ] GC(12) Old regions: 5->5
[13.305s][info][gc,heap       ] GC(12) Humongous regions: 280->4
[13.305s][info][gc,metaspace  ] GC(12) Metaspace: 44340K->44340K(1089536K)
[13.305s][info][gc            ] GC(12) Pause Young (Concurrent Start) (G1 Humongous Allocation) 572M->23M(640M) 4.820ms
[13.305s][info][gc,cpu        ] GC(12) User=0.00s Sys=0.00s Real=0.01s
[13.305s][info][gc            ] GC(13) Concurrent Cycle
[13.305s][info][gc,marking    ] GC(13) Concurrent Clear Claimed Marks
[13.305s][info][gc,marking    ] GC(13) Concurrent Clear Claimed Marks 0.062ms
[13.305s][info][gc,marking    ] GC(13) Concurrent Scan Root Regions
[13.308s][info][gc,marking    ] GC(13) Concurrent Scan Root Regions 2.531ms
[13.308s][info][gc,marking    ] GC(13) Concurrent Mark (13.308s)
[13.308s][info][gc,marking    ] GC(13) Concurrent Mark From Roots
[13.308s][info][gc,task       ] GC(13) Using 2 workers of 2 for marking
[13.311s][info][gc,marking    ] GC(13) Concurrent Mark From Roots 3.445ms
[13.311s][info][gc,marking    ] GC(13) Concurrent Preclean
[13.311s][info][gc,marking    ] GC(13) Concurrent Preclean 0.052ms
[13.311s][info][gc,marking    ] GC(13) Concurrent Mark (13.308s, 13.311s) 3.551ms
[13.311s][info][gc,start      ] GC(13) Pause Remark
[13.313s][info][gc,stringtable] GC(13) Cleaned string and symbol table, strings: 17802 processed, 0 removed, symbols: 134028 processed, 0 removed
[13.314s][info][gc            ] GC(13) Pause Remark 36M->36M(640M) 2.218ms
[13.314s][info][gc,cpu        ] GC(13) User=0.09s Sys=0.00s Real=0.00s
[13.314s][info][gc,marking    ] GC(13) Concurrent Rebuild Remembered Sets
[13.316s][info][gc,marking    ] GC(13) Concurrent Rebuild Remembered Sets 1.684ms
[13.316s][info][gc,start      ] GC(13) Pause Cleanup
[13.316s][info][gc            ] GC(13) Pause Cleanup 36M->36M(640M) 0.167ms
[13.316s][info][gc,cpu        ] GC(13) User=0.00s Sys=0.00s Real=0.00s
[13.316s][info][gc,marking    ] GC(13) Concurrent Cleanup for Next Mark
[13.317s][info][gc,marking    ] GC(13) Concurrent Cleanup for Next Mark 1.063ms
[13.317s][info][gc            ] GC(13) Concurrent Cycle 12.307ms
[15.702s][info][gc,start      ] GC(14) Pause Young (Concurrent Start) (G1 Humongous Allocation)
[15.702s][info][gc,task       ] GC(14) Using 6 workers of 6 for evacuation
[15.707s][info][gc,phases     ] GC(14)   Pre Evacuate Collection Set: 0.1ms
[15.707s][info][gc,phases     ] GC(14)   Evacuate Collection Set: 3.6ms
[15.707s][info][gc,phases     ] GC(14)   Post Evacuate Collection Set: 0.8ms
[15.707s][info][gc,phases     ] GC(14)   Other: 0.2ms
[15.707s][info][gc,heap       ] GC(14) Eden regions: 272->0(367)
[15.707s][info][gc,heap       ] GC(14) Survivor regions: 15->17(48)
[15.707s][info][gc,heap       ] GC(14) Old regions: 5->5
[15.707s][info][gc,heap       ] GC(14) Humongous regions: 280->4
[15.707s][info][gc,metaspace  ] GC(14) Metaspace: 44477K->44477K(1089536K)
[15.707s][info][gc            ] GC(14) Pause Young (Concurrent Start) (G1 Humongous Allocation) 571M->24M(640M) 4.775ms
[15.707s][info][gc,cpu        ] GC(14) User=0.09s Sys=0.00s Real=0.00s
[15.707s][info][gc            ] GC(15) Concurrent Cycle
[15.707s][info][gc,marking    ] GC(15) Concurrent Clear Claimed Marks
[15.707s][info][gc,marking    ] GC(15) Concurrent Clear Claimed Marks 0.036ms
[15.707s][info][gc,marking    ] GC(15) Concurrent Scan Root Regions
[15.710s][info][gc,marking    ] GC(15) Concurrent Scan Root Regions 2.706ms
[15.710s][info][gc,marking    ] GC(15) Concurrent Mark (15.710s)
[15.710s][info][gc,marking    ] GC(15) Concurrent Mark From Roots
[15.710s][info][gc,task       ] GC(15) Using 2 workers of 2 for marking
[15.713s][info][gc,marking    ] GC(15) Concurrent Mark From Roots 3.513ms
[15.714s][info][gc,marking    ] GC(15) Concurrent Preclean
[15.714s][info][gc,marking    ] GC(15) Concurrent Preclean 0.043ms
[15.714s][info][gc,marking    ] GC(15) Concurrent Mark (15.710s, 15.714s) 3.606ms
[15.714s][info][gc,start      ] GC(15) Pause Remark
[15.716s][info][gc,stringtable] GC(15) Cleaned string and symbol table, strings: 17925 processed, 0 removed, symbols: 134032 processed, 0 removed
[15.716s][info][gc            ] GC(15) Pause Remark 37M->37M(640M) 2.593ms
[15.716s][info][gc,cpu        ] GC(15) User=0.00s Sys=0.00s Real=0.00s
[15.716s][info][gc,marking    ] GC(15) Concurrent Rebuild Remembered Sets
[15.718s][info][gc,marking    ] GC(15) Concurrent Rebuild Remembered Sets 1.552ms
[15.718s][info][gc,start      ] GC(15) Pause Cleanup
[15.718s][info][gc            ] GC(15) Pause Cleanup 38M->38M(640M) 0.138ms
[15.718s][info][gc,cpu        ] GC(15) User=0.00s Sys=0.00s Real=0.00s
[15.718s][info][gc,marking    ] GC(15) Concurrent Cleanup for Next Mark
[15.719s][info][gc,marking    ] GC(15) Concurrent Cleanup for Next Mark 0.369ms
[15.719s][info][gc            ] GC(15) Concurrent Cycle 11.630ms
[18.054s][info][gc,start      ] GC(16) Pause Young (Concurrent Start) (G1 Humongous Allocation)
[18.054s][info][gc,task       ] GC(16) Using 6 workers of 6 for evacuation
[18.060s][info][gc,phases     ] GC(16)   Pre Evacuate Collection Set: 0.1ms
[18.060s][info][gc,phases     ] GC(16)   Evacuate Collection Set: 4.1ms
[18.060s][info][gc,phases     ] GC(16)   Post Evacuate Collection Set: 1.0ms
[18.060s][info][gc,phases     ] GC(16)   Other: 0.2ms
[18.060s][info][gc,heap       ] GC(16) Eden regions: 275->0(366)
[18.060s][info][gc,heap       ] GC(16) Survivor regions: 17->18(48)
[18.060s][info][gc,heap       ] GC(16) Old regions: 5->5
[18.060s][info][gc,heap       ] GC(16) Humongous regions: 280->4
[18.060s][info][gc,metaspace  ] GC(16) Metaspace: 44605K->44605K(1089536K)
[18.060s][info][gc            ] GC(16) Pause Young (Concurrent Start) (G1 Humongous Allocation) 575M->25M(640M) 5.519ms
[18.060s][info][gc,cpu        ] GC(16) User=0.00s Sys=0.00s Real=0.00s
[18.060s][info][gc            ] GC(17) Concurrent Cycle
[18.060s][info][gc,marking    ] GC(17) Concurrent Clear Claimed Marks
[18.060s][info][gc,marking    ] GC(17) Concurrent Clear Claimed Marks 0.043ms
[18.060s][info][gc,marking    ] GC(17) Concurrent Scan Root Regions
[18.062s][info][gc,marking    ] GC(17) Concurrent Scan Root Regions 2.456ms
[18.062s][info][gc,marking    ] GC(17) Concurrent Mark (18.062s)
[18.062s][info][gc,marking    ] GC(17) Concurrent Mark From Roots
[18.062s][info][gc,task       ] GC(17) Using 2 workers of 2 for marking
[18.066s][info][gc,marking    ] GC(17) Concurrent Mark From Roots 3.460ms
[18.066s][info][gc,marking    ] GC(17) Concurrent Preclean
[18.066s][info][gc,marking    ] GC(17) Concurrent Preclean 0.044ms
[18.066s][info][gc,marking    ] GC(17) Concurrent Mark (18.062s, 18.066s) 3.558ms
[18.066s][info][gc,start      ] GC(17) Pause Remark
[18.068s][info][gc,stringtable] GC(17) Cleaned string and symbol table, strings: 17970 processed, 0 removed, symbols: 134033 processed, 0 removed
[18.068s][info][gc            ] GC(17) Pause Remark 38M->38M(640M) 2.156ms
[18.068s][info][gc,cpu        ] GC(17) User=0.00s Sys=0.00s Real=0.00s
[18.068s][info][gc,marking    ] GC(17) Concurrent Rebuild Remembered Sets
[18.070s][info][gc,marking    ] GC(17) Concurrent Rebuild Remembered Sets 1.718ms
[18.070s][info][gc,start      ] GC(17) Pause Cleanup
[18.071s][info][gc            ] GC(17) Pause Cleanup 38M->38M(640M) 0.173ms
[18.071s][info][gc,cpu        ] GC(17) User=0.00s Sys=0.00s Real=0.00s
[18.071s][info][gc,marking    ] GC(17) Concurrent Cleanup for Next Mark
[18.071s][info][gc,marking    ] GC(17) Concurrent Cleanup for Next Mark 0.373ms
[18.071s][info][gc            ] GC(17) Concurrent Cycle 11.255ms
[20.450s][info][gc,start      ] GC(18) Pause Young (Concurrent Start) (G1 Humongous Allocation)
[20.450s][info][gc,task       ] GC(18) Using 6 workers of 6 for evacuation
[20.456s][info][gc,phases     ] GC(18)   Pre Evacuate Collection Set: 0.1ms
[20.456s][info][gc,phases     ] GC(18)   Evacuate Collection Set: 4.8ms
[20.456s][info][gc,phases     ] GC(18)   Post Evacuate Collection Set: 1.0ms
[20.456s][info][gc,phases     ] GC(18)   Other: 0.3ms
[20.456s][info][gc,heap       ] GC(18) Eden regions: 265->0(365)
[20.456s][info][gc,heap       ] GC(18) Survivor regions: 18->19(48)
[20.456s][info][gc,heap       ] GC(18) Old regions: 5->5
[20.456s][info][gc,heap       ] GC(18) Humongous regions: 280->4
[20.456s][info][gc,metaspace  ] GC(18) Metaspace: 44743K->44743K(1089536K)
[20.456s][info][gc            ] GC(18) Pause Young (Concurrent Start) (G1 Humongous Allocation) 566M->26M(640M) 6.215ms
[20.457s][info][gc,cpu        ] GC(18) User=0.02s Sys=0.00s Real=0.01s
[20.457s][info][gc            ] GC(19) Concurrent Cycle
[20.457s][info][gc,marking    ] GC(19) Concurrent Clear Claimed Marks
[20.457s][info][gc,marking    ] GC(19) Concurrent Clear Claimed Marks 0.061ms
[20.457s][info][gc,marking    ] GC(19) Concurrent Scan Root Regions
[20.460s][info][gc,marking    ] GC(19) Concurrent Scan Root Regions 3.326ms
[20.460s][info][gc,marking    ] GC(19) Concurrent Mark (20.460s)
[20.460s][info][gc,marking    ] GC(19) Concurrent Mark From Roots
[20.460s][info][gc,task       ] GC(19) Using 2 workers of 2 for marking
[20.463s][info][gc,marking    ] GC(19) Concurrent Mark From Roots 3.405ms
[20.463s][info][gc,marking    ] GC(19) Concurrent Preclean
[20.464s][info][gc,marking    ] GC(19) Concurrent Preclean 0.044ms
[20.464s][info][gc,marking    ] GC(19) Concurrent Mark (20.460s, 20.464s) 3.501ms
[20.464s][info][gc,start      ] GC(19) Pause Remark
[20.466s][info][gc,stringtable] GC(19) Cleaned string and symbol table, strings: 18034 processed, 0 removed, symbols: 134034 processed, 1 removed
[20.467s][info][gc            ] GC(19) Pause Remark 43M->43M(640M) 2.678ms
[20.467s][info][gc,cpu        ] GC(19) User=0.00s Sys=0.00s Real=0.00s
[20.467s][info][gc,marking    ] GC(19) Concurrent Rebuild Remembered Sets
[20.468s][info][gc,marking    ] GC(19) Concurrent Rebuild Remembered Sets 1.616ms
[20.469s][info][gc,start      ] GC(19) Pause Cleanup
[20.469s][info][gc            ] GC(19) Pause Cleanup 44M->44M(640M) 0.098ms
[20.469s][info][gc,cpu        ] GC(19) User=0.03s Sys=0.00s Real=0.00s
[20.469s][info][gc,marking    ] GC(19) Concurrent Cleanup for Next Mark
[20.469s][info][gc,marking    ] GC(19) Concurrent Cleanup for Next Mark 0.481ms
[20.469s][info][gc            ] GC(19) Concurrent Cycle 12.783ms
[22.810s][info][gc,start      ] GC(20) Pause Young (Concurrent Start) (G1 Humongous Allocation)
[22.810s][info][gc,task       ] GC(20) Using 6 workers of 6 for evacuation
[22.815s][info][gc,phases     ] GC(20)   Pre Evacuate Collection Set: 0.1ms
[22.815s][info][gc,phases     ] GC(20)   Evacuate Collection Set: 3.8ms
[22.816s][info][gc,phases     ] GC(20)   Post Evacuate Collection Set: 0.9ms
[22.816s][info][gc,phases     ] GC(20)   Other: 0.4ms
[22.816s][info][gc,heap       ] GC(20) Eden regions: 266->0(364)
[22.816s][info][gc,heap       ] GC(20) Survivor regions: 19->20(48)
[22.816s][info][gc,heap       ] GC(20) Old regions: 5->5
[22.816s][info][gc,heap       ] GC(20) Humongous regions: 280->4
[22.816s][info][gc,metaspace  ] GC(20) Metaspace: 44876K->44876K(1089536K)
[22.816s][info][gc            ] GC(20) Pause Young (Concurrent Start) (G1 Humongous Allocation) 568M->28M(640M) 5.189ms
[22.816s][info][gc,cpu        ] GC(20) User=0.09s Sys=0.00s Real=0.00s
[22.816s][info][gc            ] GC(21) Concurrent Cycle
[22.816s][info][gc,marking    ] GC(21) Concurrent Clear Claimed Marks
[22.816s][info][gc,marking    ] GC(21) Concurrent Clear Claimed Marks 0.038ms
[22.816s][info][gc,marking    ] GC(21) Concurrent Scan Root Regions
[22.819s][info][gc,marking    ] GC(21) Concurrent Scan Root Regions 3.268ms
[22.819s][info][gc,marking    ] GC(21) Concurrent Mark (22.819s)
[22.819s][info][gc,marking    ] GC(21) Concurrent Mark From Roots
[22.819s][info][gc,task       ] GC(21) Using 2 workers of 2 for marking
[22.823s][info][gc,marking    ] GC(21) Concurrent Mark From Roots 3.768ms
[22.823s][info][gc,marking    ] GC(21) Concurrent Preclean
[22.823s][info][gc,marking    ] GC(21) Concurrent Preclean 0.053ms
[22.823s][info][gc,marking    ] GC(21) Concurrent Mark (22.819s, 22.823s) 3.877ms
[22.823s][info][gc,start      ] GC(21) Pause Remark
[22.826s][info][gc,stringtable] GC(21) Cleaned string and symbol table, strings: 18070 processed, 0 removed, symbols: 134033 processed, 0 removed
[22.826s][info][gc            ] GC(21) Pause Remark 40M->40M(640M) 3.142ms
[22.826s][info][gc,cpu        ] GC(21) User=0.00s Sys=0.00s Real=0.00s
[22.827s][info][gc,marking    ] GC(21) Concurrent Rebuild Remembered Sets
[22.829s][info][gc,marking    ] GC(21) Concurrent Rebuild Remembered Sets 1.925ms
[22.829s][info][gc,start      ] GC(21) Pause Cleanup
[22.829s][info][gc            ] GC(21) Pause Cleanup 44M->44M(640M) 0.148ms
[22.829s][info][gc,cpu        ] GC(21) User=0.00s Sys=0.00s Real=0.00s
[22.829s][info][gc,marking    ] GC(21) Concurrent Cleanup for Next Mark
[22.830s][info][gc,marking    ] GC(21) Concurrent Cleanup for Next Mark 0.477ms
[22.830s][info][gc            ] GC(21) Concurrent Cycle 14.066ms
[25.205s][info][gc,start      ] GC(22) Pause Young (Concurrent Start) (G1 Humongous Allocation)
[25.205s][info][gc,task       ] GC(22) Using 6 workers of 6 for evacuation
[25.214s][info][gc,phases     ] GC(22)   Pre Evacuate Collection Set: 0.4ms
[25.214s][info][gc,phases     ] GC(22)   Evacuate Collection Set: 7.5ms
[25.214s][info][gc,phases     ] GC(22)   Post Evacuate Collection Set: 0.9ms
[25.214s][info][gc,phases     ] GC(22)   Other: 0.6ms
[25.214s][info][gc,heap       ] GC(22) Eden regions: 264->0(362)
[25.214s][info][gc,heap       ] GC(22) Survivor regions: 20->22(48)
[25.214s][info][gc,heap       ] GC(22) Old regions: 5->5
[25.214s][info][gc,heap       ] GC(22) Humongous regions: 280->4
[25.214s][info][gc,metaspace  ] GC(22) Metaspace: 44965K->44965K(1089536K)
[25.214s][info][gc            ] GC(22) Pause Young (Concurrent Start) (G1 Humongous Allocation) 567M->29M(640M) 9.483ms
[25.215s][info][gc,cpu        ] GC(22) User=0.00s Sys=0.00s Real=0.01s
[25.215s][info][gc            ] GC(23) Concurrent Cycle
[25.215s][info][gc,marking    ] GC(23) Concurrent Clear Claimed Marks
[25.215s][info][gc,marking    ] GC(23) Concurrent Clear Claimed Marks 0.042ms
[25.215s][info][gc,marking    ] GC(23) Concurrent Scan Root Regions
[25.217s][info][gc,marking    ] GC(23) Concurrent Scan Root Regions 2.848ms
[25.218s][info][gc,marking    ] GC(23) Concurrent Mark (25.218s)
[25.218s][info][gc,marking    ] GC(23) Concurrent Mark From Roots
[25.218s][info][gc,task       ] GC(23) Using 2 workers of 2 for marking
[25.221s][info][gc,marking    ] GC(23) Concurrent Mark From Roots 3.900ms
[25.221s][info][gc,marking    ] GC(23) Concurrent Preclean
[25.222s][info][gc,marking    ] GC(23) Concurrent Preclean 0.068ms
[25.222s][info][gc,marking    ] GC(23) Concurrent Mark (25.218s, 25.222s) 4.032ms
[25.222s][info][gc,start      ] GC(23) Pause Remark
[25.224s][info][gc,stringtable] GC(23) Cleaned string and symbol table, strings: 18109 processed, 0 removed, symbols: 134033 processed, 0 removed
[25.224s][info][gc            ] GC(23) Pause Remark 42M->42M(640M) 2.476ms
[25.224s][info][gc,cpu        ] GC(23) User=0.00s Sys=0.00s Real=0.00s
[25.225s][info][gc,marking    ] GC(23) Concurrent Rebuild Remembered Sets
[25.227s][info][gc,marking    ] GC(23) Concurrent Rebuild Remembered Sets 2.045ms
[25.227s][info][gc,start      ] GC(23) Pause Cleanup
[25.227s][info][gc            ] GC(23) Pause Cleanup 42M->42M(640M) 0.152ms
[25.227s][info][gc,cpu        ] GC(23) User=0.00s Sys=0.00s Real=0.00s
[25.227s][info][gc,marking    ] GC(23) Concurrent Cleanup for Next Mark
[25.228s][info][gc,marking    ] GC(23) Concurrent Cleanup for Next Mark 0.570ms
[25.228s][info][gc            ] GC(23) Concurrent Cycle 13.339ms
[27.556s][info][gc,start      ] GC(24) Pause Young (Concurrent Start) (G1 Humongous Allocation)
[27.556s][info][gc,task       ] GC(24) Using 6 workers of 6 for evacuation
[27.561s][info][gc,phases     ] GC(24)   Pre Evacuate Collection Set: 0.1ms
[27.561s][info][gc,phases     ] GC(24)   Evacuate Collection Set: 4.2ms
[27.561s][info][gc,phases     ] GC(24)   Post Evacuate Collection Set: 0.8ms
[27.561s][info][gc,phases     ] GC(24)   Other: 0.3ms
[27.561s][info][gc,heap       ] GC(24) Eden regions: 263->0(362)
[27.561s][info][gc,heap       ] GC(24) Survivor regions: 22->22(48)
[27.561s][info][gc,heap       ] GC(24) Old regions: 5->5
[27.561s][info][gc,heap       ] GC(24) Humongous regions: 280->4
[27.561s][info][gc,metaspace  ] GC(24) Metaspace: 45096K->45096K(1089536K)
[27.561s][info][gc            ] GC(24) Pause Young (Concurrent Start) (G1 Humongous Allocation) 568M->30M(640M) 5.502ms
[27.561s][info][gc,cpu        ] GC(24) User=0.00s Sys=0.00s Real=0.01s
[27.561s][info][gc            ] GC(25) Concurrent Cycle
[27.561s][info][gc,marking    ] GC(25) Concurrent Clear Claimed Marks
[27.561s][info][gc,marking    ] GC(25) Concurrent Clear Claimed Marks 0.048ms
[27.561s][info][gc,marking    ] GC(25) Concurrent Scan Root Regions
[27.564s][info][gc,marking    ] GC(25) Concurrent Scan Root Regions 2.864ms
[27.564s][info][gc,marking    ] GC(25) Concurrent Mark (27.564s)
[27.564s][info][gc,marking    ] GC(25) Concurrent Mark From Roots
[27.564s][info][gc,task       ] GC(25) Using 2 workers of 2 for marking
[27.568s][info][gc,marking    ] GC(25) Concurrent Mark From Roots 3.277ms
[27.568s][info][gc,marking    ] GC(25) Concurrent Preclean
[27.568s][info][gc,marking    ] GC(25) Concurrent Preclean 0.052ms
[27.568s][info][gc,marking    ] GC(25) Concurrent Mark (27.564s, 27.568s) 3.436ms
[27.568s][info][gc,start      ] GC(25) Pause Remark
[27.571s][info][gc,stringtable] GC(25) Cleaned string and symbol table, strings: 18165 processed, 0 removed, symbols: 134033 processed, 0 removed
[27.571s][info][gc            ] GC(25) Pause Remark 43M->43M(640M) 2.918ms
[27.571s][info][gc,cpu        ] GC(25) User=0.00s Sys=0.00s Real=0.00s
[27.571s][info][gc,marking    ] GC(25) Concurrent Rebuild Remembered Sets
[27.573s][info][gc,marking    ] GC(25) Concurrent Rebuild Remembered Sets 1.758ms
[27.573s][info][gc,start      ] GC(25) Pause Cleanup
[27.573s][info][gc            ] GC(25) Pause Cleanup 44M->44M(640M) 0.099ms
[27.573s][info][gc,cpu        ] GC(25) User=0.00s Sys=0.00s Real=0.00s
[27.573s][info][gc,marking    ] GC(25) Concurrent Cleanup for Next Mark
[27.574s][info][gc,marking    ] GC(25) Concurrent Cleanup for Next Mark 0.389ms
[27.574s][info][gc            ] GC(25) Concurrent Cycle 12.533ms
[29.942s][info][gc,start      ] GC(26) Pause Young (Concurrent Start) (G1 Humongous Allocation)
[29.942s][info][gc,task       ] GC(26) Using 6 workers of 6 for evacuation
[29.948s][info][gc,phases     ] GC(26)   Pre Evacuate Collection Set: 0.1ms
[29.948s][info][gc,phases     ] GC(26)   Evacuate Collection Set: 4.2ms
[29.948s][info][gc,phases     ] GC(26)   Post Evacuate Collection Set: 0.9ms
[29.948s][info][gc,phases     ] GC(26)   Other: 0.3ms
[29.948s][info][gc,heap       ] GC(26) Eden regions: 264->0(361)
[29.948s][info][gc,heap       ] GC(26) Survivor regions: 22->23(48)
[29.948s][info][gc,heap       ] GC(26) Old regions: 5->5
[29.948s][info][gc,heap       ] GC(26) Humongous regions: 280->4
[29.948s][info][gc,metaspace  ] GC(26) Metaspace: 45194K->45194K(1091584K)
[29.948s][info][gc            ] GC(26) Pause Young (Concurrent Start) (G1 Humongous Allocation) 570M->31M(640M) 5.490ms
[29.948s][info][gc,cpu        ] GC(26) User=0.00s Sys=0.00s Real=0.01s
[29.948s][info][gc            ] GC(27) Concurrent Cycle
[29.948s][info][gc,marking    ] GC(27) Concurrent Clear Claimed Marks
[29.948s][info][gc,marking    ] GC(27) Concurrent Clear Claimed Marks 0.037ms
[29.948s][info][gc,marking    ] GC(27) Concurrent Scan Root Regions
[29.950s][info][gc,marking    ] GC(27) Concurrent Scan Root Regions 2.396ms
[29.950s][info][gc,marking    ] GC(27) Concurrent Mark (29.950s)
[29.950s][info][gc,marking    ] GC(27) Concurrent Mark From Roots
[29.950s][info][gc,task       ] GC(27) Using 2 workers of 2 for marking
[29.954s][info][gc,marking    ] GC(27) Concurrent Mark From Roots 3.448ms
[29.954s][info][gc,marking    ] GC(27) Concurrent Preclean
[29.954s][info][gc,marking    ] GC(27) Concurrent Preclean 0.046ms
[29.954s][info][gc,marking    ] GC(27) Concurrent Mark (29.950s, 29.954s) 3.544ms
[29.954s][info][gc,start      ] GC(27) Pause Remark
[29.957s][info][gc,stringtable] GC(27) Cleaned string and symbol table, strings: 18211 processed, 0 removed, symbols: 134033 processed, 0 removed
[29.957s][info][gc            ] GC(27) Pause Remark 44M->44M(640M) 2.896ms
[29.957s][info][gc,cpu        ] GC(27) User=0.00s Sys=0.00s Real=0.00s
[29.958s][info][gc,marking    ] GC(27) Concurrent Rebuild Remembered Sets
[29.959s][info][gc,marking    ] GC(27) Concurrent Rebuild Remembered Sets 1.725ms
[29.960s][info][gc,start      ] GC(27) Pause Cleanup
[29.960s][info][gc            ] GC(27) Pause Cleanup 44M->44M(640M) 0.129ms
[29.960s][info][gc,cpu        ] GC(27) User=0.00s Sys=0.00s Real=0.00s
[29.960s][info][gc,marking    ] GC(27) Concurrent Cleanup for Next Mark
[29.960s][info][gc,marking    ] GC(27) Concurrent Cleanup for Next Mark 0.451ms
[29.960s][info][gc            ] GC(27) Concurrent Cycle 12.564ms
[32.370s][info][gc,start      ] GC(28) Pause Young (Concurrent Start) (G1 Humongous Allocation)
[32.370s][info][gc,task       ] GC(28) Using 6 workers of 6 for evacuation
[32.377s][info][gc,phases     ] GC(28)   Pre Evacuate Collection Set: 0.1ms
[32.377s][info][gc,phases     ] GC(28)   Evacuate Collection Set: 5.6ms
[32.377s][info][gc,phases     ] GC(28)   Post Evacuate Collection Set: 1.2ms
[32.377s][info][gc,phases     ] GC(28)   Other: 0.3ms
[32.377s][info][gc,heap       ] GC(28) Eden regions: 282->0(360)
[32.377s][info][gc,heap       ] GC(28) Survivor regions: 23->24(48)
[32.377s][info][gc,heap       ] GC(28) Old regions: 5->6
[32.377s][info][gc,heap       ] GC(28) Humongous regions: 280->4
[32.377s][info][gc,metaspace  ] GC(28) Metaspace: 45481K->45481K(1091584K)
[32.377s][info][gc            ] GC(28) Pause Young (Concurrent Start) (G1 Humongous Allocation) 589M->32M(640M) 7.221ms
[32.377s][info][gc,cpu        ] GC(28) User=0.08s Sys=0.00s Real=0.01s
[32.377s][info][gc            ] GC(29) Concurrent Cycle
[32.377s][info][gc,marking    ] GC(29) Concurrent Clear Claimed Marks
[32.377s][info][gc,marking    ] GC(29) Concurrent Clear Claimed Marks 0.061ms
[32.377s][info][gc,marking    ] GC(29) Concurrent Scan Root Regions
[32.380s][info][gc,marking    ] GC(29) Concurrent Scan Root Regions 2.602ms
[32.380s][info][gc,marking    ] GC(29) Concurrent Mark (32.380s)
[32.380s][info][gc,marking    ] GC(29) Concurrent Mark From Roots
[32.380s][info][gc,task       ] GC(29) Using 2 workers of 2 for marking
[32.384s][info][gc,marking    ] GC(29) Concurrent Mark From Roots 4.242ms
[32.384s][info][gc,marking    ] GC(29) Concurrent Preclean
[32.384s][info][gc,marking    ] GC(29) Concurrent Preclean 0.059ms
[32.384s][info][gc,marking    ] GC(29) Concurrent Mark (32.380s, 32.384s) 4.403ms
[32.384s][info][gc,start      ] GC(29) Pause Remark
[32.387s][info][gc,stringtable] GC(29) Cleaned string and symbol table, strings: 18255 processed, 0 removed, symbols: 134034 processed, 1 removed
[32.387s][info][gc            ] GC(29) Pause Remark 46M->46M(640M) 2.553ms
[32.387s][info][gc,cpu        ] GC(29) User=0.00s Sys=0.00s Real=0.00s
[32.387s][info][gc,marking    ] GC(29) Concurrent Rebuild Remembered Sets
[32.389s][info][gc,marking    ] GC(29) Concurrent Rebuild Remembered Sets 1.981ms
[32.389s][info][gc,start      ] GC(29) Pause Cleanup
[32.390s][info][gc            ] GC(29) Pause Cleanup 47M->47M(640M) 0.142ms
[32.390s][info][gc,cpu        ] GC(29) User=0.00s Sys=0.00s Real=0.00s
[32.390s][info][gc,marking    ] GC(29) Concurrent Cleanup for Next Mark
[32.390s][info][gc,marking    ] GC(29) Concurrent Cleanup for Next Mark 0.419ms
[32.390s][info][gc            ] GC(29) Concurrent Cycle 13.381ms
[34.750s][info][gc,start      ] GC(30) Pause Young (Concurrent Start) (G1 Humongous Allocation)
[34.750s][info][gc,task       ] GC(30) Using 6 workers of 6 for evacuation
[34.755s][info][gc,phases     ] GC(30)   Pre Evacuate Collection Set: 0.1ms
[34.755s][info][gc,phases     ] GC(30)   Evacuate Collection Set: 4.2ms
[34.755s][info][gc,phases     ] GC(30)   Post Evacuate Collection Set: 1.0ms
[34.755s][info][gc,phases     ] GC(30)   Other: 0.3ms
[34.755s][info][gc,heap       ] GC(30) Eden regions: 274->0(361)
[34.755s][info][gc,heap       ] GC(30) Survivor regions: 24->23(48)
[34.755s][info][gc,heap       ] GC(30) Old regions: 6->8
[34.755s][info][gc,heap       ] GC(30) Humongous regions: 280->4
[34.755s][info][gc,metaspace  ] GC(30) Metaspace: 45619K->45619K(1091584K)
[34.755s][info][gc            ] GC(30) Pause Young (Concurrent Start) (G1 Humongous Allocation) 582M->34M(640M) 5.619ms
[34.755s][info][gc,cpu        ] GC(30) User=0.00s Sys=0.00s Real=0.01s
[34.755s][info][gc            ] GC(31) Concurrent Cycle
[34.755s][info][gc,marking    ] GC(31) Concurrent Clear Claimed Marks
[34.756s][info][gc,marking    ] GC(31) Concurrent Clear Claimed Marks 0.029ms
[34.756s][info][gc,marking    ] GC(31) Concurrent Scan Root Regions
[34.758s][info][gc,marking    ] GC(31) Concurrent Scan Root Regions 2.368ms
[34.758s][info][gc,marking    ] GC(31) Concurrent Mark (34.758s)
[34.758s][info][gc,marking    ] GC(31) Concurrent Mark From Roots
[34.758s][info][gc,task       ] GC(31) Using 2 workers of 2 for marking
[34.758s][info][gc,start      ] GC(32) Pause Young (Normal) (GCLocker Initiated GC)
[34.758s][info][gc,task       ] GC(32) Using 6 workers of 6 for evacuation
[34.762s][info][gc,phases     ] GC(32)   Pre Evacuate Collection Set: 2.0ms
[34.762s][info][gc,phases     ] GC(32)   Evacuate Collection Set: 3.7ms
[34.763s][info][gc,phases     ] GC(32)   Post Evacuate Collection Set: 0.6ms
[34.763s][info][gc,phases     ] GC(32)   Other: 0.3ms
[34.763s][info][gc,heap       ] GC(32) Eden regions: 0->0(363)
[34.763s][info][gc,heap       ] GC(32) Survivor regions: 23->21(48)
[34.763s][info][gc,heap       ] GC(32) Old regions: 8->10
[34.763s][info][gc,heap       ] GC(32) Humongous regions: 8->8
[34.763s][info][gc,metaspace  ] GC(32) Metaspace: 45619K->45619K(1091584K)
[34.763s][info][gc            ] GC(32) Pause Young (Normal) (GCLocker Initiated GC) 38M->38M(640M) 4.601ms
[34.763s][info][gc,cpu        ] GC(32) User=0.00s Sys=0.00s Real=0.00s
[34.768s][info][gc,marking    ] GC(31) Concurrent Mark From Roots 9.926ms
[34.768s][info][gc,marking    ] GC(31) Concurrent Preclean
[34.768s][info][gc,marking    ] GC(31) Concurrent Preclean 0.053ms
[34.768s][info][gc,marking    ] GC(31) Concurrent Mark (34.758s, 34.768s) 10.025ms
[34.768s][info][gc,start      ] GC(31) Pause Remark
[34.771s][info][gc,stringtable] GC(31) Cleaned string and symbol table, strings: 18299 processed, 1 removed, symbols: 134136 processed, 0 removed
[34.771s][info][gc            ] GC(31) Pause Remark 46M->46M(640M) 2.696ms
[34.771s][info][gc,cpu        ] GC(31) User=0.00s Sys=0.00s Real=0.00s
[34.771s][info][gc,marking    ] GC(31) Concurrent Rebuild Remembered Sets
[34.774s][info][gc,marking    ] GC(31) Concurrent Rebuild Remembered Sets 3.225ms
[34.775s][info][gc,start      ] GC(31) Pause Cleanup
[34.775s][info][gc            ] GC(31) Pause Cleanup 47M->47M(640M) 0.126ms
[34.775s][info][gc,cpu        ] GC(31) User=0.00s Sys=0.00s Real=0.00s
[34.775s][info][gc,marking    ] GC(31) Concurrent Cleanup for Next Mark
[34.775s][info][gc,marking    ] GC(31) Concurrent Cleanup for Next Mark 0.396ms
[34.776s][info][gc            ] GC(31) Concurrent Cycle 20.052ms
[36.959s][info][gc,start      ] GC(33) Pause Young (Concurrent Start) (GCLocker Initiated GC)
[36.959s][info][gc,task       ] GC(33) Using 6 workers of 6 for evacuation
[36.964s][info][gc,phases     ] GC(33)   Pre Evacuate Collection Set: 0.1ms
[36.964s][info][gc,phases     ] GC(33)   Evacuate Collection Set: 3.8ms
[36.964s][info][gc,phases     ] GC(33)   Post Evacuate Collection Set: 0.9ms
[36.964s][info][gc,phases     ] GC(33)   Other: 0.4ms
[36.964s][info][gc,heap       ] GC(33) Eden regions: 262->0(363)
[36.964s][info][gc,heap       ] GC(33) Survivor regions: 21->21(48)
[36.964s][info][gc,heap       ] GC(33) Old regions: 10->11
[36.964s][info][gc,heap       ] GC(33) Humongous regions: 276->12
[36.964s][info][gc,metaspace  ] GC(33) Metaspace: 45795K->45795K(1091584K)
[36.964s][info][gc            ] GC(33) Pause Young (Concurrent Start) (GCLocker Initiated GC) 567M->43M(640M) 5.189ms
[36.964s][info][gc,cpu        ] GC(33) User=0.00s Sys=0.00s Real=0.00s
[36.964s][info][gc            ] GC(34) Concurrent Cycle
[36.964s][info][gc,marking    ] GC(34) Concurrent Clear Claimed Marks
[36.964s][info][gc,marking    ] GC(34) Concurrent Clear Claimed Marks 0.069ms
[36.964s][info][gc,marking    ] GC(34) Concurrent Scan Root Regions
[36.966s][info][gc,marking    ] GC(34) Concurrent Scan Root Regions 1.484ms
[36.966s][info][gc,marking    ] GC(34) Concurrent Mark (36.966s)
[36.966s][info][gc,marking    ] GC(34) Concurrent Mark From Roots
[36.966s][info][gc,task       ] GC(34) Using 2 workers of 2 for marking
[36.972s][info][gc,marking    ] GC(34) Concurrent Mark From Roots 6.528ms
[36.972s][info][gc,marking    ] GC(34) Concurrent Preclean
[36.973s][info][gc,marking    ] GC(34) Concurrent Preclean 0.065ms
[36.973s][info][gc,marking    ] GC(34) Concurrent Mark (36.966s, 36.973s) 6.650ms
[36.973s][info][gc,start      ] GC(34) Pause Remark
[36.975s][info][gc,stringtable] GC(34) Cleaned string and symbol table, strings: 18373 processed, 12 removed, symbols: 134255 processed, 0 removed
[36.975s][info][gc            ] GC(34) Pause Remark 48M->48M(640M) 2.623ms
[36.976s][info][gc,cpu        ] GC(34) User=0.00s Sys=0.00s Real=0.00s
[36.976s][info][gc,marking    ] GC(34) Concurrent Rebuild Remembered Sets
[36.980s][info][gc,marking    ] GC(34) Concurrent Rebuild Remembered Sets 3.950ms
[36.980s][info][gc,start      ] GC(34) Pause Cleanup
[36.980s][info][gc            ] GC(34) Pause Cleanup 50M->50M(640M) 0.167ms
[36.980s][info][gc,cpu        ] GC(34) User=0.00s Sys=0.00s Real=0.00s
[36.980s][info][gc,marking    ] GC(34) Concurrent Cleanup for Next Mark
[36.981s][info][gc,marking    ] GC(34) Concurrent Cleanup for Next Mark 0.384ms
[36.981s][info][gc            ] GC(34) Concurrent Cycle 16.500ms
[39.159s][info][gc,start      ] GC(35) Pause Young (Concurrent Start) (GCLocker Initiated GC)
[39.159s][info][gc,task       ] GC(35) Using 6 workers of 6 for evacuation
[39.164s][info][gc,phases     ] GC(35)   Pre Evacuate Collection Set: 0.2ms
[39.164s][info][gc,phases     ] GC(35)   Evacuate Collection Set: 4.0ms
[39.164s][info][gc,phases     ] GC(35)   Post Evacuate Collection Set: 0.8ms
[39.164s][info][gc,phases     ] GC(35)   Other: 0.4ms
[39.164s][info][gc,heap       ] GC(35) Eden regions: 260->0(363)
[39.164s][info][gc,heap       ] GC(35) Survivor regions: 21->21(48)
[39.164s][info][gc,heap       ] GC(35) Old regions: 11->12
[39.164s][info][gc,heap       ] GC(35) Humongous regions: 276->12
[39.164s][info][gc,metaspace  ] GC(35) Metaspace: 45906K->45906K(1091584K)
[39.164s][info][gc            ] GC(35) Pause Young (Concurrent Start) (GCLocker Initiated GC) 566M->44M(640M) 5.346ms
[39.164s][info][gc,cpu        ] GC(35) User=0.00s Sys=0.00s Real=0.01s
[39.164s][info][gc            ] GC(36) Concurrent Cycle
[39.164s][info][gc,marking    ] GC(36) Concurrent Clear Claimed Marks
[39.164s][info][gc,marking    ] GC(36) Concurrent Clear Claimed Marks 0.053ms
[39.164s][info][gc,marking    ] GC(36) Concurrent Scan Root Regions
[39.166s][info][gc,marking    ] GC(36) Concurrent Scan Root Regions 1.478ms
[39.166s][info][gc,marking    ] GC(36) Concurrent Mark (39.166s)
[39.166s][info][gc,marking    ] GC(36) Concurrent Mark From Roots
[39.166s][info][gc,task       ] GC(36) Using 2 workers of 2 for marking
[39.172s][info][gc,marking    ] GC(36) Concurrent Mark From Roots 6.395ms
[39.172s][info][gc,marking    ] GC(36) Concurrent Preclean
[39.172s][info][gc,marking    ] GC(36) Concurrent Preclean 0.059ms
[39.172s][info][gc,marking    ] GC(36) Concurrent Mark (39.166s, 39.172s) 6.520ms
[39.173s][info][gc,start      ] GC(36) Pause Remark
[39.175s][info][gc,stringtable] GC(36) Cleaned string and symbol table, strings: 18426 processed, 2 removed, symbols: 134255 processed, 0 removed
[39.175s][info][gc            ] GC(36) Pause Remark 49M->49M(640M) 2.687ms
[39.176s][info][gc,cpu        ] GC(36) User=0.00s Sys=0.00s Real=0.00s
[39.176s][info][gc,marking    ] GC(36) Concurrent Rebuild Remembered Sets
[39.179s][info][gc,marking    ] GC(36) Concurrent Rebuild Remembered Sets 3.410ms
[39.180s][info][gc,start      ] GC(36) Pause Cleanup
[39.180s][info][gc            ] GC(36) Pause Cleanup 50M->50M(640M) 0.137ms
[39.180s][info][gc,cpu        ] GC(36) User=0.00s Sys=0.00s Real=0.00s
[39.180s][info][gc,marking    ] GC(36) Concurrent Cleanup for Next Mark
[39.180s][info][gc,marking    ] GC(36) Concurrent Cleanup for Next Mark 0.360ms
[39.180s][info][gc            ] GC(36) Concurrent Cycle 16.151ms
[41.365s][info][gc,start      ] GC(37) Pause Young (Concurrent Start) (GCLocker Initiated GC)
[41.365s][info][gc,task       ] GC(37) Using 6 workers of 6 for evacuation
[41.370s][info][gc,phases     ] GC(37)   Pre Evacuate Collection Set: 0.1ms
[41.370s][info][gc,phases     ] GC(37)   Evacuate Collection Set: 3.9ms
[41.370s][info][gc,phases     ] GC(37)   Post Evacuate Collection Set: 0.8ms
[41.370s][info][gc,phases     ] GC(37)   Other: 0.4ms
[41.370s][info][gc,heap       ] GC(37) Eden regions: 250->0(365)
[41.370s][info][gc,heap       ] GC(37) Survivor regions: 21->19(48)
[41.370s][info][gc,heap       ] GC(37) Old regions: 12->15
[41.370s][info][gc,heap       ] GC(37) Humongous regions: 276->12
[41.370s][info][gc,metaspace  ] GC(37) Metaspace: 45941K->45941K(1091584K)
[41.370s][info][gc            ] GC(37) Pause Young (Concurrent Start) (GCLocker Initiated GC) 557M->45M(640M) 5.261ms
[41.370s][info][gc,cpu        ] GC(37) User=0.00s Sys=0.00s Real=0.01s
[41.370s][info][gc            ] GC(38) Concurrent Cycle
[41.370s][info][gc,marking    ] GC(38) Concurrent Clear Claimed Marks
[41.370s][info][gc,marking    ] GC(38) Concurrent Clear Claimed Marks 0.047ms
[41.370s][info][gc,marking    ] GC(38) Concurrent Scan Root Regions
[41.371s][info][gc,marking    ] GC(38) Concurrent Scan Root Regions 0.626ms
[41.371s][info][gc,marking    ] GC(38) Concurrent Mark (41.371s)
[41.371s][info][gc,marking    ] GC(38) Concurrent Mark From Roots
[41.371s][info][gc,task       ] GC(38) Using 2 workers of 2 for marking
[41.378s][info][gc,marking    ] GC(38) Concurrent Mark From Roots 7.434ms
[41.378s][info][gc,marking    ] GC(38) Concurrent Preclean
[41.378s][info][gc,marking    ] GC(38) Concurrent Preclean 0.061ms
[41.379s][info][gc,marking    ] GC(38) Concurrent Mark (41.371s, 41.379s) 7.559ms
[41.379s][info][gc,start      ] GC(38) Pause Remark
[41.381s][info][gc,stringtable] GC(38) Cleaned string and symbol table, strings: 18438 processed, 0 removed, symbols: 134255 processed, 0 removed
[41.382s][info][gc            ] GC(38) Pause Remark 50M->50M(640M) 2.738ms
[41.382s][info][gc,cpu        ] GC(38) User=0.00s Sys=0.00s Real=0.00s
[41.382s][info][gc,marking    ] GC(38) Concurrent Rebuild Remembered Sets
[41.386s][info][gc,marking    ] GC(38) Concurrent Rebuild Remembered Sets 3.670ms
[41.386s][info][gc,start      ] GC(38) Pause Cleanup
[41.386s][info][gc            ] GC(38) Pause Cleanup 51M->51M(640M) 0.114ms
[41.386s][info][gc,cpu        ] GC(38) User=0.00s Sys=0.00s Real=0.00s
[41.386s][info][gc,marking    ] GC(38) Concurrent Cleanup for Next Mark
[41.386s][info][gc,marking    ] GC(38) Concurrent Cleanup for Next Mark 0.329ms
[41.387s][info][gc            ] GC(38) Concurrent Cycle 16.308ms
[46.671s][info][gc,start      ] GC(39) Pause Young (Normal) (G1 Evacuation Pause)
[46.671s][info][gc,task       ] GC(39) Using 6 workers of 6 for evacuation
[46.678s][info][gc            ] GC(39) To-space exhausted
[46.678s][info][gc,phases     ] GC(39)   Pre Evacuate Collection Set: 0.0ms
[46.678s][info][gc,phases     ] GC(39)   Evacuate Collection Set: 2.5ms
[46.678s][info][gc,phases     ] GC(39)   Post Evacuate Collection Set: 4.0ms
[46.678s][info][gc,phases     ] GC(39)   Other: 0.5ms
[46.678s][info][gc,heap       ] GC(39) Eden regions: 362->0(350)
[46.678s][info][gc,heap       ] GC(39) Survivor regions: 19->0(48)
[46.678s][info][gc,heap       ] GC(39) Old regions: 15->207
[46.678s][info][gc,heap       ] GC(39) Humongous regions: 244->4
[46.678s][info][gc,metaspace  ] GC(39) Metaspace: 46198K->46198K(1091584K)
[46.678s][info][gc            ] GC(39) Pause Young (Normal) (G1 Evacuation Pause) 639M->210M(640M) 7.079ms
[46.678s][info][gc,cpu        ] GC(39) User=0.00s Sys=0.00s Real=0.01s
[57.302s][info][gc,start      ] GC(40) Pause Young (Normal) (G1 Evacuation Pause)
[57.302s][info][gc,task       ] GC(40) Using 6 workers of 6 for evacuation
[57.304s][info][gc,phases     ] GC(40)   Pre Evacuate Collection Set: 0.0ms
[57.304s][info][gc,phases     ] GC(40)   Evacuate Collection Set: 1.8ms
[57.304s][info][gc,phases     ] GC(40)   Post Evacuate Collection Set: 0.5ms
[57.304s][info][gc,phases     ] GC(40)   Other: 0.5ms
[57.304s][info][gc,heap       ] GC(40) Eden regions: 350->0(352)
[57.304s][info][gc,heap       ] GC(40) Survivor regions: 0->1(44)
[57.305s][info][gc,heap       ] GC(40) Old regions: 207->207
[57.305s][info][gc,heap       ] GC(40) Humongous regions: 4->4
[57.305s][info][gc,metaspace  ] GC(40) Metaspace: 46277K->46277K(1091584K)
[57.305s][info][gc            ] GC(40) Pause Young (Normal) (G1 Evacuation Pause) 560M->211M(640M) 2.870ms
[57.305s][info][gc,cpu        ] GC(40) User=0.00s Sys=0.00s Real=0.00s
[110.813s][info][gc,start      ] GC(41) Pause Young (Normal) (G1 Evacuation Pause)
[110.813s][info][gc,task       ] GC(41) Using 6 workers of 6 for evacuation
[110.821s][info][gc,phases     ] GC(41)   Pre Evacuate Collection Set: 0.0ms
[110.821s][info][gc,phases     ] GC(41)   Evacuate Collection Set: 6.8ms
[110.821s][info][gc,phases     ] GC(41)   Post Evacuate Collection Set: 0.5ms
[110.821s][info][gc,phases     ] GC(41)   Other: 0.4ms
[110.821s][info][gc,heap       ] GC(41) Eden regions: 352->0(353)
[110.821s][info][gc,heap       ] GC(41) Survivor regions: 1->1(45)
[110.821s][info][gc,heap       ] GC(41) Old regions: 207->207
[110.821s][info][gc,heap       ] GC(41) Humongous regions: 4->4
[110.821s][info][gc,metaspace  ] GC(41) Metaspace: 46710K->46710K(1091584K)
[110.821s][info][gc            ] GC(41) Pause Young (Normal) (G1 Evacuation Pause) 563M->211M(640M) 7.776ms
[110.821s][info][gc,cpu        ] GC(41) User=0.00s Sys=0.00s Real=0.01s
[205.023s][info][gc,start      ] GC(42) Pause Young (Normal) (G1 Evacuation Pause)
[205.023s][info][gc,task       ] GC(42) Using 6 workers of 6 for evacuation
[205.024s][info][gc,phases     ] GC(42)   Pre Evacuate Collection Set: 0.0ms
[205.024s][info][gc,phases     ] GC(42)   Evacuate Collection Set: 0.7ms
[205.024s][info][gc,phases     ] GC(42)   Post Evacuate Collection Set: 0.4ms
[205.024s][info][gc,phases     ] GC(42)   Other: 0.2ms
[205.024s][info][gc,heap       ] GC(42) Eden regions: 353->0(354)
[205.024s][info][gc,heap       ] GC(42) Survivor regions: 1->1(45)
[205.024s][info][gc,heap       ] GC(42) Old regions: 207->207
[205.024s][info][gc,heap       ] GC(42) Humongous regions: 4->4
[205.024s][info][gc,metaspace  ] GC(42) Metaspace: 47275K->47275K(1091584K)
[205.024s][info][gc            ] GC(42) Pause Young (Normal) (G1 Evacuation Pause) 564M->211M(640M) 1.353ms
[205.024s][info][gc,cpu        ] GC(42) User=0.00s Sys=0.00s Real=0.00s
[205.130s][info][gc,start      ] GC(43) Pause Young (Normal) (G1 Evacuation Pause)
[205.130s][info][gc,task       ] GC(43) Using 6 workers of 6 for evacuation
[205.131s][info][gc,phases     ] GC(43)   Pre Evacuate Collection Set: 0.0ms
[205.131s][info][gc,phases     ] GC(43)   Evacuate Collection Set: 0.7ms
[205.131s][info][gc,phases     ] GC(43)   Post Evacuate Collection Set: 0.4ms
[205.131s][info][gc,phases     ] GC(43)   Other: 0.2ms
[205.131s][info][gc,heap       ] GC(43) Eden regions: 354->0(354)
[205.131s][info][gc,heap       ] GC(43) Survivor regions: 1->1(45)
[205.131s][info][gc,heap       ] GC(43) Old regions: 207->207
[205.131s][info][gc,heap       ] GC(43) Humongous regions: 4->4
[205.131s][info][gc,metaspace  ] GC(43) Metaspace: 47275K->47275K(1091584K)
[205.131s][info][gc            ] GC(43) Pause Young (Normal) (G1 Evacuation Pause) 565M->211M(640M) 1.352ms
[205.131s][info][gc,cpu        ] GC(43) User=0.00s Sys=0.00s Real=0.00s
[205.236s][info][gc,start      ] GC(44) Pause Young (Normal) (G1 Evacuation Pause)
[205.236s][info][gc,task       ] GC(44) Using 6 workers of 6 for evacuation
[205.237s][info][gc,phases     ] GC(44)   Pre Evacuate Collection Set: 0.0ms
[205.237s][info][gc,phases     ] GC(44)   Evacuate Collection Set: 0.6ms
[205.237s][info][gc,phases     ] GC(44)   Post Evacuate Collection Set: 0.4ms
[205.237s][info][gc,phases     ] GC(44)   Other: 0.2ms
[205.237s][info][gc,heap       ] GC(44) Eden regions: 354->0(355)
[205.237s][info][gc,heap       ] GC(44) Survivor regions: 1->1(45)
[205.237s][info][gc,heap       ] GC(44) Old regions: 207->207
[205.237s][info][gc,heap       ] GC(44) Humongous regions: 4->4
[205.237s][info][gc,metaspace  ] GC(44) Metaspace: 47275K->47275K(1091584K)
[205.237s][info][gc            ] GC(44) Pause Young (Normal) (G1 Evacuation Pause) 565M->211M(640M) 1.246ms
[205.237s][info][gc,cpu        ] GC(44) User=0.00s Sys=0.00s Real=0.00s
[205.339s][info][gc,start      ] GC(45) Pause Young (Normal) (G1 Evacuation Pause)
[205.339s][info][gc,task       ] GC(45) Using 6 workers of 6 for evacuation
[205.340s][info][gc,phases     ] GC(45)   Pre Evacuate Collection Set: 0.0ms
[205.340s][info][gc,phases     ] GC(45)   Evacuate Collection Set: 0.6ms
[205.340s][info][gc,phases     ] GC(45)   Post Evacuate Collection Set: 0.4ms
[205.340s][info][gc,phases     ] GC(45)   Other: 0.2ms
[205.340s][info][gc,heap       ] GC(45) Eden regions: 355->0(355)
[205.340s][info][gc,heap       ] GC(45) Survivor regions: 1->1(45)
[205.340s][info][gc,heap       ] GC(45) Old regions: 207->207
[205.340s][info][gc,heap       ] GC(45) Humongous regions: 4->4
[205.340s][info][gc,metaspace  ] GC(45) Metaspace: 47275K->47275K(1091584K)
[205.340s][info][gc            ] GC(45) Pause Young (Normal) (G1 Evacuation Pause) 566M->211M(640M) 1.284ms
[205.340s][info][gc,cpu        ] GC(45) User=0.00s Sys=0.00s Real=0.00s
[205.442s][info][gc,start      ] GC(46) Pause Young (Normal) (G1 Evacuation Pause)
[205.442s][info][gc,task       ] GC(46) Using 6 workers of 6 for evacuation
[205.444s][info][gc,phases     ] GC(46)   Pre Evacuate Collection Set: 0.0ms
[205.444s][info][gc,phases     ] GC(46)   Evacuate Collection Set: 0.6ms
[205.444s][info][gc,phases     ] GC(46)   Post Evacuate Collection Set: 0.5ms
[205.444s][info][gc,phases     ] GC(46)   Other: 0.2ms
[205.444s][info][gc,heap       ] GC(46) Eden regions: 355->0(356)
[205.444s][info][gc,heap       ] GC(46) Survivor regions: 1->1(45)
[205.444s][info][gc,heap       ] GC(46) Old regions: 207->207
[205.444s][info][gc,heap       ] GC(46) Humongous regions: 4->4
[205.444s][info][gc,metaspace  ] GC(46) Metaspace: 47275K->47275K(1091584K)
[205.444s][info][gc            ] GC(46) Pause Young (Normal) (G1 Evacuation Pause) 566M->211M(640M) 1.303ms
[205.444s][info][gc,cpu        ] GC(46) User=0.00s Sys=0.00s Real=0.00s
[205.551s][info][gc,start      ] GC(47) Pause Young (Normal) (G1 Evacuation Pause)
[205.551s][info][gc,task       ] GC(47) Using 6 workers of 6 for evacuation
[205.552s][info][gc,phases     ] GC(47)   Pre Evacuate Collection Set: 0.0ms
[205.552s][info][gc,phases     ] GC(47)   Evacuate Collection Set: 0.5ms
[205.552s][info][gc,phases     ] GC(47)   Post Evacuate Collection Set: 0.5ms
[205.553s][info][gc,phases     ] GC(47)   Other: 0.2ms
[205.553s][info][gc,heap       ] GC(47) Eden regions: 356->0(356)
[205.553s][info][gc,heap       ] GC(47) Survivor regions: 1->1(45)
[205.553s][info][gc,heap       ] GC(47) Old regions: 207->207
[205.553s][info][gc,heap       ] GC(47) Humongous regions: 4->4
[205.553s][info][gc,metaspace  ] GC(47) Metaspace: 47276K->47276K(1091584K)
[205.553s][info][gc            ] GC(47) Pause Young (Normal) (G1 Evacuation Pause) 567M->211M(640M) 1.210ms
[205.553s][info][gc,cpu        ] GC(47) User=0.00s Sys=0.00s Real=0.00s
[205.659s][info][gc,start      ] GC(48) Pause Young (Normal) (G1 Evacuation Pause)
[205.659s][info][gc,task       ] GC(48) Using 6 workers of 6 for evacuation
[205.660s][info][gc,phases     ] GC(48)   Pre Evacuate Collection Set: 0.0ms
[205.660s][info][gc,phases     ] GC(48)   Evacuate Collection Set: 0.6ms
[205.660s][info][gc,phases     ] GC(48)   Post Evacuate Collection Set: 0.3ms
[205.660s][info][gc,phases     ] GC(48)   Other: 0.2ms
[205.660s][info][gc,heap       ] GC(48) Eden regions: 356->0(356)
[205.660s][info][gc,heap       ] GC(48) Survivor regions: 1->1(45)
[205.660s][info][gc,heap       ] GC(48) Old regions: 207->207
[205.660s][info][gc,heap       ] GC(48) Humongous regions: 4->4
[205.660s][info][gc,metaspace  ] GC(48) Metaspace: 47276K->47276K(1091584K)
[205.660s][info][gc            ] GC(48) Pause Young (Normal) (G1 Evacuation Pause) 567M->211M(640M) 1.143ms
[205.661s][info][gc,cpu        ] GC(48) User=0.00s Sys=0.00s Real=0.00s
[205.782s][info][gc,start      ] GC(49) Pause Young (Normal) (G1 Evacuation Pause)
[205.782s][info][gc,task       ] GC(49) Using 6 workers of 6 for evacuation
[205.783s][info][gc,phases     ] GC(49)   Pre Evacuate Collection Set: 0.0ms
[205.783s][info][gc,phases     ] GC(49)   Evacuate Collection Set: 0.7ms
[205.783s][info][gc,phases     ] GC(49)   Post Evacuate Collection Set: 0.3ms
[205.783s][info][gc,phases     ] GC(49)   Other: 0.2ms
[205.783s][info][gc,heap       ] GC(49) Eden regions: 356->0(357)
[205.783s][info][gc,heap       ] GC(49) Survivor regions: 1->1(45)
[205.783s][info][gc,heap       ] GC(49) Old regions: 207->207
[205.783s][info][gc,heap       ] GC(49) Humongous regions: 4->4
[205.783s][info][gc,metaspace  ] GC(49) Metaspace: 47276K->47276K(1091584K)
[205.783s][info][gc            ] GC(49) Pause Young (Normal) (G1 Evacuation Pause) 567M->211M(640M) 1.194ms
[205.783s][info][gc,cpu        ] GC(49) User=0.00s Sys=0.00s Real=0.00s
[205.892s][info][gc,start      ] GC(50) Pause Young (Normal) (G1 Evacuation Pause)
[205.892s][info][gc,task       ] GC(50) Using 6 workers of 6 for evacuation
[205.893s][info][gc,phases     ] GC(50)   Pre Evacuate Collection Set: 0.0ms
[205.893s][info][gc,phases     ] GC(50)   Evacuate Collection Set: 0.6ms
[205.893s][info][gc,phases     ] GC(50)   Post Evacuate Collection Set: 0.5ms
[205.893s][info][gc,phases     ] GC(50)   Other: 0.2ms
[205.893s][info][gc,heap       ] GC(50) Eden regions: 357->0(357)
[205.893s][info][gc,heap       ] GC(50) Survivor regions: 1->1(45)
[205.893s][info][gc,heap       ] GC(50) Old regions: 207->207
[205.893s][info][gc,heap       ] GC(50) Humongous regions: 4->4
[205.893s][info][gc,metaspace  ] GC(50) Metaspace: 47276K->47276K(1091584K)
[205.893s][info][gc            ] GC(50) Pause Young (Normal) (G1 Evacuation Pause) 568M->211M(640M) 1.383ms
[205.893s][info][gc,cpu        ] GC(50) User=0.00s Sys=0.00s Real=0.00s
[205.996s][info][gc,start      ] GC(51) Pause Young (Normal) (G1 Evacuation Pause)
[205.996s][info][gc,task       ] GC(51) Using 6 workers of 6 for evacuation
[205.997s][info][gc,phases     ] GC(51)   Pre Evacuate Collection Set: 0.0ms
[205.997s][info][gc,phases     ] GC(51)   Evacuate Collection Set: 0.7ms
[205.997s][info][gc,phases     ] GC(51)   Post Evacuate Collection Set: 0.5ms
[205.997s][info][gc,phases     ] GC(51)   Other: 0.2ms
[205.997s][info][gc,heap       ] GC(51) Eden regions: 357->0(357)
[205.997s][info][gc,heap       ] GC(51) Survivor regions: 1->1(45)
[205.997s][info][gc,heap       ] GC(51) Old regions: 207->207
[205.998s][info][gc,heap       ] GC(51) Humongous regions: 4->4
[205.998s][info][gc,metaspace  ] GC(51) Metaspace: 47276K->47276K(1091584K)
[205.998s][info][gc            ] GC(51) Pause Young (Normal) (G1 Evacuation Pause) 568M->211M(640M) 1.377ms
[205.998s][info][gc,cpu        ] GC(51) User=0.00s Sys=0.00s Real=0.00s
[206.101s][info][gc,start      ] GC(52) Pause Young (Normal) (G1 Evacuation Pause)
[206.101s][info][gc,task       ] GC(52) Using 6 workers of 6 for evacuation
[206.102s][info][gc,phases     ] GC(52)   Pre Evacuate Collection Set: 0.0ms
[206.102s][info][gc,phases     ] GC(52)   Evacuate Collection Set: 0.5ms
[206.102s][info][gc,phases     ] GC(52)   Post Evacuate Collection Set: 0.4ms
[206.102s][info][gc,phases     ] GC(52)   Other: 0.2ms
[206.102s][info][gc,heap       ] GC(52) Eden regions: 357->0(358)
[206.102s][info][gc,heap       ] GC(52) Survivor regions: 1->1(45)
[206.102s][info][gc,heap       ] GC(52) Old regions: 207->207
[206.102s][info][gc,heap       ] GC(52) Humongous regions: 4->4
[206.102s][info][gc,metaspace  ] GC(52) Metaspace: 47276K->47276K(1091584K)
[206.102s][info][gc            ] GC(52) Pause Young (Normal) (G1 Evacuation Pause) 568M->211M(640M) 1.203ms
[206.102s][info][gc,cpu        ] GC(52) User=0.00s Sys=0.00s Real=0.00s
[206.205s][info][gc,start      ] GC(53) Pause Young (Normal) (G1 Evacuation Pause)
[206.205s][info][gc,task       ] GC(53) Using 6 workers of 6 for evacuation
[206.207s][info][gc,phases     ] GC(53)   Pre Evacuate Collection Set: 0.0ms
[206.207s][info][gc,phases     ] GC(53)   Evacuate Collection Set: 0.8ms
[206.207s][info][gc,phases     ] GC(53)   Post Evacuate Collection Set: 0.8ms
[206.207s][info][gc,phases     ] GC(53)   Other: 0.2ms
[206.207s][info][gc,heap       ] GC(53) Eden regions: 358->0(358)
[206.207s][info][gc,heap       ] GC(53) Survivor regions: 1->1(45)
[206.207s][info][gc,heap       ] GC(53) Old regions: 207->207
[206.207s][info][gc,heap       ] GC(53) Humongous regions: 4->4
[206.207s][info][gc,metaspace  ] GC(53) Metaspace: 47276K->47276K(1091584K)
[206.207s][info][gc            ] GC(53) Pause Young (Normal) (G1 Evacuation Pause) 569M->211M(640M) 2.021ms
[206.207s][info][gc,cpu        ] GC(53) User=0.00s Sys=0.00s Real=0.00s
[206.309s][info][gc,start      ] GC(54) Pause Young (Normal) (G1 Evacuation Pause)
[206.309s][info][gc,task       ] GC(54) Using 6 workers of 6 for evacuation
[206.310s][info][gc,phases     ] GC(54)   Pre Evacuate Collection Set: 0.0ms
[206.310s][info][gc,phases     ] GC(54)   Evacuate Collection Set: 0.5ms
[206.310s][info][gc,phases     ] GC(54)   Post Evacuate Collection Set: 0.4ms
[206.310s][info][gc,phases     ] GC(54)   Other: 0.2ms
[206.310s][info][gc,heap       ] GC(54) Eden regions: 358->0(358)
[206.310s][info][gc,heap       ] GC(54) Survivor regions: 1->1(45)
[206.310s][info][gc,heap       ] GC(54) Old regions: 207->207
[206.310s][info][gc,heap       ] GC(54) Humongous regions: 4->4
[206.310s][info][gc,metaspace  ] GC(54) Metaspace: 47276K->47276K(1091584K)
[206.310s][info][gc            ] GC(54) Pause Young (Normal) (G1 Evacuation Pause) 569M->211M(640M) 1.195ms
[206.310s][info][gc,cpu        ] GC(54) User=0.00s Sys=0.00s Real=0.00s
[206.414s][info][gc,start      ] GC(55) Pause Young (Normal) (G1 Evacuation Pause)
[206.414s][info][gc,task       ] GC(55) Using 6 workers of 6 for evacuation
[206.415s][info][gc,phases     ] GC(55)   Pre Evacuate Collection Set: 0.0ms
[206.415s][info][gc,phases     ] GC(55)   Evacuate Collection Set: 0.6ms
[206.415s][info][gc,phases     ] GC(55)   Post Evacuate Collection Set: 0.4ms
[206.415s][info][gc,phases     ] GC(55)   Other: 0.2ms
[206.415s][info][gc,heap       ] GC(55) Eden regions: 358->0(358)
[206.415s][info][gc,heap       ] GC(55) Survivor regions: 1->1(45)
[206.415s][info][gc,heap       ] GC(55) Old regions: 207->208
[206.415s][info][gc,heap       ] GC(55) Humongous regions: 4->4
[206.415s][info][gc,metaspace  ] GC(55) Metaspace: 47276K->47276K(1091584K)
[206.415s][info][gc            ] GC(55) Pause Young (Normal) (G1 Evacuation Pause) 569M->211M(640M) 1.266ms
[206.415s][info][gc,cpu        ] GC(55) User=0.00s Sys=0.00s Real=0.00s
[206.517s][info][gc,start      ] GC(56) Pause Young (Normal) (G1 Evacuation Pause)
[206.517s][info][gc,task       ] GC(56) Using 6 workers of 6 for evacuation
[206.518s][info][gc,phases     ] GC(56)   Pre Evacuate Collection Set: 0.0ms
[206.518s][info][gc,phases     ] GC(56)   Evacuate Collection Set: 0.4ms
[206.518s][info][gc,phases     ] GC(56)   Post Evacuate Collection Set: 0.4ms
[206.518s][info][gc,phases     ] GC(56)   Other: 0.2ms
[206.518s][info][gc,heap       ] GC(56) Eden regions: 358->0(358)
[206.518s][info][gc,heap       ] GC(56) Survivor regions: 1->1(45)
[206.518s][info][gc,heap       ] GC(56) Old regions: 208->208
[206.518s][info][gc,heap       ] GC(56) Humongous regions: 4->4
[206.518s][info][gc,metaspace  ] GC(56) Metaspace: 47276K->47276K(1091584K)
[206.518s][info][gc            ] GC(56) Pause Young (Normal) (G1 Evacuation Pause) 569M->211M(640M) 1.029ms
[206.518s][info][gc,cpu        ] GC(56) User=0.00s Sys=0.00s Real=0.00s
[206.622s][info][gc,start      ] GC(57) Pause Young (Normal) (G1 Evacuation Pause)
[206.623s][info][gc,task       ] GC(57) Using 6 workers of 6 for evacuation
[206.623s][info][gc,phases     ] GC(57)   Pre Evacuate Collection Set: 0.0ms
[206.623s][info][gc,phases     ] GC(57)   Evacuate Collection Set: 0.3ms
[206.623s][info][gc,phases     ] GC(57)   Post Evacuate Collection Set: 0.4ms
[206.623s][info][gc,phases     ] GC(57)   Other: 0.2ms
[206.623s][info][gc,heap       ] GC(57) Eden regions: 358->0(359)
[206.623s][info][gc,heap       ] GC(57) Survivor regions: 1->1(45)
[206.623s][info][gc,heap       ] GC(57) Old regions: 208->208
[206.623s][info][gc,heap       ] GC(57) Humongous regions: 4->4
[206.623s][info][gc,metaspace  ] GC(57) Metaspace: 47276K->47276K(1091584K)
[206.623s][info][gc            ] GC(57) Pause Young (Normal) (G1 Evacuation Pause) 569M->211M(640M) 0.935ms
[206.623s][info][gc,cpu        ] GC(57) User=0.00s Sys=0.00s Real=0.00s
[206.725s][info][gc,start      ] GC(58) Pause Young (Normal) (G1 Evacuation Pause)
[206.725s][info][gc,task       ] GC(58) Using 6 workers of 6 for evacuation
[206.726s][info][gc,phases     ] GC(58)   Pre Evacuate Collection Set: 0.0ms
[206.726s][info][gc,phases     ] GC(58)   Evacuate Collection Set: 0.2ms
[206.726s][info][gc,phases     ] GC(58)   Post Evacuate Collection Set: 0.4ms
[206.726s][info][gc,phases     ] GC(58)   Other: 0.2ms
[206.726s][info][gc,heap       ] GC(58) Eden regions: 359->0(359)
[206.726s][info][gc,heap       ] GC(58) Survivor regions: 1->1(45)
[206.726s][info][gc,heap       ] GC(58) Old regions: 208->208
[206.726s][info][gc,heap       ] GC(58) Humongous regions: 4->4
[206.726s][info][gc,metaspace  ] GC(58) Metaspace: 47276K->47276K(1091584K)
[206.726s][info][gc            ] GC(58) Pause Young (Normal) (G1 Evacuation Pause) 570M->211M(640M) 0.779ms
[206.726s][info][gc,cpu        ] GC(58) User=0.00s Sys=0.00s Real=0.00s
[206.829s][info][gc,start      ] GC(59) Pause Young (Normal) (G1 Evacuation Pause)
[206.829s][info][gc,task       ] GC(59) Using 6 workers of 6 for evacuation
[206.830s][info][gc,phases     ] GC(59)   Pre Evacuate Collection Set: 0.0ms
[206.830s][info][gc,phases     ] GC(59)   Evacuate Collection Set: 0.3ms
[206.830s][info][gc,phases     ] GC(59)   Post Evacuate Collection Set: 0.5ms
[206.830s][info][gc,phases     ] GC(59)   Other: 0.2ms
[206.830s][info][gc,heap       ] GC(59) Eden regions: 359->0(359)
[206.830s][info][gc,heap       ] GC(59) Survivor regions: 1->1(45)
[206.830s][info][gc,heap       ] GC(59) Old regions: 208->208
[206.830s][info][gc,heap       ] GC(59) Humongous regions: 4->4
[206.830s][info][gc,metaspace  ] GC(59) Metaspace: 47276K->47276K(1091584K)
[206.830s][info][gc            ] GC(59) Pause Young (Normal) (G1 Evacuation Pause) 570M->211M(640M) 0.986ms
[206.830s][info][gc,cpu        ] GC(59) User=0.00s Sys=0.00s Real=0.00s
[206.933s][info][gc,start      ] GC(60) Pause Young (Normal) (G1 Evacuation Pause)
[206.933s][info][gc,task       ] GC(60) Using 6 workers of 6 for evacuation
[206.934s][info][gc,phases     ] GC(60)   Pre Evacuate Collection Set: 0.0ms
[206.934s][info][gc,phases     ] GC(60)   Evacuate Collection Set: 0.2ms
[206.934s][info][gc,phases     ] GC(60)   Post Evacuate Collection Set: 0.4ms
[206.934s][info][gc,phases     ] GC(60)   Other: 0.2ms
[206.934s][info][gc,heap       ] GC(60) Eden regions: 359->0(360)
[206.934s][info][gc,heap       ] GC(60) Survivor regions: 1->1(45)
[206.934s][info][gc,heap       ] GC(60) Old regions: 208->208
[206.934s][info][gc,heap       ] GC(60) Humongous regions: 4->4
[206.934s][info][gc,metaspace  ] GC(60) Metaspace: 47276K->47276K(1091584K)
[206.934s][info][gc            ] GC(60) Pause Young (Normal) (G1 Evacuation Pause) 570M->211M(640M) 0.829ms
[206.934s][info][gc,cpu        ] GC(60) User=0.00s Sys=0.00s Real=0.00s
[207.040s][info][gc,start      ] GC(61) Pause Young (Normal) (G1 Evacuation Pause)
[207.040s][info][gc,task       ] GC(61) Using 6 workers of 6 for evacuation
[207.041s][info][gc,phases     ] GC(61)   Pre Evacuate Collection Set: 0.0ms
[207.041s][info][gc,phases     ] GC(61)   Evacuate Collection Set: 0.2ms
[207.041s][info][gc,phases     ] GC(61)   Post Evacuate Collection Set: 0.4ms
[207.041s][info][gc,phases     ] GC(61)   Other: 0.2ms
[207.041s][info][gc,heap       ] GC(61) Eden regions: 360->0(360)
[207.041s][info][gc,heap       ] GC(61) Survivor regions: 1->1(46)
[207.041s][info][gc,heap       ] GC(61) Old regions: 208->208
[207.041s][info][gc,heap       ] GC(61) Humongous regions: 4->4
[207.041s][info][gc,metaspace  ] GC(61) Metaspace: 47276K->47276K(1091584K)
[207.041s][info][gc            ] GC(61) Pause Young (Normal) (G1 Evacuation Pause) 571M->211M(640M) 0.877ms
[207.041s][info][gc,cpu        ] GC(61) User=0.00s Sys=0.00s Real=0.00s
[207.145s][info][gc,start      ] GC(62) Pause Young (Normal) (G1 Evacuation Pause)
[207.145s][info][gc,task       ] GC(62) Using 6 workers of 6 for evacuation
[207.146s][info][gc,phases     ] GC(62)   Pre Evacuate Collection Set: 0.0ms
[207.146s][info][gc,phases     ] GC(62)   Evacuate Collection Set: 0.2ms
[207.146s][info][gc,phases     ] GC(62)   Post Evacuate Collection Set: 0.4ms
[207.146s][info][gc,phases     ] GC(62)   Other: 0.2ms
[207.146s][info][gc,heap       ] GC(62) Eden regions: 360->0(361)
[207.146s][info][gc,heap       ] GC(62) Survivor regions: 1->1(46)
[207.146s][info][gc,heap       ] GC(62) Old regions: 208->208
[207.146s][info][gc,heap       ] GC(62) Humongous regions: 4->4
[207.146s][info][gc,metaspace  ] GC(62) Metaspace: 47276K->47276K(1091584K)
[207.146s][info][gc            ] GC(62) Pause Young (Normal) (G1 Evacuation Pause) 571M->211M(640M) 0.882ms
[207.146s][info][gc,cpu        ] GC(62) User=0.00s Sys=0.00s Real=0.00s
[207.249s][info][gc,start      ] GC(63) Pause Young (Normal) (G1 Evacuation Pause)
[207.249s][info][gc,task       ] GC(63) Using 6 workers of 6 for evacuation
[207.250s][info][gc,phases     ] GC(63)   Pre Evacuate Collection Set: 0.0ms
[207.250s][info][gc,phases     ] GC(63)   Evacuate Collection Set: 0.2ms
[207.250s][info][gc,phases     ] GC(63)   Post Evacuate Collection Set: 0.3ms
[207.250s][info][gc,phases     ] GC(63)   Other: 0.2ms
[207.250s][info][gc,heap       ] GC(63) Eden regions: 361->0(361)
[207.250s][info][gc,heap       ] GC(63) Survivor regions: 1->1(46)
[207.250s][info][gc,heap       ] GC(63) Old regions: 208->208
[207.250s][info][gc,heap       ] GC(63) Humongous regions: 4->4
[207.250s][info][gc,metaspace  ] GC(63) Metaspace: 47276K->47276K(1091584K)
[207.250s][info][gc            ] GC(63) Pause Young (Normal) (G1 Evacuation Pause) 572M->211M(640M) 0.726ms
[207.250s][info][gc,cpu        ] GC(63) User=0.02s Sys=0.00s Real=0.00s
[207.353s][info][gc,start      ] GC(64) Pause Young (Normal) (G1 Evacuation Pause)
[207.353s][info][gc,task       ] GC(64) Using 6 workers of 6 for evacuation
[207.353s][info][gc,phases     ] GC(64)   Pre Evacuate Collection Set: 0.0ms
[207.353s][info][gc,phases     ] GC(64)   Evacuate Collection Set: 0.2ms
[207.353s][info][gc,phases     ] GC(64)   Post Evacuate Collection Set: 0.4ms
[207.353s][info][gc,phases     ] GC(64)   Other: 0.2ms
[207.353s][info][gc,heap       ] GC(64) Eden regions: 361->0(361)
[207.353s][info][gc,heap       ] GC(64) Survivor regions: 1->1(46)
[207.353s][info][gc,heap       ] GC(64) Old regions: 208->208
[207.353s][info][gc,heap       ] GC(64) Humongous regions: 4->4
[207.353s][info][gc,metaspace  ] GC(64) Metaspace: 47276K->47276K(1091584K)
[207.353s][info][gc            ] GC(64) Pause Young (Normal) (G1 Evacuation Pause) 572M->211M(640M) 0.777ms
[207.353s][info][gc,cpu        ] GC(64) User=0.00s Sys=0.00s Real=0.00s
[207.456s][info][gc,start      ] GC(65) Pause Young (Normal) (G1 Evacuation Pause)
[207.456s][info][gc,task       ] GC(65) Using 6 workers of 6 for evacuation
[207.456s][info][gc,phases     ] GC(65)   Pre Evacuate Collection Set: 0.0ms
[207.456s][info][gc,phases     ] GC(65)   Evacuate Collection Set: 0.2ms
[207.456s][info][gc,phases     ] GC(65)   Post Evacuate Collection Set: 0.3ms
[207.456s][info][gc,phases     ] GC(65)   Other: 0.2ms
[207.456s][info][gc,heap       ] GC(65) Eden regions: 361->0(361)
[207.456s][info][gc,heap       ] GC(65) Survivor regions: 1->1(46)
[207.457s][info][gc,heap       ] GC(65) Old regions: 208->208
[207.457s][info][gc,heap       ] GC(65) Humongous regions: 4->4
[207.457s][info][gc,metaspace  ] GC(65) Metaspace: 47276K->47276K(1091584K)
[207.457s][info][gc            ] GC(65) Pause Young (Normal) (G1 Evacuation Pause) 572M->211M(640M) 0.726ms
[207.457s][info][gc,cpu        ] GC(65) User=0.00s Sys=0.00s Real=0.00s
[207.562s][info][gc,start      ] GC(66) Pause Young (Normal) (G1 Evacuation Pause)
[207.562s][info][gc,task       ] GC(66) Using 6 workers of 6 for evacuation
[207.562s][info][gc,phases     ] GC(66)   Pre Evacuate Collection Set: 0.0ms
[207.563s][info][gc,phases     ] GC(66)   Evacuate Collection Set: 0.2ms
[207.563s][info][gc,phases     ] GC(66)   Post Evacuate Collection Set: 0.5ms
[207.563s][info][gc,phases     ] GC(66)   Other: 0.2ms
[207.563s][info][gc,heap       ] GC(66) Eden regions: 361->0(362)
[207.563s][info][gc,heap       ] GC(66) Survivor regions: 1->1(46)
[207.563s][info][gc,heap       ] GC(66) Old regions: 208->208
[207.563s][info][gc,heap       ] GC(66) Humongous regions: 4->4
[207.563s][info][gc,metaspace  ] GC(66) Metaspace: 47276K->47276K(1091584K)
[207.563s][info][gc            ] GC(66) Pause Young (Normal) (G1 Evacuation Pause) 572M->211M(640M) 1.058ms
[207.563s][info][gc,cpu        ] GC(66) User=0.00s Sys=0.02s Real=0.00s
[207.666s][info][gc,start      ] GC(67) Pause Young (Normal) (G1 Evacuation Pause)
[207.666s][info][gc,task       ] GC(67) Using 6 workers of 6 for evacuation
[207.667s][info][gc,phases     ] GC(67)   Pre Evacuate Collection Set: 0.0ms
[207.667s][info][gc,phases     ] GC(67)   Evacuate Collection Set: 0.2ms
[207.667s][info][gc,phases     ] GC(67)   Post Evacuate Collection Set: 0.4ms
[207.667s][info][gc,phases     ] GC(67)   Other: 0.2ms
[207.667s][info][gc,heap       ] GC(67) Eden regions: 362->0(362)
[207.667s][info][gc,heap       ] GC(67) Survivor regions: 1->1(46)
[207.667s][info][gc,heap       ] GC(67) Old regions: 208->208
[207.667s][info][gc,heap       ] GC(67) Humongous regions: 4->4
[207.667s][info][gc,metaspace  ] GC(67) Metaspace: 47276K->47276K(1091584K)
[207.667s][info][gc            ] GC(67) Pause Young (Normal) (G1 Evacuation Pause) 573M->211M(640M) 0.778ms
[207.667s][info][gc,cpu        ] GC(67) User=0.00s Sys=0.00s Real=0.00s
[207.716s][info][gc,heap,exit  ] Heap
[207.716s][info][gc,heap,exit  ]  garbage-first heap   total 655360K, used 382723K [0x00000000d8000000, 0x0000000100000000)
[207.716s][info][gc,heap,exit  ]   region size 1024K, 164 young (167936K), 1 survivors (1024K)
[207.716s][info][gc,heap,exit  ]  Metaspace       used 47279K, capacity 48020K, committed 48080K, reserved 1091584K
[207.716s][info][gc,heap,exit  ]   class space    used 4953K, capacity 5219K, committed 5248K, reserved 1048576K
