[0.007s][info][gc,heap] Heap region size: 1M
[0.017s][info][gc     ] Using G1
[0.017s][info][gc,heap,coops] Heap address: 0x00000000d8000000, size: 640 MB, Compressed Oops mode: 32-bit
[0.694s][info][gc,start     ] GC(0) Pause Young (Normal) (G1 Evacuation Pause)
[0.694s][info][gc,task      ] GC(0) Using 6 workers of 6 for evacuation
[0.698s][info][gc,phases    ] GC(0)   Pre Evacuate Collection Set: 0.0ms
[0.698s][info][gc,phases    ] GC(0)   Evacuate Collection Set: 3.1ms
[0.698s][info][gc,phases    ] GC(0)   Post Evacuate Collection Set: 0.4ms
[0.698s][info][gc,phases    ] GC(0)   Other: 0.4ms
[0.698s][info][gc,heap      ] GC(0) Eden regions: 32->0(224)
[0.698s][info][gc,heap      ] GC(0) Survivor regions: 0->4(4)
[0.698s][info][gc,heap      ] GC(0) Old regions: 0->1
[0.698s][info][gc,heap      ] GC(0) Humongous regions: 4->4
[0.698s][info][gc,metaspace ] GC(0) Metaspace: 18526K->18526K(1067008K)
[0.698s][info][gc           ] GC(0) Pause Young (Normal) (G1 Evacuation Pause) 36M->8M(640M) 4.221ms
[0.698s][info][gc,cpu       ] GC(0) User=0.00s Sys=0.00s Real=0.00s
[0.840s][info][gc,start     ] GC(1) Pause Young (Concurrent Start) (Metadata GC Threshold)
[0.840s][info][gc,task      ] GC(1) Using 6 workers of 6 for evacuation
[0.844s][info][gc,phases    ] GC(1)   Pre Evacuate Collection Set: 0.0ms
[0.844s][info][gc,phases    ] GC(1)   Evacuate Collection Set: 2.9ms
[0.844s][info][gc,phases    ] GC(1)   Post Evacuate Collection Set: 0.4ms
[0.844s][info][gc,phases    ] GC(1)   Other: 0.1ms
[0.844s][info][gc,heap      ] GC(1) Eden regions: 13->0(32)
[0.844s][info][gc,heap      ] GC(1) Survivor regions: 4->5(29)
[0.844s][info][gc,heap      ] GC(1) Old regions: 1->1
[0.844s][info][gc,heap      ] GC(1) Humongous regions: 4->4
[0.844s][info][gc,metaspace ] GC(1) Metaspace: 20748K->20748K(1069056K)
[0.844s][info][gc           ] GC(1) Pause Young (Concurrent Start) (Metadata GC Threshold) 21M->9M(640M) 3.585ms
[0.844s][info][gc,cpu       ] GC(1) User=0.00s Sys=0.00s Real=0.00s
[0.844s][info][gc           ] GC(2) Concurrent Cycle
[0.844s][info][gc,marking   ] GC(2) Concurrent Clear Claimed Marks
[0.844s][info][gc,marking   ] GC(2) Concurrent Clear Claimed Marks 0.029ms
[0.844s][info][gc,marking   ] GC(2) Concurrent Scan Root Regions
[0.845s][info][gc,marking   ] GC(2) Concurrent Scan Root Regions 1.290ms
[0.845s][info][gc,marking   ] GC(2) Concurrent Mark (0.845s)
[0.845s][info][gc,marking   ] GC(2) Concurrent Mark From Roots
[0.845s][info][gc,task      ] GC(2) Using 2 workers of 2 for marking
[0.847s][info][gc,marking   ] GC(2) Concurrent Mark From Roots 1.558ms
[0.847s][info][gc,marking   ] GC(2) Concurrent Preclean
[0.847s][info][gc,marking   ] GC(2) Concurrent Preclean 0.032ms
[0.847s][info][gc,marking   ] GC(2) Concurrent Mark (0.845s, 0.847s) 1.636ms
[0.847s][info][gc,start     ] GC(2) Pause Remark
[0.848s][info][gc,stringtable] GC(2) Cleaned string and symbol table, strings: 8393 processed, 0 removed, symbols: 67691 processed, 29 removed
[0.848s][info][gc            ] GC(2) Pause Remark 10M->10M(640M) 1.215ms
[0.848s][info][gc,cpu        ] GC(2) User=0.09s Sys=0.00s Real=0.00s
[0.848s][info][gc,marking    ] GC(2) Concurrent Rebuild Remembered Sets
[0.849s][info][gc,marking    ] GC(2) Concurrent Rebuild Remembered Sets 1.057ms
[0.849s][info][gc,start      ] GC(2) Pause Cleanup
[0.849s][info][gc            ] GC(2) Pause Cleanup 10M->10M(640M) 0.109ms
[0.849s][info][gc,cpu        ] GC(2) User=0.00s Sys=0.00s Real=0.00s
[0.849s][info][gc,marking    ] GC(2) Concurrent Cleanup for Next Mark
[0.850s][info][gc,marking    ] GC(2) Concurrent Cleanup for Next Mark 0.361ms
[0.850s][info][gc            ] GC(2) Concurrent Cycle 6.153ms
[1.367s][info][gc,start      ] GC(3) Pause Young (Normal) (G1 Evacuation Pause)
[1.367s][info][gc,task       ] GC(3) Using 6 workers of 6 for evacuation
[1.371s][info][gc,phases     ] GC(3)   Pre Evacuate Collection Set: 0.0ms
[1.371s][info][gc,phases     ] GC(3)   Evacuate Collection Set: 3.7ms
[1.371s][info][gc,phases     ] GC(3)   Post Evacuate Collection Set: 0.5ms
[1.371s][info][gc,phases     ] GC(3)   Other: 0.1ms
[1.371s][info][gc,heap       ] GC(3) Eden regions: 27->0(55)
[1.371s][info][gc,heap       ] GC(3) Survivor regions: 5->4(4)
[1.371s][info][gc,heap       ] GC(3) Old regions: 1->5
[1.371s][info][gc,heap       ] GC(3) Humongous regions: 4->4
[1.371s][info][gc,metaspace  ] GC(3) Metaspace: 27219K->27219K(1073152K)
[1.371s][info][gc            ] GC(3) Pause Young (Normal) (G1 Evacuation Pause) 36M->12M(640M) 4.544ms
[1.371s][info][gc,cpu        ] GC(3) User=0.00s Sys=0.00s Real=0.01s
[24.322s][info][gc,start      ] GC(4) Pause Young (Concurrent Start) (Metadata GC Threshold)
[24.322s][info][gc,task       ] GC(4) Using 6 workers of 6 for evacuation
[24.325s][info][gc,phases     ] GC(4)   Pre Evacuate Collection Set: 0.1ms
[24.325s][info][gc,phases     ] GC(4)   Evacuate Collection Set: 2.5ms
[24.325s][info][gc,phases     ] GC(4)   Post Evacuate Collection Set: 0.3ms
[24.325s][info][gc,phases     ] GC(4)   Other: 0.2ms
[24.325s][info][gc,heap       ] GC(4) Eden regions: 44->0(65)
[24.325s][info][gc,heap       ] GC(4) Survivor regions: 4->6(8)
[24.325s][info][gc,heap       ] GC(4) Old regions: 5->5
[24.325s][info][gc,heap       ] GC(4) Humongous regions: 16->16
[24.325s][info][gc,metaspace  ] GC(4) Metaspace: 35180K->35180K(1081344K)
[24.325s][info][gc            ] GC(4) Pause Young (Concurrent Start) (Metadata GC Threshold) 67M->26M(640M) 3.249ms
[24.325s][info][gc,cpu        ] GC(4) User=0.00s Sys=0.00s Real=0.00s
[24.325s][info][gc            ] GC(5) Concurrent Cycle
[24.325s][info][gc,marking    ] GC(5) Concurrent Clear Claimed Marks
[24.325s][info][gc,marking    ] GC(5) Concurrent Clear Claimed Marks 0.049ms
[24.325s][info][gc,marking    ] GC(5) Concurrent Scan Root Regions
[24.328s][info][gc,marking    ] GC(5) Concurrent Scan Root Regions 2.532ms
[24.328s][info][gc,marking    ] GC(5) Concurrent Mark (24.328s)
[24.328s][info][gc,marking    ] GC(5) Concurrent Mark From Roots
[24.328s][info][gc,task       ] GC(5) Using 2 workers of 2 for marking
[24.332s][info][gc,marking    ] GC(5) Concurrent Mark From Roots 4.158ms
[24.332s][info][gc,marking    ] GC(5) Concurrent Preclean
[24.332s][info][gc,marking    ] GC(5) Concurrent Preclean 0.041ms
[24.332s][info][gc,marking    ] GC(5) Concurrent Mark (24.328s, 24.332s) 4.258ms
[24.332s][info][gc,start      ] GC(5) Pause Remark
[24.334s][info][gc,stringtable] GC(5) Cleaned string and symbol table, strings: 13398 processed, 19 removed, symbols: 106522 processed, 29 removed
[24.334s][info][gc            ] GC(5) Pause Remark 27M->27M(640M) 1.942ms
[24.334s][info][gc,cpu        ] GC(5) User=0.09s Sys=0.00s Real=0.00s
[24.334s][info][gc,marking    ] GC(5) Concurrent Rebuild Remembered Sets
[24.336s][info][gc,marking    ] GC(5) Concurrent Rebuild Remembered Sets 1.651ms
[24.336s][info][gc,start      ] GC(5) Pause Cleanup
[24.336s][info][gc            ] GC(5) Pause Cleanup 27M->27M(640M) 0.161ms
[24.336s][info][gc,cpu        ] GC(5) User=0.00s Sys=0.00s Real=0.00s
[24.336s][info][gc,marking    ] GC(5) Concurrent Cleanup for Next Mark
[24.337s][info][gc,marking    ] GC(5) Concurrent Cleanup for Next Mark 0.509ms
[24.337s][info][gc            ] GC(5) Concurrent Cycle 11.955ms
[25.146s][info][gc,start      ] GC(6) Pause Young (Normal) (G1 Evacuation Pause)
[25.146s][info][gc,task       ] GC(6) Using 6 workers of 6 for evacuation
[25.152s][info][gc,phases     ] GC(6)   Pre Evacuate Collection Set: 0.0ms
[25.152s][info][gc,phases     ] GC(6)   Evacuate Collection Set: 4.9ms
[25.152s][info][gc,phases     ] GC(6)   Post Evacuate Collection Set: 0.7ms
[25.152s][info][gc,phases     ] GC(6)   Other: 0.3ms
[25.152s][info][gc,heap       ] GC(6) Eden regions: 65->0(103)
[25.152s][info][gc,heap       ] GC(6) Survivor regions: 6->5(9)
[25.152s][info][gc,heap       ] GC(6) Old regions: 5->9
[25.152s][info][gc,heap       ] GC(6) Humongous regions: 100->16
[25.152s][info][gc,metaspace  ] GC(6) Metaspace: 37003K->37003K(1083392K)
[25.152s][info][gc            ] GC(6) Pause Young (Normal) (G1 Evacuation Pause) 175M->28M(640M) 6.100ms
[25.152s][info][gc,cpu        ] GC(6) User=0.00s Sys=0.00s Real=0.01s
[26.473s][info][gc,start      ] GC(7) Pause Young (Normal) (G1 Evacuation Pause)
[26.473s][info][gc,task       ] GC(7) Using 6 workers of 6 for evacuation
[26.475s][info][gc,phases     ] GC(7)   Pre Evacuate Collection Set: 0.0ms
[26.475s][info][gc,phases     ] GC(7)   Evacuate Collection Set: 1.4ms
[26.475s][info][gc,phases     ] GC(7)   Post Evacuate Collection Set: 0.7ms
[26.475s][info][gc,phases     ] GC(7)   Other: 0.2ms
[26.475s][info][gc,heap       ] GC(7) Eden regions: 103->0(378)
[26.475s][info][gc,heap       ] GC(7) Survivor regions: 5->6(14)
[26.475s][info][gc,heap       ] GC(7) Old regions: 9->9
[26.475s][info][gc,heap       ] GC(7) Humongous regions: 160->12
[26.475s][info][gc,metaspace  ] GC(7) Metaspace: 37043K->37043K(1083392K)
[26.475s][info][gc            ] GC(7) Pause Young (Normal) (G1 Evacuation Pause) 275M->25M(640M) 2.310ms
[26.476s][info][gc,cpu        ] GC(7) User=0.00s Sys=0.00s Real=0.00s
[28.879s][info][gc,start      ] GC(8) Pause Young (Concurrent Start) (G1 Humongous Allocation)
[28.879s][info][gc,task       ] GC(8) Using 6 workers of 6 for evacuation
[28.883s][info][gc,phases     ] GC(8)   Pre Evacuate Collection Set: 0.1ms
[28.883s][info][gc,phases     ] GC(8)   Evacuate Collection Set: 2.4ms
[28.883s][info][gc,phases     ] GC(8)   Post Evacuate Collection Set: 1.0ms
[28.883s][info][gc,phases     ] GC(8)   Other: 0.3ms
[28.883s][info][gc,heap       ] GC(8) Eden regions: 181->0(378)
[28.883s][info][gc,heap       ] GC(8) Survivor regions: 6->6(48)
[28.883s][info][gc,heap       ] GC(8) Old regions: 9->9
[28.883s][info][gc,heap       ] GC(8) Humongous regions: 276->4
[28.883s][info][gc,metaspace  ] GC(8) Metaspace: 37142K->37142K(1083392K)
[28.883s][info][gc            ] GC(8) Pause Young (Concurrent Start) (G1 Humongous Allocation) 469M->18M(640M) 3.911ms
[28.883s][info][gc,cpu        ] GC(8) User=0.06s Sys=0.00s Real=0.00s
[28.883s][info][gc            ] GC(9) Concurrent Cycle
[28.883s][info][gc,marking    ] GC(9) Concurrent Clear Claimed Marks
[28.883s][info][gc,marking    ] GC(9) Concurrent Clear Claimed Marks 0.053ms
[28.883s][info][gc,marking    ] GC(9) Concurrent Scan Root Regions
[28.885s][info][gc,marking    ] GC(9) Concurrent Scan Root Regions 1.589ms
[28.885s][info][gc,marking    ] GC(9) Concurrent Mark (28.885s)
[28.885s][info][gc,marking    ] GC(9) Concurrent Mark From Roots
[28.885s][info][gc,task       ] GC(9) Using 2 workers of 2 for marking
[28.896s][info][gc,marking    ] GC(9) Concurrent Mark From Roots 10.985ms
[28.896s][info][gc,marking    ] GC(9) Concurrent Preclean
[28.896s][info][gc,marking    ] GC(9) Concurrent Preclean 0.057ms
[28.896s][info][gc,marking    ] GC(9) Concurrent Mark (28.885s, 28.896s) 11.093ms
[28.896s][info][gc,start      ] GC(9) Pause Remark
[28.897s][info][gc,stringtable] GC(9) Cleaned string and symbol table, strings: 15398 processed, 6 removed, symbols: 111433 processed, 5 removed
[28.898s][info][gc            ] GC(9) Pause Remark 31M->31M(640M) 1.966ms
[28.898s][info][gc,cpu        ] GC(9) User=0.00s Sys=0.00s Real=0.00s
[28.898s][info][gc,marking    ] GC(9) Concurrent Rebuild Remembered Sets
[28.901s][info][gc,marking    ] GC(9) Concurrent Rebuild Remembered Sets 3.657ms
[28.902s][info][gc,start      ] GC(9) Pause Cleanup
[28.902s][info][gc            ] GC(9) Pause Cleanup 32M->32M(640M) 0.124ms
[28.902s][info][gc,cpu        ] GC(9) User=0.00s Sys=0.00s Real=0.00s
[28.902s][info][gc,marking    ] GC(9) Concurrent Cleanup for Next Mark
[28.902s][info][gc,marking    ] GC(9) Concurrent Cleanup for Next Mark 0.358ms
[28.902s][info][gc            ] GC(9) Concurrent Cycle 19.477ms
[31.176s][info][gc,start      ] GC(10) Pause Young (Concurrent Start) (G1 Humongous Allocation)
[31.176s][info][gc,task       ] GC(10) Using 6 workers of 6 for evacuation
[31.181s][info][gc,phases     ] GC(10)   Pre Evacuate Collection Set: 0.1ms
[31.181s][info][gc,phases     ] GC(10)   Evacuate Collection Set: 4.0ms
[31.181s][info][gc,phases     ] GC(10)   Post Evacuate Collection Set: 1.0ms
[31.181s][info][gc,phases     ] GC(10)   Other: 0.2ms
[31.181s][info][gc,heap       ] GC(10) Eden regions: 241->0(375)
[31.181s][info][gc,heap       ] GC(10) Survivor regions: 6->9(48)
[31.181s][info][gc,heap       ] GC(10) Old regions: 9->9
[31.181s][info][gc,heap       ] GC(10) Humongous regions: 277->12
[31.181s][info][gc,metaspace  ] GC(10) Metaspace: 44878K->44878K(1089536K)
[31.181s][info][gc            ] GC(10) Pause Young (Concurrent Start) (G1 Humongous Allocation) 532M->28M(640M) 5.375ms
[31.181s][info][gc,cpu        ] GC(10) User=0.00s Sys=0.00s Real=0.01s
[31.181s][info][gc            ] GC(11) Concurrent Cycle
[31.181s][info][gc,marking    ] GC(11) Concurrent Clear Claimed Marks
[31.182s][info][gc,marking    ] GC(11) Concurrent Clear Claimed Marks 0.071ms
[31.182s][info][gc,marking    ] GC(11) Concurrent Scan Root Regions
[31.184s][info][gc,marking    ] GC(11) Concurrent Scan Root Regions 2.100ms
[31.184s][info][gc,marking    ] GC(11) Concurrent Mark (31.184s)
[31.184s][info][gc,marking    ] GC(11) Concurrent Mark From Roots
[31.184s][info][gc,task       ] GC(11) Using 2 workers of 2 for marking
[31.190s][info][gc,marking    ] GC(11) Concurrent Mark From Roots 5.881ms
[31.190s][info][gc,marking    ] GC(11) Concurrent Preclean
[31.190s][info][gc,marking    ] GC(11) Concurrent Preclean 0.058ms
[31.190s][info][gc,marking    ] GC(11) Concurrent Mark (31.184s, 31.190s) 6.001ms
[31.190s][info][gc,start      ] GC(11) Pause Remark
[31.192s][info][gc,stringtable] GC(11) Cleaned string and symbol table, strings: 17903 processed, 0 removed, symbols: 135560 processed, 15 removed
[31.192s][info][gc            ] GC(11) Pause Remark 35M->35M(640M) 2.179ms
[31.192s][info][gc,cpu        ] GC(11) User=0.02s Sys=0.00s Real=0.00s
[31.192s][info][gc,marking    ] GC(11) Concurrent Rebuild Remembered Sets
[31.196s][info][gc,marking    ] GC(11) Concurrent Rebuild Remembered Sets 3.351ms
[31.196s][info][gc,start      ] GC(11) Pause Cleanup
[31.196s][info][gc            ] GC(11) Pause Cleanup 36M->36M(640M) 0.139ms
[31.196s][info][gc,cpu        ] GC(11) User=0.00s Sys=0.00s Real=0.00s
[31.196s][info][gc,marking    ] GC(11) Concurrent Cleanup for Next Mark
[31.196s][info][gc,marking    ] GC(11) Concurrent Cleanup for Next Mark 0.375ms
[31.196s][info][gc            ] GC(11) Concurrent Cycle 14.948ms
[33.413s][info][gc,start      ] GC(12) Pause Young (Concurrent Start) (G1 Humongous Allocation)
[33.413s][info][gc,task       ] GC(12) Using 6 workers of 6 for evacuation
[33.418s][info][gc,phases     ] GC(12)   Pre Evacuate Collection Set: 0.1ms
[33.418s][info][gc,phases     ] GC(12)   Evacuate Collection Set: 3.8ms
[33.418s][info][gc,phases     ] GC(12)   Post Evacuate Collection Set: 0.8ms
[33.418s][info][gc,phases     ] GC(12)   Other: 0.2ms
[33.418s][info][gc,heap       ] GC(12) Eden regions: 215->0(375)
[33.418s][info][gc,heap       ] GC(12) Survivor regions: 9->9(48)
[33.418s][info][gc,heap       ] GC(12) Old regions: 9->9
[33.418s][info][gc,heap       ] GC(12) Humongous regions: 276->12
[33.418s][info][gc,metaspace  ] GC(12) Metaspace: 45073K->45073K(1089536K)
[33.418s][info][gc            ] GC(12) Pause Young (Concurrent Start) (G1 Humongous Allocation) 507M->28M(640M) 4.905ms
[33.418s][info][gc,cpu        ] GC(12) User=0.00s Sys=0.00s Real=0.01s
[33.418s][info][gc            ] GC(13) Concurrent Cycle
[33.418s][info][gc,marking    ] GC(13) Concurrent Clear Claimed Marks
[33.418s][info][gc,marking    ] GC(13) Concurrent Clear Claimed Marks 0.052ms
[33.418s][info][gc,marking    ] GC(13) Concurrent Scan Root Regions
[33.420s][info][gc,marking    ] GC(13) Concurrent Scan Root Regions 2.099ms
[33.420s][info][gc,marking    ] GC(13) Concurrent Mark (33.420s)
[33.420s][info][gc,marking    ] GC(13) Concurrent Mark From Roots
[33.420s][info][gc,task       ] GC(13) Using 2 workers of 2 for marking
[33.426s][info][gc,marking    ] GC(13) Concurrent Mark From Roots 6.021ms
[33.426s][info][gc,marking    ] GC(13) Concurrent Preclean
[33.426s][info][gc,marking    ] GC(13) Concurrent Preclean 0.120ms
[33.426s][info][gc,marking    ] GC(13) Concurrent Mark (33.420s, 33.426s) 6.196ms
[33.427s][info][gc,start      ] GC(13) Pause Remark
[33.428s][info][gc,stringtable] GC(13) Cleaned string and symbol table, strings: 17956 processed, 0 removed, symbols: 135545 processed, 0 removed
[33.429s][info][gc            ] GC(13) Pause Remark 35M->35M(640M) 2.147ms
[33.429s][info][gc,cpu        ] GC(13) User=0.00s Sys=0.00s Real=0.00s
[33.429s][info][gc,marking    ] GC(13) Concurrent Rebuild Remembered Sets
[33.431s][info][gc,marking    ] GC(13) Concurrent Rebuild Remembered Sets 2.581ms
[33.432s][info][gc,start      ] GC(13) Pause Cleanup
[33.432s][info][gc            ] GC(13) Pause Cleanup 35M->35M(640M) 0.192ms
[33.432s][info][gc,cpu        ] GC(13) User=0.00s Sys=0.00s Real=0.00s
[33.432s][info][gc,marking    ] GC(13) Concurrent Cleanup for Next Mark
[33.432s][info][gc,marking    ] GC(13) Concurrent Cleanup for Next Mark 0.353ms
[33.432s][info][gc            ] GC(13) Concurrent Cycle 14.248ms
[35.684s][info][gc,start      ] GC(14) Pause Young (Concurrent Start) (G1 Humongous Allocation)
[35.684s][info][gc,task       ] GC(14) Using 6 workers of 6 for evacuation
[35.691s][info][gc,phases     ] GC(14)   Pre Evacuate Collection Set: 0.1ms
[35.691s][info][gc,phases     ] GC(14)   Evacuate Collection Set: 6.0ms
[35.691s][info][gc,phases     ] GC(14)   Post Evacuate Collection Set: 1.1ms
[35.692s][info][gc,phases     ] GC(14)   Other: 0.3ms
[35.692s][info][gc,heap       ] GC(14) Eden regions: 221->0(374)
[35.692s][info][gc,heap       ] GC(14) Survivor regions: 9->10(48)
[35.692s][info][gc,heap       ] GC(14) Old regions: 9->9
[35.692s][info][gc,heap       ] GC(14) Humongous regions: 276->12
[35.692s][info][gc,metaspace  ] GC(14) Metaspace: 45353K->45353K(1091584K)
[35.692s][info][gc            ] GC(14) Pause Young (Concurrent Start) (G1 Humongous Allocation) 513M->29M(640M) 7.674ms
[35.692s][info][gc,cpu        ] GC(14) User=0.02s Sys=0.00s Real=0.01s
[35.692s][info][gc            ] GC(15) Concurrent Cycle
[35.692s][info][gc,marking    ] GC(15) Concurrent Clear Claimed Marks
[35.692s][info][gc,marking    ] GC(15) Concurrent Clear Claimed Marks 0.065ms
[35.692s][info][gc,marking    ] GC(15) Concurrent Scan Root Regions
[35.695s][info][gc,marking    ] GC(15) Concurrent Scan Root Regions 2.742ms
[35.695s][info][gc,marking    ] GC(15) Concurrent Mark (35.695s)
[35.695s][info][gc,marking    ] GC(15) Concurrent Mark From Roots
[35.695s][info][gc,task       ] GC(15) Using 2 workers of 2 for marking
[35.704s][info][gc,marking    ] GC(15) Concurrent Mark From Roots 9.408ms
[35.704s][info][gc,marking    ] GC(15) Concurrent Preclean
[35.704s][info][gc,marking    ] GC(15) Concurrent Preclean 0.070ms
[35.704s][info][gc,marking    ] GC(15) Concurrent Mark (35.695s, 35.704s) 9.547ms
[35.704s][info][gc,start      ] GC(15) Pause Remark
[35.707s][info][gc,stringtable] GC(15) Cleaned string and symbol table, strings: 18068 processed, 0 removed, symbols: 135549 processed, 1 removed
[35.708s][info][gc            ] GC(15) Pause Remark 34M->34M(640M) 3.228ms
[35.708s][info][gc,cpu        ] GC(15) User=0.05s Sys=0.00s Real=0.00s
[35.708s][info][gc,marking    ] GC(15) Concurrent Rebuild Remembered Sets
[35.711s][info][gc,marking    ] GC(15) Concurrent Rebuild Remembered Sets 3.256ms
[35.711s][info][gc,start      ] GC(15) Pause Cleanup
[35.711s][info][gc            ] GC(15) Pause Cleanup 35M->35M(640M) 0.145ms
[35.711s][info][gc,cpu        ] GC(15) User=0.00s Sys=0.00s Real=0.00s
[35.711s][info][gc,marking    ] GC(15) Concurrent Cleanup for Next Mark
[35.712s][info][gc,marking    ] GC(15) Concurrent Cleanup for Next Mark 0.596ms
[35.712s][info][gc            ] GC(15) Concurrent Cycle 20.294ms
[38.089s][info][gc,start      ] GC(16) Pause Young (Concurrent Start) (G1 Humongous Allocation)
[38.089s][info][gc,task       ] GC(16) Using 6 workers of 6 for evacuation
[38.093s][info][gc,phases     ] GC(16)   Pre Evacuate Collection Set: 0.1ms
[38.093s][info][gc,phases     ] GC(16)   Evacuate Collection Set: 3.1ms
[38.093s][info][gc,phases     ] GC(16)   Post Evacuate Collection Set: 0.7ms
[38.093s][info][gc,phases     ] GC(16)   Other: 0.3ms
[38.093s][info][gc,heap       ] GC(16) Eden regions: 216->0(374)
[38.093s][info][gc,heap       ] GC(16) Survivor regions: 10->10(48)
[38.093s][info][gc,heap       ] GC(16) Old regions: 9->9
[38.093s][info][gc,heap       ] GC(16) Humongous regions: 276->12
[38.093s][info][gc,metaspace  ] GC(16) Metaspace: 45550K->45550K(1091584K)
[38.094s][info][gc            ] GC(16) Pause Young (Concurrent Start) (G1 Humongous Allocation) 509M->29M(640M) 4.347ms
[38.094s][info][gc,cpu        ] GC(16) User=0.00s Sys=0.00s Real=0.00s
[38.094s][info][gc            ] GC(17) Concurrent Cycle
[38.094s][info][gc,marking    ] GC(17) Concurrent Clear Claimed Marks
[38.094s][info][gc,marking    ] GC(17) Concurrent Clear Claimed Marks 0.071ms
[38.094s][info][gc,marking    ] GC(17) Concurrent Scan Root Regions
[38.096s][info][gc,marking    ] GC(17) Concurrent Scan Root Regions 2.160ms
[38.096s][info][gc,marking    ] GC(17) Concurrent Mark (38.096s)
[38.096s][info][gc,marking    ] GC(17) Concurrent Mark From Roots
[38.096s][info][gc,task       ] GC(17) Using 2 workers of 2 for marking
[38.102s][info][gc,marking    ] GC(17) Concurrent Mark From Roots 5.617ms
[38.102s][info][gc,marking    ] GC(17) Concurrent Preclean
[38.102s][info][gc,marking    ] GC(17) Concurrent Preclean 0.052ms
[38.102s][info][gc,marking    ] GC(17) Concurrent Mark (38.096s, 38.102s) 5.719ms
[38.102s][info][gc,start      ] GC(17) Pause Remark
[38.104s][info][gc,stringtable] GC(17) Cleaned string and symbol table, strings: 18112 processed, 0 removed, symbols: 135560 processed, 0 removed
[38.104s][info][gc            ] GC(17) Pause Remark 34M->34M(640M) 2.506ms
[38.104s][info][gc,cpu        ] GC(17) User=0.00s Sys=0.00s Real=0.00s
[38.104s][info][gc,marking    ] GC(17) Concurrent Rebuild Remembered Sets
[38.107s][info][gc,marking    ] GC(17) Concurrent Rebuild Remembered Sets 2.447ms
[38.107s][info][gc,start      ] GC(17) Pause Cleanup
[38.107s][info][gc            ] GC(17) Pause Cleanup 35M->35M(640M) 0.102ms
[38.107s][info][gc,cpu        ] GC(17) User=0.00s Sys=0.00s Real=0.00s
[38.107s][info][gc,marking    ] GC(17) Concurrent Cleanup for Next Mark
[38.108s][info][gc,marking    ] GC(17) Concurrent Cleanup for Next Mark 0.658ms
[38.108s][info][gc            ] GC(17) Concurrent Cycle 14.371ms
[40.375s][info][gc,start      ] GC(18) Pause Young (Concurrent Start) (G1 Humongous Allocation)
[40.375s][info][gc,task       ] GC(18) Using 6 workers of 6 for evacuation
[40.381s][info][gc,phases     ] GC(18)   Pre Evacuate Collection Set: 0.1ms
[40.381s][info][gc,phases     ] GC(18)   Evacuate Collection Set: 4.4ms
[40.381s][info][gc,phases     ] GC(18)   Post Evacuate Collection Set: 1.0ms
[40.381s][info][gc,phases     ] GC(18)   Other: 0.2ms
[40.381s][info][gc,heap       ] GC(18) Eden regions: 221->0(374)
[40.381s][info][gc,heap       ] GC(18) Survivor regions: 10->10(48)
[40.381s][info][gc,heap       ] GC(18) Old regions: 9->9
[40.381s][info][gc,heap       ] GC(18) Humongous regions: 276->12
[40.381s][info][gc,metaspace  ] GC(18) Metaspace: 45639K->45639K(1091584K)
[40.381s][info][gc            ] GC(18) Pause Young (Concurrent Start) (G1 Humongous Allocation) 513M->29M(640M) 5.774ms
[40.381s][info][gc,cpu        ] GC(18) User=0.06s Sys=0.00s Real=0.00s
[40.381s][info][gc            ] GC(19) Concurrent Cycle
[40.381s][info][gc,marking    ] GC(19) Concurrent Clear Claimed Marks
[40.381s][info][gc,marking    ] GC(19) Concurrent Clear Claimed Marks 0.089ms
[40.381s][info][gc,marking    ] GC(19) Concurrent Scan Root Regions
[40.383s][info][gc,marking    ] GC(19) Concurrent Scan Root Regions 2.076ms
[40.383s][info][gc,marking    ] GC(19) Concurrent Mark (40.383s)
[40.383s][info][gc,marking    ] GC(19) Concurrent Mark From Roots
[40.383s][info][gc,task       ] GC(19) Using 2 workers of 2 for marking
[40.389s][info][gc,marking    ] GC(19) Concurrent Mark From Roots 5.497ms
[40.389s][info][gc,marking    ] GC(19) Concurrent Preclean
[40.389s][info][gc,marking    ] GC(19) Concurrent Preclean 0.061ms
[40.389s][info][gc,marking    ] GC(19) Concurrent Mark (40.383s, 40.389s) 5.629ms
[40.389s][info][gc,start      ] GC(19) Pause Remark
[40.392s][info][gc,stringtable] GC(19) Cleaned string and symbol table, strings: 18127 processed, 0 removed, symbols: 135560 processed, 0 removed
[40.392s][info][gc            ] GC(19) Pause Remark 35M->35M(640M) 3.247ms
[40.392s][info][gc,cpu        ] GC(19) User=0.00s Sys=0.00s Real=0.00s
[40.393s][info][gc,marking    ] GC(19) Concurrent Rebuild Remembered Sets
[40.395s][info][gc,marking    ] GC(19) Concurrent Rebuild Remembered Sets 2.789ms
[40.395s][info][gc,start      ] GC(19) Pause Cleanup
[40.396s][info][gc            ] GC(19) Pause Cleanup 35M->35M(640M) 0.101ms
[40.396s][info][gc,cpu        ] GC(19) User=0.00s Sys=0.00s Real=0.00s
[40.396s][info][gc,marking    ] GC(19) Concurrent Cleanup for Next Mark
[40.396s][info][gc,marking    ] GC(19) Concurrent Cleanup for Next Mark 0.322ms
[40.396s][info][gc            ] GC(19) Concurrent Cycle 14.931ms
[42.669s][info][gc,start      ] GC(20) Pause Young (Concurrent Start) (G1 Humongous Allocation)
[42.670s][info][gc,task       ] GC(20) Using 6 workers of 6 for evacuation
[42.674s][info][gc,phases     ] GC(20)   Pre Evacuate Collection Set: 0.1ms
[42.674s][info][gc,phases     ] GC(20)   Evacuate Collection Set: 3.2ms
[42.674s][info][gc,phases     ] GC(20)   Post Evacuate Collection Set: 0.9ms
[42.674s][info][gc,phases     ] GC(20)   Other: 0.3ms
[42.674s][info][gc,heap       ] GC(20) Eden regions: 224->0(374)
[42.674s][info][gc,heap       ] GC(20) Survivor regions: 10->10(48)
[42.674s][info][gc,heap       ] GC(20) Old regions: 9->9
[42.674s][info][gc,heap       ] GC(20) Humongous regions: 276->12
[42.674s][info][gc,metaspace  ] GC(20) Metaspace: 45754K->45754K(1091584K)
[42.674s][info][gc            ] GC(20) Pause Young (Concurrent Start) (G1 Humongous Allocation) 517M->29M(640M) 4.576ms
[42.674s][info][gc,cpu        ] GC(20) User=0.00s Sys=0.00s Real=0.00s
[42.674s][info][gc            ] GC(21) Concurrent Cycle
[42.674s][info][gc,marking    ] GC(21) Concurrent Clear Claimed Marks
[42.674s][info][gc,marking    ] GC(21) Concurrent Clear Claimed Marks 0.107ms
[42.674s][info][gc,marking    ] GC(21) Concurrent Scan Root Regions
[42.677s][info][gc,marking    ] GC(21) Concurrent Scan Root Regions 2.276ms
[42.677s][info][gc,marking    ] GC(21) Concurrent Mark (42.677s)
[42.677s][info][gc,marking    ] GC(21) Concurrent Mark From Roots
[42.677s][info][gc,task       ] GC(21) Using 2 workers of 2 for marking
[42.682s][info][gc,marking    ] GC(21) Concurrent Mark From Roots 5.771ms
[42.682s][info][gc,marking    ] GC(21) Concurrent Preclean
[42.683s][info][gc,marking    ] GC(21) Concurrent Preclean 0.095ms
[42.683s][info][gc,marking    ] GC(21) Concurrent Mark (42.677s, 42.683s) 5.914ms
[42.683s][info][gc,start      ] GC(21) Pause Remark
[42.686s][info][gc,stringtable] GC(21) Cleaned string and symbol table, strings: 18173 processed, 0 removed, symbols: 135561 processed, 0 removed
[42.686s][info][gc            ] GC(21) Pause Remark 35M->35M(640M) 3.259ms
[42.686s][info][gc,cpu        ] GC(21) User=0.00s Sys=0.00s Real=0.00s
[42.686s][info][gc,marking    ] GC(21) Concurrent Rebuild Remembered Sets
[42.689s][info][gc,marking    ] GC(21) Concurrent Rebuild Remembered Sets 2.831ms
[42.689s][info][gc,start      ] GC(21) Pause Cleanup
[42.689s][info][gc            ] GC(21) Pause Cleanup 35M->35M(640M) 0.304ms
[42.689s][info][gc,cpu        ] GC(21) User=0.00s Sys=0.00s Real=0.00s
[42.689s][info][gc,marking    ] GC(21) Concurrent Cleanup for Next Mark
[42.690s][info][gc,marking    ] GC(21) Concurrent Cleanup for Next Mark 0.591ms
[42.690s][info][gc            ] GC(21) Concurrent Cycle 16.003ms
[44.926s][info][gc,start      ] GC(22) Pause Young (Concurrent Start) (G1 Humongous Allocation)
[44.926s][info][gc,task       ] GC(22) Using 6 workers of 6 for evacuation
[44.931s][info][gc,phases     ] GC(22)   Pre Evacuate Collection Set: 0.1ms
[44.931s][info][gc,phases     ] GC(22)   Evacuate Collection Set: 3.8ms
[44.931s][info][gc,phases     ] GC(22)   Post Evacuate Collection Set: 0.8ms
[44.931s][info][gc,phases     ] GC(22)   Other: 0.3ms
[44.931s][info][gc,heap       ] GC(22) Eden regions: 224->0(374)
[44.931s][info][gc,heap       ] GC(22) Survivor regions: 10->10(48)
[44.931s][info][gc,heap       ] GC(22) Old regions: 9->9
[44.931s][info][gc,heap       ] GC(22) Humongous regions: 276->12
[44.931s][info][gc,metaspace  ] GC(22) Metaspace: 45889K->45889K(1091584K)
[44.931s][info][gc            ] GC(22) Pause Young (Concurrent Start) (G1 Humongous Allocation) 517M->29M(640M) 5.110ms
[44.931s][info][gc,cpu        ] GC(22) User=0.00s Sys=0.02s Real=0.01s
[44.931s][info][gc            ] GC(23) Concurrent Cycle
[44.931s][info][gc,marking    ] GC(23) Concurrent Clear Claimed Marks
[44.931s][info][gc,marking    ] GC(23) Concurrent Clear Claimed Marks 0.065ms
[44.931s][info][gc,marking    ] GC(23) Concurrent Scan Root Regions
[44.934s][info][gc,marking    ] GC(23) Concurrent Scan Root Regions 2.253ms
[44.934s][info][gc,marking    ] GC(23) Concurrent Mark (44.934s)
[44.934s][info][gc,marking    ] GC(23) Concurrent Mark From Roots
[44.934s][info][gc,task       ] GC(23) Using 2 workers of 2 for marking
[44.940s][info][gc,marking    ] GC(23) Concurrent Mark From Roots 6.494ms
[44.940s][info][gc,marking    ] GC(23) Concurrent Preclean
[44.940s][info][gc,marking    ] GC(23) Concurrent Preclean 0.057ms
[44.940s][info][gc,marking    ] GC(23) Concurrent Mark (44.934s, 44.940s) 6.613ms
[44.940s][info][gc,start      ] GC(23) Pause Remark
[44.943s][info][gc,stringtable] GC(23) Cleaned string and symbol table, strings: 18228 processed, 0 removed, symbols: 135561 processed, 0 removed
[44.943s][info][gc            ] GC(23) Pause Remark 34M->34M(640M) 2.747ms
[44.943s][info][gc,cpu        ] GC(23) User=0.08s Sys=0.00s Real=0.00s
[44.943s][info][gc,marking    ] GC(23) Concurrent Rebuild Remembered Sets
[44.946s][info][gc,marking    ] GC(23) Concurrent Rebuild Remembered Sets 2.849ms
[44.946s][info][gc,start      ] GC(23) Pause Cleanup
[44.947s][info][gc            ] GC(23) Pause Cleanup 35M->35M(640M) 0.092ms
[44.947s][info][gc,cpu        ] GC(23) User=0.00s Sys=0.00s Real=0.00s
[44.947s][info][gc,marking    ] GC(23) Concurrent Cleanup for Next Mark
[44.947s][info][gc,marking    ] GC(23) Concurrent Cleanup for Next Mark 0.429ms
[44.947s][info][gc            ] GC(23) Concurrent Cycle 15.670ms
[177.977s][info][gc,start      ] GC(24) Pause Young (Normal) (G1 Evacuation Pause)
[177.977s][info][gc,task       ] GC(24) Using 6 workers of 6 for evacuation
[177.980s][info][gc,phases     ] GC(24)   Pre Evacuate Collection Set: 0.0ms
[177.980s][info][gc,phases     ] GC(24)   Evacuate Collection Set: 2.2ms
[177.980s][info][gc,phases     ] GC(24)   Post Evacuate Collection Set: 0.7ms
[177.980s][info][gc,phases     ] GC(24)   Other: 0.2ms
[177.980s][info][gc,heap       ] GC(24) Eden regions: 374->0(377)
[177.980s][info][gc,heap       ] GC(24) Survivor regions: 10->7(48)
[177.980s][info][gc,heap       ] GC(24) Old regions: 9->9
[177.980s][info][gc,heap       ] GC(24) Humongous regions: 52->4
[177.980s][info][gc,metaspace  ] GC(24) Metaspace: 46744K->46744K(1091584K)
[177.980s][info][gc            ] GC(24) Pause Young (Normal) (G1 Evacuation Pause) 443M->18M(640M) 3.278ms
[177.980s][info][gc,cpu        ] GC(24) User=0.00s Sys=0.00s Real=0.00s
[191.503s][info][gc,heap,exit  ] Heap
[191.503s][info][gc,heap,exit  ]  garbage-first heap   total 655360K, used 28102K [0x00000000d8000000, 0x0000000100000000)
[191.503s][info][gc,heap,exit  ]   region size 1024K, 17 young (17408K), 7 survivors (7168K)
[191.503s][info][gc,heap,exit  ]  Metaspace       used 47048K, capacity 47861K, committed 48080K, reserved 1091584K
[191.503s][info][gc,heap,exit  ]   class space    used 5086K, capacity 5385K, committed 5504K, reserved 1048576K
